C51 COMPILER V9.59.0.0   ACCESCAN                                                          05/21/2020 14:05:10 PAGE 1   


C51 COMPILER V9.59.0.0, COMPILATION OF MODULE ACCESCAN
OBJECT MODULE PLACED IN .\Objects\Accescan.obj
COMPILER INVOKED BY: C:\Keil_v5\C51\BIN\C51.EXE Accescan.c LARGE OPTIMIZE(8,SPEED) BROWSE DEBUG OBJECTEXTEND PRINT(.\Lis
                    -tings\Accescan.lst) TABS(2) OBJECT(.\Objects\Accescan.obj)

line level    source

   1          #include <Accescan.h>
   2          #include <reg51.h>
   3                    /*funciones prototipo*/
   4          extern void Block_write_clock_ascii(unsigned char *datos_clock);
   5          extern void PantallaLCD(unsigned char cod_msg);
   6          extern void Reloj_Pantalla_Lcd();
   7          extern unsigned char rx_Data(void);
   8          extern void Debug_txt_Tibbo(unsigned char * str);
   9          extern void DebugBufferMF(unsigned char *str,unsigned char num_char,char io);
  10          extern void Debug_Dividir_texto();
  11          extern void tx_aux(unsigned char caracter);
  12          extern unsigned char Dir_board();
  13          extern void Block_read_clock_ascii(unsigned char *datos_clock);
  14          extern void Two_ByteHex_Decimal(unsigned char *buffer,unsigned char id_h,unsigned char id_l);
  15          extern void ByteHex_Decimal(unsigned char *buffer,unsigned char valorhex);
  16          extern void PantallaLCD(unsigned char cod_msg);
  17          extern void LCD_txt (unsigned char * msg,char enable_char_add );
  18          extern unsigned char  ValidaSensoresPaso(void);
  19          extern void tx_aux(unsigned char caracter);
  20          extern void PantallaLCD_LINEA_2(unsigned char cod_msg, unsigned char *buffer);
  21          extern unsigned char hex_bcd (unsigned char byte);
  22          extern void Trama_pto_Paralelo_P(unsigned char *buffer_S1_B0,unsigned char *buffer_S1_B2,unsigned char cmd
             -);
  23          extern void  send_port(unsigned char *buffer_port, unsigned char length_char);
  24          extern unsigned char validar_clk(unsigned char *datos_clock);
  25          extern void graba_serie(unsigned char *buffer);
  26          extern unsigned char *Lee_No_Ticket();
  27          extern char  *strcpy  (char *s1, const char *s2);
  28          /*------------------------------------------------------------------------------*/
  29                /*variables externas */
  30          extern unsigned int Timer_tivo;
  31          extern unsigned char Timer_wait;
  32          extern unsigned char Tipo_Vehiculo;
  33          extern unsigned char USE_LPR;
  34          extern unsigned char  Debug_Tibbo;
  35          /*------------------------------------------------------------------------------*/
  36            /*bit externos*/
  37          sbit rx_ip = P0^0;        
  38          sbit lock = P1^7;           //Relevo 
  39          sbit Atascado = P0^3;       //Rele de on/off del verificador o transporte
  40          sbit led_err_imp = P0^2;      //Error   
  41          /*------------------------------------------------------------------------------*/
  42          
  43          #define STX                     02 
  44          #define ETX                     03 
  45          #define FUERA_DE_LINEA          0xb6
  46          #define ON_LINE                 0xAA
  47          
  48          /*mensajes de pantalla*/
  49          #define BIENVENIDO              0XFE
  50          #define SIN_PAGO                0XE7
  51          #define LECTURA_DE_TARJETAS     0xB0
  52          
  53          /*tipo de vehiculo*/
C51 COMPILER V9.59.0.0   ACCESCAN                                                          05/21/2020 14:05:10 PAGE 2   

  54          #define AUTOMOVIL           0X00
  55          #define MOTO                0X01
  56          
  57          //unsigned char S1_B2[]={0x13, 0x03, 0x1D, 0x0B, 0x0E, 00, 00, 00, 00, 00, 0x01, 0x13, 0x03, 0x1D, 0x0E, 0
             -x1D};
  58          //unsigned char S1_B0[]={0x32, 0x31, 0x30, 0x37, 0x31, 0x35, 00, 00, 00, 00, 00, 00, 00, 00, 00, 01};
  59          //unsigned char S_B[]={0xE7, 00, 00, 00, 00, 00, 00, 00, 00, 00, 01};
  60          /*------------------------------------------------------------------------------
  61          Rutina q valida los cmd del pto paralelo
  62          recibe el buffer de los datos
  63          length_trama= longitud de la trama
  64          ------------------------------------------------------------------------------*/
  65          void Valida_Trama_Pto(unsigned char *buffer, unsigned char length_trama)
  66          {
  67   1         unsigned char buff[11];
  68   1        /*-------------------------------CMD H reloj para el board y la pantalla lcd-----------------------------
             --------------*/
  69   1          if((length_trama==25)&&(*buffer==STX)&&(*(buffer+2)=='H')&&*(buffer+(length_trama-1))==ETX)                         
             -/*cmd de Accescan que me envia el reloj actualizado*/
  70   1          { 
  71   2            if(validar_clk(buffer+3)==0)
  72   2            {
  73   3            Block_write_clock_ascii(buffer+3);                                                                                /* se escribe el reloj de har
             -dware*/
  74   3          
  75   3            Reloj_Pantalla_Lcd();                                                                                             /* Escribo el reloj actual  en la p
             -antalla lcd*/
  76   3          
  77   3            }   
  78   2          }
  79   1          /*-------------------------------CMD B6 fuera de linea -------------------------------------------------
             -------------*/
  80   1          else if(*buffer==FUERA_DE_LINEA)                                                                                    /*cmd de Accescan que dice q e
             -sta fuera de linea*/
  81   1          {
  82   2            if (Timer_wait>=20)                                                                                               /* se envia el msj fuera de linea*/
  83   2            {                                                                                                                 /* con un tiempo de retardo =((1/(22118400/12
             -)*65535)*30)*/
  84   3              PantallaLCD(FUERA_DE_LINEA);
  85   3              led_err_imp=0;                                                                                                  /*error led on*/
  86   3              Timer_wait=0;
  87   3              lock=0;                                                                                                         /*relevo off despues de 1 minuto*/
  88   3              Atascado=0; 
  89   3            }
  90   2          }
  91   1          /*-------------------------------CMD AA en linea -------------------------------------------------------
             ------------*/
  92   1          else if ((*buffer==ON_LINE) )                                                                                       /*en linea*/
  93   1          {
  94   2            
  95   2            if (Timer_wait>=20)                                                                                               /* se envia el msj fuera de linea*/
  96   2            { 
  97   3              Timer_wait=0;                                                                                                   /*se inicia el timer*/
  98   3              lock=0;
  99   3              led_err_imp=1;                                                                                                  /*relevo off despues de 1 minuto*/
 100   3              Atascado=0; 
 101   3            } 
 102   2            
 103   2            if ((Debug_Tibbo==0)&&(USE_LPR==1)&& (Timer_tivo>=600))
 104   2            {
 105   3              Timer_tivo=0;
 106   3              Debug_Tibbo=1;
C51 COMPILER V9.59.0.0   ACCESCAN                                                          05/21/2020 14:05:10 PAGE 3   

 107   3              Debug_txt_Tibbo((unsigned char *) "LIVE");
 108   3              Debug_Tibbo=0;
 109   3            }
 110   2            
 111   2            
 112   2          } 
 113   1      
 114   1      
 115   1          else if ((length_trama==19)&&(*buffer==STX)&&(*(buffer+1)=='O')&&*(buffer+(length_trama-1))==ETX)             
             -      /*mensaje de bienvenidos*/
 116   1          {
 117   2            PantallaLCD(BIENVENIDO);
 118   2          }
 119   1          else if ((length_trama==1)&&(*buffer==0xA1))                                                                        /*cmd 0xA1 audio caja qu
             -e es igual a no registra pago */
 120   1          {
 121   2               PantallaLCD(SIN_PAGO);
 122   2          }
 123   1                    /*-------------------------------CMD de wiegand---------------------------------------------------*
             -/
 124   1          else if ((length_trama==6)&&(*buffer==STX)&&(*(buffer+1)=='W')&&*(buffer+(length_trama-1))==ETX)                
             -    /* cmd q comunica con monitor po wigan*/
 125   1          {
 126   2              if (USE_LPR==1)
 127   2              {
 128   3                    /*-------------------------------mensaje en la pantalla--------------------------------------------
             --------*/
 129   3                    ByteHex_Decimal(buff,*(buffer+2));                                                                        /*convierto el primer byte_he
             -x a decimal    */
 130   3                    buff[3]=' ';
 131   3                    Two_ByteHex_Decimal(buff+4,*(buffer+3),*(buffer+4)) ;                                                     /*convierto un byte
             - de 16 bits a decimal*/                                                 
 132   3                  
 133   3                    PantallaLCD_LINEA_2(LECTURA_DE_TARJETAS,buff);
 134   3                                                                                                                              /*transmito el codigo de la tarjeta a la panta
             -lla lcd*/
 135   3                    /*-------------------------------------------------------------------------------------------------
             --------*/
 136   3                
 137   3                    while(!ValidaSensoresPaso());
 138   3                      
 139   3                    Cmd_LPR_Salida_wiegand(buff);
 140   3              }                                                                             
 141   2              
 142   2              else
 143   2              {
 144   3                 /*-------------------------------mensaje en la pantalla---------------------------------------------
             -------*/
 145   3                    ByteHex_Decimal(buff,*(buffer+2));                                                                        /*convierto el primer byte_he
             -x a decimal    */
 146   3                    buff[3]=' ';
 147   3                    Two_ByteHex_Decimal(buff+4,*(buffer+3),*(buffer+4)) ;                                                     /*convierto un byte
             - de 16 bits a decimal*/                                                 
 148   3                    PantallaLCD_LINEA_2(LECTURA_DE_TARJETAS,buff);                                                            /*transmito el codigo d
             -e la tarjeta a la pantalla lcd*/
 149   3                                                                                                          
 150   3                /*---------------------------------------------------------------------------------------------------
             ------*/  
 151   3              
 152   3              }
 153   2          }
 154   1          /*numero de serie del ticket 02 , No serie 10dig,  03*/
C51 COMPILER V9.59.0.0   ACCESCAN                                                          05/21/2020 14:05:10 PAGE 4   

 155   1          else if ((length_trama==12)&&(*buffer==STX)&&*(buffer+(length_trama-1))==ETX)
 156   1          {
 157   2            graba_serie(buffer+1);                                                                                          /*graba el No de concecutivo  en eep
             -rom*/
 158   2                
 159   2          }
 160   1      }
 161          /*------------------------------------------------------------------------------
 162          Rutina q recibe  los cmd de Monitor por el tibbo
 163          return el num de caracteres recibidos
 164          y almacena la trama en un apuntador
 165          ------------------------------------------------------------------------------*/
 166          unsigned char recibe_cmd_Monitor(unsigned char *buffer_cmd)
 167          {
 168   1        unsigned char j, NumDatos,time_out,MaxChrRx;
 169   1        unsigned int contador;
 170   1        
 171   1          NumDatos=0;
 172   1          MaxChrRx=11;
 173   1      
 174   1        if (USE_LPR==1)
 175   1        {
 176   2            for (j=0; j<MaxChrRx; j++)
 177   2            {
 178   3              contador=0;
 179   3              time_out=0;
 180   3              while ((rx_ip==1)&&(time_out==0))
 181   3              {
 182   4                contador++;
 183   4                if (contador>20000)
 184   4                {
 185   5                  time_out=1;
 186   5                  j=MaxChrRx;
 187   5                }       
 188   4              }
 189   3              if(time_out==1)break;
 190   3                NumDatos++;
 191   3                *buffer_cmd=rx_Data();
 192   3                  buffer_cmd++;
 193   3            }
 194   2      
 195   2            *buffer_cmd=0;
 196   2            
 197   2      
 198   2        }
 199   1        return  NumDatos;
 200   1      } 
 201          /*------------------------------------------------------------------------------
 202          Rutina q valida los cmd de Monitor
 203          ------------------------------------------------------------------------------*/
 204          /*
 205          void Valida_Trama_Monitor(unsigned char *buffer, unsigned char length_trama)
 206          {   
 207            length_trama=1;
 208              if  ((*(buffer+2)==ETX)&&(*(buffer+1)=='P'))                                                                            /* APERTURA DE BARRETA
             -*/ 
 209          /*        {
 210                    lock=1;                                                                                                           /*habilita el relevo ON*/
 211          //          Timer_wait=0;
 212          //        }
 213          //    else if (*buffer=='<')
 214          //    {                                                                                                                       /*placa*/
C51 COMPILER V9.59.0.0   ACCESCAN                                                          05/21/2020 14:05:10 PAGE 5   

 215          //    }
 216          //}
 217          /*------------------------------------------------------------------------------
 218          
 219          ------------------------------------------------------------------------------*/
 220          /*
 221          void Cmd_Monitor()
 222          {
 223              
 224            
 225          }
 226          */
 227          /*------------------------------------------------------------------------------
 228          Transmito un caracter al software monitor 
 229          ------------------------------------------------------------------------------*/
 230          void Monitor_chr (unsigned char *str,unsigned char num_char)
 231          {
 232   1        unsigned char j;
 233   1        for (j=0; j<num_char; j++)
 234   1          {
 235   2          tx_aux(*str);
 236   2          str++;
 237   2          }
 238   1      }
 239            
 240          /*------------------------------------------------------------------------------
 241          Transmito CMD de salida wiegand 
 242          ------------------------------------------------------------------------------*/
 243          void Cmd_LPR_Salida_wiegand(unsigned char *buffer)
 244          {
 245   1        unsigned char Buffer_Lpr[30];
 246   1        unsigned char j=3;
 247   1        Buffer_Lpr[0]=STX;                                      /*inicio de cmd STx*/
 248   1        Buffer_Lpr[1]=Dir_board();                              /*direccion de la tarjeta*/
 249   1        Buffer_Lpr[2]='S';                                      /*cmd S que salida wiegand*/
 250   1        if(Tipo_Vehiculo!=0)                                    /*Tipo de vehiculo*/
 251   1          {
 252   2            Buffer_Lpr[j++]='M';                                /*moto*/
 253   2          }
 254   1          else
 255   1          {
 256   2            Buffer_Lpr[j++]='C';                                /*carro*/
 257   2          }
 258   1        
 259   1          
 260   1          
 261   1          for (j=4; *buffer != '\0'; j++)                       /*numero del tab o tarjeta Mf*/
 262   1            {
 263   2                Buffer_Lpr[j]=*buffer;
 264   2                buffer++;
 265   2              
 266   2            }
 267   1            Buffer_Lpr[j++]=':';                                /*separador del tab  o tarjeta MF*/
 268   1                        
 269   1            Block_read_clock_ascii(Buffer_Lpr+j);               /*año,mes,dia,hora,minutos,*/
 270   1            Buffer_Lpr[j+10]=':';                               /*separador fecha*/
 271   1            Buffer_Lpr[j+11]=ETX;                               /*fin de la trama*/
 272   1          
 273   1                
 274   1          
 275   1            Monitor_chr(Buffer_Lpr,j+12);                       /*rutina de envio de la trama a monitor*/
 276   1      }
C51 COMPILER V9.59.0.0   ACCESCAN                                                          05/21/2020 14:05:10 PAGE 6   

 277          /*------------------------------------------------------------------------------
 278          
 279          ------------------------------------------------------------------------------*/
 280          void Cmd_LPR_Salida(unsigned char *buffer_S1_B0,unsigned char *buffer_S1_B2)
 281          {
 282   1        
 283   1        
 284   1        unsigned char Buffer_Lpr[30];
 285   1        unsigned temp;
 286   1        unsigned char j=3;
 287   1        Buffer_Lpr[0]=STX;                                /*inicio de cmd STx*/
 288   1        Buffer_Lpr[1]=Dir_board();                        /*direccion de la tarjeta*/
 289   1        Buffer_Lpr[2]='S';                                /*numero de digitos de transmicion NO IMPORTA NO ES VALIDADO EN PRINCIP
             -AL*/
 290   1        
 291   1          if(*(buffer_S1_B2+8)!=0)                        /*Tipo de vehiculo*/
 292   1          {
 293   2            Buffer_Lpr[j++]='M';                          /*moto*/
 294   2          }
 295   1          else
 296   1          {
 297   2            Buffer_Lpr[j++]='C';                          /*carro*/
 298   2          }
 299   1        
 300   1        
 301   1        do
 302   1        {
 303   2         Buffer_Lpr[j++]=*buffer_S1_B0;                 /*ticket o consecutivo*/
 304   2          buffer_S1_B0++;
 305   2        }while (*buffer_S1_B0!=0);
 306   1        
 307   1        
 308   1        
 309   1        
 310   1        
 311   1          Buffer_Lpr[j++]=':';                            /*separador de la fecha de entrada*/
 312   1      
 313   1          temp=hex_bcd(*(buffer_S1_B2+0));                /*año a ascii*/
 314   1          Buffer_Lpr[j++]=((temp & 0xf0)>>4)| 0x30;
 315   1          Buffer_Lpr[j++]=((temp & 0x0f))| 0x30;
 316   1          
 317   1          temp=hex_bcd(*(buffer_S1_B2+1));                /*mes a ascii*/
 318   1          Buffer_Lpr[j++]=((temp & 0xf0)>>4)| 0x30;
 319   1          Buffer_Lpr[j++]=((temp & 0x0f))| 0x30;
 320   1        
 321   1          temp=hex_bcd(*(buffer_S1_B2+2));                /*Dia a ascii*/
 322   1          Buffer_Lpr[j++]=((temp & 0xf0)>>4)| 0x30;
 323   1          Buffer_Lpr[j++]=((temp & 0x0f))| 0x30;
 324   1        
 325   1          temp=hex_bcd(*(buffer_S1_B2+3));                /*Hora a ascii*/
 326   1          Buffer_Lpr[j++]=((temp & 0xf0)>>4)| 0x30;
 327   1          Buffer_Lpr[j++]=((temp & 0x0f))| 0x30;
 328   1        
 329   1          temp=hex_bcd(*(buffer_S1_B2+4));                /*Minutos a ascii*/
 330   1          Buffer_Lpr[j++]=((temp & 0xf0)>>4)| 0x30;
 331   1          Buffer_Lpr[j++]=((temp & 0x0f))| 0x30;
 332   1        
 333   1          
 334   1        
 335   1          Buffer_Lpr[j++]=':';                            /*separador tipo fecha*/
 336   1                                                          /**/
 337   1              
C51 COMPILER V9.59.0.0   ACCESCAN                                                          05/21/2020 14:05:10 PAGE 7   

 338   1          Buffer_Lpr[j++]=ETX;  
 339   1        
 340   1          Monitor_chr(Buffer_Lpr,j);                        /*rutina de envio de la trama a monitor*/
 341   1      }
 342          void Cmd_Lpr_Int()
 343          {
 344   1        unsigned char Buffer_Lpr[30];
 345   1        unsigned char j=3;
 346   1        unsigned char *ticket;
 347   1        Buffer_Lpr[0]=STX;                                /*inicio de cmd STx*/
 348   1        Buffer_Lpr[1]=Dir_board();                        /*direccion de la tarjeta*/
 349   1        Buffer_Lpr[2]='E';                                /*numero de digitos de transmicion NO IMPORTA NO ES VALIDADO EN PRINCIP
             -AL*/
 350   1        if (Tipo_Vehiculo==AUTOMOVIL)         //cambio del vehiculo
 351   1        {
 352   2          Buffer_Lpr[3]='C';
 353   2          Buffer_Lpr[4]=0;
 354   2        }
 355   1        else
 356   1          {
 357   2            Buffer_Lpr[3]=('M');
 358   2            Buffer_Lpr[4]=0;
 359   2          }
 360   1          
 361   1        ticket=Lee_No_Ticket();
 362   1        strcpy( Buffer_Lpr,ticket);
 363   1      }
 364          
 365            


MODULE INFORMATION:   STATIC OVERLAYABLE
   CODE SIZE        =   1810    ----
   CONSTANT SIZE    =      5    ----
   XDATA SIZE       =   ----     128
   PDATA SIZE       =   ----    ----
   DATA SIZE        =   ----    ----
   IDATA SIZE       =   ----    ----
   BIT SIZE         =   ----    ----
END OF MODULE INFORMATION.


C51 COMPILATION COMPLETE.  0 WARNING(S),  0 ERROR(S)
