BL51 BANKED LINKER/LOCATER V6.22.2.0                                                    04/22/2020  15:25:24  PAGE 1


BL51 BANKED LINKER/LOCATER V6.22.2.0, INVOKED BY:
C:\KEIL_V5\C51\BIN\BL51.EXE .\Objects\main.obj, .\Objects\Accescan.obj, .\Objects\Clock.obj, .\Objects\delay.obj, .\Obje
>> cts\eeprom.obj, .\Objects\io_sensores.obj, .\Objects\pantallas.obj, .\Objects\prog.obj, .\Objects\pto_paralelo.obj, .
>> \Objects\tibbo.obj, .\Objects\uart.obj, .\Objects\lintech.obj, .\Objects\verificador.obj TO .\Objects\expedidor_v_01_
>> raspberry PRINT (.\Listings\expedidor_v_01_raspberry.m51) RAMSIZE (256)


MEMORY MODEL: LARGE WITH FLOATING POINT ARITHMETIC


INPUT MODULES INCLUDED:
  .\Objects\main.obj (MAIN)
  .\Objects\Accescan.obj (ACCESCAN)
  .\Objects\Clock.obj (CLOCK)
  .\Objects\delay.obj (DELAY)
  .\Objects\eeprom.obj (EEPROM)
  .\Objects\io_sensores.obj (IO_SENSORES)
  .\Objects\pantallas.obj (PANTALLAS)
  .\Objects\prog.obj (PROG)
  .\Objects\pto_paralelo.obj (PTO_PARALELO)
  .\Objects\tibbo.obj (TIBBO)
  .\Objects\uart.obj (UART)
  .\Objects\lintech.obj (LINTECH)
  .\Objects\verificador.obj (VERIFICADOR)
  C:\KEIL_V5\C51\LIB\C51FPL.LIB (?C?FPADD)
  C:\KEIL_V5\C51\LIB\C51FPL.LIB (?C?FPMUL)
  C:\KEIL_V5\C51\LIB\C51FPL.LIB (?C?FCAST)
  C:\KEIL_V5\C51\LIB\C51FPL.LIB (?C?CASTF)
  C:\KEIL_V5\C51\LIB\C51FPL.LIB (PRINTF)
  C:\KEIL_V5\C51\LIB\C51FPL.LIB (POW)
  C:\KEIL_V5\C51\LIB\C51FPL.LIB (?C?FPGETOPN)
  C:\KEIL_V5\C51\LIB\C51FPL.LIB (?C?CHKFLOAT)
  C:\KEIL_V5\C51\LIB\C51FPL.LIB (?C?FPCMP)
  C:\KEIL_V5\C51\LIB\C51FPL.LIB (?C?FPNEG)
  C:\KEIL_V5\C51\LIB\C51FPL.LIB (?C?FPROUND)
  C:\KEIL_V5\C51\LIB\C51FPL.LIB (?C?FPCONVERT)
  C:\KEIL_V5\C51\LIB\C51FPL.LIB (EXP)
  C:\KEIL_V5\C51\LIB\C51FPL.LIB (LOG)
  C:\KEIL_V5\C51\LIB\C51FPL.LIB (?C?FPDIV)
  C:\KEIL_V5\C51\LIB\C51FPL.LIB (?C?FTNPWR)
  C:\KEIL_V5\C51\LIB\C51FPL.LIB (?C?FPSERIES)
  C:\KEIL_V5\C51\LIB\C51L.LIB (?C_STARTUP)
  C:\KEIL_V5\C51\LIB\C51L.LIB (?C?COPY)
  C:\KEIL_V5\C51\LIB\C51L.LIB (?C?CLDPTR)
  C:\KEIL_V5\C51\LIB\C51L.LIB (?C?CLDOPTR)
  C:\KEIL_V5\C51\LIB\C51L.LIB (?C?CSTPTR)
  C:\KEIL_V5\C51\LIB\C51L.LIB (?C?CSTOPTR)
  C:\KEIL_V5\C51\LIB\C51L.LIB (?C?UIDIV)
  C:\KEIL_V5\C51\LIB\C51L.LIB (?C?IILDX)
  C:\KEIL_V5\C51\LIB\C51L.LIB (?C?LNEG)
  C:\KEIL_V5\C51\LIB\C51L.LIB (?C?ULSHR)
  C:\KEIL_V5\C51\LIB\C51L.LIB (?C?LSHL)
  C:\KEIL_V5\C51\LIB\C51L.LIB (?C?LLDCODE)
  C:\KEIL_V5\C51\LIB\C51L.LIB (?C?LLDXDATA0)
  C:\KEIL_V5\C51\LIB\C51L.LIB (?C?LLDCODE0)
  C:\KEIL_V5\C51\LIB\C51L.LIB (?C?LSTXDATA)
  C:\KEIL_V5\C51\LIB\C51L.LIB (?C?LSTKXDATA)
  C:\KEIL_V5\C51\LIB\C51L.LIB (?C?PLDIXDATA)
BL51 BANKED LINKER/LOCATER V6.22.2.0                                                  04/22/2020  15:25:24  PAGE 2


  C:\KEIL_V5\C51\LIB\C51L.LIB (?C?PSTXDATA)
  C:\KEIL_V5\C51\LIB\C51L.LIB (?C?CCASE)
  C:\KEIL_V5\C51\LIB\C51L.LIB (STRCAT)
  C:\KEIL_V5\C51\LIB\C51L.LIB (?C?STRCMP)
  C:\KEIL_V5\C51\LIB\C51L.LIB (?C?STRCPY)
  C:\KEIL_V5\C51\LIB\C51L.LIB (STRLEN)
  C:\KEIL_V5\C51\LIB\C51L.LIB (STRTOK)
  C:\KEIL_V5\C51\LIB\C51L.LIB (ATOL)
  C:\KEIL_V5\C51\LIB\C51L.LIB (ATOI)
  C:\KEIL_V5\C51\LIB\C51L.LIB (?C_INIT)
  C:\KEIL_V5\C51\LIB\C51L.LIB (?C?IMUL)
  C:\KEIL_V5\C51\LIB\C51L.LIB (?C?ILDIX)
  C:\KEIL_V5\C51\LIB\C51L.LIB (?C?LMUL)
  C:\KEIL_V5\C51\LIB\C51L.LIB (ISDIGIT)
  C:\KEIL_V5\C51\LIB\C51L.LIB (ISSPACE)
  C:\KEIL_V5\C51\LIB\C51L.LIB (STRSPN)
  C:\KEIL_V5\C51\LIB\C51L.LIB (STRPBRK)


LINK MAP OF MODULE:  .\Objects\expedidor_v_01_raspberry (MAIN)


            TYPE    BASE      LENGTH    RELOCATION   SEGMENT NAME
            -----------------------------------------------------

            * * * * * * *   D A T A   M E M O R Y   * * * * * * *
            REG     0000H     0008H     ABSOLUTE     "REG BANK 0"
            DATA    0008H     0005H     UNIT         _DATA_GROUP_
            DATA    000DH     0004H     UNIT         ?DT?UART
                    0011H     000FH                  *** GAP ***
            BIT     0020H.0   0001H.1   UNIT         _BIT_GROUP_
            BIT     0021H.1   0000H.2   UNIT         ?BI?_ANALIZA_TIEMPO?CLOCK
            BIT     0021H.3   0000H.2   UNIT         ?BI?UART
            BIT     0021H.5   0000H.1   UNIT         ?BI?MAIN
            BIT     0021H.6   0000H.1   UNIT         ?BI?EEPROM
                    0021H.7   0000H.1                *** GAP ***
            IDATA   0022H     0064H     UNIT         ?ID?MAIN
            IDATA   0086H     0001H     UNIT         ?STACK

            * * * * * * *  X D A T A   M E M O R Y  * * * * * * *
            XDATA   0000H     00C2H     UNIT         _XDATA_GROUP_
            XDATA   00C2H     0073H     UNIT         ?XD?MAIN
            XDATA   0135H     0035H     UNIT         ?XD?PROG
            XDATA   016AH     0026H     UNIT         ?XD?_TRAMA_PTO_PARALELO_NEW?PTO_PARALELO
            XDATA   0190H     0026H     UNIT         ?XD?_WR_MF?LINTECH
            XDATA   01B6H     0025H     UNIT         ?XD?_CMD_LPR_SALIDA?ACCESCAN
            XDATA   01DBH     001FH     UNIT         ?XD?CMD_LPR_INT?ACCESCAN
            XDATA   01FAH     001EH     UNIT         ?XD?PTO_PARALELO
            XDATA   0218H     0012H     UNIT         ?XD?LEE_NO_TICKET?EEPROM
            XDATA   022AH     0012H     UNIT         ?XD?_RD_MF?LINTECH
            XDATA   023CH     0010H     UNIT         ?XD?LOADVERIFY_EEPROM?LINTECH
            XDATA   024CH     000FH     UNIT         ?XD?_ANALIZA_TIEMPO?CLOCK
            XDATA   025BH     000BH     UNIT         ?XD?AUT_CARD_CHECK_STATUS?LINTECH
            XDATA   0266H     000AH     UNIT         ?XD?_CHECK_FECHAOUT?CLOCK
            XDATA   0270H     0008H     UNIT         ?XD?_TRAMA_PTO_PARALELO_P?PTO_PARALELO
            XDATA   0278H     0003H     UNIT         ?XD?_BLOCK_READ_CLOCK_HEX?CLOCK
            XDATA   027BH     0003H     UNIT         ?XD?EEPROM
BL51 BANKED LINKER/LOCATER V6.22.2.0                                                  04/22/2020  15:25:24  PAGE 3


            XDATA   027EH     0003H     UNIT         ?XD?_DEBUG_FECHA_ACTUAL?TIBBO
            XDATA   0281H     0003H     UNIT         ?XD?UART
            XDATA   0284H     0003H     UNIT         ?XD?VERIFICADOR
            XDATA   0287H     0003H     UNIT         ?XD?STRTOK
            XDATA   028AH     0002H     UNIT         ?XD?_DEBUG_HEXDEC?TIBBO
            XDATA   028CH     0001H     UNIT         ?XD?CLOCK
            XDATA   028DH     0001H     UNIT         ?XD?IO_SENSORES
            XDATA   028EH     0001H     UNIT         ?XD?PANTALLAS

            * * * * * * *   C O D E   M E M O R Y   * * * * * * *
            CODE    0000H     0003H     ABSOLUTE     
            CODE    0003H     0008H     UNIT         ?PR?P_CK?CLOCK
            CODE    000BH     0003H     ABSOLUTE     
            CODE    000EH     0015H     UNIT         ?PR?_STRLEN?STRLEN
            CODE    0023H     0003H     ABSOLUTE     
            CODE    0026H     0BB9H     UNIT         ?C?LIB_CODE
            CODE    0BDFH     0732H     UNIT         ?CO?PROG
            CODE    1311H     0537H     UNIT         ?PR?_ANALIZA_TIEMPO?CLOCK
            CODE    1848H     0483H     UNIT         ?PR?PRINTF?PRINTF
            CODE    1CCBH     03D6H     UNIT         ?CO?PANTALLAS
            CODE    20A1H     02D0H     UNIT         ?PR?_TWO_BYTEHEX_DECIMAL?CLOCK
            CODE    2371H     02C5H     UNIT         ?PR?_TRAMA_PTO_PARALELO_NEW?PTO_PARALELO
            CODE    2636H     02BAH     UNIT         ?PR?_PANTALLALCD?PANTALLAS
            CODE    28F0H     029EH     UNIT         ?PR?_VALIDA_TRAMA_PTO?ACCESCAN
            CODE    2B8EH     0292H     UNIT         ?PR?_CMD_LPR_SALIDA?ACCESCAN
            CODE    2E20H     01D8H     UNIT         ?PR?_BLOCK_READ_CLOCK_ASCII?CLOCK
            CODE    2FF8H     01C1H     UNIT         ?PR?_HASH_ID?PROG
            CODE    31B9H     01B3H     UNIT         ?PR?COM_ISR?UART
            CODE    336CH     01B0H     UNIT         ?PR?MENU?PROG
            CODE    351CH     01A6H     UNIT         ?PR?_GRABA_SERIE?EEPROM
            CODE    36C2H     0179H     UNIT         ?PR?_CHECK_FECHAOUT?CLOCK
            CODE    383BH     0171H     UNIT         ?CO?VERIFICADOR
            CODE    39ACH     0166H     UNIT         ?PR?_POW?POW
            CODE    3B12H     0165H     UNIT         ?CO?LINTECH
            CODE    3C77H     0149H     UNIT         ?PR?_WR_MF?LINTECH
            CODE    3DC0H     013EH     UNIT         ?PR?PROG_SIN_COBRO?PROG
            CODE    3EFEH     013EH     UNIT         ?PR?SECUENCIA_INICIO_EXPEDIDOR?VERIFICADOR
            CODE    403CH     0129H     UNIT         ?PR?LOG?LOG
            CODE    4165H     0115H     UNIT         ?PR?_VALIDAR_CLK?CLOCK
            CODE    427AH     0110H     UNIT         ?PR?LOAD_AND_SEND_ID_COD?PTO_PARALELO
            CODE    438AH     010CH     UNIT         ?PR?_ATOL?ATOL
            CODE    4496H     00FFH     UNIT         ?PR?LEE_NO_TICKET?EEPROM
            CODE    4595H     00FFH     UNIT         ?PR?_TRAMA_PTO_PARALELO_P?PTO_PARALELO
            CODE    4694H     00FCH     UNIT         ?PR?PROG_DEBUG?PROG
            CODE    4790H     00FCH     UNIT         ?PR?PROG_USE_LPR?PROG
            CODE    488CH     00FCH     UNIT         ?PR?PROG_COMPARACION_ACTIVA?PROG
            CODE    4988H     00FCH     UNIT         ?PR?TIPO_PANTALLA?PROG
            CODE    4A84H     00EAH     UNIT         ?PR?_MOV_CARD?LINTECH
            CODE    4B6EH     00E4H     UNIT         ?PR?_STRTOK?STRTOK
            CODE    4C52H     00DBH     UNIT         ?PR?_ATOI?ATOI
            CODE    4D2DH     00D7H     UNIT         ?CO?TIBBO
            CODE    4E04H     00D6H     UNIT         ?PR?_CMD_LPR_SALIDA_WIEGAND?ACCESCAN
            CODE    4EDAH     00C4H     UNIT         ?PR?_BLOCK_READ_CLOCK?CLOCK
            CODE    4F9EH     00C3H     UNIT         ?PR?_RD_MF?LINTECH
            CODE    5061H     00BDH     UNIT         ?PR?PROG_COD_PARK?PROG
            CODE    511EH     00BDH     UNIT         ?PR?PROG_TIEMPO_GRACIA?PROG
            CODE    51DBH     00BCH     UNIT         ?PR?MAIN?MAIN
BL51 BANKED LINKER/LOCATER V6.22.2.0                                                  04/22/2020  15:25:24  PAGE 4


            CODE    5297H     00B6H     UNIT         ?PR?PROG_ID_CLIENTE?PROG
            CODE    534DH     00B5H     UNIT         ?PR?ERROR_RX_PTO?VERIFICADOR
            CODE    5402H     00B4H     UNIT         ?PR?_SEND_PORT?PTO_PARALELO
            CODE    54B6H     00A9H     UNIT         ?PR?DWLOAD_EEPROM?LINTECH
            CODE    555FH     00A6H     UNIT         ?PR?_BLOCK_READ_CLOCK_HEX?CLOCK
            CODE    5605H     00A6H     UNIT         ?PR?_DEBUG_FECHA_ACTUAL?TIBBO
            CODE    56ABH     00A0H     UNIT         ?CO?IO_SENSORES
            CODE    574BH     009DH     UNIT         ?PR?_INICIALIZA?LINTECH
            CODE    57E8H     009AH     UNIT         ?PR?EXP?EXP
            CODE    5882H     0099H     UNIT         ?PR?_RECIBE_PORT?PTO_PARALELO
            CODE    591BH     0095H     UNIT         ?PR?_RECIBE_CMD_MONITOR?ACCESCAN
            CODE    59B0H     0094H     UNIT         ?PR?_SECUENCIAEXPEDIDORMF?VERIFICADOR
            CODE    5A44H     0091H     UNIT         ?PR?_CARD_INSERCION?LINTECH
            CODE    5AD5H     0091H     UNIT         ?PR?LOADVERIFY_EEPROM?LINTECH
            CODE    5B66H     0090H     UNIT         ?PR?_LEE_CLK?CLOCK
            CODE    5BF6H     0090H     UNIT         ?PR?_GETOPTION?PROG
            CODE    5C86H     008FH     UNIT         ?PR?_BLOCK_WRITE_CLOCK_ASCII?CLOCK
            CODE    5D15H     008CH     UNIT         ?C_C51STARTUP
            CODE    5DA1H     008BH     UNIT         ?C_INITSEG
            CODE    5E2CH     008BH     UNIT         ?PR?RESPONDE_ESTADO_SENSORES_TRANSPORTE?VERIFICADOR
            CODE    5EB7H     0088H     UNIT         ?PR?_SEND_PORTERR?PTO_PARALELO
            CODE    5F3FH     0088H     UNIT         ?PR?RX_DATA?TIBBO
            CODE    5FC7H     0084H     UNIT         ?PR?_STRSPN?STRSPN
            CODE    604BH     0083H     UNIT         ?PR?_PANTALLALCD_LINEA_2?PANTALLAS
            CODE    60CEH     0081H     UNIT         ?PR?_STRPBRK?STRPBRK
            CODE    614FH     0080H     UNIT         ?PR?MSJ_LCD_INFORMATIVO?IO_SENSORES
            CODE    61CFH     0080H     UNIT         ?PR?_INGRESADATO?PROG
            CODE    624FH     0080H     UNIT         ?PR?AUT_CARD_CHECK_STATUS?LINTECH
            CODE    62CFH     007CH     UNIT         ?PR?_CHECK_STATUS?LINTECH
            CODE    634BH     007CH     UNIT         ?PR?_RTA_CMD_TRANSPORTE?VERIFICADOR
            CODE    63C7H     007AH     UNIT         ?PR?VARIABLE_INICIO?MAIN
            CODE    6441H     0073H     UNIT         ?PR?_DEBUGBUFFERMF?TIBBO
            CODE    64B4H     0072H     UNIT         ?PR?_RASPBERRY_DATA?PANTALLAS
            CODE    6526H     006FH     UNIT         ?PR?VALIDASENSORESPASO?IO_SENSORES
            CODE    6595H     006BH     UNIT         ?PR?_STRCAT?STRCAT
            CODE    6600H     0062H     UNIT         ?PR?_LISTACOMANDOS?PROG
            CODE    6662H     005AH     UNIT         ?PR?SHOW?PROG
            CODE    66BCH     0057H     UNIT         ?PR?RELOJ_PANTALLA_LCD?PANTALLAS
            CODE    6713H     0053H     UNIT         ?PR?_BYTEHEX_DECIMAL?CLOCK
            CODE    6766H     004DH     UNIT         ?PR?L_D_M?EEPROM
            CODE    67B3H     004BH     UNIT         ?PR?_TX_AUX?TIBBO
            CODE    67FEH     0049H     UNIT         ?PR?_DEBUG_TXT_TIBBO?TIBBO
            CODE    6847H     0047H     UNIT         ?PR?_DEBUG_CHR_TIBBO?TIBBO
            CODE    688EH     0047H     UNIT         ?PR?INGRESO_VEHICULO?VERIFICADOR
            CODE    68D5H     0046H     UNIT         ?PR?_ESCRIBIRCADENASOFT_BUFFER?MAIN
            CODE    691BH     0046H     UNIT         ?PR?_WR_EEPROM?EEPROM
            CODE    6961H     0046H     UNIT         ?PR?_LCD_TXT_NUM_CHAR?PANTALLAS
            CODE    69A7H     0046H     UNIT         ?PR?_DEBUG_HEXDEC?TIBBO
            CODE    69EDH     0045H     UNIT         ?PR?_VALIDARCLAVE?PROG
            CODE    6A32H     0041H     UNIT         ?PR?_MONITOR_CHR?ACCESCAN
            CODE    6A73H     0041H     UNIT         ?PR?_TWO_ONE?CLOCK
            CODE    6AB4H     0040H     UNIT         ?PR?_GETCMD?PROG
            CODE    6AF4H     003FH     UNIT         ?PR?_EB_CLK?CLOCK
            CODE    6B33H     003EH     UNIT         ?PR?_PUTCHAR?MAIN
            CODE    6B71H     003DH     UNIT         ?PR?_RD_EEPROM?EEPROM
            CODE    6BAEH     003CH     UNIT         ?PR?_LCD_TXT?PANTALLAS
            CODE    6BEAH     003BH     UNIT         ?CO?EEPROM
BL51 BANKED LINKER/LOCATER V6.22.2.0                                                  04/22/2020  15:25:24  PAGE 5


            CODE    6C25H     003BH     UNIT         ?PR?_DEBUG_PTO_PARALELO?TIBBO
            CODE    6C60H     003BH     UNIT         ?PR?_COM_PUTCHAR?UART
            CODE    6C9BH     003AH     UNIT         ?PR?_DELAY_10MS?DELAY
            CODE    6CD5H     0036H     UNIT         ?PR?CMD_LPR_INT?ACCESCAN
            CODE    6D0BH     0033H     UNIT         ?PR?TRAMA_VALIDACION_P_N?VERIFICADOR
            CODE    6D3EH     0032H     UNIT         ?PR?_DEBUG_MONITOR?TIBBO
            CODE    6D70H     002CH     UNIT         ?PR?LOAD_AND_SEND_INFO_RELOJ?PTO_PARALELO
            CODE    6D9CH     002AH     UNIT         ?PR?COM_INITIALIZE?UART
            CODE    6DC6H     0029H     UNIT         ?PR?TIMER0_INT?MAIN
            CODE    6DEFH     0028H     UNIT         ?PR?_WR_CLK?CLOCK
            CODE    6E17H     0028H     UNIT         ?PR?COM_BAUDRATE?UART
            CODE    6E3FH     0027H     UNIT         ?PR?_TX_CHRLCD?PANTALLAS
            CODE    6E66H     0026H     UNIT         ?PR?COM_GETCHAR?UART
            CODE    6E8CH     0022H     UNIT         ?PR?_E_D_M?EEPROM
            CODE    6EAEH     0021H     UNIT         ?PR?_HEX_BCD?CLOCK
            CODE    6ECFH     0020H     UNIT         ?CO?MAIN
            CODE    6EEFH     0020H     UNIT         ?PR?ACKD?EEPROM
            CODE    6F0FH     0020H     UNIT         ?PR?ACK_LECT?EEPROM
            CODE    6F2FH     001FH     UNIT         ?PR?VALIDASENSOR?IO_SENSORES
            CODE    6F4EH     001FH     UNIT         ?PR?TIME_BIT?TIBBO
            CODE    6F6DH     001EH     UNIT         ?PR?_BCD_HEX?CLOCK
            CODE    6F8BH     001BH     UNIT         ?PR?_DELAY_1MS?DELAY
            CODE    6FA6H     0017H     UNIT         ?PR?DISPLAYCURSOR?PROG
            CODE    6FBDH     0017H     UNIT         ?PR?TIME_MBIT?TIBBO
            CODE    6FD4H     0014H     UNIT         ?PR?DEBUG_DIVIDIR_TEXTO?TIBBO
            CODE    6FE8H     0014H     UNIT         ?PR?_ISSPACE?ISSPACE
            CODE    6FFCH     0012H     UNIT         ?PR?_DELAY_20US?DELAY
            CODE    700EH     0012H     UNIT         ?PR?START?EEPROM
            CODE    7020H     0012H     UNIT         ?PR?DIR_BOARD?IO_SENSORES
            CODE    7032H     0012H     UNIT         ?PR?PULSO_BUS?PTO_PARALELO
            CODE    7044H     0012H     UNIT         ?PR?COM_RBUFLEN?UART
            CODE    7056H     0012H     UNIT         ?PR?COM_TBUFLEN?UART
            CODE    7068H     0010H     UNIT         ?PR?INI_TIMER?MAIN
            CODE    7078H     0010H     UNIT         ?PR?INICIA_BOARD?MAIN
            CODE    7088H     000FH     UNIT         ?PR?_ISDIGIT?ISDIGIT
            CODE    7097H     000CH     UNIT         ?PR?_GETKEY?MAIN
            CODE    70A3H     000AH     UNIT         ?PR?COND_INI_PTO?PTO_PARALELO
            CODE    70ADH     0009H     UNIT         ?PR?STOP?EEPROM
            CODE    70B6H     0007H     UNIT         ?PR?COND_INI_CLOCK?CLOCK
            CODE    70BDH     0007H     UNIT         ?PR?SEL_FUNCION?IO_SENSORES
            CODE    70C4H     0007H     UNIT         ?PR?SEL_AUTO?IO_SENSORES
            CODE    70CBH     0007H     UNIT         ?PR?SEL_PULSA?IO_SENSORES
            CODE    70D2H     0007H     UNIT         ?PR?SEL_SENSOR2?IO_SENSORES
            CODE    70D9H     0007H     UNIT         ?PR?SEL_SENSOR1?IO_SENSORES
            CODE    70E0H     0007H     UNIT         ?PR?SEL_DIR1?IO_SENSORES
            CODE    70E7H     0007H     UNIT         ?PR?SEL_DIR2?IO_SENSORES
            CODE    70EEH     0006H     UNIT         ?PR?P_ME?EEPROM
            CODE    70F4H     0005H     UNIT         ?PR?ON_TIMER0_INTERRUP?MAIN
            CODE    70F9H     0005H     UNIT         ?CO?ACCESCAN
            CODE    70FEH     0005H     UNIT         ?PR?COND_INI_TIBBO?TIBBO
            CODE    7103H     0003H     UNIT         ?PR?OFF_TIMER0_INTERRUP?MAIN
            CODE    7106H     0003H     UNIT         ?CO?PTO_PARALELO
            CODE    7109H     0001H     UNIT         ?PR?DELAY?DELAY



OVERLAY MAP OF MODULE:   .\Objects\expedidor_v_01_raspberry (MAIN)
BL51 BANKED LINKER/LOCATER V6.22.2.0                                                  04/22/2020  15:25:24  PAGE 6




SEGMENT                                             BIT_GROUP          DATA_GROUP          XDATA_GROUP
  +--> CALLED SEGMENT                            START    LENGTH     START    LENGTH     START    LENGTH
--------------------------------------------------------------------------------------------------------
?C_C51STARTUP                                    -----    -----      -----    -----      -----    -----
  +--> ?PR?MAIN?MAIN
  +--> ?C_INITSEG

?PR?MAIN?MAIN                                    -----    -----      -----    -----      0000H    0022H
  +--> ?CO?MAIN
  +--> ?PR?INI_TIMER?MAIN
  +--> ?PR?ON_TIMER0_INTERRUP?MAIN
  +--> ?PR?COM_INITIALIZE?UART
  +--> ?PR?COM_BAUDRATE?UART
  +--> ?PR?INICIA_BOARD?MAIN
  +--> ?PR?TIME_BIT?TIBBO
  +--> ?PR?_DELAY_20US?DELAY
  +--> ?PR?TIME_MBIT?TIBBO
  +--> ?PR?_TX_AUX?TIBBO
  +--> ?PR?SEL_FUNCION?IO_SENSORES
  +--> ?PR?MENU?PROG
  +--> ?PR?VARIABLE_INICIO?MAIN
  +--> ?PR?SECUENCIA_INICIO_EXPEDIDOR?VERIFI...
  +--> ?PR?_RECIBE_CMD_MONITOR?ACCESCAN
  +--> ?PR?_DEBUG_MONITOR?TIBBO
  +--> ?PR?_SECUENCIAEXPEDIDORMF?VERIFICADOR
  +--> ?PR?_RECIBE_PORT?PTO_PARALELO
  +--> ?PR?_DEBUG_PTO_PARALELO?TIBBO
  +--> ?PR?_VALIDA_TRAMA_PTO?ACCESCAN
  +--> ?PR?MSJ_LCD_INFORMATIVO?IO_SENSORES

?PR?COM_INITIALIZE?UART                          -----    -----      -----    -----      -----    -----
  +--> ?PR?COM_BAUDRATE?UART

?PR?INICIA_BOARD?MAIN                            -----    -----      -----    -----      -----    -----
  +--> ?PR?COND_INI_TIBBO?TIBBO
  +--> ?PR?COND_INI_CLOCK?CLOCK
  +--> ?PR?COND_INI_PTO?PTO_PARALELO

?PR?_TX_AUX?TIBBO                                -----    -----      -----    -----      -----    -----
  +--> ?PR?TIME_BIT?TIBBO

?PR?MENU?PROG                                    -----    -----      -----    -----      0022H    005CH
  +--> ?CO?PROG
  +--> ?PR?PRINTF?PRINTF
  +--> ?PR?_INGRESADATO?PROG
  +--> ?PR?_GETCMD?PROG
  +--> ?PR?_HASH_ID?PROG
  +--> ?PR?_VALIDARCLAVE?PROG
  +--> ?PR?DISPLAYCURSOR?PROG
  +--> ?PR?_STRLEN?STRLEN
  +--> ?PR?_GETOPTION?PROG
  +--> ?PR?_STRCAT?STRCAT
  +--> ?PR?_LISTACOMANDOS?PROG
  +--> ?PR?PROG_ID_CLIENTE?PROG
  +--> ?PR?PROG_COD_PARK?PROG
BL51 BANKED LINKER/LOCATER V6.22.2.0                                                  04/22/2020  15:25:24  PAGE 7


  +--> ?PR?PROG_TIEMPO_GRACIA?PROG
  +--> ?PR?PROG_SIN_COBRO?PROG
  +--> ?PR?PROG_DEBUG?PROG
  +--> ?PR?PROG_USE_LPR?PROG
  +--> ?PR?PROG_COMPARACION_ACTIVA?PROG
  +--> ?PR?TIPO_PANTALLA?PROG
  +--> ?PR?SHOW?PROG

?PR?PRINTF?PRINTF                                0020H.0  0001H.1    0008H    0005H      008EH    0030H
  +--> ?PR?_PUTCHAR?MAIN

?PR?_PUTCHAR?MAIN                                -----    -----      -----    -----      00BEH    0003H
  +--> ?PR?_COM_PUTCHAR?UART

?PR?_COM_PUTCHAR?UART                            -----    -----      -----    -----      00C1H    0001H
  +--> ?PR?COM_TBUFLEN?UART

?PR?_INGRESADATO?PROG                            -----    -----      -----    -----      008AH    0004H
  +--> ?PR?_GETKEY?MAIN
  +--> ?CO?PROG
  +--> ?PR?PRINTF?PRINTF
  +--> ?PR?_PUTCHAR?MAIN

?PR?_GETKEY?MAIN                                 -----    -----      -----    -----      -----    -----
  +--> ?PR?COM_GETCHAR?UART

?PR?COM_GETCHAR?UART                             -----    -----      -----    -----      -----    -----
  +--> ?PR?COM_RBUFLEN?UART

?PR?_GETCMD?PROG                                 -----    -----      -----    -----      007EH    0007H
  +--> ?CO?PROG
  +--> ?PR?_STRTOK?STRTOK

?PR?_STRTOK?STRTOK                               -----    -----      -----    -----      0089H    0006H
  +--> ?PR?_STRSPN?STRSPN
  +--> ?PR?_STRPBRK?STRPBRK

?PR?_STRSPN?STRSPN                               -----    -----      -----    -----      008FH    0008H

?PR?_STRPBRK?STRPBRK                             -----    -----      -----    -----      008FH    0009H

?PR?_HASH_ID?PROG                                -----    -----      -----    -----      007EH    0036H
  +--> ?CO?PROG
  +--> ?PR?_STRLEN?STRLEN

?PR?_VALIDARCLAVE?PROG                           -----    -----      -----    -----      007EH    000AH

?PR?DISPLAYCURSOR?PROG                           -----    -----      -----    -----      -----    -----
  +--> ?CO?PROG
  +--> ?PR?PRINTF?PRINTF

?PR?_GETOPTION?PROG                              -----    -----      -----    -----      007EH    000BH
  +--> ?CO?PROG
  +--> ?PR?_STRTOK?STRTOK

?PR?_STRCAT?STRCAT                               -----    -----      -----    -----      007EH    0009H

BL51 BANKED LINKER/LOCATER V6.22.2.0                                                  04/22/2020  15:25:24  PAGE 8


?PR?_LISTACOMANDOS?PROG                          -----    -----      -----    -----      007EH    0006H

?PR?PROG_ID_CLIENTE?PROG                         -----    -----      -----    -----      007EH    000CH
  +--> ?PR?_RD_EEPROM?EEPROM
  +--> ?CO?PROG
  +--> ?PR?PRINTF?PRINTF
  +--> ?PR?_INGRESADATO?PROG
  +--> ?PR?_ATOI?ATOI
  +--> ?PR?_WR_EEPROM?EEPROM

?PR?_RD_EEPROM?EEPROM                            -----    -----      -----    -----      -----    -----
  +--> ?PR?START?EEPROM
  +--> ?PR?ACK_LECT?EEPROM
  +--> ?PR?_E_D_M?EEPROM
  +--> ?PR?ACKD?EEPROM
  +--> ?PR?L_D_M?EEPROM
  +--> ?PR?STOP?EEPROM

?PR?ACK_LECT?EEPROM                              -----    -----      -----    -----      -----    -----
  +--> ?PR?_E_D_M?EEPROM

?PR?_E_D_M?EEPROM                                -----    -----      -----    -----      -----    -----
  +--> ?PR?P_ME?EEPROM

?PR?ACKD?EEPROM                                  -----    -----      -----    -----      -----    -----
  +--> ?PR?_E_D_M?EEPROM

?PR?_ATOI?ATOI                                   0020H.0  0000H.1    -----    -----      008AH    0005H
  +--> ?PR?_ISSPACE?ISSPACE
  +--> ?PR?_ISDIGIT?ISDIGIT

?PR?_WR_EEPROM?EEPROM                            -----    -----      -----    -----      -----    -----
  +--> ?PR?START?EEPROM
  +--> ?PR?ACKD?EEPROM
  +--> ?PR?_E_D_M?EEPROM
  +--> ?PR?STOP?EEPROM
  +--> ?PR?_DELAY_1MS?DELAY
  +--> ?PR?_DELAY_20US?DELAY

?PR?_DELAY_1MS?DELAY                             -----    -----      -----    -----      -----    -----
  +--> ?PR?_DELAY_20US?DELAY

?PR?PROG_COD_PARK?PROG                           -----    -----      -----    -----      007EH    000CH
  +--> ?PR?_RD_EEPROM?EEPROM
  +--> ?CO?PROG
  +--> ?PR?PRINTF?PRINTF
  +--> ?PR?_INGRESADATO?PROG
  +--> ?PR?_ATOI?ATOI
  +--> ?PR?_WR_EEPROM?EEPROM

?PR?PROG_TIEMPO_GRACIA?PROG                      -----    -----      -----    -----      007EH    000CH
  +--> ?PR?_RD_EEPROM?EEPROM
  +--> ?CO?PROG
  +--> ?PR?PRINTF?PRINTF
  +--> ?PR?_INGRESADATO?PROG
  +--> ?PR?_ATOI?ATOI
  +--> ?PR?_WR_EEPROM?EEPROM
BL51 BANKED LINKER/LOCATER V6.22.2.0                                                  04/22/2020  15:25:24  PAGE 9



?PR?PROG_SIN_COBRO?PROG                          -----    -----      -----    -----      007EH    000CH
  +--> ?PR?_RD_EEPROM?EEPROM
  +--> ?CO?PROG
  +--> ?PR?PRINTF?PRINTF
  +--> ?PR?_INGRESADATO?PROG
  +--> ?PR?_ATOI?ATOI
  +--> ?PR?_WR_EEPROM?EEPROM

?PR?PROG_DEBUG?PROG                              -----    -----      -----    -----      007EH    000CH
  +--> ?PR?_RD_EEPROM?EEPROM
  +--> ?CO?PROG
  +--> ?PR?PRINTF?PRINTF
  +--> ?PR?_INGRESADATO?PROG
  +--> ?PR?_ATOI?ATOI
  +--> ?PR?_WR_EEPROM?EEPROM

?PR?PROG_USE_LPR?PROG                            -----    -----      -----    -----      007EH    000CH
  +--> ?PR?_RD_EEPROM?EEPROM
  +--> ?CO?PROG
  +--> ?PR?PRINTF?PRINTF
  +--> ?PR?_INGRESADATO?PROG
  +--> ?PR?_ATOI?ATOI
  +--> ?PR?_WR_EEPROM?EEPROM

?PR?PROG_COMPARACION_ACTIVA?PROG                 -----    -----      -----    -----      007EH    000CH
  +--> ?PR?_RD_EEPROM?EEPROM
  +--> ?CO?PROG
  +--> ?PR?PRINTF?PRINTF
  +--> ?PR?_INGRESADATO?PROG
  +--> ?PR?_ATOI?ATOI
  +--> ?PR?_WR_EEPROM?EEPROM

?PR?TIPO_PANTALLA?PROG                           -----    -----      -----    -----      007EH    000CH
  +--> ?PR?_RD_EEPROM?EEPROM
  +--> ?CO?PROG
  +--> ?PR?PRINTF?PRINTF
  +--> ?PR?_INGRESADATO?PROG
  +--> ?PR?_ATOI?ATOI
  +--> ?PR?_WR_EEPROM?EEPROM

?PR?SHOW?PROG                                    -----    -----      -----    -----      -----    -----
  +--> ?CO?PROG
  +--> ?PR?PRINTF?PRINTF

?PR?VARIABLE_INICIO?MAIN                         -----    -----      -----    -----      -----    -----
  +--> ?PR?_RD_EEPROM?EEPROM

?PR?SECUENCIA_INICIO_EXPEDIDOR?VERIFI...         -----    -----      -----    -----      0022H    0001H
  +--> ?PR?_INICIALIZA?LINTECH
  +--> ?PR?TRAMA_VALIDACION_P_N?VERIFICADOR
  +--> ?CO?VERIFICADOR
  +--> ?PR?_DEBUG_TXT_TIBBO?TIBBO
  +--> ?PR?_DEBUGBUFFERMF?TIBBO
  +--> ?PR?DWLOAD_EEPROM?LINTECH

?PR?_INICIALIZA?LINTECH                          -----    -----      -----    -----      0023H    000CH
BL51 BANKED LINKER/LOCATER V6.22.2.0                                                  04/22/2020  15:25:24  PAGE 10


  +--> ?CO?LINTECH
  +--> ?PR?_DEBUG_TXT_TIBBO?TIBBO
  +--> ?PR?_DEBUGBUFFERMF?TIBBO
  +--> ?PR?_ESCRIBIRCADENASOFT_BUFFER?MAIN

?PR?_DEBUG_TXT_TIBBO?TIBBO                       -----    -----      -----    -----      0043H    0004H
  +--> ?PR?_DEBUG_CHR_TIBBO?TIBBO
  +--> ?CO?TIBBO
  +--> ?PR?_TX_AUX?TIBBO

?PR?_DEBUG_CHR_TIBBO?TIBBO                       -----    -----      -----    -----      -----    -----
  +--> ?PR?_TX_AUX?TIBBO

?PR?_DEBUGBUFFERMF?TIBBO                         -----    -----      -----    -----      0039H    0006H
  +--> ?CO?TIBBO
  +--> ?PR?_DEBUG_TXT_TIBBO?TIBBO
  +--> ?PR?_DEBUG_CHR_TIBBO?TIBBO
  +--> ?PR?_TX_AUX?TIBBO

?PR?_ESCRIBIRCADENASOFT_BUFFER?MAIN              -----    -----      -----    -----      0039H    0006H
  +--> ?PR?_PUTCHAR?MAIN

?PR?TRAMA_VALIDACION_P_N?VERIFICADOR             -----    -----      -----    -----      -----    -----
  +--> ?CO?VERIFICADOR
  +--> ?PR?_DEBUG_TXT_TIBBO?TIBBO

?PR?DWLOAD_EEPROM?LINTECH                        -----    -----      -----    -----      0023H    0016H
  +--> ?CO?LINTECH
  +--> ?PR?_DEBUG_TXT_TIBBO?TIBBO
  +--> ?PR?_DEBUGBUFFERMF?TIBBO
  +--> ?PR?_ESCRIBIRCADENASOFT_BUFFER?MAIN

?PR?_RECIBE_CMD_MONITOR?ACCESCAN                 -----    -----      -----    -----      0022H    0006H
  +--> ?PR?RX_DATA?TIBBO

?PR?RX_DATA?TIBBO                                -----    -----      -----    -----      -----    -----
  +--> ?PR?TIME_MBIT?TIBBO
  +--> ?PR?TIME_BIT?TIBBO

?PR?_DEBUG_MONITOR?TIBBO                         -----    -----      -----    -----      0022H    0004H
  +--> ?PR?DEBUG_DIVIDIR_TEXTO?TIBBO
  +--> ?CO?TIBBO
  +--> ?PR?_DEBUG_TXT_TIBBO?TIBBO

?PR?DEBUG_DIVIDIR_TEXTO?TIBBO                    -----    -----      -----    -----      -----    -----
  +--> ?CO?TIBBO
  +--> ?PR?_DEBUG_TXT_TIBBO?TIBBO

?PR?_SECUENCIAEXPEDIDORMF?VERIFICADOR            -----    -----      -----    -----      0022H    0001H
  +--> ?PR?_CHECK_STATUS?LINTECH
  +--> ?PR?_RTA_CMD_TRANSPORTE?VERIFICADOR
  +--> ?CO?VERIFICADOR
  +--> ?PR?_DEBUG_TXT_TIBBO?TIBBO
  +--> ?PR?_DEBUG_CHR_TIBBO?TIBBO
  +--> ?PR?_DEBUGBUFFERMF?TIBBO
  +--> ?PR?RESPONDE_ESTADO_SENSORES_TRANSPOR...
  +--> ?PR?_MOV_CARD?LINTECH
BL51 BANKED LINKER/LOCATER V6.22.2.0                                                  04/22/2020  15:25:24  PAGE 11



?PR?_CHECK_STATUS?LINTECH                        -----    -----      -----    -----      0023H    000BH
  +--> ?CO?LINTECH
  +--> ?PR?_DEBUG_TXT_TIBBO?TIBBO
  +--> ?PR?_DEBUGBUFFERMF?TIBBO
  +--> ?PR?_ESCRIBIRCADENASOFT_BUFFER?MAIN

?PR?_RTA_CMD_TRANSPORTE?VERIFICADOR              -----    -----      -----    -----      0023H    0006H
  +--> ?PR?TRAMA_VALIDACION_P_N?VERIFICADOR
  +--> ?CO?VERIFICADOR
  +--> ?PR?_DEBUG_TXT_TIBBO?TIBBO
  +--> ?PR?_DEBUGBUFFERMF?TIBBO
  +--> ?PR?ERROR_RX_PTO?VERIFICADOR

?PR?ERROR_RX_PTO?VERIFICADOR                     -----    -----      -----    -----      0029H    0001H
  +--> ?CO?VERIFICADOR
  +--> ?PR?_DEBUG_TXT_TIBBO?TIBBO
  +--> ?PR?_DEBUG_CHR_TIBBO?TIBBO
  +--> ?PR?_DELAY_10MS?DELAY

?PR?_DELAY_10MS?DELAY                            -----    -----      -----    -----      002AH    0004H
  +--> ?PR?_DELAY_1MS?DELAY

?PR?RESPONDE_ESTADO_SENSORES_TRANSPOR...         -----    -----      -----    -----      -----    -----
  +--> ?CO?VERIFICADOR
  +--> ?PR?_DEBUG_TXT_TIBBO?TIBBO
  +--> ?PR?_DEBUGBUFFERMF?TIBBO
  +--> ?PR?_SEND_PORTERR?PTO_PARALELO
  +--> ?PR?_PANTALLALCD?PANTALLAS
  +--> ?PR?INGRESO_VEHICULO?VERIFICADOR
  +--> ?PR?_CARD_INSERCION?LINTECH

?PR?_SEND_PORTERR?PTO_PARALELO                   -----    -----      -----    -----      0023H    0006H
  +--> ?PR?PULSO_BUS?PTO_PARALELO
  +--> ?PR?_DELAY_20US?DELAY

?PR?PULSO_BUS?PTO_PARALELO                       -----    -----      -----    -----      -----    -----
  +--> ?PR?_DELAY_20US?DELAY

?PR?_PANTALLALCD?PANTALLAS                       -----    -----      -----    -----      0031H    0008H
  +--> ?CO?PANTALLAS
  +--> ?PR?_LCD_TXT?PANTALLAS
  +--> ?PR?_STRLEN?STRLEN
  +--> ?PR?_TX_CHRLCD?PANTALLAS
  +--> ?PR?_RASPBERRY_DATA?PANTALLAS

?PR?_LCD_TXT?PANTALLAS                           -----    -----      -----    -----      003CH    0005H
  +--> ?PR?_TX_CHRLCD?PANTALLAS

?PR?_TX_CHRLCD?PANTALLAS                         -----    -----      -----    -----      0044H    0002H
  +--> ?PR?_PUTCHAR?MAIN

?PR?_RASPBERRY_DATA?PANTALLAS                    -----    -----      -----    -----      003EH    0005H
  +--> ?PR?_STRLEN?STRLEN
  +--> ?PR?_DEBUG_CHR_TIBBO?TIBBO
  +--> ?PR?DEBUG_DIVIDIR_TEXTO?TIBBO
  +--> ?PR?_DEBUG_TXT_TIBBO?TIBBO
BL51 BANKED LINKER/LOCATER V6.22.2.0                                                  04/22/2020  15:25:24  PAGE 12


  +--> ?PR?_PUTCHAR?MAIN

?PR?INGRESO_VEHICULO?VERIFICADOR                 -----    -----      -----    -----      -----    -----
  +--> ?PR?VALIDASENSORESPASO?IO_SENSORES
  +--> ?CO?VERIFICADOR
  +--> ?PR?_DEBUG_TXT_TIBBO?TIBBO
  +--> ?PR?_MOV_CARD?LINTECH
  +--> ?PR?SEL_PULSA?IO_SENSORES

?PR?VALIDASENSORESPASO?IO_SENSORES               -----    -----      -----    -----      -----    -----
  +--> ?PR?SEL_SENSOR2?IO_SENSORES
  +--> ?PR?VALIDASENSOR?IO_SENSORES
  +--> ?PR?SEL_SENSOR1?IO_SENSORES
  +--> ?PR?SEL_AUTO?IO_SENSORES
  +--> ?CO?IO_SENSORES
  +--> ?PR?_DEBUG_TXT_TIBBO?TIBBO

?PR?_MOV_CARD?LINTECH                            -----    -----      -----    -----      0023H    000CH
  +--> ?CO?LINTECH
  +--> ?PR?_DEBUG_TXT_TIBBO?TIBBO
  +--> ?PR?_DEBUGBUFFERMF?TIBBO
  +--> ?PR?_ESCRIBIRCADENASOFT_BUFFER?MAIN

?PR?_CARD_INSERCION?LINTECH                      -----    -----      -----    -----      0023H    000AH
  +--> ?CO?LINTECH
  +--> ?PR?_DEBUG_TXT_TIBBO?TIBBO
  +--> ?PR?_DEBUGBUFFERMF?TIBBO
  +--> ?PR?_ESCRIBIRCADENASOFT_BUFFER?MAIN

?PR?_RECIBE_PORT?PTO_PARALELO                    -----    -----      -----    -----      0022H    0008H
  +--> ?PR?OFF_TIMER0_INTERRUP?MAIN
  +--> ?PR?ON_TIMER0_INTERRUP?MAIN

?PR?_DEBUG_PTO_PARALELO?TIBBO                    -----    -----      -----    -----      0022H    0004H
  +--> ?PR?DEBUG_DIVIDIR_TEXTO?TIBBO
  +--> ?CO?TIBBO
  +--> ?PR?_DEBUG_TXT_TIBBO?TIBBO
  +--> ?PR?_DEBUGBUFFERMF?TIBBO

?PR?_VALIDA_TRAMA_PTO?ACCESCAN                   -----    -----      -----    -----      0022H    000FH
  +--> ?PR?_VALIDAR_CLK?CLOCK
  +--> ?PR?_BLOCK_WRITE_CLOCK_ASCII?CLOCK
  +--> ?PR?RELOJ_PANTALLA_LCD?PANTALLAS
  +--> ?PR?_PANTALLALCD?PANTALLAS
  +--> ?CO?ACCESCAN
  +--> ?PR?_DEBUG_TXT_TIBBO?TIBBO
  +--> ?PR?_BYTEHEX_DECIMAL?CLOCK
  +--> ?PR?_TWO_BYTEHEX_DECIMAL?CLOCK
  +--> ?PR?_PANTALLALCD_LINEA_2?PANTALLAS
  +--> ?PR?VALIDASENSORESPASO?IO_SENSORES
  +--> ?PR?_CMD_LPR_SALIDA_WIEGAND?ACCESCAN
  +--> ?PR?_GRABA_SERIE?EEPROM

?PR?_BLOCK_WRITE_CLOCK_ASCII?CLOCK               -----    -----      -----    -----      0031H    0003H
  +--> ?PR?_TWO_ONE?CLOCK
  +--> ?PR?_WR_CLK?CLOCK

BL51 BANKED LINKER/LOCATER V6.22.2.0                                                  04/22/2020  15:25:24  PAGE 13


?PR?_WR_CLK?CLOCK                                -----    -----      -----    -----      0034H    0002H
  +--> ?PR?_DELAY_20US?DELAY
  +--> ?PR?_EB_CLK?CLOCK

?PR?_EB_CLK?CLOCK                                -----    -----      -----    -----      0059H    0003H
  +--> ?PR?P_CK?CLOCK

?PR?P_CK?CLOCK                                   -----    -----      -----    -----      -----    -----
  +--> ?PR?DELAY?DELAY

?PR?RELOJ_PANTALLA_LCD?PANTALLAS                 -----    -----      -----    -----      0031H    000DH
  +--> ?CO?PANTALLAS
  +--> ?PR?_BLOCK_READ_CLOCK?CLOCK
  +--> ?PR?_LCD_TXT_NUM_CHAR?PANTALLAS
  +--> ?PR?_RASPBERRY_DATA?PANTALLAS

?PR?_BLOCK_READ_CLOCK?CLOCK                      -----    -----      -----    -----      003EH    0003H
  +--> ?PR?_LEE_CLK?CLOCK

?PR?_LEE_CLK?CLOCK                               -----    -----      -----    -----      0056H    0003H
  +--> ?PR?_DELAY_20US?DELAY
  +--> ?PR?_EB_CLK?CLOCK
  +--> ?PR?P_CK?CLOCK

?PR?_LCD_TXT_NUM_CHAR?PANTALLAS                  -----    -----      -----    -----      003EH    0006H
  +--> ?PR?_TX_CHRLCD?PANTALLAS

?PR?_BYTEHEX_DECIMAL?CLOCK                       -----    -----      -----    -----      0031H    0001H

?PR?_TWO_BYTEHEX_DECIMAL?CLOCK                   -----    -----      -----    -----      0031H    000CH
  +--> ?PR?_POW?POW

?PR?_POW?POW                                     -----    -----      -----    -----      003DH    000AH
  +--> ?PR?LOG?LOG
  +--> ?PR?EXP?EXP

?PR?LOG?LOG                                      0020H.0  0000H.1    -----    -----      0047H    0004H

?PR?_PANTALLALCD_LINEA_2?PANTALLAS               -----    -----      -----    -----      0031H    000BH
  +--> ?CO?PANTALLAS
  +--> ?PR?_LCD_TXT?PANTALLAS
  +--> ?PR?_STRLEN?STRLEN
  +--> ?PR?_TX_CHRLCD?PANTALLAS

?PR?_CMD_LPR_SALIDA_WIEGAND?ACCESCAN             -----    -----      -----    -----      0031H    0022H
  +--> ?PR?DIR_BOARD?IO_SENSORES
  +--> ?PR?_BLOCK_READ_CLOCK_ASCII?CLOCK
  +--> ?PR?_MONITOR_CHR?ACCESCAN

?PR?DIR_BOARD?IO_SENSORES                        -----    -----      -----    -----      -----    -----
  +--> ?PR?SEL_DIR1?IO_SENSORES
  +--> ?PR?SEL_DIR2?IO_SENSORES

?PR?_BLOCK_READ_CLOCK_ASCII?CLOCK                -----    -----      -----    -----      0053H    0003H
  +--> ?PR?_LEE_CLK?CLOCK

?PR?_MONITOR_CHR?ACCESCAN                        -----    -----      -----    -----      0053H    0005H
BL51 BANKED LINKER/LOCATER V6.22.2.0                                                  04/22/2020  15:25:24  PAGE 14


  +--> ?PR?_TX_AUX?TIBBO

?PR?_GRABA_SERIE?EEPROM                          -----    -----      -----    -----      0031H    0011H
  +--> ?CO?EEPROM
  +--> ?PR?_DEBUG_TXT_TIBBO?TIBBO
  +--> ?PR?_ATOL?ATOL
  +--> ?PR?_DEBUG_CHR_TIBBO?TIBBO
  +--> ?PR?_WR_EEPROM?EEPROM

?PR?_ATOL?ATOL                                   0020H.0  0000H.1    -----    -----      0042H    0007H
  +--> ?PR?_ISSPACE?ISSPACE
  +--> ?PR?_ISDIGIT?ISDIGIT

?PR?MSJ_LCD_INFORMATIVO?IO_SENSORES              -----    -----      -----    -----      0022H    0001H
  +--> ?PR?SEL_FUNCION?IO_SENSORES
  +--> ?PR?LOAD_AND_SEND_INFO_RELOJ?PTO_PARA...
  +--> ?PR?LOAD_AND_SEND_ID_COD?PTO_PARALELO
  +--> ?PR?_RD_EEPROM?EEPROM
  +--> ?PR?_SEND_PORTERR?PTO_PARALELO

?PR?LOAD_AND_SEND_INFO_RELOJ?PTO_PARA...         -----    -----      -----    -----      0023H    000BH
  +--> ?PR?_BLOCK_READ_CLOCK?CLOCK
  +--> ?PR?_LEE_CLK?CLOCK
  +--> ?PR?_SEND_PORT?PTO_PARALELO

?PR?_SEND_PORT?PTO_PARALELO                      -----    -----      -----    -----      0034H    000AH
  +--> ?PR?PULSO_BUS?PTO_PARALELO
  +--> ?PR?_DELAY_20US?DELAY

?PR?LOAD_AND_SEND_ID_COD?PTO_PARALELO            -----    -----      -----    -----      0023H    0011H
  +--> ?CO?PTO_PARALELO
  +--> ?PR?PRINTF?PRINTF
  +--> ?PR?_SEND_PORT?PTO_PARALELO



SYMBOL TABLE OF MODULE:  .\Objects\expedidor_v_01_raspberry (MAIN)

  VALUE           TYPE          NAME
  ----------------------------------

  -------         MODULE        MAIN
  C:0000H         SYMBOL        _ICE_DUMMY_
  D:0080H         PUBLIC        P0
  D:0090H         PUBLIC        P1
  C:6DC6H         PUBLIC        timer0_int
  D:00B0H         PUBLIC        P3
  B:00A8H.7       PUBLIC        EA
  X:00EAH         PUBLIC        Tarjeta_on
  C:7103H         PUBLIC        off_Timer0_Interrup
  X:00EBH         PUBLIC        ValTimeOutCom
  X:00ECH         PUBLIC        Buffer_Rta_Lintech
  X:011EH         PUBLIC        Timer_wait
  X:011FH         PUBLIC        g_cContByteRx
  B:0080H.0       PUBLIC        rx_ip
  B:0080H.3       PUBLIC        Atascado
  C:51DBH         PUBLIC        main
BL51 BANKED LINKER/LOCATER V6.22.2.0                                                  04/22/2020  15:25:24  PAGE 15


  X:0120H         PUBLIC        Timer_tivo
  X:0122H         PUBLIC        CardAutomatic
  C:63C7H         PUBLIC        variable_inicio
  B:0090H.7       PUBLIC        lock
  I:0022H         PUBLIC        rbuf
  C:70F4H         PUBLIC        on_Timer0_Interrup
  I:0054H         PUBLIC        tbuf
  B:0090H.1       PUBLIC        DataIn
  D:0089H         PUBLIC        TMOD
  X:0123H         PUBLIC        USE_LPR
  X:0124H         PUBLIC        Debug_Tibbo
  X:0125H         PUBLIC        Raspberry
  X:0126H         PUBLIC        SIN_COBRO
  C:6ECFH         SYMBOL        _?ix1000
  X:0128H         PUBLIC        Tipo_Vehiculo
  C:6EDFH         SYMBOL        _?ix1001
  B:00B0H.3       PUBLIC        busy
  C:7068H         PUBLIC        ini_timer
  B:00A8H.1       PUBLIC        ET0
  B:0088H.5       PUBLIC        TF0
  X:0129H         PUBLIC        COMPARACION_ACTIVA
  D:008CH         PUBLIC        TH0
  X:012AH         PUBLIC        ACK
  X:012BH         PUBLIC        g_cEstadoComSoft
  D:008AH         PUBLIC        TL0
  B:0088H.4       PUBLIC        TR0
  C:7078H         PUBLIC        inicia_board
  X:012CH         PUBLIC        T_GRACIA
  X:012EH         PUBLIC        COD_PARK
  B:0080H.7       PUBLIC        sel_com
  X:0130H         PUBLIC        STX_LINTECH
  C:7097H         PUBLIC        _getkey
  X:0131H         PUBLIC        g_cEstadoComSeqMF
  X:0132H         PUBLIC        ETX
  X:0133H         PUBLIC        ID_CLIENTE
  C:68D5H         PUBLIC        _EscribirCadenaSoft_buffer
  B:0021H.5       PUBLIC        buffer_ready
  C:6B33H         PUBLIC        _putchar
  -------         PROC          TIMER0_INT
  C:6DC6H         LINE#         12
  C:6DCCH         LINE#         15
  C:6DD2H         LINE#         16
  C:6DD8H         LINE#         17
  C:6DE6H         LINE#         18
  C:6DE8H         LINE#         20
  -------         ENDPROC       TIMER0_INT
  -------         PROC          INI_TIMER
  C:7068H         LINE#         23
  C:7068H         LINE#         24
  C:7068H         LINE#         26
  C:7070H         LINE#         28
  C:7073H         LINE#         29
  C:7075H         LINE#         30
  C:7077H         LINE#         32
  -------         ENDPROC       INI_TIMER
  -------         PROC          ON_TIMER0_INTERRUP
  C:70F4H         LINE#         35
BL51 BANKED LINKER/LOCATER V6.22.2.0                                                  04/22/2020  15:25:24  PAGE 16


  C:70F4H         LINE#         36
  C:70F4H         LINE#         37
  C:70F6H         LINE#         38
  C:70F8H         LINE#         40
  -------         ENDPROC       ON_TIMER0_INTERRUP
  -------         PROC          OFF_TIMER0_INTERRUP
  C:7103H         LINE#         43
  C:7103H         LINE#         44
  C:7103H         LINE#         45
  C:7105H         LINE#         47
  -------         ENDPROC       OFF_TIMER0_INTERRUP
  -------         PROC          _GETKEY
  -------         DO            
  D:0006H         SYMBOL        k
  -------         ENDDO         
  C:7097H         LINE#         55
  C:7097H         LINE#         56
  C:7097H         LINE#         60
  C:7097H         LINE#         61
  C:709AH         LINE#         62
  C:709AH         LINE#         63
  C:70A2H         LINE#         65
  C:70A2H         LINE#         66
  -------         ENDPROC       _GETKEY
  -------         PROC          _PUTCHAR
  X:00BEH         SYMBOL        c
  -------         DO            
  X:00BFH         SYMBOL        i
  -------         ENDDO         
  C:6B33H         LINE#         70
  C:6B38H         LINE#         71
  C:6B38H         LINE#         74
  C:6B47H         LINE#         75
  C:6B47H         LINE#         76
  C:6B5DH         LINE#         77
  C:6B5DH         LINE#         79
  C:6B6BH         LINE#         80
  C:6B6BH         LINE#         82
  C:6B70H         LINE#         83
  -------         ENDPROC       _PUTCHAR
  -------         PROC          _ESCRIBIRCADENASOFT_BUFFER
  X:0039H         SYMBOL        buffer
  X:003CH         SYMBOL        tamano_cadena
  -------         DO            
  X:003DH         SYMBOL        i
  X:003EH         SYMBOL        d
  -------         ENDDO         
  C:68D5H         LINE#         87
  C:68E3H         LINE#         88
  C:68E3H         LINE#         90
  C:68F1H         LINE#         91
  C:68F1H         LINE#         92
  C:6908H         LINE#         93
  C:6912H         LINE#         94
  C:691AH         LINE#         95
  -------         ENDPROC       _ESCRIBIRCADENASOFT_BUFFER
  -------         PROC          INICIA_BOARD
BL51 BANKED LINKER/LOCATER V6.22.2.0                                                  04/22/2020  15:25:24  PAGE 17


  C:7078H         LINE#         132
  C:7078H         LINE#         133
  C:7078H         LINE#         134
  C:707BH         LINE#         135
  C:707EH         LINE#         136
  C:7081H         LINE#         137
  C:7083H         LINE#         138
  C:7085H         LINE#         139
  C:7087H         LINE#         141
  -------         ENDPROC       INICIA_BOARD
  -------         PROC          VARIABLE_INICIO
  C:63C7H         LINE#         146
  C:63C7H         LINE#         147
  C:63C7H         LINE#         149
  C:63D7H         LINE#         150
  C:63E8H         LINE#         151
  C:63F9H         LINE#         152
  C:640AH         LINE#         153
  C:6410H         LINE#         154
  C:641EH         LINE#         155
  C:642CH         LINE#         156
  C:643AH         LINE#         157
  C:6440H         LINE#         158
  -------         ENDPROC       VARIABLE_INICIO
  -------         PROC          MAIN
  -------         DO            
  X:00C2H         SYMBOL        buffer
  X:0000H         SYMBOL        S1_B2
  X:0010H         SYMBOL        S1_B0
  X:0020H         SYMBOL        Estado_Comunicacion_Secuencia_MF
  X:0021H         SYMBOL        Length_trama
  -------         ENDDO         
  C:51DBH         LINE#         166
  C:51DBH         LINE#         167
  C:51DBH         LINE#         171
  C:51EEH         LINE#         172
  C:5201H         LINE#         173
  C:5206H         LINE#         177
  C:5209H         LINE#         178
  C:520CH         LINE#         179
  C:520FH         LINE#         180
  C:5212H         LINE#         181
  C:5215H         LINE#         182
  C:5217H         LINE#         184
  C:521AH         LINE#         185
  C:5221H         LINE#         186
  C:5224H         LINE#         187
  C:5229H         LINE#         189
  C:522CH         LINE#         191
  C:522FH         LINE#         192
  C:522FH         LINE#         193
  C:5232H         LINE#         194
  C:5232H         LINE#         195
  C:5235H         LINE#         196
  C:523BH         LINE#         197
  C:5241H         LINE#         199
  C:5241H         LINE#         200
BL51 BANKED LINKER/LOCATER V6.22.2.0                                                  04/22/2020  15:25:24  PAGE 18


  C:5241H         LINE#         208
  C:5244H         LINE#         209
  C:5244H         LINE#         211
  C:5253H         LINE#         212
  C:525CH         LINE#         213
  C:525CH         LINE#         217
  C:5269H         LINE#         222
  C:526CH         LINE#         223
  C:526CH         LINE#         225
  C:527BH         LINE#         227
  C:5284H         LINE#         229
  C:5292H         LINE#         231
  C:5292H         LINE#         232
  C:5295H         LINE#         236
  -------         ENDPROC       MAIN
  -------         ENDMOD        MAIN

  -------         MODULE        ACCESCAN
  C:0000H         SYMBOL        _ICE_DUMMY_
  D:0080H         PUBLIC        P0
  D:0090H         PUBLIC        P1
  B:0080H.2       PUBLIC        led_err_imp
  C:6A32H         PUBLIC        _Monitor_chr
  C:2B8EH         PUBLIC        _Cmd_LPR_Salida
  B:0080H.3       PUBLIC        Atascado
  B:0080H.0       PUBLIC        rx_ip
  B:0090H.7       PUBLIC        lock
  C:6CD5H         PUBLIC        Cmd_Lpr_Int
  C:28F0H         PUBLIC        _Valida_Trama_Pto
  C:591BH         PUBLIC        _recibe_cmd_Monitor
  C:4E04H         PUBLIC        _Cmd_LPR_Salida_wiegand
  -------         PROC          _VALIDA_TRAMA_PTO
  X:0022H         SYMBOL        buffer
  X:0025H         SYMBOL        length_trama
  -------         DO            
  X:0026H         SYMBOL        buff
  -------         ENDDO         
  C:28F0H         LINE#         65
  C:28FEH         LINE#         66
  C:28FEH         LINE#         69
  C:2934H         LINE#         70
  C:2934H         LINE#         71
  C:2949H         LINE#         72
  C:2949H         LINE#         73
  C:295CH         LINE#         75
  C:295FH         LINE#         77
  C:295FH         LINE#         78
  C:295FH         LINE#         80
  C:2971H         LINE#         81
  C:2971H         LINE#         82
  C:2981H         LINE#         83
  C:2981H         LINE#         84
  C:2986H         LINE#         85
  C:2988H         LINE#         86
  C:298DH         LINE#         87
  C:298FH         LINE#         88
  C:2991H         LINE#         89
BL51 BANKED LINKER/LOCATER V6.22.2.0                                                  04/22/2020  15:25:24  PAGE 19


  C:2991H         LINE#         90
  C:2992H         LINE#         92
  C:29A4H         LINE#         93
  C:29A4H         LINE#         95
  C:29B1H         LINE#         96
  C:29B1H         LINE#         97
  C:29B3H         LINE#         98
  C:29B5H         LINE#         99
  C:29B7H         LINE#         100
  C:29B9H         LINE#         101
  C:29B9H         LINE#         103
  C:29DFH         LINE#         104
  C:29DFH         LINE#         105
  C:29E3H         LINE#         106
  C:29E8H         LINE#         107
  C:29F1H         LINE#         108
  C:29F6H         LINE#         109
  C:29F6H         LINE#         112
  C:29F7H         LINE#         115
  C:2A2EH         LINE#         116
  C:2A2EH         LINE#         117
  C:2A30H         LINE#         118
  C:2A32H         LINE#         119
  C:2A4CH         LINE#         120
  C:2A4CH         LINE#         121
  C:2A51H         LINE#         122
  C:2A51H         LINE#         124
  C:2A94H         LINE#         125
  C:2A94H         LINE#         126
  C:2A9CH         LINE#         127
  C:2A9CH         LINE#         129
  C:2AB1H         LINE#         130
  C:2AB7H         LINE#         131
  C:2AE1H         LINE#         133
  C:2AECH         LINE#         137
  C:2AF2H         LINE#         139
  C:2AFBH         LINE#         140
  C:2AFBH         LINE#         143
  C:2AFBH         LINE#         145
  C:2B16H         LINE#         146
  C:2B1CH         LINE#         147
  C:2B46H         LINE#         148
  C:2B51H         LINE#         152
  C:2B51H         LINE#         153
  C:2B51H         LINE#         155
  C:2B7EH         LINE#         156
  C:2B7EH         LINE#         157
  C:2B8DH         LINE#         159
  C:2B8DH         LINE#         160
  -------         ENDPROC       _VALIDA_TRAMA_PTO
  -------         PROC          _RECIBE_CMD_MONITOR
  X:0022H         SYMBOL        buffer_cmd
  -------         DO            
  X:0025H         SYMBOL        j
  X:0026H         SYMBOL        NumDatos
  D:0005H         SYMBOL        time_out
  X:0027H         SYMBOL        MaxChrRx
BL51 BANKED LINKER/LOCATER V6.22.2.0                                                  04/22/2020  15:25:24  PAGE 20


  D:0006H         SYMBOL        contador
  -------         ENDDO         
  C:591BH         LINE#         166
  C:5926H         LINE#         167
  C:5926H         LINE#         171
  C:592BH         LINE#         172
  C:592FH         LINE#         174
  C:5937H         LINE#         175
  C:5937H         LINE#         176
  C:5948H         LINE#         177
  C:5948H         LINE#         178
  C:594BH         LINE#         179
  C:594CH         LINE#         180
  C:5952H         LINE#         181
  C:5952H         LINE#         182
  C:5957H         LINE#         183
  C:5960H         LINE#         184
  C:5960H         LINE#         185
  C:5962H         LINE#         186
  C:596AH         LINE#         187
  C:596AH         LINE#         188
  C:596CH         LINE#         189
  C:5971H         LINE#         190
  C:5977H         LINE#         191
  C:5989H         LINE#         192
  C:5993H         LINE#         193
  C:599BH         LINE#         195
  C:59AAH         LINE#         198
  C:59AAH         LINE#         199
  C:59AFH         LINE#         200
  -------         ENDPROC       _RECIBE_CMD_MONITOR
  -------         PROC          _MONITOR_CHR
  X:0053H         SYMBOL        str
  X:0056H         SYMBOL        num_char
  -------         DO            
  X:0057H         SYMBOL        j
  -------         ENDDO         
  C:6A32H         LINE#         230
  C:6A40H         LINE#         231
  C:6A40H         LINE#         233
  C:6A4EH         LINE#         234
  C:6A4EH         LINE#         235
  C:6A60H         LINE#         236
  C:6A6AH         LINE#         237
  C:6A72H         LINE#         238
  -------         ENDPROC       _MONITOR_CHR
  -------         PROC          _CMD_LPR_SALIDA_WIEGAND
  X:0031H         SYMBOL        buffer
  -------         DO            
  X:0034H         SYMBOL        Buffer_Lpr
  X:0052H         SYMBOL        j
  -------         ENDDO         
  C:4E04H         LINE#         243
  C:4E0FH         LINE#         244
  C:4E0FH         LINE#         246
  C:4E15H         LINE#         247
  C:4E1AH         LINE#         248
BL51 BANKED LINKER/LOCATER V6.22.2.0                                                  04/22/2020  15:25:24  PAGE 21


  C:4E22H         LINE#         249
  C:4E26H         LINE#         250
  C:4E2FH         LINE#         251
  C:4E2FH         LINE#         252
  C:4E40H         LINE#         253
  C:4E42H         LINE#         255
  C:4E42H         LINE#         256
  C:4E53H         LINE#         257
  C:4E53H         LINE#         261
  C:4E6AH         LINE#         262
  C:4E6AH         LINE#         263
  C:4E79H         LINE#         264
  C:4E83H         LINE#         266
  C:4E8BH         LINE#         267
  C:4E9FH         LINE#         269
  C:4EAFH         LINE#         270
  C:4EC0H         LINE#         271
  C:4ECDH         LINE#         275
  -------         ENDPROC       _CMD_LPR_SALIDA_WIEGAND
  -------         PROC          _CMD_LPR_SALIDA
  X:01B6H         SYMBOL        buffer_S1_B0
  X:01B9H         SYMBOL        buffer_S1_B2
  -------         DO            
  X:01BCH         SYMBOL        Buffer_Lpr
  D:0004H         SYMBOL        temp
  X:01DAH         SYMBOL        j
  -------         ENDDO         
  C:2B8EH         LINE#         280
  C:2B99H         LINE#         281
  C:2B99H         LINE#         286
  C:2B9FH         LINE#         287
  C:2BA4H         LINE#         288
  C:2BACH         LINE#         289
  C:2BB0H         LINE#         291
  C:2BC6H         LINE#         292
  C:2BC6H         LINE#         293
  C:2BD7H         LINE#         294
  C:2BD9H         LINE#         296
  C:2BD9H         LINE#         297
  C:2BEAH         LINE#         298
  C:2BEAH         LINE#         302
  C:2BEAH         LINE#         303
  C:2C0CH         LINE#         304
  C:2C16H         LINE#         305
  C:2C26H         LINE#         311
  C:2C3AH         LINE#         313
  C:2C50H         LINE#         314
  C:2C75H         LINE#         315
  C:2C8EH         LINE#         317
  C:2CA7H         LINE#         318
  C:2CCCH         LINE#         319
  C:2CE5H         LINE#         321
  C:2CFEH         LINE#         322
  C:2D23H         LINE#         323
  C:2D3CH         LINE#         325
  C:2D55H         LINE#         326
  C:2D7AH         LINE#         327
BL51 BANKED LINKER/LOCATER V6.22.2.0                                                  04/22/2020  15:25:24  PAGE 22


  C:2D93H         LINE#         329
  C:2DACH         LINE#         330
  C:2DD1H         LINE#         331
  C:2DEAH         LINE#         335
  C:2DFEH         LINE#         338
  C:2E12H         LINE#         340
  -------         ENDPROC       _CMD_LPR_SALIDA
  -------         PROC          CMD_LPR_INT
  -------         DO            
  X:01DBH         SYMBOL        Buffer_Lpr
  X:01F9H         SYMBOL        j
  D:0001H         SYMBOL        ticket
  -------         ENDDO         
  C:6CD5H         LINE#         342
  C:6CD5H         LINE#         343
  C:6CD5H         LINE#         345
  C:6CDBH         LINE#         347
  C:6CE0H         LINE#         348
  C:6CE8H         LINE#         349
  C:6CECH         LINE#         350
  C:6CF5H         LINE#         351
  C:6CF5H         LINE#         352
  C:6CF7H         LINE#         353
  C:6CF7H         LINE#         354
  C:6CF9H         LINE#         356
  C:6CF9H         LINE#         357
  C:6CFCH         LINE#         358
  C:6CFFH         LINE#         359
  C:6CFFH         LINE#         361
  C:6D02H         LINE#         362
  -------         ENDPROC       CMD_LPR_INT
  -------         ENDMOD        ACCESCAN

  -------         MODULE        CLOCK
  C:0000H         SYMBOL        _ICE_DUMMY_
  C:6AA7H         PUBLIC        _two_one
  D:0090H         PUBLIC        P1
  C:4165H         PUBLIC        _validar_clk
  C:6DEFH         PUBLIC        _wr_clk
  C:36C2H         PUBLIC        _check_fechaOut
  B:00D0H.7       PUBLIC        CY
  C:0003H         PUBLIC        p_ck
  X:028CH         PUBLIC        data_clk
  C:70B6H         PUBLIC        cond_ini_clock
  C:4EDAH         PUBLIC        _Block_read_Clock
  B:0090H.4       PUBLIC        sck
  C:555FH         PUBLIC        _Block_read_Clock_Hex
  C:2E20H         PUBLIC        _Block_read_clock_ascii
  C:6EAEH         PUBLIC        _hex_bcd
  C:6F6DH         PUBLIC        _bcd_hex
  C:6713H         PUBLIC        _ByteHex_Decimal
  C:5B70H         PUBLIC        _lee_clk
  C:1311H         PUBLIC        _analiza_tiempo
  B:0090H.5       PUBLIC        io
  C:5C86H         PUBLIC        _Block_write_clock_ascii
  B:0090H.6       PUBLIC        rst
  C:6AF4H         PUBLIC        _eb_clk
BL51 BANKED LINKER/LOCATER V6.22.2.0                                                  04/22/2020  15:25:24  PAGE 23


  C:20A1H         PUBLIC        _Two_ByteHex_Decimal
  -------         PROC          P_CK
  C:0003H         LINE#         37
  C:0003H         LINE#         38
  C:0003H         LINE#         39
  C:0005H         LINE#         40
  C:0008H         LINE#         41
  C:000AH         LINE#         42
  -------         ENDPROC       P_CK
  -------         PROC          _EB_CLK
  X:0059H         SYMBOL        dir_clk
  -------         DO            
  X:005AH         SYMBOL        nbits
  -------         ENDDO         
  C:6AF4H         LINE#         44
  C:6AF9H         LINE#         46
  C:6AFEH         LINE#         47
  C:6AFEH         LINE#         48
  C:6B07H         LINE#         49
  C:6B0AH         LINE#         50
  C:6B0AH         LINE#         51
  C:6B0CH         LINE#         52
  C:6B0EH         LINE#         54
  C:6B0EH         LINE#         55
  C:6B10H         LINE#         56
  C:6B10H         LINE#         57
  C:6B13H         LINE#         58
  C:6B32H         LINE#         59
  -------         ENDPROC       _EB_CLK
  C:5B66H         SYMBOL        L?0173
  -------         PROC          L?0172
  -------         ENDPROC       L?0172
  C:5B66H         SYMBOL        L?0173
  -------         PROC          _LEE_CLK
  X:0056H         SYMBOL        dir_clk
  -------         DO            
  X:0057H         SYMBOL        nbits
  -------         ENDDO         
  C:5B70H         LINE#         61
  C:5B75H         LINE#         63
  C:5B77H         LINE#         64
  C:5B7EH         LINE#         65
  C:5B86H         LINE#         66
  C:5B9FH         LINE#         67
  C:5B9FH         LINE#         68
  C:5BA2H         LINE#         69
  C:5BA2H         LINE#         70
  C:5BA9H         LINE#         71
  C:5BB3H         LINE#         72
  C:5BB8H         LINE#         73
  C:5BB8H         LINE#         74
  C:5BB8H         LINE#         75
  C:5BBBH         LINE#         76
  C:5BBBH         LINE#         77
  C:5BC2H         LINE#         78
  C:5BD3H         LINE#         79
  C:5BD3H         LINE#         80
BL51 BANKED LINKER/LOCATER V6.22.2.0                                                  04/22/2020  15:25:24  PAGE 24


  C:5BDBH         LINE#         81
  C:5BDBH         LINE#         82
  C:5BDBH         LINE#         83
  C:5BDEH         LINE#         84
  C:5BEEH         LINE#         85
  C:5BF0H         LINE#         86
  C:5BF5H         LINE#         87
  -------         ENDPROC       _LEE_CLK
  -------         PROC          _WR_CLK
  X:0034H         SYMBOL        dir_clk
  X:0035H         SYMBOL        byte
  C:6DEFH         LINE#         89
  C:6DF7H         LINE#         90
  C:6DF9H         LINE#         91
  C:6E00H         LINE#         92
  C:6E08H         LINE#         93
  C:6E11H         LINE#         94
  C:6E14H         LINE#         95
  C:6E16H         LINE#         97
  -------         ENDPROC       _WR_CLK
  C:6A73H         SYMBOL        L?0170
  C:6A91H         SYMBOL        L?0171
  -------         PROC          L?0169
  -------         ENDPROC       L?0169
  C:6A73H         SYMBOL        L?0170
  C:6A91H         SYMBOL        L?0171
  -------         PROC          _TWO_ONE
  D:0007H         SYMBOL        byte_h
  D:0005H         SYMBOL        byte_l
  -------         DO            
  D:0007H         SYMBOL        byte_out
  -------         ENDDO         
  C:6AA7H         LINE#         99
  C:6AA7H         LINE#         100
  C:6AA7H         LINE#         102
  C:6AAAH         LINE#         103
  C:6AAEH         LINE#         104
  C:6AB1H         LINE#         105
  C:6AB3H         LINE#         106
  C:6AB3H         LINE#         107
  -------         ENDPROC       _TWO_ONE
  -------         PROC          _VALIDAR_CLK
  D:0001H         SYMBOL        datos_clock
  -------         DO            
  D:0007H         SYMBOL        validador
  -------         ENDDO         
  C:4165H         LINE#         111
  C:4165H         LINE#         112
  C:4165H         LINE#         113
  C:4167H         LINE#         116
  C:417CH         LINE#         117
  C:417CH         LINE#         119
  C:4194H         LINE#         120
  C:4194H         LINE#         122
  C:41ACH         LINE#         123
  C:41ACH         LINE#         124
  C:41C4H         LINE#         125
BL51 BANKED LINKER/LOCATER V6.22.2.0                                                  04/22/2020  15:25:24  PAGE 25


  C:41C4H         LINE#         126
  C:41DCH         LINE#         127
  C:41DCH         LINE#         128
  C:41F1H         LINE#         129
  C:41F1H         LINE#         130
  C:4203H         LINE#         131
  C:4203H         LINE#         132
  C:4215H         LINE#         133
  C:4215H         LINE#         134
  C:4227H         LINE#         135
  C:4227H         LINE#         136
  C:4239H         LINE#         137
  C:4239H         LINE#         138
  C:424BH         LINE#         139
  C:424BH         LINE#         140
  C:425BH         LINE#         141
  C:425BH         LINE#         142
  C:425BH         LINE#         143
  C:425BH         LINE#         144
  C:425CH         LINE#         146
  C:425CH         LINE#         147
  C:425EH         LINE#         148
  C:425EH         LINE#         149
  C:425FH         LINE#         151
  C:425FH         LINE#         152
  C:4261H         LINE#         154
  C:4261H         LINE#         155
  C:4262H         LINE#         157
  C:4262H         LINE#         158
  C:4264H         LINE#         160
  C:4264H         LINE#         162
  C:4265H         LINE#         164
  C:4265H         LINE#         165
  C:4267H         LINE#         167
  C:4267H         LINE#         168
  C:4268H         LINE#         170
  C:4268H         LINE#         171
  C:426AH         LINE#         173
  C:426AH         LINE#         174
  C:426BH         LINE#         176
  C:426BH         LINE#         177
  C:426DH         LINE#         179
  C:426DH         LINE#         180
  C:426EH         LINE#         182
  C:426EH         LINE#         183
  C:4270H         LINE#         185
  C:4270H         LINE#         186
  C:4270H         LINE#         188
  C:4271H         LINE#         190
  C:4271H         LINE#         191
  C:4273H         LINE#         193
  C:4273H         LINE#         195
  C:4274H         LINE#         198
  C:4274H         LINE#         199
  C:4276H         LINE#         201
  C:4276H         LINE#         203
  C:4277H         LINE#         206
BL51 BANKED LINKER/LOCATER V6.22.2.0                                                  04/22/2020  15:25:24  PAGE 26


  C:4277H         LINE#         207
  C:4279H         LINE#         209
  C:4279H         LINE#         211
  C:4279H         LINE#         213
  -------         ENDPROC       _VALIDAR_CLK
  -------         PROC          _BLOCK_WRITE_CLOCK_ASCII
  X:0031H         SYMBOL        datos_clock
  C:5C86H         LINE#         219
  C:5C91H         LINE#         221
  C:5C91H         LINE#         225
  C:5C9BH         LINE#         226
  C:5C9BH         LINE#         227
  C:5C9BH         LINE#         228
  C:5C9BH         LINE#         230
  C:5CA5H         LINE#         231
  C:5CAFH         LINE#         232
  C:5CB9H         LINE#         233
  C:5CB9H         LINE#         234
  C:5CB9H         LINE#         235
  C:5CB9H         LINE#         237
  C:5CC3H         LINE#         238
  C:5CC3H         LINE#         239
  C:5CC3H         LINE#         240
  C:5CC3H         LINE#         242
  C:5CCDH         LINE#         243
  C:5CCDH         LINE#         244
  C:5CCDH         LINE#         245
  C:5CCDH         LINE#         247
  C:5CD7H         LINE#         248
  C:5CD7H         LINE#         249
  C:5CD7H         LINE#         250
  C:5CD7H         LINE#         252
  C:5CE1H         LINE#         253
  C:5CEBH         LINE#         254
  C:5CF5H         LINE#         255
  C:5CFFH         LINE#         257
  -------         ENDPROC       _BLOCK_WRITE_CLOCK_ASCII
  -------         PROC          _BCD_HEX
  D:0007H         SYMBOL        l_data
  -------         DO            
  D:0006H         SYMBOL        temp
  D:0005H         SYMBOL        j
  -------         ENDDO         
  C:6F6DH         LINE#         263
  C:6F6DH         LINE#         264
  C:6F6DH         LINE#         266
  C:6F6FH         LINE#         267
  C:6F73H         LINE#         268
  C:6F76H         LINE#         269
  C:6F78H         LINE#         270
  C:6F78H         LINE#         271
  C:6F7CH         LINE#         272
  C:6F83H         LINE#         273
  C:6F83H         LINE#         274
  C:6F87H         LINE#         275
  C:6F8AH         LINE#         276
  C:6F8AH         LINE#         277
BL51 BANKED LINKER/LOCATER V6.22.2.0                                                  04/22/2020  15:25:24  PAGE 27


  C:6F8AH         LINE#         278
  -------         ENDPROC       _BCD_HEX
  -------         PROC          _HEX_BCD
  D:0007H         SYMBOL        byte
  -------         DO            
  D:0006H         SYMBOL        nibble_h
  D:0005H         SYMBOL        nibble_l
  D:0004H         SYMBOL        k
  D:0007H         SYMBOL        byte_out
  -------         ENDDO         
  C:6EAEH         LINE#         282
  C:6EAEH         LINE#         283
  C:6EAEH         LINE#         288
  C:6EB0H         LINE#         289
  C:6EB1H         LINE#         291
  C:6EB7H         LINE#         292
  C:6EB7H         LINE#         293
  C:6EB8H         LINE#         294
  C:6EBDH         LINE#         295
  C:6EBDH         LINE#         296
  C:6EBEH         LINE#         297
  C:6EBFH         LINE#         298
  C:6EBFH         LINE#         299
  C:6EC2H         LINE#         300
  C:6EC6H         LINE#         301
  C:6EC9H         LINE#         302
  C:6ECCH         LINE#         303
  C:6ECEH         LINE#         304
  C:6ECEH         LINE#         306
  -------         ENDPROC       _HEX_BCD
  -------         PROC          _BYTEHEX_DECIMAL
  D:0001H         SYMBOL        buffer
  D:0005H         SYMBOL        valorhex
  -------         DO            
  X:0031H         SYMBOL        numero
  D:0007H         SYMBOL        centena
  D:0006H         SYMBOL        decena
  -------         ENDDO         
  C:6713H         LINE#         312
  C:6713H         LINE#         313
  C:6713H         LINE#         316
  C:6715H         LINE#         317
  C:6716H         LINE#         318
  C:671BH         LINE#         320
  C:6728H         LINE#         321
  C:6728H         LINE#         322
  C:672CH         LINE#         323
  C:672DH         LINE#         324
  C:672FH         LINE#         325
  C:6735H         LINE#         326
  C:673CH         LINE#         327
  C:6749H         LINE#         328
  C:6749H         LINE#         329
  C:674DH         LINE#         330
  C:674EH         LINE#         331
  C:6750H         LINE#         332
  C:6756H         LINE#         333
BL51 BANKED LINKER/LOCATER V6.22.2.0                                                  04/22/2020  15:25:24  PAGE 28


  C:675DH         LINE#         334
  -------         ENDPROC       _BYTEHEX_DECIMAL
  -------         PROC          _TWO_BYTEHEX_DECIMAL
  X:0031H         SYMBOL        buffer
  X:0034H         SYMBOL        id_h
  X:0035H         SYMBOL        id_l
  -------         DO            
  X:0036H         SYMBOL        valor
  D:0006H         SYMBOL        numero
  X:0038H         SYMBOL        temp
  X:0039H         SYMBOL        dmil
  X:003AH         SYMBOL        mil
  X:003BH         SYMBOL        centena
  X:003CH         SYMBOL        decena
  -------         ENDDO         
  C:20A1H         LINE#         342
  C:20AFH         LINE#         343
  C:20AFH         LINE#         347
  C:20B6H         LINE#         348
  C:20BAH         LINE#         349
  C:20BCH         LINE#         350
  C:20BEH         LINE#         351
  C:20C0H         LINE#         354
  C:20C5H         LINE#         355
  C:20C8H         LINE#         356
  C:20CEH         LINE#         358
  C:2129H         LINE#         359
  C:2131H         LINE#         360
  C:2134H         LINE#         361
  C:218FH         LINE#         363
  C:2197H         LINE#         364
  C:219AH         LINE#         365
  C:21A0H         LINE#         366
  C:21FBH         LINE#         367
  C:2203H         LINE#         368
  C:2206H         LINE#         369
  C:2261H         LINE#         370
  C:2261H         LINE#         372
  C:226AH         LINE#         373
  C:226AH         LINE#         374
  C:2272H         LINE#         375
  C:2278H         LINE#         376
  C:227AH         LINE#         377
  C:2290H         LINE#         378
  C:229AH         LINE#         379
  C:22A3H         LINE#         380
  C:22A3H         LINE#         381
  C:22ABH         LINE#         382
  C:22B1H         LINE#         383
  C:22B3H         LINE#         384
  C:22C9H         LINE#         385
  C:22D3H         LINE#         386
  C:22DCH         LINE#         387
  C:22DCH         LINE#         388
  C:22E4H         LINE#         389
  C:22EAH         LINE#         390
  C:22ECH         LINE#         391
BL51 BANKED LINKER/LOCATER V6.22.2.0                                                  04/22/2020  15:25:24  PAGE 29


  C:2302H         LINE#         392
  C:230CH         LINE#         393
  C:2315H         LINE#         394
  C:2315H         LINE#         395
  C:231DH         LINE#         396
  C:2323H         LINE#         397
  C:2325H         LINE#         398
  C:233BH         LINE#         399
  C:2345H         LINE#         400
  C:2358H         LINE#         401
  C:2362H         LINE#         402
  -------         ENDPROC       _TWO_BYTEHEX_DECIMAL
  -------         PROC          _BLOCK_READ_CLOCK_ASCII
  X:0053H         SYMBOL        datos_clock
  -------         DO            
  D:0007H         SYMBOL        dato
  -------         ENDDO         
  C:2E20H         LINE#         408
  C:2E23H         LINE#         409
  C:2E23H         LINE#         415
  C:2E26H         LINE#         416
  C:2E3EH         LINE#         417
  C:2E48H         LINE#         418
  C:2E5DH         LINE#         419
  C:2E67H         LINE#         422
  C:2E6CH         LINE#         423
  C:2E84H         LINE#         424
  C:2E8EH         LINE#         425
  C:2EA3H         LINE#         426
  C:2EADH         LINE#         429
  C:2EB2H         LINE#         430
  C:2ECAH         LINE#         431
  C:2ED4H         LINE#         432
  C:2EE9H         LINE#         433
  C:2EF3H         LINE#         437
  C:2EF8H         LINE#         438
  C:2F10H         LINE#         439
  C:2F1AH         LINE#         440
  C:2F2FH         LINE#         441
  C:2F39H         LINE#         444
  C:2F3EH         LINE#         445
  C:2F56H         LINE#         446
  C:2F60H         LINE#         447
  C:2F75H         LINE#         448
  C:2F7FH         LINE#         451
  C:2F84H         LINE#         452
  C:2F9CH         LINE#         453
  C:2FA6H         LINE#         454
  C:2FBBH         LINE#         455
  C:2FC5H         LINE#         458
  C:2FCAH         LINE#         459
  C:2FDFH         LINE#         460
  C:2FE9H         LINE#         461
  -------         ENDPROC       _BLOCK_READ_CLOCK_ASCII
  -------         PROC          _BLOCK_READ_CLOCK_HEX
  X:0278H         SYMBOL        datos_clock
  C:555FH         LINE#         464
BL51 BANKED LINKER/LOCATER V6.22.2.0                                                  04/22/2020  15:25:24  PAGE 30


  C:5562H         LINE#         465
  C:5562H         LINE#         468
  C:5577H         LINE#         469
  C:5581H         LINE#         471
  C:5598H         LINE#         472
  C:55A2H         LINE#         474
  C:55B9H         LINE#         475
  C:55C3H         LINE#         477
  C:55DAH         LINE#         478
  C:55E4H         LINE#         480
  C:55FBH         LINE#         481
  -------         ENDPROC       _BLOCK_READ_CLOCK_HEX
  -------         PROC          _BLOCK_READ_CLOCK
  X:003EH         SYMBOL        datos_clock
  C:4EDAH         LINE#         508
  C:4EDDH         LINE#         509
  C:4EDDH         LINE#         511
  C:4EEFH         LINE#         512
  C:4EF9H         LINE#         514
  C:4F0DH         LINE#         515
  C:4F17H         LINE#         517
  C:4F2BH         LINE#         518
  C:4F35H         LINE#         520
  C:4F49H         LINE#         521
  C:4F53H         LINE#         523
  C:4F67H         LINE#         524
  C:4F71H         LINE#         526
  C:4F85H         LINE#         527
  C:4F8FH         LINE#         528
  -------         ENDPROC       _BLOCK_READ_CLOCK
  -------         PROC          COND_INI_CLOCK
  C:70B6H         LINE#         531
  C:70B6H         LINE#         532
  C:70B6H         LINE#         533
  C:70B8H         LINE#         534
  C:70BAH         LINE#         535
  C:70BCH         LINE#         536
  -------         ENDPROC       COND_INI_CLOCK
  -------         PROC          _CHECK_FECHAOUT
  X:0266H         SYMBOL        buffer
  -------         DO            
  X:0269H         SYMBOL        temp
  X:026AH         SYMBOL        datos_clk
  -------         ENDDO         
  C:36C2H         LINE#         546
  C:36CDH         LINE#         547
  C:36CDH         LINE#         548
  C:36D1H         LINE#         554
  C:371AH         LINE#         555
  C:371AH         LINE#         557
  C:371FH         LINE#         559
  C:3722H         LINE#         561
  C:3722H         LINE#         563
  C:372BH         LINE#         565
  C:3733H         LINE#         566
  C:3733H         LINE#         567
  C:373CH         LINE#         569
BL51 BANKED LINKER/LOCATER V6.22.2.0                                                  04/22/2020  15:25:24  PAGE 31


  C:373CH         LINE#         572
  C:375FH         LINE#         573
  C:375FH         LINE#         574
  C:375FH         LINE#         575
  C:3762H         LINE#         576
  C:376CH         LINE#         577
  C:376CH         LINE#         578
  C:3792H         LINE#         579
  C:3792H         LINE#         580
  C:3792H         LINE#         581
  C:3795H         LINE#         582
  C:379FH         LINE#         583
  C:379FH         LINE#         584
  C:37C5H         LINE#         585
  C:37C5H         LINE#         586
  C:37C5H         LINE#         587
  C:37C7H         LINE#         588
  C:37CEH         LINE#         589
  C:37CEH         LINE#         590
  C:37F4H         LINE#         591
  C:37F4H         LINE#         592
  C:37F4H         LINE#         593
  C:37F6H         LINE#         594
  C:37FDH         LINE#         595
  C:37FDH         LINE#         596
  C:3822H         LINE#         597
  C:3822H         LINE#         598
  C:3827H         LINE#         599
  C:3829H         LINE#         607
  C:3829H         LINE#         608
  C:3829H         LINE#         609
  C:3829H         LINE#         610
  C:382BH         LINE#         612
  C:382BH         LINE#         613
  C:382BH         LINE#         614
  C:382BH         LINE#         615
  C:382DH         LINE#         617
  C:382DH         LINE#         618
  C:382DH         LINE#         619
  C:382DH         LINE#         620
  C:382FH         LINE#         622
  C:382FH         LINE#         623
  C:3835H         LINE#         625
  C:3835H         LINE#         627
  C:3835H         LINE#         628
  C:383AH         LINE#         629
  -------         ENDPROC       _CHECK_FECHAOUT
  -------         PROC          _ANALIZA_TIEMPO
  X:024CH         SYMBOL        buffer
  X:024FH         SYMBOL        Val_DctoMinutos
  -------         DO            
  X:0251H         SYMBOL        ano_inT
  B:0021H.1       SYMBOL        bisiesto
  X:0253H         SYMBOL        ano_out
  X:0254H         SYMBOL        mes_out
  X:0255H         SYMBOL        dia_out
  X:0256H         SYMBOL        hora_out
BL51 BANKED LINKER/LOCATER V6.22.2.0                                                  04/22/2020  15:25:24  PAGE 32


  X:0257H         SYMBOL        min_out
  X:0258H         SYMBOL        Horas_Dcto
  X:0259H         SYMBOL        Minutos_Dcto
  X:025AH         SYMBOL        Xtemp
  B:0021H.2       SYMBOL        Tiempo_Dcto
  -------         ENDDO         
  C:1311H         LINE#         632
  C:1324H         LINE#         633
  C:1324H         LINE#         637
  C:1326H         LINE#         642
  C:1328H         LINE#         644
  C:1383H         LINE#         645
  C:1383H         LINE#         650
  C:1395H         LINE#         651
  C:1395H         LINE#         652
  C:13A5H         LINE#         653
  C:13AFH         LINE#         655
  C:13B1H         LINE#         657
  C:13B1H         LINE#         658
  C:13B7H         LINE#         659
  C:13BCH         LINE#         660
  C:13BCH         LINE#         664
  C:13C6H         LINE#         665
  C:13C6H         LINE#         666
  C:13DEH         LINE#         667
  C:13EAH         LINE#         668
  C:13EAH         LINE#         670
  C:13F4H         LINE#         671
  C:1402H         LINE#         673
  C:140FH         LINE#         674
  C:141BH         LINE#         675
  C:141BH         LINE#         676
  C:1425H         LINE#         677
  C:1433H         LINE#         679
  C:1440H         LINE#         680
  C:1475H         LINE#         681
  C:1475H         LINE#         682
  C:1482H         LINE#         683
  C:1482H         LINE#         684
  C:1486H         LINE#         685
  C:149CH         LINE#         686
  C:14A5H         LINE#         687
  C:14A5H         LINE#         688
  C:14ADH         LINE#         689
  C:14B1H         LINE#         690
  C:14B4H         LINE#         697
  C:14B4H         LINE#         698
  C:14C9H         LINE#         699
  C:14C9H         LINE#         700
  C:14C9H         LINE#         701
  C:14CCH         LINE#         702
  C:14FAH         LINE#         703
  C:14FAH         LINE#         704
  C:1507H         LINE#         705
  C:1507H         LINE#         706
  C:150BH         LINE#         707
  C:1512H         LINE#         708
BL51 BANKED LINKER/LOCATER V6.22.2.0                                                  04/22/2020  15:25:24  PAGE 33


  C:1512H         LINE#         709
  C:1514H         LINE#         711
  C:1514H         LINE#         712
[...]
  D:0007H         SYMBOL        Trama_Validacion_P_N
  -------         ENDDO         
  C:6D0BH         LINE#         339
  C:6D0BH         LINE#         340
  C:6D0BH         LINE#         341
  C:6D0DH         LINE#         343
BL51 BANKED LINKER/LOCATER V6.22.2.0                                                  04/22/2020  15:25:24  PAGE 81


  C:6D18H         LINE#         344
  C:6D18H         LINE#         345
  C:6D1BH         LINE#         346
  C:6D1BH         LINE#         347
  C:6D1DH         LINE#         350
  C:6D25H         LINE#         351
  C:6D25H         LINE#         353
  C:6D27H         LINE#         355
  C:6D28H         LINE#         356
  C:6D2CH         LINE#         357
  C:6D2CH         LINE#         359
  C:6D2EH         LINE#         361
  C:6D2FH         LINE#         363
  C:6D2FH         LINE#         364
  C:6D38H         LINE#         365
  C:6D3AH         LINE#         367
  C:6D3AH         LINE#         368
  C:6D3BH         LINE#         370
  C:6D3BH         LINE#         372
  C:6D3DH         LINE#         374
  C:6D3DH         LINE#         376
  C:6D3DH         LINE#         378
  C:6D3DH         LINE#         379
  -------         ENDPROC       TRAMA_VALIDACION_P_N
  -------         PROC          ERROR_RX_PTO
  -------         DO            
  X:0284H         SYMBOL        cnt_espera_ask_on
  X:0029H         SYMBOL        error_rx_pto
  -------         ENDDO         
  C:534DH         LINE#         403
  C:534DH         LINE#         404
  C:534DH         LINE#         407
  C:5353H         LINE#         411
  C:535CH         LINE#         412
  C:5364H         LINE#         413
  C:536DH         LINE#         414
  C:5375H         LINE#         415
  C:537EH         LINE#         416
  C:5381H         LINE#         418
  C:5381H         LINE#         419
  C:5387H         LINE#         420
  C:5391H         LINE#         421
  C:5391H         LINE#         422
  C:5393H         LINE#         423
  C:539AH         LINE#         424
  C:539FH         LINE#         425
  C:53A5H         LINE#         426
  C:53AAH         LINE#         427
  C:53ACH         LINE#         428
  C:53B3H         LINE#         429
  C:53B9H         LINE#         430
  C:53B9H         LINE#         432
  C:53B9H         LINE#         433
  C:53BEH         LINE#         434
  C:53BEH         LINE#         435
  C:53BEH         LINE#         436
  C:53C0H         LINE#         438
BL51 BANKED LINKER/LOCATER V6.22.2.0                                                  04/22/2020  15:25:24  PAGE 82


  C:53C0H         LINE#         439
  C:53CEH         LINE#         440
  C:53E1H         LINE#         441
  C:53E1H         LINE#         442
  C:53E2H         LINE#         444
  C:53E8H         LINE#         445
  C:53ECH         LINE#         446
  C:53EEH         LINE#         447
  C:53EEH         LINE#         448
  C:53F0H         LINE#         450
  C:53F0H         LINE#         451
  C:53F1H         LINE#         452
  C:53F6H         LINE#         453
  C:53FCH         LINE#         454
  C:53FCH         LINE#         455
  C:53FCH         LINE#         456
  C:5401H         LINE#         457
  -------         ENDPROC       ERROR_RX_PTO
  -------         PROC          _RTA_CMD_TRANSPORTE
  X:0023H         SYMBOL        Estado_futuro
  X:0024H         SYMBOL        Estado_Error
  X:0025H         SYMBOL        Estado_Actual
  -------         DO            
  X:0027H         SYMBOL        temp
  X:0028H         SYMBOL        EstadoComSeqMF
  -------         ENDDO         
  C:634BH         LINE#         473
  C:6359H         LINE#         474
  C:6359H         LINE#         479
  C:6363H         LINE#         480
  C:6363H         LINE#         481
  C:636BH         LINE#         482
  C:636BH         LINE#         483
  C:636FH         LINE#         484
  C:6371H         LINE#         485
  C:6377H         LINE#         486
  C:6377H         LINE#         487
  C:6380H         LINE#         488
  C:6394H         LINE#         489
  C:6397H         LINE#         490
  C:6399H         LINE#         492
  C:6399H         LINE#         495
  C:63AEH         LINE#         496
  C:63AEH         LINE#         497
  C:63B2H         LINE#         498
  C:63B4H         LINE#         500
  C:63B4H         LINE#         501
  C:63B7H         LINE#         502
  C:63B7H         LINE#         503
  C:63B7H         LINE#         504
  C:63B9H         LINE#         506
  C:63B9H         LINE#         507
  C:63C1H         LINE#         508
  C:63C1H         LINE#         509
  C:63C6H         LINE#         510
  -------         ENDPROC       _RTA_CMD_TRANSPORTE
  -------         PROC          INGRESO_VEHICULO
BL51 BANKED LINKER/LOCATER V6.22.2.0                                                  04/22/2020  15:25:24  PAGE 83


  C:688EH         LINE#         512
  C:688EH         LINE#         513
  C:688EH         LINE#         514
  C:6894H         LINE#         515
  C:6894H         LINE#         516
  C:689CH         LINE#         517
  C:689CH         LINE#         518
  C:68A5H         LINE#         519
  C:68AAH         LINE#         520
  C:68AAH         LINE#         521
  C:68ACH         LINE#         523
  C:68ACH         LINE#         524
  C:68AFH         LINE#         525
  C:68B2H         LINE#         526
  C:68B2H         LINE#         527
  C:68BBH         LINE#         528
  C:68C0H         LINE#         529
  C:68C0H         LINE#         530
  C:68C2H         LINE#         532
  C:68C2H         LINE#         533
  C:68C8H         LINE#         534
  C:68C8H         LINE#         536
  C:68C8H         LINE#         537
  C:68CAH         LINE#         539
  C:68CAH         LINE#         541
  C:68CFH         LINE#         542
  C:68CFH         LINE#         543
  C:68D4H         LINE#         544
  -------         ENDPROC       INGRESO_VEHICULO
  -------         PROC          RESPONDE_ESTADO_SENSORES_TRANSPORTE
  C:5E2CH         LINE#         546
  C:5E2CH         LINE#         547
  C:5E2CH         LINE#         548
  C:5E35H         LINE#         549
  C:5E49H         LINE#         550
  C:5E51H         LINE#         551
  C:5E51H         LINE#         553
  C:5E5CH         LINE#         554
  C:5E5CH         LINE#         555
  C:5E60H         LINE#         556
  C:5E60H         LINE#         557
  C:5E69H         LINE#         558
  C:5E6EH         LINE#         559
  C:5E73H         LINE#         561
  C:5E75H         LINE#         563
  C:5E75H         LINE#         564
  C:5E7DH         LINE#         566
  C:5E7DH         LINE#         567
  C:5E7FH         LINE#         569
  C:5E7FH         LINE#         571
  C:5E88H         LINE#         573
  C:5E8DH         LINE#         574
  C:5E8DH         LINE#         575
  C:5E8DH         LINE#         576
  C:5E8FH         LINE#         577
  C:5E96H         LINE#         578
  C:5E96H         LINE#         580
BL51 BANKED LINKER/LOCATER V6.22.2.0                                                  04/22/2020  15:25:24  PAGE 84


  C:5E9FH         LINE#         581
  C:5EA4H         LINE#         582
  C:5EAAH         LINE#         583
  C:5EACH         LINE#         585
  C:5EACH         LINE#         586
  C:5EB1H         LINE#         587
  C:5EB1H         LINE#         588
  C:5EB6H         LINE#         589
  -------         ENDPROC       RESPONDE_ESTADO_SENSORES_TRANSPORTE
  -------         PROC          SECUENCIA_INICIO_EXPEDIDOR
  -------         DO            
  X:0022H         SYMBOL        temp
  -------         ENDDO         
  C:3EFEH         LINE#         596
  C:3EFEH         LINE#         597
  C:3EFEH         LINE#         599
  C:3F1EH         LINE#         600
  C:3F1EH         LINE#         601
  C:3F1EH         LINE#         604
  C:3F23H         LINE#         605
  C:3F29H         LINE#         608
  C:3F2BH         LINE#         609
  C:3F2BH         LINE#         620
  C:3F2BH         LINE#         622
  C:3F39H         LINE#         623
  C:3F39H         LINE#         624
  C:3F45H         LINE#         625
  C:3F45H         LINE#         626
  C:3F4BH         LINE#         627
  C:3F4EH         LINE#         628
  C:3F56H         LINE#         629
  C:3F56H         LINE#         630
  C:3F5DH         LINE#         631
  C:3F71H         LINE#         632
  C:3F71H         LINE#         633
  C:3F73H         LINE#         635
  C:3F73H         LINE#         636
  C:3F7AH         LINE#         637
  C:3F80H         LINE#         638
  C:3F80H         LINE#         639
  C:3F83H         LINE#         641
  C:3F83H         LINE#         642
  C:3F8CH         LINE#         643
  C:3FA0H         LINE#         644
  C:3FA6H         LINE#         645
  C:3FA6H         LINE#         646
  C:3FA9H         LINE#         647
  C:3FA9H         LINE#         653
  C:3FA9H         LINE#         655
  C:3FACH         LINE#         656
  C:3FB2H         LINE#         660
  C:3FB4H         LINE#         661
  C:3FB4H         LINE#         671
  C:3FB4H         LINE#         673
  C:3FC2H         LINE#         674
  C:3FC2H         LINE#         675
  C:3FCEH         LINE#         676
BL51 BANKED LINKER/LOCATER V6.22.2.0                                                  04/22/2020  15:25:24  PAGE 85


  C:3FCEH         LINE#         677
  C:3FD4H         LINE#         678
  C:3FD6H         LINE#         679
  C:3FDEH         LINE#         680
  C:3FDEH         LINE#         681
  C:3FE5H         LINE#         682
  C:3FF9H         LINE#         683
  C:3FF9H         LINE#         684
  C:3FFBH         LINE#         686
  C:3FFBH         LINE#         687
  C:4002H         LINE#         688
  C:4008H         LINE#         689
  C:4008H         LINE#         690
  C:400AH         LINE#         692
  C:400AH         LINE#         693
  C:4013H         LINE#         694
  C:4027H         LINE#         695
  C:402CH         LINE#         696
  C:402CH         LINE#         698
  C:402EH         LINE#         699
  C:402EH         LINE#         705
  C:402EH         LINE#         707
  C:4034H         LINE#         708
  C:4034H         LINE#         711
  C:4034H         LINE#         712
  C:403BH         LINE#         713
  C:403BH         LINE#         714
  C:403BH         LINE#         715
  -------         ENDPROC       SECUENCIA_INICIO_EXPEDIDOR
  -------         PROC          _SECUENCIAEXPEDIDORMF
  X:0022H         SYMBOL        Estado_Comunicacion_Secuencia_MF
  C:59B0H         LINE#         725
  C:59B5H         LINE#         726
  C:59B5H         LINE#         736
  C:59C2H         LINE#         737
  C:59C2H         LINE#         740
  C:59C2H         LINE#         742
  C:59CAH         LINE#         743
  C:59CAH         LINE#         745
  C:59CCH         LINE#         746
  C:59D1H         LINE#         747
  C:59D7H         LINE#         749
  C:59D7H         LINE#         751
  C:59D9H         LINE#         752
  C:59D9H         LINE#         753
  C:59E9H         LINE#         754
  C:59F2H         LINE#         755
  C:59FAH         LINE#         756
  C:5A03H         LINE#         758
  C:5A05H         LINE#         780
  C:5A05H         LINE#         781
  C:5A0EH         LINE#         782
  C:5A22H         LINE#         783
  C:5A2AH         LINE#         784
  C:5A30H         LINE#         785
  C:5A32H         LINE#         786
  C:5A32H         LINE#         787
BL51 BANKED LINKER/LOCATER V6.22.2.0                                                  04/22/2020  15:25:24  PAGE 86


  C:5A37H         LINE#         788
  C:5A39H         LINE#         881
  C:5A39H         LINE#         882
  C:5A3EH         LINE#         883
  C:5A3EH         LINE#         885
  C:5A3EH         LINE#         886
  C:5A43H         LINE#         887
  -------         ENDPROC       _SECUENCIAEXPEDIDORMF
  -------         ENDMOD        VERIFICADOR

  -------         MODULE        ?C?FPADD
  C:002DH         PUBLIC        ?C?FPADD
  C:0029H         PUBLIC        ?C?FPSUB
  -------         ENDMOD        ?C?FPADD

  -------         MODULE        ?C?FPMUL
  C:011EH         PUBLIC        ?C?FPMUL
  -------         ENDMOD        ?C?FPMUL

  -------         MODULE        ?C?FCAST
  C:022EH         PUBLIC        ?C?FCASTC
  C:0229H         PUBLIC        ?C?FCASTI
  C:0224H         PUBLIC        ?C?FCASTL
  -------         ENDMOD        ?C?FCAST

  -------         MODULE        ?C?CASTF
  C:0262H         PUBLIC        ?C?CASTF
  -------         ENDMOD        ?C?CASTF

  -------         MODULE        PRINTF
  X:008EH         PUBLIC        ?_PRINTF?BYTE
  X:008EH         PUBLIC        ?_SPRINTF?BYTE
  C:18B3H         PUBLIC        _PRINTF
  C:18ADH         PUBLIC        _SPRINTF
  -------         ENDMOD        PRINTF

  -------         MODULE        POW
  X:003DH         PUBLIC        ?_pow?BYTE
  C:39ACH         PUBLIC        _pow
  -------         ENDMOD        POW

  -------         MODULE        ?C?CHKFLOAT
  C:02E3H         PUBLIC        ?C?CHKFLOAT
  -------         ENDMOD        ?C?CHKFLOAT

  -------         MODULE        ?C?FPCMP
  C:02FFH         PUBLIC        ?C?FPCMP
  C:02FDH         PUBLIC        ?C?FPCMP3
  -------         ENDMOD        ?C?FPCMP

  -------         MODULE        ?C?FPNEG
  C:0376H         PUBLIC        ?C?FPNEG
  -------         ENDMOD        ?C?FPNEG

  -------         MODULE        ?C?FPROUND
  C:0387H         PUBLIC        ?C?FPROUND
  -------         ENDMOD        ?C?FPROUND
BL51 BANKED LINKER/LOCATER V6.22.2.0                                                  04/22/2020  15:25:24  PAGE 87



  -------         MODULE        ?C?FPCONVERT
  C:03C4H         PUBLIC        ?C?FPCONVERT
  -------         ENDMOD        ?C?FPCONVERT

  -------         MODULE        EXP
  C:5820H         PUBLIC        _EXP
  -------         ENDMOD        EXP

  -------         MODULE        LOG
  C:4070H         PUBLIC        _LOG
  C:406CH         PUBLIC        _LOG10
  -------         ENDMOD        LOG

  -------         MODULE        ?C?FPDIV
  C:04CCH         PUBLIC        ?C?FPDIV
  -------         ENDMOD        ?C?FPDIV

  -------         MODULE        ?C?FTNPWR
  C:0599H         PUBLIC        ?C?FTNPWR
  -------         ENDMOD        ?C?FTNPWR

  -------         MODULE        ?C?COPY
  C:06F6H         PUBLIC        ?C?COPY
  -------         ENDMOD        ?C?COPY

  -------         MODULE        ?C?CLDPTR
  C:071CH         PUBLIC        ?C?CLDPTR
  -------         ENDMOD        ?C?CLDPTR

  -------         MODULE        ?C?CLDOPTR
  C:0735H         PUBLIC        ?C?CLDOPTR
  -------         ENDMOD        ?C?CLDOPTR

  -------         MODULE        ?C?CSTPTR
  C:0762H         PUBLIC        ?C?CSTPTR
  -------         ENDMOD        ?C?CSTPTR

  -------         MODULE        ?C?CSTOPTR
  C:0774H         PUBLIC        ?C?CSTOPTR
  -------         ENDMOD        ?C?CSTOPTR

  -------         MODULE        ?C?UIDIV
  C:0796H         PUBLIC        ?C?UIDIV
  -------         ENDMOD        ?C?UIDIV

  -------         MODULE        ?C?IILDX
  C:07EBH         PUBLIC        ?C?IILDX
  -------         ENDMOD        ?C?IILDX

  -------         MODULE        ?C?LNEG
  C:0801H         PUBLIC        ?C?LNEG
  -------         ENDMOD        ?C?LNEG

  -------         MODULE        ?C?ULSHR
  C:080FH         PUBLIC        ?C?ULSHR
  -------         ENDMOD        ?C?ULSHR
BL51 BANKED LINKER/LOCATER V6.22.2.0                                                  04/22/2020  15:25:24  PAGE 88



  -------         MODULE        ?C?LSHL
  C:0822H         PUBLIC        ?C?LSHL
  -------         ENDMOD        ?C?LSHL

  -------         MODULE        ?C?LLDCODE
  C:0835H         PUBLIC        ?C?LLDCODE
  -------         ENDMOD        ?C?LLDCODE

  -------         MODULE        ?C?LLDXDATA0
  C:0845H         PUBLIC        ?C?LLDXDATA0
  -------         ENDMOD        ?C?LLDXDATA0

  -------         MODULE        ?C?LLDCODE0
  C:0851H         PUBLIC        ?C?LLDCODE0
  -------         ENDMOD        ?C?LLDCODE0

  -------         MODULE        ?C?LSTXDATA
  C:0861H         PUBLIC        ?C?LSTXDATA
  -------         ENDMOD        ?C?LSTXDATA

  -------         MODULE        ?C?LSTKXDATA
  C:086DH         PUBLIC        ?C?LSTKXDATA
  -------         ENDMOD        ?C?LSTKXDATA

  -------         MODULE        ?C?PLDIXDATA
  C:089EH         PUBLIC        ?C?PLDIXDATA
  -------         ENDMOD        ?C?PLDIXDATA

  -------         MODULE        ?C?PSTXDATA
  C:08B5H         PUBLIC        ?C?PSTXDATA
  -------         ENDMOD        ?C?PSTXDATA

  -------         MODULE        ?C?CCASE
  C:08BEH         PUBLIC        ?C?CCASE
  -------         ENDMOD        ?C?CCASE

  -------         MODULE        STRCAT
  X:007EH         PUBLIC        ?_strcat?BYTE
  C:6595H         PUBLIC        _strcat
  -------         ENDMOD        STRCAT

  -------         MODULE        ?C?STRCMP
  C:0A62H         PUBLIC        ?C?STRCMP
  -------         ENDMOD        ?C?STRCMP

  -------         MODULE        ?C?STRCPY
  C:0B4BH         PUBLIC        ?C?STRCPY
  -------         ENDMOD        ?C?STRCPY

  -------         MODULE        STRLEN
  C:000EH         PUBLIC        _STRLEN
  -------         ENDMOD        STRLEN

  -------         MODULE        STRTOK
  X:0089H         PUBLIC        ?_strtok?BYTE
  C:4B6EH         PUBLIC        _strtok
BL51 BANKED LINKER/LOCATER V6.22.2.0                                                  04/22/2020  15:25:24  PAGE 89


  -------         ENDMOD        STRTOK

  -------         MODULE        ATOL
  C:438AH         PUBLIC        _atol
  -------         ENDMOD        ATOL

  -------         MODULE        ATOI
  C:4C52H         PUBLIC        _atoi
  -------         ENDMOD        ATOI

  -------         MODULE        ?C?IMUL
  C:0B68H         PUBLIC        ?C?IMUL
  -------         ENDMOD        ?C?IMUL

  -------         MODULE        ?C?ILDIX
  C:0B7AH         PUBLIC        ?C?ILDIX
  -------         ENDMOD        ?C?ILDIX

  -------         MODULE        ?C?LMUL
  C:0B90H         PUBLIC        ?C?LMUL
  -------         ENDMOD        ?C?LMUL

  -------         MODULE        ISDIGIT
  C:7088H         PUBLIC        _isdigit
  -------         ENDMOD        ISDIGIT

  -------         MODULE        ISSPACE
  C:6FE8H         PUBLIC        _isspace
  -------         ENDMOD        ISSPACE

  -------         MODULE        STRSPN
  X:008FH         PUBLIC        ?_strspn?BYTE
  C:5FC7H         PUBLIC        _strspn
  -------         ENDMOD        STRSPN

  -------         MODULE        STRPBRK
  X:008FH         PUBLIC        ?_strpbrk?BYTE
  C:60CEH         PUBLIC        _strpbrk
  -------         ENDMOD        STRPBRK

*** WARNING L16: UNCALLED SEGMENT, IGNORED FOR OVERLAY PROCESS
    SEGMENT: ?PR?_CMD_LPR_SALIDA?ACCESCAN

*** WARNING L16: UNCALLED SEGMENT, IGNORED FOR OVERLAY PROCESS
    SEGMENT: ?PR?CMD_LPR_INT?ACCESCAN

*** WARNING L16: UNCALLED SEGMENT, IGNORED FOR OVERLAY PROCESS
    SEGMENT: ?PR?_CHECK_FECHAOUT?CLOCK

*** WARNING L16: UNCALLED SEGMENT, IGNORED FOR OVERLAY PROCESS
    SEGMENT: ?PR?_ANALIZA_TIEMPO?CLOCK

*** WARNING L16: UNCALLED SEGMENT, IGNORED FOR OVERLAY PROCESS
    SEGMENT: ?PR?_TRAMA_PTO_PARALELO_P?PTO_PARALELO

*** WARNING L16: UNCALLED SEGMENT, IGNORED FOR OVERLAY PROCESS
    SEGMENT: ?PR?_TRAMA_PTO_PARALELO_NEW?PTO_PARALELO
BL51 BANKED LINKER/LOCATER V6.22.2.0                                                  04/22/2020  15:25:24  PAGE 90



*** WARNING L16: UNCALLED SEGMENT, IGNORED FOR OVERLAY PROCESS
    SEGMENT: ?PR?_DEBUG_HEXDEC?TIBBO

*** WARNING L16: UNCALLED SEGMENT, IGNORED FOR OVERLAY PROCESS
    SEGMENT: ?PR?AUT_CARD_CHECK_STATUS?LINTECH

*** WARNING L16: UNCALLED SEGMENT, IGNORED FOR OVERLAY PROCESS
    SEGMENT: ?PR?LOADVERIFY_EEPROM?LINTECH

*** WARNING L16: UNCALLED SEGMENT, IGNORED FOR OVERLAY PROCESS
    SEGMENT: ?PR?_RD_MF?LINTECH

*** WARNING L16: UNCALLED SEGMENT, IGNORED FOR OVERLAY PROCESS
    SEGMENT: ?PR?_WR_MF?LINTECH

Program Size: data=119.7 xdata=655 code=28938
LINK/LOCATE RUN COMPLETE.  11 WARNING(S),  0 ERROR(S)
