BL51 BANKED LINKER/LOCATER V6.22.2.0                                                    08/02/2021  16:39:51  PAGE 1


BL51 BANKED LINKER/LOCATER V6.22.2.0, INVOKED BY:
C:\KEIL_V5\C51\BIN\BL51.EXE .\Objects\main.obj, .\Objects\Accescan.obj, .\Objects\Clock.obj, .\Objects\delay.obj, .\Obje
>> cts\eeprom.obj, .\Objects\io_sensores.obj, .\Objects\pantallas.obj, .\Objects\prog.obj, .\Objects\pto_paralelo.obj, .
>> \Objects\tibbo.obj, .\Objects\uart.obj, .\Objects\lintech.obj, .\Objects\verificador.obj, .\Objects\Monitor.obj TO .\
>> Objects\expedidor_v_01_raspberry PRINT (.\Listings\expedidor_v_01_raspberry.m51) RAMSIZE (256)


MEMORY MODEL: LARGE WITH FLOATING POINT ARITHMETIC


INPUT MODULES INCLUDED:
  .\Objects\main.obj (MAIN)
  .\Objects\Accescan.obj (ACCESCAN)
  .\Objects\Clock.obj (CLOCK)
  .\Objects\delay.obj (DELAY)
  .\Objects\eeprom.obj (EEPROM)
  .\Objects\io_sensores.obj (IO_SENSORES)
  .\Objects\pantallas.obj (PANTALLAS)
  .\Objects\prog.obj (PROG)
  .\Objects\pto_paralelo.obj (PTO_PARALELO)
  .\Objects\tibbo.obj (TIBBO)
  .\Objects\uart.obj (UART)
  .\Objects\lintech.obj (LINTECH)
  .\Objects\verificador.obj (VERIFICADOR)
  .\Objects\Monitor.obj (MONITOR)
  C:\KEIL_V5\C51\LIB\C51FPL.LIB (?C?FPADD)
  C:\KEIL_V5\C51\LIB\C51FPL.LIB (?C?FPMUL)
  C:\KEIL_V5\C51\LIB\C51FPL.LIB (?C?FCAST)
  C:\KEIL_V5\C51\LIB\C51FPL.LIB (?C?CASTF)
  C:\KEIL_V5\C51\LIB\C51FPL.LIB (PRINTF)
  C:\KEIL_V5\C51\LIB\C51FPL.LIB (POW)
  C:\KEIL_V5\C51\LIB\C51FPL.LIB (?C?FPGETOPN)
  C:\KEIL_V5\C51\LIB\C51FPL.LIB (?C?CHKFLOAT)
  C:\KEIL_V5\C51\LIB\C51FPL.LIB (?C?FPCMP)
  C:\KEIL_V5\C51\LIB\C51FPL.LIB (?C?FPNEG)
  C:\KEIL_V5\C51\LIB\C51FPL.LIB (?C?FPROUND)
  C:\KEIL_V5\C51\LIB\C51FPL.LIB (?C?FPCONVERT)
  C:\KEIL_V5\C51\LIB\C51FPL.LIB (EXP)
  C:\KEIL_V5\C51\LIB\C51FPL.LIB (LOG)
  C:\KEIL_V5\C51\LIB\C51FPL.LIB (?C?FPDIV)
  C:\KEIL_V5\C51\LIB\C51FPL.LIB (?C?FTNPWR)
  C:\KEIL_V5\C51\LIB\C51FPL.LIB (?C?FPSERIES)
  C:\KEIL_V5\C51\LIB\C51L.LIB (?C_STARTUP)
  C:\KEIL_V5\C51\LIB\C51L.LIB (?C?COPY)
  C:\KEIL_V5\C51\LIB\C51L.LIB (?C?CLDPTR)
  C:\KEIL_V5\C51\LIB\C51L.LIB (?C?CLDOPTR)
  C:\KEIL_V5\C51\LIB\C51L.LIB (?C?CSTPTR)
  C:\KEIL_V5\C51\LIB\C51L.LIB (?C?CSTOPTR)
  C:\KEIL_V5\C51\LIB\C51L.LIB (?C?IMUL)
  C:\KEIL_V5\C51\LIB\C51L.LIB (?C?IILDX)
  C:\KEIL_V5\C51\LIB\C51L.LIB (?C?LNEG)
  C:\KEIL_V5\C51\LIB\C51L.LIB (?C?SLCMP)
  C:\KEIL_V5\C51\LIB\C51L.LIB (?C?ULCMP)
  C:\KEIL_V5\C51\LIB\C51L.LIB (?C?ULSHR)
  C:\KEIL_V5\C51\LIB\C51L.LIB (?C?LSHL)
  C:\KEIL_V5\C51\LIB\C51L.LIB (?C?LLDCODE)
  C:\KEIL_V5\C51\LIB\C51L.LIB (?C?LLDXDATA0)
  C:\KEIL_V5\C51\LIB\C51L.LIB (?C?LLDCODE0)
BL51 BANKED LINKER/LOCATER V6.22.2.0                                                  08/02/2021  16:39:51  PAGE 2


  C:\KEIL_V5\C51\LIB\C51L.LIB (?C?LSTXDATA)
  C:\KEIL_V5\C51\LIB\C51L.LIB (?C?LSTKXDATA)
  C:\KEIL_V5\C51\LIB\C51L.LIB (?C?PLDIXDATA)
  C:\KEIL_V5\C51\LIB\C51L.LIB (?C?PSTXDATA)
  C:\KEIL_V5\C51\LIB\C51L.LIB (?C?CCASE)
  C:\KEIL_V5\C51\LIB\C51L.LIB (STRCAT)
  C:\KEIL_V5\C51\LIB\C51L.LIB (?C?STRCMP)
  C:\KEIL_V5\C51\LIB\C51L.LIB (?C?STRCPY)
  C:\KEIL_V5\C51\LIB\C51L.LIB (STRLEN)
  C:\KEIL_V5\C51\LIB\C51L.LIB (STRTOK)
  C:\KEIL_V5\C51\LIB\C51L.LIB (ATOL)
  C:\KEIL_V5\C51\LIB\C51L.LIB (ATOI)
  C:\KEIL_V5\C51\LIB\C51L.LIB (?C_INIT)
  C:\KEIL_V5\C51\LIB\C51L.LIB (?C?ILDIX)
  C:\KEIL_V5\C51\LIB\C51L.LIB (?C?LMUL)
  C:\KEIL_V5\C51\LIB\C51L.LIB (ISDIGIT)
  C:\KEIL_V5\C51\LIB\C51L.LIB (ISSPACE)
  C:\KEIL_V5\C51\LIB\C51L.LIB (STRSPN)
  C:\KEIL_V5\C51\LIB\C51L.LIB (STRPBRK)


LINK MAP OF MODULE:  .\Objects\expedidor_v_01_raspberry (MAIN)


            TYPE    BASE      LENGTH    RELOCATION   SEGMENT NAME
            -----------------------------------------------------

            * * * * * * *   D A T A   M E M O R Y   * * * * * * *
            REG     0000H     0008H     ABSOLUTE     "REG BANK 0"
            DATA    0008H     0005H     UNIT         _DATA_GROUP_
            DATA    000DH     0004H     UNIT         ?DT?UART
            IDATA   0011H     0009H     UNIT         ?ID?MONITOR
                    001AH     0006H                  *** GAP ***
            BIT     0020H.0   0001H.1   UNIT         _BIT_GROUP_
            BIT     0021H.1   0000H.3   UNIT         ?BI?MAIN
            BIT     0021H.4   0000H.2   UNIT         ?BI?UART
            BIT     0021H.6   0000H.1   UNIT         ?BI?EEPROM
            BIT     0021H.7   0000H.1   UNIT         ?BI?IO_SENSORES
            BIT     0022H.0   0000H.1   UNIT         ?BI?VERIFICADOR
                    0022H.1   0000H.7                *** GAP ***
            IDATA   0023H     0046H     UNIT         ?ID?MAIN
            IDATA   0069H     0001H     UNIT         ?STACK

            * * * * * * *  X D A T A   M E M O R Y  * * * * * * *
            XDATA   0000H     00B7H     UNIT         _XDATA_GROUP_
            XDATA   00B7H     0091H     UNIT         ?XD?VERIFICADOR
            XDATA   0148H     006CH     UNIT         ?XD?MAIN
            XDATA   01B4H     005CH     UNIT         ?XD?PROG
            XDATA   0210H     0003H     UNIT         ?XD?EEPROM
            XDATA   0213H     0003H     UNIT         ?XD?UART
            XDATA   0216H     0003H     UNIT         ?XD?STRTOK
            XDATA   0219H     0002H     UNIT         ?XD?IO_SENSORES
            XDATA   021BH     0001H     UNIT         ?XD?ACCESCAN
            XDATA   021CH     0001H     UNIT         ?XD?CLOCK

            * * * * * * *   C O D E   M E M O R Y   * * * * * * *
            CODE    0000H     0003H     ABSOLUTE     
BL51 BANKED LINKER/LOCATER V6.22.2.0                                                  08/02/2021  16:39:51  PAGE 3


            CODE    0003H     0008H     UNIT         ?PR?P_CK?CLOCK
            CODE    000BH     0003H     ABSOLUTE     
            CODE    000EH     0015H     UNIT         ?PR?_STRLEN?STRLEN
            CODE    0023H     0003H     ABSOLUTE     
            CODE    0026H     141BH     UNIT         ?CO?PROG
            CODE    1441H     0B8BH     UNIT         ?C?LIB_CODE
            CODE    1FCCH     08DCH     UNIT         ?CO?VERIFICADOR
            CODE    28A8H     0747H     UNIT         ?PR?_PANTALLALCD?PANTALLAS
            CODE    2FEFH     06EFH     UNIT         ?CO?PANTALLAS
            CODE    36DEH     0541H     UNIT         ?PR?_VALIDA_TRAMA_PTO?ACCESCAN
            CODE    3C1FH     04DAH     UNIT         ?PR?_SECUENCIAEXPEDIDORMF?VERIFICADOR
            CODE    40F9H     0483H     UNIT         ?PR?PRINTF?PRINTF
            CODE    457CH     03C8H     UNIT         ?PR?VER_PROG?PROG
            CODE    4944H     02D0H     UNIT         ?PR?_TWO_BYTEHEX_DECIMAL?CLOCK
            CODE    4C14H     02B7H     UNIT         ?PR?_PROG_HORARIO_DIAS?PROG
            CODE    4ECBH     02A5H     UNIT         ?PR?_PANTALLALCD_LINEA_2?PANTALLAS
            CODE    5170H     02A3H     UNIT         ?PR?_ARMAR_TRAMA_MONITOR?VERIFICADOR
            CODE    5413H     0256H     UNIT         ?PR?_ARMAR_TRAMA_PTO_PARALELO_EXPEDIDOR?VERIFICADOR
            CODE    5669H     0235H     UNIT         ?PR?MENU?PROG
            CODE    589EH     0208H     UNIT         ?PR?_HASH_ID?PROG
            CODE    5AA6H     01FAH     UNIT         ?PR?_PROG_HORARIO_DESDE_HASTA?PROG
            CODE    5CA0H     01F5H     UNIT         ?PR?PROG_FECHA_VENCIMIENTO?PROG
            CODE    5E95H     01EBH     UNIT         ?PR?_ARMAR_TRAMA_TARJETA_SECTOR1_BLOQUE2?VERIFICADOR
            CODE    6080H     01DFH     UNIT         ?PR?_RESPONDE_LECTURA_TARJETA_SECTOR1_BLOQUE1?VERIFICADOR
            CODE    625FH     01D8H     UNIT         ?PR?_BLOCK_READ_CLOCK_ASCII_RASBERRY?CLOCK
            CODE    6437H     01B3H     UNIT         ?PR?COM_ISR?UART
            CODE    65EAH     01A4H     UNIT         ?PR?_VALIDA_TIPO_TARJETA?VERIFICADOR
            CODE    678EH     01A3H     UNIT         ?CO?LINTECH
            CODE    6931H     016EH     UNIT         ?PR?_BLOCK_READ_CLOCK_ASCII?CLOCK
            CODE    6A9FH     0166H     UNIT         ?PR?_POW?POW
            CODE    6C05H     0157H     UNIT         ?PR?_RESPONDE_REELECTURA_TARJETA_SECTOR1_BLOQUE2?VERIFICADOR
            CODE    6D5CH     0145H     UNIT         ?PR?PROG_HORARIOS?PROG
            CODE    6EA1H     013EH     UNIT         ?PR?PROG_SIN_COBRO?PROG
            CODE    6FDFH     013EH     UNIT         ?PR?SECUENCIA_INICIO_EXPEDIDOR?VERIFICADOR
            CODE    711DH     013CH     UNIT         ?PR?LOAD_AND_SEND_ID_COD?PTO_PARALELO
            CODE    7259H     0137H     UNIT         ?PR?VER_HORARIO?PROG
            CODE    7390H     012EH     UNIT         ?PR?_ARMAR_TRAMA_PTO_PARALELO_EXPEDIDOR_MENSUAL?VERIFICADOR
            CODE    74BEH     012BH     UNIT         ?PR?_RESPONDE_LECTURA_TARJETA_SECTOR1_BLOQUE2?VERIFICADOR
            CODE    75E9H     0129H     UNIT         ?PR?LOG?LOG
            CODE    7712H     0128H     UNIT         ?PR?_VER_HORARIO_DIAS?PROG
            CODE    783AH     011AH     UNIT         ?PR?_PROG_HORARIOS_ON_OFF?PROG
            CODE    7954H     0119H     UNIT         ?PR?_VER_HORARIO_DESDE_HASTA?PROG
            CODE    7A6DH     0115H     UNIT         ?PR?_VALIDAR_CLK?CLOCK
            CODE    7B82H     010FH     UNIT         ?PR?_HORARIOS?VERIFICADOR
            CODE    7C91H     010CH     UNIT         ?PR?_ATOL?ATOL
            CODE    7D9DH     0100H     UNIT         ?PR?_WR_MF?LINTECH
            CODE    7E9DH     00FCH     UNIT         ?PR?PROG_DEBUG?PROG
            CODE    7F99H     00FCH     UNIT         ?PR?PROG_USE_LPR?PROG
            CODE    8095H     00FCH     UNIT         ?PR?TIPO_PANTALLA?PROG
            CODE    8191H     00FCH     UNIT         ?PR?PROG_ANTIPASSBACK?PROG
            CODE    828DH     00FCH     UNIT         ?PR?PROG_PLACA?PROG
            CODE    8389H     00FCH     UNIT         ?PR?PROG_VALIDAR_TIPO_VEHICULO_MENSUAL?PROG
            CODE    8485H     00FCH     UNIT         ?PR?PROG_APB_MENSUAL?PROG
            CODE    8581H     00FCH     UNIT         ?PR?PROG_MENSUALES?PROG
            CODE    867DH     00FCH     UNIT         ?PR?_BLOQUE_HORARIO?VERIFICADOR
            CODE    8779H     00F1H     UNIT         ?PR?_WRITE_EEPROM_TICKET?EEPROM
            CODE    886AH     00F0H     UNIT         ?CO?IO_SENSORES
BL51 BANKED LINKER/LOCATER V6.22.2.0                                                  08/02/2021  16:39:51  PAGE 4


            CODE    895AH     00EAH     UNIT         ?PR?_MOV_CARD?LINTECH
            CODE    8A44H     00E4H     UNIT         ?PR?_STRTOK?STRTOK
            CODE    8B28H     00DEH     UNIT         ?PR?PROG_ADDRESS_HIGH_BOARD?PROG
            CODE    8C06H     00DCH     UNIT         ?PR?_RTA_CMD_TRANSPORTE?VERIFICADOR
            CODE    8CE2H     00DBH     UNIT         ?PR?_ATOI?ATOI
            CODE    8DBDH     00D7H     UNIT         ?PR?_ANALIZA_UID_CARD?VERIFICADOR
            CODE    8E94H     00D6H     UNIT         ?C_INITSEG
            CODE    8F6AH     00D6H     UNIT         ?PR?_CMD_LPR_SALIDA_WIEGAND?ACCESCAN
            CODE    9040H     00CCH     UNIT         ?PR?_GRABA_SERIE?EEPROM
            CODE    910CH     00CAH     UNIT         ?PR?READ_EEPROM_TICKET?EEPROM
            CODE    91D6H     00C9H     UNIT         ?PR?_CHECK_FECHAOUT?CLOCK
            CODE    929FH     00C4H     UNIT         ?PR?_BLOCK_READ_CLOCK?CLOCK
            CODE    9363H     00C4H     UNIT         ?PR?_TARJETA_MENSUAL?VERIFICADOR
            CODE    9427H     00C3H     UNIT         ?PR?_RD_MF?LINTECH
            CODE    94EAH     00C2H     UNIT         ?PR?PROG_TARJETA_AUTOMATICA_O_BOTON?PROG
            CODE    95ACH     00C1H     UNIT         ?PR?_RECIBE_CMD_MONITOR?MONITOR
            CODE    966DH     00BEH     UNIT         ?PR?ERROR_RX_PTO?VERIFICADOR
            CODE    972BH     00BDH     UNIT         ?PR?PROG_COD_PARK?PROG
            CODE    97E8H     00BDH     UNIT         ?PR?PROG_TIEMPO_GRACIA?PROG
            CODE    98A5H     00BBH     UNIT         ?PR?_VALIDA_TRAMA_MONITOR?MONITOR
            CODE    9960H     00B9H     UNIT         ?CO?TIBBO
            CODE    9A19H     00B6H     UNIT         ?PR?PROG_ID_CLIENTE?PROG
            CODE    9ACFH     00B5H     UNIT         ?PR?_WAIT_PLACA?VERIFICADOR
            CODE    9B84H     00B4H     UNIT         ?PR?_SEND_PORT?PTO_PARALELO
            CODE    9C38H     00AFH     UNIT         ?PR?MSJ_LCD_INFORMATIVO?IO_SENSORES
            CODE    9CE7H     00ACH     UNIT         ?PR?_HORA_MAXIMA?VERIFICADOR
            CODE    9D93H     00AAH     UNIT         ?PR?CLAVE_SEGURIDAD_S2?LINTECH
            CODE    9E3DH     00A9H     UNIT         ?PR?DWLOAD_EEPROM?LINTECH
            CODE    9EE6H     00A6H     UNIT         ?PR?_BLOCK_READ_CLOCK_HEX?CLOCK
            CODE    9F8CH     00A5H     UNIT         ?PR?_SEND_PTO_PARALELO?VERIFICADOR
            CODE    A031H     00A4H     UNIT         ?PR?_ARMAR_TRAMA_TARJETA_SECTOR1_BLOQUE1_CAMCEL?VERIFICADOR
            CODE    A0D5H     00A2H     UNIT         ?PR?SHOW?PROG
            CODE    A177H     00A1H     UNIT         ?PR?_BLOCK_WRITE_CLOCK_ASCII?CLOCK
            CODE    A218H     009DH     UNIT         ?PR?_INICIALIZA?LINTECH
            CODE    A2B5H     009CH     UNIT         ?PR?_RESPUESTA_PLACA_CANCEL?VERIFICADOR
            CODE    A351H     009BH     UNIT         ?PR?ENTREGA_CARD_CAPTURA?VERIFICADOR
            CODE    A3ECH     009AH     UNIT         ?PR?_RESPONDE_LECTURA_TARJETA_SECTOR1_BLOQUE0?VERIFICADOR
            CODE    A486H     009AH     UNIT         ?PR?EXP?EXP
            CODE    A520H     0099H     UNIT         ?PR?_RECIBE_PORT?PTO_PARALELO
            CODE    A5B9H     0098H     UNIT         ?PR?_VALIDA_VEHICULO_CARD_MENSUAL?VERIFICADOR
            CODE    A651H     0091H     UNIT         ?PR?_HEX_ASCII?CLOCK
            CODE    A6E2H     0091H     UNIT         ?PR?_CARD_INSERCION?LINTECH
            CODE    A773H     0090H     UNIT         ?PR?_LEE_CLK?CLOCK
            CODE    A803H     0090H     UNIT         ?PR?_GETOPTION?PROG
            CODE    A893H     0090H     UNIT         ?PR?_DISPARO_LOCK_ENTRADA_VEHICULO?VERIFICADOR
            CODE    A923H     008DH     UNIT         ?PR?LOADVERIFY_EEPROM?LINTECH
            CODE    A9B0H     008CH     UNIT         ?C_C51STARTUP
            CODE    AA3CH     0088H     UNIT         ?PR?_SEND_PORTERR?PTO_PARALELO
            CODE    AAC4H     0088H     UNIT         ?PR?RX_DATA?TIBBO
            CODE    AB4CH     0088H     UNIT         ?PR?UNIQUE_IDENTIFIER_UID?LINTECH
            CODE    ABD4H     0086H     UNIT         ?PR?_CHECK_STATUS?LINTECH
            CODE    AC5AH     0084H     UNIT         ?PR?_DEBUGBUFFERMF?TIBBO
            CODE    ACDEH     0084H     UNIT         ?PR?_STRSPN?STRSPN
            CODE    AD62H     0083H     UNIT         ?PR?_RASPBERRY_DATA?PANTALLAS
            CODE    ADE5H     0081H     UNIT         ?PR?_STRPBRK?STRPBRK
            CODE    AE66H     0080H     UNIT         ?PR?_INGRESADATO?PROG
            CODE    AEE6H     0080H     UNIT         ?PR?AUT_CARD_CHECK_STATUS?LINTECH
BL51 BANKED LINKER/LOCATER V6.22.2.0                                                  08/02/2021  16:39:51  PAGE 5


            CODE    AF66H     0080H     UNIT         ?PR?POWER_OFF?LINTECH
            CODE    AFE6H     007FH     UNIT         ?PR?MAIN?MAIN
            CODE    B065H     007DH     UNIT         ?PR?RELOJ_PANTALLA_LCD?PANTALLAS
            CODE    B0E2H     007CH     UNIT         ?PR?RESPONDE_ESTADO_SENSORES_TRANSPORTE?VERIFICADOR
            CODE    B15EH     0077H     UNIT         ?PR?RESPONDE_TIPO_TARJETA?VERIFICADOR
            CODE    B1D5H     0074H     UNIT         ?PR?_HORA_ENTRADA_VEHICULO?CLOCK
            CODE    B249H     0071H     UNIT         ?PR?_EN_HORARIO?VERIFICADOR
            CODE    B2BAH     0070H     UNIT         ?PR?INGRESO_VEHICULO?VERIFICADOR
            CODE    B32AH     006FH     UNIT         ?PR?_ESCRIBIRMEMORIA?EEPROM
            CODE    B399H     006CH     UNIT         ?PR?_RESPONDE_WRITE_TARJETA_SECTOR1_BLOQUE2?VERIFICADOR
            CODE    B405H     006BH     UNIT         ?PR?_STRCAT?STRCAT
            CODE    B470H     0066H     UNIT         ?PR?_LEERMEMORIA?EEPROM
            CODE    B4D6H     0062H     UNIT         ?PR?_LISTACOMANDOS?PROG
            CODE    B538H     005EH     UNIT         ?PR?_BYTEHEX_DECIMAL?CLOCK
            CODE    B596H     005DH     UNIT         ?PR?_RESPUESTA_SEGUNDA_CLAVE?VERIFICADOR
            CODE    B5F3H     005CH     UNIT         ?PR?_ARMAR_TRAMA_PLACA?VERIFICADOR
            CODE    B64FH     005BH     UNIT         ?PR?VALIDA_SENSOR1_AUTO?IO_SENSORES
            CODE    B6AAH     0056H     UNIT         ?PR?_WR_EEPROM?EEPROM
            CODE    B700H     0054H     UNIT         ?PR?_PREGUNTA_LPR?VERIFICADOR
            CODE    B754H     004DH     UNIT         ?PR?VARIABLE_INICIO?MAIN
            CODE    B7A1H     004DH     UNIT         ?PR?L_D_M?EEPROM
            CODE    B7EEH     004CH     UNIT         ?PR?LEE_NO_TICKET?EEPROM
            CODE    B83AH     004CH     UNIT         ?PR?LOAD_AND_SEND_INFO_RELOJ?PTO_PARALELO
            CODE    B886H     004BH     UNIT         ?PR?_TX_AUX?TIBBO
            CODE    B8D1H     0049H     UNIT         ?PR?_DEBUG_TXT_TIBBO?TIBBO
            CODE    B91AH     0048H     UNIT         ?PR?FIRST_CLAVE?PROG
            CODE    B962H     0047H     UNIT         ?PR?_DEBUG_CHR_TIBBO?TIBBO
            CODE    B9A9H     0047H     UNIT         ?PR?_RESPONDE_WRITE_TARJETA_SECTOR2_BLOQUE0?VERIFICADOR
            CODE    B9F0H     0046H     UNIT         ?PR?_ESCRIBIRCADENASOFT_BUFFER?MAIN
            CODE    BA36H     0046H     UNIT         ?PR?_LCD_TXT_NUM_CHAR?PANTALLAS
            CODE    BA7CH     0046H     UNIT         ?PR?_DEBUG_HEXDEC?TIBBO
            CODE    BAC2H     0044H     UNIT         ?PR?_LCD_TXT?PANTALLAS
            CODE    BB06H     0043H     UNIT         ?PR?DIR_BOARD?IO_SENSORES
            CODE    BB49H     0042H     UNIT         ?PR?_VALIDARCLAVE?PROG
            CODE    BB8BH     0041H     UNIT         ?PR?_MONITOR_CHR?ACCESCAN
            CODE    BBCCH     0041H     UNIT         ?PR?_TWO_ONE?CLOCK
            CODE    BC0DH     0040H     UNIT         ?PR?_GETCMD?PROG
            CODE    BC4DH     0040H     UNIT         ?PR?_DEBUG_PTO_PARALELO?TIBBO
            CODE    BC8DH     003FH     UNIT         ?PR?_EB_CLK?CLOCK
            CODE    BCCCH     003EH     UNIT         ?PR?_PUTCHAR?MAIN
            CODE    BD0AH     003EH     UNIT         ?PR?TRAMA_VALIDACION_P_N?VERIFICADOR
            CODE    BD48H     003DH     UNIT         ?PR?_HEX_BCD?CLOCK
            CODE    BD85H     003DH     UNIT         ?PR?_RD_EEPROM?EEPROM
            CODE    BDC2H     003DH     UNIT         ?PR?_DEBUG_MONITOR?TIBBO
            CODE    BDFFH     003DH     UNIT         ?PR?_LOAD_SECUENCIA_EXPEDIDOR?VERIFICADOR
            CODE    BE3CH     003BH     UNIT         ?CO?ACCESCAN
            CODE    BE77H     003BH     UNIT         ?CO?EEPROM
            CODE    BEB2H     003BH     UNIT         ?PR?_COM_PUTCHAR?UART
            CODE    BEEDH     003AH     UNIT         ?PR?_DELAY_10MS?DELAY
            CODE    BF27H     003AH     UNIT         ?PR?ANALIZA_CARD_MOUNT_RF?VERIFICADOR
            CODE    BF61H     0038H     UNIT         ?PR?VALIDASENSORESPASO?IO_SENSORES
            CODE    BF99H     0036H     UNIT         ?PR?FORMATO_EEPROM?EEPROM
            CODE    BFCFH     0036H     UNIT         ?PR?_RESPONDE_WRITE_TARJETA_SECTOR1_BLOQUE1?VERIFICADOR
            CODE    C005H     0036H     UNIT         ?PR?_RESPONDE_WRITE_TARJETA_SECTOR1_BLOQUE0?VERIFICADOR
            CODE    C03BH     0034H     UNIT         ?PR?INCREMENTE_TICKET?EEPROM
            CODE    C06FH     0034H     UNIT         ?PR?ADDR_HORARIOS?PROG
            CODE    C0A3H     0034H     UNIT         ?PR?ANALIZA_PRESENCIA_MENSUAL?VERIFICADOR
BL51 BANKED LINKER/LOCATER V6.22.2.0                                                  08/02/2021  16:39:51  PAGE 6


            CODE    C0D7H     0031H     UNIT         ?PR?_TARJETA_ROTACION?VERIFICADOR
            CODE    C108H     0030H     UNIT         ?PR?PREGUNTA_PLACA?VERIFICADOR
            CODE    C138H     002EH     UNIT         ?PR?TIMER0_INT?MAIN
            CODE    C166H     002AH     UNIT         ?PR?COM_INITIALIZE?UART
            CODE    C190H     0028H     UNIT         ?PR?_WR_CLK?CLOCK
            CODE    C1B8H     0028H     UNIT         ?PR?COM_BAUDRATE?UART
            CODE    C1E0H     0028H     UNIT         ?PR?_ARMAR_TRAMA_TARJETA_SECTOR1_BLOQUE0?VERIFICADOR
            CODE    C208H     0027H     UNIT         ?PR?_TX_CHRLCD?PANTALLAS
            CODE    C22FH     0026H     UNIT         ?PR?COM_GETCHAR?UART
            CODE    C255H     0026H     UNIT         ?PR?RX_MONITOR?MONITOR
            CODE    C27BH     0023H     UNIT         ?PR?ANALIZA_PRESENCIA_ROTACION?VERIFICADOR
            CODE    C29EH     0022H     UNIT         ?PR?_E_D_M?EEPROM
            CODE    C2C0H     0022H     UNIT         ?PR?VALIDASENSOR_CERO?IO_SENSORES
            CODE    C2E2H     0021H     UNIT         ?CO?PTO_PARALELO
            CODE    C303H     0020H     UNIT         ?PR?ACKD?EEPROM
            CODE    C323H     0020H     UNIT         ?PR?ACK_LECT?EEPROM
            CODE    C343H     001FH     UNIT         ?PR?VALIDASENSOR?IO_SENSORES
            CODE    C362H     001FH     UNIT         ?PR?TIME_BIT?TIBBO
            CODE    C381H     001EH     UNIT         ?PR?_BCD_HEX?CLOCK
            CODE    C39FH     001BH     UNIT         ?PR?_DELAY_1MS?DELAY
            CODE    C3BAH     0018H     UNIT         ?PR?CLEAR_PLACA?MONITOR
            CODE    C3D2H     0017H     UNIT         ?PR?DISPLAYCURSOR?PROG
            CODE    C3E9H     0017H     UNIT         ?PR?TIME_MBIT?TIBBO
            CODE    C400H     0016H     UNIT         ?PR?DIR_BOARD_MONITOR?IO_SENSORES
            CODE    C416H     0014H     UNIT         ?CO?CLOCK
            CODE    C42AH     0014H     UNIT         ?PR?_ISSPACE?ISSPACE
            CODE    C43EH     0012H     UNIT         ?PR?_DELAY_20US?DELAY
            CODE    C450H     0012H     UNIT         ?PR?START?EEPROM
            CODE    C462H     0012H     UNIT         ?PR?BOTTON?IO_SENSORES
            CODE    C474H     0012H     UNIT         ?PR?PULSO_BUS?PTO_PARALELO
            CODE    C486H     0012H     UNIT         ?PR?COM_RBUFLEN?UART
            CODE    C498H     0012H     UNIT         ?PR?COM_TBUFLEN?UART
            CODE    C4AAH     0010H     UNIT         ?PR?INI_TIMER?MAIN
            CODE    C4BAH     0010H     UNIT         ?PR?INICIA_BOARD?MAIN
            CODE    C4CAH     000FH     UNIT         ?PR?_ISDIGIT?ISDIGIT
            CODE    C4D9H     000CH     UNIT         ?PR?_GETKEY?MAIN
            CODE    C4E5H     000AH     UNIT         ?PR?STOP?EEPROM
            CODE    C4EFH     000AH     UNIT         ?PR?COND_INI_PTO?PTO_PARALELO
            CODE    C4F9H     0009H     UNIT         ?PR?DEBUG_DIVIDIR_TEXTO?TIBBO
            CODE    C502H     0009H     UNIT         ?PR?CAPTURA_EXPULSA?VERIFICADOR
            CODE    C50BH     0007H     UNIT         ?PR?COND_INI_CLOCK?CLOCK
            CODE    C512H     0007H     UNIT         ?PR?SEL_FUNCION?IO_SENSORES
            CODE    C519H     0007H     UNIT         ?PR?SEL_AUTO?IO_SENSORES
            CODE    C520H     0007H     UNIT         ?PR?SEL_PULSA?IO_SENSORES
            CODE    C527H     0007H     UNIT         ?PR?SEL_SENSOR2?IO_SENSORES
            CODE    C52EH     0007H     UNIT         ?PR?SEL_SENSOR1?IO_SENSORES
            CODE    C535H     0007H     UNIT         ?PR?SEL_DIR1?IO_SENSORES
            CODE    C53CH     0007H     UNIT         ?PR?SEL_DIR2?IO_SENSORES
            CODE    C543H     0006H     UNIT         ?PR?P_ME?EEPROM
            CODE    C549H     0005H     UNIT         ?PR?ON_TIMER0_INTERRUP?MAIN
            CODE    C54EH     0005H     UNIT         ?PR?COND_INI_TIBBO?TIBBO
            CODE    C553H     0003H     UNIT         ?PR?OFF_TIMER0_INTERRUP?MAIN
            CODE    C556H     0001H     UNIT         ?PR?DELAY?DELAY



OVERLAY MAP OF MODULE:   .\Objects\expedidor_v_01_raspberry (MAIN)
BL51 BANKED LINKER/LOCATER V6.22.2.0                                                  08/02/2021  16:39:51  PAGE 7




SEGMENT                                             BIT_GROUP          DATA_GROUP          XDATA_GROUP
  +--> CALLED SEGMENT                            START    LENGTH     START    LENGTH     START    LENGTH
--------------------------------------------------------------------------------------------------------
?C_C51STARTUP                                    -----    -----      -----    -----      -----    -----
  +--> ?PR?MAIN?MAIN
  +--> ?C_INITSEG

?PR?MAIN?MAIN                                    -----    -----      -----    -----      0000H    0001H
  +--> ?PR?INI_TIMER?MAIN
  +--> ?PR?ON_TIMER0_INTERRUP?MAIN
  +--> ?PR?COM_INITIALIZE?UART
  +--> ?PR?COM_BAUDRATE?UART
  +--> ?PR?INICIA_BOARD?MAIN
  +--> ?PR?TIME_BIT?TIBBO
  +--> ?PR?_DELAY_20US?DELAY
  +--> ?PR?TIME_MBIT?TIBBO
  +--> ?PR?_TX_AUX?TIBBO
  +--> ?PR?SEL_FUNCION?IO_SENSORES
  +--> ?PR?MENU?PROG
  +--> ?PR?VARIABLE_INICIO?MAIN
  +--> ?PR?SECUENCIA_INICIO_EXPEDIDOR?VERIFI...
  +--> ?PR?RX_MONITOR?MONITOR
  +--> ?PR?_SECUENCIAEXPEDIDORMF?VERIFICADOR
  +--> ?PR?_RECIBE_PORT?PTO_PARALELO
  +--> ?PR?_DEBUG_PTO_PARALELO?TIBBO
  +--> ?PR?_VALIDA_TRAMA_PTO?ACCESCAN
  +--> ?PR?MSJ_LCD_INFORMATIVO?IO_SENSORES

?PR?COM_INITIALIZE?UART                          -----    -----      -----    -----      -----    -----
  +--> ?PR?COM_BAUDRATE?UART

?PR?INICIA_BOARD?MAIN                            -----    -----      -----    -----      -----    -----
  +--> ?PR?COND_INI_TIBBO?TIBBO
  +--> ?PR?COND_INI_CLOCK?CLOCK
  +--> ?PR?COND_INI_PTO?PTO_PARALELO

?PR?_TX_AUX?TIBBO                                -----    -----      -----    -----      -----    -----
  +--> ?PR?TIME_BIT?TIBBO

?PR?MENU?PROG                                    -----    -----      -----    -----      0001H    0045H
  +--> ?CO?PROG
  +--> ?PR?PRINTF?PRINTF
  +--> ?PR?_RD_EEPROM?EEPROM
  +--> ?PR?FIRST_CLAVE?PROG
  +--> ?PR?_WR_EEPROM?EEPROM
  +--> ?PR?_LEERMEMORIA?EEPROM
  +--> ?PR?_HASH_ID?PROG
  +--> ?PR?_INGRESADATO?PROG
  +--> ?PR?_GETCMD?PROG
  +--> ?PR?_ESCRIBIRMEMORIA?EEPROM
  +--> ?PR?_VALIDARCLAVE?PROG
  +--> ?PR?DISPLAYCURSOR?PROG
  +--> ?PR?_STRLEN?STRLEN
  +--> ?PR?_GETOPTION?PROG
  +--> ?PR?_STRCAT?STRCAT
BL51 BANKED LINKER/LOCATER V6.22.2.0                                                  08/02/2021  16:39:51  PAGE 8


  +--> ?PR?_LISTACOMANDOS?PROG
  +--> ?PR?PROG_ID_CLIENTE?PROG
  +--> ?PR?PROG_COD_PARK?PROG
  +--> ?PR?PROG_TIEMPO_GRACIA?PROG
  +--> ?PR?PROG_SIN_COBRO?PROG
  +--> ?PR?PROG_DEBUG?PROG
  +--> ?PR?PROG_USE_LPR?PROG
  +--> ?PR?TIPO_PANTALLA?PROG
  +--> ?PR?PROG_TARJETA_AUTOMATICA_O_BOTON?PROG
  +--> ?PR?PROG_ANTIPASSBACK?PROG
  +--> ?PR?PROG_PLACA?PROG
  +--> ?PR?PROG_ADDRESS_HIGH_BOARD?PROG
  +--> ?PR?PROG_HORARIOS?PROG
  +--> ?PR?PROG_VALIDAR_TIPO_VEHICULO_MENSUA...
  +--> ?PR?PROG_APB_MENSUAL?PROG
  +--> ?PR?PROG_MENSUALES?PROG
  +--> ?PR?VER_PROG?PROG
  +--> ?PR?SHOW?PROG
  +--> ?PR?PROG_FECHA_VENCIMIENTO?PROG

?PR?PRINTF?PRINTF                                0020H.0  0001H.1    0008H    0005H      0077H    0030H
  +--> ?PR?_PUTCHAR?MAIN

?PR?_PUTCHAR?MAIN                                -----    -----      -----    -----      00A7H    0003H
  +--> ?PR?_COM_PUTCHAR?UART

?PR?_COM_PUTCHAR?UART                            -----    -----      -----    -----      00AAH    0001H
  +--> ?PR?COM_TBUFLEN?UART

?PR?_RD_EEPROM?EEPROM                            -----    -----      -----    -----      -----    -----
  +--> ?PR?START?EEPROM
  +--> ?PR?ACK_LECT?EEPROM
  +--> ?PR?_E_D_M?EEPROM
  +--> ?PR?ACKD?EEPROM
  +--> ?PR?L_D_M?EEPROM
  +--> ?PR?STOP?EEPROM

?PR?ACK_LECT?EEPROM                              -----    -----      -----    -----      -----    -----
  +--> ?PR?_E_D_M?EEPROM

?PR?_E_D_M?EEPROM                                -----    -----      -----    -----      -----    -----
  +--> ?PR?P_ME?EEPROM

?PR?ACKD?EEPROM                                  -----    -----      -----    -----      -----    -----
  +--> ?PR?_E_D_M?EEPROM

?PR?FIRST_CLAVE?PROG                             -----    -----      -----    -----      0046H    000BH
  +--> ?PR?_BLOCK_READ_CLOCK_ASCII?CLOCK
  +--> ?PR?_HASH_ID?PROG
  +--> ?PR?_ESCRIBIRMEMORIA?EEPROM

?PR?_BLOCK_READ_CLOCK_ASCII?CLOCK                -----    -----      -----    -----      0051H    0003H
  +--> ?PR?_LEE_CLK?CLOCK

?PR?_LEE_CLK?CLOCK                               -----    -----      -----    -----      00B1H    0003H
  +--> ?PR?_DELAY_20US?DELAY
  +--> ?PR?_EB_CLK?CLOCK
BL51 BANKED LINKER/LOCATER V6.22.2.0                                                  08/02/2021  16:39:51  PAGE 9


  +--> ?PR?P_CK?CLOCK

?PR?_EB_CLK?CLOCK                                -----    -----      -----    -----      00B4H    0003H
  +--> ?PR?P_CK?CLOCK

?PR?P_CK?CLOCK                                   -----    -----      -----    -----      -----    -----
  +--> ?PR?DELAY?DELAY

?PR?_HASH_ID?PROG                                -----    -----      -----    -----      005DH    003FH
  +--> ?CO?PROG
  +--> ?PR?_LEERMEMORIA?EEPROM
  +--> ?PR?_CHECK_FECHAOUT?CLOCK
  +--> ?PR?_STRLEN?STRLEN

?PR?_LEERMEMORIA?EEPROM                          -----    -----      -----    -----      009CH    0005H
  +--> ?PR?_RD_EEPROM?EEPROM

?PR?_CHECK_FECHAOUT?CLOCK                        -----    -----      -----    -----      009CH    0012H
  +--> ?PR?_BLOCK_READ_CLOCK_HEX?CLOCK

?PR?_BLOCK_READ_CLOCK_HEX?CLOCK                  -----    -----      -----    -----      00AEH    0003H
  +--> ?PR?_LEE_CLK?CLOCK
  +--> ?PR?_BCD_HEX?CLOCK

?PR?_ESCRIBIRMEMORIA?EEPROM                      -----    -----      -----    -----      005DH    0005H
  +--> ?PR?_WR_EEPROM?EEPROM

?PR?_WR_EEPROM?EEPROM                            -----    -----      -----    -----      -----    -----
  +--> ?PR?START?EEPROM
  +--> ?PR?ACKD?EEPROM
  +--> ?PR?_E_D_M?EEPROM
  +--> ?PR?STOP?EEPROM
  +--> ?PR?_DELAY_1MS?DELAY
  +--> ?PR?_DELAY_20US?DELAY

?PR?_DELAY_1MS?DELAY                             -----    -----      -----    -----      -----    -----
  +--> ?PR?_DELAY_20US?DELAY

?PR?_INGRESADATO?PROG                            -----    -----      -----    -----      0071H    0004H
  +--> ?PR?_GETKEY?MAIN
  +--> ?CO?PROG
  +--> ?PR?PRINTF?PRINTF
  +--> ?PR?_PUTCHAR?MAIN

?PR?_GETKEY?MAIN                                 -----    -----      -----    -----      -----    -----
  +--> ?PR?COM_GETCHAR?UART

?PR?COM_GETCHAR?UART                             -----    -----      -----    -----      -----    -----
  +--> ?PR?COM_RBUFLEN?UART

?PR?_GETCMD?PROG                                 -----    -----      -----    -----      005DH    0007H
  +--> ?CO?PROG
  +--> ?PR?_STRTOK?STRTOK

?PR?_STRTOK?STRTOK                               -----    -----      -----    -----      0064H    0006H
  +--> ?PR?_STRSPN?STRSPN
  +--> ?PR?_STRPBRK?STRPBRK
BL51 BANKED LINKER/LOCATER V6.22.2.0                                                  08/02/2021  16:39:51  PAGE 10



?PR?_STRSPN?STRSPN                               -----    -----      -----    -----      006AH    0008H

?PR?_STRPBRK?STRPBRK                             -----    -----      -----    -----      006AH    0009H

?PR?_VALIDARCLAVE?PROG                           -----    -----      -----    -----      005DH    000EH

?PR?DISPLAYCURSOR?PROG                           -----    -----      -----    -----      -----    -----
  +--> ?CO?PROG
  +--> ?PR?PRINTF?PRINTF

?PR?_GETOPTION?PROG                              -----    -----      -----    -----      0046H    000BH
  +--> ?CO?PROG
  +--> ?PR?_STRTOK?STRTOK

?PR?_STRCAT?STRCAT                               -----    -----      -----    -----      0046H    0009H

?PR?_LISTACOMANDOS?PROG                          -----    -----      -----    -----      0046H    0007H

?PR?PROG_ID_CLIENTE?PROG                         -----    -----      -----    -----      0046H    000CH
  +--> ?PR?_RD_EEPROM?EEPROM
  +--> ?CO?PROG
  +--> ?PR?PRINTF?PRINTF
  +--> ?PR?_INGRESADATO?PROG
  +--> ?PR?_ATOI?ATOI
  +--> ?PR?_WR_EEPROM?EEPROM

?PR?_ATOI?ATOI                                   0020H.0  0000H.1    -----    -----      0071H    0005H
  +--> ?PR?_ISSPACE?ISSPACE
  +--> ?PR?_ISDIGIT?ISDIGIT

?PR?PROG_COD_PARK?PROG                           -----    -----      -----    -----      0046H    000CH
  +--> ?PR?_RD_EEPROM?EEPROM
  +--> ?CO?PROG
  +--> ?PR?PRINTF?PRINTF
  +--> ?PR?_INGRESADATO?PROG
  +--> ?PR?_ATOI?ATOI
  +--> ?PR?_WR_EEPROM?EEPROM

?PR?PROG_TIEMPO_GRACIA?PROG                      -----    -----      -----    -----      0046H    000CH
  +--> ?PR?_RD_EEPROM?EEPROM
  +--> ?CO?PROG
  +--> ?PR?PRINTF?PRINTF
  +--> ?PR?_INGRESADATO?PROG
  +--> ?PR?_ATOI?ATOI
  +--> ?PR?_WR_EEPROM?EEPROM

?PR?PROG_SIN_COBRO?PROG                          -----    -----      -----    -----      0046H    000CH
  +--> ?PR?_RD_EEPROM?EEPROM
  +--> ?CO?PROG
  +--> ?PR?PRINTF?PRINTF
  +--> ?PR?_INGRESADATO?PROG
  +--> ?PR?_ATOI?ATOI
  +--> ?PR?_WR_EEPROM?EEPROM

?PR?PROG_DEBUG?PROG                              -----    -----      -----    -----      0046H    000CH
  +--> ?PR?_RD_EEPROM?EEPROM
BL51 BANKED LINKER/LOCATER V6.22.2.0                                                  08/02/2021  16:39:51  PAGE 11


  +--> ?CO?PROG
  +--> ?PR?PRINTF?PRINTF
  +--> ?PR?_INGRESADATO?PROG
  +--> ?PR?_ATOI?ATOI
  +--> ?PR?_WR_EEPROM?EEPROM

?PR?PROG_USE_LPR?PROG                            -----    -----      -----    -----      0046H    000CH
  +--> ?PR?_RD_EEPROM?EEPROM
  +--> ?CO?PROG
  +--> ?PR?PRINTF?PRINTF
  +--> ?PR?_INGRESADATO?PROG
  +--> ?PR?_ATOI?ATOI
  +--> ?PR?_WR_EEPROM?EEPROM

?PR?TIPO_PANTALLA?PROG                           -----    -----      -----    -----      0046H    000CH
  +--> ?PR?_RD_EEPROM?EEPROM
  +--> ?CO?PROG
  +--> ?PR?PRINTF?PRINTF
  +--> ?PR?_INGRESADATO?PROG
  +--> ?PR?_ATOI?ATOI
  +--> ?PR?_WR_EEPROM?EEPROM

?PR?PROG_TARJETA_AUTOMATICA_O_BOTON?PROG         -----    -----      -----    -----      0046H    000CH
  +--> ?PR?_RD_EEPROM?EEPROM
  +--> ?CO?PROG
  +--> ?PR?PRINTF?PRINTF
  +--> ?PR?_INGRESADATO?PROG
  +--> ?PR?_ATOI?ATOI
  +--> ?PR?_WR_EEPROM?EEPROM

?PR?PROG_ANTIPASSBACK?PROG                       -----    -----      -----    -----      0046H    000CH
  +--> ?PR?_RD_EEPROM?EEPROM
  +--> ?CO?PROG
  +--> ?PR?PRINTF?PRINTF
  +--> ?PR?_INGRESADATO?PROG
  +--> ?PR?_ATOI?ATOI
  +--> ?PR?_WR_EEPROM?EEPROM

?PR?PROG_PLACA?PROG                              -----    -----      -----    -----      0046H    000CH
  +--> ?PR?_RD_EEPROM?EEPROM
  +--> ?CO?PROG
  +--> ?PR?PRINTF?PRINTF
  +--> ?PR?_INGRESADATO?PROG
  +--> ?PR?_ATOI?ATOI
  +--> ?PR?_WR_EEPROM?EEPROM

?PR?PROG_ADDRESS_HIGH_BOARD?PROG                 -----    -----      -----    -----      0046H    000CH
  +--> ?PR?_RD_EEPROM?EEPROM
  +--> ?CO?PROG
  +--> ?PR?PRINTF?PRINTF
  +--> ?PR?_INGRESADATO?PROG
  +--> ?PR?_ATOI?ATOI
  +--> ?PR?_WR_EEPROM?EEPROM

?PR?PROG_HORARIOS?PROG                           -----    -----      -----    -----      0046H    001BH
  +--> ?PR?ADDR_HORARIOS?PROG
  +--> ?CO?PROG
BL51 BANKED LINKER/LOCATER V6.22.2.0                                                  08/02/2021  16:39:51  PAGE 12


  +--> ?PR?PRINTF?PRINTF
  +--> ?PR?_INGRESADATO?PROG
  +--> ?PR?_ATOI?ATOI
  +--> ?PR?_PROG_HORARIOS_ON_OFF?PROG
  +--> ?PR?_WR_EEPROM?EEPROM
  +--> ?PR?_PROG_HORARIO_DIAS?PROG
  +--> ?PR?_PROG_HORARIO_DESDE_HASTA?PROG
  +--> ?PR?_RD_EEPROM?EEPROM

?PR?ADDR_HORARIOS?PROG                           -----    -----      -----    -----      0074H    000BH

?PR?_PROG_HORARIOS_ON_OFF?PROG                   -----    -----      -----    -----      0061H    0010H
  +--> ?PR?_RD_EEPROM?EEPROM
  +--> ?CO?PROG
  +--> ?PR?PRINTF?PRINTF
  +--> ?PR?_INGRESADATO?PROG
  +--> ?PR?_ATOI?ATOI
  +--> ?PR?_WR_EEPROM?EEPROM

?PR?_PROG_HORARIO_DIAS?PROG                      -----    -----      -----    -----      0061H    000FH
  +--> ?CO?PROG
  +--> ?PR?PRINTF?PRINTF
  +--> ?PR?_INGRESADATO?PROG
  +--> ?PR?_WR_EEPROM?EEPROM
  +--> ?PR?_RD_EEPROM?EEPROM

?PR?_PROG_HORARIO_DESDE_HASTA?PROG               -----    -----      -----    -----      0061H    000CH
  +--> ?CO?PROG
  +--> ?PR?PRINTF?PRINTF
  +--> ?PR?_INGRESADATO?PROG
  +--> ?PR?_WR_EEPROM?EEPROM
  +--> ?PR?_RD_EEPROM?EEPROM

?PR?PROG_VALIDAR_TIPO_VEHICULO_MENSUA...         -----    -----      -----    -----      0046H    000CH
  +--> ?PR?_RD_EEPROM?EEPROM
  +--> ?CO?PROG
  +--> ?PR?PRINTF?PRINTF
  +--> ?PR?_INGRESADATO?PROG
  +--> ?PR?_ATOI?ATOI
  +--> ?PR?_WR_EEPROM?EEPROM

?PR?PROG_APB_MENSUAL?PROG                        -----    -----      -----    -----      0046H    000CH
  +--> ?PR?_RD_EEPROM?EEPROM
  +--> ?CO?PROG
  +--> ?PR?PRINTF?PRINTF
  +--> ?PR?_INGRESADATO?PROG
  +--> ?PR?_ATOI?ATOI
  +--> ?PR?_WR_EEPROM?EEPROM

?PR?PROG_MENSUALES?PROG                          -----    -----      -----    -----      0046H    000CH
  +--> ?PR?_RD_EEPROM?EEPROM
  +--> ?CO?PROG
  +--> ?PR?PRINTF?PRINTF
  +--> ?PR?_INGRESADATO?PROG
  +--> ?PR?_ATOI?ATOI
  +--> ?PR?_WR_EEPROM?EEPROM

BL51 BANKED LINKER/LOCATER V6.22.2.0                                                  08/02/2021  16:39:51  PAGE 13


?PR?VER_PROG?PROG                                -----    -----      -----    -----      0046H    0013H
  +--> ?PR?_RD_EEPROM?EEPROM
  +--> ?CO?PROG
  +--> ?PR?PRINTF?PRINTF
  +--> ?PR?VER_HORARIO?PROG
  +--> ?PR?_LEERMEMORIA?EEPROM
  +--> ?PR?_HEX_ASCII?CLOCK
  +--> ?PR?LEE_NO_TICKET?EEPROM

?PR?VER_HORARIO?PROG                             -----    -----      -----    -----      0059H    001BH
  +--> ?PR?ADDR_HORARIOS?PROG
  +--> ?CO?PROG
  +--> ?PR?PRINTF?PRINTF
  +--> ?PR?_RD_EEPROM?EEPROM
  +--> ?PR?_VER_HORARIO_DIAS?PROG
  +--> ?PR?_VER_HORARIO_DESDE_HASTA?PROG

?PR?_VER_HORARIO_DIAS?PROG                       -----    -----      -----    -----      0074H    0003H
  +--> ?PR?_RD_EEPROM?EEPROM
  +--> ?CO?PROG
  +--> ?PR?PRINTF?PRINTF

?PR?_VER_HORARIO_DESDE_HASTA?PROG                -----    -----      -----    -----      0074H    0002H
  +--> ?CO?PROG
  +--> ?PR?PRINTF?PRINTF
  +--> ?PR?_RD_EEPROM?EEPROM

?PR?_HEX_ASCII?CLOCK                             -----    -----      -----    -----      005DH    0006H
  +--> ?PR?_HEX_BCD?CLOCK

?PR?LEE_NO_TICKET?EEPROM                         -----    -----      -----    -----      0059H    000BH
  +--> ?PR?READ_EEPROM_TICKET?EEPROM
  +--> ?CO?EEPROM
  +--> ?PR?PRINTF?PRINTF
  +--> ?PR?_STRLEN?STRLEN
  +--> ?PR?_DEBUG_TXT_TIBBO?TIBBO

?PR?READ_EEPROM_TICKET?EEPROM                    -----    -----      -----    -----      0064H    0007H
  +--> ?PR?_RD_EEPROM?EEPROM

?PR?_DEBUG_TXT_TIBBO?TIBBO                       -----    -----      -----    -----      0064H    0004H
  +--> ?PR?_DEBUG_CHR_TIBBO?TIBBO
  +--> ?CO?TIBBO
  +--> ?PR?_TX_AUX?TIBBO

?PR?_DEBUG_CHR_TIBBO?TIBBO                       -----    -----      -----    -----      -----    -----
  +--> ?PR?_TX_AUX?TIBBO

?PR?SHOW?PROG                                    -----    -----      -----    -----      -----    -----
  +--> ?CO?PROG
  +--> ?PR?PRINTF?PRINTF

?PR?PROG_FECHA_VENCIMIENTO?PROG                  -----    -----      -----    -----      0046H    0017H
  +--> ?PR?_LEERMEMORIA?EEPROM
  +--> ?PR?_HEX_ASCII?CLOCK
  +--> ?CO?PROG
  +--> ?PR?PRINTF?PRINTF
BL51 BANKED LINKER/LOCATER V6.22.2.0                                                  08/02/2021  16:39:51  PAGE 14


  +--> ?PR?_HASH_ID?PROG
  +--> ?PR?_INGRESADATO?PROG
  +--> ?PR?_GETCMD?PROG
  +--> ?PR?_ESCRIBIRMEMORIA?EEPROM
  +--> ?PR?_VALIDARCLAVE?PROG
  +--> ?PR?_ATOI?ATOI
  +--> ?PR?_WR_EEPROM?EEPROM

?PR?VARIABLE_INICIO?MAIN                         -----    -----      -----    -----      -----    -----
  +--> ?PR?_RD_EEPROM?EEPROM

?PR?SECUENCIA_INICIO_EXPEDIDOR?VERIFI...         -----    -----      -----    -----      0001H    0001H
  +--> ?PR?_INICIALIZA?LINTECH
  +--> ?PR?TRAMA_VALIDACION_P_N?VERIFICADOR
  +--> ?CO?VERIFICADOR
  +--> ?PR?_DEBUG_TXT_TIBBO?TIBBO
  +--> ?PR?_DEBUGBUFFERMF?TIBBO
  +--> ?PR?DWLOAD_EEPROM?LINTECH

?PR?_INICIALIZA?LINTECH                          -----    -----      -----    -----      0002H    000CH
  +--> ?CO?LINTECH
  +--> ?PR?_DEBUG_TXT_TIBBO?TIBBO
  +--> ?PR?_DEBUGBUFFERMF?TIBBO
  +--> ?PR?_ESCRIBIRCADENASOFT_BUFFER?MAIN

?PR?_DEBUGBUFFERMF?TIBBO                         -----    -----      -----    -----      0027H    0006H
  +--> ?CO?TIBBO
  +--> ?PR?_DEBUG_TXT_TIBBO?TIBBO
  +--> ?PR?_DEBUG_CHR_TIBBO?TIBBO
  +--> ?PR?_TX_AUX?TIBBO

?PR?_ESCRIBIRCADENASOFT_BUFFER?MAIN              -----    -----      -----    -----      0027H    0006H
  +--> ?PR?_PUTCHAR?MAIN

?PR?TRAMA_VALIDACION_P_N?VERIFICADOR             -----    -----      -----    -----      -----    -----
  +--> ?CO?VERIFICADOR
  +--> ?PR?_DEBUG_TXT_TIBBO?TIBBO

?PR?DWLOAD_EEPROM?LINTECH                        -----    -----      -----    -----      0002H    0016H
  +--> ?CO?LINTECH
  +--> ?PR?_DEBUG_TXT_TIBBO?TIBBO
  +--> ?PR?_DEBUGBUFFERMF?TIBBO
  +--> ?PR?_ESCRIBIRCADENASOFT_BUFFER?MAIN

?PR?RX_MONITOR?MONITOR                           -----    -----      -----    -----      0009H    000DH
  +--> ?PR?_RECIBE_CMD_MONITOR?MONITOR
  +--> ?PR?_DEBUG_MONITOR?TIBBO
  +--> ?PR?_VALIDA_TRAMA_MONITOR?MONITOR

?PR?_RECIBE_CMD_MONITOR?MONITOR                  -----    -----      -----    -----      0016H    0009H
  +--> ?PR?RX_DATA?TIBBO

?PR?RX_DATA?TIBBO                                -----    -----      -----    -----      -----    -----
  +--> ?PR?TIME_MBIT?TIBBO
  +--> ?PR?TIME_BIT?TIBBO

?PR?_DEBUG_MONITOR?TIBBO                         -----    -----      -----    -----      0016H    0004H
BL51 BANKED LINKER/LOCATER V6.22.2.0                                                  08/02/2021  16:39:51  PAGE 15


  +--> ?PR?DEBUG_DIVIDIR_TEXTO?TIBBO
  +--> ?CO?TIBBO
  +--> ?PR?_DEBUG_TXT_TIBBO?TIBBO

?PR?DEBUG_DIVIDIR_TEXTO?TIBBO                    -----    -----      -----    -----      -----    -----
  +--> ?CO?TIBBO
  +--> ?PR?_DEBUG_TXT_TIBBO?TIBBO

?PR?_VALIDA_TRAMA_MONITOR?MONITOR                -----    -----      -----    -----      0016H    0006H
  +--> ?PR?_DELAY_10MS?DELAY
  +--> ?PR?_TX_AUX?TIBBO

?PR?_DELAY_10MS?DELAY                            -----    -----      -----    -----      001CH    0004H
  +--> ?PR?_DELAY_1MS?DELAY

?PR?_SECUENCIAEXPEDIDORMF?VERIFICADOR            -----    -----      -----    -----      0001H    0001H
  +--> ?PR?_CHECK_STATUS?LINTECH
  +--> ?PR?_LOAD_SECUENCIA_EXPEDIDOR?VERIFIC...
  +--> ?PR?RX_MONITOR?MONITOR
  +--> ?PR?_RTA_CMD_TRANSPORTE?VERIFICADOR
  +--> ?PR?_MOV_CARD?LINTECH
  +--> ?PR?_CARD_INSERCION?LINTECH
  +--> ?PR?AUT_CARD_CHECK_STATUS?LINTECH
  +--> ?PR?LOADVERIFY_EEPROM?LINTECH
  +--> ?PR?_RD_MF?LINTECH
  +--> ?PR?_WR_MF?LINTECH
  +--> ?PR?ANALIZA_CARD_MOUNT_RF?VERIFICADOR
  +--> ?PR?DWLOAD_EEPROM?LINTECH
  +--> ?PR?ENTREGA_CARD_CAPTURA?VERIFICADOR
  +--> ?PR?_SEND_PTO_PARALELO?VERIFICADOR
  +--> ?PR?_WAIT_PLACA?VERIFICADOR
  +--> ?PR?UNIQUE_IDENTIFIER_UID?LINTECH
  +--> ?PR?_PREGUNTA_LPR?VERIFICADOR
  +--> ?PR?PREGUNTA_PLACA?VERIFICADOR
  +--> ?PR?_VALIDA_TIPO_TARJETA?VERIFICADOR
  +--> ?PR?POWER_OFF?LINTECH
  +--> ?PR?CLAVE_SEGURIDAD_S2?LINTECH
  +--> ?PR?_RESPONDE_REELECTURA_TARJETA_SECT...
  +--> ?PR?RESPONDE_ESTADO_SENSORES_TRANSPOR...
  +--> ?PR?RESPONDE_TIPO_TARJETA?VERIFICADOR
  +--> ?PR?_RESPONDE_LECTURA_TARJETA_SECTOR1...
  +--> ?PR?_RESPONDE_LECTURA_TARJETA_SECTOR1...
  +--> ?PR?_RESPONDE_LECTURA_TARJETA_SECTOR1...
  +--> ?PR?_RESPONDE_WRITE_TARJETA_SECTOR1_B...
  +--> ?PR?_RESPONDE_WRITE_TARJETA_SECTOR2_B...
  +--> ?PR?_RESPONDE_WRITE_TARJETA_SECTOR1_B...
  +--> ?PR?_RESPONDE_WRITE_TARJETA_SECTOR1_B...
  +--> ?PR?_DISPARO_LOCK_ENTRADA_VEHICULO?VE...
  +--> ?PR?_RESPUESTA_SEGUNDA_CLAVE?VERIFICADOR
  +--> ?PR?ANALIZA_PRESENCIA_MENSUAL?VERIFIC...
  +--> ?PR?_ANALIZA_UID_CARD?VERIFICADOR
  +--> ?PR?ANALIZA_PRESENCIA_ROTACION?VERIFI...
  +--> ?CO?VERIFICADOR
  +--> ?PR?_DEBUG_TXT_TIBBO?TIBBO

?PR?_CHECK_STATUS?LINTECH                        -----    -----      -----    -----      0002H    000BH
  +--> ?CO?LINTECH
BL51 BANKED LINKER/LOCATER V6.22.2.0                                                  08/02/2021  16:39:51  PAGE 16


  +--> ?PR?_DEBUG_TXT_TIBBO?TIBBO
  +--> ?PR?_DEBUGBUFFERMF?TIBBO
  +--> ?PR?_ESCRIBIRCADENASOFT_BUFFER?MAIN

?PR?_LOAD_SECUENCIA_EXPEDIDOR?VERIFIC...         -----    -----      -----    -----      0002H    0009H

?PR?_RTA_CMD_TRANSPORTE?VERIFICADOR              -----    -----      -----    -----      0002H    0005H
  +--> ?PR?TRAMA_VALIDACION_P_N?VERIFICADOR
  +--> ?CO?VERIFICADOR
  +--> ?PR?_DEBUG_TXT_TIBBO?TIBBO
  +--> ?PR?_DEBUGBUFFERMF?TIBBO
  +--> ?PR?ERROR_RX_PTO?VERIFICADOR

?PR?ERROR_RX_PTO?VERIFICADOR                     -----    -----      -----    -----      0007H    0001H
  +--> ?CO?VERIFICADOR
  +--> ?PR?_DEBUG_TXT_TIBBO?TIBBO
  +--> ?PR?_DEBUG_CHR_TIBBO?TIBBO
  +--> ?PR?_DELAY_10MS?DELAY

?PR?_MOV_CARD?LINTECH                            -----    -----      -----    -----      0002H    000CH
  +--> ?CO?LINTECH
  +--> ?PR?_DEBUG_TXT_TIBBO?TIBBO
  +--> ?PR?_DEBUGBUFFERMF?TIBBO
  +--> ?PR?_ESCRIBIRCADENASOFT_BUFFER?MAIN

?PR?_CARD_INSERCION?LINTECH                      -----    -----      -----    -----      0002H    000AH
  +--> ?CO?LINTECH
  +--> ?PR?_DEBUG_TXT_TIBBO?TIBBO
  +--> ?PR?_DEBUGBUFFERMF?TIBBO
  +--> ?PR?_ESCRIBIRCADENASOFT_BUFFER?MAIN

?PR?AUT_CARD_CHECK_STATUS?LINTECH                -----    -----      -----    -----      0002H    000BH
  +--> ?CO?LINTECH
  +--> ?PR?_DEBUG_TXT_TIBBO?TIBBO
  +--> ?PR?_DEBUGBUFFERMF?TIBBO
  +--> ?PR?_ESCRIBIRCADENASOFT_BUFFER?MAIN

?PR?LOADVERIFY_EEPROM?LINTECH                    -----    -----      -----    -----      0002H    0010H
  +--> ?CO?LINTECH
  +--> ?PR?_DEBUG_TXT_TIBBO?TIBBO
  +--> ?PR?_DEBUGBUFFERMF?TIBBO
  +--> ?PR?_ESCRIBIRCADENASOFT_BUFFER?MAIN

?PR?_RD_MF?LINTECH                               -----    -----      -----    -----      0002H    0012H
  +--> ?CO?LINTECH
  +--> ?PR?_DEBUG_TXT_TIBBO?TIBBO
  +--> ?PR?_DEBUG_CHR_TIBBO?TIBBO
  +--> ?PR?_DEBUGBUFFERMF?TIBBO
  +--> ?PR?_ESCRIBIRCADENASOFT_BUFFER?MAIN

?PR?_WR_MF?LINTECH                               -----    -----      -----    -----      0002H    0025H
  +--> ?CO?LINTECH
  +--> ?PR?_DEBUG_TXT_TIBBO?TIBBO
  +--> ?PR?_DEBUG_CHR_TIBBO?TIBBO
  +--> ?PR?_DEBUGBUFFERMF?TIBBO
  +--> ?PR?_ESCRIBIRCADENASOFT_BUFFER?MAIN

BL51 BANKED LINKER/LOCATER V6.22.2.0                                                  08/02/2021  16:39:51  PAGE 17


?PR?ANALIZA_CARD_MOUNT_RF?VERIFICADOR            -----    -----      -----    -----      0002H    0001H
  +--> ?CO?VERIFICADOR
  +--> ?PR?_DEBUG_TXT_TIBBO?TIBBO

?PR?ENTREGA_CARD_CAPTURA?VERIFICADOR             -----    -----      -----    -----      0002H    0001H
  +--> ?CO?VERIFICADOR
  +--> ?PR?_DEBUG_TXT_TIBBO?TIBBO
  +--> ?PR?SEL_SENSOR2?IO_SENSORES
  +--> ?PR?VALIDASENSOR?IO_SENSORES
  +--> ?PR?VALIDA_SENSOR1_AUTO?IO_SENSORES

?PR?VALIDA_SENSOR1_AUTO?IO_SENSORES              -----    -----      -----    -----      0012H    0001H
  +--> ?PR?SEL_SENSOR1?IO_SENSORES
  +--> ?PR?SEL_AUTO?IO_SENSORES
  +--> ?CO?IO_SENSORES
  +--> ?PR?_DEBUG_TXT_TIBBO?TIBBO
  +--> ?PR?BOTTON?IO_SENSORES

?PR?BOTTON?IO_SENSORES                           -----    -----      -----    -----      -----    -----
  +--> ?PR?SEL_PULSA?IO_SENSORES
  +--> ?CO?IO_SENSORES
  +--> ?PR?_DEBUG_TXT_TIBBO?TIBBO

?PR?_SEND_PTO_PARALELO?VERIFICADOR               -----    -----      -----    -----      0002H    0007H
  +--> ?PR?_ARMAR_TRAMA_PTO_PARALELO_EXPEDID...
  +--> ?PR?_ARMAR_TRAMA_PTO_PARALELO_EXPEDID...
  +--> ?PR?INCREMENTE_TICKET?EEPROM
  +--> ?PR?_SEND_PORT?PTO_PARALELO
  +--> ?CO?VERIFICADOR
  +--> ?PR?_DEBUG_TXT_TIBBO?TIBBO
  +--> ?PR?_DEBUGBUFFERMF?TIBBO
  +--> ?PR?CLEAR_PLACA?MONITOR

?PR?_ARMAR_TRAMA_PTO_PARALELO_EXPEDID...         -----    -----      -----    -----      0009H    0006H
  +--> ?PR?_BCD_HEX?CLOCK
  +--> ?PR?_RD_EEPROM?EEPROM

?PR?_ARMAR_TRAMA_PTO_PARALELO_EXPEDID...         -----    -----      -----    -----      0009H    0012H
  +--> ?PR?LEE_NO_TICKET?EEPROM
  +--> ?PR?_STRCAT?STRCAT
  +--> ?PR?_STRLEN?STRLEN
  +--> ?PR?_BCD_HEX?CLOCK
  +--> ?PR?_RD_EEPROM?EEPROM

?PR?INCREMENTE_TICKET?EEPROM                     -----    -----      -----    -----      0009H    000BH
  +--> ?PR?READ_EEPROM_TICKET?EEPROM
  +--> ?CO?EEPROM
  +--> ?PR?PRINTF?PRINTF
  +--> ?PR?_WRITE_EEPROM_TICKET?EEPROM

?PR?_WRITE_EEPROM_TICKET?EEPROM                  -----    -----      -----    -----      0016H    000BH
  +--> ?CO?EEPROM
  +--> ?PR?_DEBUG_TXT_TIBBO?TIBBO
  +--> ?PR?_ATOL?ATOL
  +--> ?PR?_DEBUG_CHR_TIBBO?TIBBO
  +--> ?PR?_WR_EEPROM?EEPROM

BL51 BANKED LINKER/LOCATER V6.22.2.0                                                  08/02/2021  16:39:51  PAGE 18


?PR?_ATOL?ATOL                                   0020H.0  0000H.1    -----    -----      0021H    0007H
  +--> ?PR?_ISSPACE?ISSPACE
  +--> ?PR?_ISDIGIT?ISDIGIT

?PR?_SEND_PORT?PTO_PARALELO                      -----    -----      -----    -----      0016H    000AH
  +--> ?PR?PULSO_BUS?PTO_PARALELO
  +--> ?PR?_DELAY_20US?DELAY

?PR?PULSO_BUS?PTO_PARALELO                       -----    -----      -----    -----      -----    -----
  +--> ?PR?_DELAY_20US?DELAY

?PR?_WAIT_PLACA?VERIFICADOR                      -----    -----      -----    -----      0002H    0007H
  +--> ?CO?VERIFICADOR
  +--> ?PR?_DEBUG_TXT_TIBBO?TIBBO
  +--> ?PR?RX_MONITOR?MONITOR
  +--> ?PR?_RESPUESTA_PLACA_CANCEL?VERIFICADOR

?PR?_RESPUESTA_PLACA_CANCEL?VERIFICADOR          -----    -----      -----    -----      0009H    000AH
  +--> ?CO?VERIFICADOR
  +--> ?PR?_DEBUG_TXT_TIBBO?TIBBO
  +--> ?PR?_ARMAR_TRAMA_TARJETA_SECTOR1_BLOQ...

?PR?_ARMAR_TRAMA_TARJETA_SECTOR1_BLOQ...         -----    -----      -----    -----      0013H    0004H
  +--> ?PR?CLEAR_PLACA?MONITOR
  +--> ?PR?_RD_EEPROM?EEPROM

?PR?UNIQUE_IDENTIFIER_UID?LINTECH                -----    -----      -----    -----      0002H    000BH
  +--> ?CO?LINTECH
  +--> ?PR?_DEBUG_TXT_TIBBO?TIBBO
  +--> ?PR?_DEBUGBUFFERMF?TIBBO
  +--> ?PR?_ESCRIBIRCADENASOFT_BUFFER?MAIN

?PR?_PREGUNTA_LPR?VERIFICADOR                    -----    -----      -----    -----      0002H    0003H
  +--> ?CO?VERIFICADOR
  +--> ?PR?_DEBUG_TXT_TIBBO?TIBBO
  +--> ?PR?_HORA_ENTRADA_VEHICULO?CLOCK
  +--> ?PR?_RD_EEPROM?EEPROM
  +--> ?PR?_ARMAR_TRAMA_MONITOR?VERIFICADOR

?PR?_HORA_ENTRADA_VEHICULO?CLOCK                 -----    -----      -----    -----      0005H    0003H
  +--> ?PR?_LEE_CLK?CLOCK

?PR?_ARMAR_TRAMA_MONITOR?VERIFICADOR             -----    -----      -----    -----      0005H    000FH
  +--> ?PR?DIR_BOARD_MONITOR?IO_SENSORES
  +--> ?PR?LEE_NO_TICKET?EEPROM
  +--> ?PR?_STRCAT?STRCAT
  +--> ?PR?_BYTEHEX_DECIMAL?CLOCK
  +--> ?PR?_STRLEN?STRLEN
  +--> ?PR?_TWO_BYTEHEX_DECIMAL?CLOCK

?PR?DIR_BOARD_MONITOR?IO_SENSORES                -----    -----      -----    -----      -----    -----
  +--> ?PR?_RD_EEPROM?EEPROM

?PR?_BYTEHEX_DECIMAL?CLOCK                       -----    -----      -----    -----      0014H    0001H

?PR?_TWO_BYTEHEX_DECIMAL?CLOCK                   -----    -----      -----    -----      0014H    000CH
  +--> ?PR?_POW?POW
BL51 BANKED LINKER/LOCATER V6.22.2.0                                                  08/02/2021  16:39:51  PAGE 19



?PR?_POW?POW                                     -----    -----      -----    -----      0020H    000AH
  +--> ?PR?LOG?LOG
  +--> ?PR?EXP?EXP

?PR?LOG?LOG                                      0020H.0  0000H.1    -----    -----      002AH    0004H

?PR?PREGUNTA_PLACA?VERIFICADOR                   -----    -----      -----    -----      0002H    0001H
  +--> ?CO?VERIFICADOR
  +--> ?PR?_DEBUG_TXT_TIBBO?TIBBO
  +--> ?PR?_RD_EEPROM?EEPROM

?PR?_VALIDA_TIPO_TARJETA?VERIFICADOR             -----    -----      -----    -----      0002H    0007H
  +--> ?CO?VERIFICADOR
  +--> ?PR?_DEBUG_TXT_TIBBO?TIBBO
  +--> ?PR?_RD_EEPROM?EEPROM
  +--> ?PR?_TARJETA_MENSUAL?VERIFICADOR
  +--> ?PR?_SEND_PORTERR?PTO_PARALELO
  +--> ?PR?_PANTALLALCD?PANTALLAS
  +--> ?PR?CAPTURA_EXPULSA?VERIFICADOR
  +--> ?PR?_TARJETA_ROTACION?VERIFICADOR

?PR?_TARJETA_MENSUAL?VERIFICADOR                 -----    -----      -----    -----      0009H    0007H
  +--> ?PR?_HORARIOS?VERIFICADOR
  +--> ?PR?_CHECK_FECHAOUT?CLOCK
  +--> ?PR?_VALIDA_VEHICULO_CARD_MENSUAL?VER...
  +--> ?PR?CAPTURA_EXPULSA?VERIFICADOR
  +--> ?CO?VERIFICADOR
  +--> ?PR?_DEBUG_TXT_TIBBO?TIBBO
  +--> ?PR?_ARMAR_TRAMA_TARJETA_SECTOR1_BLOQ...
  +--> ?PR?_SEND_PORTERR?PTO_PARALELO
  +--> ?PR?_PANTALLALCD?PANTALLAS

?PR?_HORARIOS?VERIFICADOR                        -----    -----      -----    -----      0010H    0013H
  +--> ?PR?ADDR_HORARIOS?PROG
  +--> ?PR?_RD_EEPROM?EEPROM
  +--> ?PR?_LEE_CLK?CLOCK
  +--> ?CO?VERIFICADOR
  +--> ?PR?_DEBUG_TXT_TIBBO?TIBBO
  +--> ?PR?_DEBUG_CHR_TIBBO?TIBBO
  +--> ?PR?_BLOQUE_HORARIO?VERIFICADOR
  +--> ?PR?_PANTALLALCD?PANTALLAS

?PR?_BLOQUE_HORARIO?VERIFICADOR                  -----    -----      -----    -----      0023H    0007H
  +--> ?CO?VERIFICADOR
  +--> ?PR?_DEBUG_TXT_TIBBO?TIBBO
  +--> ?PR?_LEE_CLK?CLOCK
  +--> ?PR?_DEBUG_CHR_TIBBO?TIBBO
  +--> ?PR?_HORA_MAXIMA?VERIFICADOR
  +--> ?PR?_EN_HORARIO?VERIFICADOR
  +--> ?PR?_RD_EEPROM?EEPROM
  +--> ?PR?_SEND_PORTERR?PTO_PARALELO
  +--> ?PR?_PANTALLALCD?PANTALLAS

?PR?_HORA_MAXIMA?VERIFICADOR                     -----    -----      -----    -----      002FH    0008H
  +--> ?PR?_RD_EEPROM?EEPROM
  +--> ?PR?_DEBUG_CHR_TIBBO?TIBBO
BL51 BANKED LINKER/LOCATER V6.22.2.0                                                  08/02/2021  16:39:51  PAGE 20


  +--> ?CO?VERIFICADOR
  +--> ?PR?_DEBUG_TXT_TIBBO?TIBBO

?PR?_EN_HORARIO?VERIFICADOR                      -----    -----      -----    -----      002AH    0005H
  +--> ?CO?VERIFICADOR
  +--> ?PR?_DEBUG_TXT_TIBBO?TIBBO
  +--> ?PR?_HORA_MAXIMA?VERIFICADOR

?PR?_SEND_PORTERR?PTO_PARALELO                   -----    -----      -----    -----      002AH    0006H
  +--> ?PR?PULSO_BUS?PTO_PARALELO
  +--> ?PR?_DELAY_20US?DELAY

?PR?_PANTALLALCD?PANTALLAS                       -----    -----      -----    -----      002AH    000AH
  +--> ?CO?PANTALLAS
  +--> ?PR?_LCD_TXT?PANTALLAS
  +--> ?PR?_STRLEN?STRLEN
  +--> ?PR?_TX_CHRLCD?PANTALLAS
  +--> ?PR?_RASPBERRY_DATA?PANTALLAS

?PR?_LCD_TXT?PANTALLAS                           -----    -----      -----    -----      0044H    0005H
  +--> ?PR?_TX_CHRLCD?PANTALLAS

?PR?_TX_CHRLCD?PANTALLAS                         -----    -----      -----    -----      0049H    0002H
  +--> ?PR?_PUTCHAR?MAIN

?PR?_RASPBERRY_DATA?PANTALLAS                    -----    -----      -----    -----      0044H    0006H
  +--> ?PR?_STRLEN?STRLEN
  +--> ?PR?_PUTCHAR?MAIN

?PR?_VALIDA_VEHICULO_CARD_MENSUAL?VER...         -----    -----      -----    -----      0010H    0004H
  +--> ?CO?VERIFICADOR
  +--> ?PR?_DEBUG_TXT_TIBBO?TIBBO
  +--> ?PR?_RD_EEPROM?EEPROM
  +--> ?PR?_SEND_PORTERR?PTO_PARALELO

?PR?_ARMAR_TRAMA_TARJETA_SECTOR1_BLOQ...         -----    -----      -----    -----      0010H    0006H
  +--> ?PR?_BCD_HEX?CLOCK
  +--> ?PR?DIR_BOARD?IO_SENSORES

?PR?DIR_BOARD?IO_SENSORES                        -----    -----      -----    -----      0033H    0001H
  +--> ?PR?SEL_DIR1?IO_SENSORES
  +--> ?PR?SEL_DIR2?IO_SENSORES
  +--> ?PR?_RD_EEPROM?EEPROM

?PR?_TARJETA_ROTACION?VERIFICADOR                -----    -----      -----    -----      0009H    0006H
  +--> ?PR?_ARMAR_TRAMA_TARJETA_SECTOR1_BLOQ...

?PR?POWER_OFF?LINTECH                            -----    -----      -----    -----      0002H    000BH
  +--> ?CO?LINTECH
  +--> ?PR?_DEBUG_TXT_TIBBO?TIBBO
  +--> ?PR?_DEBUGBUFFERMF?TIBBO
  +--> ?PR?_ESCRIBIRCADENASOFT_BUFFER?MAIN

?PR?CLAVE_SEGURIDAD_S2?LINTECH                   -----    -----      -----    -----      0002H    0016H
  +--> ?CO?LINTECH
  +--> ?PR?_DEBUG_TXT_TIBBO?TIBBO
  +--> ?PR?_DEBUGBUFFERMF?TIBBO
BL51 BANKED LINKER/LOCATER V6.22.2.0                                                  08/02/2021  16:39:51  PAGE 21


  +--> ?PR?_ESCRIBIRCADENASOFT_BUFFER?MAIN

?PR?_RESPONDE_REELECTURA_TARJETA_SECT...         -----    -----      -----    -----      0002H    000AH
  +--> ?CO?VERIFICADOR
  +--> ?PR?_DEBUG_TXT_TIBBO?TIBBO
  +--> ?PR?_DEBUGBUFFERMF?TIBBO
  +--> ?PR?_ARMAR_TRAMA_TARJETA_SECTOR1_BLOQ...

?PR?_ARMAR_TRAMA_TARJETA_SECTOR1_BLOQ...         -----    -----      -----    -----      000CH    0003H
  +--> ?PR?LEE_NO_TICKET?EEPROM

?PR?RESPONDE_ESTADO_SENSORES_TRANSPOR...         -----    -----      -----    -----      0002H    0001H
  +--> ?CO?VERIFICADOR
  +--> ?PR?_DEBUG_TXT_TIBBO?TIBBO
  +--> ?PR?_SEND_PORTERR?PTO_PARALELO
  +--> ?PR?INGRESO_VEHICULO?VERIFICADOR

?PR?INGRESO_VEHICULO?VERIFICADOR                 -----    -----      -----    -----      -----    -----
  +--> ?PR?VALIDASENSORESPASO?IO_SENSORES
  +--> ?PR?_RD_EEPROM?EEPROM
  +--> ?CO?VERIFICADOR
  +--> ?PR?_DEBUG_TXT_TIBBO?TIBBO
  +--> ?PR?_SEND_PORTERR?PTO_PARALELO
  +--> ?PR?_PANTALLALCD?PANTALLAS
  +--> ?PR?BOTTON?IO_SENSORES

?PR?VALIDASENSORESPASO?IO_SENSORES               -----    -----      -----    -----      0011H    0001H
  +--> ?PR?SEL_SENSOR2?IO_SENSORES
  +--> ?PR?VALIDASENSOR?IO_SENSORES
  +--> ?PR?VALIDA_SENSOR1_AUTO?IO_SENSORES
  +--> ?CO?IO_SENSORES
  +--> ?PR?_DEBUG_TXT_TIBBO?TIBBO

?PR?RESPONDE_TIPO_TARJETA?VERIFICADOR            -----    -----      -----    -----      0002H    0001H
  +--> ?CO?VERIFICADOR
  +--> ?PR?_DEBUG_TXT_TIBBO?TIBBO
  +--> ?PR?_SEND_PORTERR?PTO_PARALELO
  +--> ?PR?_PANTALLALCD?PANTALLAS
  +--> ?PR?CAPTURA_EXPULSA?VERIFICADOR

?PR?_RESPONDE_LECTURA_TARJETA_SECTOR1...         -----    -----      -----    -----      0002H    0016H
  +--> ?CO?VERIFICADOR
  +--> ?PR?_DEBUG_TXT_TIBBO?TIBBO
  +--> ?PR?_DEBUGBUFFERMF?TIBBO
  +--> ?PR?_RD_EEPROM?EEPROM
  +--> ?PR?_DEBUG_HEXDEC?TIBBO
  +--> ?PR?_DEBUG_CHR_TIBBO?TIBBO
  +--> ?PR?_SEND_PORTERR?PTO_PARALELO
  +--> ?PR?_PANTALLALCD?PANTALLAS
  +--> ?PR?CAPTURA_EXPULSA?VERIFICADOR

?PR?_DEBUG_HEXDEC?TIBBO                          -----    -----      -----    -----      0018H    0002H
  +--> ?PR?_TX_AUX?TIBBO

?PR?_RESPONDE_LECTURA_TARJETA_SECTOR1...         -----    -----      -----    -----      0002H    0004H
  +--> ?CO?VERIFICADOR
  +--> ?PR?_DEBUG_TXT_TIBBO?TIBBO
BL51 BANKED LINKER/LOCATER V6.22.2.0                                                  08/02/2021  16:39:51  PAGE 22


  +--> ?PR?CAPTURA_EXPULSA?VERIFICADOR

?PR?_RESPONDE_LECTURA_TARJETA_SECTOR1...         -----    -----      -----    -----      0002H    0015H
  +--> ?CO?VERIFICADOR
  +--> ?PR?_DEBUG_TXT_TIBBO?TIBBO
  +--> ?PR?_DEBUGBUFFERMF?TIBBO
  +--> ?PR?_DEBUG_CHR_TIBBO?TIBBO
  +--> ?PR?CAPTURA_EXPULSA?VERIFICADOR

?PR?_RESPONDE_WRITE_TARJETA_SECTOR1_B...         -----    -----      -----    -----      0002H    0007H
  +--> ?CO?VERIFICADOR
  +--> ?PR?_DEBUG_TXT_TIBBO?TIBBO
  +--> ?PR?_DEBUGBUFFERMF?TIBBO

?PR?_RESPONDE_WRITE_TARJETA_SECTOR2_B...         -----    -----      -----    -----      0002H    0003H
  +--> ?CO?VERIFICADOR
  +--> ?PR?_DEBUG_TXT_TIBBO?TIBBO
  +--> ?PR?_DEBUGBUFFERMF?TIBBO

?PR?_RESPONDE_WRITE_TARJETA_SECTOR1_B...         -----    -----      -----    -----      0002H    0003H
  +--> ?CO?VERIFICADOR
  +--> ?PR?_DEBUG_TXT_TIBBO?TIBBO
  +--> ?PR?_DEBUGBUFFERMF?TIBBO

?PR?_RESPONDE_WRITE_TARJETA_SECTOR1_B...         -----    -----      -----    -----      0002H    0003H
  +--> ?CO?VERIFICADOR
  +--> ?PR?_DEBUG_TXT_TIBBO?TIBBO
  +--> ?PR?_DEBUGBUFFERMF?TIBBO

?PR?_DISPARO_LOCK_ENTRADA_VEHICULO?VE...         -----    -----      -----    -----      0002H    0004H
  +--> ?CO?VERIFICADOR
  +--> ?PR?_DEBUG_TXT_TIBBO?TIBBO
  +--> ?PR?_SEND_PORTERR?PTO_PARALELO
  +--> ?PR?_PANTALLALCD_LINEA_2?PANTALLAS
  +--> ?PR?VALIDA_SENSOR1_AUTO?IO_SENSORES
  +--> ?PR?_PANTALLALCD?PANTALLAS

?PR?_PANTALLALCD_LINEA_2?PANTALLAS               -----    -----      -----    -----      0011H    0033H
  +--> ?CO?PANTALLAS
  +--> ?PR?_LCD_TXT?PANTALLAS
  +--> ?PR?_STRLEN?STRLEN
  +--> ?PR?_TX_CHRLCD?PANTALLAS
  +--> ?PR?_RASPBERRY_DATA?PANTALLAS
  +--> ?PR?LEE_NO_TICKET?EEPROM
  +--> ?PR?_STRCAT?STRCAT

?PR?_RESPUESTA_SEGUNDA_CLAVE?VERIFICADOR         -----    -----      -----    -----      0002H    0006H
  +--> ?CO?VERIFICADOR
  +--> ?PR?_DEBUG_TXT_TIBBO?TIBBO
  +--> ?PR?_DEBUGBUFFERMF?TIBBO
  +--> ?PR?_ARMAR_TRAMA_PLACA?VERIFICADOR

?PR?_ARMAR_TRAMA_PLACA?VERIFICADOR               -----    -----      -----    -----      0008H    0003H
  +--> ?PR?_STRLEN?STRLEN

?PR?ANALIZA_PRESENCIA_MENSUAL?VERIFIC...         -----    -----      -----    -----      0002H    0001H
  +--> ?PR?VALIDASENSORESPASO?IO_SENSORES
BL51 BANKED LINKER/LOCATER V6.22.2.0                                                  08/02/2021  16:39:51  PAGE 23


  +--> ?PR?_RD_EEPROM?EEPROM
  +--> ?PR?_SEND_PORTERR?PTO_PARALELO
  +--> ?PR?_PANTALLALCD?PANTALLAS

?PR?_ANALIZA_UID_CARD?VERIFICADOR                -----    -----      -----    -----      0002H    0015H
  +--> ?CO?VERIFICADOR
  +--> ?PR?_DEBUG_TXT_TIBBO?TIBBO
  +--> ?PR?_DEBUGBUFFERMF?TIBBO
  +--> ?PR?_DEBUG_CHR_TIBBO?TIBBO

?PR?ANALIZA_PRESENCIA_ROTACION?VERIFI...         -----    -----      -----    -----      0002H    0001H
  +--> ?PR?VALIDASENSORESPASO?IO_SENSORES
  +--> ?PR?_SEND_PORTERR?PTO_PARALELO
  +--> ?PR?_PANTALLALCD?PANTALLAS

?PR?_RECIBE_PORT?PTO_PARALELO                    -----    -----      -----    -----      0001H    0008H
  +--> ?PR?OFF_TIMER0_INTERRUP?MAIN
  +--> ?PR?ON_TIMER0_INTERRUP?MAIN

?PR?_DEBUG_PTO_PARALELO?TIBBO                    -----    -----      -----    -----      0001H    0004H
  +--> ?CO?TIBBO
  +--> ?PR?_DEBUG_TXT_TIBBO?TIBBO
  +--> ?PR?_DEBUGBUFFERMF?TIBBO
  +--> ?PR?DEBUG_DIVIDIR_TEXTO?TIBBO

?PR?_VALIDA_TRAMA_PTO?ACCESCAN                   -----    -----      -----    -----      0001H    0010H
  +--> ?CO?ACCESCAN
  +--> ?PR?_DEBUG_TXT_TIBBO?TIBBO
  +--> ?PR?_DEBUG_CHR_TIBBO?TIBBO
  +--> ?PR?_VALIDAR_CLK?CLOCK
  +--> ?PR?_BLOCK_WRITE_CLOCK_ASCII?CLOCK
  +--> ?PR?RELOJ_PANTALLA_LCD?PANTALLAS
  +--> ?PR?_SEND_PORT?PTO_PARALELO
  +--> ?PR?_PANTALLALCD?PANTALLAS
  +--> ?PR?FORMATO_EEPROM?EEPROM
  +--> ?PR?_BYTEHEX_DECIMAL?CLOCK
  +--> ?PR?_TWO_BYTEHEX_DECIMAL?CLOCK
  +--> ?PR?VALIDASENSORESPASO?IO_SENSORES
  +--> ?PR?_CMD_LPR_SALIDA_WIEGAND?ACCESCAN
  +--> ?PR?_PANTALLALCD_LINEA_2?PANTALLAS
  +--> ?PR?_GRABA_SERIE?EEPROM

?PR?_BLOCK_WRITE_CLOCK_ASCII?CLOCK               -----    -----      -----    -----      0011H    0003H
  +--> ?CO?CLOCK
  +--> ?PR?_DEBUG_TXT_TIBBO?TIBBO
  +--> ?PR?_TWO_ONE?CLOCK
  +--> ?PR?_WR_CLK?CLOCK

?PR?_WR_CLK?CLOCK                                -----    -----      -----    -----      0014H    0002H
  +--> ?PR?_DELAY_20US?DELAY
  +--> ?PR?_EB_CLK?CLOCK

?PR?RELOJ_PANTALLA_LCD?PANTALLAS                 -----    -----      -----    -----      0011H    000DH
  +--> ?CO?PANTALLAS
  +--> ?PR?_BLOCK_READ_CLOCK?CLOCK
  +--> ?PR?_LCD_TXT_NUM_CHAR?PANTALLAS
  +--> ?PR?_BLOCK_READ_CLOCK_ASCII_RASBERRY?...
BL51 BANKED LINKER/LOCATER V6.22.2.0                                                  08/02/2021  16:39:51  PAGE 24


  +--> ?PR?_STRCAT?STRCAT
  +--> ?PR?_RASPBERRY_DATA?PANTALLAS

?PR?_BLOCK_READ_CLOCK?CLOCK                      -----    -----      -----    -----      001EH    0003H
  +--> ?PR?_LEE_CLK?CLOCK

?PR?_LCD_TXT_NUM_CHAR?PANTALLAS                  -----    -----      -----    -----      001EH    0006H
  +--> ?PR?_TX_CHRLCD?PANTALLAS

?PR?_BLOCK_READ_CLOCK_ASCII_RASBERRY?...         -----    -----      -----    -----      001EH    0003H
  +--> ?PR?_LEE_CLK?CLOCK

?PR?FORMATO_EEPROM?EEPROM                        -----    -----      -----    -----      0011H    0003H
  +--> ?PR?_WR_EEPROM?EEPROM

?PR?_CMD_LPR_SALIDA_WIEGAND?ACCESCAN             -----    -----      -----    -----      0011H    0022H
  +--> ?PR?DIR_BOARD?IO_SENSORES
  +--> ?PR?_BLOCK_READ_CLOCK_ASCII?CLOCK
  +--> ?PR?_MONITOR_CHR?ACCESCAN

?PR?_MONITOR_CHR?ACCESCAN                        -----    -----      -----    -----      0033H    0005H
  +--> ?PR?_TX_AUX?TIBBO

?PR?_GRABA_SERIE?EEPROM                          -----    -----      -----    -----      0011H    0005H
  +--> ?CO?EEPROM
  +--> ?PR?_DEBUG_TXT_TIBBO?TIBBO
  +--> ?PR?_WRITE_EEPROM_TICKET?EEPROM
  +--> ?PR?_WR_EEPROM?EEPROM

?PR?MSJ_LCD_INFORMATIVO?IO_SENSORES              -----    -----      -----    -----      0001H    0001H
  +--> ?PR?SEL_FUNCION?IO_SENSORES
  +--> ?PR?VALIDASENSOR_CERO?IO_SENSORES
  +--> ?CO?IO_SENSORES
  +--> ?PR?_DEBUG_TXT_TIBBO?TIBBO
  +--> ?PR?_DEBUG_CHR_TIBBO?TIBBO
  +--> ?PR?LOAD_AND_SEND_INFO_RELOJ?PTO_PARA...
  +--> ?PR?VALIDASENSOR?IO_SENSORES
  +--> ?PR?_DELAY_10MS?DELAY
  +--> ?PR?LOAD_AND_SEND_ID_COD?PTO_PARALELO

?PR?LOAD_AND_SEND_INFO_RELOJ?PTO_PARA...         -----    -----      -----    -----      0002H    000BH
  +--> ?PR?_BLOCK_READ_CLOCK?CLOCK
  +--> ?PR?_LEE_CLK?CLOCK
  +--> ?CO?PTO_PARALELO
  +--> ?PR?_DEBUG_TXT_TIBBO?TIBBO
  +--> ?PR?_DEBUGBUFFERMF?TIBBO
  +--> ?PR?DEBUG_DIVIDIR_TEXTO?TIBBO
  +--> ?PR?_SEND_PORT?PTO_PARALELO

?PR?LOAD_AND_SEND_ID_COD?PTO_PARALELO            -----    -----      -----    -----      0002H    0014H
  +--> ?PR?_RD_EEPROM?EEPROM
  +--> ?CO?PTO_PARALELO
  +--> ?PR?PRINTF?PRINTF
  +--> ?PR?_STRCAT?STRCAT
  +--> ?PR?_STRLEN?STRLEN
  +--> ?PR?_DEBUG_TXT_TIBBO?TIBBO
  +--> ?PR?_DEBUGBUFFERMF?TIBBO
BL51 BANKED LINKER/LOCATER V6.22.2.0                                                  08/02/2021  16:39:51  PAGE 25


  +--> ?PR?DEBUG_DIVIDIR_TEXTO?TIBBO
  +--> ?PR?_SEND_PORT?PTO_PARALELO



SYMBOL TABLE OF MODULE:  .\Objects\expedidor_v_01_raspberry (MAIN)

  VALUE           TYPE          NAME
  ----------------------------------

  -------         MODULE        MAIN
  C:0000H         SYMBOL        _ICE_DUMMY_
  D:0080H         PUBLIC        P0
  D:0090H         PUBLIC        P1
  C:C138H         PUBLIC        timer0_int
  D:00B0H         PUBLIC        P3
  B:00A8H.7       PUBLIC        EA
  C:C553H         PUBLIC        off_Timer0_Interrup
  X:0171H         PUBLIC        ValTimeOutCom
  X:0172H         PUBLIC        Buffer_Rta_Lintech
  X:01A4H         PUBLIC        Timer_wait
  B:0021H.1       PUBLIC        pto_paraleo
  X:01A5H         PUBLIC        g_cContByteRx
  B:0080H.0       PUBLIC        rx_ip
  C:AFE6H         PUBLIC        main
  X:01A6H         PUBLIC        Timer_tivo
  B:0080H.3       PUBLIC        Atascado_GP0_PIN_3
  C:B754H         PUBLIC        variable_inicio
  B:0090H.7       PUBLIC        lock
  I:0023H         PUBLIC        rbuf
  C:C549H         PUBLIC        on_Timer0_Interrup
  I:0055H         PUBLIC        tbuf
  B:0090H.1       PUBLIC        DataIn
  D:0089H         PUBLIC        TMOD
  X:01A8H         PUBLIC        USE_LPR
  X:01A9H         PUBLIC        Debug_Tibbo
  X:01AAH         PUBLIC        Raspberry
  X:01ABH         PUBLIC        SIN_COBRO
  X:01ADH         PUBLIC        Tipo_Vehiculo
  B:00B0H.3       PUBLIC        busy
  C:C4AAH         PUBLIC        ini_timer
  B:00A8H.1       PUBLIC        ET0
  B:0088H.5       PUBLIC        TF0
  D:008CH         PUBLIC        TH0
  X:01AEH         PUBLIC        ACK
  X:01AFH         PUBLIC        g_cEstadoComSoft
  D:008AH         PUBLIC        TL0
  B:0088H.4       PUBLIC        TR0
  C:C4BAH         PUBLIC        inicia_board
  X:01B0H         PUBLIC        T_GRACIA
  B:0080H.7       PUBLIC        sel_com
  X:01B2H         PUBLIC        STX_LINTECH
  C:C4D9H         PUBLIC        _getkey
  X:01B3H         PUBLIC        ETX
  C:B9F0H         PUBLIC        _EscribirCadenaSoft_buffer
  B:0021H.2       PUBLIC        buffer_ready
  C:BCCCH         PUBLIC        _putchar
BL51 BANKED LINKER/LOCATER V6.22.2.0                                                  08/02/2021  16:39:51  PAGE 26


  B:0021H.3       PUBLIC        placa_ready
  -------         PROC          TIMER0_INT
  C:C138H         LINE#         16
  C:C13EH         LINE#         19
  C:C144H         LINE#         20
  C:C149H         LINE#         21
  C:C149H         LINE#         22
  C:C14FH         LINE#         23
  C:C14FH         LINE#         25
  C:C15DH         LINE#         26
  C:C15FH         LINE#         28
  -------         ENDPROC       TIMER0_INT
  -------         PROC          INI_TIMER
  C:C4AAH         LINE#         31
  C:C4AAH         LINE#         32
  C:C4AAH         LINE#         34
  C:C4B2H         LINE#         36
  C:C4B5H         LINE#         37
  C:C4B7H         LINE#         38
  C:C4B9H         LINE#         40
  -------         ENDPROC       INI_TIMER
  -------         PROC          ON_TIMER0_INTERRUP
  C:C549H         LINE#         43
  C:C549H         LINE#         44
  C:C549H         LINE#         45
  C:C54BH         LINE#         46
  C:C54DH         LINE#         48
  -------         ENDPROC       ON_TIMER0_INTERRUP
  -------         PROC          OFF_TIMER0_INTERRUP
  C:C553H         LINE#         51
  C:C553H         LINE#         52
  C:C553H         LINE#         53
  C:C555H         LINE#         55
  -------         ENDPROC       OFF_TIMER0_INTERRUP
  -------         PROC          _GETKEY
  -------         DO            
  D:0006H         SYMBOL        k
  -------         ENDDO         
  C:C4D9H         LINE#         63
  C:C4D9H         LINE#         64
  C:C4D9H         LINE#         68
  C:C4D9H         LINE#         69
  C:C4DCH         LINE#         70
  C:C4DCH         LINE#         71
  C:C4E4H         LINE#         73
  C:C4E4H         LINE#         74
  -------         ENDPROC       _GETKEY
  -------         PROC          _PUTCHAR
  X:00A7H         SYMBOL        c
  -------         DO            
  X:00A8H         SYMBOL        i
  -------         ENDDO         
  C:BCCCH         LINE#         78
  C:BCD1H         LINE#         79
  C:BCD1H         LINE#         82
  C:BCE0H         LINE#         83
  C:BCE0H         LINE#         84
BL51 BANKED LINKER/LOCATER V6.22.2.0                                                  08/02/2021  16:39:51  PAGE 27


  C:BCF6H         LINE#         85
  C:BCF6H         LINE#         87
  C:BD04H         LINE#         88
  C:BD04H         LINE#         90
  C:BD09H         LINE#         91
  -------         ENDPROC       _PUTCHAR
  -------         PROC          _ESCRIBIRCADENASOFT_BUFFER
  X:0027H         SYMBOL        buffer
  X:002AH         SYMBOL        tamano_cadena
  -------         DO            
  X:002BH         SYMBOL        i
  X:002CH         SYMBOL        d
  -------         ENDDO         
  C:B9F0H         LINE#         95
  C:B9FEH         LINE#         96
  C:B9FEH         LINE#         98
  C:BA0CH         LINE#         99
  C:BA0CH         LINE#         100
  C:BA23H         LINE#         101
  C:BA2DH         LINE#         102
  C:BA35H         LINE#         103
  -------         ENDPROC       _ESCRIBIRCADENASOFT_BUFFER
  -------         PROC          INICIA_BOARD
  C:C4BAH         LINE#         108
  C:C4BAH         LINE#         109
  C:C4BAH         LINE#         110
  C:C4BDH         LINE#         111
  C:C4C0H         LINE#         112
  C:C4C3H         LINE#         113
  C:C4C5H         LINE#         114
  C:C4C7H         LINE#         115
  C:C4C9H         LINE#         117
  -------         ENDPROC       INICIA_BOARD
  -------         PROC          VARIABLE_INICIO
  C:B754H         LINE#         122
  C:B754H         LINE#         123
  C:B754H         LINE#         126
  C:B765H         LINE#         127
  C:B776H         LINE#         128
  C:B784H         LINE#         129
  C:B792H         LINE#         130
  C:B7A0H         LINE#         133
  -------         ENDPROC       VARIABLE_INICIO
  -------         PROC          MAIN
  -------         DO            
  X:0148H         SYMBOL        buffer
  X:0170H         SYMBOL        Estado_Comunicacion_Secuencia_MF
  X:0000H         SYMBOL        Length_trama
  -------         ENDDO         
  C:AFE6H         LINE#         141
  C:AFE6H         LINE#         142
  C:AFE6H         LINE#         149
  C:AFE9H         LINE#         150
  C:AFECH         LINE#         151
  C:AFEFH         LINE#         152
  C:AFF2H         LINE#         153
  C:AFF5H         LINE#         154
BL51 BANKED LINKER/LOCATER V6.22.2.0                                                  08/02/2021  16:39:51  PAGE 28


  C:AFF7H         LINE#         156
  C:AFFAH         LINE#         157
  C:B001H         LINE#         158
  C:B004H         LINE#         160
  C:B009H         LINE#         162
  C:B00CH         LINE#         164
  C:B00FH         LINE#         165
  C:B00FH         LINE#         166
  C:B012H         LINE#         167
  C:B012H         LINE#         170
  C:B015H         LINE#         171
  C:B01BH         LINE#         172
  C:B021H         LINE#         174
  C:B021H         LINE#         175
  C:B021H         LINE#         178
  C:B024H         LINE#         179
  C:B024H         LINE#         180
  C:B027H         LINE#         181
  C:B027H         LINE#         185
  C:B034H         LINE#         190
  C:B03AH         LINE#         191
  C:B03AH         LINE#         193
  C:B049H         LINE#         196
  C:B052H         LINE#         197
  C:B060H         LINE#         202
  C:B060H         LINE#         203
  C:B063H         LINE#         206
  -------         ENDPROC       MAIN
  -------         ENDMOD        MAIN

  -------         MODULE        ACCESCAN
  C:0000H         SYMBOL        _ICE_DUMMY_
  D:0080H         PUBLIC        P0
  D:0090H         PUBLIC        P1
  D:00B0H         PUBLIC        P3
  B:0080H.2       PUBLIC        led_err_imp
  C:BB8BH         PUBLIC        _Monitor_chr
  B:0080H.3       PUBLIC        Atascado_GP0_PIN_3
  B:0090H.7       PUBLIC        lock
  C:36DEH         PUBLIC        _Valida_Trama_Pto
  C:8F6AH         PUBLIC        _Cmd_LPR_Salida_wiegand
  -------         PROC          _VALIDA_TRAMA_PTO
  X:0001H         SYMBOL        buffer
  X:0004H         SYMBOL        length_trama
  -------         DO            
  X:021BH         SYMBOL        cont
  X:0005H         SYMBOL        bcc
  D:0004H         SYMBOL        j
  X:0006H         SYMBOL        buff
  -------         ENDDO         
  C:36DEH         LINE#         113
  C:36ECH         LINE#         114
  C:36ECH         LINE#         117
  C:36EFH         LINE#         123
  C:3732H         LINE#         124
  C:3732H         LINE#         125
  C:373BH         LINE#         126
BL51 BANKED LINKER/LOCATER V6.22.2.0                                                  08/02/2021  16:39:51  PAGE 29


  C:3750H         LINE#         127
  C:3759H         LINE#         128
  C:3766H         LINE#         129
  C:3766H         LINE#         130
  C:3782H         LINE#         131
  C:3785H         LINE#         133
  C:378EH         LINE#         134
  C:3796H         LINE#         135
  C:379FH         LINE#         136
  C:37B8H         LINE#         137
  C:37B8H         LINE#         139
  C:37C8H         LINE#         140
  C:37C8H         LINE#         141
  C:37DBH         LINE#         143
  C:37DEH         LINE#         145
  C:37DEH         LINE#         148
  C:37DEH         LINE#         150
  C:37DEH         LINE#         152
  C:37E4H         LINE#         153
  C:37E8H         LINE#         154
  C:37ECH         LINE#         155
  C:37EFH         LINE#         156
  C:37FAH         LINE#         158
  C:3803H         LINE#         159
  C:380BH         LINE#         160
  C:3813H         LINE#         161
  C:381BH         LINE#         162
  C:3824H         LINE#         163
  C:3824H         LINE#         166
  C:3824H         LINE#         169
  C:3836H         LINE#         170
  C:3836H         LINE#         171
  C:3838H         LINE#         172
  C:383BH         LINE#         174
  C:384DH         LINE#         175
  C:384DH         LINE#         176
  C:384FH         LINE#         177
  C:3852H         LINE#         179
  C:3864H         LINE#         180
  C:3864H         LINE#         181
  C:3866H         LINE#         182
  C:3869H         LINE#         184
  C:3883H         LINE#         185
  C:3883H         LINE#         186
  C:3885H         LINE#         187
  C:3888H         LINE#         189
  C:38A2H         LINE#         190
  C:38A2H         LINE#         191
  C:38A4H         LINE#         192
  C:38A7H         LINE#         194
  C:38B9H         LINE#         195
  C:38B9H         LINE#         196
  C:38BFH         LINE#         197
  C:38CCH         LINE#         198
  C:38CCH         LINE#         199
  C:38D1H         LINE#         200
  C:38D3H         LINE#         201
BL51 BANKED LINKER/LOCATER V6.22.2.0                                                  08/02/2021  16:39:51  PAGE 30


  C:38D8H         LINE#         202
  C:38DAH         LINE#         203
  C:38DCH         LINE#         204
  C:38E0H         LINE#         205
  C:38E0H         LINE#         206
  C:38E1H         LINE#         208
  C:38F9H         LINE#         209
  C:38F9H         LINE#         211
  C:3906H         LINE#         212
  C:3906H         LINE#         213
  C:3908H         LINE#         214
  C:390AH         LINE#         215
  C:390CH         LINE#         216
  C:390EH         LINE#         217
  C:390EH         LINE#         219
  C:3934H         LINE#         220
  C:3934H         LINE#         221
  C:3938H         LINE#         222
  C:393DH         LINE#         223
  C:3946H         LINE#         224
  C:394BH         LINE#         225
  C:394BH         LINE#         228
  C:394CH         LINE#         230
  C:3966H         LINE#         231
  C:3966H         LINE#         232
  C:3968H         LINE#         233
  C:396BH         LINE#         235
  C:399BH         LINE#         236
  C:399BH         LINE#         237
  C:399EH         LINE#         238
  C:399EH         LINE#         240
  C:39B8H         LINE#         241
  C:39B8H         LINE#         242
  C:39BAH         LINE#         243
  C:39BDH         LINE#         245
  C:39D7H         LINE#         246
  C:39D7H         LINE#         247
  C:39D9H         LINE#         248
  C:39DBH         LINE#         250
  C:39F5H         LINE#         251
  C:39F5H         LINE#         252
  C:39F7H         LINE#         253
  C:39F9H         LINE#         256
  C:3A13H         LINE#         257
  C:3A13H         LINE#         258
  C:3A15H         LINE#         259
  C:3A17H         LINE#         263
  C:3A31H         LINE#         264
  C:3A31H         LINE#         265
  C:3A33H         LINE#         266
  C:3A35H         LINE#         269
  C:3A4FH         LINE#         270
  C:3A4FH         LINE#         271
  C:3A54H         LINE#         272
  C:3A54H         LINE#         275
  C:3A85H         LINE#         276
  C:3A85H         LINE#         277
BL51 BANKED LINKER/LOCATER V6.22.2.0                                                  08/02/2021  16:39:51  PAGE 31


  C:3A8DH         LINE#         278
  C:3A96H         LINE#         279
  C:3A99H         LINE#         282
  C:3ACAH         LINE#         283
  C:3ACAH         LINE#         285
  C:3AD2H         LINE#         286
  C:3ADBH         LINE#         287
  C:3ADEH         LINE#         290
  C:3B1EH         LINE#         291
  C:3B1EH         LINE#         293
  C:3B33H         LINE#         294
  C:3B39H         LINE#         295
  C:3B63H         LINE#         298
  C:3B6BH         LINE#         299
  C:3B6BH         LINE#         302
  C:3B72H         LINE#         303
  C:3B72H         LINE#         304
  C:3B77H         LINE#         305
  C:3B77H         LINE#         306
  C:3B79H         LINE#         308
  C:3B79H         LINE#         309
  C:3B82H         LINE#         310
  C:3B8AH         LINE#         311
  C:3B8AH         LINE#         315
  C:3B8CH         LINE#         318
  C:3B8CH         LINE#         326
  C:3B94H         LINE#         330
  C:3B94H         LINE#         331
  C:3B96H         LINE#         333
  C:3BCEH         LINE#         334
  C:3BCEH         LINE#         335
  C:3BD6H         LINE#         336
  C:3BE2H         LINE#         337
  C:3BE2H         LINE#         339
  C:3C0FH         LINE#         340
  C:3C0FH         LINE#         341
  C:3C1EH         LINE#         343
[...]
  X:010DH         SYMBOL        Buffer_Write_MF
  X:011EH         SYMBOL        Atributos_Expedidor
  X:0132H         SYMBOL        Secuencia_Expedidor
  X:0136H         SYMBOL        Nombre_Mensual
  -------         ENDDO         
  C:3C1FH         LINE#         2482
  C:3C24H         LINE#         2483
  C:3C24H         LINE#         2491
  C:3C87H         LINE#         2492
  C:3C87H         LINE#         2495
  C:3C87H         LINE#         2497
  C:3C97H         LINE#         2498
  C:3C97H         LINE#         2501
  C:3C99H         LINE#         2502
  C:3C9BH         LINE#         2503
  C:3CA0H         LINE#         2504
  C:3CA8H         LINE#         2505
BL51 BANKED LINKER/LOCATER V6.22.2.0                                                  08/02/2021  16:39:51  PAGE 135


  C:3CADH         LINE#         2506
  C:3CB0H         LINE#         2507
  C:3CB0H         LINE#         2508
  C:3CB6H         LINE#         2509
  C:3CB6H         LINE#         2510
  C:3CB9H         LINE#         2511
  C:3CB9H         LINE#         2512
  C:3CB9H         LINE#         2514
  C:3CBCH         LINE#         2515
  C:3CBCH         LINE#         2517
  C:3CC5H         LINE#         2518
  C:3CC8H         LINE#         2519
  C:3CC8H         LINE#         2520
  C:3CCDH         LINE#         2521
  C:3CEDH         LINE#         2522
  C:3CF0H         LINE#         2523
  C:3CF0H         LINE#         2524
  C:3CF5H         LINE#         2525
  C:3CFDH         LINE#         2526
  C:3D03H         LINE#         2527
  C:3D06H         LINE#         2528
  C:3D06H         LINE#         2529
  C:3D09H         LINE#         2530
  C:3D11H         LINE#         2531
  C:3D17H         LINE#         2532
  C:3D1AH         LINE#         2533
  C:3D1AH         LINE#         2534
  C:3D1DH         LINE#         2535
  C:3D42H         LINE#         2536
  C:3D48H         LINE#         2537
  C:3D4AH         LINE#         2538
  C:3D4DH         LINE#         2539
  C:3D4DH         LINE#         2540
  C:3D58H         LINE#         2541
  C:3D60H         LINE#         2542
  C:3D66H         LINE#         2543
  C:3D69H         LINE#         2544
  C:3D69H         LINE#         2545
  C:3D7AH         LINE#         2546
  C:3D82H         LINE#         2547
  C:3D88H         LINE#         2548
  C:3D8BH         LINE#         2549
  C:3D8BH         LINE#         2550
  C:3D90H         LINE#         2551
  C:3DAEH         LINE#         2552
  C:3DB1H         LINE#         2553
  C:3DB1H         LINE#         2554
  C:3DB6H         LINE#         2555
  C:3DD6H         LINE#         2556
  C:3DD9H         LINE#         2557
  C:3DD9H         LINE#         2558
  C:3DDEH         LINE#         2559
  C:3DE0H         LINE#         2560
  C:3DFEH         LINE#         2561
  C:3E01H         LINE#         2562
  C:3E01H         LINE#         2563
  C:3E06H         LINE#         2564
BL51 BANKED LINKER/LOCATER V6.22.2.0                                                  08/02/2021  16:39:51  PAGE 136


  C:3E26H         LINE#         2565
  C:3E29H         LINE#         2566
  C:3E29H         LINE#         2567
  C:3E3CH         LINE#         2568
  C:3E3CH         LINE#         2569
  C:3E41H         LINE#         2570
  C:3E49H         LINE#         2571
  C:3E4FH         LINE#         2572
  C:3E4FH         LINE#         2573
  C:3E52H         LINE#         2574
  C:3E52H         LINE#         2575
  C:3E65H         LINE#         2576
  C:3E65H         LINE#         2577
  C:3E6AH         LINE#         2578
  C:3E6DH         LINE#         2579
  C:3E6DH         LINE#         2580
  C:3E70H         LINE#         2581
  C:3E70H         LINE#         2582
  C:3E73H         LINE#         2583
  C:3E93H         LINE#         2584
  C:3E96H         LINE#         2585
  C:3E96H         LINE#         2586
  C:3E98H         LINE#         2587
  C:3E9BH         LINE#         2588
  C:3E9EH         LINE#         2589
  C:3E9EH         LINE#         2590
  C:3EA7H         LINE#         2591
  C:3EAAH         LINE#         2592
  C:3EAAH         LINE#         2593
  C:3EC1H         LINE#         2594
  C:3EC4H         LINE#         2595
  C:3EC4H         LINE#         2596
  C:3EC7H         LINE#         2597
  C:3ECFH         LINE#         2598
  C:3ED5H         LINE#         2599
  C:3ED8H         LINE#         2600
  C:3ED8H         LINE#         2601
  C:3EE1H         LINE#         2602
  C:3EE4H         LINE#         2603
  C:3EE4H         LINE#         2604
  C:3EE6H         LINE#         2605
  C:3EE9H         LINE#         2606
  C:3EECH         LINE#         2607
  C:3EECH         LINE#         2608
  C:3F03H         LINE#         2609
  C:3F06H         LINE#         2610
  C:3F06H         LINE#         2613
  C:3F0BH         LINE#         2614
  C:3F13H         LINE#         2615
  C:3F19H         LINE#         2617
  C:3F1CH         LINE#         2618
  C:3F1CH         LINE#         2619
  C:3F1FH         LINE#         2620
  C:3F3FH         LINE#         2621
  C:3F42H         LINE#         2622
  C:3F42H         LINE#         2623
  C:3F45H         LINE#         2624
BL51 BANKED LINKER/LOCATER V6.22.2.0                                                  08/02/2021  16:39:51  PAGE 137


  C:3F65H         LINE#         2625
  C:3F68H         LINE#         2626
  C:3F68H         LINE#         2627
  C:3F6BH         LINE#         2628
  C:3F73H         LINE#         2629
  C:3F76H         LINE#         2630
  C:3F78H         LINE#         2631
  C:3F78H         LINE#         2633
  C:3F83H         LINE#         2634
  C:3F8BH         LINE#         2635
  C:3F9FH         LINE#         2636
  C:3FA2H         LINE#         2640
  C:3FA2H         LINE#         2641
  C:3FA8H         LINE#         2642
  C:3FAEH         LINE#         2643
  C:3FAEH         LINE#         2644
  C:3FB6H         LINE#         2645
  C:3FBCH         LINE#         2647
  C:3FBFH         LINE#         2648
  C:3FC7H         LINE#         2649
  C:3FC7H         LINE#         2651
  C:3FCAH         LINE#         2652
  C:3FCDH         LINE#         2653
  C:3FD5H         LINE#         2654
  C:3FD5H         LINE#         2655
  C:3FE3H         LINE#         2656
  C:3FE3H         LINE#         2657
  C:3FECH         LINE#         2658
  C:3FEFH         LINE#         2659
  C:3FFBH         LINE#         2660
  C:3FFBH         LINE#         2661
  C:4004H         LINE#         2662
  C:4007H         LINE#         2664
  C:4007H         LINE#         2665
  C:4010H         LINE#         2666
  C:4010H         LINE#         2667
  C:4013H         LINE#         2668
  C:401BH         LINE#         2669
  C:401BH         LINE#         2670
  C:4029H         LINE#         2671
  C:4029H         LINE#         2672
  C:403FH         LINE#         2673
  C:4042H         LINE#         2674
  C:404EH         LINE#         2675
  C:404EH         LINE#         2676
  C:4057H         LINE#         2677
  C:405AH         LINE#         2678
  C:4068H         LINE#         2679
  C:4068H         LINE#         2680
  C:4071H         LINE#         2681
  C:4073H         LINE#         2683
  C:4073H         LINE#         2684
  C:407CH         LINE#         2685
  C:407CH         LINE#         2686
  C:407EH         LINE#         2687
  C:4086H         LINE#         2688
  C:4086H         LINE#         2689
BL51 BANKED LINKER/LOCATER V6.22.2.0                                                  08/02/2021  16:39:51  PAGE 138


  C:408FH         LINE#         2690
  C:4091H         LINE#         2691
  C:4099H         LINE#         2692
  C:4099H         LINE#         2693
  C:40AFH         LINE#         2694
  C:40B1H         LINE#         2695
  C:40B9H         LINE#         2696
  C:40B9H         LINE#         2697
  C:40BCH         LINE#         2698
  C:40BEH         LINE#         2700
  C:40C6H         LINE#         2701
  C:40C6H         LINE#         2702
  C:40CFH         LINE#         2703
  C:40D1H         LINE#         2706
  C:40D9H         LINE#         2707
  C:40D9H         LINE#         2708
  C:40E1H         LINE#         2709
  C:40E3H         LINE#         2711
  C:40E3H         LINE#         2712
  C:40ECH         LINE#         2713
  C:40ECH         LINE#         2714
  C:40EEH         LINE#         2715
  C:40EEH         LINE#         2716
  C:40F3H         LINE#         2717
  C:40F3H         LINE#         2719
  C:40F3H         LINE#         2720
  C:40F8H         LINE#         2721
  -------         ENDPROC       _SECUENCIAEXPEDIDORMF
  -------         ENDMOD        VERIFICADOR

  -------         MODULE        MONITOR
  C:0000H         SYMBOL        _ICE_DUMMY_
  D:0080H         PUBLIC        P0
  D:0090H         PUBLIC        P1
  I:0011H         PUBLIC        placa
  C:C255H         PUBLIC        Rx_Monitor
  B:0080H.0       PUBLIC        rx_ip
  B:0090H.7       PUBLIC        lock
  C:95ACH         PUBLIC        _recibe_cmd_Monitor
  C:C3BAH         PUBLIC        clear_placa
  C:98A5H         PUBLIC        _Valida_Trama_Monitor
  -------         PROC          _RECIBE_CMD_MONITOR
  X:0016H         SYMBOL        buffer_cmd
  -------         DO            
  X:0019H         SYMBOL        j
  X:001AH         SYMBOL        NumDatos
  X:001BH         SYMBOL        time_out
  X:001CH         SYMBOL        MaxChrRx
  X:001DH         SYMBOL        contador
  -------         ENDDO         
  C:95ACH         LINE#         50
  C:95B7H         LINE#         51
  C:95B7H         LINE#         55
  C:95BCH         LINE#         56
  C:95C2H         LINE#         58
  C:95CDH         LINE#         59
  C:95CDH         LINE#         60
BL51 BANKED LINKER/LOCATER V6.22.2.0                                                  08/02/2021  16:39:51  PAGE 139


  C:95DEH         LINE#         61
  C:95DEH         LINE#         62
  C:95E5H         LINE#         63
  C:95E9H         LINE#         64
  C:95F2H         LINE#         65
  C:95F2H         LINE#         66
  C:9600H         LINE#         67
  C:9617H         LINE#         68
  C:9617H         LINE#         69
  C:961DH         LINE#         70
  C:9623H         LINE#         71
  C:9623H         LINE#         72
  C:9625H         LINE#         73
  C:962DH         LINE#         74
  C:9633H         LINE#         75
  C:9645H         LINE#         76
  C:964FH         LINE#         77
  C:9658H         LINE#         79
  C:9667H         LINE#         82
  C:9667H         LINE#         83
  C:966CH         LINE#         84
  -------         ENDPROC       _RECIBE_CMD_MONITOR
  -------         PROC          _VALIDA_TRAMA_MONITOR
  X:0016H         SYMBOL        buffer
  D:0005H         SYMBOL        length_trama
  -------         DO            
  X:0019H         SYMBOL        j
  X:001AH         SYMBOL        p
  X:001BH         SYMBOL        cont
  -------         ENDDO         
  C:98A5H         LINE#         89
  C:98B0H         LINE#         90
  C:98B0H         LINE#         91
  C:98B3H         LINE#         92
  C:98B7H         LINE#         93
  C:98BAH         LINE#         94
  C:98BCH         LINE#         97
  C:98D0H         LINE#         98
  C:98D0H         LINE#         100
  C:98D2H         LINE#         102
  C:98D9H         LINE#         103
  C:98DEH         LINE#         106
  C:98DEH         LINE#         108
  C:98F9H         LINE#         109
  C:98F9H         LINE#         112
  C:98F9H         LINE#         113
  C:991AH         LINE#         114
  C:991EH         LINE#         115
  C:9924H         LINE#         116
  C:9936H         LINE#         117
  C:994EH         LINE#         118
  C:9957H         LINE#         119
  C:9959H         LINE#         120
  C:995FH         LINE#         123
  C:995FH         LINE#         126
  -------         ENDPROC       _VALIDA_TRAMA_MONITOR
  -------         PROC          CLEAR_PLACA
BL51 BANKED LINKER/LOCATER V6.22.2.0                                                  08/02/2021  16:39:51  PAGE 140


  -------         DO            
  D:0007H         SYMBOL        i
  -------         ENDDO         
  C:C3BAH         LINE#         127
  C:C3BAH         LINE#         128
  C:C3BAH         LINE#         130
  C:C3C6H         LINE#         131
  C:C3C6H         LINE#         132
  C:C3CCH         LINE#         133
  C:C3CFH         LINE#         134
  C:C3D1H         LINE#         135
  -------         ENDPROC       CLEAR_PLACA
  -------         PROC          RX_MONITOR
  -------         DO            
  X:0009H         SYMBOL        Length_trama
  X:000AH         SYMBOL        buffer1
  -------         ENDDO         
  C:C255H         LINE#         136
  C:C255H         LINE#         137
  C:C255H         LINE#         140
  C:C264H         LINE#         141
  C:C26DH         LINE#         142
  -------         ENDPROC       RX_MONITOR
  -------         ENDMOD        MONITOR

  -------         MODULE        ?C?FPADD
  C:1448H         PUBLIC        ?C?FPADD
  C:1444H         PUBLIC        ?C?FPSUB
  -------         ENDMOD        ?C?FPADD

  -------         MODULE        ?C?FPMUL
  C:1539H         PUBLIC        ?C?FPMUL
  -------         ENDMOD        ?C?FPMUL

  -------         MODULE        ?C?FCAST
  C:1649H         PUBLIC        ?C?FCASTC
  C:1644H         PUBLIC        ?C?FCASTI
  C:163FH         PUBLIC        ?C?FCASTL
  -------         ENDMOD        ?C?FCAST

  -------         MODULE        ?C?CASTF
  C:167DH         PUBLIC        ?C?CASTF
  -------         ENDMOD        ?C?CASTF

  -------         MODULE        PRINTF
  X:0077H         PUBLIC        ?_PRINTF?BYTE
  X:0077H         PUBLIC        ?_SPRINTF?BYTE
  C:4164H         PUBLIC        _PRINTF
  C:415EH         PUBLIC        _SPRINTF
  -------         ENDMOD        PRINTF

  -------         MODULE        POW
  X:0020H         PUBLIC        ?_pow?BYTE
  C:6A9FH         PUBLIC        _pow
  -------         ENDMOD        POW

  -------         MODULE        ?C?CHKFLOAT
BL51 BANKED LINKER/LOCATER V6.22.2.0                                                  08/02/2021  16:39:51  PAGE 141


  C:16FEH         PUBLIC        ?C?CHKFLOAT
  -------         ENDMOD        ?C?CHKFLOAT

  -------         MODULE        ?C?FPCMP
  C:171AH         PUBLIC        ?C?FPCMP
  C:1718H         PUBLIC        ?C?FPCMP3
  -------         ENDMOD        ?C?FPCMP

  -------         MODULE        ?C?FPNEG
  C:1791H         PUBLIC        ?C?FPNEG
  -------         ENDMOD        ?C?FPNEG

  -------         MODULE        ?C?FPROUND
  C:17A2H         PUBLIC        ?C?FPROUND
  -------         ENDMOD        ?C?FPROUND

  -------         MODULE        ?C?FPCONVERT
  C:17DFH         PUBLIC        ?C?FPCONVERT
  -------         ENDMOD        ?C?FPCONVERT

  -------         MODULE        EXP
  C:A4BEH         PUBLIC        _EXP
  -------         ENDMOD        EXP

  -------         MODULE        LOG
  C:761DH         PUBLIC        _LOG
  C:7619H         PUBLIC        _LOG10
  -------         ENDMOD        LOG

  -------         MODULE        ?C?FPDIV
  C:18E7H         PUBLIC        ?C?FPDIV
  -------         ENDMOD        ?C?FPDIV

  -------         MODULE        ?C?FTNPWR
  C:19B4H         PUBLIC        ?C?FTNPWR
  -------         ENDMOD        ?C?FTNPWR

  -------         MODULE        ?C?COPY
  C:1B11H         PUBLIC        ?C?COPY
  -------         ENDMOD        ?C?COPY

  -------         MODULE        ?C?CLDPTR
  C:1B37H         PUBLIC        ?C?CLDPTR
  -------         ENDMOD        ?C?CLDPTR

  -------         MODULE        ?C?CLDOPTR
  C:1B50H         PUBLIC        ?C?CLDOPTR
  -------         ENDMOD        ?C?CLDOPTR

  -------         MODULE        ?C?CSTPTR
  C:1B7DH         PUBLIC        ?C?CSTPTR
  -------         ENDMOD        ?C?CSTPTR

  -------         MODULE        ?C?CSTOPTR
  C:1B8FH         PUBLIC        ?C?CSTOPTR
  -------         ENDMOD        ?C?CSTOPTR

BL51 BANKED LINKER/LOCATER V6.22.2.0                                                  08/02/2021  16:39:51  PAGE 142


  -------         MODULE        ?C?IMUL
  C:1BB1H         PUBLIC        ?C?IMUL
  -------         ENDMOD        ?C?IMUL

  -------         MODULE        ?C?IILDX
  C:1BC3H         PUBLIC        ?C?IILDX
  -------         ENDMOD        ?C?IILDX

  -------         MODULE        ?C?LNEG
  C:1BD9H         PUBLIC        ?C?LNEG
  -------         ENDMOD        ?C?LNEG

  -------         MODULE        ?C?SLCMP
  C:1BE7H         PUBLIC        ?C?SLCMP
  -------         ENDMOD        ?C?SLCMP

  -------         MODULE        ?C?ULCMP
  C:1BFDH         PUBLIC        ?C?ULCMP
  -------         ENDMOD        ?C?ULCMP

  -------         MODULE        ?C?ULSHR
  C:1C0EH         PUBLIC        ?C?ULSHR
  -------         ENDMOD        ?C?ULSHR

  -------         MODULE        ?C?LSHL
  C:1C21H         PUBLIC        ?C?LSHL
  -------         ENDMOD        ?C?LSHL

  -------         MODULE        ?C?LLDCODE
  C:1C34H         PUBLIC        ?C?LLDCODE
  -------         ENDMOD        ?C?LLDCODE

  -------         MODULE        ?C?LLDXDATA0
  C:1C44H         PUBLIC        ?C?LLDXDATA0
  -------         ENDMOD        ?C?LLDXDATA0

  -------         MODULE        ?C?LLDCODE0
  C:1C50H         PUBLIC        ?C?LLDCODE0
  -------         ENDMOD        ?C?LLDCODE0

  -------         MODULE        ?C?LSTXDATA
  C:1C60H         PUBLIC        ?C?LSTXDATA
  -------         ENDMOD        ?C?LSTXDATA

  -------         MODULE        ?C?LSTKXDATA
  C:1C6CH         PUBLIC        ?C?LSTKXDATA
  -------         ENDMOD        ?C?LSTKXDATA

  -------         MODULE        ?C?PLDIXDATA
  C:1C9DH         PUBLIC        ?C?PLDIXDATA
  -------         ENDMOD        ?C?PLDIXDATA

  -------         MODULE        ?C?PSTXDATA
  C:1CB4H         PUBLIC        ?C?PSTXDATA
  -------         ENDMOD        ?C?PSTXDATA

  -------         MODULE        ?C?CCASE
BL51 BANKED LINKER/LOCATER V6.22.2.0                                                  08/02/2021  16:39:51  PAGE 143


  C:1CBDH         PUBLIC        ?C?CCASE
  -------         ENDMOD        ?C?CCASE

  -------         MODULE        STRCAT
  X:0046H         PUBLIC        ?_strcat?BYTE
  C:B405H         PUBLIC        _strcat
  -------         ENDMOD        STRCAT

  -------         MODULE        ?C?STRCMP
  C:1E61H         PUBLIC        ?C?STRCMP
  -------         ENDMOD        ?C?STRCMP

  -------         MODULE        ?C?STRCPY
  C:1F4AH         PUBLIC        ?C?STRCPY
  -------         ENDMOD        ?C?STRCPY

  -------         MODULE        STRLEN
  C:000EH         PUBLIC        _STRLEN
  -------         ENDMOD        STRLEN

  -------         MODULE        STRTOK
  X:0064H         PUBLIC        ?_strtok?BYTE
  C:8A44H         PUBLIC        _strtok
  -------         ENDMOD        STRTOK

  -------         MODULE        ATOL
  C:7C91H         PUBLIC        _atol
  -------         ENDMOD        ATOL

  -------         MODULE        ATOI
  C:8CE2H         PUBLIC        _atoi
  -------         ENDMOD        ATOI

  -------         MODULE        ?C?ILDIX
  C:1F67H         PUBLIC        ?C?ILDIX
  -------         ENDMOD        ?C?ILDIX

  -------         MODULE        ?C?LMUL
  C:1F7DH         PUBLIC        ?C?LMUL
  -------         ENDMOD        ?C?LMUL

  -------         MODULE        ISDIGIT
  C:C4CAH         PUBLIC        _isdigit
  -------         ENDMOD        ISDIGIT

  -------         MODULE        ISSPACE
  C:C42AH         PUBLIC        _isspace
  -------         ENDMOD        ISSPACE

  -------         MODULE        STRSPN
  X:006AH         PUBLIC        ?_strspn?BYTE
  C:ACDEH         PUBLIC        _strspn
  -------         ENDMOD        STRSPN

  -------         MODULE        STRPBRK
  X:006AH         PUBLIC        ?_strpbrk?BYTE
  C:ADE5H         PUBLIC        _strpbrk
BL51 BANKED LINKER/LOCATER V6.22.2.0                                                  08/02/2021  16:39:51  PAGE 144


  -------         ENDMOD        STRPBRK

Program Size: data=99.1 xdata=541 code=50519
LINK/LOCATE RUN COMPLETE.  0 WARNING(S),  0 ERROR(S)
