BL51 BANKED LINKER/LOCATER V6.22.2.0                                                    06/08/2021  15:03:37  PAGE 1


BL51 BANKED LINKER/LOCATER V6.22.2.0, INVOKED BY:
C:\KEIL_V5\C51\BIN\BL51.EXE .\Objects\main.obj, .\Objects\Accescan.obj, .\Objects\Clock.obj, .\Objects\delay.obj, .\Obje
>> cts\eeprom.obj, .\Objects\io_sensores.obj, .\Objects\pantallas.obj, .\Objects\prog.obj, .\Objects\pto_paralelo.obj, .
>> \Objects\tibbo.obj, .\Objects\uart.obj, .\Objects\lintech.obj, .\Objects\verificador.obj, .\Objects\Monitor.obj TO .\
>> Objects\expedidor_v_01_raspberry PRINT (.\Listings\expedidor_v_01_raspberry.m51) RAMSIZE (256)


MEMORY MODEL: LARGE WITH FLOATING POINT ARITHMETIC


INPUT MODULES INCLUDED:
  .\Objects\main.obj (MAIN)
  .\Objects\Accescan.obj (ACCESCAN)
  .\Objects\Clock.obj (CLOCK)
  .\Objects\delay.obj (DELAY)
  .\Objects\eeprom.obj (EEPROM)
  .\Objects\io_sensores.obj (IO_SENSORES)
  .\Objects\pantallas.obj (PANTALLAS)
  .\Objects\prog.obj (PROG)
  .\Objects\pto_paralelo.obj (PTO_PARALELO)
  .\Objects\tibbo.obj (TIBBO)
  .\Objects\uart.obj (UART)
  .\Objects\lintech.obj (LINTECH)
  .\Objects\verificador.obj (VERIFICADOR)
  .\Objects\Monitor.obj (MONITOR)
  C:\KEIL_V5\C51\LIB\C51FPL.LIB (?C?FPADD)
  C:\KEIL_V5\C51\LIB\C51FPL.LIB (?C?FPMUL)
  C:\KEIL_V5\C51\LIB\C51FPL.LIB (?C?FCAST)
  C:\KEIL_V5\C51\LIB\C51FPL.LIB (?C?CASTF)
  C:\KEIL_V5\C51\LIB\C51FPL.LIB (PRINTF)
  C:\KEIL_V5\C51\LIB\C51FPL.LIB (POW)
  C:\KEIL_V5\C51\LIB\C51FPL.LIB (?C?FPGETOPN)
  C:\KEIL_V5\C51\LIB\C51FPL.LIB (?C?CHKFLOAT)
  C:\KEIL_V5\C51\LIB\C51FPL.LIB (?C?FPCMP)
  C:\KEIL_V5\C51\LIB\C51FPL.LIB (?C?FPNEG)
  C:\KEIL_V5\C51\LIB\C51FPL.LIB (?C?FPROUND)
  C:\KEIL_V5\C51\LIB\C51FPL.LIB (?C?FPCONVERT)
  C:\KEIL_V5\C51\LIB\C51FPL.LIB (EXP)
  C:\KEIL_V5\C51\LIB\C51FPL.LIB (LOG)
  C:\KEIL_V5\C51\LIB\C51FPL.LIB (?C?FPDIV)
  C:\KEIL_V5\C51\LIB\C51FPL.LIB (?C?FTNPWR)
  C:\KEIL_V5\C51\LIB\C51FPL.LIB (?C?FPSERIES)
  C:\KEIL_V5\C51\LIB\C51L.LIB (?C_STARTUP)
  C:\KEIL_V5\C51\LIB\C51L.LIB (?C?COPY)
  C:\KEIL_V5\C51\LIB\C51L.LIB (?C?CLDPTR)
  C:\KEIL_V5\C51\LIB\C51L.LIB (?C?CLDOPTR)
  C:\KEIL_V5\C51\LIB\C51L.LIB (?C?CSTPTR)
  C:\KEIL_V5\C51\LIB\C51L.LIB (?C?CSTOPTR)
  C:\KEIL_V5\C51\LIB\C51L.LIB (?C?IMUL)
  C:\KEIL_V5\C51\LIB\C51L.LIB (?C?IILDX)
  C:\KEIL_V5\C51\LIB\C51L.LIB (?C?LNEG)
  C:\KEIL_V5\C51\LIB\C51L.LIB (?C?SLCMP)
  C:\KEIL_V5\C51\LIB\C51L.LIB (?C?ULCMP)
  C:\KEIL_V5\C51\LIB\C51L.LIB (?C?ULSHR)
  C:\KEIL_V5\C51\LIB\C51L.LIB (?C?LSHL)
  C:\KEIL_V5\C51\LIB\C51L.LIB (?C?LLDCODE)
  C:\KEIL_V5\C51\LIB\C51L.LIB (?C?LLDXDATA0)
  C:\KEIL_V5\C51\LIB\C51L.LIB (?C?LLDCODE0)
BL51 BANKED LINKER/LOCATER V6.22.2.0                                                  06/08/2021  15:03:37  PAGE 2


  C:\KEIL_V5\C51\LIB\C51L.LIB (?C?LSTXDATA)
  C:\KEIL_V5\C51\LIB\C51L.LIB (?C?LSTKXDATA)
  C:\KEIL_V5\C51\LIB\C51L.LIB (?C?PLDIXDATA)
  C:\KEIL_V5\C51\LIB\C51L.LIB (?C?PSTXDATA)
  C:\KEIL_V5\C51\LIB\C51L.LIB (?C?CCASE)
  C:\KEIL_V5\C51\LIB\C51L.LIB (STRCAT)
  C:\KEIL_V5\C51\LIB\C51L.LIB (?C?STRCMP)
  C:\KEIL_V5\C51\LIB\C51L.LIB (?C?STRCPY)
  C:\KEIL_V5\C51\LIB\C51L.LIB (STRLEN)
  C:\KEIL_V5\C51\LIB\C51L.LIB (STRTOK)
  C:\KEIL_V5\C51\LIB\C51L.LIB (ATOL)
  C:\KEIL_V5\C51\LIB\C51L.LIB (ATOI)
  C:\KEIL_V5\C51\LIB\C51L.LIB (?C_INIT)
  C:\KEIL_V5\C51\LIB\C51L.LIB (?C?ILDIX)
  C:\KEIL_V5\C51\LIB\C51L.LIB (?C?LMUL)
  C:\KEIL_V5\C51\LIB\C51L.LIB (ISDIGIT)
  C:\KEIL_V5\C51\LIB\C51L.LIB (ISSPACE)
  C:\KEIL_V5\C51\LIB\C51L.LIB (STRSPN)
  C:\KEIL_V5\C51\LIB\C51L.LIB (STRPBRK)


LINK MAP OF MODULE:  .\Objects\expedidor_v_01_raspberry (MAIN)


            TYPE    BASE      LENGTH    RELOCATION   SEGMENT NAME
            -----------------------------------------------------

            * * * * * * *   D A T A   M E M O R Y   * * * * * * *
            REG     0000H     0008H     ABSOLUTE     "REG BANK 0"
            DATA    0008H     0005H     UNIT         _DATA_GROUP_
            DATA    000DH     0004H     UNIT         ?DT?UART
            IDATA   0011H     0009H     UNIT         ?ID?MONITOR
                    001AH     0006H                  *** GAP ***
            BIT     0020H.0   0001H.1   UNIT         _BIT_GROUP_
            BIT     0021H.1   0000H.3   UNIT         ?BI?MAIN
            BIT     0021H.4   0000H.2   UNIT         ?BI?UART
            BIT     0021H.6   0000H.1   UNIT         ?BI?EEPROM
            BIT     0021H.7   0000H.1   UNIT         ?BI?IO_SENSORES
            BIT     0022H.0   0000H.1   UNIT         ?BI?VERIFICADOR
                    0022H.1   0000H.7                *** GAP ***
            IDATA   0023H     0046H     UNIT         ?ID?MAIN
            IDATA   0069H     0001H     UNIT         ?STACK

            * * * * * * *  X D A T A   M E M O R Y  * * * * * * *
            XDATA   0000H     00B7H     UNIT         _XDATA_GROUP_
            XDATA   00B7H     0091H     UNIT         ?XD?VERIFICADOR
            XDATA   0148H     006CH     UNIT         ?XD?MAIN
            XDATA   01B4H     0059H     UNIT         ?XD?PROG
            XDATA   020DH     0003H     UNIT         ?XD?EEPROM
            XDATA   0210H     0003H     UNIT         ?XD?UART
            XDATA   0213H     0003H     UNIT         ?XD?STRTOK
            XDATA   0216H     0002H     UNIT         ?XD?IO_SENSORES
            XDATA   0218H     0001H     UNIT         ?XD?ACCESCAN
            XDATA   0219H     0001H     UNIT         ?XD?CLOCK

            * * * * * * *   C O D E   M E M O R Y   * * * * * * *
            CODE    0000H     0003H     ABSOLUTE     
BL51 BANKED LINKER/LOCATER V6.22.2.0                                                  06/08/2021  15:03:37  PAGE 3


            CODE    0003H     0008H     UNIT         ?PR?P_CK?CLOCK
            CODE    000BH     0003H     ABSOLUTE     
            CODE    000EH     0015H     UNIT         ?PR?_STRLEN?STRLEN
            CODE    0023H     0003H     ABSOLUTE     
            CODE    0026H     1308H     UNIT         ?CO?PROG
            CODE    132EH     0B8BH     UNIT         ?C?LIB_CODE
            CODE    1EB9H     08BDH     UNIT         ?CO?VERIFICADOR
            CODE    2776H     0747H     UNIT         ?PR?_PANTALLALCD?PANTALLAS
            CODE    2EBDH     06EFH     UNIT         ?CO?PANTALLAS
            CODE    35ACH     04F9H     UNIT         ?PR?_VALIDA_TRAMA_PTO?ACCESCAN
            CODE    3AA5H     04DAH     UNIT         ?PR?_SECUENCIAEXPEDIDORMF?VERIFICADOR
            CODE    3F7FH     0483H     UNIT         ?PR?PRINTF?PRINTF
            CODE    4402H     035CH     UNIT         ?PR?VER_PROG?PROG
            CODE    475EH     02D0H     UNIT         ?PR?_TWO_BYTEHEX_DECIMAL?CLOCK
            CODE    4A2EH     02B7H     UNIT         ?PR?_PROG_HORARIO_DIAS?PROG
            CODE    4CE5H     02A5H     UNIT         ?PR?_PANTALLALCD_LINEA_2?PANTALLAS
            CODE    4F8AH     02A3H     UNIT         ?PR?_ARMAR_TRAMA_MONITOR?VERIFICADOR
            CODE    522DH     0256H     UNIT         ?PR?_ARMAR_TRAMA_PTO_PARALELO_EXPEDIDOR?VERIFICADOR
            CODE    5483H     022CH     UNIT         ?PR?MENU?PROG
            CODE    56AFH     0208H     UNIT         ?PR?_HASH_ID?PROG
            CODE    58B7H     01FAH     UNIT         ?PR?_PROG_HORARIO_DESDE_HASTA?PROG
            CODE    5AB1H     01F5H     UNIT         ?PR?PROG_FECHA_VENCIMIENTO?PROG
            CODE    5CA6H     01EBH     UNIT         ?PR?_ARMAR_TRAMA_TARJETA_SECTOR1_BLOQUE2?VERIFICADOR
            CODE    5E91H     01DFH     UNIT         ?PR?_RESPONDE_LECTURA_TARJETA_SECTOR1_BLOQUE1?VERIFICADOR
            CODE    6070H     01D8H     UNIT         ?PR?_BLOCK_READ_CLOCK_ASCII_RASBERRY?CLOCK
            CODE    6248H     01B3H     UNIT         ?PR?COM_ISR?UART
            CODE    63FBH     01A4H     UNIT         ?PR?_VALIDA_TIPO_TARJETA?VERIFICADOR
            CODE    659FH     01A3H     UNIT         ?CO?LINTECH
            CODE    6742H     016EH     UNIT         ?PR?_BLOCK_READ_CLOCK_ASCII?CLOCK
            CODE    68B0H     0166H     UNIT         ?PR?_POW?POW
            CODE    6A16H     0157H     UNIT         ?PR?_RESPONDE_REELECTURA_TARJETA_SECTOR1_BLOQUE2?VERIFICADOR
            CODE    6B6DH     0145H     UNIT         ?PR?PROG_HORARIOS?PROG
            CODE    6CB2H     013EH     UNIT         ?PR?PROG_SIN_COBRO?PROG
            CODE    6DF0H     013EH     UNIT         ?PR?SECUENCIA_INICIO_EXPEDIDOR?VERIFICADOR
            CODE    6F2EH     013CH     UNIT         ?PR?LOAD_AND_SEND_ID_COD?PTO_PARALELO
            CODE    706AH     0137H     UNIT         ?PR?VER_HORARIO?PROG
            CODE    71A1H     012EH     UNIT         ?PR?_ARMAR_TRAMA_PTO_PARALELO_EXPEDIDOR_MENSUAL?VERIFICADOR
            CODE    72CFH     012BH     UNIT         ?PR?_RESPONDE_LECTURA_TARJETA_SECTOR1_BLOQUE2?VERIFICADOR
            CODE    73FAH     0129H     UNIT         ?PR?LOG?LOG
            CODE    7523H     0128H     UNIT         ?PR?_VER_HORARIO_DIAS?PROG
            CODE    764BH     011AH     UNIT         ?PR?_PROG_HORARIOS_ON_OFF?PROG
            CODE    7765H     0119H     UNIT         ?PR?_VER_HORARIO_DESDE_HASTA?PROG
            CODE    787EH     0115H     UNIT         ?PR?_VALIDAR_CLK?CLOCK
            CODE    7993H     010FH     UNIT         ?PR?_HORARIOS?VERIFICADOR
            CODE    7AA2H     010CH     UNIT         ?PR?_ATOL?ATOL
            CODE    7BAEH     0100H     UNIT         ?PR?_WR_MF?LINTECH
            CODE    7CAEH     00FCH     UNIT         ?PR?PROG_DEBUG?PROG
            CODE    7DAAH     00FCH     UNIT         ?PR?PROG_USE_LPR?PROG
            CODE    7EA6H     00FCH     UNIT         ?PR?TIPO_PANTALLA?PROG
            CODE    7FA2H     00FCH     UNIT         ?PR?PROG_ANTIPASSBACK?PROG
            CODE    809EH     00FCH     UNIT         ?PR?PROG_PLACA?PROG
            CODE    819AH     00FCH     UNIT         ?PR?PROG_VALIDAR_TIPO_VEHICULO_MENSUAL?PROG
            CODE    8296H     00FCH     UNIT         ?PR?PROG_APB_MENSUAL?PROG
            CODE    8392H     00FCH     UNIT         ?PR?_BLOQUE_HORARIO?VERIFICADOR
            CODE    848EH     00F1H     UNIT         ?PR?_WRITE_EEPROM_TICKET?EEPROM
            CODE    857FH     00F0H     UNIT         ?CO?IO_SENSORES
            CODE    866FH     00EAH     UNIT         ?PR?_MOV_CARD?LINTECH
BL51 BANKED LINKER/LOCATER V6.22.2.0                                                  06/08/2021  15:03:37  PAGE 4


            CODE    8759H     00E4H     UNIT         ?PR?_STRTOK?STRTOK
            CODE    883DH     00DEH     UNIT         ?PR?PROG_ADDRESS_HIGH_BOARD?PROG
            CODE    891BH     00DBH     UNIT         ?PR?_ATOI?ATOI
            CODE    89F6H     00D7H     UNIT         ?PR?_ANALIZA_UID_CARD?VERIFICADOR
            CODE    8ACDH     00D6H     UNIT         ?PR?_CMD_LPR_SALIDA_WIEGAND?ACCESCAN
            CODE    8BA3H     00D3H     UNIT         ?C_INITSEG
            CODE    8C76H     00CCH     UNIT         ?PR?_GRABA_SERIE?EEPROM
            CODE    8D42H     00CBH     UNIT         ?PR?_RTA_CMD_TRANSPORTE?VERIFICADOR
            CODE    8E0DH     00CAH     UNIT         ?PR?READ_EEPROM_TICKET?EEPROM
            CODE    8ED7H     00C9H     UNIT         ?PR?_CHECK_FECHAOUT?CLOCK
            CODE    8FA0H     00C4H     UNIT         ?PR?_BLOCK_READ_CLOCK?CLOCK
            CODE    9064H     00C4H     UNIT         ?PR?_TARJETA_MENSUAL?VERIFICADOR
            CODE    9128H     00C3H     UNIT         ?PR?_RD_MF?LINTECH
            CODE    91EBH     00C2H     UNIT         ?PR?PROG_TARJETA_AUTOMATICA_O_BOTON?PROG
            CODE    92ADH     00C1H     UNIT         ?PR?_RECIBE_CMD_MONITOR?MONITOR
            CODE    936EH     00BEH     UNIT         ?PR?ERROR_RX_PTO?VERIFICADOR
            CODE    942CH     00BDH     UNIT         ?PR?PROG_COD_PARK?PROG
            CODE    94E9H     00BDH     UNIT         ?PR?PROG_TIEMPO_GRACIA?PROG
            CODE    95A6H     00BBH     UNIT         ?PR?_VALIDA_TRAMA_MONITOR?MONITOR
            CODE    9661H     00B9H     UNIT         ?CO?TIBBO
            CODE    971AH     00B6H     UNIT         ?PR?PROG_ID_CLIENTE?PROG
            CODE    97D0H     00B5H     UNIT         ?PR?_WAIT_PLACA?VERIFICADOR
            CODE    9885H     00B4H     UNIT         ?PR?_SEND_PORT?PTO_PARALELO
            CODE    9939H     00AFH     UNIT         ?PR?MSJ_LCD_INFORMATIVO?IO_SENSORES
            CODE    99E8H     00ACH     UNIT         ?PR?_HORA_MAXIMA?VERIFICADOR
            CODE    9A94H     00AAH     UNIT         ?PR?CLAVE_SEGURIDAD_S2?LINTECH
            CODE    9B3EH     00A9H     UNIT         ?PR?DWLOAD_EEPROM?LINTECH
            CODE    9BE7H     00A6H     UNIT         ?PR?_BLOCK_READ_CLOCK_HEX?CLOCK
            CODE    9C8DH     00A5H     UNIT         ?PR?_SEND_PTO_PARALELO?VERIFICADOR
            CODE    9D32H     00A4H     UNIT         ?PR?_ARMAR_TRAMA_TARJETA_SECTOR1_BLOQUE1_CAMCEL?VERIFICADOR
            CODE    9DD6H     00A1H     UNIT         ?PR?_BLOCK_WRITE_CLOCK_ASCII?CLOCK
            CODE    9E77H     009DH     UNIT         ?PR?_INICIALIZA?LINTECH
            CODE    9F14H     009CH     UNIT         ?PR?_RESPUESTA_PLACA_CANCEL?VERIFICADOR
            CODE    9FB0H     009AH     UNIT         ?PR?_RESPONDE_LECTURA_TARJETA_SECTOR1_BLOQUE0?VERIFICADOR
            CODE    A04AH     009AH     UNIT         ?PR?EXP?EXP
            CODE    A0E4H     0099H     UNIT         ?PR?SHOW?PROG
            CODE    A17DH     0099H     UNIT         ?PR?_RECIBE_PORT?PTO_PARALELO
            CODE    A216H     0098H     UNIT         ?PR?_VALIDA_VEHICULO_CARD_MENSUAL?VERIFICADOR
            CODE    A2AEH     0091H     UNIT         ?PR?_HEX_ASCII?CLOCK
            CODE    A33FH     0091H     UNIT         ?PR?_CARD_INSERCION?LINTECH
            CODE    A3D0H     0090H     UNIT         ?PR?_LEE_CLK?CLOCK
            CODE    A460H     0090H     UNIT         ?PR?_GETOPTION?PROG
            CODE    A4F0H     0090H     UNIT         ?PR?_DISPARO_LOCK_ENTRADA_VEHICULO?VERIFICADOR
            CODE    A580H     0090H     UNIT         ?PR?ENTREGA_CARD_CAPTURA?VERIFICADOR
            CODE    A610H     008DH     UNIT         ?PR?LOADVERIFY_EEPROM?LINTECH
            CODE    A69DH     008CH     UNIT         ?C_C51STARTUP
            CODE    A729H     0088H     UNIT         ?PR?_SEND_PORTERR?PTO_PARALELO
            CODE    A7B1H     0088H     UNIT         ?PR?RX_DATA?TIBBO
            CODE    A839H     0088H     UNIT         ?PR?UNIQUE_IDENTIFIER_UID?LINTECH
            CODE    A8C1H     0086H     UNIT         ?PR?_CHECK_STATUS?LINTECH
            CODE    A947H     0084H     UNIT         ?PR?_DEBUGBUFFERMF?TIBBO
            CODE    A9CBH     0084H     UNIT         ?PR?_STRSPN?STRSPN
            CODE    AA4FH     0083H     UNIT         ?PR?_RASPBERRY_DATA?PANTALLAS
            CODE    AAD2H     0081H     UNIT         ?PR?_STRPBRK?STRPBRK
            CODE    AB53H     0080H     UNIT         ?PR?_INGRESADATO?PROG
            CODE    ABD3H     0080H     UNIT         ?PR?AUT_CARD_CHECK_STATUS?LINTECH
            CODE    AC53H     0080H     UNIT         ?PR?POWER_OFF?LINTECH
BL51 BANKED LINKER/LOCATER V6.22.2.0                                                  06/08/2021  15:03:37  PAGE 5


            CODE    ACD3H     007FH     UNIT         ?PR?MAIN?MAIN
            CODE    AD52H     007DH     UNIT         ?PR?RELOJ_PANTALLA_LCD?PANTALLAS
            CODE    ADCFH     007CH     UNIT         ?PR?RESPONDE_ESTADO_SENSORES_TRANSPORTE?VERIFICADOR
            CODE    AE4BH     0077H     UNIT         ?PR?RESPONDE_TIPO_TARJETA?VERIFICADOR
            CODE    AEC2H     0074H     UNIT         ?PR?_HORA_ENTRADA_VEHICULO?CLOCK
            CODE    AF36H     0071H     UNIT         ?PR?_EN_HORARIO?VERIFICADOR
            CODE    AFA7H     006FH     UNIT         ?PR?_ESCRIBIRMEMORIA?EEPROM
            CODE    B016H     006CH     UNIT         ?PR?_RESPONDE_WRITE_TARJETA_SECTOR1_BLOQUE2?VERIFICADOR
            CODE    B082H     006BH     UNIT         ?PR?INGRESO_VEHICULO?VERIFICADOR
            CODE    B0EDH     006BH     UNIT         ?PR?_STRCAT?STRCAT
            CODE    B158H     0066H     UNIT         ?PR?_LEERMEMORIA?EEPROM
            CODE    B1BEH     0062H     UNIT         ?PR?_LISTACOMANDOS?PROG
            CODE    B220H     005EH     UNIT         ?PR?_BYTEHEX_DECIMAL?CLOCK
            CODE    B27EH     005DH     UNIT         ?PR?_RESPUESTA_SEGUNDA_CLAVE?VERIFICADOR
            CODE    B2DBH     005CH     UNIT         ?PR?_ARMAR_TRAMA_PLACA?VERIFICADOR
            CODE    B337H     005BH     UNIT         ?PR?VALIDA_SENSOR1_AUTO?IO_SENSORES
            CODE    B392H     0056H     UNIT         ?PR?_WR_EEPROM?EEPROM
            CODE    B3E8H     0054H     UNIT         ?PR?_PREGUNTA_LPR?VERIFICADOR
            CODE    B43CH     004DH     UNIT         ?PR?L_D_M?EEPROM
            CODE    B489H     004CH     UNIT         ?PR?LEE_NO_TICKET?EEPROM
            CODE    B4D5H     004CH     UNIT         ?PR?LOAD_AND_SEND_INFO_RELOJ?PTO_PARALELO
            CODE    B521H     004BH     UNIT         ?PR?_TX_AUX?TIBBO
            CODE    B56CH     0049H     UNIT         ?PR?_DEBUG_TXT_TIBBO?TIBBO
            CODE    B5B5H     0048H     UNIT         ?PR?FIRST_CLAVE?PROG
            CODE    B5FDH     0047H     UNIT         ?PR?_DEBUG_CHR_TIBBO?TIBBO
            CODE    B644H     0047H     UNIT         ?PR?_RESPONDE_WRITE_TARJETA_SECTOR2_BLOQUE0?VERIFICADOR
            CODE    B68BH     0046H     UNIT         ?PR?_ESCRIBIRCADENASOFT_BUFFER?MAIN
            CODE    B6D1H     0046H     UNIT         ?PR?_LCD_TXT_NUM_CHAR?PANTALLAS
            CODE    B717H     0046H     UNIT         ?PR?_DEBUG_HEXDEC?TIBBO
            CODE    B75DH     0045H     UNIT         ?PR?VARIABLE_INICIO?MAIN
            CODE    B7A2H     0044H     UNIT         ?PR?_LCD_TXT?PANTALLAS
            CODE    B7E6H     0043H     UNIT         ?PR?DIR_BOARD?IO_SENSORES
            CODE    B829H     0042H     UNIT         ?PR?_VALIDARCLAVE?PROG
            CODE    B86BH     0041H     UNIT         ?PR?_MONITOR_CHR?ACCESCAN
            CODE    B8ACH     0041H     UNIT         ?PR?_TWO_ONE?CLOCK
            CODE    B8EDH     0040H     UNIT         ?PR?_GETCMD?PROG
            CODE    B92DH     0040H     UNIT         ?PR?_DEBUG_PTO_PARALELO?TIBBO
            CODE    B96DH     003FH     UNIT         ?PR?_EB_CLK?CLOCK
            CODE    B9ACH     003EH     UNIT         ?PR?_PUTCHAR?MAIN
            CODE    B9EAH     003EH     UNIT         ?PR?TRAMA_VALIDACION_P_N?VERIFICADOR
            CODE    BA28H     003DH     UNIT         ?PR?_HEX_BCD?CLOCK
            CODE    BA65H     003DH     UNIT         ?PR?_RD_EEPROM?EEPROM
            CODE    BAA2H     003DH     UNIT         ?PR?_DEBUG_MONITOR?TIBBO
            CODE    BADFH     003DH     UNIT         ?PR?_LOAD_SECUENCIA_EXPEDIDOR?VERIFICADOR
            CODE    BB1CH     003BH     UNIT         ?CO?ACCESCAN
            CODE    BB57H     003BH     UNIT         ?CO?EEPROM
            CODE    BB92H     003BH     UNIT         ?PR?_COM_PUTCHAR?UART
            CODE    BBCDH     003AH     UNIT         ?PR?_DELAY_10MS?DELAY
            CODE    BC07H     003AH     UNIT         ?PR?ANALIZA_CARD_MOUNT_RF?VERIFICADOR
            CODE    BC41H     0038H     UNIT         ?PR?VALIDASENSORESPASO?IO_SENSORES
            CODE    BC79H     0036H     UNIT         ?PR?_RESPONDE_WRITE_TARJETA_SECTOR1_BLOQUE1?VERIFICADOR
            CODE    BCAFH     0036H     UNIT         ?PR?_RESPONDE_WRITE_TARJETA_SECTOR1_BLOQUE0?VERIFICADOR
            CODE    BCE5H     0034H     UNIT         ?PR?_CALCULO_BCC?ACCESCAN
            CODE    BD19H     0034H     UNIT         ?PR?INCREMENTE_TICKET?EEPROM
            CODE    BD4DH     0034H     UNIT         ?PR?ADDR_HORARIOS?PROG
            CODE    BD81H     0031H     UNIT         ?PR?_TARJETA_ROTACION?VERIFICADOR
            CODE    BDB2H     0030H     UNIT         ?PR?PREGUNTA_PLACA?VERIFICADOR
BL51 BANKED LINKER/LOCATER V6.22.2.0                                                  06/08/2021  15:03:37  PAGE 6


            CODE    BDE2H     002EH     UNIT         ?PR?TIMER0_INT?MAIN
            CODE    BE10H     002AH     UNIT         ?PR?COM_INITIALIZE?UART
            CODE    BE3AH     0028H     UNIT         ?PR?_WR_CLK?CLOCK
            CODE    BE62H     0028H     UNIT         ?PR?COM_BAUDRATE?UART
            CODE    BE8AH     0028H     UNIT         ?PR?_ARMAR_TRAMA_TARJETA_SECTOR1_BLOQUE0?VERIFICADOR
            CODE    BEB2H     0027H     UNIT         ?PR?_TX_CHRLCD?PANTALLAS
            CODE    BED9H     0026H     UNIT         ?PR?COM_GETCHAR?UART
            CODE    BEFFH     0026H     UNIT         ?PR?ANALIZA_PRESENCIA_MENSUAL?VERIFICADOR
            CODE    BF25H     0026H     UNIT         ?PR?RX_MONITOR?MONITOR
            CODE    BF4BH     0023H     UNIT         ?PR?ANALIZA_PRESENCIA_ROTACION?VERIFICADOR
            CODE    BF6EH     0022H     UNIT         ?PR?_E_D_M?EEPROM
            CODE    BF90H     0022H     UNIT         ?PR?VALIDASENSOR_CERO?IO_SENSORES
            CODE    BFB2H     0021H     UNIT         ?CO?PTO_PARALELO
            CODE    BFD3H     0020H     UNIT         ?PR?ACKD?EEPROM
            CODE    BFF3H     0020H     UNIT         ?PR?ACK_LECT?EEPROM
            CODE    C013H     001FH     UNIT         ?PR?VALIDASENSOR?IO_SENSORES
            CODE    C032H     001FH     UNIT         ?PR?TIME_BIT?TIBBO
            CODE    C051H     001EH     UNIT         ?PR?_BCD_HEX?CLOCK
            CODE    C06FH     001BH     UNIT         ?PR?_DELAY_1MS?DELAY
            CODE    C08AH     0018H     UNIT         ?PR?CLEAR_PLACA?MONITOR
            CODE    C0A2H     0017H     UNIT         ?PR?DISPLAYCURSOR?PROG
            CODE    C0B9H     0017H     UNIT         ?PR?TIME_MBIT?TIBBO
            CODE    C0D0H     0016H     UNIT         ?PR?DIR_BOARD_MONITOR?IO_SENSORES
            CODE    C0E6H     0014H     UNIT         ?CO?CLOCK
            CODE    C0FAH     0014H     UNIT         ?PR?_ISSPACE?ISSPACE
            CODE    C10EH     0012H     UNIT         ?PR?_DELAY_20US?DELAY
            CODE    C120H     0012H     UNIT         ?PR?START?EEPROM
            CODE    C132H     0012H     UNIT         ?PR?BOTTON?IO_SENSORES
            CODE    C144H     0012H     UNIT         ?PR?PULSO_BUS?PTO_PARALELO
            CODE    C156H     0012H     UNIT         ?PR?COM_RBUFLEN?UART
            CODE    C168H     0012H     UNIT         ?PR?COM_TBUFLEN?UART
            CODE    C17AH     0010H     UNIT         ?PR?INI_TIMER?MAIN
            CODE    C18AH     0010H     UNIT         ?PR?INICIA_BOARD?MAIN
            CODE    C19AH     000FH     UNIT         ?PR?_ISDIGIT?ISDIGIT
            CODE    C1A9H     000CH     UNIT         ?PR?_GETKEY?MAIN
            CODE    C1B5H     000AH     UNIT         ?PR?STOP?EEPROM
            CODE    C1BFH     000AH     UNIT         ?PR?COND_INI_PTO?PTO_PARALELO
            CODE    C1C9H     0009H     UNIT         ?PR?DEBUG_DIVIDIR_TEXTO?TIBBO
            CODE    C1D2H     0009H     UNIT         ?PR?CAPTURA_EXPULSA?VERIFICADOR
            CODE    C1DBH     0007H     UNIT         ?PR?COND_INI_CLOCK?CLOCK
            CODE    C1E2H     0007H     UNIT         ?PR?SEL_FUNCION?IO_SENSORES
            CODE    C1E9H     0007H     UNIT         ?PR?SEL_AUTO?IO_SENSORES
            CODE    C1F0H     0007H     UNIT         ?PR?SEL_PULSA?IO_SENSORES
            CODE    C1F7H     0007H     UNIT         ?PR?SEL_SENSOR2?IO_SENSORES
            CODE    C1FEH     0007H     UNIT         ?PR?SEL_SENSOR1?IO_SENSORES
            CODE    C205H     0007H     UNIT         ?PR?SEL_DIR1?IO_SENSORES
            CODE    C20CH     0007H     UNIT         ?PR?SEL_DIR2?IO_SENSORES
            CODE    C213H     0006H     UNIT         ?PR?P_ME?EEPROM
            CODE    C219H     0005H     UNIT         ?PR?ON_TIMER0_INTERRUP?MAIN
            CODE    C21EH     0005H     UNIT         ?PR?COND_INI_TIBBO?TIBBO
            CODE    C223H     0003H     UNIT         ?PR?OFF_TIMER0_INTERRUP?MAIN
            CODE    C226H     0001H     UNIT         ?PR?DELAY?DELAY



OVERLAY MAP OF MODULE:   .\Objects\expedidor_v_01_raspberry (MAIN)

BL51 BANKED LINKER/LOCATER V6.22.2.0                                                  06/08/2021  15:03:37  PAGE 7



SEGMENT                                             BIT_GROUP          DATA_GROUP          XDATA_GROUP
  +--> CALLED SEGMENT                            START    LENGTH     START    LENGTH     START    LENGTH
--------------------------------------------------------------------------------------------------------
?C_C51STARTUP                                    -----    -----      -----    -----      -----    -----
  +--> ?PR?MAIN?MAIN
  +--> ?C_INITSEG

?PR?MAIN?MAIN                                    -----    -----      -----    -----      0000H    0001H
  +--> ?PR?INI_TIMER?MAIN
  +--> ?PR?ON_TIMER0_INTERRUP?MAIN
  +--> ?PR?COM_INITIALIZE?UART
  +--> ?PR?COM_BAUDRATE?UART
  +--> ?PR?INICIA_BOARD?MAIN
  +--> ?PR?TIME_BIT?TIBBO
  +--> ?PR?_DELAY_20US?DELAY
  +--> ?PR?TIME_MBIT?TIBBO
  +--> ?PR?_TX_AUX?TIBBO
  +--> ?PR?SEL_FUNCION?IO_SENSORES
  +--> ?PR?MENU?PROG
  +--> ?PR?VARIABLE_INICIO?MAIN
  +--> ?PR?SECUENCIA_INICIO_EXPEDIDOR?VERIFI...
  +--> ?PR?RX_MONITOR?MONITOR
  +--> ?PR?_SECUENCIAEXPEDIDORMF?VERIFICADOR
  +--> ?PR?_RECIBE_PORT?PTO_PARALELO
  +--> ?PR?_DEBUG_PTO_PARALELO?TIBBO
  +--> ?PR?_VALIDA_TRAMA_PTO?ACCESCAN
  +--> ?PR?MSJ_LCD_INFORMATIVO?IO_SENSORES

?PR?COM_INITIALIZE?UART                          -----    -----      -----    -----      -----    -----
  +--> ?PR?COM_BAUDRATE?UART

?PR?INICIA_BOARD?MAIN                            -----    -----      -----    -----      -----    -----
  +--> ?PR?COND_INI_TIBBO?TIBBO
  +--> ?PR?COND_INI_CLOCK?CLOCK
  +--> ?PR?COND_INI_PTO?PTO_PARALELO

?PR?_TX_AUX?TIBBO                                -----    -----      -----    -----      -----    -----
  +--> ?PR?TIME_BIT?TIBBO

?PR?MENU?PROG                                    -----    -----      -----    -----      0001H    0045H
  +--> ?CO?PROG
  +--> ?PR?PRINTF?PRINTF
  +--> ?PR?_RD_EEPROM?EEPROM
  +--> ?PR?FIRST_CLAVE?PROG
  +--> ?PR?_WR_EEPROM?EEPROM
  +--> ?PR?_LEERMEMORIA?EEPROM
  +--> ?PR?_HASH_ID?PROG
  +--> ?PR?_INGRESADATO?PROG
  +--> ?PR?_GETCMD?PROG
  +--> ?PR?_ESCRIBIRMEMORIA?EEPROM
  +--> ?PR?_VALIDARCLAVE?PROG
  +--> ?PR?DISPLAYCURSOR?PROG
  +--> ?PR?_STRLEN?STRLEN
  +--> ?PR?_GETOPTION?PROG
  +--> ?PR?_STRCAT?STRCAT
  +--> ?PR?_LISTACOMANDOS?PROG
BL51 BANKED LINKER/LOCATER V6.22.2.0                                                  06/08/2021  15:03:37  PAGE 8


  +--> ?PR?PROG_ID_CLIENTE?PROG
  +--> ?PR?PROG_COD_PARK?PROG
  +--> ?PR?PROG_TIEMPO_GRACIA?PROG
  +--> ?PR?PROG_SIN_COBRO?PROG
  +--> ?PR?PROG_DEBUG?PROG
  +--> ?PR?PROG_USE_LPR?PROG
  +--> ?PR?TIPO_PANTALLA?PROG
  +--> ?PR?PROG_TARJETA_AUTOMATICA_O_BOTON?PROG
  +--> ?PR?PROG_ANTIPASSBACK?PROG
  +--> ?PR?PROG_PLACA?PROG
  +--> ?PR?PROG_ADDRESS_HIGH_BOARD?PROG
  +--> ?PR?PROG_HORARIOS?PROG
  +--> ?PR?PROG_VALIDAR_TIPO_VEHICULO_MENSUA...
  +--> ?PR?PROG_APB_MENSUAL?PROG
  +--> ?PR?VER_PROG?PROG
  +--> ?PR?SHOW?PROG
  +--> ?PR?PROG_FECHA_VENCIMIENTO?PROG

?PR?PRINTF?PRINTF                                0020H.0  0001H.1    0008H    0005H      0077H    0030H
  +--> ?PR?_PUTCHAR?MAIN

?PR?_PUTCHAR?MAIN                                -----    -----      -----    -----      00A7H    0003H
  +--> ?PR?_COM_PUTCHAR?UART

?PR?_COM_PUTCHAR?UART                            -----    -----      -----    -----      00AAH    0001H
  +--> ?PR?COM_TBUFLEN?UART

?PR?_RD_EEPROM?EEPROM                            -----    -----      -----    -----      -----    -----
  +--> ?PR?START?EEPROM
  +--> ?PR?ACK_LECT?EEPROM
  +--> ?PR?_E_D_M?EEPROM
  +--> ?PR?ACKD?EEPROM
  +--> ?PR?L_D_M?EEPROM
  +--> ?PR?STOP?EEPROM

?PR?ACK_LECT?EEPROM                              -----    -----      -----    -----      -----    -----
  +--> ?PR?_E_D_M?EEPROM

?PR?_E_D_M?EEPROM                                -----    -----      -----    -----      -----    -----
  +--> ?PR?P_ME?EEPROM

?PR?ACKD?EEPROM                                  -----    -----      -----    -----      -----    -----
  +--> ?PR?_E_D_M?EEPROM

?PR?FIRST_CLAVE?PROG                             -----    -----      -----    -----      0046H    000BH
  +--> ?PR?_BLOCK_READ_CLOCK_ASCII?CLOCK
  +--> ?PR?_HASH_ID?PROG
  +--> ?PR?_ESCRIBIRMEMORIA?EEPROM

?PR?_BLOCK_READ_CLOCK_ASCII?CLOCK                -----    -----      -----    -----      0051H    0003H
  +--> ?PR?_LEE_CLK?CLOCK

?PR?_LEE_CLK?CLOCK                               -----    -----      -----    -----      00B1H    0003H
  +--> ?PR?_DELAY_20US?DELAY
  +--> ?PR?_EB_CLK?CLOCK
  +--> ?PR?P_CK?CLOCK

BL51 BANKED LINKER/LOCATER V6.22.2.0                                                  06/08/2021  15:03:37  PAGE 9


?PR?_EB_CLK?CLOCK                                -----    -----      -----    -----      00B4H    0003H
  +--> ?PR?P_CK?CLOCK

?PR?P_CK?CLOCK                                   -----    -----      -----    -----      -----    -----
  +--> ?PR?DELAY?DELAY

?PR?_HASH_ID?PROG                                -----    -----      -----    -----      005DH    003FH
  +--> ?CO?PROG
  +--> ?PR?_LEERMEMORIA?EEPROM
  +--> ?PR?_CHECK_FECHAOUT?CLOCK
  +--> ?PR?_STRLEN?STRLEN

?PR?_LEERMEMORIA?EEPROM                          -----    -----      -----    -----      009CH    0005H
  +--> ?PR?_RD_EEPROM?EEPROM

?PR?_CHECK_FECHAOUT?CLOCK                        -----    -----      -----    -----      009CH    0012H
  +--> ?PR?_BLOCK_READ_CLOCK_HEX?CLOCK

?PR?_BLOCK_READ_CLOCK_HEX?CLOCK                  -----    -----      -----    -----      00AEH    0003H
  +--> ?PR?_LEE_CLK?CLOCK
  +--> ?PR?_BCD_HEX?CLOCK

?PR?_ESCRIBIRMEMORIA?EEPROM                      -----    -----      -----    -----      005DH    0005H
  +--> ?PR?_WR_EEPROM?EEPROM

?PR?_WR_EEPROM?EEPROM                            -----    -----      -----    -----      -----    -----
  +--> ?PR?START?EEPROM
  +--> ?PR?ACKD?EEPROM
  +--> ?PR?_E_D_M?EEPROM
  +--> ?PR?STOP?EEPROM
  +--> ?PR?_DELAY_1MS?DELAY
  +--> ?PR?_DELAY_20US?DELAY

?PR?_DELAY_1MS?DELAY                             -----    -----      -----    -----      -----    -----
  +--> ?PR?_DELAY_20US?DELAY

?PR?_INGRESADATO?PROG                            -----    -----      -----    -----      0071H    0004H
  +--> ?PR?_GETKEY?MAIN
  +--> ?CO?PROG
  +--> ?PR?PRINTF?PRINTF
  +--> ?PR?_PUTCHAR?MAIN

?PR?_GETKEY?MAIN                                 -----    -----      -----    -----      -----    -----
  +--> ?PR?COM_GETCHAR?UART

?PR?COM_GETCHAR?UART                             -----    -----      -----    -----      -----    -----
  +--> ?PR?COM_RBUFLEN?UART

?PR?_GETCMD?PROG                                 -----    -----      -----    -----      005DH    0007H
  +--> ?CO?PROG
  +--> ?PR?_STRTOK?STRTOK

?PR?_STRTOK?STRTOK                               -----    -----      -----    -----      0064H    0006H
  +--> ?PR?_STRSPN?STRSPN
  +--> ?PR?_STRPBRK?STRPBRK

?PR?_STRSPN?STRSPN                               -----    -----      -----    -----      006AH    0008H
BL51 BANKED LINKER/LOCATER V6.22.2.0                                                  06/08/2021  15:03:37  PAGE 10



?PR?_STRPBRK?STRPBRK                             -----    -----      -----    -----      006AH    0009H

?PR?_VALIDARCLAVE?PROG                           -----    -----      -----    -----      005DH    000EH

?PR?DISPLAYCURSOR?PROG                           -----    -----      -----    -----      -----    -----
  +--> ?CO?PROG
  +--> ?PR?PRINTF?PRINTF

?PR?_GETOPTION?PROG                              -----    -----      -----    -----      0046H    000BH
  +--> ?CO?PROG
  +--> ?PR?_STRTOK?STRTOK

?PR?_STRCAT?STRCAT                               -----    -----      -----    -----      0048H    0009H

?PR?_LISTACOMANDOS?PROG                          -----    -----      -----    -----      0046H    0007H

?PR?PROG_ID_CLIENTE?PROG                         -----    -----      -----    -----      0046H    000CH
  +--> ?PR?_RD_EEPROM?EEPROM
  +--> ?CO?PROG
  +--> ?PR?PRINTF?PRINTF
  +--> ?PR?_INGRESADATO?PROG
  +--> ?PR?_ATOI?ATOI
  +--> ?PR?_WR_EEPROM?EEPROM

?PR?_ATOI?ATOI                                   0020H.0  0000H.1    -----    -----      0071H    0005H
  +--> ?PR?_ISSPACE?ISSPACE
  +--> ?PR?_ISDIGIT?ISDIGIT

?PR?PROG_COD_PARK?PROG                           -----    -----      -----    -----      0046H    000CH
  +--> ?PR?_RD_EEPROM?EEPROM
  +--> ?CO?PROG
  +--> ?PR?PRINTF?PRINTF
  +--> ?PR?_INGRESADATO?PROG
  +--> ?PR?_ATOI?ATOI
  +--> ?PR?_WR_EEPROM?EEPROM

?PR?PROG_TIEMPO_GRACIA?PROG                      -----    -----      -----    -----      0046H    000CH
  +--> ?PR?_RD_EEPROM?EEPROM
  +--> ?CO?PROG
  +--> ?PR?PRINTF?PRINTF
  +--> ?PR?_INGRESADATO?PROG
  +--> ?PR?_ATOI?ATOI
  +--> ?PR?_WR_EEPROM?EEPROM

?PR?PROG_SIN_COBRO?PROG                          -----    -----      -----    -----      0046H    000CH
  +--> ?PR?_RD_EEPROM?EEPROM
  +--> ?CO?PROG
  +--> ?PR?PRINTF?PRINTF
  +--> ?PR?_INGRESADATO?PROG
  +--> ?PR?_ATOI?ATOI
  +--> ?PR?_WR_EEPROM?EEPROM

?PR?PROG_DEBUG?PROG                              -----    -----      -----    -----      0046H    000CH
  +--> ?PR?_RD_EEPROM?EEPROM
  +--> ?CO?PROG
  +--> ?PR?PRINTF?PRINTF
BL51 BANKED LINKER/LOCATER V6.22.2.0                                                  06/08/2021  15:03:37  PAGE 11


  +--> ?PR?_INGRESADATO?PROG
  +--> ?PR?_ATOI?ATOI
  +--> ?PR?_WR_EEPROM?EEPROM

?PR?PROG_USE_LPR?PROG                            -----    -----      -----    -----      0046H    000CH
  +--> ?PR?_RD_EEPROM?EEPROM
  +--> ?CO?PROG
  +--> ?PR?PRINTF?PRINTF
  +--> ?PR?_INGRESADATO?PROG
  +--> ?PR?_ATOI?ATOI
  +--> ?PR?_WR_EEPROM?EEPROM

?PR?TIPO_PANTALLA?PROG                           -----    -----      -----    -----      0046H    000CH
  +--> ?PR?_RD_EEPROM?EEPROM
  +--> ?CO?PROG
  +--> ?PR?PRINTF?PRINTF
  +--> ?PR?_INGRESADATO?PROG
  +--> ?PR?_ATOI?ATOI
  +--> ?PR?_WR_EEPROM?EEPROM

?PR?PROG_TARJETA_AUTOMATICA_O_BOTON?PROG         -----    -----      -----    -----      0046H    000CH
  +--> ?PR?_RD_EEPROM?EEPROM
  +--> ?CO?PROG
  +--> ?PR?PRINTF?PRINTF
  +--> ?PR?_INGRESADATO?PROG
  +--> ?PR?_ATOI?ATOI
  +--> ?PR?_WR_EEPROM?EEPROM

?PR?PROG_ANTIPASSBACK?PROG                       -----    -----      -----    -----      0046H    000CH
  +--> ?PR?_RD_EEPROM?EEPROM
  +--> ?CO?PROG
  +--> ?PR?PRINTF?PRINTF
  +--> ?PR?_INGRESADATO?PROG
  +--> ?PR?_ATOI?ATOI
  +--> ?PR?_WR_EEPROM?EEPROM

?PR?PROG_PLACA?PROG                              -----    -----      -----    -----      0046H    000CH
  +--> ?PR?_RD_EEPROM?EEPROM
  +--> ?CO?PROG
  +--> ?PR?PRINTF?PRINTF
  +--> ?PR?_INGRESADATO?PROG
  +--> ?PR?_ATOI?ATOI
  +--> ?PR?_WR_EEPROM?EEPROM

?PR?PROG_ADDRESS_HIGH_BOARD?PROG                 -----    -----      -----    -----      0046H    000CH
  +--> ?PR?_RD_EEPROM?EEPROM
  +--> ?CO?PROG
  +--> ?PR?PRINTF?PRINTF
  +--> ?PR?_INGRESADATO?PROG
  +--> ?PR?_ATOI?ATOI
  +--> ?PR?_WR_EEPROM?EEPROM

?PR?PROG_HORARIOS?PROG                           -----    -----      -----    -----      0046H    001BH
  +--> ?PR?ADDR_HORARIOS?PROG
  +--> ?CO?PROG
  +--> ?PR?PRINTF?PRINTF
  +--> ?PR?_INGRESADATO?PROG
BL51 BANKED LINKER/LOCATER V6.22.2.0                                                  06/08/2021  15:03:37  PAGE 12


  +--> ?PR?_ATOI?ATOI
  +--> ?PR?_PROG_HORARIOS_ON_OFF?PROG
  +--> ?PR?_WR_EEPROM?EEPROM
  +--> ?PR?_PROG_HORARIO_DIAS?PROG
  +--> ?PR?_PROG_HORARIO_DESDE_HASTA?PROG
  +--> ?PR?_RD_EEPROM?EEPROM

?PR?ADDR_HORARIOS?PROG                           -----    -----      -----    -----      0074H    000BH

?PR?_PROG_HORARIOS_ON_OFF?PROG                   -----    -----      -----    -----      0061H    0010H
  +--> ?PR?_RD_EEPROM?EEPROM
  +--> ?CO?PROG
  +--> ?PR?PRINTF?PRINTF
  +--> ?PR?_INGRESADATO?PROG
  +--> ?PR?_ATOI?ATOI
  +--> ?PR?_WR_EEPROM?EEPROM

?PR?_PROG_HORARIO_DIAS?PROG                      -----    -----      -----    -----      0061H    000FH
  +--> ?CO?PROG
  +--> ?PR?PRINTF?PRINTF
  +--> ?PR?_INGRESADATO?PROG
  +--> ?PR?_WR_EEPROM?EEPROM
  +--> ?PR?_RD_EEPROM?EEPROM

?PR?_PROG_HORARIO_DESDE_HASTA?PROG               -----    -----      -----    -----      0061H    000CH
  +--> ?CO?PROG
  +--> ?PR?PRINTF?PRINTF
  +--> ?PR?_INGRESADATO?PROG
  +--> ?PR?_WR_EEPROM?EEPROM
  +--> ?PR?_RD_EEPROM?EEPROM

?PR?PROG_VALIDAR_TIPO_VEHICULO_MENSUA...         -----    -----      -----    -----      0046H    000CH
  +--> ?PR?_RD_EEPROM?EEPROM
  +--> ?CO?PROG
  +--> ?PR?PRINTF?PRINTF
  +--> ?PR?_INGRESADATO?PROG
  +--> ?PR?_ATOI?ATOI
  +--> ?PR?_WR_EEPROM?EEPROM

?PR?PROG_APB_MENSUAL?PROG                        -----    -----      -----    -----      0046H    000CH
  +--> ?PR?_RD_EEPROM?EEPROM
  +--> ?CO?PROG
  +--> ?PR?PRINTF?PRINTF
  +--> ?PR?_INGRESADATO?PROG
  +--> ?PR?_ATOI?ATOI
  +--> ?PR?_WR_EEPROM?EEPROM

?PR?VER_PROG?PROG                                -----    -----      -----    -----      0046H    0013H
  +--> ?PR?_RD_EEPROM?EEPROM
  +--> ?CO?PROG
  +--> ?PR?PRINTF?PRINTF
  +--> ?PR?VER_HORARIO?PROG
  +--> ?PR?_LEERMEMORIA?EEPROM
  +--> ?PR?_HEX_ASCII?CLOCK

?PR?VER_HORARIO?PROG                             -----    -----      -----    -----      0059H    001BH
  +--> ?PR?ADDR_HORARIOS?PROG
BL51 BANKED LINKER/LOCATER V6.22.2.0                                                  06/08/2021  15:03:37  PAGE 13


  +--> ?CO?PROG
  +--> ?PR?PRINTF?PRINTF
  +--> ?PR?_RD_EEPROM?EEPROM
  +--> ?PR?_VER_HORARIO_DIAS?PROG
  +--> ?PR?_VER_HORARIO_DESDE_HASTA?PROG

?PR?_VER_HORARIO_DIAS?PROG                       -----    -----      -----    -----      0074H    0003H
  +--> ?PR?_RD_EEPROM?EEPROM
  +--> ?CO?PROG
  +--> ?PR?PRINTF?PRINTF

?PR?_VER_HORARIO_DESDE_HASTA?PROG                -----    -----      -----    -----      0074H    0002H
  +--> ?CO?PROG
  +--> ?PR?PRINTF?PRINTF
  +--> ?PR?_RD_EEPROM?EEPROM

?PR?_HEX_ASCII?CLOCK                             -----    -----      -----    -----      005DH    0006H
  +--> ?PR?_HEX_BCD?CLOCK

?PR?SHOW?PROG                                    -----    -----      -----    -----      -----    -----
  +--> ?CO?PROG
  +--> ?PR?PRINTF?PRINTF

?PR?PROG_FECHA_VENCIMIENTO?PROG                  -----    -----      -----    -----      0046H    0017H
  +--> ?PR?_LEERMEMORIA?EEPROM
  +--> ?PR?_HEX_ASCII?CLOCK
  +--> ?CO?PROG
  +--> ?PR?PRINTF?PRINTF
  +--> ?PR?_HASH_ID?PROG
  +--> ?PR?_INGRESADATO?PROG
  +--> ?PR?_GETCMD?PROG
  +--> ?PR?_ESCRIBIRMEMORIA?EEPROM
  +--> ?PR?_VALIDARCLAVE?PROG
  +--> ?PR?_ATOI?ATOI
  +--> ?PR?_WR_EEPROM?EEPROM

?PR?VARIABLE_INICIO?MAIN                         -----    -----      -----    -----      -----    -----
  +--> ?PR?_RD_EEPROM?EEPROM

?PR?SECUENCIA_INICIO_EXPEDIDOR?VERIFI...         -----    -----      -----    -----      0001H    0001H
  +--> ?PR?_INICIALIZA?LINTECH
  +--> ?PR?TRAMA_VALIDACION_P_N?VERIFICADOR
  +--> ?CO?VERIFICADOR
  +--> ?PR?_DEBUG_TXT_TIBBO?TIBBO
  +--> ?PR?_DEBUGBUFFERMF?TIBBO
  +--> ?PR?DWLOAD_EEPROM?LINTECH

?PR?_INICIALIZA?LINTECH                          -----    -----      -----    -----      0002H    000CH
  +--> ?CO?LINTECH
  +--> ?PR?_DEBUG_TXT_TIBBO?TIBBO
  +--> ?PR?_DEBUGBUFFERMF?TIBBO
  +--> ?PR?_ESCRIBIRCADENASOFT_BUFFER?MAIN

?PR?_DEBUG_TXT_TIBBO?TIBBO                       -----    -----      -----    -----      0053H    0004H
  +--> ?PR?_DEBUG_CHR_TIBBO?TIBBO
  +--> ?CO?TIBBO
  +--> ?PR?_TX_AUX?TIBBO
BL51 BANKED LINKER/LOCATER V6.22.2.0                                                  06/08/2021  15:03:37  PAGE 14



?PR?_DEBUG_CHR_TIBBO?TIBBO                       -----    -----      -----    -----      -----    -----
  +--> ?PR?_TX_AUX?TIBBO

?PR?_DEBUGBUFFERMF?TIBBO                         -----    -----      -----    -----      0027H    0006H
  +--> ?CO?TIBBO
  +--> ?PR?_DEBUG_TXT_TIBBO?TIBBO
  +--> ?PR?_DEBUG_CHR_TIBBO?TIBBO
  +--> ?PR?_TX_AUX?TIBBO

?PR?_ESCRIBIRCADENASOFT_BUFFER?MAIN              -----    -----      -----    -----      0027H    0006H
  +--> ?PR?_PUTCHAR?MAIN

?PR?TRAMA_VALIDACION_P_N?VERIFICADOR             -----    -----      -----    -----      -----    -----
  +--> ?CO?VERIFICADOR
  +--> ?PR?_DEBUG_TXT_TIBBO?TIBBO

?PR?DWLOAD_EEPROM?LINTECH                        -----    -----      -----    -----      0002H    0016H
  +--> ?CO?LINTECH
  +--> ?PR?_DEBUG_TXT_TIBBO?TIBBO
  +--> ?PR?_DEBUGBUFFERMF?TIBBO
  +--> ?PR?_ESCRIBIRCADENASOFT_BUFFER?MAIN

?PR?RX_MONITOR?MONITOR                           -----    -----      -----    -----      0009H    000DH
  +--> ?PR?_RECIBE_CMD_MONITOR?MONITOR
  +--> ?PR?_DEBUG_MONITOR?TIBBO
  +--> ?PR?_VALIDA_TRAMA_MONITOR?MONITOR

?PR?_RECIBE_CMD_MONITOR?MONITOR                  -----    -----      -----    -----      0016H    0009H
  +--> ?PR?RX_DATA?TIBBO

?PR?RX_DATA?TIBBO                                -----    -----      -----    -----      -----    -----
  +--> ?PR?TIME_MBIT?TIBBO
  +--> ?PR?TIME_BIT?TIBBO

?PR?_DEBUG_MONITOR?TIBBO                         -----    -----      -----    -----      0016H    0004H
  +--> ?PR?DEBUG_DIVIDIR_TEXTO?TIBBO
  +--> ?CO?TIBBO
  +--> ?PR?_DEBUG_TXT_TIBBO?TIBBO

?PR?DEBUG_DIVIDIR_TEXTO?TIBBO                    -----    -----      -----    -----      -----    -----
  +--> ?CO?TIBBO
  +--> ?PR?_DEBUG_TXT_TIBBO?TIBBO

?PR?_VALIDA_TRAMA_MONITOR?MONITOR                -----    -----      -----    -----      0016H    0006H
  +--> ?PR?_DELAY_10MS?DELAY
  +--> ?PR?_TX_AUX?TIBBO

?PR?_DELAY_10MS?DELAY                            -----    -----      -----    -----      001CH    0004H
  +--> ?PR?_DELAY_1MS?DELAY

?PR?_SECUENCIAEXPEDIDORMF?VERIFICADOR            -----    -----      -----    -----      0001H    0001H
  +--> ?PR?_CHECK_STATUS?LINTECH
  +--> ?PR?_LOAD_SECUENCIA_EXPEDIDOR?VERIFIC...
  +--> ?PR?RX_MONITOR?MONITOR
  +--> ?PR?_RTA_CMD_TRANSPORTE?VERIFICADOR
  +--> ?PR?_MOV_CARD?LINTECH
BL51 BANKED LINKER/LOCATER V6.22.2.0                                                  06/08/2021  15:03:37  PAGE 15


  +--> ?PR?_CARD_INSERCION?LINTECH
  +--> ?PR?AUT_CARD_CHECK_STATUS?LINTECH
  +--> ?PR?LOADVERIFY_EEPROM?LINTECH
  +--> ?PR?_RD_MF?LINTECH
  +--> ?PR?_WR_MF?LINTECH
  +--> ?PR?ANALIZA_CARD_MOUNT_RF?VERIFICADOR
  +--> ?PR?DWLOAD_EEPROM?LINTECH
  +--> ?PR?ENTREGA_CARD_CAPTURA?VERIFICADOR
  +--> ?PR?_SEND_PTO_PARALELO?VERIFICADOR
  +--> ?PR?_WAIT_PLACA?VERIFICADOR
  +--> ?PR?UNIQUE_IDENTIFIER_UID?LINTECH
  +--> ?PR?_PREGUNTA_LPR?VERIFICADOR
  +--> ?PR?PREGUNTA_PLACA?VERIFICADOR
  +--> ?PR?_VALIDA_TIPO_TARJETA?VERIFICADOR
  +--> ?PR?POWER_OFF?LINTECH
  +--> ?PR?CLAVE_SEGURIDAD_S2?LINTECH
  +--> ?PR?_RESPONDE_REELECTURA_TARJETA_SECT...
  +--> ?PR?RESPONDE_ESTADO_SENSORES_TRANSPOR...
  +--> ?PR?RESPONDE_TIPO_TARJETA?VERIFICADOR
  +--> ?PR?_RESPONDE_LECTURA_TARJETA_SECTOR1...
  +--> ?PR?_RESPONDE_LECTURA_TARJETA_SECTOR1...
  +--> ?PR?_RESPONDE_LECTURA_TARJETA_SECTOR1...
  +--> ?PR?_RESPONDE_WRITE_TARJETA_SECTOR1_B...
  +--> ?PR?_RESPONDE_WRITE_TARJETA_SECTOR2_B...
  +--> ?PR?_RESPONDE_WRITE_TARJETA_SECTOR1_B...
  +--> ?PR?_RESPONDE_WRITE_TARJETA_SECTOR1_B...
  +--> ?PR?_DISPARO_LOCK_ENTRADA_VEHICULO?VE...
  +--> ?PR?_RESPUESTA_SEGUNDA_CLAVE?VERIFICADOR
  +--> ?PR?ANALIZA_PRESENCIA_MENSUAL?VERIFIC...
  +--> ?PR?_ANALIZA_UID_CARD?VERIFICADOR
  +--> ?PR?ANALIZA_PRESENCIA_ROTACION?VERIFI...
  +--> ?CO?VERIFICADOR
  +--> ?PR?_DEBUG_TXT_TIBBO?TIBBO

?PR?_CHECK_STATUS?LINTECH                        -----    -----      -----    -----      0002H    000BH
  +--> ?CO?LINTECH
  +--> ?PR?_DEBUG_TXT_TIBBO?TIBBO
  +--> ?PR?_DEBUGBUFFERMF?TIBBO
  +--> ?PR?_ESCRIBIRCADENASOFT_BUFFER?MAIN

?PR?_LOAD_SECUENCIA_EXPEDIDOR?VERIFIC...         -----    -----      -----    -----      0002H    0009H

?PR?_RTA_CMD_TRANSPORTE?VERIFICADOR              -----    -----      -----    -----      0002H    0005H
  +--> ?PR?TRAMA_VALIDACION_P_N?VERIFICADOR
  +--> ?CO?VERIFICADOR
  +--> ?PR?_DEBUG_TXT_TIBBO?TIBBO
  +--> ?PR?_DEBUGBUFFERMF?TIBBO
  +--> ?PR?ERROR_RX_PTO?VERIFICADOR

?PR?ERROR_RX_PTO?VERIFICADOR                     -----    -----      -----    -----      0007H    0001H
  +--> ?CO?VERIFICADOR
  +--> ?PR?_DEBUG_TXT_TIBBO?TIBBO
  +--> ?PR?_DEBUG_CHR_TIBBO?TIBBO
  +--> ?PR?_DELAY_10MS?DELAY

?PR?_MOV_CARD?LINTECH                            -----    -----      -----    -----      0002H    000CH
  +--> ?CO?LINTECH
BL51 BANKED LINKER/LOCATER V6.22.2.0                                                  06/08/2021  15:03:37  PAGE 16


  +--> ?PR?_DEBUG_TXT_TIBBO?TIBBO
  +--> ?PR?_DEBUGBUFFERMF?TIBBO
  +--> ?PR?_ESCRIBIRCADENASOFT_BUFFER?MAIN

?PR?_CARD_INSERCION?LINTECH                      -----    -----      -----    -----      0002H    000AH
  +--> ?CO?LINTECH
  +--> ?PR?_DEBUG_TXT_TIBBO?TIBBO
  +--> ?PR?_DEBUGBUFFERMF?TIBBO
  +--> ?PR?_ESCRIBIRCADENASOFT_BUFFER?MAIN

?PR?AUT_CARD_CHECK_STATUS?LINTECH                -----    -----      -----    -----      0002H    000BH
  +--> ?CO?LINTECH
  +--> ?PR?_DEBUG_TXT_TIBBO?TIBBO
  +--> ?PR?_DEBUGBUFFERMF?TIBBO
  +--> ?PR?_ESCRIBIRCADENASOFT_BUFFER?MAIN

?PR?LOADVERIFY_EEPROM?LINTECH                    -----    -----      -----    -----      0002H    0010H
  +--> ?CO?LINTECH
  +--> ?PR?_DEBUG_TXT_TIBBO?TIBBO
  +--> ?PR?_DEBUGBUFFERMF?TIBBO
  +--> ?PR?_ESCRIBIRCADENASOFT_BUFFER?MAIN

?PR?_RD_MF?LINTECH                               -----    -----      -----    -----      0002H    0012H
  +--> ?CO?LINTECH
  +--> ?PR?_DEBUG_TXT_TIBBO?TIBBO
  +--> ?PR?_DEBUG_CHR_TIBBO?TIBBO
  +--> ?PR?_DEBUGBUFFERMF?TIBBO
  +--> ?PR?_ESCRIBIRCADENASOFT_BUFFER?MAIN

?PR?_WR_MF?LINTECH                               -----    -----      -----    -----      0002H    0025H
  +--> ?CO?LINTECH
  +--> ?PR?_DEBUG_TXT_TIBBO?TIBBO
  +--> ?PR?_DEBUG_CHR_TIBBO?TIBBO
  +--> ?PR?_DEBUGBUFFERMF?TIBBO
  +--> ?PR?_ESCRIBIRCADENASOFT_BUFFER?MAIN

?PR?ANALIZA_CARD_MOUNT_RF?VERIFICADOR            -----    -----      -----    -----      0002H    0001H
  +--> ?CO?VERIFICADOR
  +--> ?PR?_DEBUG_TXT_TIBBO?TIBBO

?PR?ENTREGA_CARD_CAPTURA?VERIFICADOR             -----    -----      -----    -----      0002H    0001H
  +--> ?CO?VERIFICADOR
  +--> ?PR?_DEBUG_TXT_TIBBO?TIBBO
  +--> ?PR?SEL_SENSOR2?IO_SENSORES
  +--> ?PR?VALIDASENSOR?IO_SENSORES
  +--> ?PR?VALIDA_SENSOR1_AUTO?IO_SENSORES

?PR?VALIDA_SENSOR1_AUTO?IO_SENSORES              -----    -----      -----    -----      0016H    0001H
  +--> ?PR?SEL_SENSOR1?IO_SENSORES
  +--> ?PR?SEL_AUTO?IO_SENSORES
  +--> ?CO?IO_SENSORES
  +--> ?PR?_DEBUG_TXT_TIBBO?TIBBO
  +--> ?PR?BOTTON?IO_SENSORES

?PR?BOTTON?IO_SENSORES                           -----    -----      -----    -----      -----    -----
  +--> ?PR?SEL_PULSA?IO_SENSORES
  +--> ?CO?IO_SENSORES
BL51 BANKED LINKER/LOCATER V6.22.2.0                                                  06/08/2021  15:03:37  PAGE 17


  +--> ?PR?_DEBUG_TXT_TIBBO?TIBBO

?PR?_SEND_PTO_PARALELO?VERIFICADOR               -----    -----      -----    -----      0002H    0007H
  +--> ?PR?_ARMAR_TRAMA_PTO_PARALELO_EXPEDID...
  +--> ?PR?_ARMAR_TRAMA_PTO_PARALELO_EXPEDID...
  +--> ?PR?INCREMENTE_TICKET?EEPROM
  +--> ?PR?_SEND_PORT?PTO_PARALELO
  +--> ?CO?VERIFICADOR
  +--> ?PR?_DEBUG_TXT_TIBBO?TIBBO
  +--> ?PR?_DEBUGBUFFERMF?TIBBO
  +--> ?PR?CLEAR_PLACA?MONITOR

?PR?_ARMAR_TRAMA_PTO_PARALELO_EXPEDID...         -----    -----      -----    -----      0009H    0006H
  +--> ?PR?_BCD_HEX?CLOCK
  +--> ?PR?_RD_EEPROM?EEPROM

?PR?_ARMAR_TRAMA_PTO_PARALELO_EXPEDID...         -----    -----      -----    -----      0009H    0012H
  +--> ?PR?LEE_NO_TICKET?EEPROM
  +--> ?PR?_STRCAT?STRCAT
  +--> ?PR?_STRLEN?STRLEN
  +--> ?PR?_BCD_HEX?CLOCK
  +--> ?PR?_RD_EEPROM?EEPROM

?PR?LEE_NO_TICKET?EEPROM                         -----    -----      -----    -----      0048H    000BH
  +--> ?PR?READ_EEPROM_TICKET?EEPROM
  +--> ?CO?EEPROM
  +--> ?PR?PRINTF?PRINTF
  +--> ?PR?_STRLEN?STRLEN
  +--> ?PR?_DEBUG_TXT_TIBBO?TIBBO

?PR?READ_EEPROM_TICKET?EEPROM                    -----    -----      -----    -----      0053H    0007H
  +--> ?PR?_RD_EEPROM?EEPROM

?PR?INCREMENTE_TICKET?EEPROM                     -----    -----      -----    -----      0009H    000BH
  +--> ?PR?READ_EEPROM_TICKET?EEPROM
  +--> ?CO?EEPROM
  +--> ?PR?PRINTF?PRINTF
  +--> ?PR?_WRITE_EEPROM_TICKET?EEPROM

?PR?_WRITE_EEPROM_TICKET?EEPROM                  -----    -----      -----    -----      001AH    000BH
  +--> ?CO?EEPROM
  +--> ?PR?_DEBUG_TXT_TIBBO?TIBBO
  +--> ?PR?_ATOL?ATOL
  +--> ?PR?_DEBUG_CHR_TIBBO?TIBBO
  +--> ?PR?_WR_EEPROM?EEPROM

?PR?_ATOL?ATOL                                   0020H.0  0000H.1    -----    -----      0025H    0007H
  +--> ?PR?_ISSPACE?ISSPACE
  +--> ?PR?_ISDIGIT?ISDIGIT

?PR?_SEND_PORT?PTO_PARALELO                      -----    -----      -----    -----      0016H    000AH
  +--> ?PR?PULSO_BUS?PTO_PARALELO
  +--> ?PR?_DELAY_20US?DELAY

?PR?PULSO_BUS?PTO_PARALELO                       -----    -----      -----    -----      -----    -----
  +--> ?PR?_DELAY_20US?DELAY

BL51 BANKED LINKER/LOCATER V6.22.2.0                                                  06/08/2021  15:03:37  PAGE 18


?PR?_WAIT_PLACA?VERIFICADOR                      -----    -----      -----    -----      0002H    0007H
  +--> ?CO?VERIFICADOR
  +--> ?PR?_DEBUG_TXT_TIBBO?TIBBO
  +--> ?PR?RX_MONITOR?MONITOR
  +--> ?PR?_RESPUESTA_PLACA_CANCEL?VERIFICADOR

?PR?_RESPUESTA_PLACA_CANCEL?VERIFICADOR          -----    -----      -----    -----      0009H    000AH
  +--> ?CO?VERIFICADOR
  +--> ?PR?_DEBUG_TXT_TIBBO?TIBBO
  +--> ?PR?_ARMAR_TRAMA_TARJETA_SECTOR1_BLOQ...

?PR?_ARMAR_TRAMA_TARJETA_SECTOR1_BLOQ...         -----    -----      -----    -----      0013H    0004H
  +--> ?PR?CLEAR_PLACA?MONITOR
  +--> ?PR?_RD_EEPROM?EEPROM

?PR?UNIQUE_IDENTIFIER_UID?LINTECH                -----    -----      -----    -----      0002H    000BH
  +--> ?CO?LINTECH
  +--> ?PR?_DEBUG_TXT_TIBBO?TIBBO
  +--> ?PR?_DEBUGBUFFERMF?TIBBO
  +--> ?PR?_ESCRIBIRCADENASOFT_BUFFER?MAIN

?PR?_PREGUNTA_LPR?VERIFICADOR                    -----    -----      -----    -----      0002H    0003H
  +--> ?CO?VERIFICADOR
  +--> ?PR?_DEBUG_TXT_TIBBO?TIBBO
  +--> ?PR?_HORA_ENTRADA_VEHICULO?CLOCK
  +--> ?PR?_RD_EEPROM?EEPROM
  +--> ?PR?_ARMAR_TRAMA_MONITOR?VERIFICADOR

?PR?_HORA_ENTRADA_VEHICULO?CLOCK                 -----    -----      -----    -----      0005H    0003H
  +--> ?PR?_LEE_CLK?CLOCK

?PR?_ARMAR_TRAMA_MONITOR?VERIFICADOR             -----    -----      -----    -----      0005H    000FH
  +--> ?PR?DIR_BOARD_MONITOR?IO_SENSORES
  +--> ?PR?LEE_NO_TICKET?EEPROM
  +--> ?PR?_STRCAT?STRCAT
  +--> ?PR?_BYTEHEX_DECIMAL?CLOCK
  +--> ?PR?_STRLEN?STRLEN
  +--> ?PR?_TWO_BYTEHEX_DECIMAL?CLOCK

?PR?DIR_BOARD_MONITOR?IO_SENSORES                -----    -----      -----    -----      -----    -----
  +--> ?PR?_RD_EEPROM?EEPROM

?PR?_BYTEHEX_DECIMAL?CLOCK                       -----    -----      -----    -----      0015H    0001H

?PR?_TWO_BYTEHEX_DECIMAL?CLOCK                   -----    -----      -----    -----      0015H    000CH
  +--> ?PR?_POW?POW

?PR?_POW?POW                                     -----    -----      -----    -----      0021H    000AH
  +--> ?PR?LOG?LOG
  +--> ?PR?EXP?EXP

?PR?LOG?LOG                                      0020H.0  0000H.1    -----    -----      002BH    0004H

?PR?PREGUNTA_PLACA?VERIFICADOR                   -----    -----      -----    -----      0002H    0001H
  +--> ?CO?VERIFICADOR
  +--> ?PR?_DEBUG_TXT_TIBBO?TIBBO
  +--> ?PR?_RD_EEPROM?EEPROM
BL51 BANKED LINKER/LOCATER V6.22.2.0                                                  06/08/2021  15:03:37  PAGE 19



?PR?_VALIDA_TIPO_TARJETA?VERIFICADOR             -----    -----      -----    -----      0002H    0007H
  +--> ?CO?VERIFICADOR
  +--> ?PR?_DEBUG_TXT_TIBBO?TIBBO
  +--> ?PR?_RD_EEPROM?EEPROM
  +--> ?PR?_TARJETA_MENSUAL?VERIFICADOR
  +--> ?PR?_SEND_PORTERR?PTO_PARALELO
  +--> ?PR?_PANTALLALCD?PANTALLAS
  +--> ?PR?CAPTURA_EXPULSA?VERIFICADOR
  +--> ?PR?_TARJETA_ROTACION?VERIFICADOR

?PR?_TARJETA_MENSUAL?VERIFICADOR                 -----    -----      -----    -----      0009H    0007H
  +--> ?PR?_HORARIOS?VERIFICADOR
  +--> ?PR?_CHECK_FECHAOUT?CLOCK
  +--> ?PR?_VALIDA_VEHICULO_CARD_MENSUAL?VER...
  +--> ?PR?CAPTURA_EXPULSA?VERIFICADOR
  +--> ?CO?VERIFICADOR
  +--> ?PR?_DEBUG_TXT_TIBBO?TIBBO
  +--> ?PR?_ARMAR_TRAMA_TARJETA_SECTOR1_BLOQ...
  +--> ?PR?_SEND_PORTERR?PTO_PARALELO
  +--> ?PR?_PANTALLALCD?PANTALLAS

?PR?_HORARIOS?VERIFICADOR                        -----    -----      -----    -----      0010H    0013H
  +--> ?PR?ADDR_HORARIOS?PROG
  +--> ?PR?_RD_EEPROM?EEPROM
  +--> ?PR?_LEE_CLK?CLOCK
  +--> ?CO?VERIFICADOR
  +--> ?PR?_DEBUG_TXT_TIBBO?TIBBO
  +--> ?PR?_DEBUG_CHR_TIBBO?TIBBO
  +--> ?PR?_BLOQUE_HORARIO?VERIFICADOR
  +--> ?PR?_PANTALLALCD?PANTALLAS

?PR?_BLOQUE_HORARIO?VERIFICADOR                  -----    -----      -----    -----      0023H    0007H
  +--> ?CO?VERIFICADOR
  +--> ?PR?_DEBUG_TXT_TIBBO?TIBBO
  +--> ?PR?_LEE_CLK?CLOCK
  +--> ?PR?_DEBUG_CHR_TIBBO?TIBBO
  +--> ?PR?_HORA_MAXIMA?VERIFICADOR
  +--> ?PR?_EN_HORARIO?VERIFICADOR
  +--> ?PR?_RD_EEPROM?EEPROM
  +--> ?PR?_SEND_PORTERR?PTO_PARALELO
  +--> ?PR?_PANTALLALCD?PANTALLAS

?PR?_HORA_MAXIMA?VERIFICADOR                     -----    -----      -----    -----      002FH    0008H
  +--> ?PR?_RD_EEPROM?EEPROM
  +--> ?PR?_DEBUG_CHR_TIBBO?TIBBO
  +--> ?CO?VERIFICADOR
  +--> ?PR?_DEBUG_TXT_TIBBO?TIBBO

?PR?_EN_HORARIO?VERIFICADOR                      -----    -----      -----    -----      002AH    0005H
  +--> ?CO?VERIFICADOR
  +--> ?PR?_DEBUG_TXT_TIBBO?TIBBO
  +--> ?PR?_HORA_MAXIMA?VERIFICADOR

?PR?_SEND_PORTERR?PTO_PARALELO                   -----    -----      -----    -----      002AH    0006H
  +--> ?PR?PULSO_BUS?PTO_PARALELO
  +--> ?PR?_DELAY_20US?DELAY
BL51 BANKED LINKER/LOCATER V6.22.2.0                                                  06/08/2021  15:03:37  PAGE 20



?PR?_PANTALLALCD?PANTALLAS                       -----    -----      -----    -----      002AH    000AH
  +--> ?CO?PANTALLAS
  +--> ?PR?_LCD_TXT?PANTALLAS
  +--> ?PR?_STRLEN?STRLEN
  +--> ?PR?_TX_CHRLCD?PANTALLAS
  +--> ?PR?_RASPBERRY_DATA?PANTALLAS

?PR?_LCD_TXT?PANTALLAS                           -----    -----      -----    -----      0048H    0005H
  +--> ?PR?_TX_CHRLCD?PANTALLAS

?PR?_TX_CHRLCD?PANTALLAS                         -----    -----      -----    -----      004DH    0002H
  +--> ?PR?_PUTCHAR?MAIN

?PR?_RASPBERRY_DATA?PANTALLAS                    -----    -----      -----    -----      0048H    0006H
  +--> ?PR?_STRLEN?STRLEN
  +--> ?PR?_PUTCHAR?MAIN

?PR?_VALIDA_VEHICULO_CARD_MENSUAL?VER...         -----    -----      -----    -----      0010H    0004H
  +--> ?CO?VERIFICADOR
  +--> ?PR?_DEBUG_TXT_TIBBO?TIBBO
  +--> ?PR?_RD_EEPROM?EEPROM
  +--> ?PR?_SEND_PORTERR?PTO_PARALELO

?PR?_ARMAR_TRAMA_TARJETA_SECTOR1_BLOQ...         -----    -----      -----    -----      0010H    0006H
  +--> ?PR?_BCD_HEX?CLOCK
  +--> ?PR?DIR_BOARD?IO_SENSORES

?PR?DIR_BOARD?IO_SENSORES                        -----    -----      -----    -----      0037H    0001H
  +--> ?PR?SEL_DIR1?IO_SENSORES
  +--> ?PR?SEL_DIR2?IO_SENSORES
  +--> ?PR?_RD_EEPROM?EEPROM

?PR?_TARJETA_ROTACION?VERIFICADOR                -----    -----      -----    -----      0009H    0006H
  +--> ?PR?_ARMAR_TRAMA_TARJETA_SECTOR1_BLOQ...

?PR?POWER_OFF?LINTECH                            -----    -----      -----    -----      0002H    000BH
  +--> ?CO?LINTECH
  +--> ?PR?_DEBUG_TXT_TIBBO?TIBBO
  +--> ?PR?_DEBUGBUFFERMF?TIBBO
  +--> ?PR?_ESCRIBIRCADENASOFT_BUFFER?MAIN

?PR?CLAVE_SEGURIDAD_S2?LINTECH                   -----    -----      -----    -----      0002H    0016H
  +--> ?CO?LINTECH
  +--> ?PR?_DEBUG_TXT_TIBBO?TIBBO
  +--> ?PR?_DEBUGBUFFERMF?TIBBO
  +--> ?PR?_ESCRIBIRCADENASOFT_BUFFER?MAIN

?PR?_RESPONDE_REELECTURA_TARJETA_SECT...         -----    -----      -----    -----      0002H    000AH
  +--> ?CO?VERIFICADOR
  +--> ?PR?_DEBUG_TXT_TIBBO?TIBBO
  +--> ?PR?_DEBUGBUFFERMF?TIBBO
  +--> ?PR?_ARMAR_TRAMA_TARJETA_SECTOR1_BLOQ...

?PR?_ARMAR_TRAMA_TARJETA_SECTOR1_BLOQ...         -----    -----      -----    -----      000CH    0003H
  +--> ?PR?LEE_NO_TICKET?EEPROM

BL51 BANKED LINKER/LOCATER V6.22.2.0                                                  06/08/2021  15:03:37  PAGE 21


?PR?RESPONDE_ESTADO_SENSORES_TRANSPOR...         -----    -----      -----    -----      0002H    0001H
  +--> ?CO?VERIFICADOR
  +--> ?PR?_DEBUG_TXT_TIBBO?TIBBO
  +--> ?PR?_SEND_PORTERR?PTO_PARALELO
  +--> ?PR?INGRESO_VEHICULO?VERIFICADOR

?PR?INGRESO_VEHICULO?VERIFICADOR                 -----    -----      -----    -----      -----    -----
  +--> ?PR?VALIDASENSORESPASO?IO_SENSORES
  +--> ?PR?_RD_EEPROM?EEPROM
  +--> ?CO?VERIFICADOR
  +--> ?PR?_DEBUG_TXT_TIBBO?TIBBO
  +--> ?PR?_PANTALLALCD?PANTALLAS
  +--> ?PR?BOTTON?IO_SENSORES

?PR?VALIDASENSORESPASO?IO_SENSORES               -----    -----      -----    -----      0015H    0001H
  +--> ?PR?SEL_SENSOR2?IO_SENSORES
  +--> ?PR?VALIDASENSOR?IO_SENSORES
  +--> ?PR?VALIDA_SENSOR1_AUTO?IO_SENSORES
  +--> ?CO?IO_SENSORES
  +--> ?PR?_DEBUG_TXT_TIBBO?TIBBO

?PR?RESPONDE_TIPO_TARJETA?VERIFICADOR            -----    -----      -----    -----      0002H    0001H
  +--> ?CO?VERIFICADOR
  +--> ?PR?_DEBUG_TXT_TIBBO?TIBBO
  +--> ?PR?_SEND_PORTERR?PTO_PARALELO
  +--> ?PR?_PANTALLALCD?PANTALLAS
  +--> ?PR?CAPTURA_EXPULSA?VERIFICADOR

?PR?_RESPONDE_LECTURA_TARJETA_SECTOR1...         -----    -----      -----    -----      0002H    0016H
  +--> ?CO?VERIFICADOR
  +--> ?PR?_DEBUG_TXT_TIBBO?TIBBO
  +--> ?PR?_DEBUGBUFFERMF?TIBBO
  +--> ?PR?_RD_EEPROM?EEPROM
  +--> ?PR?_DEBUG_HEXDEC?TIBBO
  +--> ?PR?_DEBUG_CHR_TIBBO?TIBBO
  +--> ?PR?_SEND_PORTERR?PTO_PARALELO
  +--> ?PR?_PANTALLALCD?PANTALLAS
  +--> ?PR?CAPTURA_EXPULSA?VERIFICADOR

?PR?_DEBUG_HEXDEC?TIBBO                          -----    -----      -----    -----      0018H    0002H
  +--> ?PR?_TX_AUX?TIBBO

?PR?_RESPONDE_LECTURA_TARJETA_SECTOR1...         -----    -----      -----    -----      0002H    0004H
  +--> ?CO?VERIFICADOR
  +--> ?PR?_DEBUG_TXT_TIBBO?TIBBO
  +--> ?PR?CAPTURA_EXPULSA?VERIFICADOR

?PR?_RESPONDE_LECTURA_TARJETA_SECTOR1...         -----    -----      -----    -----      0002H    0015H
  +--> ?CO?VERIFICADOR
  +--> ?PR?_DEBUG_TXT_TIBBO?TIBBO
  +--> ?PR?_DEBUGBUFFERMF?TIBBO
  +--> ?PR?_DEBUG_CHR_TIBBO?TIBBO
  +--> ?PR?CAPTURA_EXPULSA?VERIFICADOR

?PR?_RESPONDE_WRITE_TARJETA_SECTOR1_B...         -----    -----      -----    -----      0002H    0007H
  +--> ?CO?VERIFICADOR
  +--> ?PR?_DEBUG_TXT_TIBBO?TIBBO
BL51 BANKED LINKER/LOCATER V6.22.2.0                                                  06/08/2021  15:03:37  PAGE 22


  +--> ?PR?_DEBUGBUFFERMF?TIBBO

?PR?_RESPONDE_WRITE_TARJETA_SECTOR2_B...         -----    -----      -----    -----      0002H    0003H
  +--> ?CO?VERIFICADOR
  +--> ?PR?_DEBUG_TXT_TIBBO?TIBBO
  +--> ?PR?_DEBUGBUFFERMF?TIBBO

?PR?_RESPONDE_WRITE_TARJETA_SECTOR1_B...         -----    -----      -----    -----      0002H    0003H
  +--> ?CO?VERIFICADOR
  +--> ?PR?_DEBUG_TXT_TIBBO?TIBBO
  +--> ?PR?_DEBUGBUFFERMF?TIBBO

?PR?_RESPONDE_WRITE_TARJETA_SECTOR1_B...         -----    -----      -----    -----      0002H    0003H
  +--> ?CO?VERIFICADOR
  +--> ?PR?_DEBUG_TXT_TIBBO?TIBBO
  +--> ?PR?_DEBUGBUFFERMF?TIBBO

?PR?_DISPARO_LOCK_ENTRADA_VEHICULO?VE...         -----    -----      -----    -----      0002H    0004H
  +--> ?CO?VERIFICADOR
  +--> ?PR?_DEBUG_TXT_TIBBO?TIBBO
  +--> ?PR?_SEND_PORTERR?PTO_PARALELO
  +--> ?PR?_PANTALLALCD_LINEA_2?PANTALLAS
  +--> ?PR?VALIDA_SENSOR1_AUTO?IO_SENSORES
  +--> ?PR?_PANTALLALCD?PANTALLAS

?PR?_PANTALLALCD_LINEA_2?PANTALLAS               -----    -----      -----    -----      0015H    0033H
  +--> ?CO?PANTALLAS
  +--> ?PR?_LCD_TXT?PANTALLAS
  +--> ?PR?_STRLEN?STRLEN
  +--> ?PR?_TX_CHRLCD?PANTALLAS
  +--> ?PR?_RASPBERRY_DATA?PANTALLAS
  +--> ?PR?LEE_NO_TICKET?EEPROM
  +--> ?PR?_STRCAT?STRCAT

?PR?_RESPUESTA_SEGUNDA_CLAVE?VERIFICADOR         -----    -----      -----    -----      0002H    0006H
  +--> ?CO?VERIFICADOR
  +--> ?PR?_DEBUG_TXT_TIBBO?TIBBO
  +--> ?PR?_DEBUGBUFFERMF?TIBBO
  +--> ?PR?_ARMAR_TRAMA_PLACA?VERIFICADOR

?PR?_ARMAR_TRAMA_PLACA?VERIFICADOR               -----    -----      -----    -----      0008H    0003H
  +--> ?PR?_STRLEN?STRLEN

?PR?ANALIZA_PRESENCIA_MENSUAL?VERIFIC...         -----    -----      -----    -----      0002H    0001H
  +--> ?PR?VALIDASENSORESPASO?IO_SENSORES
  +--> ?PR?_SEND_PORTERR?PTO_PARALELO
  +--> ?PR?_PANTALLALCD?PANTALLAS

?PR?_ANALIZA_UID_CARD?VERIFICADOR                -----    -----      -----    -----      0002H    0015H
  +--> ?CO?VERIFICADOR
  +--> ?PR?_DEBUG_TXT_TIBBO?TIBBO
  +--> ?PR?_DEBUGBUFFERMF?TIBBO
  +--> ?PR?_DEBUG_CHR_TIBBO?TIBBO

?PR?ANALIZA_PRESENCIA_ROTACION?VERIFI...         -----    -----      -----    -----      0002H    0001H
  +--> ?PR?VALIDASENSORESPASO?IO_SENSORES
  +--> ?PR?_SEND_PORTERR?PTO_PARALELO
BL51 BANKED LINKER/LOCATER V6.22.2.0                                                  06/08/2021  15:03:37  PAGE 23


  +--> ?PR?_PANTALLALCD?PANTALLAS

?PR?_RECIBE_PORT?PTO_PARALELO                    -----    -----      -----    -----      0001H    0008H
  +--> ?PR?OFF_TIMER0_INTERRUP?MAIN
  +--> ?PR?ON_TIMER0_INTERRUP?MAIN

?PR?_DEBUG_PTO_PARALELO?TIBBO                    -----    -----      -----    -----      0001H    0004H
  +--> ?CO?TIBBO
  +--> ?PR?_DEBUG_TXT_TIBBO?TIBBO
  +--> ?PR?_DEBUGBUFFERMF?TIBBO
  +--> ?PR?DEBUG_DIVIDIR_TEXTO?TIBBO

?PR?_VALIDA_TRAMA_PTO?ACCESCAN                   -----    -----      -----    -----      0001H    0014H
  +--> ?CO?ACCESCAN
  +--> ?PR?_DEBUG_TXT_TIBBO?TIBBO
  +--> ?PR?_DEBUG_CHR_TIBBO?TIBBO
  +--> ?PR?_CALCULO_BCC?ACCESCAN
  +--> ?PR?_VALIDAR_CLK?CLOCK
  +--> ?PR?_BLOCK_WRITE_CLOCK_ASCII?CLOCK
  +--> ?PR?RELOJ_PANTALLA_LCD?PANTALLAS
  +--> ?PR?_SEND_PORT?PTO_PARALELO
  +--> ?PR?_PANTALLALCD?PANTALLAS
  +--> ?PR?_BYTEHEX_DECIMAL?CLOCK
  +--> ?PR?_TWO_BYTEHEX_DECIMAL?CLOCK
  +--> ?PR?VALIDASENSORESPASO?IO_SENSORES
  +--> ?PR?_CMD_LPR_SALIDA_WIEGAND?ACCESCAN
  +--> ?PR?_PANTALLALCD_LINEA_2?PANTALLAS
  +--> ?PR?_GRABA_SERIE?EEPROM

?PR?_CALCULO_BCC?ACCESCAN                        -----    -----      -----    -----      0015H    0004H

?PR?_BLOCK_WRITE_CLOCK_ASCII?CLOCK               -----    -----      -----    -----      0015H    0003H
  +--> ?CO?CLOCK
  +--> ?PR?_DEBUG_TXT_TIBBO?TIBBO
  +--> ?PR?_TWO_ONE?CLOCK
  +--> ?PR?_WR_CLK?CLOCK

?PR?_WR_CLK?CLOCK                                -----    -----      -----    -----      0018H    0002H
  +--> ?PR?_DELAY_20US?DELAY
  +--> ?PR?_EB_CLK?CLOCK

?PR?RELOJ_PANTALLA_LCD?PANTALLAS                 -----    -----      -----    -----      0015H    000DH
  +--> ?CO?PANTALLAS
  +--> ?PR?_BLOCK_READ_CLOCK?CLOCK
  +--> ?PR?_LCD_TXT_NUM_CHAR?PANTALLAS
  +--> ?PR?_BLOCK_READ_CLOCK_ASCII_RASBERRY?...
  +--> ?PR?_STRCAT?STRCAT
  +--> ?PR?_RASPBERRY_DATA?PANTALLAS

?PR?_BLOCK_READ_CLOCK?CLOCK                      -----    -----      -----    -----      0022H    0003H
  +--> ?PR?_LEE_CLK?CLOCK

?PR?_LCD_TXT_NUM_CHAR?PANTALLAS                  -----    -----      -----    -----      0022H    0006H
  +--> ?PR?_TX_CHRLCD?PANTALLAS

?PR?_BLOCK_READ_CLOCK_ASCII_RASBERRY?...         -----    -----      -----    -----      0022H    0003H
  +--> ?PR?_LEE_CLK?CLOCK
BL51 BANKED LINKER/LOCATER V6.22.2.0                                                  06/08/2021  15:03:37  PAGE 24



?PR?_CMD_LPR_SALIDA_WIEGAND?ACCESCAN             -----    -----      -----    -----      0015H    0022H
  +--> ?PR?DIR_BOARD?IO_SENSORES
  +--> ?PR?_BLOCK_READ_CLOCK_ASCII?CLOCK
  +--> ?PR?_MONITOR_CHR?ACCESCAN

?PR?_MONITOR_CHR?ACCESCAN                        -----    -----      -----    -----      0037H    0005H
  +--> ?PR?_TX_AUX?TIBBO

?PR?_GRABA_SERIE?EEPROM                          -----    -----      -----    -----      0015H    0005H
  +--> ?CO?EEPROM
  +--> ?PR?_DEBUG_TXT_TIBBO?TIBBO
  +--> ?PR?_WRITE_EEPROM_TICKET?EEPROM
  +--> ?PR?_WR_EEPROM?EEPROM

?PR?MSJ_LCD_INFORMATIVO?IO_SENSORES              -----    -----      -----    -----      0001H    0001H
  +--> ?PR?SEL_FUNCION?IO_SENSORES
  +--> ?PR?VALIDASENSOR_CERO?IO_SENSORES
  +--> ?CO?IO_SENSORES
  +--> ?PR?_DEBUG_TXT_TIBBO?TIBBO
  +--> ?PR?_DEBUG_CHR_TIBBO?TIBBO
  +--> ?PR?LOAD_AND_SEND_INFO_RELOJ?PTO_PARA...
  +--> ?PR?VALIDASENSOR?IO_SENSORES
  +--> ?PR?_DELAY_10MS?DELAY
  +--> ?PR?LOAD_AND_SEND_ID_COD?PTO_PARALELO

?PR?LOAD_AND_SEND_INFO_RELOJ?PTO_PARA...         -----    -----      -----    -----      0002H    000BH
  +--> ?PR?_BLOCK_READ_CLOCK?CLOCK
  +--> ?PR?_LEE_CLK?CLOCK
  +--> ?CO?PTO_PARALELO
  +--> ?PR?_DEBUG_TXT_TIBBO?TIBBO
  +--> ?PR?_DEBUGBUFFERMF?TIBBO
  +--> ?PR?DEBUG_DIVIDIR_TEXTO?TIBBO
  +--> ?PR?_SEND_PORT?PTO_PARALELO

?PR?LOAD_AND_SEND_ID_COD?PTO_PARALELO            -----    -----      -----    -----      0002H    0014H
  +--> ?PR?_RD_EEPROM?EEPROM
  +--> ?CO?PTO_PARALELO
  +--> ?PR?PRINTF?PRINTF
  +--> ?PR?_STRCAT?STRCAT
  +--> ?PR?_STRLEN?STRLEN
  +--> ?PR?_DEBUG_TXT_TIBBO?TIBBO
  +--> ?PR?_DEBUGBUFFERMF?TIBBO
  +--> ?PR?DEBUG_DIVIDIR_TEXTO?TIBBO
  +--> ?PR?_SEND_PORT?PTO_PARALELO



SYMBOL TABLE OF MODULE:  .\Objects\expedidor_v_01_raspberry (MAIN)

  VALUE           TYPE          NAME
  ----------------------------------

  -------         MODULE        MAIN
  C:0000H         SYMBOL        _ICE_DUMMY_
  D:0080H         PUBLIC        P0
  D:0090H         PUBLIC        P1
BL51 BANKED LINKER/LOCATER V6.22.2.0                                                  06/08/2021  15:03:37  PAGE 25


  C:BDE2H         PUBLIC        timer0_int
  D:00B0H         PUBLIC        P3
  B:00A8H.7       PUBLIC        EA
  C:C223H         PUBLIC        off_Timer0_Interrup
  X:0171H         PUBLIC        ValTimeOutCom
  X:0172H         PUBLIC        Buffer_Rta_Lintech
  X:01A4H         PUBLIC        Timer_wait
  B:0021H.1       PUBLIC        pto_paraleo
  X:01A5H         PUBLIC        g_cContByteRx
  B:0080H.0       PUBLIC        rx_ip
  C:ACD3H         PUBLIC        main
  X:01A6H         PUBLIC        Timer_tivo
  B:0080H.3       PUBLIC        Atascado_GP0_PIN_3
  C:B75DH         PUBLIC        variable_inicio
  B:0090H.7       PUBLIC        lock
  I:0023H         PUBLIC        rbuf
  C:C219H         PUBLIC        on_Timer0_Interrup
  I:0055H         PUBLIC        tbuf
  B:0090H.1       PUBLIC        DataIn
  D:0089H         PUBLIC        TMOD
  X:01A8H         PUBLIC        USE_LPR
  X:01A9H         PUBLIC        Debug_Tibbo
  X:01AAH         PUBLIC        Raspberry
  X:01ABH         PUBLIC        SIN_COBRO
  X:01ADH         PUBLIC        Tipo_Vehiculo
  B:00B0H.3       PUBLIC        busy
  C:C17AH         PUBLIC        ini_timer
  B:00A8H.1       PUBLIC        ET0
  B:0088H.5       PUBLIC        TF0
  D:008CH         PUBLIC        TH0
  X:01AEH         PUBLIC        ACK
  X:01AFH         PUBLIC        g_cEstadoComSoft
  D:008AH         PUBLIC        TL0
  B:0088H.4       PUBLIC        TR0
  C:C18AH         PUBLIC        inicia_board
  X:01B0H         PUBLIC        T_GRACIA
  B:0080H.7       PUBLIC        sel_com
  X:01B2H         PUBLIC        STX_LINTECH
  C:C1A9H         PUBLIC        _getkey
  X:01B3H         PUBLIC        ETX
  C:B68BH         PUBLIC        _EscribirCadenaSoft_buffer
  B:0021H.2       PUBLIC        buffer_ready
  C:B9ACH         PUBLIC        _putchar
  B:0021H.3       PUBLIC        placa_ready
  -------         PROC          TIMER0_INT
  C:BDE2H         LINE#         16
  C:BDE8H         LINE#         19
  C:BDEEH         LINE#         20
  C:BDF3H         LINE#         21
  C:BDF3H         LINE#         22
  C:BDF9H         LINE#         23
  C:BDF9H         LINE#         25
  C:BE07H         LINE#         26
  C:BE09H         LINE#         28
  -------         ENDPROC       TIMER0_INT
  -------         PROC          INI_TIMER
  C:C17AH         LINE#         31
BL51 BANKED LINKER/LOCATER V6.22.2.0                                                  06/08/2021  15:03:37  PAGE 26


  C:C17AH         LINE#         32
  C:C17AH         LINE#         34
  C:C182H         LINE#         36
  C:C185H         LINE#         37
  C:C187H         LINE#         38
  C:C189H         LINE#         40
  -------         ENDPROC       INI_TIMER
  -------         PROC          ON_TIMER0_INTERRUP
  C:C219H         LINE#         43
  C:C219H         LINE#         44
  C:C219H         LINE#         45
  C:C21BH         LINE#         46
  C:C21DH         LINE#         48
  -------         ENDPROC       ON_TIMER0_INTERRUP
  -------         PROC          OFF_TIMER0_INTERRUP
  C:C223H         LINE#         51
  C:C223H         LINE#         52
  C:C223H         LINE#         53
  C:C225H         LINE#         55
  -------         ENDPROC       OFF_TIMER0_INTERRUP
  -------         PROC          _GETKEY
  -------         DO            
  D:0006H         SYMBOL        k
  -------         ENDDO         
  C:C1A9H         LINE#         63
  C:C1A9H         LINE#         64
  C:C1A9H         LINE#         68
  C:C1A9H         LINE#         69
  C:C1ACH         LINE#         70
  C:C1ACH         LINE#         71
  C:C1B4H         LINE#         73
  C:C1B4H         LINE#         74
  -------         ENDPROC       _GETKEY
  -------         PROC          _PUTCHAR
  X:00A7H         SYMBOL        c
  -------         DO            
  X:00A8H         SYMBOL        i
  -------         ENDDO         
  C:B9ACH         LINE#         78
  C:B9B1H         LINE#         79
  C:B9B1H         LINE#         82
  C:B9C0H         LINE#         83
  C:B9C0H         LINE#         84
  C:B9D6H         LINE#         85
  C:B9D6H         LINE#         87
  C:B9E4H         LINE#         88
  C:B9E4H         LINE#         90
  C:B9E9H         LINE#         91
  -------         ENDPROC       _PUTCHAR
  -------         PROC          _ESCRIBIRCADENASOFT_BUFFER
  X:0027H         SYMBOL        buffer
  X:002AH         SYMBOL        tamano_cadena
  -------         DO            
  X:002BH         SYMBOL        i
  X:002CH         SYMBOL        d
  -------         ENDDO         
  C:B68BH         LINE#         95
BL51 BANKED LINKER/LOCATER V6.22.2.0                                                  06/08/2021  15:03:37  PAGE 27


  C:B699H         LINE#         96
  C:B699H         LINE#         98
  C:B6A7H         LINE#         99
  C:B6A7H         LINE#         100
  C:B6BEH         LINE#         101
  C:B6C8H         LINE#         102
  C:B6D0H         LINE#         103
  -------         ENDPROC       _ESCRIBIRCADENASOFT_BUFFER
  -------         PROC          INICIA_BOARD
  C:C18AH         LINE#         108
  C:C18AH         LINE#         109
  C:C18AH         LINE#         110
  C:C18DH         LINE#         111
  C:C190H         LINE#         112
  C:C193H         LINE#         113
  C:C195H         LINE#         114
  C:C197H         LINE#         115
  C:C199H         LINE#         117
  -------         ENDPROC       INICIA_BOARD
  -------         PROC          VARIABLE_INICIO
  C:B75DH         LINE#         122
  C:B75DH         LINE#         123
  C:B75DH         LINE#         126
  C:B76EH         LINE#         127
  C:B77FH         LINE#         129
  C:B78DH         LINE#         130
  C:B79BH         LINE#         131
  C:B7A1H         LINE#         133
  -------         ENDPROC       VARIABLE_INICIO
  -------         PROC          MAIN
  -------         DO            
  X:0148H         SYMBOL        buffer
  X:0170H         SYMBOL        Estado_Comunicacion_Secuencia_MF
  X:0000H         SYMBOL        Length_trama
  -------         ENDDO         
  C:ACD3H         LINE#         141
  C:ACD3H         LINE#         142
  C:ACD3H         LINE#         149
  C:ACD6H         LINE#         150
  C:ACD9H         LINE#         151
  C:ACDCH         LINE#         152
  C:ACDFH         LINE#         153
  C:ACE2H         LINE#         154
  C:ACE4H         LINE#         156
  C:ACE7H         LINE#         157
  C:ACEEH         LINE#         158
  C:ACF1H         LINE#         160
  C:ACF6H         LINE#         162
  C:ACF9H         LINE#         164
  C:ACFCH         LINE#         165
  C:ACFCH         LINE#         166
  C:ACFFH         LINE#         167
  C:ACFFH         LINE#         170
  C:AD02H         LINE#         171
  C:AD08H         LINE#         172
  C:AD0EH         LINE#         174
  C:AD0EH         LINE#         175
BL51 BANKED LINKER/LOCATER V6.22.2.0                                                  06/08/2021  15:03:37  PAGE 28


  C:AD0EH         LINE#         178
  C:AD11H         LINE#         179
  C:AD11H         LINE#         180
  C:AD14H         LINE#         181
  C:AD14H         LINE#         185
  C:AD21H         LINE#         190
  C:AD27H         LINE#         191
  C:AD27H         LINE#         193
  C:AD36H         LINE#         196
  C:AD3FH         LINE#         197
  C:AD4DH         LINE#         202
  C:AD4DH         LINE#         203
  C:AD50H         LINE#         206
  -------         ENDPROC       MAIN
  -------         ENDMOD        MAIN

  -------         MODULE        ACCESCAN
  C:0000H         SYMBOL        _ICE_DUMMY_
  D:0080H         PUBLIC        P0
  D:0090H         PUBLIC        P1
  D:00B0H         PUBLIC        P3
  B:0080H.2       PUBLIC        led_err_imp
  C:B86BH         PUBLIC        _Monitor_chr
  B:0080H.3       PUBLIC        Atascado_GP0_PIN_3
  B:0090H.7       PUBLIC        lock
  C:35ACH         PUBLIC        _Valida_Trama_Pto
  C:BCE5H         PUBLIC        _Calculo_bcc
  C:8ACDH         PUBLIC        _Cmd_LPR_Salida_wiegand
  -------         PROC          _VALIDA_TRAMA_PTO
  X:0001H         SYMBOL        buffer
  X:0004H         SYMBOL        length_trama
  -------         DO            
  X:0218H         SYMBOL        cont
  X:0005H         SYMBOL        bcc
  X:0006H         SYMBOL        buff
  X:0011H         SYMBOL        buffer_port
  -------         ENDDO         
  C:35ACH         LINE#         111
  C:35BAH         LINE#         112
  C:35BAH         LINE#         115
  C:35BDH         LINE#         120
  C:3600H         LINE#         121
  C:3600H         LINE#         122
  C:3609H         LINE#         123
  C:361EH         LINE#         124
  C:3627H         LINE#         125
  C:363EH         LINE#         126
  C:3647H         LINE#         127
  C:364FH         LINE#         128
  C:3658H         LINE#         129
  C:3671H         LINE#         130
  C:3671H         LINE#         132
  C:3681H         LINE#         133
  C:3681H         LINE#         134
  C:3694H         LINE#         136
  C:3697H         LINE#         138
  C:3697H         LINE#         141
BL51 BANKED LINKER/LOCATER V6.22.2.0                                                  06/08/2021  15:03:37  PAGE 29


  C:3697H         LINE#         143
  C:3697H         LINE#         145
  C:369DH         LINE#         146
  C:36A1H         LINE#         147
  C:36A5H         LINE#         148
  C:36A8H         LINE#         149
  C:36B3H         LINE#         151
  C:36BCH         LINE#         152
  C:36C4H         LINE#         153
  C:36CCH         LINE#         154
  C:36D4H         LINE#         155
  C:36DDH         LINE#         156
  C:36DDH         LINE#         159
  C:36DDH         LINE#         162
  C:36EFH         LINE#         163
  C:36EFH         LINE#         164
  C:36F1H         LINE#         165
  C:36F4H         LINE#         167
  C:3706H         LINE#         168
  C:3706H         LINE#         169
  C:3708H         LINE#         170
  C:370BH         LINE#         172
  C:371DH         LINE#         173
  C:371DH         LINE#         174
  C:371FH         LINE#         175
  C:3722H         LINE#         177
  C:373CH         LINE#         178
  C:373CH         LINE#         179
  C:373EH         LINE#         180
  C:3741H         LINE#         182
  C:375BH         LINE#         183
  C:375BH         LINE#         184
  C:375DH         LINE#         185
  C:3760H         LINE#         187
  C:3772H         LINE#         188
  C:3772H         LINE#         189
  C:3778H         LINE#         190
  C:3785H         LINE#         191
  C:3785H         LINE#         192
  C:378AH         LINE#         193
  C:378CH         LINE#         194
  C:3791H         LINE#         195
  C:3793H         LINE#         196
  C:3795H         LINE#         197
  C:3799H         LINE#         198
  C:3799H         LINE#         199
  C:379AH         LINE#         201
  C:37B2H         LINE#         202
  C:37B2H         LINE#         204
  C:37BFH         LINE#         205
  C:37BFH         LINE#         206
  C:37C1H         LINE#         207
  C:37C3H         LINE#         208
  C:37C5H         LINE#         209
  C:37C7H         LINE#         210
  C:37C7H         LINE#         212
  C:37EDH         LINE#         213
BL51 BANKED LINKER/LOCATER V6.22.2.0                                                  06/08/2021  15:03:37  PAGE 30


  C:37EDH         LINE#         214
  C:37F1H         LINE#         215
  C:37F6H         LINE#         216
  C:37FFH         LINE#         217
  C:3804H         LINE#         218
  C:3804H         LINE#         221
  C:3805H         LINE#         223
  C:381FH         LINE#         224
  C:381FH         LINE#         225
  C:3821H         LINE#         226
  C:3824H         LINE#         228
  C:383EH         LINE#         229
  C:383EH         LINE#         230
  C:3840H         LINE#         231
  C:3843H         LINE#         233
  C:385DH         LINE#         234
  C:385DH         LINE#         235
  C:385FH         LINE#         236
  C:3861H         LINE#         238
  C:387BH         LINE#         239
  C:387BH         LINE#         240
  C:387DH         LINE#         241
  C:387FH         LINE#         244
  C:3899H         LINE#         245
  C:3899H         LINE#         246
  C:389BH         LINE#         247
  C:389DH         LINE#         251
  C:38B7H         LINE#         252
  C:38B7H         LINE#         253
  C:38B9H         LINE#         254
  C:38BBH         LINE#         257
  C:38D5H         LINE#         258
  C:38D5H         LINE#         259
  C:38DAH         LINE#         260
  C:38DAH         LINE#         263
  C:390BH         LINE#         264
  C:390BH         LINE#         265
  C:3913H         LINE#         266
  C:391CH         LINE#         267
  C:391FH         LINE#         270
  C:3950H         LINE#         271
  C:3950H         LINE#         273
  C:3958H         LINE#         274
  C:3961H         LINE#         275
  C:3964H         LINE#         278
  C:39A4H         LINE#         279
  C:39A4H         LINE#         281
  C:39B9H         LINE#         282
  C:39BFH         LINE#         283
  C:39E9H         LINE#         286
  C:39F1H         LINE#         287
  C:39F1H         LINE#         290
  C:39F8H         LINE#         291
  C:39F8H         LINE#         292
  C:39FDH         LINE#         293
  C:39FDH         LINE#         294
  C:39FFH         LINE#         296
BL51 BANKED LINKER/LOCATER V6.22.2.0                                                  06/08/2021  15:03:37  PAGE 31


  C:39FFH         LINE#         297
  C:3A08H         LINE#         298
  C:3A10H         LINE#         299
  C:3A10H         LINE#         303
  C:3A12H         LINE#         306
  C:3A12H         LINE#         314
  C:3A1AH         LINE#         318
  C:3A1AH         LINE#         319
  C:3A1CH         LINE#         321
  C:3A54H         LINE#         322
  C:3A54H         LINE#         323
  C:3A5CH         LINE#         324
  C:3A68H         LINE#         325
  C:3A68H         LINE#         327
  C:3A95H         LINE#         328
  C:3A95H         LINE#         329
  C:3AA4H         LINE#         331
  C:3AA4H         LINE#         333
  -------         ENDPROC       _VALIDA_TRAMA_PTO
  -------         PROC          _MONITOR_CHR
  X:0037H         SYMBOL        str
  X:003AH         SYMBOL        num_char
  -------         DO            
  X:003BH         SYMBOL        j
  -------         ENDDO         
  C:B86BH         LINE#         488
  C:B879H         LINE#         489
  C:B879H         LINE#         491
  C:B887H         LINE#         492
  C:B887H         LINE#         493
  C:B899H         LINE#         494
  C:B8A3H         LINE#         495
  C:B8ABH         LINE#         496
  -------         ENDPROC       _MONITOR_CHR
  -------         PROC          _CMD_LPR_SALIDA_WIEGAND
[...]
  -------         PROC          _SECUENCIAEXPEDIDORMF
  X:0001H         SYMBOL        EstadoActivo
  -------         DO            
  X:010DH         SYMBOL        Buffer_Write_MF
  X:011EH         SYMBOL        Atributos_Expedidor
  X:0132H         SYMBOL        Secuencia_Expedidor
  X:0136H         SYMBOL        Nombre_Mensual
  -------         ENDDO         
  C:3AA5H         LINE#         2463
  C:3AAAH         LINE#         2464
  C:3AAAH         LINE#         2470
  C:3B0DH         LINE#         2471
  C:3B0DH         LINE#         2474
  C:3B0DH         LINE#         2476
  C:3B1DH         LINE#         2477
  C:3B1DH         LINE#         2480
  C:3B1FH         LINE#         2481
  C:3B21H         LINE#         2482
  C:3B26H         LINE#         2483
  C:3B2EH         LINE#         2484
  C:3B33H         LINE#         2485
  C:3B36H         LINE#         2486
  C:3B36H         LINE#         2487
  C:3B3CH         LINE#         2488
  C:3B3CH         LINE#         2489
  C:3B3FH         LINE#         2490
  C:3B3FH         LINE#         2491
  C:3B3FH         LINE#         2493
  C:3B42H         LINE#         2494
  C:3B42H         LINE#         2496
  C:3B4BH         LINE#         2497
  C:3B4EH         LINE#         2498
  C:3B4EH         LINE#         2499
  C:3B53H         LINE#         2500
  C:3B73H         LINE#         2501
  C:3B76H         LINE#         2502
BL51 BANKED LINKER/LOCATER V6.22.2.0                                                  06/08/2021  15:03:37  PAGE 134


  C:3B76H         LINE#         2503
  C:3B7BH         LINE#         2504
  C:3B83H         LINE#         2505
  C:3B89H         LINE#         2506
  C:3B8CH         LINE#         2507
  C:3B8CH         LINE#         2508
  C:3B8FH         LINE#         2509
  C:3B97H         LINE#         2510
  C:3B9DH         LINE#         2511
  C:3BA0H         LINE#         2512
  C:3BA0H         LINE#         2513
  C:3BA3H         LINE#         2514
  C:3BC8H         LINE#         2515
  C:3BCEH         LINE#         2516
  C:3BD0H         LINE#         2517
  C:3BD3H         LINE#         2518
  C:3BD3H         LINE#         2519
  C:3BDEH         LINE#         2520
  C:3BE6H         LINE#         2521
  C:3BECH         LINE#         2522
  C:3BEFH         LINE#         2523
  C:3BEFH         LINE#         2524
  C:3C00H         LINE#         2525
  C:3C08H         LINE#         2526
  C:3C0EH         LINE#         2527
  C:3C11H         LINE#         2528
  C:3C11H         LINE#         2529
  C:3C16H         LINE#         2530
  C:3C34H         LINE#         2531
  C:3C37H         LINE#         2532
  C:3C37H         LINE#         2533
  C:3C3CH         LINE#         2534
  C:3C5CH         LINE#         2535
  C:3C5FH         LINE#         2536
  C:3C5FH         LINE#         2537
  C:3C64H         LINE#         2538
  C:3C66H         LINE#         2539
  C:3C84H         LINE#         2540
  C:3C87H         LINE#         2541
  C:3C87H         LINE#         2542
  C:3C8CH         LINE#         2543
  C:3CACH         LINE#         2544
  C:3CAFH         LINE#         2545
  C:3CAFH         LINE#         2546
  C:3CC2H         LINE#         2547
  C:3CC2H         LINE#         2548
  C:3CC7H         LINE#         2549
  C:3CCFH         LINE#         2550
  C:3CD5H         LINE#         2551
  C:3CD5H         LINE#         2552
  C:3CD8H         LINE#         2553
  C:3CD8H         LINE#         2554
  C:3CEBH         LINE#         2555
  C:3CEBH         LINE#         2556
  C:3CF0H         LINE#         2557
  C:3CF3H         LINE#         2558
  C:3CF3H         LINE#         2559
BL51 BANKED LINKER/LOCATER V6.22.2.0                                                  06/08/2021  15:03:37  PAGE 135


  C:3CF6H         LINE#         2560
  C:3CF6H         LINE#         2561
  C:3CF9H         LINE#         2562
  C:3D19H         LINE#         2563
  C:3D1CH         LINE#         2564
  C:3D1CH         LINE#         2565
  C:3D1EH         LINE#         2566
  C:3D21H         LINE#         2567
  C:3D24H         LINE#         2568
  C:3D24H         LINE#         2569
  C:3D2DH         LINE#         2570
  C:3D30H         LINE#         2571
  C:3D30H         LINE#         2572
  C:3D47H         LINE#         2573
  C:3D4AH         LINE#         2574
  C:3D4AH         LINE#         2575
  C:3D4DH         LINE#         2576
  C:3D55H         LINE#         2577
  C:3D5BH         LINE#         2578
  C:3D5EH         LINE#         2579
  C:3D5EH         LINE#         2580
  C:3D67H         LINE#         2581
  C:3D6AH         LINE#         2582
  C:3D6AH         LINE#         2583
  C:3D6CH         LINE#         2584
  C:3D6FH         LINE#         2585
  C:3D72H         LINE#         2586
  C:3D72H         LINE#         2587
  C:3D89H         LINE#         2588
  C:3D8CH         LINE#         2589
  C:3D8CH         LINE#         2590
  C:3D91H         LINE#         2591
  C:3D99H         LINE#         2592
  C:3D9FH         LINE#         2593
  C:3DA2H         LINE#         2594
  C:3DA2H         LINE#         2595
  C:3DA5H         LINE#         2596
  C:3DC5H         LINE#         2597
  C:3DC8H         LINE#         2598
  C:3DC8H         LINE#         2599
  C:3DCBH         LINE#         2600
  C:3DEBH         LINE#         2601
  C:3DEEH         LINE#         2602
  C:3DEEH         LINE#         2603
  C:3DF1H         LINE#         2604
  C:3DF9H         LINE#         2605
  C:3DFCH         LINE#         2606
  C:3DFEH         LINE#         2607
  C:3DFEH         LINE#         2609
  C:3E09H         LINE#         2610
  C:3E11H         LINE#         2611
  C:3E25H         LINE#         2612
  C:3E28H         LINE#         2616
  C:3E28H         LINE#         2617
  C:3E2EH         LINE#         2618
  C:3E34H         LINE#         2619
  C:3E34H         LINE#         2620
BL51 BANKED LINKER/LOCATER V6.22.2.0                                                  06/08/2021  15:03:37  PAGE 136


  C:3E3CH         LINE#         2621
  C:3E42H         LINE#         2623
  C:3E45H         LINE#         2624
  C:3E4DH         LINE#         2625
  C:3E4DH         LINE#         2627
  C:3E50H         LINE#         2628
  C:3E53H         LINE#         2629
  C:3E5BH         LINE#         2630
  C:3E5BH         LINE#         2631
  C:3E69H         LINE#         2632
  C:3E69H         LINE#         2633
  C:3E72H         LINE#         2634
  C:3E75H         LINE#         2635
  C:3E81H         LINE#         2636
  C:3E81H         LINE#         2637
  C:3E8AH         LINE#         2638
  C:3E8DH         LINE#         2640
  C:3E8DH         LINE#         2641
  C:3E96H         LINE#         2642
  C:3E96H         LINE#         2643
  C:3E99H         LINE#         2644
  C:3EA1H         LINE#         2645
  C:3EA1H         LINE#         2646
  C:3EAFH         LINE#         2647
  C:3EAFH         LINE#         2648
  C:3EC5H         LINE#         2649
  C:3EC8H         LINE#         2650
  C:3ED4H         LINE#         2651
  C:3ED4H         LINE#         2652
  C:3EDDH         LINE#         2653
  C:3EE0H         LINE#         2654
  C:3EEEH         LINE#         2655
  C:3EEEH         LINE#         2656
  C:3EF7H         LINE#         2657
  C:3EF9H         LINE#         2659
  C:3EF9H         LINE#         2660
  C:3F02H         LINE#         2661
  C:3F02H         LINE#         2662
  C:3F04H         LINE#         2663
  C:3F0CH         LINE#         2664
  C:3F0CH         LINE#         2665
  C:3F15H         LINE#         2666
  C:3F17H         LINE#         2667
  C:3F1FH         LINE#         2668
  C:3F1FH         LINE#         2669
  C:3F35H         LINE#         2670
  C:3F37H         LINE#         2671
  C:3F3FH         LINE#         2672
  C:3F3FH         LINE#         2673
  C:3F42H         LINE#         2674
  C:3F44H         LINE#         2676
  C:3F4CH         LINE#         2677
  C:3F4CH         LINE#         2678
  C:3F55H         LINE#         2679
  C:3F57H         LINE#         2682
  C:3F5FH         LINE#         2683
  C:3F5FH         LINE#         2684
BL51 BANKED LINKER/LOCATER V6.22.2.0                                                  06/08/2021  15:03:37  PAGE 137


  C:3F67H         LINE#         2685
  C:3F69H         LINE#         2687
  C:3F69H         LINE#         2688
  C:3F72H         LINE#         2689
  C:3F72H         LINE#         2690
  C:3F74H         LINE#         2691
  C:3F74H         LINE#         2692
  C:3F79H         LINE#         2693
  C:3F79H         LINE#         2695
  C:3F79H         LINE#         2696
  C:3F7EH         LINE#         2697
  -------         ENDPROC       _SECUENCIAEXPEDIDORMF
  -------         ENDMOD        VERIFICADOR

  -------         MODULE        MONITOR
  C:0000H         SYMBOL        _ICE_DUMMY_
  D:0080H         PUBLIC        P0
  D:0090H         PUBLIC        P1
  I:0011H         PUBLIC        placa
  C:BF25H         PUBLIC        Rx_Monitor
  B:0080H.0       PUBLIC        rx_ip
  B:0090H.7       PUBLIC        lock
  C:92ADH         PUBLIC        _recibe_cmd_Monitor
  C:C08AH         PUBLIC        clear_placa
  C:95A6H         PUBLIC        _Valida_Trama_Monitor
  -------         PROC          _RECIBE_CMD_MONITOR
  X:0016H         SYMBOL        buffer_cmd
  -------         DO            
  X:0019H         SYMBOL        j
  X:001AH         SYMBOL        NumDatos
  X:001BH         SYMBOL        time_out
  X:001CH         SYMBOL        MaxChrRx
  X:001DH         SYMBOL        contador
  -------         ENDDO         
  C:92ADH         LINE#         50
  C:92B8H         LINE#         51
  C:92B8H         LINE#         55
  C:92BDH         LINE#         56
  C:92C3H         LINE#         58
  C:92CEH         LINE#         59
  C:92CEH         LINE#         60
  C:92DFH         LINE#         61
  C:92DFH         LINE#         62
  C:92E6H         LINE#         63
  C:92EAH         LINE#         64
  C:92F3H         LINE#         65
  C:92F3H         LINE#         66
  C:9301H         LINE#         67
  C:9318H         LINE#         68
  C:9318H         LINE#         69
  C:931EH         LINE#         70
  C:9324H         LINE#         71
  C:9324H         LINE#         72
  C:9326H         LINE#         73
  C:932EH         LINE#         74
  C:9334H         LINE#         75
  C:9346H         LINE#         76
BL51 BANKED LINKER/LOCATER V6.22.2.0                                                  06/08/2021  15:03:37  PAGE 138


  C:9350H         LINE#         77
  C:9359H         LINE#         79
  C:9368H         LINE#         82
  C:9368H         LINE#         83
  C:936DH         LINE#         84
  -------         ENDPROC       _RECIBE_CMD_MONITOR
  -------         PROC          _VALIDA_TRAMA_MONITOR
  X:0016H         SYMBOL        buffer
  D:0005H         SYMBOL        length_trama
  -------         DO            
  X:0019H         SYMBOL        j
  X:001AH         SYMBOL        p
  X:001BH         SYMBOL        cont
  -------         ENDDO         
  C:95A6H         LINE#         89
  C:95B1H         LINE#         90
  C:95B1H         LINE#         91
  C:95B4H         LINE#         92
  C:95B8H         LINE#         93
  C:95BBH         LINE#         94
  C:95BDH         LINE#         97
  C:95D1H         LINE#         98
  C:95D1H         LINE#         100
  C:95D3H         LINE#         102
  C:95DAH         LINE#         103
  C:95DFH         LINE#         106
  C:95DFH         LINE#         108
  C:95FAH         LINE#         109
  C:95FAH         LINE#         112
  C:95FAH         LINE#         113
  C:961BH         LINE#         114
  C:961FH         LINE#         115
  C:9625H         LINE#         116
  C:9637H         LINE#         117
  C:964FH         LINE#         118
  C:9658H         LINE#         119
  C:965AH         LINE#         120
  C:9660H         LINE#         123
  C:9660H         LINE#         126
  -------         ENDPROC       _VALIDA_TRAMA_MONITOR
  -------         PROC          CLEAR_PLACA
  -------         DO            
  D:0007H         SYMBOL        i
  -------         ENDDO         
  C:C08AH         LINE#         127
  C:C08AH         LINE#         128
  C:C08AH         LINE#         130
  C:C096H         LINE#         131
  C:C096H         LINE#         132
  C:C09CH         LINE#         133
  C:C09FH         LINE#         134
  C:C0A1H         LINE#         135
  -------         ENDPROC       CLEAR_PLACA
  -------         PROC          RX_MONITOR
  -------         DO            
  X:0009H         SYMBOL        Length_trama
  X:000AH         SYMBOL        buffer1
BL51 BANKED LINKER/LOCATER V6.22.2.0                                                  06/08/2021  15:03:37  PAGE 139


  -------         ENDDO         
  C:BF25H         LINE#         136
  C:BF25H         LINE#         137
  C:BF25H         LINE#         140
  C:BF34H         LINE#         141
  C:BF3DH         LINE#         142
  -------         ENDPROC       RX_MONITOR
  -------         ENDMOD        MONITOR

  -------         MODULE        ?C?FPADD
  C:1335H         PUBLIC        ?C?FPADD
  C:1331H         PUBLIC        ?C?FPSUB
  -------         ENDMOD        ?C?FPADD

  -------         MODULE        ?C?FPMUL
  C:1426H         PUBLIC        ?C?FPMUL
  -------         ENDMOD        ?C?FPMUL

  -------         MODULE        ?C?FCAST
  C:1536H         PUBLIC        ?C?FCASTC
  C:1531H         PUBLIC        ?C?FCASTI
  C:152CH         PUBLIC        ?C?FCASTL
  -------         ENDMOD        ?C?FCAST

  -------         MODULE        ?C?CASTF
  C:156AH         PUBLIC        ?C?CASTF
  -------         ENDMOD        ?C?CASTF

  -------         MODULE        PRINTF
  X:0077H         PUBLIC        ?_PRINTF?BYTE
  X:0077H         PUBLIC        ?_SPRINTF?BYTE
  C:3FEAH         PUBLIC        _PRINTF
  C:3FE4H         PUBLIC        _SPRINTF
  -------         ENDMOD        PRINTF

  -------         MODULE        POW
  X:0021H         PUBLIC        ?_pow?BYTE
  C:68B0H         PUBLIC        _pow
  -------         ENDMOD        POW

  -------         MODULE        ?C?CHKFLOAT
  C:15EBH         PUBLIC        ?C?CHKFLOAT
  -------         ENDMOD        ?C?CHKFLOAT

  -------         MODULE        ?C?FPCMP
  C:1607H         PUBLIC        ?C?FPCMP
  C:1605H         PUBLIC        ?C?FPCMP3
  -------         ENDMOD        ?C?FPCMP

  -------         MODULE        ?C?FPNEG
  C:167EH         PUBLIC        ?C?FPNEG
  -------         ENDMOD        ?C?FPNEG

  -------         MODULE        ?C?FPROUND
  C:168FH         PUBLIC        ?C?FPROUND
  -------         ENDMOD        ?C?FPROUND

BL51 BANKED LINKER/LOCATER V6.22.2.0                                                  06/08/2021  15:03:37  PAGE 140


  -------         MODULE        ?C?FPCONVERT
  C:16CCH         PUBLIC        ?C?FPCONVERT
  -------         ENDMOD        ?C?FPCONVERT

  -------         MODULE        EXP
  C:A082H         PUBLIC        _EXP
  -------         ENDMOD        EXP

  -------         MODULE        LOG
  C:742EH         PUBLIC        _LOG
  C:742AH         PUBLIC        _LOG10
  -------         ENDMOD        LOG

  -------         MODULE        ?C?FPDIV
  C:17D4H         PUBLIC        ?C?FPDIV
  -------         ENDMOD        ?C?FPDIV

  -------         MODULE        ?C?FTNPWR
  C:18A1H         PUBLIC        ?C?FTNPWR
  -------         ENDMOD        ?C?FTNPWR

  -------         MODULE        ?C?COPY
  C:19FEH         PUBLIC        ?C?COPY
  -------         ENDMOD        ?C?COPY

  -------         MODULE        ?C?CLDPTR
  C:1A24H         PUBLIC        ?C?CLDPTR
  -------         ENDMOD        ?C?CLDPTR

  -------         MODULE        ?C?CLDOPTR
  C:1A3DH         PUBLIC        ?C?CLDOPTR
  -------         ENDMOD        ?C?CLDOPTR

  -------         MODULE        ?C?CSTPTR
  C:1A6AH         PUBLIC        ?C?CSTPTR
  -------         ENDMOD        ?C?CSTPTR

  -------         MODULE        ?C?CSTOPTR
  C:1A7CH         PUBLIC        ?C?CSTOPTR
  -------         ENDMOD        ?C?CSTOPTR

  -------         MODULE        ?C?IMUL
  C:1A9EH         PUBLIC        ?C?IMUL
  -------         ENDMOD        ?C?IMUL

  -------         MODULE        ?C?IILDX
  C:1AB0H         PUBLIC        ?C?IILDX
  -------         ENDMOD        ?C?IILDX

  -------         MODULE        ?C?LNEG
  C:1AC6H         PUBLIC        ?C?LNEG
  -------         ENDMOD        ?C?LNEG

  -------         MODULE        ?C?SLCMP
  C:1AD4H         PUBLIC        ?C?SLCMP
  -------         ENDMOD        ?C?SLCMP

BL51 BANKED LINKER/LOCATER V6.22.2.0                                                  06/08/2021  15:03:37  PAGE 141


  -------         MODULE        ?C?ULCMP
  C:1AEAH         PUBLIC        ?C?ULCMP
  -------         ENDMOD        ?C?ULCMP

  -------         MODULE        ?C?ULSHR
  C:1AFBH         PUBLIC        ?C?ULSHR
  -------         ENDMOD        ?C?ULSHR

  -------         MODULE        ?C?LSHL
  C:1B0EH         PUBLIC        ?C?LSHL
  -------         ENDMOD        ?C?LSHL

  -------         MODULE        ?C?LLDCODE
  C:1B21H         PUBLIC        ?C?LLDCODE
  -------         ENDMOD        ?C?LLDCODE

  -------         MODULE        ?C?LLDXDATA0
  C:1B31H         PUBLIC        ?C?LLDXDATA0
  -------         ENDMOD        ?C?LLDXDATA0

  -------         MODULE        ?C?LLDCODE0
  C:1B3DH         PUBLIC        ?C?LLDCODE0
  -------         ENDMOD        ?C?LLDCODE0

  -------         MODULE        ?C?LSTXDATA
  C:1B4DH         PUBLIC        ?C?LSTXDATA
  -------         ENDMOD        ?C?LSTXDATA

  -------         MODULE        ?C?LSTKXDATA
  C:1B59H         PUBLIC        ?C?LSTKXDATA
  -------         ENDMOD        ?C?LSTKXDATA

  -------         MODULE        ?C?PLDIXDATA
  C:1B8AH         PUBLIC        ?C?PLDIXDATA
  -------         ENDMOD        ?C?PLDIXDATA

  -------         MODULE        ?C?PSTXDATA
  C:1BA1H         PUBLIC        ?C?PSTXDATA
  -------         ENDMOD        ?C?PSTXDATA

  -------         MODULE        ?C?CCASE
  C:1BAAH         PUBLIC        ?C?CCASE
  -------         ENDMOD        ?C?CCASE

  -------         MODULE        STRCAT
  X:0048H         PUBLIC        ?_strcat?BYTE
  C:B0EDH         PUBLIC        _strcat
  -------         ENDMOD        STRCAT

  -------         MODULE        ?C?STRCMP
  C:1D4EH         PUBLIC        ?C?STRCMP
  -------         ENDMOD        ?C?STRCMP

  -------         MODULE        ?C?STRCPY
  C:1E37H         PUBLIC        ?C?STRCPY
  -------         ENDMOD        ?C?STRCPY

BL51 BANKED LINKER/LOCATER V6.22.2.0                                                  06/08/2021  15:03:37  PAGE 142


  -------         MODULE        STRLEN
  C:000EH         PUBLIC        _STRLEN
  -------         ENDMOD        STRLEN

  -------         MODULE        STRTOK
  X:0064H         PUBLIC        ?_strtok?BYTE
  C:8759H         PUBLIC        _strtok
  -------         ENDMOD        STRTOK

  -------         MODULE        ATOL
  C:7AA2H         PUBLIC        _atol
  -------         ENDMOD        ATOL

  -------         MODULE        ATOI
  C:891BH         PUBLIC        _atoi
  -------         ENDMOD        ATOI

  -------         MODULE        ?C?ILDIX
  C:1E54H         PUBLIC        ?C?ILDIX
  -------         ENDMOD        ?C?ILDIX

  -------         MODULE        ?C?LMUL
  C:1E6AH         PUBLIC        ?C?LMUL
  -------         ENDMOD        ?C?LMUL

  -------         MODULE        ISDIGIT
  C:C19AH         PUBLIC        _isdigit
  -------         ENDMOD        ISDIGIT

  -------         MODULE        ISSPACE
  C:C0FAH         PUBLIC        _isspace
  -------         ENDMOD        ISSPACE

  -------         MODULE        STRSPN
  X:006AH         PUBLIC        ?_strspn?BYTE
  C:A9CBH         PUBLIC        _strspn
  -------         ENDMOD        STRSPN

  -------         MODULE        STRPBRK
  X:006AH         PUBLIC        ?_strpbrk?BYTE
  C:AAD2H         PUBLIC        _strpbrk
  -------         ENDMOD        STRPBRK

Program Size: data=99.1 xdata=538 code=49703
LINK/LOCATE RUN COMPLETE.  0 WARNING(S),  0 ERROR(S)
