BL51 BANKED LINKER/LOCATER V6.22.2.0                                                    10/20/2020  16:33:57  PAGE 1


BL51 BANKED LINKER/LOCATER V6.22.2.0, INVOKED BY:
C:\KEIL_V5\C51\BIN\BL51.EXE .\Objects\main.obj, .\Objects\Accescan.obj, .\Objects\Clock.obj, .\Objects\delay.obj, .\Obje
>> cts\eeprom.obj, .\Objects\io_sensores.obj, .\Objects\pantallas.obj, .\Objects\prog.obj, .\Objects\pto_paralelo.obj, .
>> \Objects\tibbo.obj, .\Objects\uart.obj, .\Objects\lintech.obj, .\Objects\verificador.obj, .\Objects\Monitor.obj TO .\
>> Objects\expedidor_v_01_raspberry PRINT (.\Listings\expedidor_v_01_raspberry.m51) RAMSIZE (256)


MEMORY MODEL: LARGE WITH FLOATING POINT ARITHMETIC


INPUT MODULES INCLUDED:
  .\Objects\main.obj (MAIN)
  .\Objects\Accescan.obj (ACCESCAN)
  .\Objects\Clock.obj (CLOCK)
  .\Objects\delay.obj (DELAY)
  .\Objects\eeprom.obj (EEPROM)
  .\Objects\io_sensores.obj (IO_SENSORES)
  .\Objects\pantallas.obj (PANTALLAS)
  .\Objects\prog.obj (PROG)
  .\Objects\pto_paralelo.obj (PTO_PARALELO)
  .\Objects\tibbo.obj (TIBBO)
  .\Objects\uart.obj (UART)
  .\Objects\lintech.obj (LINTECH)
  .\Objects\verificador.obj (VERIFICADOR)
  .\Objects\Monitor.obj (MONITOR)
  C:\KEIL_V5\C51\LIB\C51FPL.LIB (?C?FPADD)
  C:\KEIL_V5\C51\LIB\C51FPL.LIB (?C?FPMUL)
  C:\KEIL_V5\C51\LIB\C51FPL.LIB (?C?FCAST)
  C:\KEIL_V5\C51\LIB\C51FPL.LIB (?C?CASTF)
  C:\KEIL_V5\C51\LIB\C51FPL.LIB (PRINTF)
  C:\KEIL_V5\C51\LIB\C51FPL.LIB (POW)
  C:\KEIL_V5\C51\LIB\C51FPL.LIB (?C?FPGETOPN)
  C:\KEIL_V5\C51\LIB\C51FPL.LIB (?C?CHKFLOAT)
  C:\KEIL_V5\C51\LIB\C51FPL.LIB (?C?FPCMP)
  C:\KEIL_V5\C51\LIB\C51FPL.LIB (?C?FPNEG)
  C:\KEIL_V5\C51\LIB\C51FPL.LIB (?C?FPROUND)
  C:\KEIL_V5\C51\LIB\C51FPL.LIB (?C?FPCONVERT)
  C:\KEIL_V5\C51\LIB\C51FPL.LIB (EXP)
  C:\KEIL_V5\C51\LIB\C51FPL.LIB (LOG)
  C:\KEIL_V5\C51\LIB\C51FPL.LIB (?C?FPDIV)
  C:\KEIL_V5\C51\LIB\C51FPL.LIB (?C?FTNPWR)
  C:\KEIL_V5\C51\LIB\C51FPL.LIB (?C?FPSERIES)
  C:\KEIL_V5\C51\LIB\C51L.LIB (?C_STARTUP)
  C:\KEIL_V5\C51\LIB\C51L.LIB (?C?COPY)
  C:\KEIL_V5\C51\LIB\C51L.LIB (?C?CLDPTR)
  C:\KEIL_V5\C51\LIB\C51L.LIB (?C?CLDOPTR)
  C:\KEIL_V5\C51\LIB\C51L.LIB (?C?CSTPTR)
  C:\KEIL_V5\C51\LIB\C51L.LIB (?C?CSTOPTR)
  C:\KEIL_V5\C51\LIB\C51L.LIB (?C?IMUL)
  C:\KEIL_V5\C51\LIB\C51L.LIB (?C?IILDX)
  C:\KEIL_V5\C51\LIB\C51L.LIB (?C?LNEG)
  C:\KEIL_V5\C51\LIB\C51L.LIB (?C?SLCMP)
  C:\KEIL_V5\C51\LIB\C51L.LIB (?C?ULCMP)
  C:\KEIL_V5\C51\LIB\C51L.LIB (?C?ULSHR)
  C:\KEIL_V5\C51\LIB\C51L.LIB (?C?LSHL)
  C:\KEIL_V5\C51\LIB\C51L.LIB (?C?LLDCODE)
  C:\KEIL_V5\C51\LIB\C51L.LIB (?C?LLDXDATA0)
  C:\KEIL_V5\C51\LIB\C51L.LIB (?C?LLDCODE0)
BL51 BANKED LINKER/LOCATER V6.22.2.0                                                  10/20/2020  16:33:57  PAGE 2


  C:\KEIL_V5\C51\LIB\C51L.LIB (?C?LSTXDATA)
  C:\KEIL_V5\C51\LIB\C51L.LIB (?C?LSTKXDATA)
  C:\KEIL_V5\C51\LIB\C51L.LIB (?C?PLDIXDATA)
  C:\KEIL_V5\C51\LIB\C51L.LIB (?C?PSTXDATA)
  C:\KEIL_V5\C51\LIB\C51L.LIB (?C?CCASE)
  C:\KEIL_V5\C51\LIB\C51L.LIB (STRCAT)
  C:\KEIL_V5\C51\LIB\C51L.LIB (?C?STRCMP)
  C:\KEIL_V5\C51\LIB\C51L.LIB (?C?STRCPY)
  C:\KEIL_V5\C51\LIB\C51L.LIB (STRLEN)
  C:\KEIL_V5\C51\LIB\C51L.LIB (STRTOK)
  C:\KEIL_V5\C51\LIB\C51L.LIB (ATOL)
  C:\KEIL_V5\C51\LIB\C51L.LIB (ATOI)
  C:\KEIL_V5\C51\LIB\C51L.LIB (MALLOC)
  C:\KEIL_V5\C51\LIB\C51L.LIB (INIT_MEM)
  C:\KEIL_V5\C51\LIB\C51L.LIB (FREE)
  C:\KEIL_V5\C51\LIB\C51L.LIB (?C_INIT)
  C:\KEIL_V5\C51\LIB\C51L.LIB (?C?ILDIX)
  C:\KEIL_V5\C51\LIB\C51L.LIB (?C?LMUL)
  C:\KEIL_V5\C51\LIB\C51L.LIB (ISDIGIT)
  C:\KEIL_V5\C51\LIB\C51L.LIB (ISSPACE)
  C:\KEIL_V5\C51\LIB\C51L.LIB (STRSPN)
  C:\KEIL_V5\C51\LIB\C51L.LIB (STRPBRK)


LINK MAP OF MODULE:  .\Objects\expedidor_v_01_raspberry (MAIN)


            TYPE    BASE      LENGTH    RELOCATION   SEGMENT NAME
            -----------------------------------------------------

            * * * * * * *   D A T A   M E M O R Y   * * * * * * *
            REG     0000H     0008H     ABSOLUTE     "REG BANK 0"
            DATA    0008H     0005H     UNIT         _DATA_GROUP_
            DATA    000DH     0004H     UNIT         ?DT?UART
            IDATA   0011H     0009H     UNIT         ?ID?MONITOR
                    001AH     0006H                  *** GAP ***
            BIT     0020H.0   0001H.1   UNIT         _BIT_GROUP_
            BIT     0021H.1   0000H.2   UNIT         ?BI?MAIN
            BIT     0021H.3   0000H.2   UNIT         ?BI?UART
            BIT     0021H.5   0000H.1   UNIT         ?BI?EEPROM
            BIT     0021H.6   0000H.1   UNIT         ?BI?VERIFICADOR
                    0021H.7   0000H.1                *** GAP ***
            IDATA   0022H     0046H     UNIT         ?ID?MAIN
            IDATA   0068H     0001H     UNIT         ?STACK

            * * * * * * *  X D A T A   M E M O R Y  * * * * * * *
            XDATA   0000H     00B7H     UNIT         _XDATA_GROUP_
            XDATA   00B7H     008AH     UNIT         ?XD?VERIFICADOR
            XDATA   0141H     006CH     UNIT         ?XD?MAIN
            XDATA   01ADH     0059H     UNIT         ?XD?PROG
            XDATA   0206H     0050H     UNIT         ?XD?PANTALLAS
            XDATA   0256H     0008H     UNIT         ?XD?INIT_MEM
            XDATA   025EH     0003H     UNIT         ?XD?EEPROM
            XDATA   0261H     0003H     UNIT         ?XD?UART
            XDATA   0264H     0003H     UNIT         ?XD?STRTOK
            XDATA   0267H     0001H     UNIT         ?XD?ACCESCAN
            XDATA   0268H     0001H     UNIT         ?XD?CLOCK
BL51 BANKED LINKER/LOCATER V6.22.2.0                                                  10/20/2020  16:33:57  PAGE 3


            XDATA   0269H     0001H     UNIT         ?XD?IO_SENSORES

            * * * * * * *   C O D E   M E M O R Y   * * * * * * *
            CODE    0000H     0003H     ABSOLUTE     
            CODE    0003H     0008H     UNIT         ?PR?P_CK?CLOCK
            CODE    000BH     0003H     ABSOLUTE     
            CODE    000EH     0015H     UNIT         ?PR?_STRLEN?STRLEN
            CODE    0023H     0003H     ABSOLUTE     
            CODE    0026H     1308H     UNIT         ?CO?PROG
            CODE    132EH     0B8BH     UNIT         ?C?LIB_CODE
            CODE    1EB9H     072BH     UNIT         ?CO?VERIFICADOR
            CODE    25E4H     06F4H     UNIT         ?PR?_PANTALLALCD?PANTALLAS
            CODE    2CD8H     0656H     UNIT         ?CO?PANTALLAS
            CODE    332EH     0483H     UNIT         ?PR?PRINTF?PRINTF
            CODE    37B1H     0427H     UNIT         ?PR?_SECUENCIAEXPEDIDORMF?VERIFICADOR
            CODE    3BD8H     035CH     UNIT         ?PR?VER_PROG?PROG
            CODE    3F34H     033EH     UNIT         ?PR?_VALIDA_TRAMA_PTO?ACCESCAN
            CODE    4272H     02D0H     UNIT         ?PR?_TWO_BYTEHEX_DECIMAL?CLOCK
            CODE    4542H     02B7H     UNIT         ?PR?_PROG_HORARIO_DIAS?PROG
            CODE    47F9H     02B2H     UNIT         ?PR?_PANTALLALCD_LINEA_2?PANTALLAS
            CODE    4AABH     022CH     UNIT         ?PR?MENU?PROG
            CODE    4CD7H     0208H     UNIT         ?PR?_HASH_ID?PROG
            CODE    4EDFH     01FAH     UNIT         ?PR?_PROG_HORARIO_DESDE_HASTA?PROG
            CODE    50D9H     01F5H     UNIT         ?PR?PROG_FECHA_VENCIMIENTO?PROG
            CODE    52CEH     01DFH     UNIT         ?PR?_RESPONDE_LECTURA_TARJETA_SECTOR1_BLOQUE1?VERIFICADOR
            CODE    54ADH     01B3H     UNIT         ?PR?COM_ISR?UART
            CODE    5660H     01A9H     UNIT         ?PR?_ARMAR_TRAMA_PTO_PARALELO_EXPEDIDOR?VERIFICADOR
            CODE    5809H     01A4H     UNIT         ?PR?_VALIDA_TIPO_TARJETA?VERIFICADOR
            CODE    59ADH     017AH     UNIT         ?CO?LINTECH
            CODE    5B27H     016EH     UNIT         ?PR?_BLOCK_READ_CLOCK_ASCII?CLOCK
            CODE    5C95H     0166H     UNIT         ?PR?_POW?POW
            CODE    5DFBH     0154H     UNIT         ?PR?_ARMAR_TRAMA_MONITOR?VERIFICADOR
            CODE    5F4FH     0145H     UNIT         ?PR?PROG_HORARIOS?PROG
            CODE    6094H     0142H     UNIT         ?PR?_ARMAR_TRAMA_TARJETA_SECTOR1_BLOQUE2?VERIFICADOR
            CODE    61D6H     013FH     UNIT         ?PR?_FREE?FREE
            CODE    6315H     013EH     UNIT         ?PR?PROG_SIN_COBRO?PROG
            CODE    6453H     013EH     UNIT         ?PR?SECUENCIA_INICIO_EXPEDIDOR?VERIFICADOR
            CODE    6591H     0137H     UNIT         ?PR?VER_HORARIO?PROG
            CODE    66C8H     012BH     UNIT         ?PR?_RESPONDE_LECTURA_TARJETA_SECTOR1_BLOQUE2?VERIFICADOR
            CODE    67F3H     0129H     UNIT         ?PR?LOG?LOG
            CODE    691CH     0128H     UNIT         ?PR?_VER_HORARIO_DIAS?PROG
            CODE    6A44H     011CH     UNIT         ?PR?LOAD_AND_SEND_ID_COD?PTO_PARALELO
            CODE    6B60H     011AH     UNIT         ?PR?_PROG_HORARIOS_ON_OFF?PROG
            CODE    6C7AH     0119H     UNIT         ?PR?_VER_HORARIO_DESDE_HASTA?PROG
            CODE    6D93H     0115H     UNIT         ?PR?_VALIDAR_CLK?CLOCK
            CODE    6EA8H     010FH     UNIT         ?PR?_HORARIOS?VERIFICADOR
            CODE    6FB7H     010CH     UNIT         ?PR?_ATOL?ATOL
            CODE    70C3H     0103H     UNIT         ?PR?_BLOQUE_HORARIO?VERIFICADOR
            CODE    71C6H     0100H     UNIT         ?PR?_WR_MF?LINTECH
            CODE    72C6H     00FCH     UNIT         ?PR?PROG_DEBUG?PROG
            CODE    73C2H     00FCH     UNIT         ?PR?PROG_USE_LPR?PROG
            CODE    74BEH     00FCH     UNIT         ?PR?TIPO_PANTALLA?PROG
            CODE    75BAH     00FCH     UNIT         ?PR?PROG_ANTIPASSBACK?PROG
            CODE    76B6H     00FCH     UNIT         ?PR?PROG_PLACA?PROG
            CODE    77B2H     00FCH     UNIT         ?PR?PROG_VALIDAR_TIPO_VEHICULO_MENSUAL?PROG
            CODE    78AEH     00FCH     UNIT         ?PR?PROG_APB_MENSUAL?PROG
            CODE    79AAH     00F1H     UNIT         ?PR?_WRITE_EEPROM_TICKET?EEPROM
BL51 BANKED LINKER/LOCATER V6.22.2.0                                                  10/20/2020  16:33:57  PAGE 4


            CODE    7A9BH     00EAH     UNIT         ?PR?_MOV_CARD?LINTECH
            CODE    7B85H     00E4H     UNIT         ?PR?_STRTOK?STRTOK
            CODE    7C69H     00DEH     UNIT         ?PR?PROG_ADDRESS_HIGH_BOARD?PROG
            CODE    7D47H     00DBH     UNIT         ?PR?_ATOI?ATOI
            CODE    7E22H     00D7H     UNIT         ?PR?_ANALIZA_UID_CARD?VERIFICADOR
            CODE    7EF9H     00D6H     UNIT         ?PR?_CMD_LPR_SALIDA_WIEGAND?ACCESCAN
            CODE    7FCFH     00D1H     UNIT         ?PR?_ARMAR_TRAMA_PTO_PARALELO_EXPEDIDOR_MENSUAL?VERIFICADOR
            CODE    80A0H     00D1H     UNIT         ?PR?_MALLOC?MALLOC
            CODE    8171H     00CEH     UNIT         ?C_INITSEG
            CODE    823FH     00CCH     UNIT         ?PR?_GRABA_SERIE?EEPROM
            CODE    830BH     00CBH     UNIT         ?PR?_RTA_CMD_TRANSPORTE?VERIFICADOR
            CODE    83D6H     00CAH     UNIT         ?PR?READ_EEPROM_TICKET?EEPROM
            CODE    84A0H     00C9H     UNIT         ?PR?_CHECK_FECHAOUT?CLOCK
            CODE    8569H     00C4H     UNIT         ?PR?_BLOCK_READ_CLOCK?CLOCK
            CODE    862DH     00C4H     UNIT         ?PR?_TARJETA_MENSUAL?VERIFICADOR
            CODE    86F1H     00C3H     UNIT         ?PR?_RD_MF?LINTECH
            CODE    87B4H     00C2H     UNIT         ?PR?PROG_TARJETA_AUTOMATICA_O_BOTON?PROG
            CODE    8876H     00C1H     UNIT         ?PR?_RECIBE_CMD_MONITOR?MONITOR
            CODE    8937H     00BEH     UNIT         ?PR?ERROR_RX_PTO?VERIFICADOR
            CODE    89F5H     00BDH     UNIT         ?PR?PROG_COD_PARK?PROG
            CODE    8AB2H     00BDH     UNIT         ?PR?PROG_TIEMPO_GRACIA?PROG
            CODE    8B6FH     00BAH     UNIT         ?CO?TIBBO
            CODE    8C29H     00B6H     UNIT         ?PR?PROG_ID_CLIENTE?PROG
            CODE    8CDFH     00B4H     UNIT         ?PR?_SEND_PORT?PTO_PARALELO
            CODE    8D93H     00ADH     UNIT         ?CO?IO_SENSORES
            CODE    8E40H     00ACH     UNIT         ?PR?_HORA_MAXIMA?VERIFICADOR
            CODE    8EECH     00AAH     UNIT         ?PR?CLAVE_SEGURIDAD_S2?LINTECH
            CODE    8F96H     00A9H     UNIT         ?PR?DWLOAD_EEPROM?LINTECH
            CODE    903FH     00A6H     UNIT         ?PR?_BLOCK_READ_CLOCK_HEX?CLOCK
            CODE    90E5H     00A3H     UNIT         ?PR?_WAIT_PLACA?VERIFICADOR
            CODE    9188H     009DH     UNIT         ?PR?_INICIALIZA?LINTECH
            CODE    9225H     009AH     UNIT         ?PR?_RESPONDE_LECTURA_TARJETA_SECTOR1_BLOQUE0?VERIFICADOR
            CODE    92BFH     009AH     UNIT         ?PR?EXP?EXP
            CODE    9359H     0099H     UNIT         ?PR?SHOW?PROG
            CODE    93F2H     0099H     UNIT         ?PR?_RECIBE_PORT?PTO_PARALELO
            CODE    948BH     0098H     UNIT         ?PR?_VALIDA_VEHICULO_CARD_MENSUAL?VERIFICADOR
            CODE    9523H     0095H     UNIT         ?PR?_VALIDA_TRAMA_MONITOR?MONITOR
            CODE    95B8H     0091H     UNIT         ?PR?_HEX_ASCII?CLOCK
            CODE    9649H     0091H     UNIT         ?PR?_CARD_INSERCION?LINTECH
            CODE    96DAH     0090H     UNIT         ?PR?_LEE_CLK?CLOCK
            CODE    976AH     0090H     UNIT         ?PR?_GETOPTION?PROG
            CODE    97FAH     008FH     UNIT         ?PR?_BLOCK_WRITE_CLOCK_ASCII?CLOCK
            CODE    9889H     008FH     UNIT         ?PR?_RESPONDE_WRITE_TARJETA_SECTOR1_BLOQUE2?VERIFICADOR
            CODE    9918H     008DH     UNIT         ?PR?LOADVERIFY_EEPROM?LINTECH
            CODE    99A5H     008CH     UNIT         ?C_C51STARTUP
            CODE    9A31H     0089H     UNIT         ?PR?_RASPBERRY_DATA?PANTALLAS
            CODE    9ABAH     0088H     UNIT         ?PR?_SEND_PORTERR?PTO_PARALELO
            CODE    9B42H     0088H     UNIT         ?PR?RX_DATA?TIBBO
            CODE    9BCAH     0088H     UNIT         ?PR?UNIQUE_IDENTIFIER_UID?LINTECH
            CODE    9C52H     0084H     UNIT         ?PR?_STRSPN?STRSPN
            CODE    9CD6H     0082H     UNIT         ?PR?_SEND_PTO_PARALELO?VERIFICADOR
            CODE    9D58H     0081H     UNIT         ?PR?_STRPBRK?STRPBRK
            CODE    9DD9H     0080H     UNIT         ?PR?MSJ_LCD_INFORMATIVO?IO_SENSORES
            CODE    9E59H     0080H     UNIT         ?PR?_INGRESADATO?PROG
            CODE    9ED9H     0080H     UNIT         ?PR?AUT_CARD_CHECK_STATUS?LINTECH
            CODE    9F59H     0080H     UNIT         ?PR?POWER_OFF?LINTECH
            CODE    9FD9H     007CH     UNIT         ?PR?MAIN?MAIN
BL51 BANKED LINKER/LOCATER V6.22.2.0                                                  10/20/2020  16:33:57  PAGE 5


            CODE    A055H     007CH     UNIT         ?PR?_CHECK_STATUS?LINTECH
            CODE    A0D1H     007CH     UNIT         ?PR?RESPONDE_ESTADO_SENSORES_TRANSPORTE?VERIFICADOR
            CODE    A14DH     0079H     UNIT         ?PR?ENTREGA_CARD_CAPTURA?VERIFICADOR
            CODE    A1C6H     0077H     UNIT         ?PR?RESPONDE_TIPO_TARJETA?VERIFICADOR
            CODE    A23DH     0073H     UNIT         ?PR?_DEBUGBUFFERMF?TIBBO
            CODE    A2B0H     0071H     UNIT         ?PR?_EN_HORARIO?VERIFICADOR
            CODE    A321H     006FH     UNIT         ?PR?_ESCRIBIRMEMORIA?EEPROM
            CODE    A390H     006BH     UNIT         ?PR?_STRCAT?STRCAT
            CODE    A3FBH     0066H     UNIT         ?PR?_LEERMEMORIA?EEPROM
            CODE    A461H     0066H     UNIT         ?PR?_DISPARO_LOCK_ENTRADA_VEHICULO?VERIFICADOR
            CODE    A4C7H     0062H     UNIT         ?PR?_LISTACOMANDOS?PROG
            CODE    A529H     0061H     UNIT         ?PR?_PREGUNTA_LPR?VERIFICADOR
            CODE    A58AH     005EH     UNIT         ?PR?_BYTEHEX_DECIMAL?CLOCK
            CODE    A5E8H     005DH     UNIT         ?PR?_RESPUESTA_SEGUNDA_CLAVE?VERIFICADOR
            CODE    A645H     0059H     UNIT         ?PR?INGRESO_VEHICULO?VERIFICADOR
            CODE    A69EH     0058H     UNIT         ?PR?VALIDA_SENSOR1_AUTO?IO_SENSORES
            CODE    A6F6H     0058H     UNIT         ?PR?_ARMAR_TRAMA_PLACA?VERIFICADOR
            CODE    A74EH     0056H     UNIT         ?PR?_WR_EEPROM?EEPROM
            CODE    A7A4H     004EH     UNIT         ?PR?RELOJ_PANTALLA_LCD?PANTALLAS
            CODE    A7F2H     004DH     UNIT         ?PR?VARIABLE_INICIO?MAIN
            CODE    A83FH     004DH     UNIT         ?PR?L_D_M?EEPROM
            CODE    A88CH     004CH     UNIT         ?PR?LEE_NO_TICKET?EEPROM
            CODE    A8D8H     004BH     UNIT         ?PR?_TX_AUX?TIBBO
            CODE    A923H     0049H     UNIT         ?PR?_DEBUG_TXT_TIBBO?TIBBO
            CODE    A96CH     0048H     UNIT         ?PR?FIRST_CLAVE?PROG
            CODE    A9B4H     0047H     UNIT         ?PR?_DEBUG_CHR_TIBBO?TIBBO
            CODE    A9FBH     0047H     UNIT         ?PR?_RESPONDE_WRITE_TARJETA_SECTOR2_BLOQUE0?VERIFICADOR
            CODE    AA42H     0046H     UNIT         ?PR?_ESCRIBIRCADENASOFT_BUFFER?MAIN
            CODE    AA88H     0046H     UNIT         ?PR?_LCD_TXT_NUM_CHAR?PANTALLAS
            CODE    AACEH     0046H     UNIT         ?PR?_DEBUG_HEXDEC?TIBBO
            CODE    AB14H     0044H     UNIT         ?PR?_LCD_TXT?PANTALLAS
            CODE    AB58H     0043H     UNIT         ?PR?DIR_BOARD?IO_SENSORES
            CODE    AB9BH     0042H     UNIT         ?PR?_VALIDARCLAVE?PROG
            CODE    ABDDH     0041H     UNIT         ?PR?_MONITOR_CHR?ACCESCAN
            CODE    AC1EH     0041H     UNIT         ?PR?_TWO_ONE?CLOCK
            CODE    AC5FH     0040H     UNIT         ?PR?_GETCMD?PROG
            CODE    AC9FH     003FH     UNIT         ?PR?_EB_CLK?CLOCK
            CODE    ACDEH     003EH     UNIT         ?PR?_PUTCHAR?MAIN
            CODE    AD1CH     003DH     UNIT         ?PR?_HEX_BCD?CLOCK
            CODE    AD59H     003DH     UNIT         ?PR?_RD_EEPROM?EEPROM
            CODE    AD96H     003DH     UNIT         ?PR?_LOAD_SECUENCIA_EXPEDIDOR?VERIFICADOR
            CODE    ADD3H     003CH     UNIT         ?PR?_INIT_MEMPOOL?INIT_MEM
            CODE    AE0FH     003BH     UNIT         ?CO?EEPROM
            CODE    AE4AH     003BH     UNIT         ?PR?_DEBUG_PTO_PARALELO?TIBBO
            CODE    AE85H     003BH     UNIT         ?PR?_COM_PUTCHAR?UART
            CODE    AEC0H     003AH     UNIT         ?PR?_DELAY_10MS?DELAY
            CODE    AEFAH     0038H     UNIT         ?PR?VALIDASENSORESPASO?IO_SENSORES
            CODE    AF32H     0036H     UNIT         ?PR?_RESPONDE_WRITE_TARJETA_SECTOR1_BLOQUE0?VERIFICADOR
            CODE    AF68H     0034H     UNIT         ?PR?INCREMENTE_TICKET?EEPROM
            CODE    AF9CH     0034H     UNIT         ?PR?ADDR_HORARIOS?PROG
            CODE    AFD0H     0033H     UNIT         ?PR?TRAMA_VALIDACION_P_N?VERIFICADOR
            CODE    B003H     0032H     UNIT         ?PR?_DEBUG_MONITOR?TIBBO
            CODE    B035H     0031H     UNIT         ?PR?_TARJETA_ROTACION?VERIFICADOR
            CODE    B066H     002EH     UNIT         ?PR?TIMER0_INT?MAIN
            CODE    B094H     002CH     UNIT         ?PR?LOAD_AND_SEND_INFO_RELOJ?PTO_PARALELO
            CODE    B0C0H     002AH     UNIT         ?PR?COM_INITIALIZE?UART
            CODE    B0EAH     0028H     UNIT         ?PR?_WR_CLK?CLOCK
BL51 BANKED LINKER/LOCATER V6.22.2.0                                                  10/20/2020  16:33:57  PAGE 6


            CODE    B112H     0028H     UNIT         ?PR?COM_BAUDRATE?UART
            CODE    B13AH     0028H     UNIT         ?PR?_ARMAR_TRAMA_TARJETA_SECTOR1_BLOQUE0?VERIFICADOR
            CODE    B162H     0027H     UNIT         ?PR?_TX_CHRLCD?PANTALLAS
            CODE    B189H     0026H     UNIT         ?PR?COM_GETCHAR?UART
            CODE    B1AFH     0026H     UNIT         ?PR?ANALIZA_PRESENCIA_MENSUAL?VERIFICADOR
            CODE    B1D5H     0026H     UNIT         ?PR?RX_MONITOR?MONITOR
            CODE    B1FBH     0023H     UNIT         ?PR?ANALIZA_PRESENCIA_ROTACION?VERIFICADOR
            CODE    B21EH     0022H     UNIT         ?PR?_E_D_M?EEPROM
            CODE    B240H     0020H     UNIT         ?PR?ACKD?EEPROM
            CODE    B260H     0020H     UNIT         ?PR?ACK_LECT?EEPROM
            CODE    B280H     001FH     UNIT         ?PR?VALIDASENSOR?IO_SENSORES
            CODE    B29FH     001FH     UNIT         ?PR?TIME_BIT?TIBBO
            CODE    B2BEH     001EH     UNIT         ?PR?_BCD_HEX?CLOCK
            CODE    B2DCH     001BH     UNIT         ?PR?_DELAY_1MS?DELAY
            CODE    B2F7H     0018H     UNIT         ?PR?CLEAR_PLACA?MONITOR
            CODE    B30FH     0017H     UNIT         ?PR?DISPLAYCURSOR?PROG
            CODE    B326H     0017H     UNIT         ?PR?TIME_MBIT?TIBBO
            CODE    B33DH     0016H     UNIT         ?PR?DIR_BOARD_MONITOR?IO_SENSORES
            CODE    B353H     0014H     UNIT         ?PR?DEBUG_DIVIDIR_TEXTO?TIBBO
            CODE    B367H     0014H     UNIT         ?PR?_ISSPACE?ISSPACE
            CODE    B37BH     0012H     UNIT         ?PR?_DELAY_20US?DELAY
            CODE    B38DH     0012H     UNIT         ?PR?START?EEPROM
            CODE    B39FH     0012H     UNIT         ?PR?PULSO_BUS?PTO_PARALELO
            CODE    B3B1H     0012H     UNIT         ?PR?COM_RBUFLEN?UART
            CODE    B3C3H     0012H     UNIT         ?PR?COM_TBUFLEN?UART
            CODE    B3D5H     0010H     UNIT         ?PR?INI_TIMER?MAIN
            CODE    B3E5H     0010H     UNIT         ?PR?INICIA_BOARD?MAIN
            CODE    B3F5H     000FH     UNIT         ?PR?_ISDIGIT?ISDIGIT
            CODE    B404H     000CH     UNIT         ?PR?_GETKEY?MAIN
            CODE    B410H     000AH     UNIT         ?PR?COND_INI_PTO?PTO_PARALELO
            CODE    B41AH     0009H     UNIT         ?PR?STOP?EEPROM
            CODE    B423H     0009H     UNIT         ?PR?CAPTURA_EXPULSA?VERIFICADOR
            CODE    B42CH     0007H     UNIT         ?PR?COND_INI_CLOCK?CLOCK
            CODE    B433H     0007H     UNIT         ?PR?SEL_FUNCION?IO_SENSORES
            CODE    B43AH     0007H     UNIT         ?PR?SEL_AUTO?IO_SENSORES
            CODE    B441H     0007H     UNIT         ?PR?SEL_PULSA?IO_SENSORES
            CODE    B448H     0007H     UNIT         ?PR?SEL_SENSOR2?IO_SENSORES
            CODE    B44FH     0007H     UNIT         ?PR?SEL_SENSOR1?IO_SENSORES
            CODE    B456H     0007H     UNIT         ?PR?SEL_DIR1?IO_SENSORES
            CODE    B45DH     0007H     UNIT         ?PR?SEL_DIR2?IO_SENSORES
            CODE    B464H     0006H     UNIT         ?PR?P_ME?EEPROM
            CODE    B46AH     0005H     UNIT         ?PR?ON_TIMER0_INTERRUP?MAIN
            CODE    B46FH     0005H     UNIT         ?CO?ACCESCAN
            CODE    B474H     0005H     UNIT         ?PR?COND_INI_TIBBO?TIBBO
            CODE    B479H     0003H     UNIT         ?PR?OFF_TIMER0_INTERRUP?MAIN
            CODE    B47CH     0003H     UNIT         ?CO?PTO_PARALELO
            CODE    B47FH     0001H     UNIT         ?PR?DELAY?DELAY



OVERLAY MAP OF MODULE:   .\Objects\expedidor_v_01_raspberry (MAIN)


SEGMENT                                             BIT_GROUP          DATA_GROUP          XDATA_GROUP
  +--> CALLED SEGMENT                            START    LENGTH     START    LENGTH     START    LENGTH
--------------------------------------------------------------------------------------------------------
?C_C51STARTUP                                    -----    -----      -----    -----      -----    -----
BL51 BANKED LINKER/LOCATER V6.22.2.0                                                  10/20/2020  16:33:57  PAGE 7


  +--> ?PR?MAIN?MAIN
  +--> ?C_INITSEG

?PR?MAIN?MAIN                                    -----    -----      -----    -----      0000H    0001H
  +--> ?PR?INI_TIMER?MAIN
  +--> ?PR?ON_TIMER0_INTERRUP?MAIN
  +--> ?PR?COM_INITIALIZE?UART
  +--> ?PR?COM_BAUDRATE?UART
  +--> ?PR?INICIA_BOARD?MAIN
  +--> ?PR?TIME_BIT?TIBBO
  +--> ?PR?_DELAY_20US?DELAY
  +--> ?PR?TIME_MBIT?TIBBO
  +--> ?PR?_TX_AUX?TIBBO
  +--> ?PR?SEL_FUNCION?IO_SENSORES
  +--> ?PR?MENU?PROG
  +--> ?PR?VARIABLE_INICIO?MAIN
  +--> ?PR?SECUENCIA_INICIO_EXPEDIDOR?VERIFI...
  +--> ?PR?RX_MONITOR?MONITOR
  +--> ?PR?_SECUENCIAEXPEDIDORMF?VERIFICADOR
  +--> ?PR?_RECIBE_PORT?PTO_PARALELO
  +--> ?PR?_DEBUG_PTO_PARALELO?TIBBO
  +--> ?PR?_VALIDA_TRAMA_PTO?ACCESCAN
  +--> ?PR?MSJ_LCD_INFORMATIVO?IO_SENSORES

?PR?COM_INITIALIZE?UART                          -----    -----      -----    -----      -----    -----
  +--> ?PR?COM_BAUDRATE?UART

?PR?INICIA_BOARD?MAIN                            -----    -----      -----    -----      -----    -----
  +--> ?PR?COND_INI_TIBBO?TIBBO
  +--> ?PR?COND_INI_CLOCK?CLOCK
  +--> ?PR?COND_INI_PTO?PTO_PARALELO

?PR?_TX_AUX?TIBBO                                -----    -----      -----    -----      -----    -----
  +--> ?PR?TIME_BIT?TIBBO

?PR?MENU?PROG                                    -----    -----      -----    -----      0001H    0045H
  +--> ?CO?PROG
  +--> ?PR?PRINTF?PRINTF
  +--> ?PR?_RD_EEPROM?EEPROM
  +--> ?PR?FIRST_CLAVE?PROG
  +--> ?PR?_WR_EEPROM?EEPROM
  +--> ?PR?_LEERMEMORIA?EEPROM
  +--> ?PR?_HASH_ID?PROG
  +--> ?PR?_INGRESADATO?PROG
  +--> ?PR?_GETCMD?PROG
  +--> ?PR?_ESCRIBIRMEMORIA?EEPROM
  +--> ?PR?_VALIDARCLAVE?PROG
  +--> ?PR?DISPLAYCURSOR?PROG
  +--> ?PR?_STRLEN?STRLEN
  +--> ?PR?_GETOPTION?PROG
  +--> ?PR?_STRCAT?STRCAT
  +--> ?PR?_LISTACOMANDOS?PROG
  +--> ?PR?PROG_ID_CLIENTE?PROG
  +--> ?PR?PROG_COD_PARK?PROG
  +--> ?PR?PROG_TIEMPO_GRACIA?PROG
  +--> ?PR?PROG_SIN_COBRO?PROG
  +--> ?PR?PROG_DEBUG?PROG
BL51 BANKED LINKER/LOCATER V6.22.2.0                                                  10/20/2020  16:33:57  PAGE 8


  +--> ?PR?PROG_USE_LPR?PROG
  +--> ?PR?TIPO_PANTALLA?PROG
  +--> ?PR?PROG_TARJETA_AUTOMATICA_O_BOTON?PROG
  +--> ?PR?PROG_ANTIPASSBACK?PROG
  +--> ?PR?PROG_PLACA?PROG
  +--> ?PR?PROG_ADDRESS_HIGH_BOARD?PROG
  +--> ?PR?PROG_HORARIOS?PROG
  +--> ?PR?PROG_VALIDAR_TIPO_VEHICULO_MENSUA...
  +--> ?PR?PROG_APB_MENSUAL?PROG
  +--> ?PR?VER_PROG?PROG
  +--> ?PR?SHOW?PROG
  +--> ?PR?PROG_FECHA_VENCIMIENTO?PROG

?PR?PRINTF?PRINTF                                0020H.0  0001H.1    0008H    0005H      0077H    0030H
  +--> ?PR?_PUTCHAR?MAIN

?PR?_PUTCHAR?MAIN                                -----    -----      -----    -----      00A7H    0003H
  +--> ?PR?_COM_PUTCHAR?UART

?PR?_COM_PUTCHAR?UART                            -----    -----      -----    -----      00AAH    0001H
  +--> ?PR?COM_TBUFLEN?UART

?PR?_RD_EEPROM?EEPROM                            -----    -----      -----    -----      -----    -----
  +--> ?PR?START?EEPROM
  +--> ?PR?ACK_LECT?EEPROM
  +--> ?PR?_E_D_M?EEPROM
  +--> ?PR?ACKD?EEPROM
  +--> ?PR?L_D_M?EEPROM
  +--> ?PR?STOP?EEPROM

?PR?ACK_LECT?EEPROM                              -----    -----      -----    -----      -----    -----
  +--> ?PR?_E_D_M?EEPROM

?PR?_E_D_M?EEPROM                                -----    -----      -----    -----      -----    -----
  +--> ?PR?P_ME?EEPROM

?PR?ACKD?EEPROM                                  -----    -----      -----    -----      -----    -----
  +--> ?PR?_E_D_M?EEPROM

?PR?FIRST_CLAVE?PROG                             -----    -----      -----    -----      0046H    000BH
  +--> ?PR?_BLOCK_READ_CLOCK_ASCII?CLOCK
  +--> ?PR?_HASH_ID?PROG
  +--> ?PR?_ESCRIBIRMEMORIA?EEPROM

?PR?_BLOCK_READ_CLOCK_ASCII?CLOCK                -----    -----      -----    -----      0051H    0003H
  +--> ?PR?_LEE_CLK?CLOCK

?PR?_LEE_CLK?CLOCK                               -----    -----      -----    -----      00B1H    0003H
  +--> ?PR?_DELAY_20US?DELAY
  +--> ?PR?_EB_CLK?CLOCK
  +--> ?PR?P_CK?CLOCK

?PR?_EB_CLK?CLOCK                                -----    -----      -----    -----      00B4H    0003H
  +--> ?PR?P_CK?CLOCK

?PR?P_CK?CLOCK                                   -----    -----      -----    -----      -----    -----
  +--> ?PR?DELAY?DELAY
BL51 BANKED LINKER/LOCATER V6.22.2.0                                                  10/20/2020  16:33:57  PAGE 9



?PR?_HASH_ID?PROG                                -----    -----      -----    -----      005DH    003FH
  +--> ?CO?PROG
  +--> ?PR?_LEERMEMORIA?EEPROM
  +--> ?PR?_CHECK_FECHAOUT?CLOCK
  +--> ?PR?_STRLEN?STRLEN

?PR?_LEERMEMORIA?EEPROM                          -----    -----      -----    -----      009CH    0005H
  +--> ?PR?_RD_EEPROM?EEPROM

?PR?_CHECK_FECHAOUT?CLOCK                        -----    -----      -----    -----      009CH    0012H
  +--> ?PR?_BLOCK_READ_CLOCK_HEX?CLOCK

?PR?_BLOCK_READ_CLOCK_HEX?CLOCK                  -----    -----      -----    -----      00AEH    0003H
  +--> ?PR?_LEE_CLK?CLOCK
  +--> ?PR?_BCD_HEX?CLOCK

?PR?_ESCRIBIRMEMORIA?EEPROM                      -----    -----      -----    -----      005DH    0005H
  +--> ?PR?_WR_EEPROM?EEPROM

?PR?_WR_EEPROM?EEPROM                            -----    -----      -----    -----      -----    -----
  +--> ?PR?START?EEPROM
  +--> ?PR?ACKD?EEPROM
  +--> ?PR?_E_D_M?EEPROM
  +--> ?PR?STOP?EEPROM
  +--> ?PR?_DELAY_1MS?DELAY
  +--> ?PR?_DELAY_20US?DELAY

?PR?_DELAY_1MS?DELAY                             -----    -----      -----    -----      -----    -----
  +--> ?PR?_DELAY_20US?DELAY

?PR?_INGRESADATO?PROG                            -----    -----      -----    -----      0071H    0004H
  +--> ?PR?_GETKEY?MAIN
  +--> ?CO?PROG
  +--> ?PR?PRINTF?PRINTF
  +--> ?PR?_PUTCHAR?MAIN

?PR?_GETKEY?MAIN                                 -----    -----      -----    -----      -----    -----
  +--> ?PR?COM_GETCHAR?UART

?PR?COM_GETCHAR?UART                             -----    -----      -----    -----      -----    -----
  +--> ?PR?COM_RBUFLEN?UART

?PR?_GETCMD?PROG                                 -----    -----      -----    -----      005DH    0007H
  +--> ?CO?PROG
  +--> ?PR?_STRTOK?STRTOK

?PR?_STRTOK?STRTOK                               -----    -----      -----    -----      0064H    0006H
  +--> ?PR?_STRSPN?STRSPN
  +--> ?PR?_STRPBRK?STRPBRK

?PR?_STRSPN?STRSPN                               -----    -----      -----    -----      006AH    0008H

?PR?_STRPBRK?STRPBRK                             -----    -----      -----    -----      006AH    0009H

?PR?_VALIDARCLAVE?PROG                           -----    -----      -----    -----      005DH    000EH

BL51 BANKED LINKER/LOCATER V6.22.2.0                                                  10/20/2020  16:33:57  PAGE 10


?PR?DISPLAYCURSOR?PROG                           -----    -----      -----    -----      -----    -----
  +--> ?CO?PROG
  +--> ?PR?PRINTF?PRINTF

?PR?_GETOPTION?PROG                              -----    -----      -----    -----      0046H    000BH
  +--> ?CO?PROG
  +--> ?PR?_STRTOK?STRTOK

?PR?_STRCAT?STRCAT                               -----    -----      -----    -----      0046H    0009H

?PR?_LISTACOMANDOS?PROG                          -----    -----      -----    -----      0046H    0007H

?PR?PROG_ID_CLIENTE?PROG                         -----    -----      -----    -----      0046H    000CH
  +--> ?PR?_RD_EEPROM?EEPROM
  +--> ?CO?PROG
  +--> ?PR?PRINTF?PRINTF
  +--> ?PR?_INGRESADATO?PROG
  +--> ?PR?_ATOI?ATOI
  +--> ?PR?_WR_EEPROM?EEPROM

?PR?_ATOI?ATOI                                   0020H.0  0000H.1    -----    -----      0071H    0005H
  +--> ?PR?_ISSPACE?ISSPACE
  +--> ?PR?_ISDIGIT?ISDIGIT

?PR?PROG_COD_PARK?PROG                           -----    -----      -----    -----      0046H    000CH
  +--> ?PR?_RD_EEPROM?EEPROM
  +--> ?CO?PROG
  +--> ?PR?PRINTF?PRINTF
  +--> ?PR?_INGRESADATO?PROG
  +--> ?PR?_ATOI?ATOI
  +--> ?PR?_WR_EEPROM?EEPROM

?PR?PROG_TIEMPO_GRACIA?PROG                      -----    -----      -----    -----      0046H    000CH
  +--> ?PR?_RD_EEPROM?EEPROM
  +--> ?CO?PROG
  +--> ?PR?PRINTF?PRINTF
  +--> ?PR?_INGRESADATO?PROG
  +--> ?PR?_ATOI?ATOI
  +--> ?PR?_WR_EEPROM?EEPROM

?PR?PROG_SIN_COBRO?PROG                          -----    -----      -----    -----      0046H    000CH
  +--> ?PR?_RD_EEPROM?EEPROM
  +--> ?CO?PROG
  +--> ?PR?PRINTF?PRINTF
  +--> ?PR?_INGRESADATO?PROG
  +--> ?PR?_ATOI?ATOI
  +--> ?PR?_WR_EEPROM?EEPROM

?PR?PROG_DEBUG?PROG                              -----    -----      -----    -----      0046H    000CH
  +--> ?PR?_RD_EEPROM?EEPROM
  +--> ?CO?PROG
  +--> ?PR?PRINTF?PRINTF
  +--> ?PR?_INGRESADATO?PROG
  +--> ?PR?_ATOI?ATOI
  +--> ?PR?_WR_EEPROM?EEPROM

?PR?PROG_USE_LPR?PROG                            -----    -----      -----    -----      0046H    000CH
BL51 BANKED LINKER/LOCATER V6.22.2.0                                                  10/20/2020  16:33:57  PAGE 11


  +--> ?PR?_RD_EEPROM?EEPROM
  +--> ?CO?PROG
  +--> ?PR?PRINTF?PRINTF
  +--> ?PR?_INGRESADATO?PROG
  +--> ?PR?_ATOI?ATOI
  +--> ?PR?_WR_EEPROM?EEPROM

?PR?TIPO_PANTALLA?PROG                           -----    -----      -----    -----      0046H    000CH
  +--> ?PR?_RD_EEPROM?EEPROM
  +--> ?CO?PROG
  +--> ?PR?PRINTF?PRINTF
  +--> ?PR?_INGRESADATO?PROG
  +--> ?PR?_ATOI?ATOI
  +--> ?PR?_WR_EEPROM?EEPROM

?PR?PROG_TARJETA_AUTOMATICA_O_BOTON?PROG         -----    -----      -----    -----      0046H    000CH
  +--> ?PR?_RD_EEPROM?EEPROM
  +--> ?CO?PROG
  +--> ?PR?PRINTF?PRINTF
  +--> ?PR?_INGRESADATO?PROG
  +--> ?PR?_ATOI?ATOI
  +--> ?PR?_WR_EEPROM?EEPROM

?PR?PROG_ANTIPASSBACK?PROG                       -----    -----      -----    -----      0046H    000CH
  +--> ?PR?_RD_EEPROM?EEPROM
  +--> ?CO?PROG
  +--> ?PR?PRINTF?PRINTF
  +--> ?PR?_INGRESADATO?PROG
  +--> ?PR?_ATOI?ATOI
  +--> ?PR?_WR_EEPROM?EEPROM

?PR?PROG_PLACA?PROG                              -----    -----      -----    -----      0046H    000CH
  +--> ?PR?_RD_EEPROM?EEPROM
  +--> ?CO?PROG
  +--> ?PR?PRINTF?PRINTF
  +--> ?PR?_INGRESADATO?PROG
  +--> ?PR?_ATOI?ATOI
  +--> ?PR?_WR_EEPROM?EEPROM

?PR?PROG_ADDRESS_HIGH_BOARD?PROG                 -----    -----      -----    -----      0046H    000CH
  +--> ?PR?_RD_EEPROM?EEPROM
  +--> ?CO?PROG
  +--> ?PR?PRINTF?PRINTF
  +--> ?PR?_INGRESADATO?PROG
  +--> ?PR?_ATOI?ATOI
  +--> ?PR?_WR_EEPROM?EEPROM

?PR?PROG_HORARIOS?PROG                           -----    -----      -----    -----      0046H    001BH
  +--> ?PR?ADDR_HORARIOS?PROG
  +--> ?CO?PROG
  +--> ?PR?PRINTF?PRINTF
  +--> ?PR?_INGRESADATO?PROG
  +--> ?PR?_ATOI?ATOI
  +--> ?PR?_PROG_HORARIOS_ON_OFF?PROG
  +--> ?PR?_WR_EEPROM?EEPROM
  +--> ?PR?_PROG_HORARIO_DIAS?PROG
  +--> ?PR?_PROG_HORARIO_DESDE_HASTA?PROG
BL51 BANKED LINKER/LOCATER V6.22.2.0                                                  10/20/2020  16:33:57  PAGE 12


  +--> ?PR?_RD_EEPROM?EEPROM

?PR?ADDR_HORARIOS?PROG                           -----    -----      -----    -----      0074H    000BH

?PR?_PROG_HORARIOS_ON_OFF?PROG                   -----    -----      -----    -----      0061H    0010H
  +--> ?PR?_RD_EEPROM?EEPROM
  +--> ?CO?PROG
  +--> ?PR?PRINTF?PRINTF
  +--> ?PR?_INGRESADATO?PROG
  +--> ?PR?_ATOI?ATOI
  +--> ?PR?_WR_EEPROM?EEPROM

?PR?_PROG_HORARIO_DIAS?PROG                      -----    -----      -----    -----      0061H    000FH
  +--> ?CO?PROG
  +--> ?PR?PRINTF?PRINTF
  +--> ?PR?_INGRESADATO?PROG
  +--> ?PR?_WR_EEPROM?EEPROM
  +--> ?PR?_RD_EEPROM?EEPROM

?PR?_PROG_HORARIO_DESDE_HASTA?PROG               -----    -----      -----    -----      0061H    000CH
  +--> ?CO?PROG
  +--> ?PR?PRINTF?PRINTF
  +--> ?PR?_INGRESADATO?PROG
  +--> ?PR?_WR_EEPROM?EEPROM
  +--> ?PR?_RD_EEPROM?EEPROM

?PR?PROG_VALIDAR_TIPO_VEHICULO_MENSUA...         -----    -----      -----    -----      0046H    000CH
  +--> ?PR?_RD_EEPROM?EEPROM
  +--> ?CO?PROG
  +--> ?PR?PRINTF?PRINTF
  +--> ?PR?_INGRESADATO?PROG
  +--> ?PR?_ATOI?ATOI
  +--> ?PR?_WR_EEPROM?EEPROM

?PR?PROG_APB_MENSUAL?PROG                        -----    -----      -----    -----      0046H    000CH
  +--> ?PR?_RD_EEPROM?EEPROM
  +--> ?CO?PROG
  +--> ?PR?PRINTF?PRINTF
  +--> ?PR?_INGRESADATO?PROG
  +--> ?PR?_ATOI?ATOI
  +--> ?PR?_WR_EEPROM?EEPROM

?PR?VER_PROG?PROG                                -----    -----      -----    -----      0046H    0013H
  +--> ?PR?_RD_EEPROM?EEPROM
  +--> ?CO?PROG
  +--> ?PR?PRINTF?PRINTF
  +--> ?PR?VER_HORARIO?PROG
  +--> ?PR?_LEERMEMORIA?EEPROM
  +--> ?PR?_HEX_ASCII?CLOCK

?PR?VER_HORARIO?PROG                             -----    -----      -----    -----      0059H    001BH
  +--> ?PR?ADDR_HORARIOS?PROG
  +--> ?CO?PROG
  +--> ?PR?PRINTF?PRINTF
  +--> ?PR?_RD_EEPROM?EEPROM
  +--> ?PR?_VER_HORARIO_DIAS?PROG
  +--> ?PR?_VER_HORARIO_DESDE_HASTA?PROG
BL51 BANKED LINKER/LOCATER V6.22.2.0                                                  10/20/2020  16:33:57  PAGE 13



?PR?_VER_HORARIO_DIAS?PROG                       -----    -----      -----    -----      0074H    0003H
  +--> ?PR?_RD_EEPROM?EEPROM
  +--> ?CO?PROG
  +--> ?PR?PRINTF?PRINTF

?PR?_VER_HORARIO_DESDE_HASTA?PROG                -----    -----      -----    -----      0074H    0002H
  +--> ?CO?PROG
  +--> ?PR?PRINTF?PRINTF
  +--> ?PR?_RD_EEPROM?EEPROM

?PR?_HEX_ASCII?CLOCK                             -----    -----      -----    -----      005DH    0006H
  +--> ?PR?_HEX_BCD?CLOCK

?PR?SHOW?PROG                                    -----    -----      -----    -----      -----    -----
  +--> ?CO?PROG
  +--> ?PR?PRINTF?PRINTF

?PR?PROG_FECHA_VENCIMIENTO?PROG                  -----    -----      -----    -----      0046H    0017H
  +--> ?PR?_LEERMEMORIA?EEPROM
  +--> ?PR?_HEX_ASCII?CLOCK
  +--> ?CO?PROG
  +--> ?PR?PRINTF?PRINTF
  +--> ?PR?_HASH_ID?PROG
  +--> ?PR?_INGRESADATO?PROG
  +--> ?PR?_GETCMD?PROG
  +--> ?PR?_ESCRIBIRMEMORIA?EEPROM
  +--> ?PR?_VALIDARCLAVE?PROG
  +--> ?PR?_ATOI?ATOI
  +--> ?PR?_WR_EEPROM?EEPROM

?PR?VARIABLE_INICIO?MAIN                         -----    -----      -----    -----      -----    -----
  +--> ?PR?_RD_EEPROM?EEPROM

?PR?SECUENCIA_INICIO_EXPEDIDOR?VERIFI...         -----    -----      -----    -----      0001H    0001H
  +--> ?PR?_INICIALIZA?LINTECH
  +--> ?PR?TRAMA_VALIDACION_P_N?VERIFICADOR
  +--> ?CO?VERIFICADOR
  +--> ?PR?_DEBUG_TXT_TIBBO?TIBBO
  +--> ?PR?_DEBUGBUFFERMF?TIBBO
  +--> ?PR?DWLOAD_EEPROM?LINTECH

?PR?_INICIALIZA?LINTECH                          -----    -----      -----    -----      0002H    000CH
  +--> ?CO?LINTECH
  +--> ?PR?_DEBUG_TXT_TIBBO?TIBBO
  +--> ?PR?_DEBUGBUFFERMF?TIBBO
  +--> ?PR?_ESCRIBIRCADENASOFT_BUFFER?MAIN

?PR?_DEBUG_TXT_TIBBO?TIBBO                       -----    -----      -----    -----      0037H    0004H
  +--> ?PR?_DEBUG_CHR_TIBBO?TIBBO
  +--> ?CO?TIBBO
  +--> ?PR?_TX_AUX?TIBBO

?PR?_DEBUG_CHR_TIBBO?TIBBO                       -----    -----      -----    -----      -----    -----
  +--> ?PR?_TX_AUX?TIBBO

?PR?_DEBUGBUFFERMF?TIBBO                         -----    -----      -----    -----      0027H    0006H
BL51 BANKED LINKER/LOCATER V6.22.2.0                                                  10/20/2020  16:33:57  PAGE 14


  +--> ?CO?TIBBO
  +--> ?PR?_DEBUG_TXT_TIBBO?TIBBO
  +--> ?PR?_DEBUG_CHR_TIBBO?TIBBO
  +--> ?PR?_TX_AUX?TIBBO

?PR?_ESCRIBIRCADENASOFT_BUFFER?MAIN              -----    -----      -----    -----      0027H    0006H
  +--> ?PR?_PUTCHAR?MAIN

?PR?TRAMA_VALIDACION_P_N?VERIFICADOR             -----    -----      -----    -----      -----    -----
  +--> ?CO?VERIFICADOR
  +--> ?PR?_DEBUG_TXT_TIBBO?TIBBO

?PR?DWLOAD_EEPROM?LINTECH                        -----    -----      -----    -----      0002H    0016H
  +--> ?CO?LINTECH
  +--> ?PR?_DEBUG_TXT_TIBBO?TIBBO
  +--> ?PR?_DEBUGBUFFERMF?TIBBO
  +--> ?PR?_ESCRIBIRCADENASOFT_BUFFER?MAIN

?PR?RX_MONITOR?MONITOR                           -----    -----      -----    -----      0007H    000DH
  +--> ?PR?_RECIBE_CMD_MONITOR?MONITOR
  +--> ?PR?_DEBUG_MONITOR?TIBBO
  +--> ?PR?_VALIDA_TRAMA_MONITOR?MONITOR

?PR?_RECIBE_CMD_MONITOR?MONITOR                  -----    -----      -----    -----      0014H    0009H
  +--> ?PR?RX_DATA?TIBBO

?PR?RX_DATA?TIBBO                                -----    -----      -----    -----      -----    -----
  +--> ?PR?TIME_MBIT?TIBBO
  +--> ?PR?TIME_BIT?TIBBO

?PR?_DEBUG_MONITOR?TIBBO                         -----    -----      -----    -----      0014H    0004H
  +--> ?PR?DEBUG_DIVIDIR_TEXTO?TIBBO
  +--> ?CO?TIBBO
  +--> ?PR?_DEBUG_TXT_TIBBO?TIBBO

?PR?DEBUG_DIVIDIR_TEXTO?TIBBO                    -----    -----      -----    -----      -----    -----
  +--> ?CO?TIBBO
  +--> ?PR?_DEBUG_TXT_TIBBO?TIBBO

?PR?_VALIDA_TRAMA_MONITOR?MONITOR                -----    -----      -----    -----      0014H    0003H

?PR?_SECUENCIAEXPEDIDORMF?VERIFICADOR            -----    -----      -----    -----      0001H    0001H
  +--> ?PR?_CHECK_STATUS?LINTECH
  +--> ?PR?_LOAD_SECUENCIA_EXPEDIDOR?VERIFIC...
  +--> ?PR?_RTA_CMD_TRANSPORTE?VERIFICADOR
  +--> ?PR?_MOV_CARD?LINTECH
  +--> ?PR?_CARD_INSERCION?LINTECH
  +--> ?PR?AUT_CARD_CHECK_STATUS?LINTECH
  +--> ?PR?LOADVERIFY_EEPROM?LINTECH
  +--> ?PR?_RD_MF?LINTECH
  +--> ?PR?_WR_MF?LINTECH
  +--> ?PR?DWLOAD_EEPROM?LINTECH
  +--> ?PR?ENTREGA_CARD_CAPTURA?VERIFICADOR
  +--> ?PR?_SEND_PTO_PARALELO?VERIFICADOR
  +--> ?PR?_WAIT_PLACA?VERIFICADOR
  +--> ?PR?UNIQUE_IDENTIFIER_UID?LINTECH
  +--> ?PR?_PREGUNTA_LPR?VERIFICADOR
BL51 BANKED LINKER/LOCATER V6.22.2.0                                                  10/20/2020  16:33:57  PAGE 15


  +--> ?PR?_VALIDA_TIPO_TARJETA?VERIFICADOR
  +--> ?PR?POWER_OFF?LINTECH
  +--> ?PR?RESPONDE_ESTADO_SENSORES_TRANSPOR...
  +--> ?PR?RESPONDE_TIPO_TARJETA?VERIFICADOR
  +--> ?PR?_RESPONDE_LECTURA_TARJETA_SECTOR1...
  +--> ?PR?_RESPONDE_LECTURA_TARJETA_SECTOR1...
  +--> ?PR?_RESPONDE_LECTURA_TARJETA_SECTOR1...
  +--> ?PR?_RESPONDE_WRITE_TARJETA_SECTOR1_B...
  +--> ?PR?_RESPONDE_WRITE_TARJETA_SECTOR2_B...
  +--> ?PR?_RESPONDE_WRITE_TARJETA_SECTOR1_B...
  +--> ?PR?_DISPARO_LOCK_ENTRADA_VEHICULO?VE...
  +--> ?PR?_RESPUESTA_SEGUNDA_CLAVE?VERIFICADOR
  +--> ?PR?ANALIZA_PRESENCIA_MENSUAL?VERIFIC...
  +--> ?PR?_ANALIZA_UID_CARD?VERIFICADOR
  +--> ?PR?ANALIZA_PRESENCIA_ROTACION?VERIFI...
  +--> ?CO?VERIFICADOR
  +--> ?PR?_DEBUG_TXT_TIBBO?TIBBO

?PR?_CHECK_STATUS?LINTECH                        -----    -----      -----    -----      0002H    000BH
  +--> ?CO?LINTECH
  +--> ?PR?_DEBUG_TXT_TIBBO?TIBBO
  +--> ?PR?_DEBUGBUFFERMF?TIBBO
  +--> ?PR?_ESCRIBIRCADENASOFT_BUFFER?MAIN

?PR?_LOAD_SECUENCIA_EXPEDIDOR?VERIFIC...         -----    -----      -----    -----      0007H    0009H

?PR?_RTA_CMD_TRANSPORTE?VERIFICADOR              -----    -----      -----    -----      0002H    0005H
  +--> ?PR?TRAMA_VALIDACION_P_N?VERIFICADOR
  +--> ?CO?VERIFICADOR
  +--> ?PR?_DEBUG_TXT_TIBBO?TIBBO
  +--> ?PR?_DEBUGBUFFERMF?TIBBO
  +--> ?PR?ERROR_RX_PTO?VERIFICADOR

?PR?ERROR_RX_PTO?VERIFICADOR                     -----    -----      -----    -----      0007H    0001H
  +--> ?CO?VERIFICADOR
  +--> ?PR?_DEBUG_TXT_TIBBO?TIBBO
  +--> ?PR?_DEBUG_CHR_TIBBO?TIBBO
  +--> ?PR?_DELAY_10MS?DELAY

?PR?_DELAY_10MS?DELAY                            -----    -----      -----    -----      0008H    0004H
  +--> ?PR?_DELAY_1MS?DELAY

?PR?_MOV_CARD?LINTECH                            -----    -----      -----    -----      0002H    000CH
  +--> ?CO?LINTECH
  +--> ?PR?_DEBUG_TXT_TIBBO?TIBBO
  +--> ?PR?_DEBUGBUFFERMF?TIBBO
  +--> ?PR?_ESCRIBIRCADENASOFT_BUFFER?MAIN

?PR?_CARD_INSERCION?LINTECH                      -----    -----      -----    -----      0002H    000AH
  +--> ?CO?LINTECH
  +--> ?PR?_DEBUG_TXT_TIBBO?TIBBO
  +--> ?PR?_DEBUGBUFFERMF?TIBBO
  +--> ?PR?_ESCRIBIRCADENASOFT_BUFFER?MAIN

?PR?AUT_CARD_CHECK_STATUS?LINTECH                -----    -----      -----    -----      0002H    000BH
  +--> ?CO?LINTECH
  +--> ?PR?_DEBUG_TXT_TIBBO?TIBBO
BL51 BANKED LINKER/LOCATER V6.22.2.0                                                  10/20/2020  16:33:57  PAGE 16


  +--> ?PR?_DEBUGBUFFERMF?TIBBO
  +--> ?PR?_ESCRIBIRCADENASOFT_BUFFER?MAIN

?PR?LOADVERIFY_EEPROM?LINTECH                    -----    -----      -----    -----      0002H    0010H
  +--> ?CO?LINTECH
  +--> ?PR?_DEBUG_TXT_TIBBO?TIBBO
  +--> ?PR?_DEBUGBUFFERMF?TIBBO
  +--> ?PR?_ESCRIBIRCADENASOFT_BUFFER?MAIN

?PR?_RD_MF?LINTECH                               -----    -----      -----    -----      0002H    0012H
  +--> ?CO?LINTECH
  +--> ?PR?_DEBUG_TXT_TIBBO?TIBBO
  +--> ?PR?_DEBUG_CHR_TIBBO?TIBBO
  +--> ?PR?_DEBUGBUFFERMF?TIBBO
  +--> ?PR?_ESCRIBIRCADENASOFT_BUFFER?MAIN

?PR?_WR_MF?LINTECH                               -----    -----      -----    -----      0002H    0025H
  +--> ?CO?LINTECH
  +--> ?PR?_DEBUG_TXT_TIBBO?TIBBO
  +--> ?PR?_DEBUG_CHR_TIBBO?TIBBO
  +--> ?PR?_DEBUGBUFFERMF?TIBBO
  +--> ?PR?_ESCRIBIRCADENASOFT_BUFFER?MAIN

?PR?ENTREGA_CARD_CAPTURA?VERIFICADOR             -----    -----      -----    -----      0002H    0001H
  +--> ?CO?VERIFICADOR
  +--> ?PR?_DEBUG_TXT_TIBBO?TIBBO
  +--> ?PR?SEL_SENSOR2?IO_SENSORES
  +--> ?PR?VALIDASENSOR?IO_SENSORES
  +--> ?PR?VALIDA_SENSOR1_AUTO?IO_SENSORES

?PR?VALIDA_SENSOR1_AUTO?IO_SENSORES              -----    -----      -----    -----      0011H    0001H
  +--> ?PR?SEL_SENSOR1?IO_SENSORES
  +--> ?PR?SEL_AUTO?IO_SENSORES
  +--> ?CO?IO_SENSORES
  +--> ?PR?_DEBUG_TXT_TIBBO?TIBBO

?PR?_SEND_PTO_PARALELO?VERIFICADOR               -----    -----      -----    -----      0002H    0004H
  +--> ?PR?_ARMAR_TRAMA_PTO_PARALELO_EXPEDID...
  +--> ?PR?_ARMAR_TRAMA_PTO_PARALELO_EXPEDID...
  +--> ?PR?INCREMENTE_TICKET?EEPROM
  +--> ?PR?_SEND_PORT?PTO_PARALELO
  +--> ?CO?VERIFICADOR
  +--> ?PR?_DEBUG_TXT_TIBBO?TIBBO
  +--> ?PR?_DEBUGBUFFERMF?TIBBO
  +--> ?PR?CLEAR_PLACA?MONITOR

?PR?_ARMAR_TRAMA_PTO_PARALELO_EXPEDID...         -----    -----      -----    -----      0006H    0006H
  +--> ?PR?_BLOCK_READ_CLOCK_HEX?CLOCK
  +--> ?PR?_RD_EEPROM?EEPROM

?PR?_ARMAR_TRAMA_PTO_PARALELO_EXPEDID...         -----    -----      -----    -----      0006H    000FH
  +--> ?PR?LEE_NO_TICKET?EEPROM
  +--> ?PR?_STRCAT?STRCAT
  +--> ?PR?_STRLEN?STRLEN
  +--> ?PR?_BLOCK_READ_CLOCK_HEX?CLOCK
  +--> ?PR?_RD_EEPROM?EEPROM

BL51 BANKED LINKER/LOCATER V6.22.2.0                                                  10/20/2020  16:33:57  PAGE 17


?PR?LEE_NO_TICKET?EEPROM                         -----    -----      -----    -----      001DH    000BH
  +--> ?PR?READ_EEPROM_TICKET?EEPROM
  +--> ?CO?EEPROM
  +--> ?PR?PRINTF?PRINTF
  +--> ?PR?_STRLEN?STRLEN
  +--> ?PR?_DEBUG_TXT_TIBBO?TIBBO

?PR?READ_EEPROM_TICKET?EEPROM                    -----    -----      -----    -----      0028H    0007H
  +--> ?PR?_RD_EEPROM?EEPROM

?PR?INCREMENTE_TICKET?EEPROM                     -----    -----      -----    -----      0006H    000BH
  +--> ?PR?READ_EEPROM_TICKET?EEPROM
  +--> ?CO?EEPROM
  +--> ?PR?PRINTF?PRINTF
  +--> ?PR?_WRITE_EEPROM_TICKET?EEPROM

?PR?_WRITE_EEPROM_TICKET?EEPROM                  -----    -----      -----    -----      0015H    000BH
  +--> ?CO?EEPROM
  +--> ?PR?_DEBUG_TXT_TIBBO?TIBBO
  +--> ?PR?_ATOL?ATOL
  +--> ?PR?_DEBUG_CHR_TIBBO?TIBBO
  +--> ?PR?_WR_EEPROM?EEPROM

?PR?_ATOL?ATOL                                   0020H.0  0000H.1    -----    -----      0020H    0007H
  +--> ?PR?_ISSPACE?ISSPACE
  +--> ?PR?_ISDIGIT?ISDIGIT

?PR?_SEND_PORT?PTO_PARALELO                      -----    -----      -----    -----      0015H    000AH
  +--> ?PR?PULSO_BUS?PTO_PARALELO
  +--> ?PR?_DELAY_20US?DELAY

?PR?PULSO_BUS?PTO_PARALELO                       -----    -----      -----    -----      -----    -----
  +--> ?PR?_DELAY_20US?DELAY

?PR?_WAIT_PLACA?VERIFICADOR                      -----    -----      -----    -----      0002H    0005H
  +--> ?PR?RX_MONITOR?MONITOR
  +--> ?PR?CLAVE_SEGURIDAD_S2?LINTECH
  +--> ?PR?_LOAD_SECUENCIA_EXPEDIDOR?VERIFIC...

?PR?CLAVE_SEGURIDAD_S2?LINTECH                   -----    -----      -----    -----      0007H    0016H
  +--> ?CO?LINTECH
  +--> ?PR?_DEBUG_TXT_TIBBO?TIBBO
  +--> ?PR?_DEBUGBUFFERMF?TIBBO
  +--> ?PR?_ESCRIBIRCADENASOFT_BUFFER?MAIN

?PR?UNIQUE_IDENTIFIER_UID?LINTECH                -----    -----      -----    -----      0002H    000BH
  +--> ?CO?LINTECH
  +--> ?PR?_DEBUG_TXT_TIBBO?TIBBO
  +--> ?PR?_DEBUGBUFFERMF?TIBBO
  +--> ?PR?_ESCRIBIRCADENASOFT_BUFFER?MAIN

?PR?_PREGUNTA_LPR?VERIFICADOR                    -----    -----      -----    -----      0002H    0004H
  +--> ?PR?_RD_EEPROM?EEPROM
  +--> ?PR?_ARMAR_TRAMA_MONITOR?VERIFICADOR
  +--> ?PR?_DEBUG_TXT_TIBBO?TIBBO

?PR?_ARMAR_TRAMA_MONITOR?VERIFICADOR             -----    -----      -----    -----      0006H    000FH
BL51 BANKED LINKER/LOCATER V6.22.2.0                                                  10/20/2020  16:33:57  PAGE 18


  +--> ?PR?DIR_BOARD_MONITOR?IO_SENSORES
  +--> ?PR?LEE_NO_TICKET?EEPROM
  +--> ?PR?_STRCAT?STRCAT
  +--> ?PR?_BYTEHEX_DECIMAL?CLOCK
  +--> ?PR?_STRLEN?STRLEN
  +--> ?PR?_TWO_BYTEHEX_DECIMAL?CLOCK
  +--> ?PR?_BLOCK_READ_CLOCK_ASCII?CLOCK

?PR?DIR_BOARD_MONITOR?IO_SENSORES                -----    -----      -----    -----      -----    -----
  +--> ?PR?_RD_EEPROM?EEPROM

?PR?_BYTEHEX_DECIMAL?CLOCK                       -----    -----      -----    -----      0015H    0001H

?PR?_TWO_BYTEHEX_DECIMAL?CLOCK                   -----    -----      -----    -----      0015H    000CH
  +--> ?PR?_POW?POW

?PR?_POW?POW                                     -----    -----      -----    -----      0021H    000AH
  +--> ?PR?LOG?LOG
  +--> ?PR?EXP?EXP

?PR?LOG?LOG                                      0020H.0  0000H.1    -----    -----      002BH    0004H

?PR?_VALIDA_TIPO_TARJETA?VERIFICADOR             -----    -----      -----    -----      0002H    0007H
  +--> ?CO?VERIFICADOR
  +--> ?PR?_DEBUG_TXT_TIBBO?TIBBO
  +--> ?PR?_RD_EEPROM?EEPROM
  +--> ?PR?_TARJETA_MENSUAL?VERIFICADOR
  +--> ?PR?_SEND_PORTERR?PTO_PARALELO
  +--> ?PR?_PANTALLALCD?PANTALLAS
  +--> ?PR?CAPTURA_EXPULSA?VERIFICADOR
  +--> ?PR?_TARJETA_ROTACION?VERIFICADOR

?PR?_TARJETA_MENSUAL?VERIFICADOR                 -----    -----      -----    -----      0009H    0007H
  +--> ?PR?_HORARIOS?VERIFICADOR
  +--> ?PR?_CHECK_FECHAOUT?CLOCK
  +--> ?PR?_VALIDA_VEHICULO_CARD_MENSUAL?VER...
  +--> ?PR?CAPTURA_EXPULSA?VERIFICADOR
  +--> ?CO?VERIFICADOR
  +--> ?PR?_DEBUG_TXT_TIBBO?TIBBO
  +--> ?PR?_ARMAR_TRAMA_TARJETA_SECTOR1_BLOQ...
  +--> ?PR?_SEND_PORTERR?PTO_PARALELO
  +--> ?PR?_PANTALLALCD?PANTALLAS

?PR?_HORARIOS?VERIFICADOR                        -----    -----      -----    -----      0010H    0013H
  +--> ?PR?ADDR_HORARIOS?PROG
  +--> ?PR?_RD_EEPROM?EEPROM
  +--> ?PR?_LEE_CLK?CLOCK
  +--> ?CO?VERIFICADOR
  +--> ?PR?_DEBUG_TXT_TIBBO?TIBBO
  +--> ?PR?_DEBUG_CHR_TIBBO?TIBBO
  +--> ?PR?_BLOQUE_HORARIO?VERIFICADOR
  +--> ?PR?_PANTALLALCD?PANTALLAS

?PR?_BLOQUE_HORARIO?VERIFICADOR                  -----    -----      -----    -----      0023H    0007H
  +--> ?CO?VERIFICADOR
  +--> ?PR?_DEBUG_TXT_TIBBO?TIBBO
  +--> ?PR?_LEE_CLK?CLOCK
BL51 BANKED LINKER/LOCATER V6.22.2.0                                                  10/20/2020  16:33:57  PAGE 19


  +--> ?PR?_DEBUG_CHR_TIBBO?TIBBO
  +--> ?PR?_HORA_MAXIMA?VERIFICADOR
  +--> ?PR?_EN_HORARIO?VERIFICADOR
  +--> ?PR?_RD_EEPROM?EEPROM
  +--> ?PR?_SEND_PORTERR?PTO_PARALELO
  +--> ?PR?_PANTALLALCD?PANTALLAS

?PR?_HORA_MAXIMA?VERIFICADOR                     -----    -----      -----    -----      002FH    0008H
  +--> ?PR?_RD_EEPROM?EEPROM
  +--> ?PR?_DEBUG_CHR_TIBBO?TIBBO
  +--> ?CO?VERIFICADOR
  +--> ?PR?_DEBUG_TXT_TIBBO?TIBBO

?PR?_EN_HORARIO?VERIFICADOR                      -----    -----      -----    -----      002AH    0005H
  +--> ?CO?VERIFICADOR
  +--> ?PR?_DEBUG_TXT_TIBBO?TIBBO
  +--> ?PR?_HORA_MAXIMA?VERIFICADOR

?PR?_SEND_PORTERR?PTO_PARALELO                   -----    -----      -----    -----      002AH    0006H
  +--> ?PR?PULSO_BUS?PTO_PARALELO
  +--> ?PR?_DELAY_20US?DELAY

?PR?_PANTALLALCD?PANTALLAS                       -----    -----      -----    -----      002AH    000AH
  +--> ?CO?PANTALLAS
  +--> ?PR?_INIT_MEMPOOL?INIT_MEM
  +--> ?PR?_MALLOC?MALLOC
  +--> ?PR?_LCD_TXT?PANTALLAS
  +--> ?PR?_STRLEN?STRLEN
  +--> ?PR?_TX_CHRLCD?PANTALLAS
  +--> ?PR?_RASPBERRY_DATA?PANTALLAS
  +--> ?PR?_FREE?FREE

?PR?_MALLOC?MALLOC                               -----    -----      -----    -----      0034H    0006H

?PR?_LCD_TXT?PANTALLAS                           -----    -----      -----    -----      0034H    0005H
  +--> ?PR?_TX_CHRLCD?PANTALLAS

?PR?_TX_CHRLCD?PANTALLAS                         -----    -----      -----    -----      0039H    0002H
  +--> ?PR?_PUTCHAR?MAIN

?PR?_RASPBERRY_DATA?PANTALLAS                    -----    -----      -----    -----      0034H    0006H
  +--> ?PR?_STRLEN?STRLEN
  +--> ?PR?_PUTCHAR?MAIN

?PR?_FREE?FREE                                   -----    -----      -----    -----      0034H    0006H

?PR?_VALIDA_VEHICULO_CARD_MENSUAL?VER...         -----    -----      -----    -----      0010H    0004H
  +--> ?CO?VERIFICADOR
  +--> ?PR?_DEBUG_TXT_TIBBO?TIBBO
  +--> ?PR?_RD_EEPROM?EEPROM
  +--> ?PR?_SEND_PORTERR?PTO_PARALELO

?PR?_ARMAR_TRAMA_TARJETA_SECTOR1_BLOQ...         -----    -----      -----    -----      0010H    0006H
  +--> ?PR?_BLOCK_READ_CLOCK_HEX?CLOCK
  +--> ?PR?DIR_BOARD?IO_SENSORES

?PR?DIR_BOARD?IO_SENSORES                        -----    -----      -----    -----      0032H    0001H
BL51 BANKED LINKER/LOCATER V6.22.2.0                                                  10/20/2020  16:33:57  PAGE 20


  +--> ?PR?SEL_DIR1?IO_SENSORES
  +--> ?PR?SEL_DIR2?IO_SENSORES
  +--> ?PR?_RD_EEPROM?EEPROM

?PR?_TARJETA_ROTACION?VERIFICADOR                -----    -----      -----    -----      0009H    0006H
  +--> ?PR?_ARMAR_TRAMA_TARJETA_SECTOR1_BLOQ...

?PR?POWER_OFF?LINTECH                            -----    -----      -----    -----      0002H    000BH
  +--> ?CO?LINTECH
  +--> ?PR?_DEBUG_TXT_TIBBO?TIBBO
  +--> ?PR?_DEBUGBUFFERMF?TIBBO
  +--> ?PR?_ESCRIBIRCADENASOFT_BUFFER?MAIN

?PR?RESPONDE_ESTADO_SENSORES_TRANSPOR...         -----    -----      -----    -----      0002H    0001H
  +--> ?CO?VERIFICADOR
  +--> ?PR?_DEBUG_TXT_TIBBO?TIBBO
  +--> ?PR?_SEND_PORTERR?PTO_PARALELO
  +--> ?PR?INGRESO_VEHICULO?VERIFICADOR

?PR?INGRESO_VEHICULO?VERIFICADOR                 -----    -----      -----    -----      -----    -----
  +--> ?PR?VALIDASENSORESPASO?IO_SENSORES
  +--> ?PR?_RD_EEPROM?EEPROM
  +--> ?CO?VERIFICADOR
  +--> ?PR?_DEBUG_TXT_TIBBO?TIBBO
  +--> ?PR?_PANTALLALCD?PANTALLAS
  +--> ?PR?SEL_PULSA?IO_SENSORES

?PR?VALIDASENSORESPASO?IO_SENSORES               -----    -----      -----    -----      0010H    0001H
  +--> ?PR?SEL_SENSOR2?IO_SENSORES
  +--> ?PR?VALIDASENSOR?IO_SENSORES
  +--> ?PR?VALIDA_SENSOR1_AUTO?IO_SENSORES
  +--> ?CO?IO_SENSORES
  +--> ?PR?_DEBUG_TXT_TIBBO?TIBBO

?PR?RESPONDE_TIPO_TARJETA?VERIFICADOR            -----    -----      -----    -----      0002H    0001H
  +--> ?CO?VERIFICADOR
  +--> ?PR?_DEBUG_TXT_TIBBO?TIBBO
  +--> ?PR?_SEND_PORTERR?PTO_PARALELO
  +--> ?PR?_PANTALLALCD?PANTALLAS
  +--> ?PR?CAPTURA_EXPULSA?VERIFICADOR

?PR?_RESPONDE_LECTURA_TARJETA_SECTOR1...         -----    -----      -----    -----      0002H    0016H
  +--> ?CO?VERIFICADOR
  +--> ?PR?_DEBUG_TXT_TIBBO?TIBBO
  +--> ?PR?_DEBUGBUFFERMF?TIBBO
  +--> ?PR?_RD_EEPROM?EEPROM
  +--> ?PR?_DEBUG_HEXDEC?TIBBO
  +--> ?PR?_DEBUG_CHR_TIBBO?TIBBO
  +--> ?PR?_SEND_PORTERR?PTO_PARALELO
  +--> ?PR?_PANTALLALCD?PANTALLAS
  +--> ?PR?CAPTURA_EXPULSA?VERIFICADOR

?PR?_DEBUG_HEXDEC?TIBBO                          -----    -----      -----    -----      0018H    0002H
  +--> ?PR?_TX_AUX?TIBBO

?PR?_RESPONDE_LECTURA_TARJETA_SECTOR1...         -----    -----      -----    -----      0002H    0004H
  +--> ?CO?VERIFICADOR
BL51 BANKED LINKER/LOCATER V6.22.2.0                                                  10/20/2020  16:33:57  PAGE 21


  +--> ?PR?_DEBUG_TXT_TIBBO?TIBBO
  +--> ?PR?CAPTURA_EXPULSA?VERIFICADOR

?PR?_RESPONDE_LECTURA_TARJETA_SECTOR1...         -----    -----      -----    -----      0002H    0015H
  +--> ?CO?VERIFICADOR
  +--> ?PR?_DEBUG_TXT_TIBBO?TIBBO
  +--> ?PR?_DEBUGBUFFERMF?TIBBO
  +--> ?PR?_DEBUG_CHR_TIBBO?TIBBO
  +--> ?PR?CAPTURA_EXPULSA?VERIFICADOR

?PR?_RESPONDE_WRITE_TARJETA_SECTOR1_B...         -----    -----      -----    -----      0002H    0007H
  +--> ?CO?VERIFICADOR
  +--> ?PR?_DEBUG_TXT_TIBBO?TIBBO
  +--> ?PR?_DEBUGBUFFERMF?TIBBO
  +--> ?PR?_ARMAR_TRAMA_TARJETA_SECTOR1_BLOQ...

?PR?_ARMAR_TRAMA_TARJETA_SECTOR1_BLOQ...         -----    -----      -----    -----      0009H    0003H
  +--> ?PR?LEE_NO_TICKET?EEPROM

?PR?_RESPONDE_WRITE_TARJETA_SECTOR2_B...         -----    -----      -----    -----      0002H    0003H
  +--> ?CO?VERIFICADOR
  +--> ?PR?_DEBUG_TXT_TIBBO?TIBBO
  +--> ?PR?_DEBUGBUFFERMF?TIBBO

?PR?_RESPONDE_WRITE_TARJETA_SECTOR1_B...         -----    -----      -----    -----      0002H    0003H
  +--> ?CO?VERIFICADOR
  +--> ?PR?_DEBUG_TXT_TIBBO?TIBBO
  +--> ?PR?_DEBUGBUFFERMF?TIBBO

?PR?_DISPARO_LOCK_ENTRADA_VEHICULO?VE...         -----    -----      -----    -----      0002H    0004H
  +--> ?CO?VERIFICADOR
  +--> ?PR?_DEBUG_TXT_TIBBO?TIBBO
  +--> ?PR?_PANTALLALCD?PANTALLAS
  +--> ?PR?_SEND_PORTERR?PTO_PARALELO
  +--> ?PR?_PANTALLALCD_LINEA_2?PANTALLAS
  +--> ?PR?VALIDA_SENSOR1_AUTO?IO_SENSORES

?PR?_PANTALLALCD_LINEA_2?PANTALLAS               -----    -----      -----    -----      0010H    000DH
  +--> ?CO?PANTALLAS
  +--> ?PR?_INIT_MEMPOOL?INIT_MEM
  +--> ?PR?_MALLOC?MALLOC
  +--> ?PR?_LCD_TXT?PANTALLAS
  +--> ?PR?_STRLEN?STRLEN
  +--> ?PR?_TX_CHRLCD?PANTALLAS
  +--> ?PR?_RASPBERRY_DATA?PANTALLAS
  +--> ?PR?LEE_NO_TICKET?EEPROM
  +--> ?PR?_STRCAT?STRCAT
  +--> ?PR?_FREE?FREE

?PR?_RESPUESTA_SEGUNDA_CLAVE?VERIFICADOR         -----    -----      -----    -----      0002H    0006H
  +--> ?CO?VERIFICADOR
  +--> ?PR?_DEBUG_TXT_TIBBO?TIBBO
  +--> ?PR?_DEBUGBUFFERMF?TIBBO
  +--> ?PR?_ARMAR_TRAMA_PLACA?VERIFICADOR

?PR?_ARMAR_TRAMA_PLACA?VERIFICADOR               -----    -----      -----    -----      0008H    0003H

BL51 BANKED LINKER/LOCATER V6.22.2.0                                                  10/20/2020  16:33:57  PAGE 22


?PR?ANALIZA_PRESENCIA_MENSUAL?VERIFIC...         -----    -----      -----    -----      0002H    0001H
  +--> ?PR?VALIDASENSORESPASO?IO_SENSORES
  +--> ?PR?_SEND_PORTERR?PTO_PARALELO
  +--> ?PR?_PANTALLALCD?PANTALLAS

?PR?_ANALIZA_UID_CARD?VERIFICADOR                -----    -----      -----    -----      0002H    0015H
  +--> ?CO?VERIFICADOR
  +--> ?PR?_DEBUG_TXT_TIBBO?TIBBO
  +--> ?PR?_DEBUGBUFFERMF?TIBBO
  +--> ?PR?_DEBUG_CHR_TIBBO?TIBBO

?PR?ANALIZA_PRESENCIA_ROTACION?VERIFI...         -----    -----      -----    -----      0002H    0001H
  +--> ?PR?VALIDASENSORESPASO?IO_SENSORES
  +--> ?PR?_SEND_PORTERR?PTO_PARALELO
  +--> ?PR?_PANTALLALCD?PANTALLAS

?PR?_RECIBE_PORT?PTO_PARALELO                    -----    -----      -----    -----      0001H    0008H
  +--> ?PR?OFF_TIMER0_INTERRUP?MAIN
  +--> ?PR?ON_TIMER0_INTERRUP?MAIN

?PR?_DEBUG_PTO_PARALELO?TIBBO                    -----    -----      -----    -----      0001H    0004H
  +--> ?PR?DEBUG_DIVIDIR_TEXTO?TIBBO
  +--> ?CO?TIBBO
  +--> ?PR?_DEBUG_TXT_TIBBO?TIBBO
  +--> ?PR?_DEBUGBUFFERMF?TIBBO

?PR?_VALIDA_TRAMA_PTO?ACCESCAN                   -----    -----      -----    -----      0001H    000FH
  +--> ?PR?_VALIDAR_CLK?CLOCK
  +--> ?PR?_BLOCK_WRITE_CLOCK_ASCII?CLOCK
  +--> ?PR?RELOJ_PANTALLA_LCD?PANTALLAS
  +--> ?PR?_PANTALLALCD?PANTALLAS
  +--> ?CO?ACCESCAN
  +--> ?PR?_DEBUG_TXT_TIBBO?TIBBO
  +--> ?PR?_BYTEHEX_DECIMAL?CLOCK
  +--> ?PR?_TWO_BYTEHEX_DECIMAL?CLOCK
  +--> ?PR?VALIDASENSORESPASO?IO_SENSORES
  +--> ?PR?_CMD_LPR_SALIDA_WIEGAND?ACCESCAN
  +--> ?PR?_PANTALLALCD_LINEA_2?PANTALLAS
  +--> ?PR?_GRABA_SERIE?EEPROM

?PR?_BLOCK_WRITE_CLOCK_ASCII?CLOCK               -----    -----      -----    -----      0010H    0003H
  +--> ?PR?_TWO_ONE?CLOCK
  +--> ?PR?_WR_CLK?CLOCK

?PR?_WR_CLK?CLOCK                                -----    -----      -----    -----      0013H    0002H
  +--> ?PR?_DELAY_20US?DELAY
  +--> ?PR?_EB_CLK?CLOCK

?PR?RELOJ_PANTALLA_LCD?PANTALLAS                 -----    -----      -----    -----      0010H    000DH
  +--> ?CO?PANTALLAS
  +--> ?PR?_BLOCK_READ_CLOCK?CLOCK
  +--> ?PR?_LCD_TXT_NUM_CHAR?PANTALLAS

?PR?_BLOCK_READ_CLOCK?CLOCK                      -----    -----      -----    -----      001DH    0003H
  +--> ?PR?_LEE_CLK?CLOCK

?PR?_LCD_TXT_NUM_CHAR?PANTALLAS                  -----    -----      -----    -----      001DH    0006H
BL51 BANKED LINKER/LOCATER V6.22.2.0                                                  10/20/2020  16:33:57  PAGE 23


  +--> ?PR?_TX_CHRLCD?PANTALLAS

?PR?_CMD_LPR_SALIDA_WIEGAND?ACCESCAN             -----    -----      -----    -----      0010H    0022H
  +--> ?PR?DIR_BOARD?IO_SENSORES
  +--> ?PR?_BLOCK_READ_CLOCK_ASCII?CLOCK
  +--> ?PR?_MONITOR_CHR?ACCESCAN

?PR?_MONITOR_CHR?ACCESCAN                        -----    -----      -----    -----      0032H    0005H
  +--> ?PR?_TX_AUX?TIBBO

?PR?_GRABA_SERIE?EEPROM                          -----    -----      -----    -----      0010H    0005H
  +--> ?CO?EEPROM
  +--> ?PR?_DEBUG_TXT_TIBBO?TIBBO
  +--> ?PR?_WRITE_EEPROM_TICKET?EEPROM
  +--> ?PR?_WR_EEPROM?EEPROM

?PR?MSJ_LCD_INFORMATIVO?IO_SENSORES              -----    -----      -----    -----      0001H    0001H
  +--> ?PR?SEL_FUNCION?IO_SENSORES
  +--> ?PR?LOAD_AND_SEND_INFO_RELOJ?PTO_PARA...
  +--> ?PR?LOAD_AND_SEND_ID_COD?PTO_PARALELO
  +--> ?PR?_RD_EEPROM?EEPROM
  +--> ?PR?_SEND_PORTERR?PTO_PARALELO

?PR?LOAD_AND_SEND_INFO_RELOJ?PTO_PARA...         -----    -----      -----    -----      0002H    000BH
  +--> ?PR?_BLOCK_READ_CLOCK?CLOCK
  +--> ?PR?_LEE_CLK?CLOCK
  +--> ?PR?_SEND_PORT?PTO_PARALELO

?PR?LOAD_AND_SEND_ID_COD?PTO_PARALELO            -----    -----      -----    -----      0002H    0013H
  +--> ?PR?_RD_EEPROM?EEPROM
  +--> ?CO?PTO_PARALELO
  +--> ?PR?PRINTF?PRINTF
  +--> ?PR?_SEND_PORT?PTO_PARALELO



SYMBOL TABLE OF MODULE:  .\Objects\expedidor_v_01_raspberry (MAIN)

  VALUE           TYPE          NAME
  ----------------------------------

  -------         MODULE        MAIN
  C:0000H         SYMBOL        _ICE_DUMMY_
  D:0080H         PUBLIC        P0
  D:0090H         PUBLIC        P1
  C:B066H         PUBLIC        timer0_int
  D:00B0H         PUBLIC        P3
  B:00A8H.7       PUBLIC        EA
  C:B479H         PUBLIC        off_Timer0_Interrup
  X:016AH         PUBLIC        ValTimeOutCom
  X:016BH         PUBLIC        Buffer_Rta_Lintech
  X:019DH         PUBLIC        Timer_wait
  X:019EH         PUBLIC        g_cContByteRx
  B:0080H.0       PUBLIC        rx_ip
  B:0080H.3       PUBLIC        Atascado
  C:9FD9H         PUBLIC        main
  X:019FH         PUBLIC        Timer_tivo
BL51 BANKED LINKER/LOCATER V6.22.2.0                                                  10/20/2020  16:33:57  PAGE 24


  C:A7F2H         PUBLIC        variable_inicio
  B:0090H.7       PUBLIC        lock
  I:0022H         PUBLIC        rbuf
  C:B46AH         PUBLIC        on_Timer0_Interrup
  I:0054H         PUBLIC        tbuf
  B:0090H.1       PUBLIC        DataIn
  D:0089H         PUBLIC        TMOD
  X:01A1H         PUBLIC        USE_LPR
  X:01A2H         PUBLIC        Debug_Tibbo
  X:01A3H         PUBLIC        Raspberry
  X:01A4H         PUBLIC        SIN_COBRO
  X:01A6H         PUBLIC        Tipo_Vehiculo
  B:00B0H.3       PUBLIC        busy
  C:B3D5H         PUBLIC        ini_timer
  B:00A8H.1       PUBLIC        ET0
  B:0088H.5       PUBLIC        TF0
  D:008CH         PUBLIC        TH0
  X:01A7H         PUBLIC        ACK
  X:01A8H         PUBLIC        g_cEstadoComSoft
  D:008AH         PUBLIC        TL0
  B:0088H.4       PUBLIC        TR0
  C:B3E5H         PUBLIC        inicia_board
  X:01A9H         PUBLIC        T_GRACIA
  B:0080H.7       PUBLIC        sel_com
  X:01ABH         PUBLIC        STX_LINTECH
  C:B404H         PUBLIC        _getkey
  X:01ACH         PUBLIC        ETX
  C:AA42H         PUBLIC        _EscribirCadenaSoft_buffer
  B:0021H.1       PUBLIC        buffer_ready
  C:ACDEH         PUBLIC        _putchar
  B:0021H.2       PUBLIC        placa_ready
  -------         PROC          TIMER0_INT
  C:B066H         LINE#         16
  C:B06CH         LINE#         19
  C:B072H         LINE#         20
  C:B077H         LINE#         21
  C:B077H         LINE#         22
  C:B07DH         LINE#         23
  C:B07DH         LINE#         25
  C:B08BH         LINE#         26
  C:B08DH         LINE#         28
  -------         ENDPROC       TIMER0_INT
  -------         PROC          INI_TIMER
  C:B3D5H         LINE#         31
  C:B3D5H         LINE#         32
  C:B3D5H         LINE#         34
  C:B3DDH         LINE#         36
  C:B3E0H         LINE#         37
  C:B3E2H         LINE#         38
  C:B3E4H         LINE#         40
  -------         ENDPROC       INI_TIMER
  -------         PROC          ON_TIMER0_INTERRUP
  C:B46AH         LINE#         43
  C:B46AH         LINE#         44
  C:B46AH         LINE#         45
  C:B46CH         LINE#         46
  C:B46EH         LINE#         48
BL51 BANKED LINKER/LOCATER V6.22.2.0                                                  10/20/2020  16:33:57  PAGE 25


  -------         ENDPROC       ON_TIMER0_INTERRUP
  -------         PROC          OFF_TIMER0_INTERRUP
  C:B479H         LINE#         51
  C:B479H         LINE#         52
  C:B479H         LINE#         53
  C:B47BH         LINE#         55
  -------         ENDPROC       OFF_TIMER0_INTERRUP
  -------         PROC          _GETKEY
  -------         DO            
  D:0006H         SYMBOL        k
  -------         ENDDO         
  C:B404H         LINE#         63
  C:B404H         LINE#         64
  C:B404H         LINE#         68
  C:B404H         LINE#         69
  C:B407H         LINE#         70
  C:B407H         LINE#         71
  C:B40FH         LINE#         73
  C:B40FH         LINE#         74
  -------         ENDPROC       _GETKEY
  -------         PROC          _PUTCHAR
  X:00A7H         SYMBOL        c
  -------         DO            
  X:00A8H         SYMBOL        i
  -------         ENDDO         
  C:ACDEH         LINE#         78
  C:ACE3H         LINE#         79
  C:ACE3H         LINE#         82
  C:ACF2H         LINE#         83
  C:ACF2H         LINE#         84
  C:AD08H         LINE#         85
  C:AD08H         LINE#         87
  C:AD16H         LINE#         88
  C:AD16H         LINE#         90
  C:AD1BH         LINE#         91
  -------         ENDPROC       _PUTCHAR
  -------         PROC          _ESCRIBIRCADENASOFT_BUFFER
  X:0027H         SYMBOL        buffer
  X:002AH         SYMBOL        tamano_cadena
  -------         DO            
  X:002BH         SYMBOL        i
  X:002CH         SYMBOL        d
  -------         ENDDO         
  C:AA42H         LINE#         95
  C:AA50H         LINE#         96
  C:AA50H         LINE#         98
  C:AA5EH         LINE#         99
  C:AA5EH         LINE#         100
  C:AA75H         LINE#         101
  C:AA7FH         LINE#         102
  C:AA87H         LINE#         103
  -------         ENDPROC       _ESCRIBIRCADENASOFT_BUFFER
  -------         PROC          INICIA_BOARD
  C:B3E5H         LINE#         108
  C:B3E5H         LINE#         109
  C:B3E5H         LINE#         110
  C:B3E8H         LINE#         111
BL51 BANKED LINKER/LOCATER V6.22.2.0                                                  10/20/2020  16:33:57  PAGE 26


  C:B3EBH         LINE#         112
  C:B3EEH         LINE#         113
  C:B3F0H         LINE#         114
  C:B3F2H         LINE#         115
  C:B3F4H         LINE#         117
  -------         ENDPROC       INICIA_BOARD
  -------         PROC          VARIABLE_INICIO
  C:A7F2H         LINE#         122
  C:A7F2H         LINE#         123
  C:A7F2H         LINE#         126
  C:A803H         LINE#         127
  C:A814H         LINE#         128
  C:A822H         LINE#         129
  C:A830H         LINE#         130
  C:A83EH         LINE#         132
  -------         ENDPROC       VARIABLE_INICIO
  -------         PROC          MAIN
  -------         DO            
  X:0141H         SYMBOL        buffer
  X:0169H         SYMBOL        Estado_Comunicacion_Secuencia_MF
  X:0000H         SYMBOL        Length_trama
  -------         ENDDO         
  C:9FD9H         LINE#         140
  C:9FD9H         LINE#         141
  C:9FD9H         LINE#         148
  C:9FDCH         LINE#         149
  C:9FDFH         LINE#         150
  C:9FE2H         LINE#         151
  C:9FE5H         LINE#         152
  C:9FE8H         LINE#         153
  C:9FEAH         LINE#         155
  C:9FEDH         LINE#         156
  C:9FF4H         LINE#         157
  C:9FF7H         LINE#         159
  C:9FFCH         LINE#         161
  C:9FFFH         LINE#         163
  C:A002H         LINE#         164
  C:A002H         LINE#         165
  C:A005H         LINE#         166
  C:A005H         LINE#         169
  C:A008H         LINE#         170
  C:A00EH         LINE#         171
  C:A014H         LINE#         173
  C:A014H         LINE#         174
  C:A014H         LINE#         177
  C:A017H         LINE#         178
  C:A017H         LINE#         179
  C:A01AH         LINE#         180
  C:A01AH         LINE#         184
  C:A027H         LINE#         189
  C:A02AH         LINE#         190
  C:A02AH         LINE#         192
  C:A039H         LINE#         194
  C:A042H         LINE#         196
  C:A050H         LINE#         198
  C:A050H         LINE#         199
  C:A053H         LINE#         203
BL51 BANKED LINKER/LOCATER V6.22.2.0                                                  10/20/2020  16:33:57  PAGE 27


  -------         ENDPROC       MAIN
  -------         ENDMOD        MAIN

  -------         MODULE        ACCESCAN
  C:0000H         SYMBOL        _ICE_DUMMY_
  D:0080H         PUBLIC        P0
  D:0090H         PUBLIC        P1
  B:0080H.2       PUBLIC        led_err_imp
  C:ABDDH         PUBLIC        _Monitor_chr
  B:0080H.3       PUBLIC        Atascado
  B:0090H.7       PUBLIC        lock
  C:3F34H         PUBLIC        _Valida_Trama_Pto
  C:7EF9H         PUBLIC        _Cmd_LPR_Salida_wiegand
  -------         PROC          _VALIDA_TRAMA_PTO
  X:0001H         SYMBOL        buffer
  X:0004H         SYMBOL        length_trama
  -------         DO            
  X:0267H         SYMBOL        cont
  X:0005H         SYMBOL        buff
  -------         ENDDO         
  C:3F34H         LINE#         85
  C:3F42H         LINE#         86
  C:3F42H         LINE#         92
  C:3F78H         LINE#         93
  C:3F78H         LINE#         94
  C:3F8DH         LINE#         95
  C:3F8DH         LINE#         96
  C:3FA0H         LINE#         98
  C:3FA3H         LINE#         100
  C:3FA3H         LINE#         102
  C:3FA3H         LINE#         104
  C:3FB5H         LINE#         105
  C:3FB5H         LINE#         106
  C:3FBBH         LINE#         107
  C:3FC8H         LINE#         108
  C:3FC8H         LINE#         109
  C:3FCDH         LINE#         110
  C:3FCFH         LINE#         111
  C:3FD4H         LINE#         112
  C:3FD6H         LINE#         113
  C:3FD8H         LINE#         114
  C:3FDCH         LINE#         115
  C:3FDCH         LINE#         116
  C:3FDDH         LINE#         118
  C:3FF5H         LINE#         119
  C:3FF5H         LINE#         121
  C:4002H         LINE#         122
  C:4002H         LINE#         123
  C:4004H         LINE#         124
  C:4006H         LINE#         125
  C:4008H         LINE#         126
  C:400AH         LINE#         127
  C:400AH         LINE#         129
  C:4030H         LINE#         130
  C:4030H         LINE#         131
  C:4034H         LINE#         132
  C:4039H         LINE#         133
BL51 BANKED LINKER/LOCATER V6.22.2.0                                                  10/20/2020  16:33:57  PAGE 28


  C:4042H         LINE#         134
  C:4047H         LINE#         135
  C:4047H         LINE#         138
  C:4048H         LINE#         141
  C:405AH         LINE#         142
  C:405AH         LINE#         143
  C:405CH         LINE#         144
  C:405FH         LINE#         146
  C:4071H         LINE#         147
  C:4071H         LINE#         148
  C:4073H         LINE#         149
  C:4076H         LINE#         151
  C:4090H         LINE#         152
  C:4090H         LINE#         153
  C:4092H         LINE#         154
  C:4095H         LINE#         157
  C:40AFH         LINE#         158
  C:40AFH         LINE#         159
  C:40B1H         LINE#         160
  C:40B3H         LINE#         163
  C:40CDH         LINE#         164
  C:40CDH         LINE#         165
  C:40CFH         LINE#         166
  C:40D1H         LINE#         170
  C:40EBH         LINE#         171
  C:40EBH         LINE#         172
  C:40EDH         LINE#         173
  C:40EFH         LINE#         176
  C:4109H         LINE#         177
  C:4109H         LINE#         178
  C:410BH         LINE#         179
  C:410DH         LINE#         181
  C:4127H         LINE#         182
  C:4127H         LINE#         183
  C:412CH         LINE#         184
  C:412CH         LINE#         186
  C:415CH         LINE#         187
  C:415CH         LINE#         188
  C:416AH         LINE#         189
  C:416DH         LINE#         192
  C:41B0H         LINE#         193
  C:41B0H         LINE#         195
  C:41C5H         LINE#         196
  C:41CBH         LINE#         197
  C:41F5H         LINE#         200
  C:41FDH         LINE#         201
  C:41FDH         LINE#         204
  C:4204H         LINE#         205
  C:4204H         LINE#         206
  C:4209H         LINE#         207
  C:4209H         LINE#         208
  C:420BH         LINE#         210
  C:420BH         LINE#         211
  C:4214H         LINE#         212
  C:421CH         LINE#         213
  C:421CH         LINE#         218
  C:421EH         LINE#         221
BL51 BANKED LINKER/LOCATER V6.22.2.0                                                  10/20/2020  16:33:57  PAGE 29


  C:421EH         LINE#         224
  C:4225H         LINE#         225
  C:4225H         LINE#         226
  C:422AH         LINE#         227
  C:422AH         LINE#         228
  C:4235H         LINE#         232
  C:4235H         LINE#         233
  C:4235H         LINE#         235
  C:4262H         LINE#         236
  C:4262H         LINE#         237
  C:4271H         LINE#         239
  C:4271H         LINE#         241
  -------         ENDPROC       _VALIDA_TRAMA_PTO
  -------         PROC          _MONITOR_CHR
  X:0032H         SYMBOL        str
  X:0035H         SYMBOL        num_char
  -------         DO            
  X:0036H         SYMBOL        j
  -------         ENDDO         
  C:ABDDH         LINE#         396
  C:ABEBH         LINE#         397
  C:ABEBH         LINE#         399
  C:ABF9H         LINE#         400
  C:ABF9H         LINE#         401
  C:AC0BH         LINE#         402
  C:AC15H         LINE#         403
  C:AC1DH         LINE#         404
  -------         ENDPROC       _MONITOR_CHR
  -------         PROC          _CMD_LPR_SALIDA_WIEGAND
  X:0010H         SYMBOL        buffer
  -------         DO            
  X:0013H         SYMBOL        Buffer_Lpr
  X:0031H         SYMBOL        j
  -------         ENDDO         
  C:7EF9H         LINE#         409
  C:7F04H         LINE#         410
  C:7F04H         LINE#         412
  C:7F0AH         LINE#         413
  C:7F0FH         LINE#         414
  C:7F17H         LINE#         415
  C:7F1BH         LINE#         416
  C:7F24H         LINE#         417
  C:7F24H         LINE#         418
  C:7F35H         LINE#         419
  C:7F37H         LINE#         421
  C:7F37H         LINE#         422
  C:7F48H         LINE#         423
  C:7F48H         LINE#         427
  C:7F5FH         LINE#         428
  C:7F5FH         LINE#         429
  C:7F6EH         LINE#         430
  C:7F78H         LINE#         432
  C:7F80H         LINE#         433
  C:7F94H         LINE#         435
  C:7FA4H         LINE#         436
  C:7FB5H         LINE#         437
  C:7FC2H         LINE#         441
BL51 BANKED LINKER/LOCATER V6.22.2.0                                                  10/20/2020  16:33:57  PAGE 30


  -------         ENDPROC       _CMD_LPR_SALIDA_WIEGAND
  -------         ENDMOD        ACCESCAN

  -------         MODULE        CLOCK
  C:0000H         SYMBOL        _ICE_DUMMY_
  C:AC52H         PUBLIC        _two_one
  D:0090H         PUBLIC        P1
  C:6D93H         PUBLIC        _validar_clk
  C:B0EAH         PUBLIC        _wr_clk
  C:84A0H         PUBLIC        _check_fechaOut
  B:00D0H.7       PUBLIC        CY
  C:0003H         PUBLIC        p_ck
  C:95B8H         PUBLIC        _hex_ascii
  X:0268H         PUBLIC        data_clk
  C:B42CH         PUBLIC        cond_ini_clock
  C:8569H         PUBLIC        _Block_read_Clock
  B:0090H.4       PUBLIC        sck
  C:903FH         PUBLIC        _Block_read_Clock_Hex
  C:5B27H         PUBLIC        _Block_read_clock_ascii
  C:AD38H         PUBLIC        _hex_bcd
  C:B2BEH         PUBLIC        _bcd_hex
  C:A58AH         PUBLIC        _ByteHex_Decimal
  C:96E4H         PUBLIC        _lee_clk
  B:0090H.5       PUBLIC        io
  C:97FAH         PUBLIC        _Block_write_clock_ascii
  B:0090H.6       PUBLIC        rst
  C:AC9FH         PUBLIC        _eb_clk
  C:4272H         PUBLIC        _Two_ByteHex_Decimal
  -------         PROC          P_CK
  C:0003H         LINE#         48
  C:0003H         LINE#         49
  C:0003H         LINE#         50
  C:0005H         LINE#         51
  C:0008H         LINE#         52
  C:000AH         LINE#         53
  -------         ENDPROC       P_CK
  -------         PROC          _EB_CLK
  X:00B4H         SYMBOL        dir_clk
  -------         DO            
  X:00B5H         SYMBOL        nbits
  -------         ENDDO         
  C:AC9FH         LINE#         55
  C:ACA4H         LINE#         57
  C:ACA9H         LINE#         58
  C:ACA9H         LINE#         59
  C:ACB2H         LINE#         60
  C:ACB5H         LINE#         61
  C:ACB5H         LINE#         62
  C:ACB7H         LINE#         63
  C:ACB9H         LINE#         65
  C:ACB9H         LINE#         66
  C:ACBBH         LINE#         67
  C:ACBBH         LINE#         68
  C:ACBEH         LINE#         69
  C:ACDDH         LINE#         70
  -------         ENDPROC       _EB_CLK
  C:96DAH         SYMBOL        L?0082
BL51 BANKED LINKER/LOCATER V6.22.2.0                                                  10/20/2020  16:33:57  PAGE 31


  -------         PROC          L?0081
  -------         ENDPROC       L?0081
  C:96DAH         SYMBOL        L?0082
  -------         PROC          _LEE_CLK
  X:00B1H         SYMBOL        dir_clk
  -------         DO            
  X:00B2H         SYMBOL        nbits
  -------         ENDDO         
  C:96E4H         LINE#         72
  C:96E9H         LINE#         74
  C:96EBH         LINE#         75
  C:96F2H         LINE#         76
  C:96FAH         LINE#         77
  C:9713H         LINE#         78
  C:9713H         LINE#         79
  C:9716H         LINE#         80
  C:9716H         LINE#         81
  C:971DH         LINE#         82
  C:9727H         LINE#         83
  C:972CH         LINE#         84
  C:972CH         LINE#         85
  C:972CH         LINE#         86
  C:972FH         LINE#         87
  C:972FH         LINE#         88
  C:9736H         LINE#         89
  C:9747H         LINE#         90
  C:9747H         LINE#         91
  C:974FH         LINE#         92
  C:974FH         LINE#         93
  C:974FH         LINE#         94
  C:9752H         LINE#         95
  C:9762H         LINE#         96
  C:9764H         LINE#         97
  C:9769H         LINE#         98
  -------         ENDPROC       _LEE_CLK
  -------         PROC          _WR_CLK
  X:0013H         SYMBOL        dir_clk
  X:0014H         SYMBOL        byte
  C:B0EAH         LINE#         100
  C:B0F2H         LINE#         101
  C:B0F4H         LINE#         102
  C:B0FBH         LINE#         103
  C:B103H         LINE#         104
  C:B10CH         LINE#         105
  C:B10FH         LINE#         106
  C:B111H         LINE#         108
  -------         ENDPROC       _WR_CLK
[...]


  C:6550H         LINE#         2175
  C:6550H         LINE#         2176
  C:6557H         LINE#         2177
  C:655DH         LINE#         2178
  C:655DH         LINE#         2179
  C:655FH         LINE#         2181
  C:655FH         LINE#         2182
  C:6568H         LINE#         2183
  C:657CH         LINE#         2184
  C:6581H         LINE#         2185
  C:6581H         LINE#         2187
  C:6583H         LINE#         2188
  C:6583H         LINE#         2194
  C:6583H         LINE#         2196
  C:6589H         LINE#         2197
  C:6589H         LINE#         2200
  C:6589H         LINE#         2201
  C:6590H         LINE#         2202
  C:6590H         LINE#         2203
  C:6590H         LINE#         2204
  -------         ENDPROC       SECUENCIA_INICIO_EXPEDIDOR
  -------         PROC          _SECUENCIAEXPEDIDORMF
  X:0001H         SYMBOL        EstadoActivo
  -------         DO            
  X:010BH         SYMBOL        Buffer_Write_MF
  X:011CH         SYMBOL        Atributos_Expedidor
  X:012BH         SYMBOL        Secuencia_Expedidor
  X:012FH         SYMBOL        Nombre_Mensual
  -------         ENDDO         
  C:37B1H         LINE#         2214
  C:37B6H         LINE#         2215
  C:37B6H         LINE#         2221
  C:380DH         LINE#         2222
  C:380DH         LINE#         2225
  C:380DH         LINE#         2227
  C:3823H         LINE#         2228
  C:3823H         LINE#         2229
  C:3825H         LINE#         2230
  C:3827H         LINE#         2231
  C:382CH         LINE#         2232
  C:3834H         LINE#         2233
  C:3839H         LINE#         2234
  C:3839H         LINE#         2235
  C:383CH         LINE#         2236
  C:383CH         LINE#         2238
  C:3845H         LINE#         2239
  C:3848H         LINE#         2240
  C:3848H         LINE#         2241
  C:384DH         LINE#         2242
  C:386DH         LINE#         2243
  C:3870H         LINE#         2244
  C:3870H         LINE#         2245
  C:3875H         LINE#         2246
  C:387DH         LINE#         2247
  C:3883H         LINE#         2248
  C:3886H         LINE#         2249
  C:3886H         LINE#         2250
BL51 BANKED LINKER/LOCATER V6.22.2.0                                                  10/20/2020  16:33:57  PAGE 126


  C:3889H         LINE#         2251
  C:3891H         LINE#         2252
  C:3897H         LINE#         2253
  C:389AH         LINE#         2254
  C:389AH         LINE#         2255
  C:389DH         LINE#         2256
  C:38C2H         LINE#         2257
  C:38C8H         LINE#         2258
  C:38CAH         LINE#         2259
  C:38CDH         LINE#         2260
  C:38CDH         LINE#         2261
  C:38D8H         LINE#         2262
  C:38E0H         LINE#         2263
  C:38E6H         LINE#         2264
  C:38E9H         LINE#         2265
  C:38E9H         LINE#         2266
  C:38FAH         LINE#         2267
  C:3902H         LINE#         2268
  C:3908H         LINE#         2269
  C:390BH         LINE#         2270
  C:390BH         LINE#         2271
  C:3910H         LINE#         2272
  C:392EH         LINE#         2273
  C:3931H         LINE#         2274
  C:3931H         LINE#         2275
  C:3936H         LINE#         2276
  C:3956H         LINE#         2277
  C:3959H         LINE#         2278
  C:3959H         LINE#         2279
  C:395EH         LINE#         2280
  C:3960H         LINE#         2281
  C:397EH         LINE#         2282
  C:3981H         LINE#         2283
  C:3981H         LINE#         2284
  C:3986H         LINE#         2285
  C:39A6H         LINE#         2286
  C:39A9H         LINE#         2287
  C:39A9H         LINE#         2288
  C:39AEH         LINE#         2289
  C:39B6H         LINE#         2290
  C:39BCH         LINE#         2291
  C:39BFH         LINE#         2292
  C:39BFH         LINE#         2293
  C:39C2H         LINE#         2294
  C:39E2H         LINE#         2295
  C:39E5H         LINE#         2296
  C:39E5H         LINE#         2297
  C:39E7H         LINE#         2298
  C:39EAH         LINE#         2299
  C:39EDH         LINE#         2300
  C:39EDH         LINE#         2301
  C:39F6H         LINE#         2303
  C:39F9H         LINE#         2304
  C:39F9H         LINE#         2305
  C:3A07H         LINE#         2306
  C:3A0AH         LINE#         2307
  C:3A0AH         LINE#         2308
BL51 BANKED LINKER/LOCATER V6.22.2.0                                                  10/20/2020  16:33:57  PAGE 127


  C:3A0DH         LINE#         2309
  C:3A15H         LINE#         2310
  C:3A1BH         LINE#         2311
  C:3A1EH         LINE#         2312
  C:3A1EH         LINE#         2313
  C:3A27H         LINE#         2314
  C:3A2AH         LINE#         2315
  C:3A2AH         LINE#         2316
  C:3A41H         LINE#         2317
  C:3A44H         LINE#         2318
  C:3A44H         LINE#         2319
  C:3A49H         LINE#         2320
  C:3A51H         LINE#         2321
  C:3A57H         LINE#         2322
  C:3A5AH         LINE#         2323
  C:3A5AH         LINE#         2324
  C:3A5DH         LINE#         2325
  C:3A7DH         LINE#         2326
  C:3A80H         LINE#         2327
  C:3A80H         LINE#         2328
  C:3A83H         LINE#         2329
  C:3AA3H         LINE#         2330
  C:3AA6H         LINE#         2334
  C:3AA6H         LINE#         2335
  C:3AACH         LINE#         2336
  C:3AB2H         LINE#         2337
  C:3AB2H         LINE#         2338
  C:3AB5H         LINE#         2340
  C:3AB8H         LINE#         2341
  C:3AC0H         LINE#         2342
  C:3AC0H         LINE#         2344
  C:3AC3H         LINE#         2345
  C:3AC6H         LINE#         2346
  C:3ACEH         LINE#         2347
  C:3ACEH         LINE#         2348
  C:3ADCH         LINE#         2349
  C:3ADCH         LINE#         2350
  C:3AE5H         LINE#         2351
  C:3AE8H         LINE#         2352
  C:3AF4H         LINE#         2353
  C:3AF4H         LINE#         2354
  C:3AFDH         LINE#         2355
  C:3B00H         LINE#         2357
  C:3B00H         LINE#         2358
  C:3B09H         LINE#         2359
  C:3B09H         LINE#         2360
  C:3B0CH         LINE#         2361
  C:3B14H         LINE#         2362
  C:3B14H         LINE#         2363
  C:3B22H         LINE#         2364
  C:3B22H         LINE#         2365
  C:3B38H         LINE#         2366
  C:3B3BH         LINE#         2367
  C:3B47H         LINE#         2368
  C:3B47H         LINE#         2369
  C:3B50H         LINE#         2370
  C:3B52H         LINE#         2372
BL51 BANKED LINKER/LOCATER V6.22.2.0                                                  10/20/2020  16:33:57  PAGE 128


  C:3B52H         LINE#         2373
  C:3B5BH         LINE#         2374
  C:3B5BH         LINE#         2375
  C:3B5DH         LINE#         2376
  C:3B65H         LINE#         2377
  C:3B65H         LINE#         2378
  C:3B6EH         LINE#         2379
  C:3B70H         LINE#         2380
  C:3B78H         LINE#         2381
  C:3B78H         LINE#         2382
  C:3B8EH         LINE#         2383
  C:3B90H         LINE#         2384
  C:3B98H         LINE#         2385
  C:3B98H         LINE#         2386
  C:3B9BH         LINE#         2387
  C:3B9DH         LINE#         2389
  C:3BA5H         LINE#         2390
  C:3BA5H         LINE#         2391
  C:3BAEH         LINE#         2392
  C:3BB0H         LINE#         2395
  C:3BB8H         LINE#         2396
  C:3BB8H         LINE#         2397
  C:3BC0H         LINE#         2398
  C:3BC2H         LINE#         2400
  C:3BC2H         LINE#         2401
  C:3BCBH         LINE#         2402
  C:3BCBH         LINE#         2403
  C:3BCDH         LINE#         2404
  C:3BCDH         LINE#         2405
  C:3BD2H         LINE#         2406
  C:3BD2H         LINE#         2408
  C:3BD2H         LINE#         2409
  C:3BD7H         LINE#         2410
  -------         ENDPROC       _SECUENCIAEXPEDIDORMF
  -------         ENDMOD        VERIFICADOR

  -------         MODULE        MONITOR
  C:0000H         SYMBOL        _ICE_DUMMY_
  D:0080H         PUBLIC        P0
  D:0090H         PUBLIC        P1
  I:0011H         PUBLIC        placa
  C:B1D5H         PUBLIC        Rx_Monitor
  B:0080H.0       PUBLIC        rx_ip
  B:0090H.7       PUBLIC        lock
  C:8876H         PUBLIC        _recibe_cmd_Monitor
  C:B2F7H         PUBLIC        clear_placa
  C:9523H         PUBLIC        _Valida_Trama_Monitor
  -------         PROC          _RECIBE_CMD_MONITOR
  X:0014H         SYMBOL        buffer_cmd
  -------         DO            
  X:0017H         SYMBOL        j
  X:0018H         SYMBOL        NumDatos
  X:0019H         SYMBOL        time_out
  X:001AH         SYMBOL        MaxChrRx
  X:001BH         SYMBOL        contador
  -------         ENDDO         
  C:8876H         LINE#         44
BL51 BANKED LINKER/LOCATER V6.22.2.0                                                  10/20/2020  16:33:57  PAGE 129


  C:8881H         LINE#         45
  C:8881H         LINE#         49
  C:8886H         LINE#         50
  C:888CH         LINE#         52
  C:8897H         LINE#         53
  C:8897H         LINE#         54
  C:88A8H         LINE#         55
  C:88A8H         LINE#         56
  C:88AFH         LINE#         57
  C:88B3H         LINE#         58
  C:88BCH         LINE#         59
  C:88BCH         LINE#         60
  C:88CAH         LINE#         61
  C:88E1H         LINE#         62
  C:88E1H         LINE#         63
  C:88E7H         LINE#         64
  C:88EDH         LINE#         65
  C:88EDH         LINE#         66
  C:88EFH         LINE#         67
  C:88F7H         LINE#         68
  C:88FDH         LINE#         69
  C:890FH         LINE#         70
  C:8919H         LINE#         71
  C:8922H         LINE#         73
  C:8931H         LINE#         76
  C:8931H         LINE#         77
  C:8936H         LINE#         78
  -------         ENDPROC       _RECIBE_CMD_MONITOR
  -------         PROC          _VALIDA_TRAMA_MONITOR
  X:0014H         SYMBOL        buffer
  D:0005H         SYMBOL        length_trama
  -------         DO            
  D:0007H         SYMBOL        j
  D:0006H         SYMBOL        p
  -------         ENDDO         
  C:9523H         LINE#         83
  C:952EH         LINE#         84
  C:952EH         LINE#         85
  C:9530H         LINE#         86
  C:9532H         LINE#         87
  C:9532H         LINE#         88
  C:9550H         LINE#         89
  C:9550H         LINE#         90
  C:9552H         LINE#         91
  C:9557H         LINE#         92
  C:9558H         LINE#         93
  C:956DH         LINE#         94
  C:956DH         LINE#         97
  C:956DH         LINE#         98
  C:9587H         LINE#         99
  C:9588H         LINE#         100
  C:9589H         LINE#         101
  C:9595H         LINE#         102
  C:95A9H         LINE#         103
  C:95AFH         LINE#         104
  C:95B1H         LINE#         105
  C:95B7H         LINE#         108
BL51 BANKED LINKER/LOCATER V6.22.2.0                                                  10/20/2020  16:33:57  PAGE 130


  C:95B7H         LINE#         109
  C:95B7H         LINE#         110
  C:95B7H         LINE#         112
  C:95B7H         LINE#         113
  -------         ENDPROC       _VALIDA_TRAMA_MONITOR
  -------         PROC          CLEAR_PLACA
  -------         DO            
  D:0007H         SYMBOL        i
  -------         ENDDO         
  C:B2F7H         LINE#         114
  C:B2F7H         LINE#         115
  C:B2F7H         LINE#         117
  C:B303H         LINE#         118
  C:B303H         LINE#         119
  C:B309H         LINE#         120
  C:B30CH         LINE#         121
  C:B30EH         LINE#         122
  -------         ENDPROC       CLEAR_PLACA
  -------         PROC          RX_MONITOR
  -------         DO            
  X:0007H         SYMBOL        Length_trama
  X:0008H         SYMBOL        buffer1
  -------         ENDDO         
  C:B1D5H         LINE#         123
  C:B1D5H         LINE#         124
  C:B1D5H         LINE#         127
  C:B1E4H         LINE#         128
  C:B1EDH         LINE#         129
  -------         ENDPROC       RX_MONITOR
  -------         ENDMOD        MONITOR

  -------         MODULE        ?C?FPADD
  C:1335H         PUBLIC        ?C?FPADD
  C:1331H         PUBLIC        ?C?FPSUB
  -------         ENDMOD        ?C?FPADD

  -------         MODULE        ?C?FPMUL
  C:1426H         PUBLIC        ?C?FPMUL
  -------         ENDMOD        ?C?FPMUL

  -------         MODULE        ?C?FCAST
  C:1536H         PUBLIC        ?C?FCASTC
  C:1531H         PUBLIC        ?C?FCASTI
  C:152CH         PUBLIC        ?C?FCASTL
  -------         ENDMOD        ?C?FCAST

  -------         MODULE        ?C?CASTF
  C:156AH         PUBLIC        ?C?CASTF
  -------         ENDMOD        ?C?CASTF

  -------         MODULE        PRINTF
  X:0077H         PUBLIC        ?_PRINTF?BYTE
  X:0077H         PUBLIC        ?_SPRINTF?BYTE
  C:3399H         PUBLIC        _PRINTF
  C:3393H         PUBLIC        _SPRINTF
  -------         ENDMOD        PRINTF

BL51 BANKED LINKER/LOCATER V6.22.2.0                                                  10/20/2020  16:33:57  PAGE 131


  -------         MODULE        POW
  X:0021H         PUBLIC        ?_pow?BYTE
  C:5C95H         PUBLIC        _pow
  -------         ENDMOD        POW

  -------         MODULE        ?C?CHKFLOAT
  C:15EBH         PUBLIC        ?C?CHKFLOAT
  -------         ENDMOD        ?C?CHKFLOAT

  -------         MODULE        ?C?FPCMP
  C:1607H         PUBLIC        ?C?FPCMP
  C:1605H         PUBLIC        ?C?FPCMP3
  -------         ENDMOD        ?C?FPCMP

  -------         MODULE        ?C?FPNEG
  C:167EH         PUBLIC        ?C?FPNEG
  -------         ENDMOD        ?C?FPNEG

  -------         MODULE        ?C?FPROUND
  C:168FH         PUBLIC        ?C?FPROUND
  -------         ENDMOD        ?C?FPROUND

  -------         MODULE        ?C?FPCONVERT
  C:16CCH         PUBLIC        ?C?FPCONVERT
  -------         ENDMOD        ?C?FPCONVERT

  -------         MODULE        EXP
  C:92F7H         PUBLIC        _EXP
  -------         ENDMOD        EXP

  -------         MODULE        LOG
  C:6827H         PUBLIC        _LOG
  C:6823H         PUBLIC        _LOG10
  -------         ENDMOD        LOG

  -------         MODULE        ?C?FPDIV
  C:17D4H         PUBLIC        ?C?FPDIV
  -------         ENDMOD        ?C?FPDIV

  -------         MODULE        ?C?FTNPWR
  C:18A1H         PUBLIC        ?C?FTNPWR
  -------         ENDMOD        ?C?FTNPWR

  -------         MODULE        ?C?COPY
  C:19FEH         PUBLIC        ?C?COPY
  -------         ENDMOD        ?C?COPY

  -------         MODULE        ?C?CLDPTR
  C:1A24H         PUBLIC        ?C?CLDPTR
  -------         ENDMOD        ?C?CLDPTR

  -------         MODULE        ?C?CLDOPTR
  C:1A3DH         PUBLIC        ?C?CLDOPTR
  -------         ENDMOD        ?C?CLDOPTR

  -------         MODULE        ?C?CSTPTR
  C:1A6AH         PUBLIC        ?C?CSTPTR
BL51 BANKED LINKER/LOCATER V6.22.2.0                                                  10/20/2020  16:33:57  PAGE 132


  -------         ENDMOD        ?C?CSTPTR

  -------         MODULE        ?C?CSTOPTR
  C:1A7CH         PUBLIC        ?C?CSTOPTR
  -------         ENDMOD        ?C?CSTOPTR

  -------         MODULE        ?C?IMUL
  C:1A9EH         PUBLIC        ?C?IMUL
  -------         ENDMOD        ?C?IMUL

  -------         MODULE        ?C?IILDX
  C:1AB0H         PUBLIC        ?C?IILDX
  -------         ENDMOD        ?C?IILDX

  -------         MODULE        ?C?LNEG
  C:1AC6H         PUBLIC        ?C?LNEG
  -------         ENDMOD        ?C?LNEG

  -------         MODULE        ?C?SLCMP
  C:1AD4H         PUBLIC        ?C?SLCMP
  -------         ENDMOD        ?C?SLCMP

  -------         MODULE        ?C?ULCMP
  C:1AEAH         PUBLIC        ?C?ULCMP
  -------         ENDMOD        ?C?ULCMP

  -------         MODULE        ?C?ULSHR
  C:1AFBH         PUBLIC        ?C?ULSHR
  -------         ENDMOD        ?C?ULSHR

  -------         MODULE        ?C?LSHL
  C:1B0EH         PUBLIC        ?C?LSHL
  -------         ENDMOD        ?C?LSHL

  -------         MODULE        ?C?LLDCODE
  C:1B21H         PUBLIC        ?C?LLDCODE
  -------         ENDMOD        ?C?LLDCODE

  -------         MODULE        ?C?LLDXDATA0
  C:1B31H         PUBLIC        ?C?LLDXDATA0
  -------         ENDMOD        ?C?LLDXDATA0

  -------         MODULE        ?C?LLDCODE0
  C:1B3DH         PUBLIC        ?C?LLDCODE0
  -------         ENDMOD        ?C?LLDCODE0

  -------         MODULE        ?C?LSTXDATA
  C:1B4DH         PUBLIC        ?C?LSTXDATA
  -------         ENDMOD        ?C?LSTXDATA

  -------         MODULE        ?C?LSTKXDATA
  C:1B59H         PUBLIC        ?C?LSTKXDATA
  -------         ENDMOD        ?C?LSTKXDATA

  -------         MODULE        ?C?PLDIXDATA
  C:1B8AH         PUBLIC        ?C?PLDIXDATA
  -------         ENDMOD        ?C?PLDIXDATA
BL51 BANKED LINKER/LOCATER V6.22.2.0                                                  10/20/2020  16:33:57  PAGE 133



  -------         MODULE        ?C?PSTXDATA
  C:1BA1H         PUBLIC        ?C?PSTXDATA
  -------         ENDMOD        ?C?PSTXDATA

  -------         MODULE        ?C?CCASE
  C:1BAAH         PUBLIC        ?C?CCASE
  -------         ENDMOD        ?C?CCASE

  -------         MODULE        STRCAT
  X:0046H         PUBLIC        ?_strcat?BYTE
  C:A390H         PUBLIC        _strcat
  -------         ENDMOD        STRCAT

  -------         MODULE        ?C?STRCMP
  C:1D4EH         PUBLIC        ?C?STRCMP
  -------         ENDMOD        ?C?STRCMP

  -------         MODULE        ?C?STRCPY
  C:1E37H         PUBLIC        ?C?STRCPY
  -------         ENDMOD        ?C?STRCPY

  -------         MODULE        STRLEN
  C:000EH         PUBLIC        _STRLEN
  -------         ENDMOD        STRLEN

  -------         MODULE        STRTOK
  X:0064H         PUBLIC        ?_strtok?BYTE
  C:7B85H         PUBLIC        _strtok
  -------         ENDMOD        STRTOK

  -------         MODULE        ATOL
  C:6FB7H         PUBLIC        _atol
  -------         ENDMOD        ATOL

  -------         MODULE        ATOI
  C:7D47H         PUBLIC        _atoi
  -------         ENDMOD        ATOI

  -------         MODULE        MALLOC
  C:80A0H         PUBLIC        _malloc
  -------         ENDMOD        MALLOC

  -------         MODULE        INIT_MEM
  X:0256H         PUBLIC        __mem_avail__
  C:ADD3H         PUBLIC        _init_mempool
  -------         ENDMOD        INIT_MEM

  -------         MODULE        FREE
  C:61D6H         PUBLIC        _free
  -------         ENDMOD        FREE

  -------         MODULE        ?C?ILDIX
  C:1E54H         PUBLIC        ?C?ILDIX
  -------         ENDMOD        ?C?ILDIX

  -------         MODULE        ?C?LMUL
BL51 BANKED LINKER/LOCATER V6.22.2.0                                                  10/20/2020  16:33:57  PAGE 134


  C:1E6AH         PUBLIC        ?C?LMUL
  -------         ENDMOD        ?C?LMUL

  -------         MODULE        ISDIGIT
  C:B3F5H         PUBLIC        _isdigit
  -------         ENDMOD        ISDIGIT

  -------         MODULE        ISSPACE
  C:B367H         PUBLIC        _isspace
  -------         ENDMOD        ISSPACE

  -------         MODULE        STRSPN
  X:006AH         PUBLIC        ?_strspn?BYTE
  C:9C52H         PUBLIC        _strspn
  -------         ENDMOD        STRSPN

  -------         MODULE        STRPBRK
  X:006AH         PUBLIC        ?_strpbrk?BYTE
  C:9D58H         PUBLIC        _strpbrk
  -------         ENDMOD        STRPBRK

Program Size: data=98.7 xdata=618 code=46208
LINK/LOCATE RUN COMPLETE.  0 WARNING(S),  0 ERROR(S)
