BL51 BANKED LINKER/LOCATER V6.22.2.0                                                    10/01/2020  09:24:10  PAGE 1


BL51 BANKED LINKER/LOCATER V6.22.2.0, INVOKED BY:
C:\KEIL_V5\C51\BIN\BL51.EXE .\Objects\main.obj, .\Objects\Accescan.obj, .\Objects\Clock.obj, .\Objects\delay.obj, .\Obje
>> cts\eeprom.obj, .\Objects\io_sensores.obj, .\Objects\pantallas.obj, .\Objects\prog.obj, .\Objects\pto_paralelo.obj, .
>> \Objects\tibbo.obj, .\Objects\uart.obj, .\Objects\lintech.obj, .\Objects\verificador.obj, .\Objects\Monitor.obj TO .\
>> Objects\expedidor_v_01_raspberry PRINT (.\Listings\expedidor_v_01_raspberry.m51) RAMSIZE (256)


MEMORY MODEL: LARGE WITH FLOATING POINT ARITHMETIC


INPUT MODULES INCLUDED:
  .\Objects\main.obj (MAIN)
  .\Objects\Accescan.obj (ACCESCAN)
  .\Objects\Clock.obj (CLOCK)
  .\Objects\delay.obj (DELAY)
  .\Objects\eeprom.obj (EEPROM)
  .\Objects\io_sensores.obj (IO_SENSORES)
  .\Objects\pantallas.obj (PANTALLAS)
  .\Objects\prog.obj (PROG)
  .\Objects\pto_paralelo.obj (PTO_PARALELO)
  .\Objects\tibbo.obj (TIBBO)
  .\Objects\uart.obj (UART)
  .\Objects\lintech.obj (LINTECH)
  .\Objects\verificador.obj (VERIFICADOR)
  .\Objects\Monitor.obj (MONITOR)
  C:\KEIL_V5\C51\LIB\C51FPL.LIB (?C?FPADD)
  C:\KEIL_V5\C51\LIB\C51FPL.LIB (?C?FPMUL)
  C:\KEIL_V5\C51\LIB\C51FPL.LIB (?C?FCAST)
  C:\KEIL_V5\C51\LIB\C51FPL.LIB (?C?CASTF)
  C:\KEIL_V5\C51\LIB\C51FPL.LIB (PRINTF)
  C:\KEIL_V5\C51\LIB\C51FPL.LIB (POW)
  C:\KEIL_V5\C51\LIB\C51FPL.LIB (?C?FPGETOPN)
  C:\KEIL_V5\C51\LIB\C51FPL.LIB (?C?CHKFLOAT)
  C:\KEIL_V5\C51\LIB\C51FPL.LIB (?C?FPCMP)
  C:\KEIL_V5\C51\LIB\C51FPL.LIB (?C?FPNEG)
  C:\KEIL_V5\C51\LIB\C51FPL.LIB (?C?FPROUND)
  C:\KEIL_V5\C51\LIB\C51FPL.LIB (?C?FPCONVERT)
  C:\KEIL_V5\C51\LIB\C51FPL.LIB (EXP)
  C:\KEIL_V5\C51\LIB\C51FPL.LIB (LOG)
  C:\KEIL_V5\C51\LIB\C51FPL.LIB (?C?FPDIV)
  C:\KEIL_V5\C51\LIB\C51FPL.LIB (?C?FTNPWR)
  C:\KEIL_V5\C51\LIB\C51FPL.LIB (?C?FPSERIES)
  C:\KEIL_V5\C51\LIB\C51L.LIB (?C_STARTUP)
  C:\KEIL_V5\C51\LIB\C51L.LIB (?C?COPY)
  C:\KEIL_V5\C51\LIB\C51L.LIB (?C?CLDPTR)
  C:\KEIL_V5\C51\LIB\C51L.LIB (?C?CLDOPTR)
  C:\KEIL_V5\C51\LIB\C51L.LIB (?C?CSTPTR)
  C:\KEIL_V5\C51\LIB\C51L.LIB (?C?CSTOPTR)
  C:\KEIL_V5\C51\LIB\C51L.LIB (?C?IMUL)
  C:\KEIL_V5\C51\LIB\C51L.LIB (?C?IILDX)
  C:\KEIL_V5\C51\LIB\C51L.LIB (?C?LNEG)
  C:\KEIL_V5\C51\LIB\C51L.LIB (?C?SLCMP)
  C:\KEIL_V5\C51\LIB\C51L.LIB (?C?ULCMP)
  C:\KEIL_V5\C51\LIB\C51L.LIB (?C?ULSHR)
  C:\KEIL_V5\C51\LIB\C51L.LIB (?C?LSHL)
  C:\KEIL_V5\C51\LIB\C51L.LIB (?C?LLDCODE)
  C:\KEIL_V5\C51\LIB\C51L.LIB (?C?LLDXDATA0)
  C:\KEIL_V5\C51\LIB\C51L.LIB (?C?LLDCODE0)
BL51 BANKED LINKER/LOCATER V6.22.2.0                                                  10/01/2020  09:24:10  PAGE 2


  C:\KEIL_V5\C51\LIB\C51L.LIB (?C?LSTXDATA)
  C:\KEIL_V5\C51\LIB\C51L.LIB (?C?LSTKXDATA)
  C:\KEIL_V5\C51\LIB\C51L.LIB (?C?PLDIXDATA)
  C:\KEIL_V5\C51\LIB\C51L.LIB (?C?PSTXDATA)
  C:\KEIL_V5\C51\LIB\C51L.LIB (?C?CCASE)
  C:\KEIL_V5\C51\LIB\C51L.LIB (STRCAT)
  C:\KEIL_V5\C51\LIB\C51L.LIB (?C?STRCMP)
  C:\KEIL_V5\C51\LIB\C51L.LIB (?C?STRCPY)
  C:\KEIL_V5\C51\LIB\C51L.LIB (STRLEN)
  C:\KEIL_V5\C51\LIB\C51L.LIB (STRTOK)
  C:\KEIL_V5\C51\LIB\C51L.LIB (ATOL)
  C:\KEIL_V5\C51\LIB\C51L.LIB (ATOI)
  C:\KEIL_V5\C51\LIB\C51L.LIB (MALLOC)
  C:\KEIL_V5\C51\LIB\C51L.LIB (INIT_MEM)
  C:\KEIL_V5\C51\LIB\C51L.LIB (FREE)
  C:\KEIL_V5\C51\LIB\C51L.LIB (?C_INIT)
  C:\KEIL_V5\C51\LIB\C51L.LIB (?C?ILDIX)
  C:\KEIL_V5\C51\LIB\C51L.LIB (?C?LMUL)
  C:\KEIL_V5\C51\LIB\C51L.LIB (ISDIGIT)
  C:\KEIL_V5\C51\LIB\C51L.LIB (ISSPACE)
  C:\KEIL_V5\C51\LIB\C51L.LIB (STRSPN)
  C:\KEIL_V5\C51\LIB\C51L.LIB (STRPBRK)


LINK MAP OF MODULE:  .\Objects\expedidor_v_01_raspberry (MAIN)


            TYPE    BASE      LENGTH    RELOCATION   SEGMENT NAME
            -----------------------------------------------------

            * * * * * * *   D A T A   M E M O R Y   * * * * * * *
            REG     0000H     0008H     ABSOLUTE     "REG BANK 0"
            DATA    0008H     0005H     UNIT         _DATA_GROUP_
            DATA    000DH     0004H     UNIT         ?DT?UART
            IDATA   0011H     0009H     UNIT         ?ID?MONITOR
                    001AH     0006H                  *** GAP ***
            BIT     0020H.0   0001H.1   UNIT         _BIT_GROUP_
            BIT     0021H.1   0000H.2   UNIT         ?BI?MAIN
            BIT     0021H.3   0000H.2   UNIT         ?BI?UART
            BIT     0021H.5   0000H.1   UNIT         ?BI?EEPROM
            BIT     0021H.6   0000H.1   UNIT         ?BI?VERIFICADOR
                    0021H.7   0000H.1                *** GAP ***
            IDATA   0022H     0046H     UNIT         ?ID?MAIN
            IDATA   0068H     0001H     UNIT         ?STACK

            * * * * * * *  X D A T A   M E M O R Y  * * * * * * *
            XDATA   0000H     00B8H     UNIT         _XDATA_GROUP_
            XDATA   00B8H     008AH     UNIT         ?XD?VERIFICADOR
            XDATA   0142H     006BH     UNIT         ?XD?MAIN
            XDATA   01ADH     0059H     UNIT         ?XD?PROG
            XDATA   0206H     0050H     UNIT         ?XD?PANTALLAS
            XDATA   0256H     0008H     UNIT         ?XD?INIT_MEM
            XDATA   025EH     0003H     UNIT         ?XD?EEPROM
            XDATA   0261H     0003H     UNIT         ?XD?UART
            XDATA   0264H     0003H     UNIT         ?XD?STRTOK
            XDATA   0267H     0001H     UNIT         ?XD?ACCESCAN
            XDATA   0268H     0001H     UNIT         ?XD?CLOCK
BL51 BANKED LINKER/LOCATER V6.22.2.0                                                  10/01/2020  09:24:10  PAGE 3


            XDATA   0269H     0001H     UNIT         ?XD?IO_SENSORES

            * * * * * * *   C O D E   M E M O R Y   * * * * * * *
            CODE    0000H     0003H     ABSOLUTE     
            CODE    0003H     0008H     UNIT         ?PR?P_CK?CLOCK
            CODE    000BH     0003H     ABSOLUTE     
            CODE    000EH     0015H     UNIT         ?PR?_STRLEN?STRLEN
            CODE    0023H     0003H     ABSOLUTE     
            CODE    0026H     1308H     UNIT         ?CO?PROG
            CODE    132EH     0B8BH     UNIT         ?C?LIB_CODE
            CODE    1EB9H     072CH     UNIT         ?CO?VERIFICADOR
            CODE    25E5H     06F4H     UNIT         ?PR?_PANTALLALCD?PANTALLAS
            CODE    2CD9H     0656H     UNIT         ?CO?PANTALLAS
            CODE    332FH     0483H     UNIT         ?PR?PRINTF?PRINTF
            CODE    37B2H     0435H     UNIT         ?PR?_SECUENCIAEXPEDIDORMF?VERIFICADOR
            CODE    3BE7H     035CH     UNIT         ?PR?VER_PROG?PROG
            CODE    3F43H     033EH     UNIT         ?PR?_VALIDA_TRAMA_PTO?ACCESCAN
            CODE    4281H     02D0H     UNIT         ?PR?_TWO_BYTEHEX_DECIMAL?CLOCK
            CODE    4551H     02B7H     UNIT         ?PR?_PROG_HORARIO_DIAS?PROG
            CODE    4808H     02ABH     UNIT         ?PR?_PANTALLALCD_LINEA_2?PANTALLAS
            CODE    4AB3H     022CH     UNIT         ?PR?MENU?PROG
            CODE    4CDFH     0208H     UNIT         ?PR?_HASH_ID?PROG
            CODE    4EE7H     01FAH     UNIT         ?PR?_PROG_HORARIO_DESDE_HASTA?PROG
            CODE    50E1H     01F5H     UNIT         ?PR?PROG_FECHA_VENCIMIENTO?PROG
            CODE    52D6H     01DFH     UNIT         ?PR?_RESPONDE_LECTURA_TARJETA_SECTOR1_BLOQUE1?VERIFICADOR
            CODE    54B5H     01B3H     UNIT         ?PR?COM_ISR?UART
            CODE    5668H     01A9H     UNIT         ?PR?_ARMAR_TRAMA_PTO_PARALELO_EXPEDIDOR?VERIFICADOR
            CODE    5811H     01A1H     UNIT         ?PR?_VALIDA_TIPO_TARJETA?VERIFICADOR
            CODE    59B2H     017AH     UNIT         ?CO?LINTECH
            CODE    5B2CH     016EH     UNIT         ?PR?_BLOCK_READ_CLOCK_ASCII?CLOCK
            CODE    5C9AH     0166H     UNIT         ?PR?_POW?POW
            CODE    5E00H     0154H     UNIT         ?PR?_ARMAR_TRAMA_MONITOR?VERIFICADOR
            CODE    5F54H     0145H     UNIT         ?PR?PROG_HORARIOS?PROG
            CODE    6099H     0142H     UNIT         ?PR?_ARMAR_TRAMA_TARJETA_SECTOR1_BLOQUE2?VERIFICADOR
            CODE    61DBH     013FH     UNIT         ?PR?_FREE?FREE
            CODE    631AH     013EH     UNIT         ?PR?PROG_SIN_COBRO?PROG
            CODE    6458H     013EH     UNIT         ?PR?SECUENCIA_INICIO_EXPEDIDOR?VERIFICADOR
            CODE    6596H     0137H     UNIT         ?PR?VER_HORARIO?PROG
            CODE    66CDH     012BH     UNIT         ?PR?_RESPONDE_LECTURA_TARJETA_SECTOR1_BLOQUE2?VERIFICADOR
            CODE    67F8H     0129H     UNIT         ?PR?LOG?LOG
            CODE    6921H     0128H     UNIT         ?PR?_VER_HORARIO_DIAS?PROG
            CODE    6A49H     011CH     UNIT         ?PR?LOAD_AND_SEND_ID_COD?PTO_PARALELO
            CODE    6B65H     011AH     UNIT         ?PR?_PROG_HORARIOS_ON_OFF?PROG
            CODE    6C7FH     0119H     UNIT         ?PR?_VER_HORARIO_DESDE_HASTA?PROG
            CODE    6D98H     0115H     UNIT         ?PR?_VALIDAR_CLK?CLOCK
            CODE    6EADH     010FH     UNIT         ?PR?_HORARIOS?VERIFICADOR
            CODE    6FBCH     010CH     UNIT         ?PR?_ATOL?ATOL
            CODE    70C8H     0103H     UNIT         ?PR?_BLOQUE_HORARIO?VERIFICADOR
            CODE    71CBH     0100H     UNIT         ?PR?_WR_MF?LINTECH
            CODE    72CBH     00FCH     UNIT         ?PR?PROG_DEBUG?PROG
            CODE    73C7H     00FCH     UNIT         ?PR?PROG_USE_LPR?PROG
            CODE    74C3H     00FCH     UNIT         ?PR?TIPO_PANTALLA?PROG
            CODE    75BFH     00FCH     UNIT         ?PR?PROG_ANTIPASSBACK?PROG
            CODE    76BBH     00FCH     UNIT         ?PR?PROG_PLACA?PROG
            CODE    77B7H     00FCH     UNIT         ?PR?PROG_VALIDAR_TIPO_VEHICULO_MENSUAL?PROG
            CODE    78B3H     00FCH     UNIT         ?PR?PROG_APB_MENSUAL?PROG
            CODE    79AFH     00F1H     UNIT         ?PR?_WRITE_EEPROM_TICKET?EEPROM
BL51 BANKED LINKER/LOCATER V6.22.2.0                                                  10/01/2020  09:24:10  PAGE 4


            CODE    7AA0H     00EAH     UNIT         ?PR?_MOV_CARD?LINTECH
            CODE    7B8AH     00E4H     UNIT         ?PR?_STRTOK?STRTOK
            CODE    7C6EH     00DEH     UNIT         ?PR?PROG_ADDRESS_HIGH_BOARD?PROG
            CODE    7D4CH     00DBH     UNIT         ?PR?_ATOI?ATOI
            CODE    7E27H     00D7H     UNIT         ?PR?_ANALIZA_UID_CARD?VERIFICADOR
            CODE    7EFEH     00D6H     UNIT         ?PR?_CMD_LPR_SALIDA_WIEGAND?ACCESCAN
            CODE    7FD4H     00D1H     UNIT         ?PR?_ARMAR_TRAMA_PTO_PARALELO_EXPEDIDOR_MENSUAL?VERIFICADOR
            CODE    80A5H     00D1H     UNIT         ?PR?_MALLOC?MALLOC
            CODE    8176H     00CCH     UNIT         ?PR?_GRABA_SERIE?EEPROM
            CODE    8242H     00CBH     UNIT         ?PR?_RTA_CMD_TRANSPORTE?VERIFICADOR
            CODE    830DH     00CAH     UNIT         ?C_INITSEG
            CODE    83D7H     00CAH     UNIT         ?PR?READ_EEPROM_TICKET?EEPROM
            CODE    84A1H     00C9H     UNIT         ?PR?_CHECK_FECHAOUT?CLOCK
            CODE    856AH     00C4H     UNIT         ?PR?_BLOCK_READ_CLOCK?CLOCK
            CODE    862EH     00C4H     UNIT         ?PR?_TARJETA_MENSUAL?VERIFICADOR
            CODE    86F2H     00C3H     UNIT         ?PR?_RD_MF?LINTECH
            CODE    87B5H     00C2H     UNIT         ?PR?PROG_TARJETA_AUTOMATICA_O_BOTON?PROG
            CODE    8877H     00C1H     UNIT         ?PR?_RECIBE_CMD_MONITOR?MONITOR
            CODE    8938H     00BEH     UNIT         ?PR?ERROR_RX_PTO?VERIFICADOR
            CODE    89F6H     00BDH     UNIT         ?PR?PROG_COD_PARK?PROG
            CODE    8AB3H     00BDH     UNIT         ?PR?PROG_TIEMPO_GRACIA?PROG
            CODE    8B70H     00BAH     UNIT         ?CO?TIBBO
            CODE    8C2AH     00B6H     UNIT         ?PR?PROG_ID_CLIENTE?PROG
            CODE    8CE0H     00B4H     UNIT         ?PR?_SEND_PORT?PTO_PARALELO
            CODE    8D94H     00ADH     UNIT         ?CO?IO_SENSORES
            CODE    8E41H     00ACH     UNIT         ?PR?_HORA_MAXIMA?VERIFICADOR
            CODE    8EEDH     00AAH     UNIT         ?PR?CLAVE_SEGURIDAD_S2?LINTECH
            CODE    8F97H     00A9H     UNIT         ?PR?DWLOAD_EEPROM?LINTECH
            CODE    9040H     00A6H     UNIT         ?PR?_BLOCK_READ_CLOCK_HEX?CLOCK
            CODE    90E6H     00A3H     UNIT         ?PR?_WAIT_PLACA?VERIFICADOR
            CODE    9189H     009DH     UNIT         ?PR?_INICIALIZA?LINTECH
            CODE    9226H     009AH     UNIT         ?PR?_RESPONDE_LECTURA_TARJETA_SECTOR1_BLOQUE0?VERIFICADOR
            CODE    92C0H     009AH     UNIT         ?PR?EXP?EXP
            CODE    935AH     0099H     UNIT         ?PR?SHOW?PROG
            CODE    93F3H     0099H     UNIT         ?PR?_RECIBE_PORT?PTO_PARALELO
            CODE    948CH     0098H     UNIT         ?PR?_VALIDA_VEHICULO_CARD_MENSUAL?VERIFICADOR
            CODE    9524H     0095H     UNIT         ?PR?_VALIDA_TRAMA_MONITOR?MONITOR
            CODE    95B9H     0091H     UNIT         ?PR?_HEX_ASCII?CLOCK
            CODE    964AH     0091H     UNIT         ?PR?_CARD_INSERCION?LINTECH
            CODE    96DBH     0091H     UNIT         ?PR?LOADVERIFY_EEPROM?LINTECH
            CODE    976CH     0090H     UNIT         ?PR?_LEE_CLK?CLOCK
            CODE    97FCH     0090H     UNIT         ?PR?_GETOPTION?PROG
            CODE    988CH     008FH     UNIT         ?PR?_BLOCK_WRITE_CLOCK_ASCII?CLOCK
            CODE    991BH     008FH     UNIT         ?PR?_RESPONDE_WRITE_TARJETA_SECTOR1_BLOQUE2?VERIFICADOR
            CODE    99AAH     008CH     UNIT         ?C_C51STARTUP
            CODE    9A36H     0089H     UNIT         ?PR?_RASPBERRY_DATA?PANTALLAS
            CODE    9ABFH     0088H     UNIT         ?PR?_SEND_PORTERR?PTO_PARALELO
            CODE    9B47H     0088H     UNIT         ?PR?RX_DATA?TIBBO
            CODE    9BCFH     0088H     UNIT         ?PR?UNIQUE_IDENTIFIER_UID?LINTECH
            CODE    9C57H     0084H     UNIT         ?PR?_STRSPN?STRSPN
            CODE    9CDBH     0082H     UNIT         ?PR?_SEND_PTO_PARALELO?VERIFICADOR
            CODE    9D5DH     0081H     UNIT         ?PR?MAIN?MAIN
            CODE    9DDEH     0081H     UNIT         ?PR?_STRPBRK?STRPBRK
            CODE    9E5FH     0080H     UNIT         ?PR?MSJ_LCD_INFORMATIVO?IO_SENSORES
            CODE    9EDFH     0080H     UNIT         ?PR?_INGRESADATO?PROG
            CODE    9F5FH     0080H     UNIT         ?PR?AUT_CARD_CHECK_STATUS?LINTECH
            CODE    9FDFH     0080H     UNIT         ?PR?POWER_OFF?LINTECH
BL51 BANKED LINKER/LOCATER V6.22.2.0                                                  10/01/2020  09:24:10  PAGE 5


            CODE    A05FH     007CH     UNIT         ?PR?_CHECK_STATUS?LINTECH
            CODE    A0DBH     007CH     UNIT         ?PR?RESPONDE_ESTADO_SENSORES_TRANSPORTE?VERIFICADOR
            CODE    A157H     0079H     UNIT         ?PR?ENTREGA_CARD_CAPTURA?VERIFICADOR
            CODE    A1D0H     0073H     UNIT         ?PR?_DEBUGBUFFERMF?TIBBO
            CODE    A243H     0071H     UNIT         ?PR?RESPONDE_TIPO_TARJETA?VERIFICADOR
            CODE    A2B4H     0071H     UNIT         ?PR?_EN_HORARIO?VERIFICADOR
            CODE    A325H     006FH     UNIT         ?PR?_ESCRIBIRMEMORIA?EEPROM
            CODE    A394H     006BH     UNIT         ?PR?_STRCAT?STRCAT
            CODE    A3FFH     0066H     UNIT         ?PR?_LEERMEMORIA?EEPROM
            CODE    A465H     0066H     UNIT         ?PR?_DISPARO_LOCK_ENTRADA_VEHICULO?VERIFICADOR
            CODE    A4CBH     0062H     UNIT         ?PR?_LISTACOMANDOS?PROG
            CODE    A52DH     0061H     UNIT         ?PR?_PREGUNTA_LPR?VERIFICADOR
            CODE    A58EH     005EH     UNIT         ?PR?_BYTEHEX_DECIMAL?CLOCK
            CODE    A5ECH     005DH     UNIT         ?PR?_RESPUESTA_SEGUNDA_CLAVE?VERIFICADOR
            CODE    A649H     0059H     UNIT         ?PR?INGRESO_VEHICULO?VERIFICADOR
            CODE    A6A2H     0058H     UNIT         ?PR?VALIDA_SENSOR1_AUTO?IO_SENSORES
            CODE    A6FAH     0058H     UNIT         ?PR?_ARMAR_TRAMA_PLACA?VERIFICADOR
            CODE    A752H     0056H     UNIT         ?PR?_WR_EEPROM?EEPROM
            CODE    A7A8H     004EH     UNIT         ?PR?RELOJ_PANTALLA_LCD?PANTALLAS
            CODE    A7F6H     004DH     UNIT         ?PR?VARIABLE_INICIO?MAIN
            CODE    A843H     004DH     UNIT         ?PR?L_D_M?EEPROM
            CODE    A890H     004CH     UNIT         ?PR?LEE_NO_TICKET?EEPROM
            CODE    A8DCH     004BH     UNIT         ?PR?_TX_AUX?TIBBO
            CODE    A927H     0049H     UNIT         ?PR?_DEBUG_TXT_TIBBO?TIBBO
            CODE    A970H     0048H     UNIT         ?PR?FIRST_CLAVE?PROG
            CODE    A9B8H     0047H     UNIT         ?PR?_DEBUG_CHR_TIBBO?TIBBO
            CODE    A9FFH     0047H     UNIT         ?PR?_RESPONDE_WRITE_TARJETA_SECTOR2_BLOQUE0?VERIFICADOR
            CODE    AA46H     0046H     UNIT         ?PR?_ESCRIBIRCADENASOFT_BUFFER?MAIN
            CODE    AA8CH     0046H     UNIT         ?PR?_LCD_TXT_NUM_CHAR?PANTALLAS
            CODE    AAD2H     0046H     UNIT         ?PR?_DEBUG_HEXDEC?TIBBO
            CODE    AB18H     0044H     UNIT         ?PR?_LCD_TXT?PANTALLAS
            CODE    AB5CH     0043H     UNIT         ?PR?DIR_BOARD?IO_SENSORES
            CODE    AB9FH     0042H     UNIT         ?PR?_VALIDARCLAVE?PROG
            CODE    ABE1H     0041H     UNIT         ?PR?_MONITOR_CHR?ACCESCAN
            CODE    AC22H     0041H     UNIT         ?PR?_TWO_ONE?CLOCK
            CODE    AC63H     0040H     UNIT         ?PR?_GETCMD?PROG
            CODE    ACA3H     003FH     UNIT         ?PR?_EB_CLK?CLOCK
            CODE    ACE2H     003EH     UNIT         ?PR?_PUTCHAR?MAIN
            CODE    AD20H     003DH     UNIT         ?PR?_HEX_BCD?CLOCK
            CODE    AD5DH     003DH     UNIT         ?PR?_RD_EEPROM?EEPROM
            CODE    AD9AH     003DH     UNIT         ?PR?_LOAD_SECUENCIA_EXPEDIDOR?VERIFICADOR
            CODE    ADD7H     003CH     UNIT         ?PR?_INIT_MEMPOOL?INIT_MEM
            CODE    AE13H     003BH     UNIT         ?CO?EEPROM
            CODE    AE4EH     003BH     UNIT         ?PR?_DEBUG_PTO_PARALELO?TIBBO
            CODE    AE89H     003BH     UNIT         ?PR?_COM_PUTCHAR?UART
            CODE    AEC4H     003AH     UNIT         ?PR?_DELAY_10MS?DELAY
            CODE    AEFEH     0038H     UNIT         ?PR?VALIDASENSORESPASO?IO_SENSORES
            CODE    AF36H     0036H     UNIT         ?PR?_RESPONDE_WRITE_TARJETA_SECTOR1_BLOQUE0?VERIFICADOR
            CODE    AF6CH     0034H     UNIT         ?PR?INCREMENTE_TICKET?EEPROM
            CODE    AFA0H     0034H     UNIT         ?PR?ADDR_HORARIOS?PROG
            CODE    AFD4H     0033H     UNIT         ?PR?TRAMA_VALIDACION_P_N?VERIFICADOR
            CODE    B007H     0032H     UNIT         ?PR?_DEBUG_MONITOR?TIBBO
            CODE    B039H     0031H     UNIT         ?PR?_TARJETA_ROTACION?VERIFICADOR
            CODE    B06AH     002EH     UNIT         ?PR?TIMER0_INT?MAIN
            CODE    B098H     002CH     UNIT         ?PR?LOAD_AND_SEND_INFO_RELOJ?PTO_PARALELO
            CODE    B0C4H     002AH     UNIT         ?PR?COM_INITIALIZE?UART
            CODE    B0EEH     0028H     UNIT         ?PR?_WR_CLK?CLOCK
BL51 BANKED LINKER/LOCATER V6.22.2.0                                                  10/01/2020  09:24:10  PAGE 6


            CODE    B116H     0028H     UNIT         ?PR?COM_BAUDRATE?UART
            CODE    B13EH     0028H     UNIT         ?PR?_ARMAR_TRAMA_TARJETA_SECTOR1_BLOQUE0?VERIFICADOR
            CODE    B166H     0027H     UNIT         ?PR?_TX_CHRLCD?PANTALLAS
            CODE    B18DH     0026H     UNIT         ?PR?COM_GETCHAR?UART
            CODE    B1B3H     0026H     UNIT         ?PR?ANALIZA_PRESENCIA_MENSUAL?VERIFICADOR
            CODE    B1D9H     0026H     UNIT         ?PR?RX_MONITOR?MONITOR
            CODE    B1FFH     0023H     UNIT         ?PR?ANALIZA_PRESENCIA_ROTACION?VERIFICADOR
            CODE    B222H     0022H     UNIT         ?PR?_E_D_M?EEPROM
            CODE    B244H     0020H     UNIT         ?PR?ACKD?EEPROM
            CODE    B264H     0020H     UNIT         ?PR?ACK_LECT?EEPROM
            CODE    B284H     001FH     UNIT         ?PR?VALIDASENSOR?IO_SENSORES
            CODE    B2A3H     001FH     UNIT         ?PR?TIME_BIT?TIBBO
            CODE    B2C2H     001EH     UNIT         ?PR?_BCD_HEX?CLOCK
            CODE    B2E0H     001BH     UNIT         ?PR?_DELAY_1MS?DELAY
            CODE    B2FBH     0018H     UNIT         ?PR?CLEAR_PLACA?MONITOR
            CODE    B313H     0017H     UNIT         ?PR?DISPLAYCURSOR?PROG
            CODE    B32AH     0017H     UNIT         ?PR?TIME_MBIT?TIBBO
            CODE    B341H     0016H     UNIT         ?PR?DIR_BOARD_MONITOR?IO_SENSORES
            CODE    B357H     0014H     UNIT         ?PR?DEBUG_DIVIDIR_TEXTO?TIBBO
            CODE    B36BH     0014H     UNIT         ?PR?_ISSPACE?ISSPACE
            CODE    B37FH     0012H     UNIT         ?PR?_DELAY_20US?DELAY
            CODE    B391H     0012H     UNIT         ?PR?START?EEPROM
            CODE    B3A3H     0012H     UNIT         ?PR?PULSO_BUS?PTO_PARALELO
            CODE    B3B5H     0012H     UNIT         ?PR?COM_RBUFLEN?UART
            CODE    B3C7H     0012H     UNIT         ?PR?COM_TBUFLEN?UART
            CODE    B3D9H     0010H     UNIT         ?PR?INI_TIMER?MAIN
            CODE    B3E9H     0010H     UNIT         ?PR?INICIA_BOARD?MAIN
            CODE    B3F9H     000FH     UNIT         ?PR?_ISDIGIT?ISDIGIT
            CODE    B408H     000CH     UNIT         ?PR?_GETKEY?MAIN
            CODE    B414H     000AH     UNIT         ?PR?COND_INI_PTO?PTO_PARALELO
            CODE    B41EH     0009H     UNIT         ?PR?STOP?EEPROM
            CODE    B427H     0009H     UNIT         ?PR?CAPTURA_EXPULSA?VERIFICADOR
            CODE    B430H     0007H     UNIT         ?PR?COND_INI_CLOCK?CLOCK
            CODE    B437H     0007H     UNIT         ?PR?SEL_FUNCION?IO_SENSORES
            CODE    B43EH     0007H     UNIT         ?PR?SEL_AUTO?IO_SENSORES
            CODE    B445H     0007H     UNIT         ?PR?SEL_PULSA?IO_SENSORES
            CODE    B44CH     0007H     UNIT         ?PR?SEL_SENSOR2?IO_SENSORES
            CODE    B453H     0007H     UNIT         ?PR?SEL_SENSOR1?IO_SENSORES
            CODE    B45AH     0007H     UNIT         ?PR?SEL_DIR1?IO_SENSORES
            CODE    B461H     0007H     UNIT         ?PR?SEL_DIR2?IO_SENSORES
            CODE    B468H     0006H     UNIT         ?PR?P_ME?EEPROM
            CODE    B46EH     0005H     UNIT         ?PR?ON_TIMER0_INTERRUP?MAIN
            CODE    B473H     0005H     UNIT         ?CO?ACCESCAN
            CODE    B478H     0005H     UNIT         ?PR?COND_INI_TIBBO?TIBBO
            CODE    B47DH     0003H     UNIT         ?PR?OFF_TIMER0_INTERRUP?MAIN
            CODE    B480H     0003H     UNIT         ?CO?PTO_PARALELO
            CODE    B483H     0001H     UNIT         ?PR?DELAY?DELAY



OVERLAY MAP OF MODULE:   .\Objects\expedidor_v_01_raspberry (MAIN)


SEGMENT                                             BIT_GROUP          DATA_GROUP          XDATA_GROUP
  +--> CALLED SEGMENT                            START    LENGTH     START    LENGTH     START    LENGTH
--------------------------------------------------------------------------------------------------------
?C_C51STARTUP                                    -----    -----      -----    -----      -----    -----
BL51 BANKED LINKER/LOCATER V6.22.2.0                                                  10/01/2020  09:24:10  PAGE 7


  +--> ?PR?MAIN?MAIN
  +--> ?C_INITSEG

?PR?MAIN?MAIN                                    -----    -----      -----    -----      0000H    0002H
  +--> ?PR?INI_TIMER?MAIN
  +--> ?PR?ON_TIMER0_INTERRUP?MAIN
  +--> ?PR?COM_INITIALIZE?UART
  +--> ?PR?COM_BAUDRATE?UART
  +--> ?PR?INICIA_BOARD?MAIN
  +--> ?PR?TIME_BIT?TIBBO
  +--> ?PR?_DELAY_20US?DELAY
  +--> ?PR?TIME_MBIT?TIBBO
  +--> ?PR?_TX_AUX?TIBBO
  +--> ?PR?SEL_FUNCION?IO_SENSORES
  +--> ?PR?MENU?PROG
  +--> ?PR?VARIABLE_INICIO?MAIN
  +--> ?PR?SECUENCIA_INICIO_EXPEDIDOR?VERIFI...
  +--> ?PR?RX_MONITOR?MONITOR
  +--> ?PR?_SECUENCIAEXPEDIDORMF?VERIFICADOR
  +--> ?PR?_RECIBE_PORT?PTO_PARALELO
  +--> ?PR?_DEBUG_PTO_PARALELO?TIBBO
  +--> ?PR?_VALIDA_TRAMA_PTO?ACCESCAN
  +--> ?PR?MSJ_LCD_INFORMATIVO?IO_SENSORES

?PR?COM_INITIALIZE?UART                          -----    -----      -----    -----      -----    -----
  +--> ?PR?COM_BAUDRATE?UART

?PR?INICIA_BOARD?MAIN                            -----    -----      -----    -----      -----    -----
  +--> ?PR?COND_INI_TIBBO?TIBBO
  +--> ?PR?COND_INI_CLOCK?CLOCK
  +--> ?PR?COND_INI_PTO?PTO_PARALELO

?PR?_TX_AUX?TIBBO                                -----    -----      -----    -----      -----    -----
  +--> ?PR?TIME_BIT?TIBBO

?PR?MENU?PROG                                    -----    -----      -----    -----      0002H    0045H
  +--> ?CO?PROG
  +--> ?PR?PRINTF?PRINTF
  +--> ?PR?_RD_EEPROM?EEPROM
  +--> ?PR?FIRST_CLAVE?PROG
  +--> ?PR?_WR_EEPROM?EEPROM
  +--> ?PR?_LEERMEMORIA?EEPROM
  +--> ?PR?_HASH_ID?PROG
  +--> ?PR?_INGRESADATO?PROG
  +--> ?PR?_GETCMD?PROG
  +--> ?PR?_ESCRIBIRMEMORIA?EEPROM
  +--> ?PR?_VALIDARCLAVE?PROG
  +--> ?PR?DISPLAYCURSOR?PROG
  +--> ?PR?_STRLEN?STRLEN
  +--> ?PR?_GETOPTION?PROG
  +--> ?PR?_STRCAT?STRCAT
  +--> ?PR?_LISTACOMANDOS?PROG
  +--> ?PR?PROG_ID_CLIENTE?PROG
  +--> ?PR?PROG_COD_PARK?PROG
  +--> ?PR?PROG_TIEMPO_GRACIA?PROG
  +--> ?PR?PROG_SIN_COBRO?PROG
  +--> ?PR?PROG_DEBUG?PROG
BL51 BANKED LINKER/LOCATER V6.22.2.0                                                  10/01/2020  09:24:10  PAGE 8


  +--> ?PR?PROG_USE_LPR?PROG
  +--> ?PR?TIPO_PANTALLA?PROG
  +--> ?PR?PROG_TARJETA_AUTOMATICA_O_BOTON?PROG
  +--> ?PR?PROG_ANTIPASSBACK?PROG
  +--> ?PR?PROG_PLACA?PROG
  +--> ?PR?PROG_ADDRESS_HIGH_BOARD?PROG
  +--> ?PR?PROG_HORARIOS?PROG
  +--> ?PR?PROG_VALIDAR_TIPO_VEHICULO_MENSUA...
  +--> ?PR?PROG_APB_MENSUAL?PROG
  +--> ?PR?VER_PROG?PROG
  +--> ?PR?SHOW?PROG
  +--> ?PR?PROG_FECHA_VENCIMIENTO?PROG

?PR?PRINTF?PRINTF                                0020H.0  0001H.1    0008H    0005H      0078H    0030H
  +--> ?PR?_PUTCHAR?MAIN

?PR?_PUTCHAR?MAIN                                -----    -----      -----    -----      00A8H    0003H
  +--> ?PR?_COM_PUTCHAR?UART

?PR?_COM_PUTCHAR?UART                            -----    -----      -----    -----      00ABH    0001H
  +--> ?PR?COM_TBUFLEN?UART

?PR?_RD_EEPROM?EEPROM                            -----    -----      -----    -----      -----    -----
  +--> ?PR?START?EEPROM
  +--> ?PR?ACK_LECT?EEPROM
  +--> ?PR?_E_D_M?EEPROM
  +--> ?PR?ACKD?EEPROM
  +--> ?PR?L_D_M?EEPROM
  +--> ?PR?STOP?EEPROM

?PR?ACK_LECT?EEPROM                              -----    -----      -----    -----      -----    -----
  +--> ?PR?_E_D_M?EEPROM

?PR?_E_D_M?EEPROM                                -----    -----      -----    -----      -----    -----
  +--> ?PR?P_ME?EEPROM

?PR?ACKD?EEPROM                                  -----    -----      -----    -----      -----    -----
  +--> ?PR?_E_D_M?EEPROM

?PR?FIRST_CLAVE?PROG                             -----    -----      -----    -----      0047H    000BH
  +--> ?PR?_BLOCK_READ_CLOCK_ASCII?CLOCK
  +--> ?PR?_HASH_ID?PROG
  +--> ?PR?_ESCRIBIRMEMORIA?EEPROM

?PR?_BLOCK_READ_CLOCK_ASCII?CLOCK                -----    -----      -----    -----      0052H    0003H
  +--> ?PR?_LEE_CLK?CLOCK

?PR?_LEE_CLK?CLOCK                               -----    -----      -----    -----      00B2H    0003H
  +--> ?PR?_DELAY_20US?DELAY
  +--> ?PR?_EB_CLK?CLOCK
  +--> ?PR?P_CK?CLOCK

?PR?_EB_CLK?CLOCK                                -----    -----      -----    -----      00B5H    0003H
  +--> ?PR?P_CK?CLOCK

?PR?P_CK?CLOCK                                   -----    -----      -----    -----      -----    -----
  +--> ?PR?DELAY?DELAY
BL51 BANKED LINKER/LOCATER V6.22.2.0                                                  10/01/2020  09:24:10  PAGE 9



?PR?_HASH_ID?PROG                                -----    -----      -----    -----      005EH    003FH
  +--> ?CO?PROG
  +--> ?PR?_LEERMEMORIA?EEPROM
  +--> ?PR?_CHECK_FECHAOUT?CLOCK
  +--> ?PR?_STRLEN?STRLEN

?PR?_LEERMEMORIA?EEPROM                          -----    -----      -----    -----      009DH    0005H
  +--> ?PR?_RD_EEPROM?EEPROM

?PR?_CHECK_FECHAOUT?CLOCK                        -----    -----      -----    -----      009DH    0012H
  +--> ?PR?_BLOCK_READ_CLOCK_HEX?CLOCK

?PR?_BLOCK_READ_CLOCK_HEX?CLOCK                  -----    -----      -----    -----      00AFH    0003H
  +--> ?PR?_LEE_CLK?CLOCK
  +--> ?PR?_BCD_HEX?CLOCK

?PR?_ESCRIBIRMEMORIA?EEPROM                      -----    -----      -----    -----      005EH    0005H
  +--> ?PR?_WR_EEPROM?EEPROM

?PR?_WR_EEPROM?EEPROM                            -----    -----      -----    -----      -----    -----
  +--> ?PR?START?EEPROM
  +--> ?PR?ACKD?EEPROM
  +--> ?PR?_E_D_M?EEPROM
  +--> ?PR?STOP?EEPROM
  +--> ?PR?_DELAY_1MS?DELAY
  +--> ?PR?_DELAY_20US?DELAY

?PR?_DELAY_1MS?DELAY                             -----    -----      -----    -----      -----    -----
  +--> ?PR?_DELAY_20US?DELAY

?PR?_INGRESADATO?PROG                            -----    -----      -----    -----      0072H    0004H
  +--> ?PR?_GETKEY?MAIN
  +--> ?CO?PROG
  +--> ?PR?PRINTF?PRINTF
  +--> ?PR?_PUTCHAR?MAIN

?PR?_GETKEY?MAIN                                 -----    -----      -----    -----      -----    -----
  +--> ?PR?COM_GETCHAR?UART

?PR?COM_GETCHAR?UART                             -----    -----      -----    -----      -----    -----
  +--> ?PR?COM_RBUFLEN?UART

?PR?_GETCMD?PROG                                 -----    -----      -----    -----      005EH    0007H
  +--> ?CO?PROG
  +--> ?PR?_STRTOK?STRTOK

?PR?_STRTOK?STRTOK                               -----    -----      -----    -----      0065H    0006H
  +--> ?PR?_STRSPN?STRSPN
  +--> ?PR?_STRPBRK?STRPBRK

?PR?_STRSPN?STRSPN                               -----    -----      -----    -----      006BH    0008H

?PR?_STRPBRK?STRPBRK                             -----    -----      -----    -----      006BH    0009H

?PR?_VALIDARCLAVE?PROG                           -----    -----      -----    -----      005EH    000EH

BL51 BANKED LINKER/LOCATER V6.22.2.0                                                  10/01/2020  09:24:10  PAGE 10


?PR?DISPLAYCURSOR?PROG                           -----    -----      -----    -----      -----    -----
  +--> ?CO?PROG
  +--> ?PR?PRINTF?PRINTF

?PR?_GETOPTION?PROG                              -----    -----      -----    -----      0047H    000BH
  +--> ?CO?PROG
  +--> ?PR?_STRTOK?STRTOK

?PR?_STRCAT?STRCAT                               -----    -----      -----    -----      0047H    0009H

?PR?_LISTACOMANDOS?PROG                          -----    -----      -----    -----      0047H    0007H

?PR?PROG_ID_CLIENTE?PROG                         -----    -----      -----    -----      0047H    000CH
  +--> ?PR?_RD_EEPROM?EEPROM
  +--> ?CO?PROG
  +--> ?PR?PRINTF?PRINTF
  +--> ?PR?_INGRESADATO?PROG
  +--> ?PR?_ATOI?ATOI
  +--> ?PR?_WR_EEPROM?EEPROM

?PR?_ATOI?ATOI                                   0020H.0  0000H.1    -----    -----      0072H    0005H
  +--> ?PR?_ISSPACE?ISSPACE
  +--> ?PR?_ISDIGIT?ISDIGIT

?PR?PROG_COD_PARK?PROG                           -----    -----      -----    -----      0047H    000CH
  +--> ?PR?_RD_EEPROM?EEPROM
  +--> ?CO?PROG
  +--> ?PR?PRINTF?PRINTF
  +--> ?PR?_INGRESADATO?PROG
  +--> ?PR?_ATOI?ATOI
  +--> ?PR?_WR_EEPROM?EEPROM

?PR?PROG_TIEMPO_GRACIA?PROG                      -----    -----      -----    -----      0047H    000CH
  +--> ?PR?_RD_EEPROM?EEPROM
  +--> ?CO?PROG
  +--> ?PR?PRINTF?PRINTF
  +--> ?PR?_INGRESADATO?PROG
  +--> ?PR?_ATOI?ATOI
  +--> ?PR?_WR_EEPROM?EEPROM

?PR?PROG_SIN_COBRO?PROG                          -----    -----      -----    -----      0047H    000CH
  +--> ?PR?_RD_EEPROM?EEPROM
  +--> ?CO?PROG
  +--> ?PR?PRINTF?PRINTF
  +--> ?PR?_INGRESADATO?PROG
  +--> ?PR?_ATOI?ATOI
  +--> ?PR?_WR_EEPROM?EEPROM

?PR?PROG_DEBUG?PROG                              -----    -----      -----    -----      0047H    000CH
  +--> ?PR?_RD_EEPROM?EEPROM
  +--> ?CO?PROG
  +--> ?PR?PRINTF?PRINTF
  +--> ?PR?_INGRESADATO?PROG
  +--> ?PR?_ATOI?ATOI
  +--> ?PR?_WR_EEPROM?EEPROM

?PR?PROG_USE_LPR?PROG                            -----    -----      -----    -----      0047H    000CH
BL51 BANKED LINKER/LOCATER V6.22.2.0                                                  10/01/2020  09:24:10  PAGE 11


  +--> ?PR?_RD_EEPROM?EEPROM
  +--> ?CO?PROG
  +--> ?PR?PRINTF?PRINTF
  +--> ?PR?_INGRESADATO?PROG
  +--> ?PR?_ATOI?ATOI
  +--> ?PR?_WR_EEPROM?EEPROM

?PR?TIPO_PANTALLA?PROG                           -----    -----      -----    -----      0047H    000CH
  +--> ?PR?_RD_EEPROM?EEPROM
  +--> ?CO?PROG
  +--> ?PR?PRINTF?PRINTF
  +--> ?PR?_INGRESADATO?PROG
  +--> ?PR?_ATOI?ATOI
  +--> ?PR?_WR_EEPROM?EEPROM

?PR?PROG_TARJETA_AUTOMATICA_O_BOTON?PROG         -----    -----      -----    -----      0047H    000CH
  +--> ?PR?_RD_EEPROM?EEPROM
  +--> ?CO?PROG
  +--> ?PR?PRINTF?PRINTF
  +--> ?PR?_INGRESADATO?PROG
  +--> ?PR?_ATOI?ATOI
  +--> ?PR?_WR_EEPROM?EEPROM

?PR?PROG_ANTIPASSBACK?PROG                       -----    -----      -----    -----      0047H    000CH
  +--> ?PR?_RD_EEPROM?EEPROM
  +--> ?CO?PROG
  +--> ?PR?PRINTF?PRINTF
  +--> ?PR?_INGRESADATO?PROG
  +--> ?PR?_ATOI?ATOI
  +--> ?PR?_WR_EEPROM?EEPROM

?PR?PROG_PLACA?PROG                              -----    -----      -----    -----      0047H    000CH
  +--> ?PR?_RD_EEPROM?EEPROM
  +--> ?CO?PROG
  +--> ?PR?PRINTF?PRINTF
  +--> ?PR?_INGRESADATO?PROG
  +--> ?PR?_ATOI?ATOI
  +--> ?PR?_WR_EEPROM?EEPROM

?PR?PROG_ADDRESS_HIGH_BOARD?PROG                 -----    -----      -----    -----      0047H    000CH
  +--> ?PR?_RD_EEPROM?EEPROM
  +--> ?CO?PROG
  +--> ?PR?PRINTF?PRINTF
  +--> ?PR?_INGRESADATO?PROG
  +--> ?PR?_ATOI?ATOI
  +--> ?PR?_WR_EEPROM?EEPROM

?PR?PROG_HORARIOS?PROG                           -----    -----      -----    -----      0047H    001BH
  +--> ?PR?ADDR_HORARIOS?PROG
  +--> ?CO?PROG
  +--> ?PR?PRINTF?PRINTF
  +--> ?PR?_INGRESADATO?PROG
  +--> ?PR?_ATOI?ATOI
  +--> ?PR?_PROG_HORARIOS_ON_OFF?PROG
  +--> ?PR?_WR_EEPROM?EEPROM
  +--> ?PR?_PROG_HORARIO_DIAS?PROG
  +--> ?PR?_PROG_HORARIO_DESDE_HASTA?PROG
BL51 BANKED LINKER/LOCATER V6.22.2.0                                                  10/01/2020  09:24:10  PAGE 12


  +--> ?PR?_RD_EEPROM?EEPROM

?PR?ADDR_HORARIOS?PROG                           -----    -----      -----    -----      0075H    000BH

?PR?_PROG_HORARIOS_ON_OFF?PROG                   -----    -----      -----    -----      0062H    0010H
  +--> ?PR?_RD_EEPROM?EEPROM
  +--> ?CO?PROG
  +--> ?PR?PRINTF?PRINTF
  +--> ?PR?_INGRESADATO?PROG
  +--> ?PR?_ATOI?ATOI
  +--> ?PR?_WR_EEPROM?EEPROM

?PR?_PROG_HORARIO_DIAS?PROG                      -----    -----      -----    -----      0062H    000FH
  +--> ?CO?PROG
  +--> ?PR?PRINTF?PRINTF
  +--> ?PR?_INGRESADATO?PROG
  +--> ?PR?_WR_EEPROM?EEPROM
  +--> ?PR?_RD_EEPROM?EEPROM

?PR?_PROG_HORARIO_DESDE_HASTA?PROG               -----    -----      -----    -----      0062H    000CH
  +--> ?CO?PROG
  +--> ?PR?PRINTF?PRINTF
  +--> ?PR?_INGRESADATO?PROG
  +--> ?PR?_WR_EEPROM?EEPROM
  +--> ?PR?_RD_EEPROM?EEPROM

?PR?PROG_VALIDAR_TIPO_VEHICULO_MENSUA...         -----    -----      -----    -----      0047H    000CH
  +--> ?PR?_RD_EEPROM?EEPROM
  +--> ?CO?PROG
  +--> ?PR?PRINTF?PRINTF
  +--> ?PR?_INGRESADATO?PROG
  +--> ?PR?_ATOI?ATOI
  +--> ?PR?_WR_EEPROM?EEPROM

?PR?PROG_APB_MENSUAL?PROG                        -----    -----      -----    -----      0047H    000CH
  +--> ?PR?_RD_EEPROM?EEPROM
  +--> ?CO?PROG
  +--> ?PR?PRINTF?PRINTF
  +--> ?PR?_INGRESADATO?PROG
  +--> ?PR?_ATOI?ATOI
  +--> ?PR?_WR_EEPROM?EEPROM

?PR?VER_PROG?PROG                                -----    -----      -----    -----      0047H    0013H
  +--> ?PR?_RD_EEPROM?EEPROM
  +--> ?CO?PROG
  +--> ?PR?PRINTF?PRINTF
  +--> ?PR?VER_HORARIO?PROG
  +--> ?PR?_LEERMEMORIA?EEPROM
  +--> ?PR?_HEX_ASCII?CLOCK

?PR?VER_HORARIO?PROG                             -----    -----      -----    -----      005AH    001BH
  +--> ?PR?ADDR_HORARIOS?PROG
  +--> ?CO?PROG
  +--> ?PR?PRINTF?PRINTF
  +--> ?PR?_RD_EEPROM?EEPROM
  +--> ?PR?_VER_HORARIO_DIAS?PROG
  +--> ?PR?_VER_HORARIO_DESDE_HASTA?PROG
BL51 BANKED LINKER/LOCATER V6.22.2.0                                                  10/01/2020  09:24:10  PAGE 13



?PR?_VER_HORARIO_DIAS?PROG                       -----    -----      -----    -----      0075H    0003H
  +--> ?PR?_RD_EEPROM?EEPROM
  +--> ?CO?PROG
  +--> ?PR?PRINTF?PRINTF

?PR?_VER_HORARIO_DESDE_HASTA?PROG                -----    -----      -----    -----      0075H    0002H
  +--> ?CO?PROG
  +--> ?PR?PRINTF?PRINTF
  +--> ?PR?_RD_EEPROM?EEPROM

?PR?_HEX_ASCII?CLOCK                             -----    -----      -----    -----      005EH    0006H
  +--> ?PR?_HEX_BCD?CLOCK

?PR?SHOW?PROG                                    -----    -----      -----    -----      -----    -----
  +--> ?CO?PROG
  +--> ?PR?PRINTF?PRINTF

?PR?PROG_FECHA_VENCIMIENTO?PROG                  -----    -----      -----    -----      0047H    0017H
  +--> ?PR?_LEERMEMORIA?EEPROM
  +--> ?PR?_HEX_ASCII?CLOCK
  +--> ?CO?PROG
  +--> ?PR?PRINTF?PRINTF
  +--> ?PR?_HASH_ID?PROG
  +--> ?PR?_INGRESADATO?PROG
  +--> ?PR?_GETCMD?PROG
  +--> ?PR?_ESCRIBIRMEMORIA?EEPROM
  +--> ?PR?_VALIDARCLAVE?PROG
  +--> ?PR?_ATOI?ATOI
  +--> ?PR?_WR_EEPROM?EEPROM

?PR?VARIABLE_INICIO?MAIN                         -----    -----      -----    -----      -----    -----
  +--> ?PR?_RD_EEPROM?EEPROM

?PR?SECUENCIA_INICIO_EXPEDIDOR?VERIFI...         -----    -----      -----    -----      0002H    0001H
  +--> ?PR?_INICIALIZA?LINTECH
  +--> ?PR?TRAMA_VALIDACION_P_N?VERIFICADOR
  +--> ?CO?VERIFICADOR
  +--> ?PR?_DEBUG_TXT_TIBBO?TIBBO
  +--> ?PR?_DEBUGBUFFERMF?TIBBO
  +--> ?PR?DWLOAD_EEPROM?LINTECH

?PR?_INICIALIZA?LINTECH                          -----    -----      -----    -----      0003H    000CH
  +--> ?CO?LINTECH
  +--> ?PR?_DEBUG_TXT_TIBBO?TIBBO
  +--> ?PR?_DEBUGBUFFERMF?TIBBO
  +--> ?PR?_ESCRIBIRCADENASOFT_BUFFER?MAIN

?PR?_DEBUG_TXT_TIBBO?TIBBO                       -----    -----      -----    -----      0038H    0004H
  +--> ?PR?_DEBUG_CHR_TIBBO?TIBBO
  +--> ?CO?TIBBO
  +--> ?PR?_TX_AUX?TIBBO

?PR?_DEBUG_CHR_TIBBO?TIBBO                       -----    -----      -----    -----      -----    -----
  +--> ?PR?_TX_AUX?TIBBO

?PR?_DEBUGBUFFERMF?TIBBO                         -----    -----      -----    -----      0028H    0006H
BL51 BANKED LINKER/LOCATER V6.22.2.0                                                  10/01/2020  09:24:10  PAGE 14


  +--> ?CO?TIBBO
  +--> ?PR?_DEBUG_TXT_TIBBO?TIBBO
  +--> ?PR?_DEBUG_CHR_TIBBO?TIBBO
  +--> ?PR?_TX_AUX?TIBBO

?PR?_ESCRIBIRCADENASOFT_BUFFER?MAIN              -----    -----      -----    -----      0028H    0006H
  +--> ?PR?_PUTCHAR?MAIN

?PR?TRAMA_VALIDACION_P_N?VERIFICADOR             -----    -----      -----    -----      -----    -----
  +--> ?CO?VERIFICADOR
  +--> ?PR?_DEBUG_TXT_TIBBO?TIBBO

?PR?DWLOAD_EEPROM?LINTECH                        -----    -----      -----    -----      0003H    0016H
  +--> ?CO?LINTECH
  +--> ?PR?_DEBUG_TXT_TIBBO?TIBBO
  +--> ?PR?_DEBUGBUFFERMF?TIBBO
  +--> ?PR?_ESCRIBIRCADENASOFT_BUFFER?MAIN

?PR?RX_MONITOR?MONITOR                           -----    -----      -----    -----      0008H    000DH
  +--> ?PR?_RECIBE_CMD_MONITOR?MONITOR
  +--> ?PR?_DEBUG_MONITOR?TIBBO
  +--> ?PR?_VALIDA_TRAMA_MONITOR?MONITOR

?PR?_RECIBE_CMD_MONITOR?MONITOR                  -----    -----      -----    -----      0015H    0009H
  +--> ?PR?RX_DATA?TIBBO

?PR?RX_DATA?TIBBO                                -----    -----      -----    -----      -----    -----
  +--> ?PR?TIME_MBIT?TIBBO
  +--> ?PR?TIME_BIT?TIBBO

?PR?_DEBUG_MONITOR?TIBBO                         -----    -----      -----    -----      0015H    0004H
  +--> ?PR?DEBUG_DIVIDIR_TEXTO?TIBBO
  +--> ?CO?TIBBO
  +--> ?PR?_DEBUG_TXT_TIBBO?TIBBO

?PR?DEBUG_DIVIDIR_TEXTO?TIBBO                    -----    -----      -----    -----      -----    -----
  +--> ?CO?TIBBO
  +--> ?PR?_DEBUG_TXT_TIBBO?TIBBO

?PR?_VALIDA_TRAMA_MONITOR?MONITOR                -----    -----      -----    -----      0015H    0003H

?PR?_SECUENCIAEXPEDIDORMF?VERIFICADOR            -----    -----      -----    -----      0002H    0001H
  +--> ?PR?_CHECK_STATUS?LINTECH
  +--> ?PR?_LOAD_SECUENCIA_EXPEDIDOR?VERIFIC...
  +--> ?PR?_RTA_CMD_TRANSPORTE?VERIFICADOR
  +--> ?PR?RESPONDE_ESTADO_SENSORES_TRANSPOR...
  +--> ?PR?RESPONDE_TIPO_TARJETA?VERIFICADOR
  +--> ?PR?_RESPONDE_LECTURA_TARJETA_SECTOR1...
  +--> ?PR?_RESPONDE_LECTURA_TARJETA_SECTOR1...
  +--> ?PR?_RESPONDE_LECTURA_TARJETA_SECTOR1...
  +--> ?PR?_RESPONDE_WRITE_TARJETA_SECTOR1_B...
  +--> ?PR?_RESPONDE_WRITE_TARJETA_SECTOR2_B...
  +--> ?PR?_RESPONDE_WRITE_TARJETA_SECTOR1_B...
  +--> ?PR?_DISPARO_LOCK_ENTRADA_VEHICULO?VE...
  +--> ?PR?_RESPUESTA_SEGUNDA_CLAVE?VERIFICADOR
  +--> ?PR?ANALIZA_PRESENCIA_MENSUAL?VERIFIC...
  +--> ?PR?_ANALIZA_UID_CARD?VERIFICADOR
BL51 BANKED LINKER/LOCATER V6.22.2.0                                                  10/01/2020  09:24:10  PAGE 15


  +--> ?CO?VERIFICADOR
  +--> ?PR?_DEBUG_TXT_TIBBO?TIBBO
  +--> ?PR?_MOV_CARD?LINTECH
  +--> ?PR?_CARD_INSERCION?LINTECH
  +--> ?PR?AUT_CARD_CHECK_STATUS?LINTECH
  +--> ?PR?LOADVERIFY_EEPROM?LINTECH
  +--> ?PR?_RD_MF?LINTECH
  +--> ?PR?_WR_MF?LINTECH
  +--> ?PR?DWLOAD_EEPROM?LINTECH
  +--> ?PR?ENTREGA_CARD_CAPTURA?VERIFICADOR
  +--> ?PR?_SEND_PTO_PARALELO?VERIFICADOR
  +--> ?PR?_WAIT_PLACA?VERIFICADOR
  +--> ?PR?UNIQUE_IDENTIFIER_UID?LINTECH
  +--> ?PR?_PREGUNTA_LPR?VERIFICADOR
  +--> ?PR?_VALIDA_TIPO_TARJETA?VERIFICADOR
  +--> ?PR?ANALIZA_PRESENCIA_ROTACION?VERIFI...
  +--> ?PR?POWER_OFF?LINTECH

?PR?_CHECK_STATUS?LINTECH                        -----    -----      -----    -----      0003H    000BH
  +--> ?CO?LINTECH
  +--> ?PR?_DEBUG_TXT_TIBBO?TIBBO
  +--> ?PR?_DEBUGBUFFERMF?TIBBO
  +--> ?PR?_ESCRIBIRCADENASOFT_BUFFER?MAIN

?PR?_LOAD_SECUENCIA_EXPEDIDOR?VERIFIC...         -----    -----      -----    -----      0008H    0009H

?PR?_RTA_CMD_TRANSPORTE?VERIFICADOR              -----    -----      -----    -----      0003H    0005H
  +--> ?PR?TRAMA_VALIDACION_P_N?VERIFICADOR
  +--> ?CO?VERIFICADOR
  +--> ?PR?_DEBUG_TXT_TIBBO?TIBBO
  +--> ?PR?_DEBUGBUFFERMF?TIBBO
  +--> ?PR?ERROR_RX_PTO?VERIFICADOR

?PR?ERROR_RX_PTO?VERIFICADOR                     -----    -----      -----    -----      0008H    0001H
  +--> ?CO?VERIFICADOR
  +--> ?PR?_DEBUG_TXT_TIBBO?TIBBO
  +--> ?PR?_DEBUG_CHR_TIBBO?TIBBO
  +--> ?PR?_DELAY_10MS?DELAY

?PR?_DELAY_10MS?DELAY                            -----    -----      -----    -----      0009H    0004H
  +--> ?PR?_DELAY_1MS?DELAY

?PR?RESPONDE_ESTADO_SENSORES_TRANSPOR...         -----    -----      -----    -----      0003H    0001H
  +--> ?CO?VERIFICADOR
  +--> ?PR?_DEBUG_TXT_TIBBO?TIBBO
  +--> ?PR?_SEND_PORTERR?PTO_PARALELO
  +--> ?PR?INGRESO_VEHICULO?VERIFICADOR

?PR?_SEND_PORTERR?PTO_PARALELO                   -----    -----      -----    -----      002BH    0006H
  +--> ?PR?PULSO_BUS?PTO_PARALELO
  +--> ?PR?_DELAY_20US?DELAY

?PR?PULSO_BUS?PTO_PARALELO                       -----    -----      -----    -----      -----    -----
  +--> ?PR?_DELAY_20US?DELAY

?PR?INGRESO_VEHICULO?VERIFICADOR                 -----    -----      -----    -----      -----    -----
  +--> ?PR?VALIDASENSORESPASO?IO_SENSORES
BL51 BANKED LINKER/LOCATER V6.22.2.0                                                  10/01/2020  09:24:10  PAGE 16


  +--> ?PR?_RD_EEPROM?EEPROM
  +--> ?CO?VERIFICADOR
  +--> ?PR?_DEBUG_TXT_TIBBO?TIBBO
  +--> ?PR?_PANTALLALCD?PANTALLAS
  +--> ?PR?SEL_PULSA?IO_SENSORES

?PR?VALIDASENSORESPASO?IO_SENSORES               -----    -----      -----    -----      0011H    0001H
  +--> ?PR?SEL_SENSOR2?IO_SENSORES
  +--> ?PR?VALIDASENSOR?IO_SENSORES
  +--> ?PR?VALIDA_SENSOR1_AUTO?IO_SENSORES
  +--> ?CO?IO_SENSORES
  +--> ?PR?_DEBUG_TXT_TIBBO?TIBBO

?PR?VALIDA_SENSOR1_AUTO?IO_SENSORES              -----    -----      -----    -----      0012H    0001H
  +--> ?PR?SEL_SENSOR1?IO_SENSORES
  +--> ?PR?SEL_AUTO?IO_SENSORES
  +--> ?CO?IO_SENSORES
  +--> ?PR?_DEBUG_TXT_TIBBO?TIBBO

?PR?_PANTALLALCD?PANTALLAS                       -----    -----      -----    -----      002BH    000AH
  +--> ?CO?PANTALLAS
  +--> ?PR?_INIT_MEMPOOL?INIT_MEM
  +--> ?PR?_MALLOC?MALLOC
  +--> ?PR?_LCD_TXT?PANTALLAS
  +--> ?PR?_STRLEN?STRLEN
  +--> ?PR?_TX_CHRLCD?PANTALLAS
  +--> ?PR?_RASPBERRY_DATA?PANTALLAS
  +--> ?PR?_FREE?FREE

?PR?_MALLOC?MALLOC                               -----    -----      -----    -----      0035H    0006H

?PR?_LCD_TXT?PANTALLAS                           -----    -----      -----    -----      0035H    0005H
  +--> ?PR?_TX_CHRLCD?PANTALLAS

?PR?_TX_CHRLCD?PANTALLAS                         -----    -----      -----    -----      003AH    0002H
  +--> ?PR?_PUTCHAR?MAIN

?PR?_RASPBERRY_DATA?PANTALLAS                    -----    -----      -----    -----      0035H    0006H
  +--> ?PR?_STRLEN?STRLEN
  +--> ?PR?_PUTCHAR?MAIN

?PR?_FREE?FREE                                   -----    -----      -----    -----      0035H    0006H

?PR?RESPONDE_TIPO_TARJETA?VERIFICADOR            -----    -----      -----    -----      0003H    0001H
  +--> ?CO?VERIFICADOR
  +--> ?PR?_DEBUG_TXT_TIBBO?TIBBO
  +--> ?PR?_SEND_PORTERR?PTO_PARALELO
  +--> ?PR?_PANTALLALCD?PANTALLAS
  +--> ?PR?CAPTURA_EXPULSA?VERIFICADOR

?PR?_RESPONDE_LECTURA_TARJETA_SECTOR1...         -----    -----      -----    -----      0003H    0016H
  +--> ?CO?VERIFICADOR
  +--> ?PR?_DEBUG_TXT_TIBBO?TIBBO
  +--> ?PR?_DEBUGBUFFERMF?TIBBO
  +--> ?PR?_RD_EEPROM?EEPROM
  +--> ?PR?_DEBUG_HEXDEC?TIBBO
  +--> ?PR?_DEBUG_CHR_TIBBO?TIBBO
BL51 BANKED LINKER/LOCATER V6.22.2.0                                                  10/01/2020  09:24:10  PAGE 17


  +--> ?PR?_SEND_PORTERR?PTO_PARALELO
  +--> ?PR?_PANTALLALCD?PANTALLAS
  +--> ?PR?CAPTURA_EXPULSA?VERIFICADOR

?PR?_DEBUG_HEXDEC?TIBBO                          -----    -----      -----    -----      0019H    0002H
  +--> ?PR?_TX_AUX?TIBBO

?PR?_RESPONDE_LECTURA_TARJETA_SECTOR1...         -----    -----      -----    -----      0003H    0004H
  +--> ?CO?VERIFICADOR
  +--> ?PR?_DEBUG_TXT_TIBBO?TIBBO
  +--> ?PR?CAPTURA_EXPULSA?VERIFICADOR

?PR?_RESPONDE_LECTURA_TARJETA_SECTOR1...         -----    -----      -----    -----      0003H    0015H
  +--> ?CO?VERIFICADOR
  +--> ?PR?_DEBUG_TXT_TIBBO?TIBBO
  +--> ?PR?_DEBUGBUFFERMF?TIBBO
  +--> ?PR?_DEBUG_CHR_TIBBO?TIBBO
  +--> ?PR?CAPTURA_EXPULSA?VERIFICADOR

?PR?_RESPONDE_WRITE_TARJETA_SECTOR1_B...         -----    -----      -----    -----      0003H    0007H
  +--> ?CO?VERIFICADOR
  +--> ?PR?_DEBUG_TXT_TIBBO?TIBBO
  +--> ?PR?_DEBUGBUFFERMF?TIBBO
  +--> ?PR?_ARMAR_TRAMA_TARJETA_SECTOR1_BLOQ...

?PR?_ARMAR_TRAMA_TARJETA_SECTOR1_BLOQ...         -----    -----      -----    -----      000AH    0003H
  +--> ?PR?LEE_NO_TICKET?EEPROM

?PR?LEE_NO_TICKET?EEPROM                         -----    -----      -----    -----      001EH    000BH
  +--> ?PR?READ_EEPROM_TICKET?EEPROM
  +--> ?CO?EEPROM
  +--> ?PR?PRINTF?PRINTF
  +--> ?PR?_STRLEN?STRLEN
  +--> ?PR?_DEBUG_TXT_TIBBO?TIBBO

?PR?READ_EEPROM_TICKET?EEPROM                    -----    -----      -----    -----      0029H    0007H
  +--> ?PR?_RD_EEPROM?EEPROM

?PR?_RESPONDE_WRITE_TARJETA_SECTOR2_B...         -----    -----      -----    -----      0003H    0003H
  +--> ?CO?VERIFICADOR
  +--> ?PR?_DEBUG_TXT_TIBBO?TIBBO
  +--> ?PR?_DEBUGBUFFERMF?TIBBO

?PR?_RESPONDE_WRITE_TARJETA_SECTOR1_B...         -----    -----      -----    -----      0003H    0003H
  +--> ?CO?VERIFICADOR
  +--> ?PR?_DEBUG_TXT_TIBBO?TIBBO
  +--> ?PR?_DEBUGBUFFERMF?TIBBO

?PR?_DISPARO_LOCK_ENTRADA_VEHICULO?VE...         -----    -----      -----    -----      0003H    0004H
  +--> ?CO?VERIFICADOR
  +--> ?PR?_DEBUG_TXT_TIBBO?TIBBO
  +--> ?PR?_PANTALLALCD?PANTALLAS
  +--> ?PR?_SEND_PORTERR?PTO_PARALELO
  +--> ?PR?_PANTALLALCD_LINEA_2?PANTALLAS
  +--> ?PR?VALIDA_SENSOR1_AUTO?IO_SENSORES

?PR?_PANTALLALCD_LINEA_2?PANTALLAS               -----    -----      -----    -----      0011H    000DH
BL51 BANKED LINKER/LOCATER V6.22.2.0                                                  10/01/2020  09:24:10  PAGE 18


  +--> ?CO?PANTALLAS
  +--> ?PR?_INIT_MEMPOOL?INIT_MEM
  +--> ?PR?_MALLOC?MALLOC
  +--> ?PR?_LCD_TXT?PANTALLAS
  +--> ?PR?_STRLEN?STRLEN
  +--> ?PR?_TX_CHRLCD?PANTALLAS
  +--> ?PR?_RASPBERRY_DATA?PANTALLAS
  +--> ?PR?LEE_NO_TICKET?EEPROM
  +--> ?PR?_STRCAT?STRCAT
  +--> ?PR?_FREE?FREE

?PR?_RESPUESTA_SEGUNDA_CLAVE?VERIFICADOR         -----    -----      -----    -----      0003H    0006H
  +--> ?CO?VERIFICADOR
  +--> ?PR?_DEBUG_TXT_TIBBO?TIBBO
  +--> ?PR?_DEBUGBUFFERMF?TIBBO
  +--> ?PR?_ARMAR_TRAMA_PLACA?VERIFICADOR

?PR?_ARMAR_TRAMA_PLACA?VERIFICADOR               -----    -----      -----    -----      0009H    0003H

?PR?ANALIZA_PRESENCIA_MENSUAL?VERIFIC...         -----    -----      -----    -----      0003H    0001H
  +--> ?PR?VALIDASENSORESPASO?IO_SENSORES
  +--> ?PR?_SEND_PORTERR?PTO_PARALELO
  +--> ?PR?_PANTALLALCD?PANTALLAS

?PR?_ANALIZA_UID_CARD?VERIFICADOR                -----    -----      -----    -----      0003H    0015H
  +--> ?CO?VERIFICADOR
  +--> ?PR?_DEBUG_TXT_TIBBO?TIBBO
  +--> ?PR?_DEBUGBUFFERMF?TIBBO
  +--> ?PR?_DEBUG_CHR_TIBBO?TIBBO

?PR?_MOV_CARD?LINTECH                            -----    -----      -----    -----      0003H    000CH
  +--> ?CO?LINTECH
  +--> ?PR?_DEBUG_TXT_TIBBO?TIBBO
  +--> ?PR?_DEBUGBUFFERMF?TIBBO
  +--> ?PR?_ESCRIBIRCADENASOFT_BUFFER?MAIN

?PR?_CARD_INSERCION?LINTECH                      -----    -----      -----    -----      0003H    000AH
  +--> ?CO?LINTECH
  +--> ?PR?_DEBUG_TXT_TIBBO?TIBBO
  +--> ?PR?_DEBUGBUFFERMF?TIBBO
  +--> ?PR?_ESCRIBIRCADENASOFT_BUFFER?MAIN

?PR?AUT_CARD_CHECK_STATUS?LINTECH                -----    -----      -----    -----      0003H    000BH
  +--> ?CO?LINTECH
  +--> ?PR?_DEBUG_TXT_TIBBO?TIBBO
  +--> ?PR?_DEBUGBUFFERMF?TIBBO
  +--> ?PR?_ESCRIBIRCADENASOFT_BUFFER?MAIN

?PR?LOADVERIFY_EEPROM?LINTECH                    -----    -----      -----    -----      0003H    0010H
  +--> ?CO?LINTECH
  +--> ?PR?_DEBUG_TXT_TIBBO?TIBBO
  +--> ?PR?_DEBUGBUFFERMF?TIBBO
  +--> ?PR?_ESCRIBIRCADENASOFT_BUFFER?MAIN

?PR?_RD_MF?LINTECH                               -----    -----      -----    -----      0003H    0012H
  +--> ?CO?LINTECH
  +--> ?PR?_DEBUG_TXT_TIBBO?TIBBO
BL51 BANKED LINKER/LOCATER V6.22.2.0                                                  10/01/2020  09:24:10  PAGE 19


  +--> ?PR?_DEBUG_CHR_TIBBO?TIBBO
  +--> ?PR?_DEBUGBUFFERMF?TIBBO
  +--> ?PR?_ESCRIBIRCADENASOFT_BUFFER?MAIN

?PR?_WR_MF?LINTECH                               -----    -----      -----    -----      0003H    0025H
  +--> ?CO?LINTECH
  +--> ?PR?_DEBUG_TXT_TIBBO?TIBBO
  +--> ?PR?_DEBUG_CHR_TIBBO?TIBBO
  +--> ?PR?_DEBUGBUFFERMF?TIBBO
  +--> ?PR?_ESCRIBIRCADENASOFT_BUFFER?MAIN

?PR?ENTREGA_CARD_CAPTURA?VERIFICADOR             -----    -----      -----    -----      0003H    0001H
  +--> ?CO?VERIFICADOR
  +--> ?PR?_DEBUG_TXT_TIBBO?TIBBO
  +--> ?PR?SEL_SENSOR2?IO_SENSORES
  +--> ?PR?VALIDASENSOR?IO_SENSORES
  +--> ?PR?VALIDA_SENSOR1_AUTO?IO_SENSORES

?PR?_SEND_PTO_PARALELO?VERIFICADOR               -----    -----      -----    -----      0003H    0004H
  +--> ?PR?_ARMAR_TRAMA_PTO_PARALELO_EXPEDID...
  +--> ?PR?_ARMAR_TRAMA_PTO_PARALELO_EXPEDID...
  +--> ?PR?INCREMENTE_TICKET?EEPROM
  +--> ?PR?_SEND_PORT?PTO_PARALELO
  +--> ?CO?VERIFICADOR
  +--> ?PR?_DEBUG_TXT_TIBBO?TIBBO
  +--> ?PR?_DEBUGBUFFERMF?TIBBO
  +--> ?PR?CLEAR_PLACA?MONITOR

?PR?_ARMAR_TRAMA_PTO_PARALELO_EXPEDID...         -----    -----      -----    -----      0007H    0006H
  +--> ?PR?_BLOCK_READ_CLOCK_HEX?CLOCK
  +--> ?PR?_RD_EEPROM?EEPROM

?PR?_ARMAR_TRAMA_PTO_PARALELO_EXPEDID...         -----    -----      -----    -----      0007H    000FH
  +--> ?PR?LEE_NO_TICKET?EEPROM
  +--> ?PR?_STRCAT?STRCAT
  +--> ?PR?_STRLEN?STRLEN
  +--> ?PR?_BLOCK_READ_CLOCK_HEX?CLOCK
  +--> ?PR?_RD_EEPROM?EEPROM

?PR?INCREMENTE_TICKET?EEPROM                     -----    -----      -----    -----      0007H    000BH
  +--> ?PR?READ_EEPROM_TICKET?EEPROM
  +--> ?CO?EEPROM
  +--> ?PR?PRINTF?PRINTF
  +--> ?PR?_WRITE_EEPROM_TICKET?EEPROM

?PR?_WRITE_EEPROM_TICKET?EEPROM                  -----    -----      -----    -----      0016H    000BH
  +--> ?CO?EEPROM
  +--> ?PR?_DEBUG_TXT_TIBBO?TIBBO
  +--> ?PR?_ATOL?ATOL
  +--> ?PR?_DEBUG_CHR_TIBBO?TIBBO
  +--> ?PR?_WR_EEPROM?EEPROM

?PR?_ATOL?ATOL                                   0020H.0  0000H.1    -----    -----      0021H    0007H
  +--> ?PR?_ISSPACE?ISSPACE
  +--> ?PR?_ISDIGIT?ISDIGIT

?PR?_SEND_PORT?PTO_PARALELO                      -----    -----      -----    -----      0016H    000AH
BL51 BANKED LINKER/LOCATER V6.22.2.0                                                  10/01/2020  09:24:10  PAGE 20


  +--> ?PR?PULSO_BUS?PTO_PARALELO
  +--> ?PR?_DELAY_20US?DELAY

?PR?_WAIT_PLACA?VERIFICADOR                      -----    -----      -----    -----      0003H    0005H
  +--> ?PR?RX_MONITOR?MONITOR
  +--> ?PR?CLAVE_SEGURIDAD_S2?LINTECH
  +--> ?PR?_LOAD_SECUENCIA_EXPEDIDOR?VERIFIC...

?PR?CLAVE_SEGURIDAD_S2?LINTECH                   -----    -----      -----    -----      0008H    0016H
  +--> ?CO?LINTECH
  +--> ?PR?_DEBUG_TXT_TIBBO?TIBBO
  +--> ?PR?_DEBUGBUFFERMF?TIBBO
  +--> ?PR?_ESCRIBIRCADENASOFT_BUFFER?MAIN

?PR?UNIQUE_IDENTIFIER_UID?LINTECH                -----    -----      -----    -----      0003H    000BH
  +--> ?CO?LINTECH
  +--> ?PR?_DEBUG_TXT_TIBBO?TIBBO
  +--> ?PR?_DEBUGBUFFERMF?TIBBO
  +--> ?PR?_ESCRIBIRCADENASOFT_BUFFER?MAIN

?PR?_PREGUNTA_LPR?VERIFICADOR                    -----    -----      -----    -----      0003H    0004H
  +--> ?PR?_RD_EEPROM?EEPROM
  +--> ?PR?_ARMAR_TRAMA_MONITOR?VERIFICADOR
  +--> ?PR?_DEBUG_TXT_TIBBO?TIBBO

?PR?_ARMAR_TRAMA_MONITOR?VERIFICADOR             -----    -----      -----    -----      0007H    000FH
  +--> ?PR?DIR_BOARD_MONITOR?IO_SENSORES
  +--> ?PR?LEE_NO_TICKET?EEPROM
  +--> ?PR?_STRCAT?STRCAT
  +--> ?PR?_BYTEHEX_DECIMAL?CLOCK
  +--> ?PR?_STRLEN?STRLEN
  +--> ?PR?_TWO_BYTEHEX_DECIMAL?CLOCK
  +--> ?PR?_BLOCK_READ_CLOCK_ASCII?CLOCK

?PR?DIR_BOARD_MONITOR?IO_SENSORES                -----    -----      -----    -----      -----    -----
  +--> ?PR?_RD_EEPROM?EEPROM

?PR?_BYTEHEX_DECIMAL?CLOCK                       -----    -----      -----    -----      0016H    0001H

?PR?_TWO_BYTEHEX_DECIMAL?CLOCK                   -----    -----      -----    -----      0016H    000CH
  +--> ?PR?_POW?POW

?PR?_POW?POW                                     -----    -----      -----    -----      0022H    000AH
  +--> ?PR?LOG?LOG
  +--> ?PR?EXP?EXP

?PR?LOG?LOG                                      0020H.0  0000H.1    -----    -----      002CH    0004H

?PR?_VALIDA_TIPO_TARJETA?VERIFICADOR             -----    -----      -----    -----      0003H    0007H
  +--> ?CO?VERIFICADOR
  +--> ?PR?_DEBUG_TXT_TIBBO?TIBBO
  +--> ?PR?_RD_EEPROM?EEPROM
  +--> ?PR?_TARJETA_MENSUAL?VERIFICADOR
  +--> ?PR?_SEND_PORTERR?PTO_PARALELO
  +--> ?PR?_PANTALLALCD?PANTALLAS
  +--> ?PR?CAPTURA_EXPULSA?VERIFICADOR
  +--> ?PR?_TARJETA_ROTACION?VERIFICADOR
BL51 BANKED LINKER/LOCATER V6.22.2.0                                                  10/01/2020  09:24:10  PAGE 21



?PR?_TARJETA_MENSUAL?VERIFICADOR                 -----    -----      -----    -----      000AH    0007H
  +--> ?PR?_HORARIOS?VERIFICADOR
  +--> ?PR?_CHECK_FECHAOUT?CLOCK
  +--> ?PR?_VALIDA_VEHICULO_CARD_MENSUAL?VER...
  +--> ?PR?CAPTURA_EXPULSA?VERIFICADOR
  +--> ?CO?VERIFICADOR
  +--> ?PR?_DEBUG_TXT_TIBBO?TIBBO
  +--> ?PR?_ARMAR_TRAMA_TARJETA_SECTOR1_BLOQ...
  +--> ?PR?_SEND_PORTERR?PTO_PARALELO
  +--> ?PR?_PANTALLALCD?PANTALLAS

?PR?_HORARIOS?VERIFICADOR                        -----    -----      -----    -----      0011H    0013H
  +--> ?PR?ADDR_HORARIOS?PROG
  +--> ?PR?_RD_EEPROM?EEPROM
  +--> ?PR?_LEE_CLK?CLOCK
  +--> ?CO?VERIFICADOR
  +--> ?PR?_DEBUG_TXT_TIBBO?TIBBO
  +--> ?PR?_DEBUG_CHR_TIBBO?TIBBO
  +--> ?PR?_BLOQUE_HORARIO?VERIFICADOR
  +--> ?PR?_PANTALLALCD?PANTALLAS

?PR?_BLOQUE_HORARIO?VERIFICADOR                  -----    -----      -----    -----      0024H    0007H
  +--> ?CO?VERIFICADOR
  +--> ?PR?_DEBUG_TXT_TIBBO?TIBBO
  +--> ?PR?_LEE_CLK?CLOCK
  +--> ?PR?_DEBUG_CHR_TIBBO?TIBBO
  +--> ?PR?_HORA_MAXIMA?VERIFICADOR
  +--> ?PR?_EN_HORARIO?VERIFICADOR
  +--> ?PR?_RD_EEPROM?EEPROM
  +--> ?PR?_SEND_PORTERR?PTO_PARALELO
  +--> ?PR?_PANTALLALCD?PANTALLAS

?PR?_HORA_MAXIMA?VERIFICADOR                     -----    -----      -----    -----      0030H    0008H
  +--> ?PR?_RD_EEPROM?EEPROM
  +--> ?PR?_DEBUG_CHR_TIBBO?TIBBO
  +--> ?CO?VERIFICADOR
  +--> ?PR?_DEBUG_TXT_TIBBO?TIBBO

?PR?_EN_HORARIO?VERIFICADOR                      -----    -----      -----    -----      002BH    0005H
  +--> ?CO?VERIFICADOR
  +--> ?PR?_DEBUG_TXT_TIBBO?TIBBO
  +--> ?PR?_HORA_MAXIMA?VERIFICADOR

?PR?_VALIDA_VEHICULO_CARD_MENSUAL?VER...         -----    -----      -----    -----      0011H    0004H
  +--> ?CO?VERIFICADOR
  +--> ?PR?_DEBUG_TXT_TIBBO?TIBBO
  +--> ?PR?_RD_EEPROM?EEPROM
  +--> ?PR?_SEND_PORTERR?PTO_PARALELO

?PR?_ARMAR_TRAMA_TARJETA_SECTOR1_BLOQ...         -----    -----      -----    -----      0011H    0006H
  +--> ?PR?_BLOCK_READ_CLOCK_HEX?CLOCK
  +--> ?PR?DIR_BOARD?IO_SENSORES

?PR?DIR_BOARD?IO_SENSORES                        -----    -----      -----    -----      0033H    0001H
  +--> ?PR?SEL_DIR1?IO_SENSORES
  +--> ?PR?SEL_DIR2?IO_SENSORES
BL51 BANKED LINKER/LOCATER V6.22.2.0                                                  10/01/2020  09:24:10  PAGE 22


  +--> ?PR?_RD_EEPROM?EEPROM

?PR?_TARJETA_ROTACION?VERIFICADOR                -----    -----      -----    -----      000AH    0006H
  +--> ?PR?_ARMAR_TRAMA_TARJETA_SECTOR1_BLOQ...

?PR?ANALIZA_PRESENCIA_ROTACION?VERIFI...         -----    -----      -----    -----      0003H    0001H
  +--> ?PR?VALIDASENSORESPASO?IO_SENSORES
  +--> ?PR?_SEND_PORTERR?PTO_PARALELO
  +--> ?PR?_PANTALLALCD?PANTALLAS

?PR?POWER_OFF?LINTECH                            -----    -----      -----    -----      0003H    000BH
  +--> ?CO?LINTECH
  +--> ?PR?_DEBUG_TXT_TIBBO?TIBBO
  +--> ?PR?_DEBUGBUFFERMF?TIBBO
  +--> ?PR?_ESCRIBIRCADENASOFT_BUFFER?MAIN

?PR?_RECIBE_PORT?PTO_PARALELO                    -----    -----      -----    -----      0002H    0008H
  +--> ?PR?OFF_TIMER0_INTERRUP?MAIN
  +--> ?PR?ON_TIMER0_INTERRUP?MAIN

?PR?_DEBUG_PTO_PARALELO?TIBBO                    -----    -----      -----    -----      0002H    0004H
  +--> ?PR?DEBUG_DIVIDIR_TEXTO?TIBBO
  +--> ?CO?TIBBO
  +--> ?PR?_DEBUG_TXT_TIBBO?TIBBO
  +--> ?PR?_DEBUGBUFFERMF?TIBBO

?PR?_VALIDA_TRAMA_PTO?ACCESCAN                   -----    -----      -----    -----      0002H    000FH
  +--> ?PR?_VALIDAR_CLK?CLOCK
  +--> ?PR?_BLOCK_WRITE_CLOCK_ASCII?CLOCK
  +--> ?PR?RELOJ_PANTALLA_LCD?PANTALLAS
  +--> ?PR?_PANTALLALCD?PANTALLAS
  +--> ?CO?ACCESCAN
  +--> ?PR?_DEBUG_TXT_TIBBO?TIBBO
  +--> ?PR?_BYTEHEX_DECIMAL?CLOCK
  +--> ?PR?_TWO_BYTEHEX_DECIMAL?CLOCK
  +--> ?PR?VALIDASENSORESPASO?IO_SENSORES
  +--> ?PR?_CMD_LPR_SALIDA_WIEGAND?ACCESCAN
  +--> ?PR?_PANTALLALCD_LINEA_2?PANTALLAS
  +--> ?PR?_GRABA_SERIE?EEPROM

?PR?_BLOCK_WRITE_CLOCK_ASCII?CLOCK               -----    -----      -----    -----      0011H    0003H
  +--> ?PR?_TWO_ONE?CLOCK
  +--> ?PR?_WR_CLK?CLOCK

?PR?_WR_CLK?CLOCK                                -----    -----      -----    -----      0014H    0002H
  +--> ?PR?_DELAY_20US?DELAY
  +--> ?PR?_EB_CLK?CLOCK

?PR?RELOJ_PANTALLA_LCD?PANTALLAS                 -----    -----      -----    -----      0011H    000DH
  +--> ?CO?PANTALLAS
  +--> ?PR?_BLOCK_READ_CLOCK?CLOCK
  +--> ?PR?_LCD_TXT_NUM_CHAR?PANTALLAS

?PR?_BLOCK_READ_CLOCK?CLOCK                      -----    -----      -----    -----      001EH    0003H
  +--> ?PR?_LEE_CLK?CLOCK

?PR?_LCD_TXT_NUM_CHAR?PANTALLAS                  -----    -----      -----    -----      001EH    0006H
BL51 BANKED LINKER/LOCATER V6.22.2.0                                                  10/01/2020  09:24:10  PAGE 23


  +--> ?PR?_TX_CHRLCD?PANTALLAS

?PR?_CMD_LPR_SALIDA_WIEGAND?ACCESCAN             -----    -----      -----    -----      0011H    0022H
  +--> ?PR?DIR_BOARD?IO_SENSORES
  +--> ?PR?_BLOCK_READ_CLOCK_ASCII?CLOCK
  +--> ?PR?_MONITOR_CHR?ACCESCAN

?PR?_MONITOR_CHR?ACCESCAN                        -----    -----      -----    -----      0033H    0005H
  +--> ?PR?_TX_AUX?TIBBO

?PR?_GRABA_SERIE?EEPROM                          -----    -----      -----    -----      0011H    0005H
  +--> ?CO?EEPROM
  +--> ?PR?_DEBUG_TXT_TIBBO?TIBBO
  +--> ?PR?_WRITE_EEPROM_TICKET?EEPROM
  +--> ?PR?_WR_EEPROM?EEPROM

?PR?MSJ_LCD_INFORMATIVO?IO_SENSORES              -----    -----      -----    -----      0002H    0001H
  +--> ?PR?SEL_FUNCION?IO_SENSORES
  +--> ?PR?LOAD_AND_SEND_INFO_RELOJ?PTO_PARA...
  +--> ?PR?LOAD_AND_SEND_ID_COD?PTO_PARALELO
  +--> ?PR?_RD_EEPROM?EEPROM
  +--> ?PR?_SEND_PORTERR?PTO_PARALELO

?PR?LOAD_AND_SEND_INFO_RELOJ?PTO_PARA...         -----    -----      -----    -----      0003H    000BH
  +--> ?PR?_BLOCK_READ_CLOCK?CLOCK
  +--> ?PR?_LEE_CLK?CLOCK
  +--> ?PR?_SEND_PORT?PTO_PARALELO

?PR?LOAD_AND_SEND_ID_COD?PTO_PARALELO            -----    -----      -----    -----      0003H    0013H
  +--> ?PR?_RD_EEPROM?EEPROM
  +--> ?CO?PTO_PARALELO
  +--> ?PR?PRINTF?PRINTF
  +--> ?PR?_SEND_PORT?PTO_PARALELO



SYMBOL TABLE OF MODULE:  .\Objects\expedidor_v_01_raspberry (MAIN)

  VALUE           TYPE          NAME
  ----------------------------------

  -------         MODULE        MAIN
  C:0000H         SYMBOL        _ICE_DUMMY_
  D:0080H         PUBLIC        P0
  D:0090H         PUBLIC        P1
  C:B06AH         PUBLIC        timer0_int
  D:00B0H         PUBLIC        P3
  B:00A8H.7       PUBLIC        EA
  C:B47DH         PUBLIC        off_Timer0_Interrup
  X:016AH         PUBLIC        ValTimeOutCom
  X:016BH         PUBLIC        Buffer_Rta_Lintech
  X:019DH         PUBLIC        Timer_wait
  X:019EH         PUBLIC        g_cContByteRx
  B:0080H.0       PUBLIC        rx_ip
  B:0080H.3       PUBLIC        Atascado
  C:9D5DH         PUBLIC        main
  X:019FH         PUBLIC        Timer_tivo
BL51 BANKED LINKER/LOCATER V6.22.2.0                                                  10/01/2020  09:24:10  PAGE 24


  C:A7F6H         PUBLIC        variable_inicio
  B:0090H.7       PUBLIC        lock
  I:0022H         PUBLIC        rbuf
  C:B46EH         PUBLIC        on_Timer0_Interrup
  I:0054H         PUBLIC        tbuf
  B:0090H.1       PUBLIC        DataIn
  D:0089H         PUBLIC        TMOD
  X:01A1H         PUBLIC        USE_LPR
  X:01A2H         PUBLIC        Debug_Tibbo
  X:01A3H         PUBLIC        Raspberry
  X:01A4H         PUBLIC        SIN_COBRO
  X:01A6H         PUBLIC        Tipo_Vehiculo
  B:00B0H.3       PUBLIC        busy
  C:B3D9H         PUBLIC        ini_timer
  B:00A8H.1       PUBLIC        ET0
  B:0088H.5       PUBLIC        TF0
  D:008CH         PUBLIC        TH0
  X:01A7H         PUBLIC        ACK
  X:01A8H         PUBLIC        g_cEstadoComSoft
  D:008AH         PUBLIC        TL0
  B:0088H.4       PUBLIC        TR0
  C:B3E9H         PUBLIC        inicia_board
  X:01A9H         PUBLIC        T_GRACIA
  B:0080H.7       PUBLIC        sel_com
  X:01ABH         PUBLIC        STX_LINTECH
  C:B408H         PUBLIC        _getkey
  X:01ACH         PUBLIC        ETX
  C:AA46H         PUBLIC        _EscribirCadenaSoft_buffer
  B:0021H.1       PUBLIC        buffer_ready
  C:ACE2H         PUBLIC        _putchar
  B:0021H.2       PUBLIC        placa_ready
  -------         PROC          TIMER0_INT
  C:B06AH         LINE#         16
  C:B070H         LINE#         19
  C:B076H         LINE#         20
  C:B07BH         LINE#         21
  C:B07BH         LINE#         22
  C:B081H         LINE#         23
  C:B081H         LINE#         25
  C:B08FH         LINE#         26
  C:B091H         LINE#         28
  -------         ENDPROC       TIMER0_INT
  -------         PROC          INI_TIMER
  C:B3D9H         LINE#         31
  C:B3D9H         LINE#         32
  C:B3D9H         LINE#         34
  C:B3E1H         LINE#         36
  C:B3E4H         LINE#         37
  C:B3E6H         LINE#         38
  C:B3E8H         LINE#         40
  -------         ENDPROC       INI_TIMER
  -------         PROC          ON_TIMER0_INTERRUP
  C:B46EH         LINE#         43
  C:B46EH         LINE#         44
  C:B46EH         LINE#         45
  C:B470H         LINE#         46
  C:B472H         LINE#         48
BL51 BANKED LINKER/LOCATER V6.22.2.0                                                  10/01/2020  09:24:10  PAGE 25


  -------         ENDPROC       ON_TIMER0_INTERRUP
  -------         PROC          OFF_TIMER0_INTERRUP
  C:B47DH         LINE#         51
  C:B47DH         LINE#         52
  C:B47DH         LINE#         53
  C:B47FH         LINE#         55
  -------         ENDPROC       OFF_TIMER0_INTERRUP
  -------         PROC          _GETKEY
  -------         DO            
  D:0006H         SYMBOL        k
  -------         ENDDO         
  C:B408H         LINE#         63
  C:B408H         LINE#         64
  C:B408H         LINE#         68
  C:B408H         LINE#         69
  C:B40BH         LINE#         70
  C:B40BH         LINE#         71
  C:B413H         LINE#         73
  C:B413H         LINE#         74
  -------         ENDPROC       _GETKEY
  -------         PROC          _PUTCHAR
  X:00A8H         SYMBOL        c
  -------         DO            
  X:00A9H         SYMBOL        i
  -------         ENDDO         
  C:ACE2H         LINE#         78
  C:ACE7H         LINE#         79
  C:ACE7H         LINE#         82
  C:ACF6H         LINE#         83
  C:ACF6H         LINE#         84
  C:AD0CH         LINE#         85
  C:AD0CH         LINE#         87
  C:AD1AH         LINE#         88
  C:AD1AH         LINE#         90
  C:AD1FH         LINE#         91
  -------         ENDPROC       _PUTCHAR
  -------         PROC          _ESCRIBIRCADENASOFT_BUFFER
  X:0028H         SYMBOL        buffer
  X:002BH         SYMBOL        tamano_cadena
  -------         DO            
  X:002CH         SYMBOL        i
  X:002DH         SYMBOL        d
  -------         ENDDO         
  C:AA46H         LINE#         95
  C:AA54H         LINE#         96
  C:AA54H         LINE#         98
  C:AA62H         LINE#         99
  C:AA62H         LINE#         100
  C:AA79H         LINE#         101
  C:AA83H         LINE#         102
  C:AA8BH         LINE#         103
  -------         ENDPROC       _ESCRIBIRCADENASOFT_BUFFER
  -------         PROC          INICIA_BOARD
  C:B3E9H         LINE#         108
  C:B3E9H         LINE#         109
  C:B3E9H         LINE#         110
  C:B3ECH         LINE#         111
BL51 BANKED LINKER/LOCATER V6.22.2.0                                                  10/01/2020  09:24:10  PAGE 26


  C:B3EFH         LINE#         112
  C:B3F2H         LINE#         113
  C:B3F4H         LINE#         114
  C:B3F6H         LINE#         115
  C:B3F8H         LINE#         117
  -------         ENDPROC       INICIA_BOARD
  -------         PROC          VARIABLE_INICIO
  C:A7F6H         LINE#         122
  C:A7F6H         LINE#         123
  C:A7F6H         LINE#         126
  C:A807H         LINE#         127
  C:A818H         LINE#         128
  C:A826H         LINE#         129
  C:A834H         LINE#         130
  C:A842H         LINE#         132
  -------         ENDPROC       VARIABLE_INICIO
  -------         PROC          MAIN
  -------         DO            
  X:0142H         SYMBOL        buffer
  X:0000H         SYMBOL        Estado_Comunicacion_Secuencia_MF
  X:0001H         SYMBOL        Length_trama
  -------         ENDDO         
  C:9D5DH         LINE#         140
  C:9D5DH         LINE#         141
  C:9D5DH         LINE#         144
  C:9D62H         LINE#         148
  C:9D65H         LINE#         149
  C:9D68H         LINE#         150
  C:9D6BH         LINE#         151
  C:9D6EH         LINE#         152
  C:9D71H         LINE#         153
  C:9D73H         LINE#         155
  C:9D76H         LINE#         156
  C:9D7DH         LINE#         157
  C:9D80H         LINE#         159
  C:9D85H         LINE#         161
  C:9D88H         LINE#         163
  C:9D8BH         LINE#         164
  C:9D8BH         LINE#         165
  C:9D8EH         LINE#         166
  C:9D8EH         LINE#         169
  C:9D91H         LINE#         170
  C:9D97H         LINE#         171
  C:9D9DH         LINE#         173
  C:9D9DH         LINE#         174
  C:9D9DH         LINE#         177
  C:9DA0H         LINE#         178
  C:9DA0H         LINE#         179
  C:9DA3H         LINE#         180
  C:9DA3H         LINE#         184
  C:9DB0H         LINE#         189
  C:9DB3H         LINE#         190
  C:9DB3H         LINE#         192
  C:9DC2H         LINE#         194
  C:9DCBH         LINE#         196
  C:9DD9H         LINE#         198
  C:9DD9H         LINE#         199
BL51 BANKED LINKER/LOCATER V6.22.2.0                                                  10/01/2020  09:24:10  PAGE 27


  C:9DDCH         LINE#         203
  -------         ENDPROC       MAIN
  -------         ENDMOD        MAIN

  -------         MODULE        ACCESCAN
  C:0000H         SYMBOL        _ICE_DUMMY_
  D:0080H         PUBLIC        P0
  D:0090H         PUBLIC        P1
  B:0080H.2       PUBLIC        led_err_imp
  C:ABE1H         PUBLIC        _Monitor_chr
  B:0080H.3       PUBLIC        Atascado
  B:0090H.7       PUBLIC        lock
  C:3F43H         PUBLIC        _Valida_Trama_Pto
  C:7EFEH         PUBLIC        _Cmd_LPR_Salida_wiegand
  -------         PROC          _VALIDA_TRAMA_PTO
  X:0002H         SYMBOL        buffer
  X:0005H         SYMBOL        length_trama
  -------         DO            
  X:0267H         SYMBOL        cont
  X:0006H         SYMBOL        buff
  -------         ENDDO         
  C:3F43H         LINE#         85
  C:3F51H         LINE#         86
  C:3F51H         LINE#         92
  C:3F87H         LINE#         93
  C:3F87H         LINE#         94
  C:3F9CH         LINE#         95
  C:3F9CH         LINE#         96
  C:3FAFH         LINE#         98
  C:3FB2H         LINE#         100
  C:3FB2H         LINE#         102
  C:3FB2H         LINE#         104
  C:3FC4H         LINE#         105
  C:3FC4H         LINE#         106
  C:3FCAH         LINE#         107
  C:3FD7H         LINE#         108
  C:3FD7H         LINE#         109
  C:3FDCH         LINE#         110
  C:3FDEH         LINE#         111
  C:3FE3H         LINE#         112
  C:3FE5H         LINE#         113
  C:3FE7H         LINE#         114
  C:3FEBH         LINE#         115
  C:3FEBH         LINE#         116
  C:3FECH         LINE#         118
  C:4004H         LINE#         119
  C:4004H         LINE#         121
  C:4011H         LINE#         122
  C:4011H         LINE#         123
  C:4013H         LINE#         124
  C:4015H         LINE#         125
  C:4017H         LINE#         126
  C:4019H         LINE#         127
  C:4019H         LINE#         129
  C:403FH         LINE#         130
  C:403FH         LINE#         131
  C:4043H         LINE#         132
BL51 BANKED LINKER/LOCATER V6.22.2.0                                                  10/01/2020  09:24:10  PAGE 28


  C:4048H         LINE#         133
  C:4051H         LINE#         134
  C:4056H         LINE#         135
  C:4056H         LINE#         138
  C:4057H         LINE#         141
  C:4069H         LINE#         142
  C:4069H         LINE#         143
  C:406BH         LINE#         144
  C:406EH         LINE#         146
  C:4080H         LINE#         147
  C:4080H         LINE#         148
  C:4082H         LINE#         149
  C:4085H         LINE#         151
  C:409FH         LINE#         152
  C:409FH         LINE#         153
  C:40A1H         LINE#         154
  C:40A4H         LINE#         157
  C:40BEH         LINE#         158
  C:40BEH         LINE#         159
  C:40C0H         LINE#         160
  C:40C2H         LINE#         163
  C:40DCH         LINE#         164
  C:40DCH         LINE#         165
  C:40DEH         LINE#         166
  C:40E0H         LINE#         170
  C:40FAH         LINE#         171
  C:40FAH         LINE#         172
  C:40FCH         LINE#         173
  C:40FEH         LINE#         176
  C:4118H         LINE#         177
  C:4118H         LINE#         178
  C:411AH         LINE#         179
  C:411CH         LINE#         181
  C:4136H         LINE#         182
  C:4136H         LINE#         183
  C:413BH         LINE#         184
  C:413BH         LINE#         186
  C:416BH         LINE#         187
  C:416BH         LINE#         188
  C:4179H         LINE#         189
  C:417CH         LINE#         192
  C:41BFH         LINE#         193
  C:41BFH         LINE#         195
  C:41D4H         LINE#         196
  C:41DAH         LINE#         197
  C:4204H         LINE#         200
  C:420CH         LINE#         201
  C:420CH         LINE#         204
  C:4213H         LINE#         205
  C:4213H         LINE#         206
  C:4218H         LINE#         207
  C:4218H         LINE#         208
  C:421AH         LINE#         210
  C:421AH         LINE#         211
  C:4223H         LINE#         212
  C:422BH         LINE#         213
  C:422BH         LINE#         218
BL51 BANKED LINKER/LOCATER V6.22.2.0                                                  10/01/2020  09:24:10  PAGE 29


  C:422DH         LINE#         221
  C:422DH         LINE#         224
  C:4234H         LINE#         225
  C:4234H         LINE#         226
  C:4239H         LINE#         227
  C:4239H         LINE#         228
  C:4244H         LINE#         232
  C:4244H         LINE#         233
  C:4244H         LINE#         235
  C:4271H         LINE#         236
  C:4271H         LINE#         237
  C:4280H         LINE#         239
  C:4280H         LINE#         241
  -------         ENDPROC       _VALIDA_TRAMA_PTO
  -------         PROC          _MONITOR_CHR
  X:0033H         SYMBOL        str
  X:0036H         SYMBOL        num_char
  -------         DO            
  X:0037H         SYMBOL        j
  -------         ENDDO         
  C:ABE1H         LINE#         396
  C:ABEFH         LINE#         397
  C:ABEFH         LINE#         399
  C:ABFDH         LINE#         400
  C:ABFDH         LINE#         401
  C:AC0FH         LINE#         402
  C:AC19H         LINE#         403
  C:AC21H         LINE#         404
  -------         ENDPROC       _MONITOR_CHR
  -------         PROC          _CMD_LPR_SALIDA_WIEGAND
  X:0011H         SYMBOL        buffer
  -------         DO            
  X:0014H         SYMBOL        Buffer_Lpr
  X:0032H         SYMBOL        j
  -------         ENDDO         
  C:7EFEH         LINE#         409
  C:7F09H         LINE#         410
  C:7F09H         LINE#         412
  C:7F0FH         LINE#         413
  C:7F14H         LINE#         414
  C:7F1CH         LINE#         415
  C:7F20H         LINE#         416
  C:7F29H         LINE#         417
  C:7F29H         LINE#         418
  C:7F3AH         LINE#         419
  C:7F3CH         LINE#         421
  C:7F3CH         LINE#         422
  C:7F4DH         LINE#         423
  C:7F4DH         LINE#         427
  C:7F64H         LINE#         428
  C:7F64H         LINE#         429
  C:7F73H         LINE#         430
  C:7F7DH         LINE#         432
  C:7F85H         LINE#         433
  C:7F99H         LINE#         435
  C:7FA9H         LINE#         436
  C:7FBAH         LINE#         437
BL51 BANKED LINKER/LOCATER V6.22.2.0                                                  10/01/2020  09:24:10  PAGE 30


  C:7FC7H         LINE#         441
  -------         ENDPROC       _CMD_LPR_SALIDA_WIEGAND
  -------         ENDMOD        ACCESCAN

  -------         MODULE        CLOCK
  C:0000H         SYMBOL        _ICE_DUMMY_
  C:AC56H         PUBLIC        _two_one
  D:0090H         PUBLIC        P1
  C:6D98H         PUBLIC        _validar_clk
  C:B0EEH         PUBLIC        _wr_clk
  C:84A1H         PUBLIC        _check_fechaOut
  B:00D0H.7       PUBLIC        CY
  C:0003H         PUBLIC        p_ck
  C:95B9H         PUBLIC        _hex_ascii
  X:0268H         PUBLIC        data_clk
  C:B430H         PUBLIC        cond_ini_clock
  C:856AH         PUBLIC        _Block_read_Clock
  B:0090H.4       PUBLIC        sck
  C:9040H         PUBLIC        _Block_read_Clock_Hex
  C:5B2CH         PUBLIC        _Block_read_clock_ascii
  C:AD3CH         PUBLIC        _hex_bcd
  C:B2C2H         PUBLIC        _bcd_hex
  C:A58EH         PUBLIC        _ByteHex_Decimal
  C:9776H         PUBLIC        _lee_clk
  B:0090H.5       PUBLIC        io
  C:988CH         PUBLIC        _Block_write_clock_ascii
  B:0090H.6       PUBLIC        rst
  C:ACA3H         PUBLIC        _eb_clk
  C:4281H         PUBLIC        _Two_ByteHex_Decimal
  -------         PROC          P_CK
  C:0003H         LINE#         48
  C:0003H         LINE#         49
  C:0003H         LINE#         50
  C:0005H         LINE#         51
  C:0008H         LINE#         52
  C:000AH         LINE#         53
  -------         ENDPROC       P_CK
  -------         PROC          _EB_CLK
  X:00B5H         SYMBOL        dir_clk
  -------         DO            
  X:00B6H         SYMBOL        nbits
  -------         ENDDO         
  C:ACA3H         LINE#         55
  C:ACA8H         LINE#         57
  C:ACADH         LINE#         58
  C:ACADH         LINE#         59
  C:ACB6H         LINE#         60
  C:ACB9H         LINE#         61
  C:ACB9H         LINE#         62
  C:ACBBH         LINE#         63
  C:ACBDH         LINE#         65
  C:ACBDH         LINE#         66
  C:ACBFH         LINE#         67
  C:ACBFH         LINE#         68
  C:ACC2H         LINE#         69
  C:ACE1H         LINE#         70
  -------         ENDPROC       _EB_CLK
BL51 BANKED LINKER/LOCATER V6.22.2.0                                                  10/01/2020  09:24:10  PAGE 31


  C:976CH         SYMBOL        L?0082
  -------         PROC          L?0081
  -------         ENDPROC       L?0081
  C:976CH         SYMBOL        L?0082
  -------         PROC          _LEE_CLK
  X:00B2H         SYMBOL        dir_clk
  -------         DO            
  X:00B3H         SYMBOL        nbits
  -------         ENDDO         
  C:9776H         LINE#         72
  C:977BH         LINE#         74
  C:977DH         LINE#         75
  C:9784H         LINE#         76
  C:978CH         LINE#         77
  C:97A5H         LINE#         78
  C:97A5H         LINE#         79
  C:97A8H         LINE#         80
  C:97A8H         LINE#         81
  C:97AFH         LINE#         82
  C:97B9H         LINE#         83
  C:97BEH         LINE#         84
  C:97BEH         LINE#         85
  C:97BEH         LINE#         86
  C:97C1H         LINE#         87
  C:97C1H         LINE#         88
  C:97C8H         LINE#         89
  C:97D9H         LINE#         90
  C:97D9H         LINE#         91
  C:97E1H         LINE#         92
  C:97E1H         LINE#         93
  C:97E1H         LINE#         94
  C:97E4H         LINE#         95
  C:97F4H         LINE#         96
  C:97F6H         LINE#         97
  C:97FBH         LINE#         98
  -------         ENDPROC       _LEE_CLK
  -------         PROC          _WR_CLK
  X:0014H         SYMBOL        dir_clk
  X:0015H         SYMBOL        byte
  C:B0EEH         LINE#         100
  C:B0F6H         LINE#         101
  C:B0F8H         LINE#         102
  C:B0FFH         LINE#         103
  C:B107H         LINE#         104
  C:B110H         LINE#         105
  C:B113H         LINE#         106
  C:B115H         LINE#         108
[...]
  C:653FH         LINE#         2162
  C:6553H         LINE#         2163
BL51 BANKED LINKER/LOCATER V6.22.2.0                                                  10/01/2020  09:24:10  PAGE 125


  C:6553H         LINE#         2164
  C:6555H         LINE#         2166
  C:6555H         LINE#         2167
  C:655CH         LINE#         2168
  C:6562H         LINE#         2169
  C:6562H         LINE#         2170
  C:6564H         LINE#         2172
  C:6564H         LINE#         2173
  C:656DH         LINE#         2174
  C:6581H         LINE#         2175
  C:6586H         LINE#         2176
  C:6586H         LINE#         2178
  C:6588H         LINE#         2179
  C:6588H         LINE#         2185
  C:6588H         LINE#         2187
  C:658EH         LINE#         2188
  C:658EH         LINE#         2191
  C:658EH         LINE#         2192
  C:6595H         LINE#         2193
  C:6595H         LINE#         2194
  C:6595H         LINE#         2195
  -------         ENDPROC       SECUENCIA_INICIO_EXPEDIDOR
  -------         PROC          _SECUENCIAEXPEDIDORMF
  X:0002H         SYMBOL        EstadoActivo
  -------         DO            
  X:010CH         SYMBOL        Buffer_Write_MF
  X:011DH         SYMBOL        Atributos_Expedidor
  X:012CH         SYMBOL        Secuencia_Expedidor
  X:0130H         SYMBOL        Nombre_Mensual
  -------         ENDDO         
  C:37B2H         LINE#         2205
  C:37B7H         LINE#         2206
  C:37B7H         LINE#         2212
  C:380EH         LINE#         2213
  C:380EH         LINE#         2216
  C:380EH         LINE#         2218
  C:3824H         LINE#         2219
  C:3824H         LINE#         2220
  C:3826H         LINE#         2221
  C:3828H         LINE#         2222
  C:382DH         LINE#         2223
  C:3835H         LINE#         2224
  C:383AH         LINE#         2226
  C:383AH         LINE#         2228
  C:383DH         LINE#         2230
  C:383DH         LINE#         2232
  C:3846H         LINE#         2234
  C:3849H         LINE#         2241
  C:3849H         LINE#         2242
  C:384FH         LINE#         2243
  C:3855H         LINE#         2244
  C:3855H         LINE#         2245
  C:3858H         LINE#         2247
  C:385BH         LINE#         2248
  C:3863H         LINE#         2249
  C:3863H         LINE#         2251
  C:3866H         LINE#         2252
BL51 BANKED LINKER/LOCATER V6.22.2.0                                                  10/01/2020  09:24:10  PAGE 126


  C:3869H         LINE#         2253
  C:3871H         LINE#         2254
  C:3871H         LINE#         2255
  C:387FH         LINE#         2256
  C:387FH         LINE#         2257
  C:3888H         LINE#         2258
  C:388BH         LINE#         2259
  C:3897H         LINE#         2260
  C:3897H         LINE#         2261
  C:38A0H         LINE#         2262
  C:38A3H         LINE#         2264
  C:38A3H         LINE#         2265
  C:38ACH         LINE#         2266
  C:38ACH         LINE#         2267
  C:38AFH         LINE#         2268
  C:38B7H         LINE#         2269
  C:38B7H         LINE#         2270
  C:38C5H         LINE#         2271
  C:38C5H         LINE#         2272
  C:38DBH         LINE#         2273
  C:38DEH         LINE#         2274
  C:38EAH         LINE#         2275
  C:38EAH         LINE#         2276
  C:38F3H         LINE#         2277
  C:38F6H         LINE#         2279
  C:38F6H         LINE#         2280
  C:38FFH         LINE#         2281
  C:38FFH         LINE#         2282
  C:3902H         LINE#         2283
  C:390AH         LINE#         2284
  C:390AH         LINE#         2285
  C:3913H         LINE#         2286
  C:3916H         LINE#         2287
  C:391EH         LINE#         2288
  C:391EH         LINE#         2289
  C:3934H         LINE#         2290
  C:3937H         LINE#         2291
  C:393FH         LINE#         2292
  C:393FH         LINE#         2293
  C:3942H         LINE#         2294
  C:3945H         LINE#         2296
  C:394DH         LINE#         2297
  C:394DH         LINE#         2298
  C:3956H         LINE#         2299
  C:3959H         LINE#         2301
  C:3959H         LINE#         2302
  C:3962H         LINE#         2303
  C:3962H         LINE#         2304
  C:3965H         LINE#         2305
  C:3965H         LINE#         2306
  C:396AH         LINE#         2307
  C:398AH         LINE#         2308
  C:398DH         LINE#         2309
  C:398DH         LINE#         2310
  C:3992H         LINE#         2311
  C:399AH         LINE#         2312
  C:39A0H         LINE#         2313
BL51 BANKED LINKER/LOCATER V6.22.2.0                                                  10/01/2020  09:24:10  PAGE 127


  C:39A3H         LINE#         2314
  C:39A3H         LINE#         2315
  C:39A6H         LINE#         2316
  C:39AEH         LINE#         2317
  C:39B4H         LINE#         2318
  C:39B7H         LINE#         2319
  C:39B7H         LINE#         2320
  C:39BAH         LINE#         2321
  C:39DFH         LINE#         2322
  C:39E5H         LINE#         2323
  C:39E7H         LINE#         2324
  C:39EAH         LINE#         2325
  C:39EAH         LINE#         2326
  C:39F5H         LINE#         2327
  C:39FDH         LINE#         2328
  C:3A03H         LINE#         2329
  C:3A06H         LINE#         2330
  C:3A06H         LINE#         2331
  C:3A17H         LINE#         2332
  C:3A1FH         LINE#         2333
  C:3A25H         LINE#         2334
  C:3A28H         LINE#         2335
  C:3A28H         LINE#         2336
  C:3A2DH         LINE#         2337
  C:3A4BH         LINE#         2338
  C:3A4EH         LINE#         2339
  C:3A4EH         LINE#         2340
  C:3A53H         LINE#         2341
  C:3A73H         LINE#         2342
  C:3A76H         LINE#         2343
  C:3A76H         LINE#         2344
  C:3A7BH         LINE#         2345
  C:3A7DH         LINE#         2346
  C:3A9BH         LINE#         2348
  C:3A9EH         LINE#         2349
  C:3A9EH         LINE#         2350
  C:3AA3H         LINE#         2351
  C:3AC3H         LINE#         2353
  C:3AC6H         LINE#         2354
  C:3AC6H         LINE#         2355
  C:3ACBH         LINE#         2356
  C:3AD3H         LINE#         2357
  C:3AD9H         LINE#         2358
  C:3ADCH         LINE#         2359
  C:3ADCH         LINE#         2360
  C:3ADFH         LINE#         2361
  C:3AFFH         LINE#         2362
  C:3B02H         LINE#         2363
  C:3B02H         LINE#         2364
  C:3B04H         LINE#         2365
  C:3B07H         LINE#         2366
  C:3B0AH         LINE#         2367
  C:3B0AH         LINE#         2368
  C:3B13H         LINE#         2370
  C:3B16H         LINE#         2371
  C:3B16H         LINE#         2372
  C:3B24H         LINE#         2373
BL51 BANKED LINKER/LOCATER V6.22.2.0                                                  10/01/2020  09:24:10  PAGE 128


  C:3B27H         LINE#         2374
  C:3B27H         LINE#         2375
  C:3B2AH         LINE#         2376
  C:3B32H         LINE#         2377
  C:3B38H         LINE#         2378
  C:3B3BH         LINE#         2379
  C:3B3BH         LINE#         2380
  C:3B44H         LINE#         2381
  C:3B47H         LINE#         2382
  C:3B47H         LINE#         2383
  C:3B5EH         LINE#         2384
  C:3B60H         LINE#         2385
  C:3B60H         LINE#         2386
  C:3B65H         LINE#         2387
  C:3B88H         LINE#         2388
  C:3B8BH         LINE#         2389
  C:3B8DH         LINE#         2390
  C:3B8DH         LINE#         2391
  C:3B90H         LINE#         2392
  C:3BB0H         LINE#         2393
  C:3BB2H         LINE#         2394
  C:3BB2H         LINE#         2395
  C:3BB5H         LINE#         2396
  C:3BDAH         LINE#         2397
  C:3BDCH         LINE#         2398
  C:3BDCH         LINE#         2399
  C:3BE1H         LINE#         2400
  C:3BE1H         LINE#         2402
  C:3BE1H         LINE#         2403
  C:3BE6H         LINE#         2404
  -------         ENDPROC       _SECUENCIAEXPEDIDORMF
  -------         ENDMOD        VERIFICADOR

  -------         MODULE        MONITOR
  C:0000H         SYMBOL        _ICE_DUMMY_
  D:0080H         PUBLIC        P0
  D:0090H         PUBLIC        P1
  I:0011H         PUBLIC        placa
  C:B1D9H         PUBLIC        Rx_Monitor
  B:0080H.0       PUBLIC        rx_ip
  B:0090H.7       PUBLIC        lock
  C:8877H         PUBLIC        _recibe_cmd_Monitor
  C:B2FBH         PUBLIC        clear_placa
  C:9524H         PUBLIC        _Valida_Trama_Monitor
  -------         PROC          _RECIBE_CMD_MONITOR
  X:0015H         SYMBOL        buffer_cmd
  -------         DO            
  X:0018H         SYMBOL        j
  X:0019H         SYMBOL        NumDatos
  X:001AH         SYMBOL        time_out
  X:001BH         SYMBOL        MaxChrRx
  X:001CH         SYMBOL        contador
  -------         ENDDO         
  C:8877H         LINE#         44
  C:8882H         LINE#         45
  C:8882H         LINE#         49
  C:8887H         LINE#         50
BL51 BANKED LINKER/LOCATER V6.22.2.0                                                  10/01/2020  09:24:10  PAGE 129


  C:888DH         LINE#         52
  C:8898H         LINE#         53
  C:8898H         LINE#         54
  C:88A9H         LINE#         55
  C:88A9H         LINE#         56
  C:88B0H         LINE#         57
  C:88B4H         LINE#         58
  C:88BDH         LINE#         59
  C:88BDH         LINE#         60
  C:88CBH         LINE#         61
  C:88E2H         LINE#         62
  C:88E2H         LINE#         63
  C:88E8H         LINE#         64
  C:88EEH         LINE#         65
  C:88EEH         LINE#         66
  C:88F0H         LINE#         67
  C:88F8H         LINE#         68
  C:88FEH         LINE#         69
  C:8910H         LINE#         70
  C:891AH         LINE#         71
  C:8923H         LINE#         73
  C:8932H         LINE#         76
  C:8932H         LINE#         77
  C:8937H         LINE#         78
  -------         ENDPROC       _RECIBE_CMD_MONITOR
  -------         PROC          _VALIDA_TRAMA_MONITOR
  X:0015H         SYMBOL        buffer
  D:0005H         SYMBOL        length_trama
  -------         DO            
  D:0007H         SYMBOL        j
  D:0006H         SYMBOL        p
  -------         ENDDO         
  C:9524H         LINE#         83
  C:952FH         LINE#         84
  C:952FH         LINE#         85
  C:9531H         LINE#         86
  C:9533H         LINE#         87
  C:9533H         LINE#         88
  C:9551H         LINE#         89
  C:9551H         LINE#         90
  C:9553H         LINE#         91
  C:9558H         LINE#         92
  C:9559H         LINE#         93
  C:956EH         LINE#         94
  C:956EH         LINE#         97
  C:956EH         LINE#         98
  C:9588H         LINE#         99
  C:9589H         LINE#         100
  C:958AH         LINE#         101
  C:9596H         LINE#         102
  C:95AAH         LINE#         103
  C:95B0H         LINE#         104
  C:95B2H         LINE#         105
  C:95B8H         LINE#         108
  C:95B8H         LINE#         109
  C:95B8H         LINE#         110
  C:95B8H         LINE#         112
BL51 BANKED LINKER/LOCATER V6.22.2.0                                                  10/01/2020  09:24:10  PAGE 130


  C:95B8H         LINE#         113
  -------         ENDPROC       _VALIDA_TRAMA_MONITOR
  -------         PROC          CLEAR_PLACA
  -------         DO            
  D:0007H         SYMBOL        i
  -------         ENDDO         
  C:B2FBH         LINE#         114
  C:B2FBH         LINE#         115
  C:B2FBH         LINE#         117
  C:B307H         LINE#         118
  C:B307H         LINE#         119
  C:B30DH         LINE#         120
  C:B310H         LINE#         121
  C:B312H         LINE#         122
  -------         ENDPROC       CLEAR_PLACA
  -------         PROC          RX_MONITOR
  -------         DO            
  X:0008H         SYMBOL        Length_trama
  X:0009H         SYMBOL        buffer1
  -------         ENDDO         
  C:B1D9H         LINE#         123
  C:B1D9H         LINE#         124
  C:B1D9H         LINE#         127
  C:B1E8H         LINE#         128
  C:B1F1H         LINE#         129
  -------         ENDPROC       RX_MONITOR
  -------         ENDMOD        MONITOR

  -------         MODULE        ?C?FPADD
  C:1335H         PUBLIC        ?C?FPADD
  C:1331H         PUBLIC        ?C?FPSUB
  -------         ENDMOD        ?C?FPADD

  -------         MODULE        ?C?FPMUL
  C:1426H         PUBLIC        ?C?FPMUL
  -------         ENDMOD        ?C?FPMUL

  -------         MODULE        ?C?FCAST
  C:1536H         PUBLIC        ?C?FCASTC
  C:1531H         PUBLIC        ?C?FCASTI
  C:152CH         PUBLIC        ?C?FCASTL
  -------         ENDMOD        ?C?FCAST

  -------         MODULE        ?C?CASTF
  C:156AH         PUBLIC        ?C?CASTF
  -------         ENDMOD        ?C?CASTF

  -------         MODULE        PRINTF
  X:0078H         PUBLIC        ?_PRINTF?BYTE
  X:0078H         PUBLIC        ?_SPRINTF?BYTE
  C:339AH         PUBLIC        _PRINTF
  C:3394H         PUBLIC        _SPRINTF
  -------         ENDMOD        PRINTF

  -------         MODULE        POW
  X:0022H         PUBLIC        ?_pow?BYTE
  C:5C9AH         PUBLIC        _pow
BL51 BANKED LINKER/LOCATER V6.22.2.0                                                  10/01/2020  09:24:10  PAGE 131


  -------         ENDMOD        POW

  -------         MODULE        ?C?CHKFLOAT
  C:15EBH         PUBLIC        ?C?CHKFLOAT
  -------         ENDMOD        ?C?CHKFLOAT

  -------         MODULE        ?C?FPCMP
  C:1607H         PUBLIC        ?C?FPCMP
  C:1605H         PUBLIC        ?C?FPCMP3
  -------         ENDMOD        ?C?FPCMP

  -------         MODULE        ?C?FPNEG
  C:167EH         PUBLIC        ?C?FPNEG
  -------         ENDMOD        ?C?FPNEG

  -------         MODULE        ?C?FPROUND
  C:168FH         PUBLIC        ?C?FPROUND
  -------         ENDMOD        ?C?FPROUND

  -------         MODULE        ?C?FPCONVERT
  C:16CCH         PUBLIC        ?C?FPCONVERT
  -------         ENDMOD        ?C?FPCONVERT

  -------         MODULE        EXP
  C:92F8H         PUBLIC        _EXP
  -------         ENDMOD        EXP

  -------         MODULE        LOG
  C:682CH         PUBLIC        _LOG
  C:6828H         PUBLIC        _LOG10
  -------         ENDMOD        LOG

  -------         MODULE        ?C?FPDIV
  C:17D4H         PUBLIC        ?C?FPDIV
  -------         ENDMOD        ?C?FPDIV

  -------         MODULE        ?C?FTNPWR
  C:18A1H         PUBLIC        ?C?FTNPWR
  -------         ENDMOD        ?C?FTNPWR

  -------         MODULE        ?C?COPY
  C:19FEH         PUBLIC        ?C?COPY
  -------         ENDMOD        ?C?COPY

  -------         MODULE        ?C?CLDPTR
  C:1A24H         PUBLIC        ?C?CLDPTR
  -------         ENDMOD        ?C?CLDPTR

  -------         MODULE        ?C?CLDOPTR
  C:1A3DH         PUBLIC        ?C?CLDOPTR
  -------         ENDMOD        ?C?CLDOPTR

  -------         MODULE        ?C?CSTPTR
  C:1A6AH         PUBLIC        ?C?CSTPTR
  -------         ENDMOD        ?C?CSTPTR

  -------         MODULE        ?C?CSTOPTR
BL51 BANKED LINKER/LOCATER V6.22.2.0                                                  10/01/2020  09:24:10  PAGE 132


  C:1A7CH         PUBLIC        ?C?CSTOPTR
  -------         ENDMOD        ?C?CSTOPTR

  -------         MODULE        ?C?IMUL
  C:1A9EH         PUBLIC        ?C?IMUL
  -------         ENDMOD        ?C?IMUL

  -------         MODULE        ?C?IILDX
  C:1AB0H         PUBLIC        ?C?IILDX
  -------         ENDMOD        ?C?IILDX

  -------         MODULE        ?C?LNEG
  C:1AC6H         PUBLIC        ?C?LNEG
  -------         ENDMOD        ?C?LNEG

  -------         MODULE        ?C?SLCMP
  C:1AD4H         PUBLIC        ?C?SLCMP
  -------         ENDMOD        ?C?SLCMP

  -------         MODULE        ?C?ULCMP
  C:1AEAH         PUBLIC        ?C?ULCMP
  -------         ENDMOD        ?C?ULCMP

  -------         MODULE        ?C?ULSHR
  C:1AFBH         PUBLIC        ?C?ULSHR
  -------         ENDMOD        ?C?ULSHR

  -------         MODULE        ?C?LSHL
  C:1B0EH         PUBLIC        ?C?LSHL
  -------         ENDMOD        ?C?LSHL

  -------         MODULE        ?C?LLDCODE
  C:1B21H         PUBLIC        ?C?LLDCODE
  -------         ENDMOD        ?C?LLDCODE

  -------         MODULE        ?C?LLDXDATA0
  C:1B31H         PUBLIC        ?C?LLDXDATA0
  -------         ENDMOD        ?C?LLDXDATA0

  -------         MODULE        ?C?LLDCODE0
  C:1B3DH         PUBLIC        ?C?LLDCODE0
  -------         ENDMOD        ?C?LLDCODE0

  -------         MODULE        ?C?LSTXDATA
  C:1B4DH         PUBLIC        ?C?LSTXDATA
  -------         ENDMOD        ?C?LSTXDATA

  -------         MODULE        ?C?LSTKXDATA
  C:1B59H         PUBLIC        ?C?LSTKXDATA
  -------         ENDMOD        ?C?LSTKXDATA

  -------         MODULE        ?C?PLDIXDATA
  C:1B8AH         PUBLIC        ?C?PLDIXDATA
  -------         ENDMOD        ?C?PLDIXDATA

  -------         MODULE        ?C?PSTXDATA
  C:1BA1H         PUBLIC        ?C?PSTXDATA
BL51 BANKED LINKER/LOCATER V6.22.2.0                                                  10/01/2020  09:24:10  PAGE 133


  -------         ENDMOD        ?C?PSTXDATA

  -------         MODULE        ?C?CCASE
  C:1BAAH         PUBLIC        ?C?CCASE
  -------         ENDMOD        ?C?CCASE

  -------         MODULE        STRCAT
  X:0047H         PUBLIC        ?_strcat?BYTE
  C:A394H         PUBLIC        _strcat
  -------         ENDMOD        STRCAT

  -------         MODULE        ?C?STRCMP
  C:1D4EH         PUBLIC        ?C?STRCMP
  -------         ENDMOD        ?C?STRCMP

  -------         MODULE        ?C?STRCPY
  C:1E37H         PUBLIC        ?C?STRCPY
  -------         ENDMOD        ?C?STRCPY

  -------         MODULE        STRLEN
  C:000EH         PUBLIC        _STRLEN
  -------         ENDMOD        STRLEN

  -------         MODULE        STRTOK
  X:0065H         PUBLIC        ?_strtok?BYTE
  C:7B8AH         PUBLIC        _strtok
  -------         ENDMOD        STRTOK

  -------         MODULE        ATOL
  C:6FBCH         PUBLIC        _atol
  -------         ENDMOD        ATOL

  -------         MODULE        ATOI
  C:7D4CH         PUBLIC        _atoi
  -------         ENDMOD        ATOI

  -------         MODULE        MALLOC
  C:80A5H         PUBLIC        _malloc
  -------         ENDMOD        MALLOC

  -------         MODULE        INIT_MEM
  X:0256H         PUBLIC        __mem_avail__
  C:ADD7H         PUBLIC        _init_mempool
  -------         ENDMOD        INIT_MEM

  -------         MODULE        FREE
  C:61DBH         PUBLIC        _free
  -------         ENDMOD        FREE

  -------         MODULE        ?C?ILDIX
  C:1E54H         PUBLIC        ?C?ILDIX
  -------         ENDMOD        ?C?ILDIX

  -------         MODULE        ?C?LMUL
  C:1E6AH         PUBLIC        ?C?LMUL
  -------         ENDMOD        ?C?LMUL

BL51 BANKED LINKER/LOCATER V6.22.2.0                                                  10/01/2020  09:24:10  PAGE 134


  -------         MODULE        ISDIGIT
  C:B3F9H         PUBLIC        _isdigit
  -------         ENDMOD        ISDIGIT

  -------         MODULE        ISSPACE
  C:B36BH         PUBLIC        _isspace
  -------         ENDMOD        ISSPACE

  -------         MODULE        STRSPN
  X:006BH         PUBLIC        ?_strspn?BYTE
  C:9C57H         PUBLIC        _strspn
  -------         ENDMOD        STRSPN

  -------         MODULE        STRPBRK
  X:006BH         PUBLIC        ?_strpbrk?BYTE
  C:9DDEH         PUBLIC        _strpbrk
  -------         ENDMOD        STRPBRK

Program Size: data=98.7 xdata=618 code=46212
LINK/LOCATE RUN COMPLETE.  0 WARNING(S),  0 ERROR(S)
