BL51 BANKED LINKER/LOCATER V6.22.2.0                                                    11/04/2020  14:53:46  PAGE 1


BL51 BANKED LINKER/LOCATER V6.22.2.0, INVOKED BY:
C:\KEIL_V5\C51\BIN\BL51.EXE .\Objects\main.obj, .\Objects\Accescan.obj, .\Objects\Clock.obj, .\Objects\delay.obj, .\Obje
>> cts\eeprom.obj, .\Objects\io_sensores.obj, .\Objects\pantallas.obj, .\Objects\prog.obj, .\Objects\pto_paralelo.obj, .
>> \Objects\tibbo.obj, .\Objects\uart.obj, .\Objects\lintech.obj, .\Objects\verificador.obj, .\Objects\Monitor.obj TO .\
>> Objects\expedidor_v_01_raspberry PRINT (.\Listings\expedidor_v_01_raspberry.m51) RAMSIZE (256)


MEMORY MODEL: LARGE WITH FLOATING POINT ARITHMETIC


INPUT MODULES INCLUDED:
  .\Objects\main.obj (MAIN)
  .\Objects\Accescan.obj (ACCESCAN)
  .\Objects\Clock.obj (CLOCK)
  .\Objects\delay.obj (DELAY)
  .\Objects\eeprom.obj (EEPROM)
  .\Objects\io_sensores.obj (IO_SENSORES)
  .\Objects\pantallas.obj (PANTALLAS)
  .\Objects\prog.obj (PROG)
  .\Objects\pto_paralelo.obj (PTO_PARALELO)
  .\Objects\tibbo.obj (TIBBO)
  .\Objects\uart.obj (UART)
  .\Objects\lintech.obj (LINTECH)
  .\Objects\verificador.obj (VERIFICADOR)
  .\Objects\Monitor.obj (MONITOR)
  C:\KEIL_V5\C51\LIB\C51FPL.LIB (?C?FPADD)
  C:\KEIL_V5\C51\LIB\C51FPL.LIB (?C?FPMUL)
  C:\KEIL_V5\C51\LIB\C51FPL.LIB (?C?FCAST)
  C:\KEIL_V5\C51\LIB\C51FPL.LIB (?C?CASTF)
  C:\KEIL_V5\C51\LIB\C51FPL.LIB (PRINTF)
  C:\KEIL_V5\C51\LIB\C51FPL.LIB (POW)
  C:\KEIL_V5\C51\LIB\C51FPL.LIB (?C?FPGETOPN)
  C:\KEIL_V5\C51\LIB\C51FPL.LIB (?C?CHKFLOAT)
  C:\KEIL_V5\C51\LIB\C51FPL.LIB (?C?FPCMP)
  C:\KEIL_V5\C51\LIB\C51FPL.LIB (?C?FPNEG)
  C:\KEIL_V5\C51\LIB\C51FPL.LIB (?C?FPROUND)
  C:\KEIL_V5\C51\LIB\C51FPL.LIB (?C?FPCONVERT)
  C:\KEIL_V5\C51\LIB\C51FPL.LIB (EXP)
  C:\KEIL_V5\C51\LIB\C51FPL.LIB (LOG)
  C:\KEIL_V5\C51\LIB\C51FPL.LIB (?C?FPDIV)
  C:\KEIL_V5\C51\LIB\C51FPL.LIB (?C?FTNPWR)
  C:\KEIL_V5\C51\LIB\C51FPL.LIB (?C?FPSERIES)
  C:\KEIL_V5\C51\LIB\C51L.LIB (?C_STARTUP)
  C:\KEIL_V5\C51\LIB\C51L.LIB (?C?COPY)
  C:\KEIL_V5\C51\LIB\C51L.LIB (?C?CLDPTR)
  C:\KEIL_V5\C51\LIB\C51L.LIB (?C?CLDOPTR)
  C:\KEIL_V5\C51\LIB\C51L.LIB (?C?CSTPTR)
  C:\KEIL_V5\C51\LIB\C51L.LIB (?C?CSTOPTR)
  C:\KEIL_V5\C51\LIB\C51L.LIB (?C?IMUL)
  C:\KEIL_V5\C51\LIB\C51L.LIB (?C?IILDX)
  C:\KEIL_V5\C51\LIB\C51L.LIB (?C?LNEG)
  C:\KEIL_V5\C51\LIB\C51L.LIB (?C?SLCMP)
  C:\KEIL_V5\C51\LIB\C51L.LIB (?C?ULCMP)
  C:\KEIL_V5\C51\LIB\C51L.LIB (?C?ULSHR)
  C:\KEIL_V5\C51\LIB\C51L.LIB (?C?LSHL)
  C:\KEIL_V5\C51\LIB\C51L.LIB (?C?LLDCODE)
  C:\KEIL_V5\C51\LIB\C51L.LIB (?C?LLDXDATA0)
  C:\KEIL_V5\C51\LIB\C51L.LIB (?C?LLDCODE0)
BL51 BANKED LINKER/LOCATER V6.22.2.0                                                  11/04/2020  14:53:46  PAGE 2


  C:\KEIL_V5\C51\LIB\C51L.LIB (?C?LSTXDATA)
  C:\KEIL_V5\C51\LIB\C51L.LIB (?C?LSTKXDATA)
  C:\KEIL_V5\C51\LIB\C51L.LIB (?C?PLDIXDATA)
  C:\KEIL_V5\C51\LIB\C51L.LIB (?C?PSTXDATA)
  C:\KEIL_V5\C51\LIB\C51L.LIB (?C?CCASE)
  C:\KEIL_V5\C51\LIB\C51L.LIB (STRCAT)
  C:\KEIL_V5\C51\LIB\C51L.LIB (?C?STRCMP)
  C:\KEIL_V5\C51\LIB\C51L.LIB (?C?STRCPY)
  C:\KEIL_V5\C51\LIB\C51L.LIB (STRLEN)
  C:\KEIL_V5\C51\LIB\C51L.LIB (STRTOK)
  C:\KEIL_V5\C51\LIB\C51L.LIB (ATOL)
  C:\KEIL_V5\C51\LIB\C51L.LIB (ATOI)
  C:\KEIL_V5\C51\LIB\C51L.LIB (MALLOC)
  C:\KEIL_V5\C51\LIB\C51L.LIB (INIT_MEM)
  C:\KEIL_V5\C51\LIB\C51L.LIB (FREE)
  C:\KEIL_V5\C51\LIB\C51L.LIB (?C_INIT)
  C:\KEIL_V5\C51\LIB\C51L.LIB (?C?ILDIX)
  C:\KEIL_V5\C51\LIB\C51L.LIB (?C?LMUL)
  C:\KEIL_V5\C51\LIB\C51L.LIB (ISDIGIT)
  C:\KEIL_V5\C51\LIB\C51L.LIB (ISSPACE)
  C:\KEIL_V5\C51\LIB\C51L.LIB (STRSPN)
  C:\KEIL_V5\C51\LIB\C51L.LIB (STRPBRK)


LINK MAP OF MODULE:  .\Objects\expedidor_v_01_raspberry (MAIN)


            TYPE    BASE      LENGTH    RELOCATION   SEGMENT NAME
            -----------------------------------------------------

            * * * * * * *   D A T A   M E M O R Y   * * * * * * *
            REG     0000H     0008H     ABSOLUTE     "REG BANK 0"
            DATA    0008H     0005H     UNIT         _DATA_GROUP_
            DATA    000DH     0004H     UNIT         ?DT?UART
            IDATA   0011H     0009H     UNIT         ?ID?MONITOR
                    001AH     0006H                  *** GAP ***
            BIT     0020H.0   0001H.1   UNIT         _BIT_GROUP_
            BIT     0021H.1   0000H.2   UNIT         ?BI?MAIN
            BIT     0021H.3   0000H.2   UNIT         ?BI?UART
            BIT     0021H.5   0000H.1   UNIT         ?BI?EEPROM
            BIT     0021H.6   0000H.1   UNIT         ?BI?VERIFICADOR
                    0021H.7   0000H.1                *** GAP ***
            IDATA   0022H     0046H     UNIT         ?ID?MAIN
            IDATA   0068H     0001H     UNIT         ?STACK

            * * * * * * *  X D A T A   M E M O R Y  * * * * * * *
            XDATA   0000H     00B7H     UNIT         _XDATA_GROUP_
            XDATA   00B7H     008AH     UNIT         ?XD?VERIFICADOR
            XDATA   0141H     006CH     UNIT         ?XD?MAIN
            XDATA   01ADH     0059H     UNIT         ?XD?PROG
            XDATA   0206H     0050H     UNIT         ?XD?PANTALLAS
            XDATA   0256H     0008H     UNIT         ?XD?INIT_MEM
            XDATA   025EH     0003H     UNIT         ?XD?EEPROM
            XDATA   0261H     0003H     UNIT         ?XD?UART
            XDATA   0264H     0003H     UNIT         ?XD?STRTOK
            XDATA   0267H     0001H     UNIT         ?XD?ACCESCAN
            XDATA   0268H     0001H     UNIT         ?XD?CLOCK
BL51 BANKED LINKER/LOCATER V6.22.2.0                                                  11/04/2020  14:53:46  PAGE 3


            XDATA   0269H     0001H     UNIT         ?XD?IO_SENSORES

            * * * * * * *   C O D E   M E M O R Y   * * * * * * *
            CODE    0000H     0003H     ABSOLUTE     
            CODE    0003H     0008H     UNIT         ?PR?P_CK?CLOCK
            CODE    000BH     0003H     ABSOLUTE     
            CODE    000EH     0015H     UNIT         ?PR?_STRLEN?STRLEN
            CODE    0023H     0003H     ABSOLUTE     
            CODE    0026H     1308H     UNIT         ?CO?PROG
            CODE    132EH     0B8BH     UNIT         ?C?LIB_CODE
            CODE    1EB9H     078DH     UNIT         ?CO?VERIFICADOR
            CODE    2646H     06F4H     UNIT         ?PR?_PANTALLALCD?PANTALLAS
            CODE    2D3AH     0656H     UNIT         ?CO?PANTALLAS
            CODE    3390H     0483H     UNIT         ?PR?PRINTF?PRINTF
            CODE    3813H     046CH     UNIT         ?PR?_SECUENCIAEXPEDIDORMF?VERIFICADOR
            CODE    3C7FH     035CH     UNIT         ?PR?VER_PROG?PROG
            CODE    3FDBH     033EH     UNIT         ?PR?_VALIDA_TRAMA_PTO?ACCESCAN
            CODE    4319H     02D0H     UNIT         ?PR?_TWO_BYTEHEX_DECIMAL?CLOCK
            CODE    45E9H     02B7H     UNIT         ?PR?_PROG_HORARIO_DIAS?PROG
            CODE    48A0H     02B2H     UNIT         ?PR?_PANTALLALCD_LINEA_2?PANTALLAS
            CODE    4B52H     022CH     UNIT         ?PR?MENU?PROG
            CODE    4D7EH     0208H     UNIT         ?PR?_HASH_ID?PROG
            CODE    4F86H     01FAH     UNIT         ?PR?_PROG_HORARIO_DESDE_HASTA?PROG
            CODE    5180H     01F5H     UNIT         ?PR?PROG_FECHA_VENCIMIENTO?PROG
            CODE    5375H     01DFH     UNIT         ?PR?_RESPONDE_LECTURA_TARJETA_SECTOR1_BLOQUE1?VERIFICADOR
            CODE    5554H     01B3H     UNIT         ?PR?COM_ISR?UART
            CODE    5707H     01A9H     UNIT         ?PR?_ARMAR_TRAMA_PTO_PARALELO_EXPEDIDOR?VERIFICADOR
            CODE    58B0H     01A4H     UNIT         ?PR?_VALIDA_TIPO_TARJETA?VERIFICADOR
            CODE    5A54H     017AH     UNIT         ?CO?LINTECH
            CODE    5BCEH     016EH     UNIT         ?PR?_BLOCK_READ_CLOCK_ASCII?CLOCK
            CODE    5D3CH     0166H     UNIT         ?PR?_POW?POW
            CODE    5EA2H     0154H     UNIT         ?PR?_ARMAR_TRAMA_MONITOR?VERIFICADOR
            CODE    5FF6H     0145H     UNIT         ?PR?PROG_HORARIOS?PROG
            CODE    613BH     0142H     UNIT         ?PR?_ARMAR_TRAMA_TARJETA_SECTOR1_BLOQUE2?VERIFICADOR
            CODE    627DH     013FH     UNIT         ?PR?_FREE?FREE
            CODE    63BCH     013EH     UNIT         ?PR?PROG_SIN_COBRO?PROG
            CODE    64FAH     013EH     UNIT         ?PR?SECUENCIA_INICIO_EXPEDIDOR?VERIFICADOR
            CODE    6638H     0137H     UNIT         ?PR?VER_HORARIO?PROG
            CODE    676FH     012BH     UNIT         ?PR?_RESPONDE_LECTURA_TARJETA_SECTOR1_BLOQUE2?VERIFICADOR
            CODE    689AH     0129H     UNIT         ?PR?LOG?LOG
            CODE    69C3H     0128H     UNIT         ?PR?_VER_HORARIO_DIAS?PROG
            CODE    6AEBH     011CH     UNIT         ?PR?LOAD_AND_SEND_ID_COD?PTO_PARALELO
            CODE    6C07H     011AH     UNIT         ?PR?_PROG_HORARIOS_ON_OFF?PROG
            CODE    6D21H     0119H     UNIT         ?PR?_VER_HORARIO_DESDE_HASTA?PROG
            CODE    6E3AH     0115H     UNIT         ?PR?_VALIDAR_CLK?CLOCK
            CODE    6F4FH     010FH     UNIT         ?PR?_HORARIOS?VERIFICADOR
            CODE    705EH     010CH     UNIT         ?PR?_ATOL?ATOL
            CODE    716AH     0103H     UNIT         ?PR?_BLOQUE_HORARIO?VERIFICADOR
            CODE    726DH     0100H     UNIT         ?PR?_WR_MF?LINTECH
            CODE    736DH     00FCH     UNIT         ?PR?PROG_DEBUG?PROG
            CODE    7469H     00FCH     UNIT         ?PR?PROG_USE_LPR?PROG
            CODE    7565H     00FCH     UNIT         ?PR?TIPO_PANTALLA?PROG
            CODE    7661H     00FCH     UNIT         ?PR?PROG_ANTIPASSBACK?PROG
            CODE    775DH     00FCH     UNIT         ?PR?PROG_PLACA?PROG
            CODE    7859H     00FCH     UNIT         ?PR?PROG_VALIDAR_TIPO_VEHICULO_MENSUAL?PROG
            CODE    7955H     00FCH     UNIT         ?PR?PROG_APB_MENSUAL?PROG
            CODE    7A51H     00F1H     UNIT         ?PR?_WRITE_EEPROM_TICKET?EEPROM
BL51 BANKED LINKER/LOCATER V6.22.2.0                                                  11/04/2020  14:53:46  PAGE 4


            CODE    7B42H     00EAH     UNIT         ?PR?_MOV_CARD?LINTECH
            CODE    7C2CH     00E4H     UNIT         ?PR?_STRTOK?STRTOK
            CODE    7D10H     00DEH     UNIT         ?PR?PROG_ADDRESS_HIGH_BOARD?PROG
            CODE    7DEEH     00DBH     UNIT         ?PR?_ATOI?ATOI
            CODE    7EC9H     00D7H     UNIT         ?PR?_ANALIZA_UID_CARD?VERIFICADOR
            CODE    7FA0H     00D6H     UNIT         ?PR?_CMD_LPR_SALIDA_WIEGAND?ACCESCAN
            CODE    8076H     00D1H     UNIT         ?PR?_ARMAR_TRAMA_PTO_PARALELO_EXPEDIDOR_MENSUAL?VERIFICADOR
            CODE    8147H     00D1H     UNIT         ?PR?_MALLOC?MALLOC
            CODE    8218H     00CEH     UNIT         ?C_INITSEG
            CODE    82E6H     00CCH     UNIT         ?PR?_GRABA_SERIE?EEPROM
            CODE    83B2H     00CBH     UNIT         ?PR?_RTA_CMD_TRANSPORTE?VERIFICADOR
            CODE    847DH     00CAH     UNIT         ?PR?READ_EEPROM_TICKET?EEPROM
            CODE    8547H     00C9H     UNIT         ?PR?_CHECK_FECHAOUT?CLOCK
            CODE    8610H     00C4H     UNIT         ?PR?_BLOCK_READ_CLOCK?CLOCK
            CODE    86D4H     00C4H     UNIT         ?PR?_TARJETA_MENSUAL?VERIFICADOR
            CODE    8798H     00C3H     UNIT         ?PR?_RD_MF?LINTECH
            CODE    885BH     00C2H     UNIT         ?PR?PROG_TARJETA_AUTOMATICA_O_BOTON?PROG
            CODE    891DH     00C1H     UNIT         ?PR?_RECIBE_CMD_MONITOR?MONITOR
            CODE    89DEH     00BEH     UNIT         ?PR?ERROR_RX_PTO?VERIFICADOR
            CODE    8A9CH     00BDH     UNIT         ?PR?PROG_COD_PARK?PROG
            CODE    8B59H     00BDH     UNIT         ?PR?PROG_TIEMPO_GRACIA?PROG
            CODE    8C16H     00BAH     UNIT         ?CO?TIBBO
            CODE    8CD0H     00B6H     UNIT         ?PR?PROG_ID_CLIENTE?PROG
            CODE    8D86H     00B4H     UNIT         ?PR?_SEND_PORT?PTO_PARALELO
            CODE    8E3AH     00ADH     UNIT         ?CO?IO_SENSORES
            CODE    8EE7H     00ACH     UNIT         ?PR?_HORA_MAXIMA?VERIFICADOR
            CODE    8F93H     00AAH     UNIT         ?PR?CLAVE_SEGURIDAD_S2?LINTECH
            CODE    903DH     00A9H     UNIT         ?PR?DWLOAD_EEPROM?LINTECH
            CODE    90E6H     00A7H     UNIT         ?PR?_WAIT_PLACA?VERIFICADOR
            CODE    918DH     00A6H     UNIT         ?PR?_BLOCK_READ_CLOCK_HEX?CLOCK
            CODE    9233H     00A4H     UNIT         ?PR?_ARMAR_TRAMA_TARJETA_SECTOR1_BLOQUE1_CAMCEL?VERIFICADOR
            CODE    92D7H     009DH     UNIT         ?PR?_INICIALIZA?LINTECH
            CODE    9374H     009BH     UNIT         ?PR?_VALIDA_TRAMA_MONITOR?MONITOR
            CODE    940FH     009AH     UNIT         ?PR?_RESPONDE_LECTURA_TARJETA_SECTOR1_BLOQUE0?VERIFICADOR
            CODE    94A9H     009AH     UNIT         ?PR?EXP?EXP
            CODE    9543H     0099H     UNIT         ?PR?SHOW?PROG
            CODE    95DCH     0099H     UNIT         ?PR?_RECIBE_PORT?PTO_PARALELO
            CODE    9675H     0098H     UNIT         ?PR?_VALIDA_VEHICULO_CARD_MENSUAL?VERIFICADOR
            CODE    970DH     0094H     UNIT         ?PR?_RESPUESTA_PLACA_CANCEL?VERIFICADOR
            CODE    97A1H     0091H     UNIT         ?PR?_HEX_ASCII?CLOCK
            CODE    9832H     0091H     UNIT         ?PR?_CARD_INSERCION?LINTECH
            CODE    98C3H     0090H     UNIT         ?PR?_LEE_CLK?CLOCK
            CODE    9953H     0090H     UNIT         ?PR?_GETOPTION?PROG
            CODE    99E3H     008FH     UNIT         ?PR?_BLOCK_WRITE_CLOCK_ASCII?CLOCK
            CODE    9A72H     008FH     UNIT         ?PR?_RESPONDE_WRITE_TARJETA_SECTOR1_BLOQUE2?VERIFICADOR
            CODE    9B01H     008DH     UNIT         ?PR?LOADVERIFY_EEPROM?LINTECH
            CODE    9B8EH     008CH     UNIT         ?C_C51STARTUP
            CODE    9C1AH     0089H     UNIT         ?PR?_RASPBERRY_DATA?PANTALLAS
            CODE    9CA3H     0088H     UNIT         ?PR?_SEND_PORTERR?PTO_PARALELO
            CODE    9D2BH     0088H     UNIT         ?PR?RX_DATA?TIBBO
            CODE    9DB3H     0088H     UNIT         ?PR?UNIQUE_IDENTIFIER_UID?LINTECH
            CODE    9E3BH     0084H     UNIT         ?PR?_STRSPN?STRSPN
            CODE    9EBFH     0082H     UNIT         ?PR?_SEND_PTO_PARALELO?VERIFICADOR
            CODE    9F41H     0081H     UNIT         ?PR?_STRPBRK?STRPBRK
            CODE    9FC2H     0080H     UNIT         ?PR?MSJ_LCD_INFORMATIVO?IO_SENSORES
            CODE    A042H     0080H     UNIT         ?PR?_INGRESADATO?PROG
            CODE    A0C2H     0080H     UNIT         ?PR?AUT_CARD_CHECK_STATUS?LINTECH
BL51 BANKED LINKER/LOCATER V6.22.2.0                                                  11/04/2020  14:53:46  PAGE 5


            CODE    A142H     0080H     UNIT         ?PR?POWER_OFF?LINTECH
            CODE    A1C2H     007CH     UNIT         ?PR?MAIN?MAIN
            CODE    A23EH     007CH     UNIT         ?PR?_CHECK_STATUS?LINTECH
            CODE    A2BAH     007CH     UNIT         ?PR?RESPONDE_ESTADO_SENSORES_TRANSPORTE?VERIFICADOR
            CODE    A336H     0079H     UNIT         ?PR?ENTREGA_CARD_CAPTURA?VERIFICADOR
            CODE    A3AFH     0077H     UNIT         ?PR?RESPONDE_TIPO_TARJETA?VERIFICADOR
            CODE    A426H     0073H     UNIT         ?PR?_DEBUGBUFFERMF?TIBBO
            CODE    A499H     0071H     UNIT         ?PR?_EN_HORARIO?VERIFICADOR
            CODE    A50AH     006FH     UNIT         ?PR?_ESCRIBIRMEMORIA?EEPROM
            CODE    A579H     006BH     UNIT         ?PR?_STRCAT?STRCAT
            CODE    A5E4H     0066H     UNIT         ?PR?_LEERMEMORIA?EEPROM
            CODE    A64AH     0066H     UNIT         ?PR?_DISPARO_LOCK_ENTRADA_VEHICULO?VERIFICADOR
            CODE    A6B0H     0062H     UNIT         ?PR?_LISTACOMANDOS?PROG
            CODE    A712H     0061H     UNIT         ?PR?_PREGUNTA_LPR?VERIFICADOR
            CODE    A773H     005EH     UNIT         ?PR?_BYTEHEX_DECIMAL?CLOCK
            CODE    A7D1H     005DH     UNIT         ?PR?_RESPUESTA_SEGUNDA_CLAVE?VERIFICADOR
            CODE    A82EH     0059H     UNIT         ?PR?INGRESO_VEHICULO?VERIFICADOR
            CODE    A887H     0058H     UNIT         ?PR?VALIDA_SENSOR1_AUTO?IO_SENSORES
            CODE    A8DFH     0058H     UNIT         ?PR?_ARMAR_TRAMA_PLACA?VERIFICADOR
            CODE    A937H     0056H     UNIT         ?PR?_WR_EEPROM?EEPROM
            CODE    A98DH     004EH     UNIT         ?PR?RELOJ_PANTALLA_LCD?PANTALLAS
            CODE    A9DBH     004DH     UNIT         ?PR?VARIABLE_INICIO?MAIN
            CODE    AA28H     004DH     UNIT         ?PR?L_D_M?EEPROM
            CODE    AA75H     004CH     UNIT         ?PR?LEE_NO_TICKET?EEPROM
            CODE    AAC1H     004BH     UNIT         ?PR?_TX_AUX?TIBBO
            CODE    AB0CH     0049H     UNIT         ?PR?_DEBUG_TXT_TIBBO?TIBBO
            CODE    AB55H     0048H     UNIT         ?PR?FIRST_CLAVE?PROG
            CODE    AB9DH     0047H     UNIT         ?PR?_DEBUG_CHR_TIBBO?TIBBO
            CODE    ABE4H     0047H     UNIT         ?PR?_RESPONDE_WRITE_TARJETA_SECTOR2_BLOQUE0?VERIFICADOR
            CODE    AC2BH     0046H     UNIT         ?PR?_ESCRIBIRCADENASOFT_BUFFER?MAIN
            CODE    AC71H     0046H     UNIT         ?PR?_LCD_TXT_NUM_CHAR?PANTALLAS
            CODE    ACB7H     0046H     UNIT         ?PR?_DEBUG_HEXDEC?TIBBO
            CODE    ACFDH     0044H     UNIT         ?PR?_LCD_TXT?PANTALLAS
            CODE    AD41H     0043H     UNIT         ?PR?DIR_BOARD?IO_SENSORES
            CODE    AD84H     0042H     UNIT         ?PR?_VALIDARCLAVE?PROG
            CODE    ADC6H     0041H     UNIT         ?PR?_MONITOR_CHR?ACCESCAN
            CODE    AE07H     0041H     UNIT         ?PR?_TWO_ONE?CLOCK
            CODE    AE48H     0040H     UNIT         ?PR?_GETCMD?PROG
            CODE    AE88H     003FH     UNIT         ?PR?_EB_CLK?CLOCK
            CODE    AEC7H     003EH     UNIT         ?PR?_PUTCHAR?MAIN
            CODE    AF05H     003DH     UNIT         ?PR?_HEX_BCD?CLOCK
            CODE    AF42H     003DH     UNIT         ?PR?_RD_EEPROM?EEPROM
            CODE    AF7FH     003DH     UNIT         ?PR?_LOAD_SECUENCIA_EXPEDIDOR?VERIFICADOR
            CODE    AFBCH     003CH     UNIT         ?PR?_INIT_MEMPOOL?INIT_MEM
            CODE    AFF8H     003BH     UNIT         ?CO?EEPROM
            CODE    B033H     003BH     UNIT         ?PR?_DEBUG_PTO_PARALELO?TIBBO
            CODE    B06EH     003BH     UNIT         ?PR?_COM_PUTCHAR?UART
            CODE    B0A9H     003AH     UNIT         ?PR?_DELAY_10MS?DELAY
            CODE    B0E3H     0038H     UNIT         ?PR?VALIDASENSORESPASO?IO_SENSORES
            CODE    B11BH     0036H     UNIT         ?PR?_RESPONDE_WRITE_TARJETA_SECTOR1_BLOQUE1?VERIFICADOR
            CODE    B151H     0036H     UNIT         ?PR?_RESPONDE_WRITE_TARJETA_SECTOR1_BLOQUE0?VERIFICADOR
            CODE    B187H     0034H     UNIT         ?PR?INCREMENTE_TICKET?EEPROM
            CODE    B1BBH     0034H     UNIT         ?PR?ADDR_HORARIOS?PROG
            CODE    B1EFH     0033H     UNIT         ?PR?TRAMA_VALIDACION_P_N?VERIFICADOR
            CODE    B222H     0032H     UNIT         ?PR?_DEBUG_MONITOR?TIBBO
            CODE    B254H     0031H     UNIT         ?PR?_TARJETA_ROTACION?VERIFICADOR
            CODE    B285H     002EH     UNIT         ?PR?TIMER0_INT?MAIN
BL51 BANKED LINKER/LOCATER V6.22.2.0                                                  11/04/2020  14:53:46  PAGE 6


            CODE    B2B3H     002CH     UNIT         ?PR?LOAD_AND_SEND_INFO_RELOJ?PTO_PARALELO
            CODE    B2DFH     002AH     UNIT         ?PR?COM_INITIALIZE?UART
            CODE    B309H     0028H     UNIT         ?PR?_WR_CLK?CLOCK
            CODE    B331H     0028H     UNIT         ?PR?COM_BAUDRATE?UART
            CODE    B359H     0028H     UNIT         ?PR?_ARMAR_TRAMA_TARJETA_SECTOR1_BLOQUE0?VERIFICADOR
            CODE    B381H     0027H     UNIT         ?PR?_TX_CHRLCD?PANTALLAS
            CODE    B3A8H     0026H     UNIT         ?PR?COM_GETCHAR?UART
            CODE    B3CEH     0026H     UNIT         ?PR?ANALIZA_PRESENCIA_MENSUAL?VERIFICADOR
            CODE    B3F4H     0026H     UNIT         ?PR?RX_MONITOR?MONITOR
            CODE    B41AH     0023H     UNIT         ?PR?ANALIZA_PRESENCIA_ROTACION?VERIFICADOR
            CODE    B43DH     0022H     UNIT         ?PR?_E_D_M?EEPROM
            CODE    B45FH     0020H     UNIT         ?PR?ACKD?EEPROM
            CODE    B47FH     0020H     UNIT         ?PR?ACK_LECT?EEPROM
            CODE    B49FH     001FH     UNIT         ?PR?VALIDASENSOR?IO_SENSORES
            CODE    B4BEH     001FH     UNIT         ?PR?TIME_BIT?TIBBO
            CODE    B4DDH     001EH     UNIT         ?PR?_BCD_HEX?CLOCK
            CODE    B4FBH     001BH     UNIT         ?PR?_DELAY_1MS?DELAY
            CODE    B516H     0018H     UNIT         ?PR?CLEAR_PLACA?MONITOR
            CODE    B52EH     0017H     UNIT         ?PR?DISPLAYCURSOR?PROG
            CODE    B545H     0017H     UNIT         ?PR?TIME_MBIT?TIBBO
            CODE    B55CH     0016H     UNIT         ?PR?DIR_BOARD_MONITOR?IO_SENSORES
            CODE    B572H     0014H     UNIT         ?PR?DEBUG_DIVIDIR_TEXTO?TIBBO
            CODE    B586H     0014H     UNIT         ?PR?_ISSPACE?ISSPACE
            CODE    B59AH     0012H     UNIT         ?PR?_DELAY_20US?DELAY
            CODE    B5ACH     0012H     UNIT         ?PR?START?EEPROM
            CODE    B5BEH     0012H     UNIT         ?PR?PULSO_BUS?PTO_PARALELO
            CODE    B5D0H     0012H     UNIT         ?PR?COM_RBUFLEN?UART
            CODE    B5E2H     0012H     UNIT         ?PR?COM_TBUFLEN?UART
            CODE    B5F4H     0010H     UNIT         ?PR?INI_TIMER?MAIN
            CODE    B604H     0010H     UNIT         ?PR?INICIA_BOARD?MAIN
            CODE    B614H     000FH     UNIT         ?PR?_ISDIGIT?ISDIGIT
            CODE    B623H     000CH     UNIT         ?PR?_GETKEY?MAIN
            CODE    B62FH     000AH     UNIT         ?PR?COND_INI_PTO?PTO_PARALELO
            CODE    B639H     0009H     UNIT         ?PR?STOP?EEPROM
            CODE    B642H     0009H     UNIT         ?PR?CAPTURA_EXPULSA?VERIFICADOR
            CODE    B64BH     0007H     UNIT         ?PR?COND_INI_CLOCK?CLOCK
            CODE    B652H     0007H     UNIT         ?PR?SEL_FUNCION?IO_SENSORES
            CODE    B659H     0007H     UNIT         ?PR?SEL_AUTO?IO_SENSORES
            CODE    B660H     0007H     UNIT         ?PR?SEL_PULSA?IO_SENSORES
            CODE    B667H     0007H     UNIT         ?PR?SEL_SENSOR2?IO_SENSORES
            CODE    B66EH     0007H     UNIT         ?PR?SEL_SENSOR1?IO_SENSORES
            CODE    B675H     0007H     UNIT         ?PR?SEL_DIR1?IO_SENSORES
            CODE    B67CH     0007H     UNIT         ?PR?SEL_DIR2?IO_SENSORES
            CODE    B683H     0006H     UNIT         ?PR?P_ME?EEPROM
            CODE    B689H     0005H     UNIT         ?PR?ON_TIMER0_INTERRUP?MAIN
            CODE    B68EH     0005H     UNIT         ?CO?ACCESCAN
            CODE    B693H     0005H     UNIT         ?PR?COND_INI_TIBBO?TIBBO
            CODE    B698H     0003H     UNIT         ?PR?OFF_TIMER0_INTERRUP?MAIN
            CODE    B69BH     0003H     UNIT         ?CO?PTO_PARALELO
            CODE    B69EH     0001H     UNIT         ?PR?DELAY?DELAY



OVERLAY MAP OF MODULE:   .\Objects\expedidor_v_01_raspberry (MAIN)


SEGMENT                                             BIT_GROUP          DATA_GROUP          XDATA_GROUP
BL51 BANKED LINKER/LOCATER V6.22.2.0                                                  11/04/2020  14:53:46  PAGE 7


  +--> CALLED SEGMENT                            START    LENGTH     START    LENGTH     START    LENGTH
--------------------------------------------------------------------------------------------------------
?C_C51STARTUP                                    -----    -----      -----    -----      -----    -----
  +--> ?PR?MAIN?MAIN
  +--> ?C_INITSEG

?PR?MAIN?MAIN                                    -----    -----      -----    -----      0000H    0001H
  +--> ?PR?INI_TIMER?MAIN
  +--> ?PR?ON_TIMER0_INTERRUP?MAIN
  +--> ?PR?COM_INITIALIZE?UART
  +--> ?PR?COM_BAUDRATE?UART
  +--> ?PR?INICIA_BOARD?MAIN
  +--> ?PR?TIME_BIT?TIBBO
  +--> ?PR?_DELAY_20US?DELAY
  +--> ?PR?TIME_MBIT?TIBBO
  +--> ?PR?_TX_AUX?TIBBO
  +--> ?PR?SEL_FUNCION?IO_SENSORES
  +--> ?PR?MENU?PROG
  +--> ?PR?VARIABLE_INICIO?MAIN
  +--> ?PR?SECUENCIA_INICIO_EXPEDIDOR?VERIFI...
  +--> ?PR?RX_MONITOR?MONITOR
  +--> ?PR?_SECUENCIAEXPEDIDORMF?VERIFICADOR
  +--> ?PR?_RECIBE_PORT?PTO_PARALELO
  +--> ?PR?_DEBUG_PTO_PARALELO?TIBBO
  +--> ?PR?_VALIDA_TRAMA_PTO?ACCESCAN
  +--> ?PR?MSJ_LCD_INFORMATIVO?IO_SENSORES

?PR?COM_INITIALIZE?UART                          -----    -----      -----    -----      -----    -----
  +--> ?PR?COM_BAUDRATE?UART

?PR?INICIA_BOARD?MAIN                            -----    -----      -----    -----      -----    -----
  +--> ?PR?COND_INI_TIBBO?TIBBO
  +--> ?PR?COND_INI_CLOCK?CLOCK
  +--> ?PR?COND_INI_PTO?PTO_PARALELO

?PR?_TX_AUX?TIBBO                                -----    -----      -----    -----      -----    -----
  +--> ?PR?TIME_BIT?TIBBO

?PR?MENU?PROG                                    -----    -----      -----    -----      0001H    0045H
  +--> ?CO?PROG
  +--> ?PR?PRINTF?PRINTF
  +--> ?PR?_RD_EEPROM?EEPROM
  +--> ?PR?FIRST_CLAVE?PROG
  +--> ?PR?_WR_EEPROM?EEPROM
  +--> ?PR?_LEERMEMORIA?EEPROM
  +--> ?PR?_HASH_ID?PROG
  +--> ?PR?_INGRESADATO?PROG
  +--> ?PR?_GETCMD?PROG
  +--> ?PR?_ESCRIBIRMEMORIA?EEPROM
  +--> ?PR?_VALIDARCLAVE?PROG
  +--> ?PR?DISPLAYCURSOR?PROG
  +--> ?PR?_STRLEN?STRLEN
  +--> ?PR?_GETOPTION?PROG
  +--> ?PR?_STRCAT?STRCAT
  +--> ?PR?_LISTACOMANDOS?PROG
  +--> ?PR?PROG_ID_CLIENTE?PROG
  +--> ?PR?PROG_COD_PARK?PROG
BL51 BANKED LINKER/LOCATER V6.22.2.0                                                  11/04/2020  14:53:46  PAGE 8


  +--> ?PR?PROG_TIEMPO_GRACIA?PROG
  +--> ?PR?PROG_SIN_COBRO?PROG
  +--> ?PR?PROG_DEBUG?PROG
  +--> ?PR?PROG_USE_LPR?PROG
  +--> ?PR?TIPO_PANTALLA?PROG
  +--> ?PR?PROG_TARJETA_AUTOMATICA_O_BOTON?PROG
  +--> ?PR?PROG_ANTIPASSBACK?PROG
  +--> ?PR?PROG_PLACA?PROG
  +--> ?PR?PROG_ADDRESS_HIGH_BOARD?PROG
  +--> ?PR?PROG_HORARIOS?PROG
  +--> ?PR?PROG_VALIDAR_TIPO_VEHICULO_MENSUA...
  +--> ?PR?PROG_APB_MENSUAL?PROG
  +--> ?PR?VER_PROG?PROG
  +--> ?PR?SHOW?PROG
  +--> ?PR?PROG_FECHA_VENCIMIENTO?PROG

?PR?PRINTF?PRINTF                                0020H.0  0001H.1    0008H    0005H      0077H    0030H
  +--> ?PR?_PUTCHAR?MAIN

?PR?_PUTCHAR?MAIN                                -----    -----      -----    -----      00A7H    0003H
  +--> ?PR?_COM_PUTCHAR?UART

?PR?_COM_PUTCHAR?UART                            -----    -----      -----    -----      00AAH    0001H
  +--> ?PR?COM_TBUFLEN?UART

?PR?_RD_EEPROM?EEPROM                            -----    -----      -----    -----      -----    -----
  +--> ?PR?START?EEPROM
  +--> ?PR?ACK_LECT?EEPROM
  +--> ?PR?_E_D_M?EEPROM
  +--> ?PR?ACKD?EEPROM
  +--> ?PR?L_D_M?EEPROM
  +--> ?PR?STOP?EEPROM

?PR?ACK_LECT?EEPROM                              -----    -----      -----    -----      -----    -----
  +--> ?PR?_E_D_M?EEPROM

?PR?_E_D_M?EEPROM                                -----    -----      -----    -----      -----    -----
  +--> ?PR?P_ME?EEPROM

?PR?ACKD?EEPROM                                  -----    -----      -----    -----      -----    -----
  +--> ?PR?_E_D_M?EEPROM

?PR?FIRST_CLAVE?PROG                             -----    -----      -----    -----      0046H    000BH
  +--> ?PR?_BLOCK_READ_CLOCK_ASCII?CLOCK
  +--> ?PR?_HASH_ID?PROG
  +--> ?PR?_ESCRIBIRMEMORIA?EEPROM

?PR?_BLOCK_READ_CLOCK_ASCII?CLOCK                -----    -----      -----    -----      0051H    0003H
  +--> ?PR?_LEE_CLK?CLOCK

?PR?_LEE_CLK?CLOCK                               -----    -----      -----    -----      00B1H    0003H
  +--> ?PR?_DELAY_20US?DELAY
  +--> ?PR?_EB_CLK?CLOCK
  +--> ?PR?P_CK?CLOCK

?PR?_EB_CLK?CLOCK                                -----    -----      -----    -----      00B4H    0003H
  +--> ?PR?P_CK?CLOCK
BL51 BANKED LINKER/LOCATER V6.22.2.0                                                  11/04/2020  14:53:46  PAGE 9



?PR?P_CK?CLOCK                                   -----    -----      -----    -----      -----    -----
  +--> ?PR?DELAY?DELAY

?PR?_HASH_ID?PROG                                -----    -----      -----    -----      005DH    003FH
  +--> ?CO?PROG
  +--> ?PR?_LEERMEMORIA?EEPROM
  +--> ?PR?_CHECK_FECHAOUT?CLOCK
  +--> ?PR?_STRLEN?STRLEN

?PR?_LEERMEMORIA?EEPROM                          -----    -----      -----    -----      009CH    0005H
  +--> ?PR?_RD_EEPROM?EEPROM

?PR?_CHECK_FECHAOUT?CLOCK                        -----    -----      -----    -----      009CH    0012H
  +--> ?PR?_BLOCK_READ_CLOCK_HEX?CLOCK

?PR?_BLOCK_READ_CLOCK_HEX?CLOCK                  -----    -----      -----    -----      00AEH    0003H
  +--> ?PR?_LEE_CLK?CLOCK
  +--> ?PR?_BCD_HEX?CLOCK

?PR?_ESCRIBIRMEMORIA?EEPROM                      -----    -----      -----    -----      005DH    0005H
  +--> ?PR?_WR_EEPROM?EEPROM

?PR?_WR_EEPROM?EEPROM                            -----    -----      -----    -----      -----    -----
  +--> ?PR?START?EEPROM
  +--> ?PR?ACKD?EEPROM
  +--> ?PR?_E_D_M?EEPROM
  +--> ?PR?STOP?EEPROM
  +--> ?PR?_DELAY_1MS?DELAY
  +--> ?PR?_DELAY_20US?DELAY

?PR?_DELAY_1MS?DELAY                             -----    -----      -----    -----      -----    -----
  +--> ?PR?_DELAY_20US?DELAY

?PR?_INGRESADATO?PROG                            -----    -----      -----    -----      0071H    0004H
  +--> ?PR?_GETKEY?MAIN
  +--> ?CO?PROG
  +--> ?PR?PRINTF?PRINTF
  +--> ?PR?_PUTCHAR?MAIN

?PR?_GETKEY?MAIN                                 -----    -----      -----    -----      -----    -----
  +--> ?PR?COM_GETCHAR?UART

?PR?COM_GETCHAR?UART                             -----    -----      -----    -----      -----    -----
  +--> ?PR?COM_RBUFLEN?UART

?PR?_GETCMD?PROG                                 -----    -----      -----    -----      005DH    0007H
  +--> ?CO?PROG
  +--> ?PR?_STRTOK?STRTOK

?PR?_STRTOK?STRTOK                               -----    -----      -----    -----      0064H    0006H
  +--> ?PR?_STRSPN?STRSPN
  +--> ?PR?_STRPBRK?STRPBRK

?PR?_STRSPN?STRSPN                               -----    -----      -----    -----      006AH    0008H

?PR?_STRPBRK?STRPBRK                             -----    -----      -----    -----      006AH    0009H
BL51 BANKED LINKER/LOCATER V6.22.2.0                                                  11/04/2020  14:53:46  PAGE 10



?PR?_VALIDARCLAVE?PROG                           -----    -----      -----    -----      005DH    000EH

?PR?DISPLAYCURSOR?PROG                           -----    -----      -----    -----      -----    -----
  +--> ?CO?PROG
  +--> ?PR?PRINTF?PRINTF

?PR?_GETOPTION?PROG                              -----    -----      -----    -----      0046H    000BH
  +--> ?CO?PROG
  +--> ?PR?_STRTOK?STRTOK

?PR?_STRCAT?STRCAT                               -----    -----      -----    -----      0046H    0009H

?PR?_LISTACOMANDOS?PROG                          -----    -----      -----    -----      0046H    0007H

?PR?PROG_ID_CLIENTE?PROG                         -----    -----      -----    -----      0046H    000CH
  +--> ?PR?_RD_EEPROM?EEPROM
  +--> ?CO?PROG
  +--> ?PR?PRINTF?PRINTF
  +--> ?PR?_INGRESADATO?PROG
  +--> ?PR?_ATOI?ATOI
  +--> ?PR?_WR_EEPROM?EEPROM

?PR?_ATOI?ATOI                                   0020H.0  0000H.1    -----    -----      0071H    0005H
  +--> ?PR?_ISSPACE?ISSPACE
  +--> ?PR?_ISDIGIT?ISDIGIT

?PR?PROG_COD_PARK?PROG                           -----    -----      -----    -----      0046H    000CH
  +--> ?PR?_RD_EEPROM?EEPROM
  +--> ?CO?PROG
  +--> ?PR?PRINTF?PRINTF
  +--> ?PR?_INGRESADATO?PROG
  +--> ?PR?_ATOI?ATOI
  +--> ?PR?_WR_EEPROM?EEPROM

?PR?PROG_TIEMPO_GRACIA?PROG                      -----    -----      -----    -----      0046H    000CH
  +--> ?PR?_RD_EEPROM?EEPROM
  +--> ?CO?PROG
  +--> ?PR?PRINTF?PRINTF
  +--> ?PR?_INGRESADATO?PROG
  +--> ?PR?_ATOI?ATOI
  +--> ?PR?_WR_EEPROM?EEPROM

?PR?PROG_SIN_COBRO?PROG                          -----    -----      -----    -----      0046H    000CH
  +--> ?PR?_RD_EEPROM?EEPROM
  +--> ?CO?PROG
  +--> ?PR?PRINTF?PRINTF
  +--> ?PR?_INGRESADATO?PROG
  +--> ?PR?_ATOI?ATOI
  +--> ?PR?_WR_EEPROM?EEPROM

?PR?PROG_DEBUG?PROG                              -----    -----      -----    -----      0046H    000CH
  +--> ?PR?_RD_EEPROM?EEPROM
  +--> ?CO?PROG
  +--> ?PR?PRINTF?PRINTF
  +--> ?PR?_INGRESADATO?PROG
  +--> ?PR?_ATOI?ATOI
BL51 BANKED LINKER/LOCATER V6.22.2.0                                                  11/04/2020  14:53:46  PAGE 11


  +--> ?PR?_WR_EEPROM?EEPROM

?PR?PROG_USE_LPR?PROG                            -----    -----      -----    -----      0046H    000CH
  +--> ?PR?_RD_EEPROM?EEPROM
  +--> ?CO?PROG
  +--> ?PR?PRINTF?PRINTF
  +--> ?PR?_INGRESADATO?PROG
  +--> ?PR?_ATOI?ATOI
  +--> ?PR?_WR_EEPROM?EEPROM

?PR?TIPO_PANTALLA?PROG                           -----    -----      -----    -----      0046H    000CH
  +--> ?PR?_RD_EEPROM?EEPROM
  +--> ?CO?PROG
  +--> ?PR?PRINTF?PRINTF
  +--> ?PR?_INGRESADATO?PROG
  +--> ?PR?_ATOI?ATOI
  +--> ?PR?_WR_EEPROM?EEPROM

?PR?PROG_TARJETA_AUTOMATICA_O_BOTON?PROG         -----    -----      -----    -----      0046H    000CH
  +--> ?PR?_RD_EEPROM?EEPROM
  +--> ?CO?PROG
  +--> ?PR?PRINTF?PRINTF
  +--> ?PR?_INGRESADATO?PROG
  +--> ?PR?_ATOI?ATOI
  +--> ?PR?_WR_EEPROM?EEPROM

?PR?PROG_ANTIPASSBACK?PROG                       -----    -----      -----    -----      0046H    000CH
  +--> ?PR?_RD_EEPROM?EEPROM
  +--> ?CO?PROG
  +--> ?PR?PRINTF?PRINTF
  +--> ?PR?_INGRESADATO?PROG
  +--> ?PR?_ATOI?ATOI
  +--> ?PR?_WR_EEPROM?EEPROM

?PR?PROG_PLACA?PROG                              -----    -----      -----    -----      0046H    000CH
  +--> ?PR?_RD_EEPROM?EEPROM
  +--> ?CO?PROG
  +--> ?PR?PRINTF?PRINTF
  +--> ?PR?_INGRESADATO?PROG
  +--> ?PR?_ATOI?ATOI
  +--> ?PR?_WR_EEPROM?EEPROM

?PR?PROG_ADDRESS_HIGH_BOARD?PROG                 -----    -----      -----    -----      0046H    000CH
  +--> ?PR?_RD_EEPROM?EEPROM
  +--> ?CO?PROG
  +--> ?PR?PRINTF?PRINTF
  +--> ?PR?_INGRESADATO?PROG
  +--> ?PR?_ATOI?ATOI
  +--> ?PR?_WR_EEPROM?EEPROM

?PR?PROG_HORARIOS?PROG                           -----    -----      -----    -----      0046H    001BH
  +--> ?PR?ADDR_HORARIOS?PROG
  +--> ?CO?PROG
  +--> ?PR?PRINTF?PRINTF
  +--> ?PR?_INGRESADATO?PROG
  +--> ?PR?_ATOI?ATOI
  +--> ?PR?_PROG_HORARIOS_ON_OFF?PROG
BL51 BANKED LINKER/LOCATER V6.22.2.0                                                  11/04/2020  14:53:46  PAGE 12


  +--> ?PR?_WR_EEPROM?EEPROM
  +--> ?PR?_PROG_HORARIO_DIAS?PROG
  +--> ?PR?_PROG_HORARIO_DESDE_HASTA?PROG
  +--> ?PR?_RD_EEPROM?EEPROM

?PR?ADDR_HORARIOS?PROG                           -----    -----      -----    -----      0074H    000BH

?PR?_PROG_HORARIOS_ON_OFF?PROG                   -----    -----      -----    -----      0061H    0010H
  +--> ?PR?_RD_EEPROM?EEPROM
  +--> ?CO?PROG
  +--> ?PR?PRINTF?PRINTF
  +--> ?PR?_INGRESADATO?PROG
  +--> ?PR?_ATOI?ATOI
  +--> ?PR?_WR_EEPROM?EEPROM

?PR?_PROG_HORARIO_DIAS?PROG                      -----    -----      -----    -----      0061H    000FH
  +--> ?CO?PROG
  +--> ?PR?PRINTF?PRINTF
  +--> ?PR?_INGRESADATO?PROG
  +--> ?PR?_WR_EEPROM?EEPROM
  +--> ?PR?_RD_EEPROM?EEPROM

?PR?_PROG_HORARIO_DESDE_HASTA?PROG               -----    -----      -----    -----      0061H    000CH
  +--> ?CO?PROG
  +--> ?PR?PRINTF?PRINTF
  +--> ?PR?_INGRESADATO?PROG
  +--> ?PR?_WR_EEPROM?EEPROM
  +--> ?PR?_RD_EEPROM?EEPROM

?PR?PROG_VALIDAR_TIPO_VEHICULO_MENSUA...         -----    -----      -----    -----      0046H    000CH
  +--> ?PR?_RD_EEPROM?EEPROM
  +--> ?CO?PROG
  +--> ?PR?PRINTF?PRINTF
  +--> ?PR?_INGRESADATO?PROG
  +--> ?PR?_ATOI?ATOI
  +--> ?PR?_WR_EEPROM?EEPROM

?PR?PROG_APB_MENSUAL?PROG                        -----    -----      -----    -----      0046H    000CH
  +--> ?PR?_RD_EEPROM?EEPROM
  +--> ?CO?PROG
  +--> ?PR?PRINTF?PRINTF
  +--> ?PR?_INGRESADATO?PROG
  +--> ?PR?_ATOI?ATOI
  +--> ?PR?_WR_EEPROM?EEPROM

?PR?VER_PROG?PROG                                -----    -----      -----    -----      0046H    0013H
  +--> ?PR?_RD_EEPROM?EEPROM
  +--> ?CO?PROG
  +--> ?PR?PRINTF?PRINTF
  +--> ?PR?VER_HORARIO?PROG
  +--> ?PR?_LEERMEMORIA?EEPROM
  +--> ?PR?_HEX_ASCII?CLOCK

?PR?VER_HORARIO?PROG                             -----    -----      -----    -----      0059H    001BH
  +--> ?PR?ADDR_HORARIOS?PROG
  +--> ?CO?PROG
  +--> ?PR?PRINTF?PRINTF
BL51 BANKED LINKER/LOCATER V6.22.2.0                                                  11/04/2020  14:53:46  PAGE 13


  +--> ?PR?_RD_EEPROM?EEPROM
  +--> ?PR?_VER_HORARIO_DIAS?PROG
  +--> ?PR?_VER_HORARIO_DESDE_HASTA?PROG

?PR?_VER_HORARIO_DIAS?PROG                       -----    -----      -----    -----      0074H    0003H
  +--> ?PR?_RD_EEPROM?EEPROM
  +--> ?CO?PROG
  +--> ?PR?PRINTF?PRINTF

?PR?_VER_HORARIO_DESDE_HASTA?PROG                -----    -----      -----    -----      0074H    0002H
  +--> ?CO?PROG
  +--> ?PR?PRINTF?PRINTF
  +--> ?PR?_RD_EEPROM?EEPROM

?PR?_HEX_ASCII?CLOCK                             -----    -----      -----    -----      005DH    0006H
  +--> ?PR?_HEX_BCD?CLOCK

?PR?SHOW?PROG                                    -----    -----      -----    -----      -----    -----
  +--> ?CO?PROG
  +--> ?PR?PRINTF?PRINTF

?PR?PROG_FECHA_VENCIMIENTO?PROG                  -----    -----      -----    -----      0046H    0017H
  +--> ?PR?_LEERMEMORIA?EEPROM
  +--> ?PR?_HEX_ASCII?CLOCK
  +--> ?CO?PROG
  +--> ?PR?PRINTF?PRINTF
  +--> ?PR?_HASH_ID?PROG
  +--> ?PR?_INGRESADATO?PROG
  +--> ?PR?_GETCMD?PROG
  +--> ?PR?_ESCRIBIRMEMORIA?EEPROM
  +--> ?PR?_VALIDARCLAVE?PROG
  +--> ?PR?_ATOI?ATOI
  +--> ?PR?_WR_EEPROM?EEPROM

?PR?VARIABLE_INICIO?MAIN                         -----    -----      -----    -----      -----    -----
  +--> ?PR?_RD_EEPROM?EEPROM

?PR?SECUENCIA_INICIO_EXPEDIDOR?VERIFI...         -----    -----      -----    -----      0001H    0001H
  +--> ?PR?_INICIALIZA?LINTECH
  +--> ?PR?TRAMA_VALIDACION_P_N?VERIFICADOR
  +--> ?CO?VERIFICADOR
  +--> ?PR?_DEBUG_TXT_TIBBO?TIBBO
  +--> ?PR?_DEBUGBUFFERMF?TIBBO
  +--> ?PR?DWLOAD_EEPROM?LINTECH

?PR?_INICIALIZA?LINTECH                          -----    -----      -----    -----      0002H    000CH
  +--> ?CO?LINTECH
  +--> ?PR?_DEBUG_TXT_TIBBO?TIBBO
  +--> ?PR?_DEBUGBUFFERMF?TIBBO
  +--> ?PR?_ESCRIBIRCADENASOFT_BUFFER?MAIN

?PR?_DEBUG_TXT_TIBBO?TIBBO                       -----    -----      -----    -----      0037H    0004H
  +--> ?PR?_DEBUG_CHR_TIBBO?TIBBO
  +--> ?CO?TIBBO
  +--> ?PR?_TX_AUX?TIBBO

?PR?_DEBUG_CHR_TIBBO?TIBBO                       -----    -----      -----    -----      -----    -----
BL51 BANKED LINKER/LOCATER V6.22.2.0                                                  11/04/2020  14:53:46  PAGE 14


  +--> ?PR?_TX_AUX?TIBBO

?PR?_DEBUGBUFFERMF?TIBBO                         -----    -----      -----    -----      0027H    0006H
  +--> ?CO?TIBBO
  +--> ?PR?_DEBUG_TXT_TIBBO?TIBBO
  +--> ?PR?_DEBUG_CHR_TIBBO?TIBBO
  +--> ?PR?_TX_AUX?TIBBO

?PR?_ESCRIBIRCADENASOFT_BUFFER?MAIN              -----    -----      -----    -----      0027H    0006H
  +--> ?PR?_PUTCHAR?MAIN

?PR?TRAMA_VALIDACION_P_N?VERIFICADOR             -----    -----      -----    -----      -----    -----
  +--> ?CO?VERIFICADOR
  +--> ?PR?_DEBUG_TXT_TIBBO?TIBBO

?PR?DWLOAD_EEPROM?LINTECH                        -----    -----      -----    -----      0002H    0016H
  +--> ?CO?LINTECH
  +--> ?PR?_DEBUG_TXT_TIBBO?TIBBO
  +--> ?PR?_DEBUGBUFFERMF?TIBBO
  +--> ?PR?_ESCRIBIRCADENASOFT_BUFFER?MAIN

?PR?RX_MONITOR?MONITOR                           -----    -----      -----    -----      0009H    000DH
  +--> ?PR?_RECIBE_CMD_MONITOR?MONITOR
  +--> ?PR?_DEBUG_MONITOR?TIBBO
  +--> ?PR?_VALIDA_TRAMA_MONITOR?MONITOR

?PR?_RECIBE_CMD_MONITOR?MONITOR                  -----    -----      -----    -----      0016H    0009H
  +--> ?PR?RX_DATA?TIBBO

?PR?RX_DATA?TIBBO                                -----    -----      -----    -----      -----    -----
  +--> ?PR?TIME_MBIT?TIBBO
  +--> ?PR?TIME_BIT?TIBBO

?PR?_DEBUG_MONITOR?TIBBO                         -----    -----      -----    -----      0016H    0004H
  +--> ?PR?DEBUG_DIVIDIR_TEXTO?TIBBO
  +--> ?CO?TIBBO
  +--> ?PR?_DEBUG_TXT_TIBBO?TIBBO

?PR?DEBUG_DIVIDIR_TEXTO?TIBBO                    -----    -----      -----    -----      -----    -----
  +--> ?CO?TIBBO
  +--> ?PR?_DEBUG_TXT_TIBBO?TIBBO

?PR?_VALIDA_TRAMA_MONITOR?MONITOR                -----    -----      -----    -----      0016H    0003H

?PR?_SECUENCIAEXPEDIDORMF?VERIFICADOR            -----    -----      -----    -----      0001H    0001H
  +--> ?PR?_CHECK_STATUS?LINTECH
  +--> ?PR?_LOAD_SECUENCIA_EXPEDIDOR?VERIFIC...
  +--> ?PR?_RTA_CMD_TRANSPORTE?VERIFICADOR
  +--> ?PR?_MOV_CARD?LINTECH
  +--> ?PR?_CARD_INSERCION?LINTECH
  +--> ?PR?AUT_CARD_CHECK_STATUS?LINTECH
  +--> ?PR?LOADVERIFY_EEPROM?LINTECH
  +--> ?PR?_RD_MF?LINTECH
  +--> ?PR?_WR_MF?LINTECH
  +--> ?PR?DWLOAD_EEPROM?LINTECH
  +--> ?PR?ENTREGA_CARD_CAPTURA?VERIFICADOR
  +--> ?PR?_SEND_PTO_PARALELO?VERIFICADOR
BL51 BANKED LINKER/LOCATER V6.22.2.0                                                  11/04/2020  14:53:46  PAGE 15


  +--> ?PR?_WAIT_PLACA?VERIFICADOR
  +--> ?PR?UNIQUE_IDENTIFIER_UID?LINTECH
  +--> ?PR?_PREGUNTA_LPR?VERIFICADOR
  +--> ?PR?_VALIDA_TIPO_TARJETA?VERIFICADOR
  +--> ?PR?POWER_OFF?LINTECH
  +--> ?PR?CLAVE_SEGURIDAD_S2?LINTECH
  +--> ?PR?RESPONDE_ESTADO_SENSORES_TRANSPOR...
  +--> ?PR?RESPONDE_TIPO_TARJETA?VERIFICADOR
  +--> ?PR?_RESPONDE_LECTURA_TARJETA_SECTOR1...
  +--> ?PR?_RESPONDE_LECTURA_TARJETA_SECTOR1...
  +--> ?PR?_RESPONDE_LECTURA_TARJETA_SECTOR1...
  +--> ?PR?_RESPONDE_WRITE_TARJETA_SECTOR1_B...
  +--> ?PR?_RESPONDE_WRITE_TARJETA_SECTOR2_B...
  +--> ?PR?_RESPONDE_WRITE_TARJETA_SECTOR1_B...
  +--> ?PR?_RESPONDE_WRITE_TARJETA_SECTOR1_B...
  +--> ?PR?_DISPARO_LOCK_ENTRADA_VEHICULO?VE...
  +--> ?PR?_RESPUESTA_SEGUNDA_CLAVE?VERIFICADOR
  +--> ?PR?ANALIZA_PRESENCIA_MENSUAL?VERIFIC...
  +--> ?PR?_ANALIZA_UID_CARD?VERIFICADOR
  +--> ?PR?ANALIZA_PRESENCIA_ROTACION?VERIFI...
  +--> ?CO?VERIFICADOR
  +--> ?PR?_DEBUG_TXT_TIBBO?TIBBO

?PR?_CHECK_STATUS?LINTECH                        -----    -----      -----    -----      0002H    000BH
  +--> ?CO?LINTECH
  +--> ?PR?_DEBUG_TXT_TIBBO?TIBBO
  +--> ?PR?_DEBUGBUFFERMF?TIBBO
  +--> ?PR?_ESCRIBIRCADENASOFT_BUFFER?MAIN

?PR?_LOAD_SECUENCIA_EXPEDIDOR?VERIFIC...         -----    -----      -----    -----      0002H    0009H

?PR?_RTA_CMD_TRANSPORTE?VERIFICADOR              -----    -----      -----    -----      0002H    0005H
  +--> ?PR?TRAMA_VALIDACION_P_N?VERIFICADOR
  +--> ?CO?VERIFICADOR
  +--> ?PR?_DEBUG_TXT_TIBBO?TIBBO
  +--> ?PR?_DEBUGBUFFERMF?TIBBO
  +--> ?PR?ERROR_RX_PTO?VERIFICADOR

?PR?ERROR_RX_PTO?VERIFICADOR                     -----    -----      -----    -----      0007H    0001H
  +--> ?CO?VERIFICADOR
  +--> ?PR?_DEBUG_TXT_TIBBO?TIBBO
  +--> ?PR?_DEBUG_CHR_TIBBO?TIBBO
  +--> ?PR?_DELAY_10MS?DELAY

?PR?_DELAY_10MS?DELAY                            -----    -----      -----    -----      0008H    0004H
  +--> ?PR?_DELAY_1MS?DELAY

?PR?_MOV_CARD?LINTECH                            -----    -----      -----    -----      0002H    000CH
  +--> ?CO?LINTECH
  +--> ?PR?_DEBUG_TXT_TIBBO?TIBBO
  +--> ?PR?_DEBUGBUFFERMF?TIBBO
  +--> ?PR?_ESCRIBIRCADENASOFT_BUFFER?MAIN

?PR?_CARD_INSERCION?LINTECH                      -----    -----      -----    -----      0002H    000AH
  +--> ?CO?LINTECH
  +--> ?PR?_DEBUG_TXT_TIBBO?TIBBO
  +--> ?PR?_DEBUGBUFFERMF?TIBBO
BL51 BANKED LINKER/LOCATER V6.22.2.0                                                  11/04/2020  14:53:46  PAGE 16


  +--> ?PR?_ESCRIBIRCADENASOFT_BUFFER?MAIN

?PR?AUT_CARD_CHECK_STATUS?LINTECH                -----    -----      -----    -----      0002H    000BH
  +--> ?CO?LINTECH
  +--> ?PR?_DEBUG_TXT_TIBBO?TIBBO
  +--> ?PR?_DEBUGBUFFERMF?TIBBO
  +--> ?PR?_ESCRIBIRCADENASOFT_BUFFER?MAIN

?PR?LOADVERIFY_EEPROM?LINTECH                    -----    -----      -----    -----      0002H    0010H
  +--> ?CO?LINTECH
  +--> ?PR?_DEBUG_TXT_TIBBO?TIBBO
  +--> ?PR?_DEBUGBUFFERMF?TIBBO
  +--> ?PR?_ESCRIBIRCADENASOFT_BUFFER?MAIN

?PR?_RD_MF?LINTECH                               -----    -----      -----    -----      0002H    0012H
  +--> ?CO?LINTECH
  +--> ?PR?_DEBUG_TXT_TIBBO?TIBBO
  +--> ?PR?_DEBUG_CHR_TIBBO?TIBBO
  +--> ?PR?_DEBUGBUFFERMF?TIBBO
  +--> ?PR?_ESCRIBIRCADENASOFT_BUFFER?MAIN

?PR?_WR_MF?LINTECH                               -----    -----      -----    -----      0002H    0025H
  +--> ?CO?LINTECH
  +--> ?PR?_DEBUG_TXT_TIBBO?TIBBO
  +--> ?PR?_DEBUG_CHR_TIBBO?TIBBO
  +--> ?PR?_DEBUGBUFFERMF?TIBBO
  +--> ?PR?_ESCRIBIRCADENASOFT_BUFFER?MAIN

?PR?ENTREGA_CARD_CAPTURA?VERIFICADOR             -----    -----      -----    -----      0002H    0001H
  +--> ?CO?VERIFICADOR
  +--> ?PR?_DEBUG_TXT_TIBBO?TIBBO
  +--> ?PR?SEL_SENSOR2?IO_SENSORES
  +--> ?PR?VALIDASENSOR?IO_SENSORES
  +--> ?PR?VALIDA_SENSOR1_AUTO?IO_SENSORES

?PR?VALIDA_SENSOR1_AUTO?IO_SENSORES              -----    -----      -----    -----      0011H    0001H
  +--> ?PR?SEL_SENSOR1?IO_SENSORES
  +--> ?PR?SEL_AUTO?IO_SENSORES
  +--> ?CO?IO_SENSORES
  +--> ?PR?_DEBUG_TXT_TIBBO?TIBBO

?PR?_SEND_PTO_PARALELO?VERIFICADOR               -----    -----      -----    -----      0002H    0004H
  +--> ?PR?_ARMAR_TRAMA_PTO_PARALELO_EXPEDID...
  +--> ?PR?_ARMAR_TRAMA_PTO_PARALELO_EXPEDID...
  +--> ?PR?INCREMENTE_TICKET?EEPROM
  +--> ?PR?_SEND_PORT?PTO_PARALELO
  +--> ?CO?VERIFICADOR
  +--> ?PR?_DEBUG_TXT_TIBBO?TIBBO
  +--> ?PR?_DEBUGBUFFERMF?TIBBO
  +--> ?PR?CLEAR_PLACA?MONITOR

?PR?_ARMAR_TRAMA_PTO_PARALELO_EXPEDID...         -----    -----      -----    -----      0006H    0006H
  +--> ?PR?_BLOCK_READ_CLOCK_HEX?CLOCK
  +--> ?PR?_RD_EEPROM?EEPROM

?PR?_ARMAR_TRAMA_PTO_PARALELO_EXPEDID...         -----    -----      -----    -----      0006H    000FH
  +--> ?PR?LEE_NO_TICKET?EEPROM
BL51 BANKED LINKER/LOCATER V6.22.2.0                                                  11/04/2020  14:53:46  PAGE 17


  +--> ?PR?_STRCAT?STRCAT
  +--> ?PR?_STRLEN?STRLEN
  +--> ?PR?_BLOCK_READ_CLOCK_HEX?CLOCK
  +--> ?PR?_RD_EEPROM?EEPROM

?PR?LEE_NO_TICKET?EEPROM                         -----    -----      -----    -----      001DH    000BH
  +--> ?PR?READ_EEPROM_TICKET?EEPROM
  +--> ?CO?EEPROM
  +--> ?PR?PRINTF?PRINTF
  +--> ?PR?_STRLEN?STRLEN
  +--> ?PR?_DEBUG_TXT_TIBBO?TIBBO

?PR?READ_EEPROM_TICKET?EEPROM                    -----    -----      -----    -----      0028H    0007H
  +--> ?PR?_RD_EEPROM?EEPROM

?PR?INCREMENTE_TICKET?EEPROM                     -----    -----      -----    -----      0006H    000BH
  +--> ?PR?READ_EEPROM_TICKET?EEPROM
  +--> ?CO?EEPROM
  +--> ?PR?PRINTF?PRINTF
  +--> ?PR?_WRITE_EEPROM_TICKET?EEPROM

?PR?_WRITE_EEPROM_TICKET?EEPROM                  -----    -----      -----    -----      0015H    000BH
  +--> ?CO?EEPROM
  +--> ?PR?_DEBUG_TXT_TIBBO?TIBBO
  +--> ?PR?_ATOL?ATOL
  +--> ?PR?_DEBUG_CHR_TIBBO?TIBBO
  +--> ?PR?_WR_EEPROM?EEPROM

?PR?_ATOL?ATOL                                   0020H.0  0000H.1    -----    -----      0020H    0007H
  +--> ?PR?_ISSPACE?ISSPACE
  +--> ?PR?_ISDIGIT?ISDIGIT

?PR?_SEND_PORT?PTO_PARALELO                      -----    -----      -----    -----      0015H    000AH
  +--> ?PR?PULSO_BUS?PTO_PARALELO
  +--> ?PR?_DELAY_20US?DELAY

?PR?PULSO_BUS?PTO_PARALELO                       -----    -----      -----    -----      -----    -----
  +--> ?PR?_DELAY_20US?DELAY

?PR?_WAIT_PLACA?VERIFICADOR                      -----    -----      -----    -----      0002H    0007H
  +--> ?CO?VERIFICADOR
  +--> ?PR?_DEBUG_TXT_TIBBO?TIBBO
  +--> ?PR?RX_MONITOR?MONITOR
  +--> ?PR?_RESPUESTA_PLACA_CANCEL?VERIFICADOR

?PR?_RESPUESTA_PLACA_CANCEL?VERIFICADOR          -----    -----      -----    -----      0009H    000AH
  +--> ?CO?VERIFICADOR
  +--> ?PR?_DEBUG_TXT_TIBBO?TIBBO
  +--> ?PR?_ARMAR_TRAMA_TARJETA_SECTOR1_BLOQ...

?PR?_ARMAR_TRAMA_TARJETA_SECTOR1_BLOQ...         -----    -----      -----    -----      0013H    0004H
  +--> ?PR?CLEAR_PLACA?MONITOR
  +--> ?PR?_RD_EEPROM?EEPROM

?PR?UNIQUE_IDENTIFIER_UID?LINTECH                -----    -----      -----    -----      0002H    000BH
  +--> ?CO?LINTECH
  +--> ?PR?_DEBUG_TXT_TIBBO?TIBBO
BL51 BANKED LINKER/LOCATER V6.22.2.0                                                  11/04/2020  14:53:46  PAGE 18


  +--> ?PR?_DEBUGBUFFERMF?TIBBO
  +--> ?PR?_ESCRIBIRCADENASOFT_BUFFER?MAIN

?PR?_PREGUNTA_LPR?VERIFICADOR                    -----    -----      -----    -----      0002H    0004H
  +--> ?PR?_RD_EEPROM?EEPROM
  +--> ?PR?_ARMAR_TRAMA_MONITOR?VERIFICADOR
  +--> ?PR?_DEBUG_TXT_TIBBO?TIBBO

?PR?_ARMAR_TRAMA_MONITOR?VERIFICADOR             -----    -----      -----    -----      0006H    000FH
  +--> ?PR?DIR_BOARD_MONITOR?IO_SENSORES
  +--> ?PR?LEE_NO_TICKET?EEPROM
  +--> ?PR?_STRCAT?STRCAT
  +--> ?PR?_BYTEHEX_DECIMAL?CLOCK
  +--> ?PR?_STRLEN?STRLEN
  +--> ?PR?_TWO_BYTEHEX_DECIMAL?CLOCK
  +--> ?PR?_BLOCK_READ_CLOCK_ASCII?CLOCK

?PR?DIR_BOARD_MONITOR?IO_SENSORES                -----    -----      -----    -----      -----    -----
  +--> ?PR?_RD_EEPROM?EEPROM

?PR?_BYTEHEX_DECIMAL?CLOCK                       -----    -----      -----    -----      0015H    0001H

?PR?_TWO_BYTEHEX_DECIMAL?CLOCK                   -----    -----      -----    -----      0015H    000CH
  +--> ?PR?_POW?POW

?PR?_POW?POW                                     -----    -----      -----    -----      0021H    000AH
  +--> ?PR?LOG?LOG
  +--> ?PR?EXP?EXP

?PR?LOG?LOG                                      0020H.0  0000H.1    -----    -----      002BH    0004H

?PR?_VALIDA_TIPO_TARJETA?VERIFICADOR             -----    -----      -----    -----      0002H    0007H
  +--> ?CO?VERIFICADOR
  +--> ?PR?_DEBUG_TXT_TIBBO?TIBBO
  +--> ?PR?_RD_EEPROM?EEPROM
  +--> ?PR?_TARJETA_MENSUAL?VERIFICADOR
  +--> ?PR?_SEND_PORTERR?PTO_PARALELO
  +--> ?PR?_PANTALLALCD?PANTALLAS
  +--> ?PR?CAPTURA_EXPULSA?VERIFICADOR
  +--> ?PR?_TARJETA_ROTACION?VERIFICADOR

?PR?_TARJETA_MENSUAL?VERIFICADOR                 -----    -----      -----    -----      0009H    0007H
  +--> ?PR?_HORARIOS?VERIFICADOR
  +--> ?PR?_CHECK_FECHAOUT?CLOCK
  +--> ?PR?_VALIDA_VEHICULO_CARD_MENSUAL?VER...
  +--> ?PR?CAPTURA_EXPULSA?VERIFICADOR
  +--> ?CO?VERIFICADOR
  +--> ?PR?_DEBUG_TXT_TIBBO?TIBBO
  +--> ?PR?_ARMAR_TRAMA_TARJETA_SECTOR1_BLOQ...
  +--> ?PR?_SEND_PORTERR?PTO_PARALELO
  +--> ?PR?_PANTALLALCD?PANTALLAS

?PR?_HORARIOS?VERIFICADOR                        -----    -----      -----    -----      0010H    0013H
  +--> ?PR?ADDR_HORARIOS?PROG
  +--> ?PR?_RD_EEPROM?EEPROM
  +--> ?PR?_LEE_CLK?CLOCK
  +--> ?CO?VERIFICADOR
BL51 BANKED LINKER/LOCATER V6.22.2.0                                                  11/04/2020  14:53:46  PAGE 19


  +--> ?PR?_DEBUG_TXT_TIBBO?TIBBO
  +--> ?PR?_DEBUG_CHR_TIBBO?TIBBO
  +--> ?PR?_BLOQUE_HORARIO?VERIFICADOR
  +--> ?PR?_PANTALLALCD?PANTALLAS

?PR?_BLOQUE_HORARIO?VERIFICADOR                  -----    -----      -----    -----      0023H    0007H
  +--> ?CO?VERIFICADOR
  +--> ?PR?_DEBUG_TXT_TIBBO?TIBBO
  +--> ?PR?_LEE_CLK?CLOCK
  +--> ?PR?_DEBUG_CHR_TIBBO?TIBBO
  +--> ?PR?_HORA_MAXIMA?VERIFICADOR
  +--> ?PR?_EN_HORARIO?VERIFICADOR
  +--> ?PR?_RD_EEPROM?EEPROM
  +--> ?PR?_SEND_PORTERR?PTO_PARALELO
  +--> ?PR?_PANTALLALCD?PANTALLAS

?PR?_HORA_MAXIMA?VERIFICADOR                     -----    -----      -----    -----      002FH    0008H
  +--> ?PR?_RD_EEPROM?EEPROM
  +--> ?PR?_DEBUG_CHR_TIBBO?TIBBO
  +--> ?CO?VERIFICADOR
  +--> ?PR?_DEBUG_TXT_TIBBO?TIBBO

?PR?_EN_HORARIO?VERIFICADOR                      -----    -----      -----    -----      002AH    0005H
  +--> ?CO?VERIFICADOR
  +--> ?PR?_DEBUG_TXT_TIBBO?TIBBO
  +--> ?PR?_HORA_MAXIMA?VERIFICADOR

?PR?_SEND_PORTERR?PTO_PARALELO                   -----    -----      -----    -----      002AH    0006H
  +--> ?PR?PULSO_BUS?PTO_PARALELO
  +--> ?PR?_DELAY_20US?DELAY

?PR?_PANTALLALCD?PANTALLAS                       -----    -----      -----    -----      002AH    000AH
  +--> ?CO?PANTALLAS
  +--> ?PR?_INIT_MEMPOOL?INIT_MEM
  +--> ?PR?_MALLOC?MALLOC
  +--> ?PR?_LCD_TXT?PANTALLAS
  +--> ?PR?_STRLEN?STRLEN
  +--> ?PR?_TX_CHRLCD?PANTALLAS
  +--> ?PR?_RASPBERRY_DATA?PANTALLAS
  +--> ?PR?_FREE?FREE

?PR?_MALLOC?MALLOC                               -----    -----      -----    -----      0034H    0006H

?PR?_LCD_TXT?PANTALLAS                           -----    -----      -----    -----      0034H    0005H
  +--> ?PR?_TX_CHRLCD?PANTALLAS

?PR?_TX_CHRLCD?PANTALLAS                         -----    -----      -----    -----      0039H    0002H
  +--> ?PR?_PUTCHAR?MAIN

?PR?_RASPBERRY_DATA?PANTALLAS                    -----    -----      -----    -----      0034H    0006H
  +--> ?PR?_STRLEN?STRLEN
  +--> ?PR?_PUTCHAR?MAIN

?PR?_FREE?FREE                                   -----    -----      -----    -----      0034H    0006H

?PR?_VALIDA_VEHICULO_CARD_MENSUAL?VER...         -----    -----      -----    -----      0010H    0004H
  +--> ?CO?VERIFICADOR
BL51 BANKED LINKER/LOCATER V6.22.2.0                                                  11/04/2020  14:53:46  PAGE 20


  +--> ?PR?_DEBUG_TXT_TIBBO?TIBBO
  +--> ?PR?_RD_EEPROM?EEPROM
  +--> ?PR?_SEND_PORTERR?PTO_PARALELO

?PR?_ARMAR_TRAMA_TARJETA_SECTOR1_BLOQ...         -----    -----      -----    -----      0010H    0006H
  +--> ?PR?_BLOCK_READ_CLOCK_HEX?CLOCK
  +--> ?PR?DIR_BOARD?IO_SENSORES

?PR?DIR_BOARD?IO_SENSORES                        -----    -----      -----    -----      0032H    0001H
  +--> ?PR?SEL_DIR1?IO_SENSORES
  +--> ?PR?SEL_DIR2?IO_SENSORES
  +--> ?PR?_RD_EEPROM?EEPROM

?PR?_TARJETA_ROTACION?VERIFICADOR                -----    -----      -----    -----      0009H    0006H
  +--> ?PR?_ARMAR_TRAMA_TARJETA_SECTOR1_BLOQ...

?PR?POWER_OFF?LINTECH                            -----    -----      -----    -----      0002H    000BH
  +--> ?CO?LINTECH
  +--> ?PR?_DEBUG_TXT_TIBBO?TIBBO
  +--> ?PR?_DEBUGBUFFERMF?TIBBO
  +--> ?PR?_ESCRIBIRCADENASOFT_BUFFER?MAIN

?PR?CLAVE_SEGURIDAD_S2?LINTECH                   -----    -----      -----    -----      0002H    0016H
  +--> ?CO?LINTECH
  +--> ?PR?_DEBUG_TXT_TIBBO?TIBBO
  +--> ?PR?_DEBUGBUFFERMF?TIBBO
  +--> ?PR?_ESCRIBIRCADENASOFT_BUFFER?MAIN

?PR?RESPONDE_ESTADO_SENSORES_TRANSPOR...         -----    -----      -----    -----      0002H    0001H
  +--> ?CO?VERIFICADOR
  +--> ?PR?_DEBUG_TXT_TIBBO?TIBBO
  +--> ?PR?_SEND_PORTERR?PTO_PARALELO
  +--> ?PR?INGRESO_VEHICULO?VERIFICADOR

?PR?INGRESO_VEHICULO?VERIFICADOR                 -----    -----      -----    -----      -----    -----
  +--> ?PR?VALIDASENSORESPASO?IO_SENSORES
  +--> ?PR?_RD_EEPROM?EEPROM
  +--> ?CO?VERIFICADOR
  +--> ?PR?_DEBUG_TXT_TIBBO?TIBBO
  +--> ?PR?_PANTALLALCD?PANTALLAS
  +--> ?PR?SEL_PULSA?IO_SENSORES

?PR?VALIDASENSORESPASO?IO_SENSORES               -----    -----      -----    -----      0010H    0001H
  +--> ?PR?SEL_SENSOR2?IO_SENSORES
  +--> ?PR?VALIDASENSOR?IO_SENSORES
  +--> ?PR?VALIDA_SENSOR1_AUTO?IO_SENSORES
  +--> ?CO?IO_SENSORES
  +--> ?PR?_DEBUG_TXT_TIBBO?TIBBO

?PR?RESPONDE_TIPO_TARJETA?VERIFICADOR            -----    -----      -----    -----      0002H    0001H
  +--> ?CO?VERIFICADOR
  +--> ?PR?_DEBUG_TXT_TIBBO?TIBBO
  +--> ?PR?_SEND_PORTERR?PTO_PARALELO
  +--> ?PR?_PANTALLALCD?PANTALLAS
  +--> ?PR?CAPTURA_EXPULSA?VERIFICADOR

?PR?_RESPONDE_LECTURA_TARJETA_SECTOR1...         -----    -----      -----    -----      0002H    0016H
BL51 BANKED LINKER/LOCATER V6.22.2.0                                                  11/04/2020  14:53:46  PAGE 21


  +--> ?CO?VERIFICADOR
  +--> ?PR?_DEBUG_TXT_TIBBO?TIBBO
  +--> ?PR?_DEBUGBUFFERMF?TIBBO
  +--> ?PR?_RD_EEPROM?EEPROM
  +--> ?PR?_DEBUG_HEXDEC?TIBBO
  +--> ?PR?_DEBUG_CHR_TIBBO?TIBBO
  +--> ?PR?_SEND_PORTERR?PTO_PARALELO
  +--> ?PR?_PANTALLALCD?PANTALLAS
  +--> ?PR?CAPTURA_EXPULSA?VERIFICADOR

?PR?_DEBUG_HEXDEC?TIBBO                          -----    -----      -----    -----      0018H    0002H
  +--> ?PR?_TX_AUX?TIBBO

?PR?_RESPONDE_LECTURA_TARJETA_SECTOR1...         -----    -----      -----    -----      0002H    0004H
  +--> ?CO?VERIFICADOR
  +--> ?PR?_DEBUG_TXT_TIBBO?TIBBO
  +--> ?PR?CAPTURA_EXPULSA?VERIFICADOR

?PR?_RESPONDE_LECTURA_TARJETA_SECTOR1...         -----    -----      -----    -----      0002H    0015H
  +--> ?CO?VERIFICADOR
  +--> ?PR?_DEBUG_TXT_TIBBO?TIBBO
  +--> ?PR?_DEBUGBUFFERMF?TIBBO
  +--> ?PR?_DEBUG_CHR_TIBBO?TIBBO
  +--> ?PR?CAPTURA_EXPULSA?VERIFICADOR

?PR?_RESPONDE_WRITE_TARJETA_SECTOR1_B...         -----    -----      -----    -----      0002H    0007H
  +--> ?CO?VERIFICADOR
  +--> ?PR?_DEBUG_TXT_TIBBO?TIBBO
  +--> ?PR?_DEBUGBUFFERMF?TIBBO
  +--> ?PR?_ARMAR_TRAMA_TARJETA_SECTOR1_BLOQ...

?PR?_ARMAR_TRAMA_TARJETA_SECTOR1_BLOQ...         -----    -----      -----    -----      0009H    0003H
  +--> ?PR?LEE_NO_TICKET?EEPROM

?PR?_RESPONDE_WRITE_TARJETA_SECTOR2_B...         -----    -----      -----    -----      0002H    0003H
  +--> ?CO?VERIFICADOR
  +--> ?PR?_DEBUG_TXT_TIBBO?TIBBO
  +--> ?PR?_DEBUGBUFFERMF?TIBBO

?PR?_RESPONDE_WRITE_TARJETA_SECTOR1_B...         -----    -----      -----    -----      0002H    0003H
  +--> ?CO?VERIFICADOR
  +--> ?PR?_DEBUG_TXT_TIBBO?TIBBO
  +--> ?PR?_DEBUGBUFFERMF?TIBBO

?PR?_RESPONDE_WRITE_TARJETA_SECTOR1_B...         -----    -----      -----    -----      0002H    0003H
  +--> ?CO?VERIFICADOR
  +--> ?PR?_DEBUG_TXT_TIBBO?TIBBO
  +--> ?PR?_DEBUGBUFFERMF?TIBBO

?PR?_DISPARO_LOCK_ENTRADA_VEHICULO?VE...         -----    -----      -----    -----      0002H    0004H
  +--> ?CO?VERIFICADOR
  +--> ?PR?_DEBUG_TXT_TIBBO?TIBBO
  +--> ?PR?_PANTALLALCD?PANTALLAS
  +--> ?PR?_SEND_PORTERR?PTO_PARALELO
  +--> ?PR?_PANTALLALCD_LINEA_2?PANTALLAS
  +--> ?PR?VALIDA_SENSOR1_AUTO?IO_SENSORES

BL51 BANKED LINKER/LOCATER V6.22.2.0                                                  11/04/2020  14:53:46  PAGE 22


?PR?_PANTALLALCD_LINEA_2?PANTALLAS               -----    -----      -----    -----      0010H    000DH
  +--> ?CO?PANTALLAS
  +--> ?PR?_INIT_MEMPOOL?INIT_MEM
  +--> ?PR?_MALLOC?MALLOC
  +--> ?PR?_LCD_TXT?PANTALLAS
  +--> ?PR?_STRLEN?STRLEN
  +--> ?PR?_TX_CHRLCD?PANTALLAS
  +--> ?PR?_RASPBERRY_DATA?PANTALLAS
  +--> ?PR?LEE_NO_TICKET?EEPROM
  +--> ?PR?_STRCAT?STRCAT
  +--> ?PR?_FREE?FREE

?PR?_RESPUESTA_SEGUNDA_CLAVE?VERIFICADOR         -----    -----      -----    -----      0002H    0006H
  +--> ?CO?VERIFICADOR
  +--> ?PR?_DEBUG_TXT_TIBBO?TIBBO
  +--> ?PR?_DEBUGBUFFERMF?TIBBO
  +--> ?PR?_ARMAR_TRAMA_PLACA?VERIFICADOR

?PR?_ARMAR_TRAMA_PLACA?VERIFICADOR               -----    -----      -----    -----      0008H    0003H

?PR?ANALIZA_PRESENCIA_MENSUAL?VERIFIC...         -----    -----      -----    -----      0002H    0001H
  +--> ?PR?VALIDASENSORESPASO?IO_SENSORES
  +--> ?PR?_SEND_PORTERR?PTO_PARALELO
  +--> ?PR?_PANTALLALCD?PANTALLAS

?PR?_ANALIZA_UID_CARD?VERIFICADOR                -----    -----      -----    -----      0002H    0015H
  +--> ?CO?VERIFICADOR
  +--> ?PR?_DEBUG_TXT_TIBBO?TIBBO
  +--> ?PR?_DEBUGBUFFERMF?TIBBO
  +--> ?PR?_DEBUG_CHR_TIBBO?TIBBO

?PR?ANALIZA_PRESENCIA_ROTACION?VERIFI...         -----    -----      -----    -----      0002H    0001H
  +--> ?PR?VALIDASENSORESPASO?IO_SENSORES
  +--> ?PR?_SEND_PORTERR?PTO_PARALELO
  +--> ?PR?_PANTALLALCD?PANTALLAS

?PR?_RECIBE_PORT?PTO_PARALELO                    -----    -----      -----    -----      0001H    0008H
  +--> ?PR?OFF_TIMER0_INTERRUP?MAIN
  +--> ?PR?ON_TIMER0_INTERRUP?MAIN

?PR?_DEBUG_PTO_PARALELO?TIBBO                    -----    -----      -----    -----      0001H    0004H
  +--> ?PR?DEBUG_DIVIDIR_TEXTO?TIBBO
  +--> ?CO?TIBBO
  +--> ?PR?_DEBUG_TXT_TIBBO?TIBBO
  +--> ?PR?_DEBUGBUFFERMF?TIBBO

?PR?_VALIDA_TRAMA_PTO?ACCESCAN                   -----    -----      -----    -----      0001H    000FH
  +--> ?PR?_VALIDAR_CLK?CLOCK
  +--> ?PR?_BLOCK_WRITE_CLOCK_ASCII?CLOCK
  +--> ?PR?RELOJ_PANTALLA_LCD?PANTALLAS
  +--> ?PR?_PANTALLALCD?PANTALLAS
  +--> ?CO?ACCESCAN
  +--> ?PR?_DEBUG_TXT_TIBBO?TIBBO
  +--> ?PR?_BYTEHEX_DECIMAL?CLOCK
  +--> ?PR?_TWO_BYTEHEX_DECIMAL?CLOCK
  +--> ?PR?VALIDASENSORESPASO?IO_SENSORES
  +--> ?PR?_CMD_LPR_SALIDA_WIEGAND?ACCESCAN
BL51 BANKED LINKER/LOCATER V6.22.2.0                                                  11/04/2020  14:53:46  PAGE 23


  +--> ?PR?_PANTALLALCD_LINEA_2?PANTALLAS
  +--> ?PR?_GRABA_SERIE?EEPROM

?PR?_BLOCK_WRITE_CLOCK_ASCII?CLOCK               -----    -----      -----    -----      0010H    0003H
  +--> ?PR?_TWO_ONE?CLOCK
  +--> ?PR?_WR_CLK?CLOCK

?PR?_WR_CLK?CLOCK                                -----    -----      -----    -----      0013H    0002H
  +--> ?PR?_DELAY_20US?DELAY
  +--> ?PR?_EB_CLK?CLOCK

?PR?RELOJ_PANTALLA_LCD?PANTALLAS                 -----    -----      -----    -----      0010H    000DH
  +--> ?CO?PANTALLAS
  +--> ?PR?_BLOCK_READ_CLOCK?CLOCK
  +--> ?PR?_LCD_TXT_NUM_CHAR?PANTALLAS

?PR?_BLOCK_READ_CLOCK?CLOCK                      -----    -----      -----    -----      001DH    0003H
  +--> ?PR?_LEE_CLK?CLOCK

?PR?_LCD_TXT_NUM_CHAR?PANTALLAS                  -----    -----      -----    -----      001DH    0006H
  +--> ?PR?_TX_CHRLCD?PANTALLAS

?PR?_CMD_LPR_SALIDA_WIEGAND?ACCESCAN             -----    -----      -----    -----      0010H    0022H
  +--> ?PR?DIR_BOARD?IO_SENSORES
  +--> ?PR?_BLOCK_READ_CLOCK_ASCII?CLOCK
  +--> ?PR?_MONITOR_CHR?ACCESCAN

?PR?_MONITOR_CHR?ACCESCAN                        -----    -----      -----    -----      0032H    0005H
  +--> ?PR?_TX_AUX?TIBBO

?PR?_GRABA_SERIE?EEPROM                          -----    -----      -----    -----      0010H    0005H
  +--> ?CO?EEPROM
  +--> ?PR?_DEBUG_TXT_TIBBO?TIBBO
  +--> ?PR?_WRITE_EEPROM_TICKET?EEPROM
  +--> ?PR?_WR_EEPROM?EEPROM

?PR?MSJ_LCD_INFORMATIVO?IO_SENSORES              -----    -----      -----    -----      0001H    0001H
  +--> ?PR?SEL_FUNCION?IO_SENSORES
  +--> ?PR?LOAD_AND_SEND_INFO_RELOJ?PTO_PARA...
  +--> ?PR?LOAD_AND_SEND_ID_COD?PTO_PARALELO
  +--> ?PR?_RD_EEPROM?EEPROM
  +--> ?PR?_SEND_PORTERR?PTO_PARALELO

?PR?LOAD_AND_SEND_INFO_RELOJ?PTO_PARA...         -----    -----      -----    -----      0002H    000BH
  +--> ?PR?_BLOCK_READ_CLOCK?CLOCK
  +--> ?PR?_LEE_CLK?CLOCK
  +--> ?PR?_SEND_PORT?PTO_PARALELO

?PR?LOAD_AND_SEND_ID_COD?PTO_PARALELO            -----    -----      -----    -----      0002H    0013H
  +--> ?PR?_RD_EEPROM?EEPROM
  +--> ?CO?PTO_PARALELO
  +--> ?PR?PRINTF?PRINTF
  +--> ?PR?_SEND_PORT?PTO_PARALELO



SYMBOL TABLE OF MODULE:  .\Objects\expedidor_v_01_raspberry (MAIN)
BL51 BANKED LINKER/LOCATER V6.22.2.0                                                  11/04/2020  14:53:46  PAGE 24



  VALUE           TYPE          NAME
  ----------------------------------

  -------         MODULE        MAIN
  C:0000H         SYMBOL        _ICE_DUMMY_
  D:0080H         PUBLIC        P0
  D:0090H         PUBLIC        P1
  C:B285H         PUBLIC        timer0_int
  D:00B0H         PUBLIC        P3
  B:00A8H.7       PUBLIC        EA
  C:B698H         PUBLIC        off_Timer0_Interrup
  X:016AH         PUBLIC        ValTimeOutCom
  X:016BH         PUBLIC        Buffer_Rta_Lintech
  X:019DH         PUBLIC        Timer_wait
  X:019EH         PUBLIC        g_cContByteRx
  B:0080H.0       PUBLIC        rx_ip
  B:0080H.3       PUBLIC        Atascado
  C:A1C2H         PUBLIC        main
  X:019FH         PUBLIC        Timer_tivo
  C:A9DBH         PUBLIC        variable_inicio
  B:0090H.7       PUBLIC        lock
  I:0022H         PUBLIC        rbuf
  C:B689H         PUBLIC        on_Timer0_Interrup
  I:0054H         PUBLIC        tbuf
  B:0090H.1       PUBLIC        DataIn
  D:0089H         PUBLIC        TMOD
  X:01A1H         PUBLIC        USE_LPR
  X:01A2H         PUBLIC        Debug_Tibbo
  X:01A3H         PUBLIC        Raspberry
  X:01A4H         PUBLIC        SIN_COBRO
  X:01A6H         PUBLIC        Tipo_Vehiculo
  B:00B0H.3       PUBLIC        busy
  C:B5F4H         PUBLIC        ini_timer
  B:00A8H.1       PUBLIC        ET0
  B:0088H.5       PUBLIC        TF0
  D:008CH         PUBLIC        TH0
  X:01A7H         PUBLIC        ACK
  X:01A8H         PUBLIC        g_cEstadoComSoft
  D:008AH         PUBLIC        TL0
  B:0088H.4       PUBLIC        TR0
  C:B604H         PUBLIC        inicia_board
  X:01A9H         PUBLIC        T_GRACIA
  B:0080H.7       PUBLIC        sel_com
  X:01ABH         PUBLIC        STX_LINTECH
  C:B623H         PUBLIC        _getkey
  X:01ACH         PUBLIC        ETX
  C:AC2BH         PUBLIC        _EscribirCadenaSoft_buffer
  B:0021H.1       PUBLIC        buffer_ready
  C:AEC7H         PUBLIC        _putchar
  B:0021H.2       PUBLIC        placa_ready
  -------         PROC          TIMER0_INT
  C:B285H         LINE#         16
  C:B28BH         LINE#         19
  C:B291H         LINE#         20
  C:B296H         LINE#         21
  C:B296H         LINE#         22
BL51 BANKED LINKER/LOCATER V6.22.2.0                                                  11/04/2020  14:53:46  PAGE 25


  C:B29CH         LINE#         23
  C:B29CH         LINE#         25
  C:B2AAH         LINE#         26
  C:B2ACH         LINE#         28
  -------         ENDPROC       TIMER0_INT
  -------         PROC          INI_TIMER
  C:B5F4H         LINE#         31
  C:B5F4H         LINE#         32
  C:B5F4H         LINE#         34
  C:B5FCH         LINE#         36
  C:B5FFH         LINE#         37
  C:B601H         LINE#         38
  C:B603H         LINE#         40
  -------         ENDPROC       INI_TIMER
  -------         PROC          ON_TIMER0_INTERRUP
  C:B689H         LINE#         43
  C:B689H         LINE#         44
  C:B689H         LINE#         45
  C:B68BH         LINE#         46
  C:B68DH         LINE#         48
  -------         ENDPROC       ON_TIMER0_INTERRUP
  -------         PROC          OFF_TIMER0_INTERRUP
  C:B698H         LINE#         51
  C:B698H         LINE#         52
  C:B698H         LINE#         53
  C:B69AH         LINE#         55
  -------         ENDPROC       OFF_TIMER0_INTERRUP
  -------         PROC          _GETKEY
  -------         DO            
  D:0006H         SYMBOL        k
  -------         ENDDO         
  C:B623H         LINE#         63
  C:B623H         LINE#         64
  C:B623H         LINE#         68
  C:B623H         LINE#         69
  C:B626H         LINE#         70
  C:B626H         LINE#         71
  C:B62EH         LINE#         73
  C:B62EH         LINE#         74
  -------         ENDPROC       _GETKEY
  -------         PROC          _PUTCHAR
  X:00A7H         SYMBOL        c
  -------         DO            
  X:00A8H         SYMBOL        i
  -------         ENDDO         
  C:AEC7H         LINE#         78
  C:AECCH         LINE#         79
  C:AECCH         LINE#         82
  C:AEDBH         LINE#         83
  C:AEDBH         LINE#         84
  C:AEF1H         LINE#         85
  C:AEF1H         LINE#         87
  C:AEFFH         LINE#         88
  C:AEFFH         LINE#         90
  C:AF04H         LINE#         91
  -------         ENDPROC       _PUTCHAR
  -------         PROC          _ESCRIBIRCADENASOFT_BUFFER
BL51 BANKED LINKER/LOCATER V6.22.2.0                                                  11/04/2020  14:53:46  PAGE 26


  X:0027H         SYMBOL        buffer
  X:002AH         SYMBOL        tamano_cadena
  -------         DO            
  X:002BH         SYMBOL        i
  X:002CH         SYMBOL        d
  -------         ENDDO         
  C:AC2BH         LINE#         95
  C:AC39H         LINE#         96
  C:AC39H         LINE#         98
  C:AC47H         LINE#         99
  C:AC47H         LINE#         100
  C:AC5EH         LINE#         101
  C:AC68H         LINE#         102
  C:AC70H         LINE#         103
  -------         ENDPROC       _ESCRIBIRCADENASOFT_BUFFER
  -------         PROC          INICIA_BOARD
  C:B604H         LINE#         108
  C:B604H         LINE#         109
  C:B604H         LINE#         110
  C:B607H         LINE#         111
  C:B60AH         LINE#         112
  C:B60DH         LINE#         113
  C:B60FH         LINE#         114
  C:B611H         LINE#         115
  C:B613H         LINE#         117
  -------         ENDPROC       INICIA_BOARD
  -------         PROC          VARIABLE_INICIO
  C:A9DBH         LINE#         122
  C:A9DBH         LINE#         123
  C:A9DBH         LINE#         126
  C:A9ECH         LINE#         127
  C:A9FDH         LINE#         128
  C:AA0BH         LINE#         129
  C:AA19H         LINE#         130
  C:AA27H         LINE#         132
  -------         ENDPROC       VARIABLE_INICIO
  -------         PROC          MAIN
  -------         DO            
  X:0141H         SYMBOL        buffer
  X:0169H         SYMBOL        Estado_Comunicacion_Secuencia_MF
  X:0000H         SYMBOL        Length_trama
  -------         ENDDO         
  C:A1C2H         LINE#         140
  C:A1C2H         LINE#         141
  C:A1C2H         LINE#         148
  C:A1C5H         LINE#         149
  C:A1C8H         LINE#         150
  C:A1CBH         LINE#         151
  C:A1CEH         LINE#         152
  C:A1D1H         LINE#         153
  C:A1D3H         LINE#         155
  C:A1D6H         LINE#         156
  C:A1DDH         LINE#         157
  C:A1E0H         LINE#         159
  C:A1E5H         LINE#         161
  C:A1E8H         LINE#         163
  C:A1EBH         LINE#         164
BL51 BANKED LINKER/LOCATER V6.22.2.0                                                  11/04/2020  14:53:46  PAGE 27


  C:A1EBH         LINE#         165
  C:A1EEH         LINE#         166
  C:A1EEH         LINE#         169
  C:A1F1H         LINE#         170
  C:A1F7H         LINE#         171
  C:A1FDH         LINE#         173
  C:A1FDH         LINE#         174
  C:A1FDH         LINE#         177
  C:A200H         LINE#         178
  C:A200H         LINE#         179
  C:A203H         LINE#         180
  C:A203H         LINE#         184
  C:A210H         LINE#         189
  C:A213H         LINE#         190
  C:A213H         LINE#         192
  C:A222H         LINE#         194
  C:A22BH         LINE#         196
  C:A239H         LINE#         198
  C:A239H         LINE#         199
  C:A23CH         LINE#         203
  -------         ENDPROC       MAIN
  -------         ENDMOD        MAIN

  -------         MODULE        ACCESCAN
  C:0000H         SYMBOL        _ICE_DUMMY_
  D:0080H         PUBLIC        P0
  D:0090H         PUBLIC        P1
  B:0080H.2       PUBLIC        led_err_imp
  C:ADC6H         PUBLIC        _Monitor_chr
  B:0080H.3       PUBLIC        Atascado
  B:0090H.7       PUBLIC        lock
  C:3FDBH         PUBLIC        _Valida_Trama_Pto
  C:7FA0H         PUBLIC        _Cmd_LPR_Salida_wiegand
  -------         PROC          _VALIDA_TRAMA_PTO
  X:0001H         SYMBOL        buffer
  X:0004H         SYMBOL        length_trama
  -------         DO            
  X:0267H         SYMBOL        cont
  X:0005H         SYMBOL        buff
  -------         ENDDO         
  C:3FDBH         LINE#         85
  C:3FE9H         LINE#         86
  C:3FE9H         LINE#         92
  C:401FH         LINE#         93
  C:401FH         LINE#         94
  C:4034H         LINE#         95
  C:4034H         LINE#         96
  C:4047H         LINE#         98
  C:404AH         LINE#         100
  C:404AH         LINE#         102
  C:404AH         LINE#         104
  C:405CH         LINE#         105
  C:405CH         LINE#         106
  C:4062H         LINE#         107
  C:406FH         LINE#         108
  C:406FH         LINE#         109
  C:4074H         LINE#         110
BL51 BANKED LINKER/LOCATER V6.22.2.0                                                  11/04/2020  14:53:46  PAGE 28


  C:4076H         LINE#         111
  C:407BH         LINE#         112
  C:407DH         LINE#         113
  C:407FH         LINE#         114
  C:4083H         LINE#         115
  C:4083H         LINE#         116
  C:4084H         LINE#         118
  C:409CH         LINE#         119
  C:409CH         LINE#         121
  C:40A9H         LINE#         122
  C:40A9H         LINE#         123
  C:40ABH         LINE#         124
  C:40ADH         LINE#         125
  C:40AFH         LINE#         126
  C:40B1H         LINE#         127
  C:40B1H         LINE#         129
  C:40D7H         LINE#         130
  C:40D7H         LINE#         131
  C:40DBH         LINE#         132
  C:40E0H         LINE#         133
  C:40E9H         LINE#         134
  C:40EEH         LINE#         135
  C:40EEH         LINE#         138
  C:40EFH         LINE#         141
  C:4101H         LINE#         142
  C:4101H         LINE#         143
  C:4103H         LINE#         144
  C:4106H         LINE#         146
  C:4118H         LINE#         147
  C:4118H         LINE#         148
  C:411AH         LINE#         149
  C:411DH         LINE#         151
  C:4137H         LINE#         152
  C:4137H         LINE#         153
  C:4139H         LINE#         154
  C:413CH         LINE#         157
  C:4156H         LINE#         158
  C:4156H         LINE#         159
  C:4158H         LINE#         160
  C:415AH         LINE#         163
  C:4174H         LINE#         164
  C:4174H         LINE#         165
  C:4176H         LINE#         166
  C:4178H         LINE#         170
  C:4192H         LINE#         171
  C:4192H         LINE#         172
  C:4194H         LINE#         173
  C:4196H         LINE#         176
  C:41B0H         LINE#         177
  C:41B0H         LINE#         178
  C:41B2H         LINE#         179
  C:41B4H         LINE#         181
  C:41CEH         LINE#         182
  C:41CEH         LINE#         183
  C:41D3H         LINE#         184
  C:41D3H         LINE#         186
  C:4203H         LINE#         187
BL51 BANKED LINKER/LOCATER V6.22.2.0                                                  11/04/2020  14:53:46  PAGE 29


  C:4203H         LINE#         188
  C:4211H         LINE#         189
  C:4214H         LINE#         192
  C:4257H         LINE#         193
  C:4257H         LINE#         195
  C:426CH         LINE#         196
  C:4272H         LINE#         197
  C:429CH         LINE#         200
  C:42A4H         LINE#         201
  C:42A4H         LINE#         204
  C:42ABH         LINE#         205
  C:42ABH         LINE#         206
  C:42B0H         LINE#         207
  C:42B0H         LINE#         208
  C:42B2H         LINE#         210
  C:42B2H         LINE#         211
  C:42BBH         LINE#         212
  C:42C3H         LINE#         213
  C:42C3H         LINE#         218
  C:42C5H         LINE#         221
  C:42C5H         LINE#         224
  C:42CCH         LINE#         225
  C:42CCH         LINE#         226
  C:42D1H         LINE#         227
  C:42D1H         LINE#         228
  C:42DCH         LINE#         232
  C:42DCH         LINE#         233
  C:42DCH         LINE#         235
  C:4309H         LINE#         236
  C:4309H         LINE#         237
  C:4318H         LINE#         239
  C:4318H         LINE#         241
  -------         ENDPROC       _VALIDA_TRAMA_PTO
  -------         PROC          _MONITOR_CHR
  X:0032H         SYMBOL        str
  X:0035H         SYMBOL        num_char
  -------         DO            
  X:0036H         SYMBOL        j
  -------         ENDDO         
  C:ADC6H         LINE#         396
  C:ADD4H         LINE#         397
  C:ADD4H         LINE#         399
  C:ADE2H         LINE#         400
  C:ADE2H         LINE#         401
  C:ADF4H         LINE#         402
  C:ADFEH         LINE#         403
  C:AE06H         LINE#         404
  -------         ENDPROC       _MONITOR_CHR
  -------         PROC          _CMD_LPR_SALIDA_WIEGAND
  X:0010H         SYMBOL        buffer
  -------         DO            
  X:0013H         SYMBOL        Buffer_Lpr
  X:0031H         SYMBOL        j
  -------         ENDDO         
  C:7FA0H         LINE#         409
  C:7FABH         LINE#         410
  C:7FABH         LINE#         412
BL51 BANKED LINKER/LOCATER V6.22.2.0                                                  11/04/2020  14:53:46  PAGE 30


  C:7FB1H         LINE#         413
  C:7FB6H         LINE#         414
  C:7FBEH         LINE#         415
  C:7FC2H         LINE#         416
  C:7FCBH         LINE#         417
  C:7FCBH         LINE#         418
  C:7FDCH         LINE#         419
  C:7FDEH         LINE#         421
  C:7FDEH         LINE#         422
  C:7FEFH         LINE#         423
  C:7FEFH         LINE#         427
  C:8006H         LINE#         428
  C:8006H         LINE#         429
  C:8015H         LINE#         430
  C:801FH         LINE#         432
  C:8027H         LINE#         433
  C:803BH         LINE#         435
  C:804BH         LINE#         436
  C:805CH         LINE#         437
  C:8069H         LINE#         441
  -------         ENDPROC       _CMD_LPR_SALIDA_WIEGAND
  -------         ENDMOD        ACCESCAN

  -------         MODULE        CLOCK
  C:0000H         SYMBOL        _ICE_DUMMY_
  C:AE3BH         PUBLIC        _two_one
  D:0090H         PUBLIC        P1
  C:6E3AH         PUBLIC        _validar_clk
  C:B309H         PUBLIC        _wr_clk
  C:8547H         PUBLIC        _check_fechaOut
  B:00D0H.7       PUBLIC        CY
  C:0003H         PUBLIC        p_ck
  C:97A1H         PUBLIC        _hex_ascii
  X:0268H         PUBLIC        data_clk
  C:B64BH         PUBLIC        cond_ini_clock
  C:8610H         PUBLIC        _Block_read_Clock
  B:0090H.4       PUBLIC        sck
  C:918DH         PUBLIC        _Block_read_Clock_Hex
  C:5BCEH         PUBLIC        _Block_read_clock_ascii
  C:AF21H         PUBLIC        _hex_bcd
  C:B4DDH         PUBLIC        _bcd_hex
  C:A773H         PUBLIC        _ByteHex_Decimal
  C:98CDH         PUBLIC        _lee_clk
  B:0090H.5       PUBLIC        io
  C:99E3H         PUBLIC        _Block_write_clock_ascii
  B:0090H.6       PUBLIC        rst
  C:AE88H         PUBLIC        _eb_clk
  C:4319H         PUBLIC        _Two_ByteHex_Decimal
  -------         PROC          P_CK
  C:0003H         LINE#         48
  C:0003H         LINE#         49
  C:0003H         LINE#         50
  C:0005H         LINE#         51
  C:0008H         LINE#         52
  C:000AH         LINE#         53
  -------         ENDPROC       P_CK
  -------         PROC          _EB_CLK
BL51 BANKED LINKER/LOCATER V6.22.2.0                                                  11/04/2020  14:53:46  PAGE 31


  X:00B4H         SYMBOL        dir_clk
  -------         DO            
  X:00B5H         SYMBOL        nbits
  -------         ENDDO         
  C:AE88H         LINE#         55
  C:AE8DH         LINE#         57
  C:AE92H         LINE#         58
  C:AE92H         LINE#         59
  C:AE9BH         LINE#         60
  C:AE9EH         LINE#         61
  C:AE9EH         LINE#         62
  C:AEA0H         LINE#         63
  C:AEA2H         LINE#         65
  C:AEA2H         LINE#         66
  C:AEA4H         LINE#         67
  C:AEA4H         LINE#         68
  C:AEA7H         LINE#         69
  C:AEC6H         LINE#         70
  -------         ENDPROC       _EB_CLK
  C:98C3H         SYMBOL        L?0082
  -------         PROC          L?0081
  -------         ENDPROC       L?0081
  C:98C3H         SYMBOL        L?0082
  -------         PROC          _LEE_CLK
  X:00B1H         SYMBOL        dir_clk
  -------         DO            
  X:00B2H         SYMBOL        nbits
  -------         ENDDO         
  C:98CDH         LINE#         72
  C:98D2H         LINE#         74
  C:98D4H         LINE#         75
  C:98DBH         LINE#         76
  C:98E3H         LINE#         77
  C:98FCH         LINE#         78
  C:98FCH         LINE#         79
  C:98FFH         LINE#         80
  C:98FFH         LINE#         81
  C:9906H         LINE#         82
  C:9910H         LINE#         83
[...]
  C:6623H         LINE#         2238
  C:6628H         LINE#         2239
  C:6628H         LINE#         2241
  C:662AH         LINE#         2242
  C:662AH         LINE#         2248
  C:662AH         LINE#         2250
  C:6630H         LINE#         2251
  C:6630H         LINE#         2254
  C:6630H         LINE#         2255
  C:6637H         LINE#         2256
  C:6637H         LINE#         2257
  C:6637H         LINE#         2258
  -------         ENDPROC       SECUENCIA_INICIO_EXPEDIDOR
  -------         PROC          _SECUENCIAEXPEDIDORMF
  X:0001H         SYMBOL        EstadoActivo
  -------         DO            
  X:010BH         SYMBOL        Buffer_Write_MF
  X:011CH         SYMBOL        Atributos_Expedidor
  X:012BH         SYMBOL        Secuencia_Expedidor
BL51 BANKED LINKER/LOCATER V6.22.2.0                                                  11/04/2020  14:53:46  PAGE 127


  X:012FH         SYMBOL        Nombre_Mensual
  -------         ENDDO         
  C:3813H         LINE#         2268
  C:3818H         LINE#         2269
  C:3818H         LINE#         2275
  C:3872H         LINE#         2276
  C:3872H         LINE#         2279
  C:3872H         LINE#         2281
  C:3888H         LINE#         2282
  C:3888H         LINE#         2283
  C:388AH         LINE#         2284
  C:388CH         LINE#         2285
  C:3891H         LINE#         2286
  C:3899H         LINE#         2287
  C:389EH         LINE#         2288
  C:389EH         LINE#         2289
  C:38A1H         LINE#         2290
  C:38A1H         LINE#         2292
  C:38AAH         LINE#         2293
  C:38ADH         LINE#         2294
  C:38ADH         LINE#         2295
  C:38B2H         LINE#         2296
  C:38D2H         LINE#         2297
  C:38D5H         LINE#         2298
  C:38D5H         LINE#         2299
  C:38DAH         LINE#         2300
  C:38E2H         LINE#         2301
  C:38E8H         LINE#         2302
  C:38EBH         LINE#         2303
  C:38EBH         LINE#         2304
  C:38EEH         LINE#         2305
  C:38F6H         LINE#         2306
  C:38FCH         LINE#         2307
  C:38FFH         LINE#         2308
  C:38FFH         LINE#         2309
  C:3902H         LINE#         2310
  C:3927H         LINE#         2311
  C:392DH         LINE#         2312
  C:392FH         LINE#         2313
  C:3932H         LINE#         2314
  C:3932H         LINE#         2315
  C:393DH         LINE#         2316
  C:3945H         LINE#         2317
  C:394BH         LINE#         2318
  C:394EH         LINE#         2319
  C:394EH         LINE#         2320
  C:395FH         LINE#         2321
  C:3967H         LINE#         2322
  C:396DH         LINE#         2323
  C:3970H         LINE#         2324
  C:3970H         LINE#         2325
  C:3975H         LINE#         2326
  C:3993H         LINE#         2327
  C:3996H         LINE#         2328
  C:3996H         LINE#         2329
  C:399BH         LINE#         2330
  C:39BBH         LINE#         2331
BL51 BANKED LINKER/LOCATER V6.22.2.0                                                  11/04/2020  14:53:46  PAGE 128


  C:39BEH         LINE#         2332
  C:39BEH         LINE#         2333
  C:39C3H         LINE#         2334
  C:39C5H         LINE#         2335
  C:39E3H         LINE#         2336
  C:39E6H         LINE#         2337
  C:39E6H         LINE#         2338
  C:39EBH         LINE#         2339
  C:3A0BH         LINE#         2340
  C:3A0EH         LINE#         2341
  C:3A0EH         LINE#         2342
  C:3A13H         LINE#         2343
  C:3A1BH         LINE#         2344
  C:3A21H         LINE#         2345
  C:3A24H         LINE#         2346
  C:3A24H         LINE#         2347
  C:3A27H         LINE#         2348
  C:3A47H         LINE#         2349
  C:3A4AH         LINE#         2350
  C:3A4AH         LINE#         2351
  C:3A4CH         LINE#         2352
  C:3A4FH         LINE#         2353
  C:3A52H         LINE#         2354
  C:3A52H         LINE#         2355
  C:3A5BH         LINE#         2357
  C:3A5EH         LINE#         2358
  C:3A5EH         LINE#         2359
  C:3A75H         LINE#         2360
  C:3A78H         LINE#         2361
  C:3A78H         LINE#         2362
  C:3A7BH         LINE#         2363
  C:3A83H         LINE#         2364
  C:3A89H         LINE#         2365
  C:3A8CH         LINE#         2366
  C:3A8CH         LINE#         2367
  C:3A95H         LINE#         2368
  C:3A98H         LINE#         2369
  C:3A98H         LINE#         2370
  C:3AAFH         LINE#         2371
  C:3AB2H         LINE#         2372
  C:3AB2H         LINE#         2373
  C:3AB7H         LINE#         2374
  C:3ABFH         LINE#         2375
  C:3AC5H         LINE#         2376
  C:3AC8H         LINE#         2377
  C:3AC8H         LINE#         2378
  C:3ACBH         LINE#         2379
  C:3AEBH         LINE#         2380
  C:3AEEH         LINE#         2381
  C:3AEEH         LINE#         2382
  C:3AF1H         LINE#         2383
  C:3B11H         LINE#         2384
  C:3B14H         LINE#         2385
  C:3B14H         LINE#         2386
  C:3B17H         LINE#         2387
  C:3B1FH         LINE#         2388
  C:3B25H         LINE#         2389
BL51 BANKED LINKER/LOCATER V6.22.2.0                                                  11/04/2020  14:53:46  PAGE 129


  C:3B28H         LINE#         2393
  C:3B28H         LINE#         2394
  C:3B2EH         LINE#         2395
  C:3B34H         LINE#         2396
  C:3B34H         LINE#         2397
  C:3B3CH         LINE#         2398
  C:3B42H         LINE#         2400
  C:3B45H         LINE#         2401
  C:3B4DH         LINE#         2402
  C:3B4DH         LINE#         2404
  C:3B50H         LINE#         2405
  C:3B53H         LINE#         2406
  C:3B5BH         LINE#         2407
  C:3B5BH         LINE#         2408
  C:3B69H         LINE#         2409
  C:3B69H         LINE#         2410
  C:3B72H         LINE#         2411
  C:3B75H         LINE#         2412
  C:3B81H         LINE#         2413
  C:3B81H         LINE#         2414
  C:3B8AH         LINE#         2415
  C:3B8DH         LINE#         2417
  C:3B8DH         LINE#         2418
  C:3B96H         LINE#         2419
  C:3B96H         LINE#         2420
  C:3B99H         LINE#         2421
  C:3BA1H         LINE#         2422
  C:3BA1H         LINE#         2423
  C:3BAFH         LINE#         2424
  C:3BAFH         LINE#         2425
  C:3BC5H         LINE#         2426
  C:3BC8H         LINE#         2427
  C:3BD4H         LINE#         2428
  C:3BD4H         LINE#         2429
  C:3BDDH         LINE#         2430
  C:3BE0H         LINE#         2431
  C:3BEEH         LINE#         2432
  C:3BEEH         LINE#         2433
  C:3BF7H         LINE#         2434
  C:3BF9H         LINE#         2436
  C:3BF9H         LINE#         2437
  C:3C02H         LINE#         2438
  C:3C02H         LINE#         2439
  C:3C04H         LINE#         2440
  C:3C0CH         LINE#         2441
  C:3C0CH         LINE#         2442
  C:3C15H         LINE#         2443
  C:3C17H         LINE#         2444
  C:3C1FH         LINE#         2445
  C:3C1FH         LINE#         2446
  C:3C35H         LINE#         2447
  C:3C37H         LINE#         2448
  C:3C3FH         LINE#         2449
  C:3C3FH         LINE#         2450
  C:3C42H         LINE#         2451
  C:3C44H         LINE#         2453
  C:3C4CH         LINE#         2454
BL51 BANKED LINKER/LOCATER V6.22.2.0                                                  11/04/2020  14:53:46  PAGE 130


  C:3C4CH         LINE#         2455
  C:3C55H         LINE#         2456
  C:3C57H         LINE#         2459
  C:3C5FH         LINE#         2460
  C:3C5FH         LINE#         2461
  C:3C67H         LINE#         2462
  C:3C69H         LINE#         2464
  C:3C69H         LINE#         2465
  C:3C72H         LINE#         2466
  C:3C72H         LINE#         2467
  C:3C74H         LINE#         2468
  C:3C74H         LINE#         2469
  C:3C79H         LINE#         2470
  C:3C79H         LINE#         2472
  C:3C79H         LINE#         2473
  C:3C7EH         LINE#         2474
  -------         ENDPROC       _SECUENCIAEXPEDIDORMF
  -------         ENDMOD        VERIFICADOR

  -------         MODULE        MONITOR
  C:0000H         SYMBOL        _ICE_DUMMY_
  D:0080H         PUBLIC        P0
  D:0090H         PUBLIC        P1
  I:0011H         PUBLIC        placa
  C:B3F4H         PUBLIC        Rx_Monitor
  B:0080H.0       PUBLIC        rx_ip
  B:0090H.7       PUBLIC        lock
  C:891DH         PUBLIC        _recibe_cmd_Monitor
  C:B516H         PUBLIC        clear_placa
  C:9374H         PUBLIC        _Valida_Trama_Monitor
  -------         PROC          _RECIBE_CMD_MONITOR
  X:0016H         SYMBOL        buffer_cmd
  -------         DO            
  X:0019H         SYMBOL        j
  X:001AH         SYMBOL        NumDatos
  X:001BH         SYMBOL        time_out
  X:001CH         SYMBOL        MaxChrRx
  X:001DH         SYMBOL        contador
  -------         ENDDO         
  C:891DH         LINE#         44
  C:8928H         LINE#         45
  C:8928H         LINE#         49
  C:892DH         LINE#         50
  C:8933H         LINE#         52
  C:893EH         LINE#         53
  C:893EH         LINE#         54
  C:894FH         LINE#         55
  C:894FH         LINE#         56
  C:8956H         LINE#         57
  C:895AH         LINE#         58
  C:8963H         LINE#         59
  C:8963H         LINE#         60
  C:8971H         LINE#         61
  C:8988H         LINE#         62
  C:8988H         LINE#         63
  C:898EH         LINE#         64
  C:8994H         LINE#         65
BL51 BANKED LINKER/LOCATER V6.22.2.0                                                  11/04/2020  14:53:46  PAGE 131


  C:8994H         LINE#         66
  C:8996H         LINE#         67
  C:899EH         LINE#         68
  C:89A4H         LINE#         69
  C:89B6H         LINE#         70
  C:89C0H         LINE#         71
  C:89C9H         LINE#         73
  C:89D8H         LINE#         76
  C:89D8H         LINE#         77
  C:89DDH         LINE#         78
  -------         ENDPROC       _RECIBE_CMD_MONITOR
  -------         PROC          _VALIDA_TRAMA_MONITOR
  X:0016H         SYMBOL        buffer
  D:0005H         SYMBOL        length_trama
  -------         DO            
  D:0007H         SYMBOL        j
  D:0006H         SYMBOL        p
  -------         ENDDO         
  C:9374H         LINE#         83
  C:937FH         LINE#         84
  C:937FH         LINE#         85
  C:9381H         LINE#         86
  C:9383H         LINE#         87
  C:9383H         LINE#         89
  C:93A1H         LINE#         90
  C:93A1H         LINE#         91
  C:93A3H         LINE#         92
  C:93A8H         LINE#         93
  C:93A9H         LINE#         95
  C:93C4H         LINE#         96
  C:93C4H         LINE#         99
  C:93C4H         LINE#         100
  C:93DEH         LINE#         101
  C:93DFH         LINE#         102
  C:93E0H         LINE#         103
  C:93ECH         LINE#         104
  C:9400H         LINE#         105
  C:9406H         LINE#         106
  C:9408H         LINE#         107
  C:940EH         LINE#         110
  C:940EH         LINE#         113
  -------         ENDPROC       _VALIDA_TRAMA_MONITOR
  -------         PROC          CLEAR_PLACA
  -------         DO            
  D:0007H         SYMBOL        i
  -------         ENDDO         
  C:B516H         LINE#         114
  C:B516H         LINE#         115
  C:B516H         LINE#         117
  C:B522H         LINE#         118
  C:B522H         LINE#         119
  C:B528H         LINE#         120
  C:B52BH         LINE#         121
  C:B52DH         LINE#         122
  -------         ENDPROC       CLEAR_PLACA
  -------         PROC          RX_MONITOR
  -------         DO            
BL51 BANKED LINKER/LOCATER V6.22.2.0                                                  11/04/2020  14:53:46  PAGE 132


  X:0009H         SYMBOL        Length_trama
  X:000AH         SYMBOL        buffer1
  -------         ENDDO         
  C:B3F4H         LINE#         123
  C:B3F4H         LINE#         124
  C:B3F4H         LINE#         127
  C:B403H         LINE#         128
  C:B40CH         LINE#         129
  -------         ENDPROC       RX_MONITOR
  -------         ENDMOD        MONITOR

  -------         MODULE        ?C?FPADD
  C:1335H         PUBLIC        ?C?FPADD
  C:1331H         PUBLIC        ?C?FPSUB
  -------         ENDMOD        ?C?FPADD

  -------         MODULE        ?C?FPMUL
  C:1426H         PUBLIC        ?C?FPMUL
  -------         ENDMOD        ?C?FPMUL

  -------         MODULE        ?C?FCAST
  C:1536H         PUBLIC        ?C?FCASTC
  C:1531H         PUBLIC        ?C?FCASTI
  C:152CH         PUBLIC        ?C?FCASTL
  -------         ENDMOD        ?C?FCAST

  -------         MODULE        ?C?CASTF
  C:156AH         PUBLIC        ?C?CASTF
  -------         ENDMOD        ?C?CASTF

  -------         MODULE        PRINTF
  X:0077H         PUBLIC        ?_PRINTF?BYTE
  X:0077H         PUBLIC        ?_SPRINTF?BYTE
  C:33FBH         PUBLIC        _PRINTF
  C:33F5H         PUBLIC        _SPRINTF
  -------         ENDMOD        PRINTF

  -------         MODULE        POW
  X:0021H         PUBLIC        ?_pow?BYTE
  C:5D3CH         PUBLIC        _pow
  -------         ENDMOD        POW

  -------         MODULE        ?C?CHKFLOAT
  C:15EBH         PUBLIC        ?C?CHKFLOAT
  -------         ENDMOD        ?C?CHKFLOAT

  -------         MODULE        ?C?FPCMP
  C:1607H         PUBLIC        ?C?FPCMP
  C:1605H         PUBLIC        ?C?FPCMP3
  -------         ENDMOD        ?C?FPCMP

  -------         MODULE        ?C?FPNEG
  C:167EH         PUBLIC        ?C?FPNEG
  -------         ENDMOD        ?C?FPNEG

  -------         MODULE        ?C?FPROUND
  C:168FH         PUBLIC        ?C?FPROUND
BL51 BANKED LINKER/LOCATER V6.22.2.0                                                  11/04/2020  14:53:46  PAGE 133


  -------         ENDMOD        ?C?FPROUND

  -------         MODULE        ?C?FPCONVERT
  C:16CCH         PUBLIC        ?C?FPCONVERT
  -------         ENDMOD        ?C?FPCONVERT

  -------         MODULE        EXP
  C:94E1H         PUBLIC        _EXP
  -------         ENDMOD        EXP

  -------         MODULE        LOG
  C:68CEH         PUBLIC        _LOG
  C:68CAH         PUBLIC        _LOG10
  -------         ENDMOD        LOG

  -------         MODULE        ?C?FPDIV
  C:17D4H         PUBLIC        ?C?FPDIV
  -------         ENDMOD        ?C?FPDIV

  -------         MODULE        ?C?FTNPWR
  C:18A1H         PUBLIC        ?C?FTNPWR
  -------         ENDMOD        ?C?FTNPWR

  -------         MODULE        ?C?COPY
  C:19FEH         PUBLIC        ?C?COPY
  -------         ENDMOD        ?C?COPY

  -------         MODULE        ?C?CLDPTR
  C:1A24H         PUBLIC        ?C?CLDPTR
  -------         ENDMOD        ?C?CLDPTR

  -------         MODULE        ?C?CLDOPTR
  C:1A3DH         PUBLIC        ?C?CLDOPTR
  -------         ENDMOD        ?C?CLDOPTR

  -------         MODULE        ?C?CSTPTR
  C:1A6AH         PUBLIC        ?C?CSTPTR
  -------         ENDMOD        ?C?CSTPTR

  -------         MODULE        ?C?CSTOPTR
  C:1A7CH         PUBLIC        ?C?CSTOPTR
  -------         ENDMOD        ?C?CSTOPTR

  -------         MODULE        ?C?IMUL
  C:1A9EH         PUBLIC        ?C?IMUL
  -------         ENDMOD        ?C?IMUL

  -------         MODULE        ?C?IILDX
  C:1AB0H         PUBLIC        ?C?IILDX
  -------         ENDMOD        ?C?IILDX

  -------         MODULE        ?C?LNEG
  C:1AC6H         PUBLIC        ?C?LNEG
  -------         ENDMOD        ?C?LNEG

  -------         MODULE        ?C?SLCMP
  C:1AD4H         PUBLIC        ?C?SLCMP
BL51 BANKED LINKER/LOCATER V6.22.2.0                                                  11/04/2020  14:53:46  PAGE 134


  -------         ENDMOD        ?C?SLCMP

  -------         MODULE        ?C?ULCMP
  C:1AEAH         PUBLIC        ?C?ULCMP
  -------         ENDMOD        ?C?ULCMP

  -------         MODULE        ?C?ULSHR
  C:1AFBH         PUBLIC        ?C?ULSHR
  -------         ENDMOD        ?C?ULSHR

  -------         MODULE        ?C?LSHL
  C:1B0EH         PUBLIC        ?C?LSHL
  -------         ENDMOD        ?C?LSHL

  -------         MODULE        ?C?LLDCODE
  C:1B21H         PUBLIC        ?C?LLDCODE
  -------         ENDMOD        ?C?LLDCODE

  -------         MODULE        ?C?LLDXDATA0
  C:1B31H         PUBLIC        ?C?LLDXDATA0
  -------         ENDMOD        ?C?LLDXDATA0

  -------         MODULE        ?C?LLDCODE0
  C:1B3DH         PUBLIC        ?C?LLDCODE0
  -------         ENDMOD        ?C?LLDCODE0

  -------         MODULE        ?C?LSTXDATA
  C:1B4DH         PUBLIC        ?C?LSTXDATA
  -------         ENDMOD        ?C?LSTXDATA

  -------         MODULE        ?C?LSTKXDATA
  C:1B59H         PUBLIC        ?C?LSTKXDATA
  -------         ENDMOD        ?C?LSTKXDATA

  -------         MODULE        ?C?PLDIXDATA
  C:1B8AH         PUBLIC        ?C?PLDIXDATA
  -------         ENDMOD        ?C?PLDIXDATA

  -------         MODULE        ?C?PSTXDATA
  C:1BA1H         PUBLIC        ?C?PSTXDATA
  -------         ENDMOD        ?C?PSTXDATA

  -------         MODULE        ?C?CCASE
  C:1BAAH         PUBLIC        ?C?CCASE
  -------         ENDMOD        ?C?CCASE

  -------         MODULE        STRCAT
  X:0046H         PUBLIC        ?_strcat?BYTE
  C:A579H         PUBLIC        _strcat
  -------         ENDMOD        STRCAT

  -------         MODULE        ?C?STRCMP
  C:1D4EH         PUBLIC        ?C?STRCMP
  -------         ENDMOD        ?C?STRCMP

  -------         MODULE        ?C?STRCPY
  C:1E37H         PUBLIC        ?C?STRCPY
BL51 BANKED LINKER/LOCATER V6.22.2.0                                                  11/04/2020  14:53:46  PAGE 135


  -------         ENDMOD        ?C?STRCPY

  -------         MODULE        STRLEN
  C:000EH         PUBLIC        _STRLEN
  -------         ENDMOD        STRLEN

  -------         MODULE        STRTOK
  X:0064H         PUBLIC        ?_strtok?BYTE
  C:7C2CH         PUBLIC        _strtok
  -------         ENDMOD        STRTOK

  -------         MODULE        ATOL
  C:705EH         PUBLIC        _atol
  -------         ENDMOD        ATOL

  -------         MODULE        ATOI
  C:7DEEH         PUBLIC        _atoi
  -------         ENDMOD        ATOI

  -------         MODULE        MALLOC
  C:8147H         PUBLIC        _malloc
  -------         ENDMOD        MALLOC

  -------         MODULE        INIT_MEM
  X:0256H         PUBLIC        __mem_avail__
  C:AFBCH         PUBLIC        _init_mempool
  -------         ENDMOD        INIT_MEM

  -------         MODULE        FREE
  C:627DH         PUBLIC        _free
  -------         ENDMOD        FREE

  -------         MODULE        ?C?ILDIX
  C:1E54H         PUBLIC        ?C?ILDIX
  -------         ENDMOD        ?C?ILDIX

  -------         MODULE        ?C?LMUL
  C:1E6AH         PUBLIC        ?C?LMUL
  -------         ENDMOD        ?C?LMUL

  -------         MODULE        ISDIGIT
  C:B614H         PUBLIC        _isdigit
  -------         ENDMOD        ISDIGIT

  -------         MODULE        ISSPACE
  C:B586H         PUBLIC        _isspace
  -------         ENDMOD        ISSPACE

  -------         MODULE        STRSPN
  X:006AH         PUBLIC        ?_strspn?BYTE
  C:9E3BH         PUBLIC        _strspn
  -------         ENDMOD        STRSPN

  -------         MODULE        STRPBRK
  X:006AH         PUBLIC        ?_strpbrk?BYTE
  C:9F41H         PUBLIC        _strpbrk
  -------         ENDMOD        STRPBRK
BL51 BANKED LINKER/LOCATER V6.22.2.0                                                  11/04/2020  14:53:46  PAGE 136



Program Size: data=98.7 xdata=618 code=46751
LINK/LOCATE RUN COMPLETE.  0 WARNING(S),  0 ERROR(S)
