BL51 BANKED LINKER/LOCATER V6.22.2.0                                                    07/21/2020  12:52:08  PAGE 1


BL51 BANKED LINKER/LOCATER V6.22.2.0, INVOKED BY:
C:\KEIL_V5\C51\BIN\BL51.EXE .\Objects\main.obj, .\Objects\Accescan.obj, .\Objects\Clock.obj, .\Objects\delay.obj, .\Obje
>> cts\eeprom.obj, .\Objects\io_sensores.obj, .\Objects\pantallas.obj, .\Objects\prog.obj, .\Objects\pto_paralelo.obj, .
>> \Objects\tibbo.obj, .\Objects\uart.obj, .\Objects\lintech.obj, .\Objects\verificador.obj, .\Objects\Monitor.obj TO .\
>> Objects\expedidor_v_01_raspberry PRINT (.\Listings\expedidor_v_01_raspberry.m51) RAMSIZE (256)


MEMORY MODEL: LARGE WITH FLOATING POINT ARITHMETIC


INPUT MODULES INCLUDED:
  .\Objects\main.obj (MAIN)
  .\Objects\Accescan.obj (ACCESCAN)
  .\Objects\Clock.obj (CLOCK)
  .\Objects\delay.obj (DELAY)
  .\Objects\eeprom.obj (EEPROM)
  .\Objects\io_sensores.obj (IO_SENSORES)
  .\Objects\pantallas.obj (PANTALLAS)
  .\Objects\prog.obj (PROG)
  .\Objects\pto_paralelo.obj (PTO_PARALELO)
  .\Objects\tibbo.obj (TIBBO)
  .\Objects\uart.obj (UART)
  .\Objects\lintech.obj (LINTECH)
  .\Objects\verificador.obj (VERIFICADOR)
  .\Objects\Monitor.obj (MONITOR)
  C:\KEIL_V5\C51\LIB\C51FPL.LIB (?C?FPADD)
  C:\KEIL_V5\C51\LIB\C51FPL.LIB (?C?FPMUL)
  C:\KEIL_V5\C51\LIB\C51FPL.LIB (?C?FCAST)
  C:\KEIL_V5\C51\LIB\C51FPL.LIB (?C?CASTF)
  C:\KEIL_V5\C51\LIB\C51FPL.LIB (PRINTF)
  C:\KEIL_V5\C51\LIB\C51FPL.LIB (POW)
  C:\KEIL_V5\C51\LIB\C51FPL.LIB (?C?FPGETOPN)
  C:\KEIL_V5\C51\LIB\C51FPL.LIB (?C?CHKFLOAT)
  C:\KEIL_V5\C51\LIB\C51FPL.LIB (?C?FPCMP)
  C:\KEIL_V5\C51\LIB\C51FPL.LIB (?C?FPNEG)
  C:\KEIL_V5\C51\LIB\C51FPL.LIB (?C?FPROUND)
  C:\KEIL_V5\C51\LIB\C51FPL.LIB (?C?FPCONVERT)
  C:\KEIL_V5\C51\LIB\C51FPL.LIB (EXP)
  C:\KEIL_V5\C51\LIB\C51FPL.LIB (LOG)
  C:\KEIL_V5\C51\LIB\C51FPL.LIB (?C?FPDIV)
  C:\KEIL_V5\C51\LIB\C51FPL.LIB (?C?FTNPWR)
  C:\KEIL_V5\C51\LIB\C51FPL.LIB (?C?FPSERIES)
  C:\KEIL_V5\C51\LIB\C51L.LIB (?C_STARTUP)
  C:\KEIL_V5\C51\LIB\C51L.LIB (?C?COPY)
  C:\KEIL_V5\C51\LIB\C51L.LIB (?C?CLDPTR)
  C:\KEIL_V5\C51\LIB\C51L.LIB (?C?CLDOPTR)
  C:\KEIL_V5\C51\LIB\C51L.LIB (?C?CSTPTR)
  C:\KEIL_V5\C51\LIB\C51L.LIB (?C?CSTOPTR)
  C:\KEIL_V5\C51\LIB\C51L.LIB (?C?IMUL)
  C:\KEIL_V5\C51\LIB\C51L.LIB (?C?IILDX)
  C:\KEIL_V5\C51\LIB\C51L.LIB (?C?LNEG)
  C:\KEIL_V5\C51\LIB\C51L.LIB (?C?SLCMP)
  C:\KEIL_V5\C51\LIB\C51L.LIB (?C?ULCMP)
  C:\KEIL_V5\C51\LIB\C51L.LIB (?C?ULSHR)
  C:\KEIL_V5\C51\LIB\C51L.LIB (?C?LSHL)
  C:\KEIL_V5\C51\LIB\C51L.LIB (?C?LLDCODE)
  C:\KEIL_V5\C51\LIB\C51L.LIB (?C?LLDXDATA0)
  C:\KEIL_V5\C51\LIB\C51L.LIB (?C?LLDCODE0)
BL51 BANKED LINKER/LOCATER V6.22.2.0                                                  07/21/2020  12:52:08  PAGE 2


  C:\KEIL_V5\C51\LIB\C51L.LIB (?C?LSTXDATA)
  C:\KEIL_V5\C51\LIB\C51L.LIB (?C?LSTKXDATA)
  C:\KEIL_V5\C51\LIB\C51L.LIB (?C?PLDIXDATA)
  C:\KEIL_V5\C51\LIB\C51L.LIB (?C?PSTXDATA)
  C:\KEIL_V5\C51\LIB\C51L.LIB (?C?CCASE)
  C:\KEIL_V5\C51\LIB\C51L.LIB (STRCAT)
  C:\KEIL_V5\C51\LIB\C51L.LIB (?C?STRCMP)
  C:\KEIL_V5\C51\LIB\C51L.LIB (?C?STRCPY)
  C:\KEIL_V5\C51\LIB\C51L.LIB (STRLEN)
  C:\KEIL_V5\C51\LIB\C51L.LIB (STRTOK)
  C:\KEIL_V5\C51\LIB\C51L.LIB (ATOL)
  C:\KEIL_V5\C51\LIB\C51L.LIB (ATOI)
  C:\KEIL_V5\C51\LIB\C51L.LIB (?C_INIT)
  C:\KEIL_V5\C51\LIB\C51L.LIB (?C?ILDIX)
  C:\KEIL_V5\C51\LIB\C51L.LIB (?C?LMUL)
  C:\KEIL_V5\C51\LIB\C51L.LIB (ISDIGIT)
  C:\KEIL_V5\C51\LIB\C51L.LIB (ISSPACE)
  C:\KEIL_V5\C51\LIB\C51L.LIB (STRSPN)
  C:\KEIL_V5\C51\LIB\C51L.LIB (STRPBRK)


LINK MAP OF MODULE:  .\Objects\expedidor_v_01_raspberry (MAIN)


            TYPE    BASE      LENGTH    RELOCATION   SEGMENT NAME
            -----------------------------------------------------

            * * * * * * *   D A T A   M E M O R Y   * * * * * * *
            REG     0000H     0008H     ABSOLUTE     "REG BANK 0"
            DATA    0008H     0005H     UNIT         _DATA_GROUP_
            DATA    000DH     0004H     UNIT         ?DT?UART
                    0011H     000FH                  *** GAP ***
            BIT     0020H.0   0001H.1   UNIT         _BIT_GROUP_
            BIT     0021H.1   0000H.2   UNIT         ?BI?MAIN
            BIT     0021H.3   0000H.2   UNIT         ?BI?UART
            BIT     0021H.5   0000H.1   UNIT         ?BI?EEPROM
            BIT     0021H.6   0000H.1   UNIT         ?BI?VERIFICADOR
                    0021H.7   0000H.1                *** GAP ***
            IDATA   0022H     0064H     UNIT         ?ID?MAIN
            IDATA   0086H     0001H     UNIT         ?STACK

            * * * * * * *  X D A T A   M E M O R Y  * * * * * * *
            XDATA   0000H     00B8H     UNIT         _XDATA_GROUP_
            XDATA   00B8H     0079H     UNIT         ?XD?VERIFICADOR
            XDATA   0131H     006BH     UNIT         ?XD?MAIN
            XDATA   019CH     0056H     UNIT         ?XD?PROG
            XDATA   01F2H     0009H     UNIT         ?XD?MONITOR
            XDATA   01FBH     0003H     UNIT         ?XD?EEPROM
            XDATA   01FEH     0003H     UNIT         ?XD?UART
            XDATA   0201H     0003H     UNIT         ?XD?STRTOK
            XDATA   0204H     0001H     UNIT         ?XD?ACCESCAN
            XDATA   0205H     0001H     UNIT         ?XD?CLOCK
            XDATA   0206H     0001H     UNIT         ?XD?IO_SENSORES
            XDATA   0207H     0001H     UNIT         ?XD?PANTALLAS

            * * * * * * *   C O D E   M E M O R Y   * * * * * * *
            CODE    0000H     0003H     ABSOLUTE     
BL51 BANKED LINKER/LOCATER V6.22.2.0                                                  07/21/2020  12:52:08  PAGE 3


            CODE    0003H     0008H     UNIT         ?PR?P_CK?CLOCK
            CODE    000BH     0003H     ABSOLUTE     
            CODE    000EH     0015H     UNIT         ?PR?_STRLEN?STRLEN
            CODE    0023H     0003H     ABSOLUTE     
            CODE    0026H     0E44H     UNIT         ?CO?PROG
            CODE    0E6AH     0B8BH     UNIT         ?C?LIB_CODE
            CODE    19F5H     06F4H     UNIT         ?CO?VERIFICADOR
            CODE    20E9H     0679H     UNIT         ?CO?PANTALLAS
            CODE    2762H     051EH     UNIT         ?PR?_PANTALLALCD?PANTALLAS
            CODE    2C80H     0483H     UNIT         ?PR?PRINTF?PRINTF
            CODE    3103H     0417H     UNIT         ?PR?_SECUENCIAEXPEDIDORMF?VERIFICADOR
            CODE    351AH     033EH     UNIT         ?PR?_VALIDA_TRAMA_PTO?ACCESCAN
            CODE    3858H     02D0H     UNIT         ?PR?_TWO_BYTEHEX_DECIMAL?CLOCK
            CODE    3B28H     02B7H     UNIT         ?PR?_PROG_HORARIO_DIAS?PROG
            CODE    3DDFH     021FH     UNIT         ?PR?MENU?PROG
            CODE    3FFEH     0206H     UNIT         ?PR?_HASH_ID?PROG
            CODE    4204H     01FAH     UNIT         ?PR?_PROG_HORARIO_DESDE_HASTA?PROG
            CODE    43FEH     01F5H     UNIT         ?PR?PROG_FECHA_VENCIMIENTO?PROG
            CODE    45F3H     01EBH     UNIT         ?PR?_PANTALLALCD_LINEA_2?PANTALLAS
            CODE    47DEH     01DFH     UNIT         ?PR?_RESPONDE_LECTURA_TARJETA_SECTOR1_BLOQUE1?VERIFICADOR
            CODE    49BDH     01B3H     UNIT         ?PR?COM_ISR?UART
            CODE    4B70H     01A5H     UNIT         ?PR?_VALIDA_TIPO_TARJETA?VERIFICADOR
            CODE    4D15H     019BH     UNIT         ?PR?ARMAR_TRAMA_PTO_PARALELO_EXPEDIDOR?VERIFICADOR
            CODE    4EB0H     017AH     UNIT         ?CO?LINTECH
            CODE    502AH     016EH     UNIT         ?PR?_BLOCK_READ_CLOCK_ASCII?CLOCK
            CODE    5198H     0166H     UNIT         ?PR?_POW?POW
            CODE    52FEH     0148H     UNIT         ?PR?_ARMAR_TRAMA_MONITOR?VERIFICADOR
            CODE    5446H     0145H     UNIT         ?PR?PROG_HORARIOS?PROG
            CODE    558BH     0142H     UNIT         ?PR?_ARMAR_TRAMA_TARJETA_SECTOR1_BLOQUE2?VERIFICADOR
            CODE    56CDH     013EH     UNIT         ?PR?PROG_SIN_COBRO?PROG
            CODE    580BH     013EH     UNIT         ?PR?SECUENCIA_INICIO_EXPEDIDOR?VERIFICADOR
            CODE    5949H     012BH     UNIT         ?PR?_RESPONDE_LECTURA_TARJETA_SECTOR1_BLOQUE2?VERIFICADOR
            CODE    5A74H     0129H     UNIT         ?PR?LOG?LOG
            CODE    5B9DH     011CH     UNIT         ?PR?LOAD_AND_SEND_ID_COD?PTO_PARALELO
            CODE    5CB9H     011AH     UNIT         ?PR?_PROG_HORARIOS_ON_OFF?PROG
            CODE    5DD3H     0115H     UNIT         ?PR?_VALIDAR_CLK?CLOCK
            CODE    5EE8H     010FH     UNIT         ?PR?_HORARIOS?VERIFICADOR
            CODE    5FF7H     010CH     UNIT         ?PR?_ATOL?ATOL
            CODE    6103H     0103H     UNIT         ?PR?_BLOQUE_HORARIO?VERIFICADOR
            CODE    6206H     0100H     UNIT         ?PR?_WR_MF?LINTECH
            CODE    6306H     00FCH     UNIT         ?PR?PROG_DEBUG?PROG
            CODE    6402H     00FCH     UNIT         ?PR?PROG_USE_LPR?PROG
            CODE    64FEH     00FCH     UNIT         ?PR?TIPO_PANTALLA?PROG
            CODE    65FAH     00FCH     UNIT         ?PR?PROG_ANTIPASSBACK?PROG
            CODE    66F6H     00FCH     UNIT         ?PR?PROG_PLACA?PROG
            CODE    67F2H     00FCH     UNIT         ?PR?PROG_VALIDAR_TIPO_VEHICULO_MENSUAL?PROG
            CODE    68EEH     00FCH     UNIT         ?PR?PROG_APB_MENSUAL?PROG
            CODE    69EAH     00EAH     UNIT         ?PR?_MOV_CARD?LINTECH
            CODE    6AD4H     00E6H     UNIT         ?PR?_WRITE_EEPROM_TICKET?EEPROM
            CODE    6BBAH     00E4H     UNIT         ?PR?_STRTOK?STRTOK
            CODE    6C9EH     00DEH     UNIT         ?PR?PROG_ADDRESS_HIGH_BOARD?PROG
            CODE    6D7CH     00DBH     UNIT         ?PR?_ATOI?ATOI
            CODE    6E57H     00D7H     UNIT         ?PR?_ANALIZA_UID_CARD?VERIFICADOR
            CODE    6F2EH     00D6H     UNIT         ?PR?_CMD_LPR_SALIDA_WIEGAND?ACCESCAN
            CODE    7004H     00D6H     UNIT         ?PR?_ARMAR_TRAMA_PTO_PARALELO_EXPEDIDOR_MENSUAL?VERIFICADOR
            CODE    70DAH     00CBH     UNIT         ?PR?_RTA_CMD_TRANSPORTE?VERIFICADOR
            CODE    71A5H     00CAH     UNIT         ?PR?READ_EEPROM_TICKET?EEPROM
BL51 BANKED LINKER/LOCATER V6.22.2.0                                                  07/21/2020  12:52:08  PAGE 4


            CODE    726FH     00C9H     UNIT         ?PR?_CHECK_FECHAOUT?CLOCK
            CODE    7338H     00C4H     UNIT         ?PR?_BLOCK_READ_CLOCK?CLOCK
            CODE    73FCH     00C4H     UNIT         ?PR?_TARJETA_MENSUAL?VERIFICADOR
            CODE    74C0H     00C3H     UNIT         ?PR?_RD_MF?LINTECH
            CODE    7583H     00C2H     UNIT         ?PR?PROG_TARJETA_AUTOMATICA_O_BOTON?PROG
            CODE    7645H     00C1H     UNIT         ?PR?_RECIBE_CMD_MONITOR?MONITOR
            CODE    7706H     00BEH     UNIT         ?PR?ERROR_RX_PTO?VERIFICADOR
            CODE    77C4H     00BDH     UNIT         ?C_INITSEG
            CODE    7881H     00BDH     UNIT         ?PR?PROG_COD_PARK?PROG
            CODE    793EH     00BDH     UNIT         ?PR?PROG_TIEMPO_GRACIA?PROG
            CODE    79FBH     00BCH     UNIT         ?PR?_GRABA_SERIE?EEPROM
            CODE    7AB7H     00BAH     UNIT         ?CO?TIBBO
            CODE    7B71H     00B6H     UNIT         ?PR?PROG_ID_CLIENTE?PROG
            CODE    7C27H     00B4H     UNIT         ?PR?_SEND_PORT?PTO_PARALELO
            CODE    7CDBH     00ADH     UNIT         ?CO?IO_SENSORES
            CODE    7D88H     00ACH     UNIT         ?PR?_HORA_MAXIMA?VERIFICADOR
            CODE    7E34H     00AAH     UNIT         ?PR?CLAVE_SEGURIDAD_S2?LINTECH
            CODE    7EDEH     00A9H     UNIT         ?PR?DWLOAD_EEPROM?LINTECH
            CODE    7F87H     00A6H     UNIT         ?PR?_BLOCK_READ_CLOCK_HEX?CLOCK
            CODE    802DH     00A3H     UNIT         ?PR?_WAIT_PLACA?VERIFICADOR
            CODE    80D0H     00A1H     UNIT         ?PR?_VALIDA_TRAMA_MONITOR?MONITOR
            CODE    8171H     009DH     UNIT         ?PR?_INICIALIZA?LINTECH
            CODE    820EH     009AH     UNIT         ?PR?EXP?EXP
            CODE    82A8H     0099H     UNIT         ?PR?_RECIBE_PORT?PTO_PARALELO
            CODE    8341H     0098H     UNIT         ?PR?_VALIDA_VEHICULO_CARD_MENSUAL?VERIFICADOR
            CODE    83D9H     0091H     UNIT         ?PR?_HEX_ASCII?CLOCK
            CODE    846AH     0091H     UNIT         ?PR?_CARD_INSERCION?LINTECH
            CODE    84FBH     0091H     UNIT         ?PR?LOADVERIFY_EEPROM?LINTECH
            CODE    858CH     0090H     UNIT         ?PR?_LEE_CLK?CLOCK
            CODE    861CH     0090H     UNIT         ?PR?_GETOPTION?PROG
            CODE    86ACH     0090H     UNIT         ?PR?SHOW?PROG
            CODE    873CH     008FH     UNIT         ?PR?_BLOCK_WRITE_CLOCK_ASCII?CLOCK
            CODE    87CBH     008CH     UNIT         ?C_C51STARTUP
            CODE    8857H     0088H     UNIT         ?PR?_SEND_PORTERR?PTO_PARALELO
            CODE    88DFH     0088H     UNIT         ?PR?RX_DATA?TIBBO
            CODE    8967H     0088H     UNIT         ?PR?UNIQUE_IDENTIFIER_UID?LINTECH
            CODE    89EFH     0088H     UNIT         ?PR?_SEND_PTO_PARALELO?VERIFICADOR
            CODE    8A77H     0084H     UNIT         ?PR?_STRSPN?STRSPN
            CODE    8AFBH     0081H     UNIT         ?PR?MAIN?MAIN
            CODE    8B7CH     0081H     UNIT         ?PR?_STRPBRK?STRPBRK
            CODE    8BFDH     0080H     UNIT         ?PR?MSJ_LCD_INFORMATIVO?IO_SENSORES
            CODE    8C7DH     0080H     UNIT         ?PR?_INGRESADATO?PROG
            CODE    8CFDH     0080H     UNIT         ?PR?AUT_CARD_CHECK_STATUS?LINTECH
            CODE    8D7DH     0080H     UNIT         ?PR?POWER_OFF?LINTECH
            CODE    8DFDH     007CH     UNIT         ?PR?_CHECK_STATUS?LINTECH
            CODE    8E79H     007CH     UNIT         ?PR?RESPONDE_ESTADO_SENSORES_TRANSPORTE?VERIFICADOR
            CODE    8EF5H     007AH     UNIT         ?PR?_RESPONDE_WRITE_TARJETA_SECTOR1_BLOQUE2?VERIFICADOR
            CODE    8F6FH     0079H     UNIT         ?PR?ENTREGA_CARD_CAPTURA?VERIFICADOR
            CODE    8FE8H     0076H     UNIT         ?PR?_ESCRIBIRMEMORIA?EEPROM
            CODE    905EH     0073H     UNIT         ?PR?_DEBUGBUFFERMF?TIBBO
            CODE    90D1H     0071H     UNIT         ?PR?RESPONDE_TIPO_TARJETA?VERIFICADOR
            CODE    9142H     0071H     UNIT         ?PR?_EN_HORARIO?VERIFICADOR
            CODE    91B3H     006BH     UNIT         ?PR?_STRCAT?STRCAT
            CODE    921EH     0066H     UNIT         ?PR?_LEERMEMORIA?EEPROM
            CODE    9284H     0062H     UNIT         ?PR?_LISTACOMANDOS?PROG
            CODE    92E6H     0061H     UNIT         ?PR?_PREGUNTA_LPR?VERIFICADOR
            CODE    9347H     005EH     UNIT         ?PR?_BYTEHEX_DECIMAL?CLOCK
BL51 BANKED LINKER/LOCATER V6.22.2.0                                                  07/21/2020  12:52:08  PAGE 5


            CODE    93A5H     005EH     UNIT         ?PR?_ARMAR_TRAMA_PLACA?VERIFICADOR
            CODE    9403H     005DH     UNIT         ?PR?_RESPUESTA_SEGUNDA_CLAVE?VERIFICADOR
            CODE    9460H     005BH     UNIT         ?PR?_RASPBERRY_DATA?PANTALLAS
            CODE    94BBH     0059H     UNIT         ?PR?INGRESO_VEHICULO?VERIFICADOR
            CODE    9514H     0058H     UNIT         ?PR?VALIDA_SENSOR1_AUTO?IO_SENSORES
            CODE    956CH     0057H     UNIT         ?PR?RELOJ_PANTALLA_LCD?PANTALLAS
            CODE    95C3H     0050H     UNIT         ?PR?DISPARO_LOCK_ENTRADA_VEHICULO?VERIFICADOR
            CODE    9613H     004DH     UNIT         ?PR?VARIABLE_INICIO?MAIN
            CODE    9660H     004DH     UNIT         ?PR?L_D_M?EEPROM
            CODE    96ADH     004BH     UNIT         ?PR?_TX_AUX?TIBBO
            CODE    96F8H     0049H     UNIT         ?PR?_DEBUG_TXT_TIBBO?TIBBO
            CODE    9741H     0048H     UNIT         ?PR?FIRST_CLAVE?PROG
            CODE    9789H     0047H     UNIT         ?PR?_DEBUG_CHR_TIBBO?TIBBO
            CODE    97D0H     0047H     UNIT         ?PR?_RESPONDE_WRITE_TARJETA_SECTOR2_BLOQUE0?VERIFICADOR
            CODE    9817H     0046H     UNIT         ?PR?_ESCRIBIRCADENASOFT_BUFFER?MAIN
            CODE    985DH     0046H     UNIT         ?PR?_WR_EEPROM?EEPROM
            CODE    98A3H     0046H     UNIT         ?PR?_LCD_TXT_NUM_CHAR?PANTALLAS
            CODE    98E9H     0046H     UNIT         ?PR?_DEBUG_HEXDEC?TIBBO
            CODE    992FH     0044H     UNIT         ?PR?_LCD_TXT?PANTALLAS
            CODE    9973H     0043H     UNIT         ?PR?DIR_BOARD?IO_SENSORES
            CODE    99B6H     0042H     UNIT         ?PR?_VALIDARCLAVE?PROG
            CODE    99F8H     0041H     UNIT         ?PR?_MONITOR_CHR?ACCESCAN
            CODE    9A39H     0041H     UNIT         ?PR?_TWO_ONE?CLOCK
            CODE    9A7AH     0040H     UNIT         ?PR?_GETCMD?PROG
            CODE    9ABAH     003FH     UNIT         ?PR?_EB_CLK?CLOCK
            CODE    9AF9H     003EH     UNIT         ?PR?_PUTCHAR?MAIN
            CODE    9B37H     003DH     UNIT         ?PR?_HEX_BCD?CLOCK
            CODE    9B74H     003DH     UNIT         ?PR?_RD_EEPROM?EEPROM
            CODE    9BB1H     003DH     UNIT         ?PR?_LOAD_SECUENCIA_EXPEDIDOR?VERIFICADOR
            CODE    9BEEH     003BH     UNIT         ?CO?EEPROM
            CODE    9C29H     003BH     UNIT         ?PR?_DEBUG_PTO_PARALELO?TIBBO
            CODE    9C64H     003BH     UNIT         ?PR?_COM_PUTCHAR?UART
            CODE    9C9FH     003AH     UNIT         ?PR?_DELAY_10MS?DELAY
            CODE    9CD9H     0038H     UNIT         ?PR?VALIDASENSORESPASO?IO_SENSORES
            CODE    9D11H     0037H     UNIT         ?PR?LEE_NO_TICKET?EEPROM
            CODE    9D48H     0036H     UNIT         ?PR?_RESPONDE_WRITE_TARJETA_SECTOR1_BLOQUE0?VERIFICADOR
            CODE    9D7EH     0034H     UNIT         ?PR?INCREMENTE_TICKET?EEPROM
            CODE    9DB2H     0034H     UNIT         ?PR?ADDR_HORARIOS?PROG
            CODE    9DE6H     0033H     UNIT         ?PR?TRAMA_VALIDACION_P_N?VERIFICADOR
            CODE    9E19H     0032H     UNIT         ?PR?_DEBUG_MONITOR?TIBBO
            CODE    9E4BH     0031H     UNIT         ?PR?_TARJETA_ROTACION?VERIFICADOR
            CODE    9E7CH     002EH     UNIT         ?PR?TIMER0_INT?MAIN
            CODE    9EAAH     002CH     UNIT         ?PR?LOAD_AND_SEND_INFO_RELOJ?PTO_PARALELO
            CODE    9ED6H     002AH     UNIT         ?PR?COM_INITIALIZE?UART
            CODE    9F00H     0028H     UNIT         ?PR?_WR_CLK?CLOCK
            CODE    9F28H     0028H     UNIT         ?PR?COM_BAUDRATE?UART
            CODE    9F50H     0028H     UNIT         ?PR?_ARMAR_TRAMA_TARJETA_SECTOR1_BLOQUE0?VERIFICADOR
            CODE    9F78H     0027H     UNIT         ?PR?_TX_CHRLCD?PANTALLAS
            CODE    9F9FH     0026H     UNIT         ?PR?COM_GETCHAR?UART
            CODE    9FC5H     0026H     UNIT         ?PR?ANALIZA_PRESENCIA_MENSUAL?VERIFICADOR
            CODE    9FEBH     0026H     UNIT         ?PR?RX_MONITOR?MONITOR
            CODE    A011H     0023H     UNIT         ?PR?ANALIZA_PRESENCIA_ROTACION?VERIFICADOR
            CODE    A034H     0022H     UNIT         ?PR?_E_D_M?EEPROM
            CODE    A056H     0020H     UNIT         ?PR?ACKD?EEPROM
            CODE    A076H     0020H     UNIT         ?PR?ACK_LECT?EEPROM
            CODE    A096H     001FH     UNIT         ?PR?VALIDASENSOR?IO_SENSORES
            CODE    A0B5H     001FH     UNIT         ?PR?TIME_BIT?TIBBO
BL51 BANKED LINKER/LOCATER V6.22.2.0                                                  07/21/2020  12:52:08  PAGE 6


            CODE    A0D4H     001FH     UNIT         ?PR?CLEAR_PLACA?MONITOR
            CODE    A0F3H     001EH     UNIT         ?PR?_BCD_HEX?CLOCK
            CODE    A111H     001BH     UNIT         ?PR?_DELAY_1MS?DELAY
            CODE    A12CH     0017H     UNIT         ?PR?DISPLAYCURSOR?PROG
            CODE    A143H     0017H     UNIT         ?PR?TIME_MBIT?TIBBO
            CODE    A15AH     0014H     UNIT         ?PR?DEBUG_DIVIDIR_TEXTO?TIBBO
            CODE    A16EH     0014H     UNIT         ?PR?_ISSPACE?ISSPACE
            CODE    A182H     0012H     UNIT         ?PR?_DELAY_20US?DELAY
            CODE    A194H     0012H     UNIT         ?PR?START?EEPROM
            CODE    A1A6H     0012H     UNIT         ?PR?PULSO_BUS?PTO_PARALELO
            CODE    A1B8H     0012H     UNIT         ?PR?COM_RBUFLEN?UART
            CODE    A1CAH     0012H     UNIT         ?PR?COM_TBUFLEN?UART
            CODE    A1DCH     0010H     UNIT         ?PR?INI_TIMER?MAIN
            CODE    A1ECH     0010H     UNIT         ?PR?INICIA_BOARD?MAIN
            CODE    A1FCH     000FH     UNIT         ?PR?_ISDIGIT?ISDIGIT
            CODE    A20BH     000CH     UNIT         ?PR?_GETKEY?MAIN
            CODE    A217H     000AH     UNIT         ?PR?COND_INI_PTO?PTO_PARALELO
            CODE    A221H     0009H     UNIT         ?PR?STOP?EEPROM
            CODE    A22AH     0009H     UNIT         ?PR?CAPTURA_EXPULSA?VERIFICADOR
            CODE    A233H     0007H     UNIT         ?PR?COND_INI_CLOCK?CLOCK
            CODE    A23AH     0007H     UNIT         ?PR?SEL_FUNCION?IO_SENSORES
            CODE    A241H     0007H     UNIT         ?PR?SEL_AUTO?IO_SENSORES
            CODE    A248H     0007H     UNIT         ?PR?SEL_PULSA?IO_SENSORES
            CODE    A24FH     0007H     UNIT         ?PR?SEL_SENSOR2?IO_SENSORES
            CODE    A256H     0007H     UNIT         ?PR?SEL_SENSOR1?IO_SENSORES
            CODE    A25DH     0007H     UNIT         ?PR?SEL_DIR1?IO_SENSORES
            CODE    A264H     0007H     UNIT         ?PR?SEL_DIR2?IO_SENSORES
            CODE    A26BH     0006H     UNIT         ?PR?P_ME?EEPROM
            CODE    A271H     0005H     UNIT         ?PR?ON_TIMER0_INTERRUP?MAIN
            CODE    A276H     0005H     UNIT         ?CO?ACCESCAN
            CODE    A27BH     0005H     UNIT         ?PR?COND_INI_TIBBO?TIBBO
            CODE    A280H     0003H     UNIT         ?PR?OFF_TIMER0_INTERRUP?MAIN
            CODE    A283H     0003H     UNIT         ?CO?PTO_PARALELO
            CODE    A286H     0001H     UNIT         ?PR?DELAY?DELAY



OVERLAY MAP OF MODULE:   .\Objects\expedidor_v_01_raspberry (MAIN)


SEGMENT                                             BIT_GROUP          DATA_GROUP          XDATA_GROUP
  +--> CALLED SEGMENT                            START    LENGTH     START    LENGTH     START    LENGTH
--------------------------------------------------------------------------------------------------------
?C_C51STARTUP                                    -----    -----      -----    -----      -----    -----
  +--> ?PR?MAIN?MAIN
  +--> ?C_INITSEG

?PR?MAIN?MAIN                                    -----    -----      -----    -----      0000H    0002H
  +--> ?PR?INI_TIMER?MAIN
  +--> ?PR?ON_TIMER0_INTERRUP?MAIN
  +--> ?PR?COM_INITIALIZE?UART
  +--> ?PR?COM_BAUDRATE?UART
  +--> ?PR?INICIA_BOARD?MAIN
  +--> ?PR?TIME_BIT?TIBBO
  +--> ?PR?_DELAY_20US?DELAY
  +--> ?PR?TIME_MBIT?TIBBO
  +--> ?PR?_TX_AUX?TIBBO
BL51 BANKED LINKER/LOCATER V6.22.2.0                                                  07/21/2020  12:52:08  PAGE 7


  +--> ?PR?SEL_FUNCION?IO_SENSORES
  +--> ?PR?MENU?PROG
  +--> ?PR?VARIABLE_INICIO?MAIN
  +--> ?PR?SECUENCIA_INICIO_EXPEDIDOR?VERIFI...
  +--> ?PR?RX_MONITOR?MONITOR
  +--> ?PR?_SECUENCIAEXPEDIDORMF?VERIFICADOR
  +--> ?PR?_RECIBE_PORT?PTO_PARALELO
  +--> ?PR?_DEBUG_PTO_PARALELO?TIBBO
  +--> ?PR?_VALIDA_TRAMA_PTO?ACCESCAN
  +--> ?PR?MSJ_LCD_INFORMATIVO?IO_SENSORES

?PR?COM_INITIALIZE?UART                          -----    -----      -----    -----      -----    -----
  +--> ?PR?COM_BAUDRATE?UART

?PR?INICIA_BOARD?MAIN                            -----    -----      -----    -----      -----    -----
  +--> ?PR?COND_INI_TIBBO?TIBBO
  +--> ?PR?COND_INI_CLOCK?CLOCK
  +--> ?PR?COND_INI_PTO?PTO_PARALELO

?PR?_TX_AUX?TIBBO                                -----    -----      -----    -----      -----    -----
  +--> ?PR?TIME_BIT?TIBBO

?PR?MENU?PROG                                    -----    -----      -----    -----      0002H    0045H
  +--> ?CO?PROG
  +--> ?PR?PRINTF?PRINTF
  +--> ?PR?_RD_EEPROM?EEPROM
  +--> ?PR?FIRST_CLAVE?PROG
  +--> ?PR?_WR_EEPROM?EEPROM
  +--> ?PR?_LEERMEMORIA?EEPROM
  +--> ?PR?_HASH_ID?PROG
  +--> ?PR?_INGRESADATO?PROG
  +--> ?PR?_GETCMD?PROG
  +--> ?PR?_ESCRIBIRMEMORIA?EEPROM
  +--> ?PR?_VALIDARCLAVE?PROG
  +--> ?PR?DISPLAYCURSOR?PROG
  +--> ?PR?_STRLEN?STRLEN
  +--> ?PR?_GETOPTION?PROG
  +--> ?PR?_STRCAT?STRCAT
  +--> ?PR?_LISTACOMANDOS?PROG
  +--> ?PR?PROG_ID_CLIENTE?PROG
  +--> ?PR?PROG_COD_PARK?PROG
  +--> ?PR?PROG_TIEMPO_GRACIA?PROG
  +--> ?PR?PROG_SIN_COBRO?PROG
  +--> ?PR?PROG_DEBUG?PROG
  +--> ?PR?PROG_USE_LPR?PROG
  +--> ?PR?TIPO_PANTALLA?PROG
  +--> ?PR?PROG_TARJETA_AUTOMATICA_O_BOTON?PROG
  +--> ?PR?PROG_ANTIPASSBACK?PROG
  +--> ?PR?PROG_PLACA?PROG
  +--> ?PR?PROG_ADDRESS_HIGH_BOARD?PROG
  +--> ?PR?PROG_HORARIOS?PROG
  +--> ?PR?PROG_VALIDAR_TIPO_VEHICULO_MENSUA...
  +--> ?PR?PROG_APB_MENSUAL?PROG
  +--> ?PR?SHOW?PROG
  +--> ?PR?PROG_FECHA_VENCIMIENTO?PROG

?PR?PRINTF?PRINTF                                0020H.0  0001H.1    0008H    0005H      0076H    0030H
BL51 BANKED LINKER/LOCATER V6.22.2.0                                                  07/21/2020  12:52:08  PAGE 8


  +--> ?PR?_PUTCHAR?MAIN

?PR?_PUTCHAR?MAIN                                -----    -----      -----    -----      00A6H    0003H
  +--> ?PR?_COM_PUTCHAR?UART

?PR?_COM_PUTCHAR?UART                            -----    -----      -----    -----      00A9H    0001H
  +--> ?PR?COM_TBUFLEN?UART

?PR?_RD_EEPROM?EEPROM                            -----    -----      -----    -----      -----    -----
  +--> ?PR?START?EEPROM
  +--> ?PR?ACK_LECT?EEPROM
  +--> ?PR?_E_D_M?EEPROM
  +--> ?PR?ACKD?EEPROM
  +--> ?PR?L_D_M?EEPROM
  +--> ?PR?STOP?EEPROM

?PR?ACK_LECT?EEPROM                              -----    -----      -----    -----      -----    -----
  +--> ?PR?_E_D_M?EEPROM

?PR?_E_D_M?EEPROM                                -----    -----      -----    -----      -----    -----
  +--> ?PR?P_ME?EEPROM

?PR?ACKD?EEPROM                                  -----    -----      -----    -----      -----    -----
  +--> ?PR?_E_D_M?EEPROM

?PR?FIRST_CLAVE?PROG                             -----    -----      -----    -----      0047H    000BH
  +--> ?PR?_BLOCK_READ_CLOCK_ASCII?CLOCK
  +--> ?PR?_HASH_ID?PROG
  +--> ?PR?_ESCRIBIRMEMORIA?EEPROM

?PR?_BLOCK_READ_CLOCK_ASCII?CLOCK                -----    -----      -----    -----      0052H    0003H
  +--> ?PR?_LEE_CLK?CLOCK

?PR?_LEE_CLK?CLOCK                               -----    -----      -----    -----      00B2H    0003H
  +--> ?PR?_DELAY_20US?DELAY
  +--> ?PR?_EB_CLK?CLOCK
  +--> ?PR?P_CK?CLOCK

?PR?_EB_CLK?CLOCK                                -----    -----      -----    -----      00B5H    0003H
  +--> ?PR?P_CK?CLOCK

?PR?P_CK?CLOCK                                   -----    -----      -----    -----      -----    -----
  +--> ?PR?DELAY?DELAY

?PR?_HASH_ID?PROG                                -----    -----      -----    -----      005EH    003FH
  +--> ?CO?PROG
  +--> ?PR?_LEERMEMORIA?EEPROM
  +--> ?PR?_CHECK_FECHAOUT?CLOCK
  +--> ?PR?_STRLEN?STRLEN

?PR?_LEERMEMORIA?EEPROM                          -----    -----      -----    -----      009DH    0005H
  +--> ?PR?_RD_EEPROM?EEPROM

?PR?_CHECK_FECHAOUT?CLOCK                        -----    -----      -----    -----      009DH    0012H
  +--> ?PR?_BLOCK_READ_CLOCK_HEX?CLOCK

?PR?_BLOCK_READ_CLOCK_HEX?CLOCK                  -----    -----      -----    -----      00AFH    0003H
BL51 BANKED LINKER/LOCATER V6.22.2.0                                                  07/21/2020  12:52:08  PAGE 9


  +--> ?PR?_LEE_CLK?CLOCK
  +--> ?PR?_BCD_HEX?CLOCK

?PR?_ESCRIBIRMEMORIA?EEPROM                      -----    -----      -----    -----      005EH    0005H
  +--> ?PR?_WR_EEPROM?EEPROM

?PR?_WR_EEPROM?EEPROM                            -----    -----      -----    -----      -----    -----
  +--> ?PR?START?EEPROM
  +--> ?PR?ACKD?EEPROM
  +--> ?PR?_E_D_M?EEPROM
  +--> ?PR?STOP?EEPROM
  +--> ?PR?_DELAY_1MS?DELAY
  +--> ?PR?_DELAY_20US?DELAY

?PR?_DELAY_1MS?DELAY                             -----    -----      -----    -----      -----    -----
  +--> ?PR?_DELAY_20US?DELAY

?PR?_INGRESADATO?PROG                            -----    -----      -----    -----      0072H    0004H
  +--> ?PR?_GETKEY?MAIN
  +--> ?CO?PROG
  +--> ?PR?PRINTF?PRINTF
  +--> ?PR?_PUTCHAR?MAIN

?PR?_GETKEY?MAIN                                 -----    -----      -----    -----      -----    -----
  +--> ?PR?COM_GETCHAR?UART

?PR?COM_GETCHAR?UART                             -----    -----      -----    -----      -----    -----
  +--> ?PR?COM_RBUFLEN?UART

?PR?_GETCMD?PROG                                 -----    -----      -----    -----      005EH    0007H
  +--> ?CO?PROG
  +--> ?PR?_STRTOK?STRTOK

?PR?_STRTOK?STRTOK                               -----    -----      -----    -----      0065H    0006H
  +--> ?PR?_STRSPN?STRSPN
  +--> ?PR?_STRPBRK?STRPBRK

?PR?_STRSPN?STRSPN                               -----    -----      -----    -----      006BH    0008H

?PR?_STRPBRK?STRPBRK                             -----    -----      -----    -----      006BH    0009H

?PR?_VALIDARCLAVE?PROG                           -----    -----      -----    -----      005EH    000EH

?PR?DISPLAYCURSOR?PROG                           -----    -----      -----    -----      -----    -----
  +--> ?CO?PROG
  +--> ?PR?PRINTF?PRINTF

?PR?_GETOPTION?PROG                              -----    -----      -----    -----      0047H    000BH
  +--> ?CO?PROG
  +--> ?PR?_STRTOK?STRTOK

?PR?_STRCAT?STRCAT                               -----    -----      -----    -----      0047H    0009H

?PR?_LISTACOMANDOS?PROG                          -----    -----      -----    -----      0047H    0007H

?PR?PROG_ID_CLIENTE?PROG                         -----    -----      -----    -----      0047H    000CH
  +--> ?PR?_RD_EEPROM?EEPROM
BL51 BANKED LINKER/LOCATER V6.22.2.0                                                  07/21/2020  12:52:08  PAGE 10


  +--> ?CO?PROG
  +--> ?PR?PRINTF?PRINTF
  +--> ?PR?_INGRESADATO?PROG
  +--> ?PR?_ATOI?ATOI
  +--> ?PR?_WR_EEPROM?EEPROM

?PR?_ATOI?ATOI                                   0020H.0  0000H.1    -----    -----      0072H    0005H
  +--> ?PR?_ISSPACE?ISSPACE
  +--> ?PR?_ISDIGIT?ISDIGIT

?PR?PROG_COD_PARK?PROG                           -----    -----      -----    -----      0047H    000CH
  +--> ?PR?_RD_EEPROM?EEPROM
  +--> ?CO?PROG
  +--> ?PR?PRINTF?PRINTF
  +--> ?PR?_INGRESADATO?PROG
  +--> ?PR?_ATOI?ATOI
  +--> ?PR?_WR_EEPROM?EEPROM

?PR?PROG_TIEMPO_GRACIA?PROG                      -----    -----      -----    -----      0047H    000CH
  +--> ?PR?_RD_EEPROM?EEPROM
  +--> ?CO?PROG
  +--> ?PR?PRINTF?PRINTF
  +--> ?PR?_INGRESADATO?PROG
  +--> ?PR?_ATOI?ATOI
  +--> ?PR?_WR_EEPROM?EEPROM

?PR?PROG_SIN_COBRO?PROG                          -----    -----      -----    -----      0047H    000CH
  +--> ?PR?_RD_EEPROM?EEPROM
  +--> ?CO?PROG
  +--> ?PR?PRINTF?PRINTF
  +--> ?PR?_INGRESADATO?PROG
  +--> ?PR?_ATOI?ATOI
  +--> ?PR?_WR_EEPROM?EEPROM

?PR?PROG_DEBUG?PROG                              -----    -----      -----    -----      0047H    000CH
  +--> ?PR?_RD_EEPROM?EEPROM
  +--> ?CO?PROG
  +--> ?PR?PRINTF?PRINTF
  +--> ?PR?_INGRESADATO?PROG
  +--> ?PR?_ATOI?ATOI
  +--> ?PR?_WR_EEPROM?EEPROM

?PR?PROG_USE_LPR?PROG                            -----    -----      -----    -----      0047H    000CH
  +--> ?PR?_RD_EEPROM?EEPROM
  +--> ?CO?PROG
  +--> ?PR?PRINTF?PRINTF
  +--> ?PR?_INGRESADATO?PROG
  +--> ?PR?_ATOI?ATOI
  +--> ?PR?_WR_EEPROM?EEPROM

?PR?TIPO_PANTALLA?PROG                           -----    -----      -----    -----      0047H    000CH
  +--> ?PR?_RD_EEPROM?EEPROM
  +--> ?CO?PROG
  +--> ?PR?PRINTF?PRINTF
  +--> ?PR?_INGRESADATO?PROG
  +--> ?PR?_ATOI?ATOI
  +--> ?PR?_WR_EEPROM?EEPROM
BL51 BANKED LINKER/LOCATER V6.22.2.0                                                  07/21/2020  12:52:08  PAGE 11



?PR?PROG_TARJETA_AUTOMATICA_O_BOTON?PROG         -----    -----      -----    -----      0047H    000CH
  +--> ?PR?_RD_EEPROM?EEPROM
  +--> ?CO?PROG
  +--> ?PR?PRINTF?PRINTF
  +--> ?PR?_INGRESADATO?PROG
  +--> ?PR?_ATOI?ATOI
  +--> ?PR?_WR_EEPROM?EEPROM

?PR?PROG_ANTIPASSBACK?PROG                       -----    -----      -----    -----      0047H    000CH
  +--> ?PR?_RD_EEPROM?EEPROM
  +--> ?CO?PROG
  +--> ?PR?PRINTF?PRINTF
  +--> ?PR?_INGRESADATO?PROG
  +--> ?PR?_ATOI?ATOI
  +--> ?PR?_WR_EEPROM?EEPROM

?PR?PROG_PLACA?PROG                              -----    -----      -----    -----      0047H    000CH
  +--> ?PR?_RD_EEPROM?EEPROM
  +--> ?CO?PROG
  +--> ?PR?PRINTF?PRINTF
  +--> ?PR?_INGRESADATO?PROG
  +--> ?PR?_ATOI?ATOI
  +--> ?PR?_WR_EEPROM?EEPROM

?PR?PROG_ADDRESS_HIGH_BOARD?PROG                 -----    -----      -----    -----      0047H    000CH
  +--> ?PR?_RD_EEPROM?EEPROM
  +--> ?CO?PROG
  +--> ?PR?PRINTF?PRINTF
  +--> ?PR?_INGRESADATO?PROG
  +--> ?PR?_ATOI?ATOI
  +--> ?PR?_WR_EEPROM?EEPROM

?PR?PROG_HORARIOS?PROG                           -----    -----      -----    -----      0047H    001BH
  +--> ?PR?ADDR_HORARIOS?PROG
  +--> ?CO?PROG
  +--> ?PR?PRINTF?PRINTF
  +--> ?PR?_INGRESADATO?PROG
  +--> ?PR?_ATOI?ATOI
  +--> ?PR?_PROG_HORARIOS_ON_OFF?PROG
  +--> ?PR?_WR_EEPROM?EEPROM
  +--> ?PR?_PROG_HORARIO_DIAS?PROG
  +--> ?PR?_PROG_HORARIO_DESDE_HASTA?PROG
  +--> ?PR?_RD_EEPROM?EEPROM

?PR?ADDR_HORARIOS?PROG                           -----    -----      -----    -----      0062H    000BH

?PR?_PROG_HORARIOS_ON_OFF?PROG                   -----    -----      -----    -----      0062H    0010H
  +--> ?PR?_RD_EEPROM?EEPROM
  +--> ?CO?PROG
  +--> ?PR?PRINTF?PRINTF
  +--> ?PR?_INGRESADATO?PROG
  +--> ?PR?_ATOI?ATOI
  +--> ?PR?_WR_EEPROM?EEPROM

?PR?_PROG_HORARIO_DIAS?PROG                      -----    -----      -----    -----      0062H    000FH
  +--> ?CO?PROG
BL51 BANKED LINKER/LOCATER V6.22.2.0                                                  07/21/2020  12:52:08  PAGE 12


  +--> ?PR?PRINTF?PRINTF
  +--> ?PR?_INGRESADATO?PROG
  +--> ?PR?_WR_EEPROM?EEPROM
  +--> ?PR?_RD_EEPROM?EEPROM

?PR?_PROG_HORARIO_DESDE_HASTA?PROG               -----    -----      -----    -----      0062H    000CH
  +--> ?CO?PROG
  +--> ?PR?PRINTF?PRINTF
  +--> ?PR?_INGRESADATO?PROG
  +--> ?PR?_WR_EEPROM?EEPROM
  +--> ?PR?_RD_EEPROM?EEPROM

?PR?PROG_VALIDAR_TIPO_VEHICULO_MENSUA...         -----    -----      -----    -----      0047H    000CH
  +--> ?PR?_RD_EEPROM?EEPROM
  +--> ?CO?PROG
  +--> ?PR?PRINTF?PRINTF
  +--> ?PR?_INGRESADATO?PROG
  +--> ?PR?_ATOI?ATOI
  +--> ?PR?_WR_EEPROM?EEPROM

?PR?PROG_APB_MENSUAL?PROG                        -----    -----      -----    -----      0047H    000CH
  +--> ?PR?_RD_EEPROM?EEPROM
  +--> ?CO?PROG
  +--> ?PR?PRINTF?PRINTF
  +--> ?PR?_INGRESADATO?PROG
  +--> ?PR?_ATOI?ATOI
  +--> ?PR?_WR_EEPROM?EEPROM

?PR?SHOW?PROG                                    -----    -----      -----    -----      -----    -----
  +--> ?CO?PROG
  +--> ?PR?PRINTF?PRINTF

?PR?PROG_FECHA_VENCIMIENTO?PROG                  -----    -----      -----    -----      0047H    0017H
  +--> ?PR?_LEERMEMORIA?EEPROM
  +--> ?PR?_HEX_ASCII?CLOCK
  +--> ?CO?PROG
  +--> ?PR?PRINTF?PRINTF
  +--> ?PR?_HASH_ID?PROG
  +--> ?PR?_INGRESADATO?PROG
  +--> ?PR?_GETCMD?PROG
  +--> ?PR?_ESCRIBIRMEMORIA?EEPROM
  +--> ?PR?_VALIDARCLAVE?PROG
  +--> ?PR?_ATOI?ATOI
  +--> ?PR?_WR_EEPROM?EEPROM

?PR?_HEX_ASCII?CLOCK                             -----    -----      -----    -----      005EH    0006H
  +--> ?PR?_HEX_BCD?CLOCK

?PR?VARIABLE_INICIO?MAIN                         -----    -----      -----    -----      -----    -----
  +--> ?PR?_RD_EEPROM?EEPROM

?PR?SECUENCIA_INICIO_EXPEDIDOR?VERIFI...         -----    -----      -----    -----      0002H    0001H
  +--> ?PR?_INICIALIZA?LINTECH
  +--> ?PR?TRAMA_VALIDACION_P_N?VERIFICADOR
  +--> ?CO?VERIFICADOR
  +--> ?PR?_DEBUG_TXT_TIBBO?TIBBO
  +--> ?PR?_DEBUGBUFFERMF?TIBBO
BL51 BANKED LINKER/LOCATER V6.22.2.0                                                  07/21/2020  12:52:08  PAGE 13


  +--> ?PR?DWLOAD_EEPROM?LINTECH

?PR?_INICIALIZA?LINTECH                          -----    -----      -----    -----      0003H    000CH
  +--> ?CO?LINTECH
  +--> ?PR?_DEBUG_TXT_TIBBO?TIBBO
  +--> ?PR?_DEBUGBUFFERMF?TIBBO
  +--> ?PR?_ESCRIBIRCADENASOFT_BUFFER?MAIN

?PR?_DEBUG_TXT_TIBBO?TIBBO                       -----    -----      -----    -----      0038H    0004H
  +--> ?PR?_DEBUG_CHR_TIBBO?TIBBO
  +--> ?CO?TIBBO
  +--> ?PR?_TX_AUX?TIBBO

?PR?_DEBUG_CHR_TIBBO?TIBBO                       -----    -----      -----    -----      -----    -----
  +--> ?PR?_TX_AUX?TIBBO

?PR?_DEBUGBUFFERMF?TIBBO                         -----    -----      -----    -----      0028H    0006H
  +--> ?CO?TIBBO
  +--> ?PR?_DEBUG_TXT_TIBBO?TIBBO
  +--> ?PR?_DEBUG_CHR_TIBBO?TIBBO
  +--> ?PR?_TX_AUX?TIBBO

?PR?_ESCRIBIRCADENASOFT_BUFFER?MAIN              -----    -----      -----    -----      0028H    0006H
  +--> ?PR?_PUTCHAR?MAIN

?PR?TRAMA_VALIDACION_P_N?VERIFICADOR             -----    -----      -----    -----      -----    -----
  +--> ?CO?VERIFICADOR
  +--> ?PR?_DEBUG_TXT_TIBBO?TIBBO

?PR?DWLOAD_EEPROM?LINTECH                        -----    -----      -----    -----      0003H    0016H
  +--> ?CO?LINTECH
  +--> ?PR?_DEBUG_TXT_TIBBO?TIBBO
  +--> ?PR?_DEBUGBUFFERMF?TIBBO
  +--> ?PR?_ESCRIBIRCADENASOFT_BUFFER?MAIN

?PR?RX_MONITOR?MONITOR                           -----    -----      -----    -----      0008H    000DH
  +--> ?PR?_RECIBE_CMD_MONITOR?MONITOR
  +--> ?PR?_DEBUG_MONITOR?TIBBO
  +--> ?PR?_VALIDA_TRAMA_MONITOR?MONITOR

?PR?_RECIBE_CMD_MONITOR?MONITOR                  -----    -----      -----    -----      0015H    0009H
  +--> ?PR?RX_DATA?TIBBO

?PR?RX_DATA?TIBBO                                -----    -----      -----    -----      -----    -----
  +--> ?PR?TIME_MBIT?TIBBO
  +--> ?PR?TIME_BIT?TIBBO

?PR?_DEBUG_MONITOR?TIBBO                         -----    -----      -----    -----      0015H    0004H
  +--> ?PR?DEBUG_DIVIDIR_TEXTO?TIBBO
  +--> ?CO?TIBBO
  +--> ?PR?_DEBUG_TXT_TIBBO?TIBBO

?PR?DEBUG_DIVIDIR_TEXTO?TIBBO                    -----    -----      -----    -----      -----    -----
  +--> ?CO?TIBBO
  +--> ?PR?_DEBUG_TXT_TIBBO?TIBBO

?PR?_VALIDA_TRAMA_MONITOR?MONITOR                -----    -----      -----    -----      0015H    0003H
BL51 BANKED LINKER/LOCATER V6.22.2.0                                                  07/21/2020  12:52:08  PAGE 14



?PR?_SECUENCIAEXPEDIDORMF?VERIFICADOR            -----    -----      -----    -----      0002H    0001H
  +--> ?PR?_CHECK_STATUS?LINTECH
  +--> ?PR?_LOAD_SECUENCIA_EXPEDIDOR?VERIFIC...
  +--> ?PR?_RTA_CMD_TRANSPORTE?VERIFICADOR
  +--> ?PR?RESPONDE_ESTADO_SENSORES_TRANSPOR...
  +--> ?PR?RESPONDE_TIPO_TARJETA?VERIFICADOR
  +--> ?PR?_RESPONDE_LECTURA_TARJETA_SECTOR1...
  +--> ?PR?_RESPONDE_LECTURA_TARJETA_SECTOR1...
  +--> ?PR?_RESPONDE_WRITE_TARJETA_SECTOR1_B...
  +--> ?PR?_RESPONDE_WRITE_TARJETA_SECTOR2_B...
  +--> ?PR?_RESPONDE_WRITE_TARJETA_SECTOR1_B...
  +--> ?PR?DISPARO_LOCK_ENTRADA_VEHICULO?VER...
  +--> ?PR?_RESPUESTA_SEGUNDA_CLAVE?VERIFICADOR
  +--> ?PR?ANALIZA_PRESENCIA_MENSUAL?VERIFIC...
  +--> ?PR?_ANALIZA_UID_CARD?VERIFICADOR
  +--> ?CO?VERIFICADOR
  +--> ?PR?_DEBUG_TXT_TIBBO?TIBBO
  +--> ?PR?_MOV_CARD?LINTECH
  +--> ?PR?_CARD_INSERCION?LINTECH
  +--> ?PR?AUT_CARD_CHECK_STATUS?LINTECH
  +--> ?PR?LOADVERIFY_EEPROM?LINTECH
  +--> ?PR?_RD_MF?LINTECH
  +--> ?PR?_WR_MF?LINTECH
  +--> ?PR?DWLOAD_EEPROM?LINTECH
  +--> ?PR?ENTREGA_CARD_CAPTURA?VERIFICADOR
  +--> ?PR?_SEND_PTO_PARALELO?VERIFICADOR
  +--> ?PR?_WAIT_PLACA?VERIFICADOR
  +--> ?PR?UNIQUE_IDENTIFIER_UID?LINTECH
  +--> ?PR?_PREGUNTA_LPR?VERIFICADOR
  +--> ?PR?_VALIDA_TIPO_TARJETA?VERIFICADOR
  +--> ?PR?ANALIZA_PRESENCIA_ROTACION?VERIFI...
  +--> ?PR?POWER_OFF?LINTECH

?PR?_CHECK_STATUS?LINTECH                        -----    -----      -----    -----      0003H    000BH
  +--> ?CO?LINTECH
  +--> ?PR?_DEBUG_TXT_TIBBO?TIBBO
  +--> ?PR?_DEBUGBUFFERMF?TIBBO
  +--> ?PR?_ESCRIBIRCADENASOFT_BUFFER?MAIN

?PR?_LOAD_SECUENCIA_EXPEDIDOR?VERIFIC...         -----    -----      -----    -----      0008H    0009H

?PR?_RTA_CMD_TRANSPORTE?VERIFICADOR              -----    -----      -----    -----      0003H    0005H
  +--> ?PR?TRAMA_VALIDACION_P_N?VERIFICADOR
  +--> ?CO?VERIFICADOR
  +--> ?PR?_DEBUG_TXT_TIBBO?TIBBO
  +--> ?PR?_DEBUGBUFFERMF?TIBBO
  +--> ?PR?ERROR_RX_PTO?VERIFICADOR

?PR?ERROR_RX_PTO?VERIFICADOR                     -----    -----      -----    -----      0008H    0001H
  +--> ?CO?VERIFICADOR
  +--> ?PR?_DEBUG_TXT_TIBBO?TIBBO
  +--> ?PR?_DEBUG_CHR_TIBBO?TIBBO
  +--> ?PR?_DELAY_10MS?DELAY

?PR?_DELAY_10MS?DELAY                            -----    -----      -----    -----      0009H    0004H
  +--> ?PR?_DELAY_1MS?DELAY
BL51 BANKED LINKER/LOCATER V6.22.2.0                                                  07/21/2020  12:52:08  PAGE 15



?PR?RESPONDE_ESTADO_SENSORES_TRANSPOR...         -----    -----      -----    -----      0003H    0001H
  +--> ?CO?VERIFICADOR
  +--> ?PR?_DEBUG_TXT_TIBBO?TIBBO
  +--> ?PR?_SEND_PORTERR?PTO_PARALELO
  +--> ?PR?INGRESO_VEHICULO?VERIFICADOR

?PR?_SEND_PORTERR?PTO_PARALELO                   -----    -----      -----    -----      002BH    0006H
  +--> ?PR?PULSO_BUS?PTO_PARALELO
  +--> ?PR?_DELAY_20US?DELAY

?PR?PULSO_BUS?PTO_PARALELO                       -----    -----      -----    -----      -----    -----
  +--> ?PR?_DELAY_20US?DELAY

?PR?INGRESO_VEHICULO?VERIFICADOR                 -----    -----      -----    -----      -----    -----
  +--> ?PR?VALIDASENSORESPASO?IO_SENSORES
  +--> ?PR?_RD_EEPROM?EEPROM
  +--> ?CO?VERIFICADOR
  +--> ?PR?_DEBUG_TXT_TIBBO?TIBBO
  +--> ?PR?_PANTALLALCD?PANTALLAS
  +--> ?PR?SEL_PULSA?IO_SENSORES

?PR?VALIDASENSORESPASO?IO_SENSORES               -----    -----      -----    -----      0011H    0001H
  +--> ?PR?SEL_SENSOR2?IO_SENSORES
  +--> ?PR?VALIDASENSOR?IO_SENSORES
  +--> ?PR?VALIDA_SENSOR1_AUTO?IO_SENSORES
  +--> ?CO?IO_SENSORES
  +--> ?PR?_DEBUG_TXT_TIBBO?TIBBO

?PR?VALIDA_SENSOR1_AUTO?IO_SENSORES              -----    -----      -----    -----      0012H    0001H
  +--> ?PR?SEL_SENSOR1?IO_SENSORES
  +--> ?PR?SEL_AUTO?IO_SENSORES
  +--> ?CO?IO_SENSORES
  +--> ?PR?_DEBUG_TXT_TIBBO?TIBBO

?PR?_PANTALLALCD?PANTALLAS                       -----    -----      -----    -----      002BH    0008H
  +--> ?CO?PANTALLAS
  +--> ?PR?_LCD_TXT?PANTALLAS
  +--> ?PR?_STRLEN?STRLEN
  +--> ?PR?_TX_CHRLCD?PANTALLAS
  +--> ?PR?_RASPBERRY_DATA?PANTALLAS

?PR?_LCD_TXT?PANTALLAS                           -----    -----      -----    -----      0046H    0005H
  +--> ?PR?_TX_CHRLCD?PANTALLAS

?PR?_TX_CHRLCD?PANTALLAS                         -----    -----      -----    -----      004BH    0002H
  +--> ?PR?_PUTCHAR?MAIN

?PR?_RASPBERRY_DATA?PANTALLAS                    -----    -----      -----    -----      0046H    0005H
  +--> ?PR?_STRLEN?STRLEN
  +--> ?PR?_PUTCHAR?MAIN

?PR?RESPONDE_TIPO_TARJETA?VERIFICADOR            -----    -----      -----    -----      0003H    0001H
  +--> ?CO?VERIFICADOR
  +--> ?PR?_DEBUG_TXT_TIBBO?TIBBO
  +--> ?PR?_SEND_PORTERR?PTO_PARALELO
  +--> ?PR?_PANTALLALCD?PANTALLAS
BL51 BANKED LINKER/LOCATER V6.22.2.0                                                  07/21/2020  12:52:08  PAGE 16


  +--> ?PR?CAPTURA_EXPULSA?VERIFICADOR

?PR?_RESPONDE_LECTURA_TARJETA_SECTOR1...         -----    -----      -----    -----      0003H    0016H
  +--> ?CO?VERIFICADOR
  +--> ?PR?_DEBUG_TXT_TIBBO?TIBBO
  +--> ?PR?_DEBUGBUFFERMF?TIBBO
  +--> ?PR?_RD_EEPROM?EEPROM
  +--> ?PR?_DEBUG_HEXDEC?TIBBO
  +--> ?PR?_DEBUG_CHR_TIBBO?TIBBO
  +--> ?PR?_SEND_PORTERR?PTO_PARALELO
  +--> ?PR?_PANTALLALCD?PANTALLAS
  +--> ?PR?CAPTURA_EXPULSA?VERIFICADOR

?PR?_DEBUG_HEXDEC?TIBBO                          -----    -----      -----    -----      0019H    0002H
  +--> ?PR?_TX_AUX?TIBBO

?PR?_RESPONDE_LECTURA_TARJETA_SECTOR1...         -----    -----      -----    -----      0003H    0015H
  +--> ?CO?VERIFICADOR
  +--> ?PR?_DEBUG_TXT_TIBBO?TIBBO
  +--> ?PR?_DEBUGBUFFERMF?TIBBO
  +--> ?PR?_DEBUG_CHR_TIBBO?TIBBO
  +--> ?PR?CAPTURA_EXPULSA?VERIFICADOR

?PR?_RESPONDE_WRITE_TARJETA_SECTOR1_B...         -----    -----      -----    -----      0003H    0007H
  +--> ?CO?VERIFICADOR
  +--> ?PR?_DEBUG_TXT_TIBBO?TIBBO
  +--> ?PR?_DEBUGBUFFERMF?TIBBO
  +--> ?PR?_ARMAR_TRAMA_TARJETA_SECTOR1_BLOQ...

?PR?_ARMAR_TRAMA_TARJETA_SECTOR1_BLOQ...         -----    -----      -----    -----      000AH    0003H
  +--> ?PR?LEE_NO_TICKET?EEPROM

?PR?LEE_NO_TICKET?EEPROM                         -----    -----      -----    -----      000DH    000BH
  +--> ?PR?READ_EEPROM_TICKET?EEPROM
  +--> ?CO?EEPROM
  +--> ?PR?PRINTF?PRINTF
  +--> ?PR?_DEBUG_TXT_TIBBO?TIBBO

?PR?READ_EEPROM_TICKET?EEPROM                    -----    -----      -----    -----      0018H    0007H
  +--> ?PR?_RD_EEPROM?EEPROM

?PR?_RESPONDE_WRITE_TARJETA_SECTOR2_B...         -----    -----      -----    -----      0003H    0003H
  +--> ?CO?VERIFICADOR
  +--> ?PR?_DEBUG_TXT_TIBBO?TIBBO
  +--> ?PR?_DEBUGBUFFERMF?TIBBO

?PR?_RESPONDE_WRITE_TARJETA_SECTOR1_B...         -----    -----      -----    -----      0003H    0003H
  +--> ?CO?VERIFICADOR
  +--> ?PR?_DEBUG_TXT_TIBBO?TIBBO
  +--> ?PR?_DEBUGBUFFERMF?TIBBO

?PR?DISPARO_LOCK_ENTRADA_VEHICULO?VER...         -----    -----      -----    -----      0003H    0001H
  +--> ?CO?VERIFICADOR
  +--> ?PR?_DEBUG_TXT_TIBBO?TIBBO
  +--> ?PR?_PANTALLALCD?PANTALLAS
  +--> ?PR?_SEND_PORTERR?PTO_PARALELO
  +--> ?PR?VALIDA_SENSOR1_AUTO?IO_SENSORES
BL51 BANKED LINKER/LOCATER V6.22.2.0                                                  07/21/2020  12:52:08  PAGE 17



?PR?_RESPUESTA_SEGUNDA_CLAVE?VERIFICADOR         -----    -----      -----    -----      0003H    0006H
  +--> ?CO?VERIFICADOR
  +--> ?PR?_DEBUG_TXT_TIBBO?TIBBO
  +--> ?PR?_DEBUGBUFFERMF?TIBBO
  +--> ?PR?_ARMAR_TRAMA_PLACA?VERIFICADOR

?PR?_ARMAR_TRAMA_PLACA?VERIFICADOR               -----    -----      -----    -----      0009H    0003H

?PR?ANALIZA_PRESENCIA_MENSUAL?VERIFIC...         -----    -----      -----    -----      0003H    0001H
  +--> ?PR?VALIDASENSORESPASO?IO_SENSORES
  +--> ?PR?_SEND_PORTERR?PTO_PARALELO
  +--> ?PR?_PANTALLALCD?PANTALLAS

?PR?_ANALIZA_UID_CARD?VERIFICADOR                -----    -----      -----    -----      0003H    0015H
  +--> ?CO?VERIFICADOR
  +--> ?PR?_DEBUG_TXT_TIBBO?TIBBO
  +--> ?PR?_DEBUGBUFFERMF?TIBBO
  +--> ?PR?_DEBUG_CHR_TIBBO?TIBBO

?PR?_MOV_CARD?LINTECH                            -----    -----      -----    -----      0003H    000CH
  +--> ?CO?LINTECH
  +--> ?PR?_DEBUG_TXT_TIBBO?TIBBO
  +--> ?PR?_DEBUGBUFFERMF?TIBBO
  +--> ?PR?_ESCRIBIRCADENASOFT_BUFFER?MAIN

?PR?_CARD_INSERCION?LINTECH                      -----    -----      -----    -----      0003H    000AH
  +--> ?CO?LINTECH
  +--> ?PR?_DEBUG_TXT_TIBBO?TIBBO
  +--> ?PR?_DEBUGBUFFERMF?TIBBO
  +--> ?PR?_ESCRIBIRCADENASOFT_BUFFER?MAIN

?PR?AUT_CARD_CHECK_STATUS?LINTECH                -----    -----      -----    -----      0003H    000BH
  +--> ?CO?LINTECH
  +--> ?PR?_DEBUG_TXT_TIBBO?TIBBO
  +--> ?PR?_DEBUGBUFFERMF?TIBBO
  +--> ?PR?_ESCRIBIRCADENASOFT_BUFFER?MAIN

?PR?LOADVERIFY_EEPROM?LINTECH                    -----    -----      -----    -----      0003H    0010H
  +--> ?CO?LINTECH
  +--> ?PR?_DEBUG_TXT_TIBBO?TIBBO
  +--> ?PR?_DEBUGBUFFERMF?TIBBO
  +--> ?PR?_ESCRIBIRCADENASOFT_BUFFER?MAIN

?PR?_RD_MF?LINTECH                               -----    -----      -----    -----      0003H    0012H
  +--> ?CO?LINTECH
  +--> ?PR?_DEBUG_TXT_TIBBO?TIBBO
  +--> ?PR?_DEBUG_CHR_TIBBO?TIBBO
  +--> ?PR?_DEBUGBUFFERMF?TIBBO
  +--> ?PR?_ESCRIBIRCADENASOFT_BUFFER?MAIN

?PR?_WR_MF?LINTECH                               -----    -----      -----    -----      0003H    0025H
  +--> ?CO?LINTECH
  +--> ?PR?_DEBUG_TXT_TIBBO?TIBBO
  +--> ?PR?_DEBUG_CHR_TIBBO?TIBBO
  +--> ?PR?_DEBUGBUFFERMF?TIBBO
  +--> ?PR?_ESCRIBIRCADENASOFT_BUFFER?MAIN
BL51 BANKED LINKER/LOCATER V6.22.2.0                                                  07/21/2020  12:52:08  PAGE 18



?PR?ENTREGA_CARD_CAPTURA?VERIFICADOR             -----    -----      -----    -----      0003H    0001H
  +--> ?CO?VERIFICADOR
  +--> ?PR?_DEBUG_TXT_TIBBO?TIBBO
  +--> ?PR?SEL_SENSOR2?IO_SENSORES
  +--> ?PR?VALIDASENSOR?IO_SENSORES
  +--> ?PR?VALIDA_SENSOR1_AUTO?IO_SENSORES

?PR?_SEND_PTO_PARALELO?VERIFICADOR               -----    -----      -----    -----      0003H    0003H
  +--> ?PR?_ARMAR_TRAMA_PTO_PARALELO_EXPEDID...
  +--> ?PR?ARMAR_TRAMA_PTO_PARALELO_EXPEDIDO...
  +--> ?PR?INCREMENTE_TICKET?EEPROM
  +--> ?PR?_STRLEN?STRLEN
  +--> ?PR?_SEND_PORT?PTO_PARALELO
  +--> ?CO?VERIFICADOR
  +--> ?PR?_DEBUG_TXT_TIBBO?TIBBO
  +--> ?PR?_DEBUGBUFFERMF?TIBBO
  +--> ?PR?CLEAR_PLACA?MONITOR

?PR?_ARMAR_TRAMA_PTO_PARALELO_EXPEDID...         -----    -----      -----    -----      0006H    0003H
  +--> ?PR?_BLOCK_READ_CLOCK_HEX?CLOCK
  +--> ?PR?_RD_EEPROM?EEPROM

?PR?ARMAR_TRAMA_PTO_PARALELO_EXPEDIDO...         -----    -----      -----    -----      0006H    0001H
  +--> ?PR?LEE_NO_TICKET?EEPROM
  +--> ?PR?_STRLEN?STRLEN
  +--> ?PR?_STRCAT?STRCAT
  +--> ?PR?_BLOCK_READ_CLOCK_HEX?CLOCK
  +--> ?PR?_RD_EEPROM?EEPROM

?PR?INCREMENTE_TICKET?EEPROM                     -----    -----      -----    -----      0006H    000BH
  +--> ?PR?READ_EEPROM_TICKET?EEPROM
  +--> ?CO?EEPROM
  +--> ?PR?PRINTF?PRINTF
  +--> ?PR?_WRITE_EEPROM_TICKET?EEPROM

?PR?_WRITE_EEPROM_TICKET?EEPROM                  -----    -----      -----    -----      0016H    000BH
  +--> ?CO?EEPROM
  +--> ?PR?_DEBUG_TXT_TIBBO?TIBBO
  +--> ?PR?_ATOL?ATOL
  +--> ?PR?_DEBUG_CHR_TIBBO?TIBBO
  +--> ?PR?_WR_EEPROM?EEPROM

?PR?_ATOL?ATOL                                   0020H.0  0000H.1    -----    -----      0021H    0007H
  +--> ?PR?_ISSPACE?ISSPACE
  +--> ?PR?_ISDIGIT?ISDIGIT

?PR?_SEND_PORT?PTO_PARALELO                      -----    -----      -----    -----      0016H    000AH
  +--> ?PR?PULSO_BUS?PTO_PARALELO
  +--> ?PR?_DELAY_20US?DELAY

?PR?_WAIT_PLACA?VERIFICADOR                      -----    -----      -----    -----      0003H    0005H
  +--> ?PR?RX_MONITOR?MONITOR
  +--> ?PR?CLAVE_SEGURIDAD_S2?LINTECH
  +--> ?PR?_LOAD_SECUENCIA_EXPEDIDOR?VERIFIC...

?PR?CLAVE_SEGURIDAD_S2?LINTECH                   -----    -----      -----    -----      0008H    0016H
BL51 BANKED LINKER/LOCATER V6.22.2.0                                                  07/21/2020  12:52:08  PAGE 19


  +--> ?CO?LINTECH
  +--> ?PR?_DEBUG_TXT_TIBBO?TIBBO
  +--> ?PR?_DEBUGBUFFERMF?TIBBO
  +--> ?PR?_ESCRIBIRCADENASOFT_BUFFER?MAIN

?PR?UNIQUE_IDENTIFIER_UID?LINTECH                -----    -----      -----    -----      0003H    000BH
  +--> ?CO?LINTECH
  +--> ?PR?_DEBUG_TXT_TIBBO?TIBBO
  +--> ?PR?_DEBUGBUFFERMF?TIBBO
  +--> ?PR?_ESCRIBIRCADENASOFT_BUFFER?MAIN

?PR?_PREGUNTA_LPR?VERIFICADOR                    -----    -----      -----    -----      0003H    0004H
  +--> ?PR?_RD_EEPROM?EEPROM
  +--> ?PR?_ARMAR_TRAMA_MONITOR?VERIFICADOR
  +--> ?PR?_DEBUG_TXT_TIBBO?TIBBO

?PR?_ARMAR_TRAMA_MONITOR?VERIFICADOR             -----    -----      -----    -----      0007H    0004H
  +--> ?PR?DIR_BOARD?IO_SENSORES
  +--> ?PR?LEE_NO_TICKET?EEPROM
  +--> ?PR?_STRCAT?STRCAT
  +--> ?PR?_BYTEHEX_DECIMAL?CLOCK
  +--> ?PR?_STRLEN?STRLEN
  +--> ?PR?_TWO_BYTEHEX_DECIMAL?CLOCK
  +--> ?PR?_BLOCK_READ_CLOCK_ASCII?CLOCK

?PR?DIR_BOARD?IO_SENSORES                        -----    -----      -----    -----      0033H    0001H
  +--> ?PR?SEL_DIR1?IO_SENSORES
  +--> ?PR?SEL_DIR2?IO_SENSORES
  +--> ?PR?_RD_EEPROM?EEPROM

?PR?_BYTEHEX_DECIMAL?CLOCK                       -----    -----      -----    -----      0011H    0001H

?PR?_TWO_BYTEHEX_DECIMAL?CLOCK                   -----    -----      -----    -----      0011H    000CH
  +--> ?PR?_POW?POW

?PR?_POW?POW                                     -----    -----      -----    -----      001DH    000AH
  +--> ?PR?LOG?LOG
  +--> ?PR?EXP?EXP

?PR?LOG?LOG                                      0020H.0  0000H.1    -----    -----      0027H    0004H

?PR?_VALIDA_TIPO_TARJETA?VERIFICADOR             -----    -----      -----    -----      0003H    0007H
  +--> ?CO?VERIFICADOR
  +--> ?PR?_DEBUG_TXT_TIBBO?TIBBO
  +--> ?PR?_RD_EEPROM?EEPROM
  +--> ?PR?_SEND_PORTERR?PTO_PARALELO
  +--> ?PR?_TARJETA_MENSUAL?VERIFICADOR
  +--> ?PR?_PANTALLALCD?PANTALLAS
  +--> ?PR?CAPTURA_EXPULSA?VERIFICADOR
  +--> ?PR?_TARJETA_ROTACION?VERIFICADOR

?PR?_TARJETA_MENSUAL?VERIFICADOR                 -----    -----      -----    -----      000AH    0007H
  +--> ?PR?_HORARIOS?VERIFICADOR
  +--> ?PR?_CHECK_FECHAOUT?CLOCK
  +--> ?PR?_VALIDA_VEHICULO_CARD_MENSUAL?VER...
  +--> ?PR?CAPTURA_EXPULSA?VERIFICADOR
  +--> ?CO?VERIFICADOR
BL51 BANKED LINKER/LOCATER V6.22.2.0                                                  07/21/2020  12:52:08  PAGE 20


  +--> ?PR?_DEBUG_TXT_TIBBO?TIBBO
  +--> ?PR?_ARMAR_TRAMA_TARJETA_SECTOR1_BLOQ...
  +--> ?PR?_SEND_PORTERR?PTO_PARALELO
  +--> ?PR?_PANTALLALCD?PANTALLAS

?PR?_HORARIOS?VERIFICADOR                        -----    -----      -----    -----      0011H    0013H
  +--> ?PR?ADDR_HORARIOS?PROG
  +--> ?PR?_RD_EEPROM?EEPROM
  +--> ?PR?_LEE_CLK?CLOCK
  +--> ?CO?VERIFICADOR
  +--> ?PR?_DEBUG_TXT_TIBBO?TIBBO
  +--> ?PR?_DEBUG_CHR_TIBBO?TIBBO
  +--> ?PR?_BLOQUE_HORARIO?VERIFICADOR
  +--> ?PR?_PANTALLALCD?PANTALLAS

?PR?_BLOQUE_HORARIO?VERIFICADOR                  -----    -----      -----    -----      0024H    0007H
  +--> ?CO?VERIFICADOR
  +--> ?PR?_DEBUG_TXT_TIBBO?TIBBO
  +--> ?PR?_LEE_CLK?CLOCK
  +--> ?PR?_DEBUG_CHR_TIBBO?TIBBO
  +--> ?PR?_HORA_MAXIMA?VERIFICADOR
  +--> ?PR?_EN_HORARIO?VERIFICADOR
  +--> ?PR?_RD_EEPROM?EEPROM
  +--> ?PR?_SEND_PORTERR?PTO_PARALELO
  +--> ?PR?_PANTALLALCD?PANTALLAS

?PR?_HORA_MAXIMA?VERIFICADOR                     -----    -----      -----    -----      0030H    0008H
  +--> ?PR?_RD_EEPROM?EEPROM
  +--> ?PR?_DEBUG_CHR_TIBBO?TIBBO
  +--> ?CO?VERIFICADOR
  +--> ?PR?_DEBUG_TXT_TIBBO?TIBBO

?PR?_EN_HORARIO?VERIFICADOR                      -----    -----      -----    -----      002BH    0005H
  +--> ?CO?VERIFICADOR
  +--> ?PR?_DEBUG_TXT_TIBBO?TIBBO
  +--> ?PR?_HORA_MAXIMA?VERIFICADOR

?PR?_VALIDA_VEHICULO_CARD_MENSUAL?VER...         -----    -----      -----    -----      0011H    0004H
  +--> ?CO?VERIFICADOR
  +--> ?PR?_DEBUG_TXT_TIBBO?TIBBO
  +--> ?PR?_RD_EEPROM?EEPROM
  +--> ?PR?_SEND_PORTERR?PTO_PARALELO

?PR?_ARMAR_TRAMA_TARJETA_SECTOR1_BLOQ...         -----    -----      -----    -----      0011H    0006H
  +--> ?PR?_BLOCK_READ_CLOCK_HEX?CLOCK
  +--> ?PR?DIR_BOARD?IO_SENSORES

?PR?_TARJETA_ROTACION?VERIFICADOR                -----    -----      -----    -----      000AH    0006H
  +--> ?PR?_ARMAR_TRAMA_TARJETA_SECTOR1_BLOQ...

?PR?ANALIZA_PRESENCIA_ROTACION?VERIFI...         -----    -----      -----    -----      0003H    0001H
  +--> ?PR?VALIDASENSORESPASO?IO_SENSORES
  +--> ?PR?_SEND_PORTERR?PTO_PARALELO
  +--> ?PR?_PANTALLALCD?PANTALLAS

?PR?POWER_OFF?LINTECH                            -----    -----      -----    -----      0003H    000BH
  +--> ?CO?LINTECH
BL51 BANKED LINKER/LOCATER V6.22.2.0                                                  07/21/2020  12:52:08  PAGE 21


  +--> ?PR?_DEBUG_TXT_TIBBO?TIBBO
  +--> ?PR?_DEBUGBUFFERMF?TIBBO
  +--> ?PR?_ESCRIBIRCADENASOFT_BUFFER?MAIN

?PR?_RECIBE_PORT?PTO_PARALELO                    -----    -----      -----    -----      0002H    0008H
  +--> ?PR?OFF_TIMER0_INTERRUP?MAIN
  +--> ?PR?ON_TIMER0_INTERRUP?MAIN

?PR?_DEBUG_PTO_PARALELO?TIBBO                    -----    -----      -----    -----      0002H    0004H
  +--> ?PR?DEBUG_DIVIDIR_TEXTO?TIBBO
  +--> ?CO?TIBBO
  +--> ?PR?_DEBUG_TXT_TIBBO?TIBBO
  +--> ?PR?_DEBUGBUFFERMF?TIBBO

?PR?_VALIDA_TRAMA_PTO?ACCESCAN                   -----    -----      -----    -----      0002H    000FH
  +--> ?PR?_VALIDAR_CLK?CLOCK
  +--> ?PR?_BLOCK_WRITE_CLOCK_ASCII?CLOCK
  +--> ?PR?RELOJ_PANTALLA_LCD?PANTALLAS
  +--> ?PR?_PANTALLALCD?PANTALLAS
  +--> ?CO?ACCESCAN
  +--> ?PR?_DEBUG_TXT_TIBBO?TIBBO
  +--> ?PR?_BYTEHEX_DECIMAL?CLOCK
  +--> ?PR?_TWO_BYTEHEX_DECIMAL?CLOCK
  +--> ?PR?VALIDASENSORESPASO?IO_SENSORES
  +--> ?PR?_CMD_LPR_SALIDA_WIEGAND?ACCESCAN
  +--> ?PR?_PANTALLALCD_LINEA_2?PANTALLAS
  +--> ?PR?_GRABA_SERIE?EEPROM

?PR?_BLOCK_WRITE_CLOCK_ASCII?CLOCK               -----    -----      -----    -----      0011H    0003H
  +--> ?PR?_TWO_ONE?CLOCK
  +--> ?PR?_WR_CLK?CLOCK

?PR?_WR_CLK?CLOCK                                -----    -----      -----    -----      0014H    0002H
  +--> ?PR?_DELAY_20US?DELAY
  +--> ?PR?_EB_CLK?CLOCK

?PR?RELOJ_PANTALLA_LCD?PANTALLAS                 -----    -----      -----    -----      0011H    000DH
  +--> ?CO?PANTALLAS
  +--> ?PR?_BLOCK_READ_CLOCK?CLOCK
  +--> ?PR?_LCD_TXT_NUM_CHAR?PANTALLAS
  +--> ?PR?_RASPBERRY_DATA?PANTALLAS

?PR?_BLOCK_READ_CLOCK?CLOCK                      -----    -----      -----    -----      001EH    0003H
  +--> ?PR?_LEE_CLK?CLOCK

?PR?_LCD_TXT_NUM_CHAR?PANTALLAS                  -----    -----      -----    -----      001EH    0006H
  +--> ?PR?_TX_CHRLCD?PANTALLAS

?PR?_CMD_LPR_SALIDA_WIEGAND?ACCESCAN             -----    -----      -----    -----      0011H    0022H
  +--> ?PR?DIR_BOARD?IO_SENSORES
  +--> ?PR?_BLOCK_READ_CLOCK_ASCII?CLOCK
  +--> ?PR?_MONITOR_CHR?ACCESCAN

?PR?_MONITOR_CHR?ACCESCAN                        -----    -----      -----    -----      0033H    0005H
  +--> ?PR?_TX_AUX?TIBBO

?PR?_PANTALLALCD_LINEA_2?PANTALLAS               -----    -----      -----    -----      0011H    0035H
BL51 BANKED LINKER/LOCATER V6.22.2.0                                                  07/21/2020  12:52:08  PAGE 22


  +--> ?CO?PANTALLAS
  +--> ?PR?_LCD_TXT?PANTALLAS
  +--> ?PR?_STRLEN?STRLEN
  +--> ?PR?_TX_CHRLCD?PANTALLAS
  +--> ?PR?_STRCAT?STRCAT
  +--> ?PR?_RASPBERRY_DATA?PANTALLAS

?PR?_GRABA_SERIE?EEPROM                          -----    -----      -----    -----      0011H    0005H
  +--> ?CO?EEPROM
  +--> ?PR?_DEBUG_TXT_TIBBO?TIBBO
  +--> ?PR?_WRITE_EEPROM_TICKET?EEPROM
  +--> ?PR?_WR_EEPROM?EEPROM

?PR?MSJ_LCD_INFORMATIVO?IO_SENSORES              -----    -----      -----    -----      0002H    0001H
  +--> ?PR?SEL_FUNCION?IO_SENSORES
  +--> ?PR?LOAD_AND_SEND_INFO_RELOJ?PTO_PARA...
  +--> ?PR?LOAD_AND_SEND_ID_COD?PTO_PARALELO
  +--> ?PR?_RD_EEPROM?EEPROM
  +--> ?PR?_SEND_PORTERR?PTO_PARALELO

?PR?LOAD_AND_SEND_INFO_RELOJ?PTO_PARA...         -----    -----      -----    -----      0003H    000BH
  +--> ?PR?_BLOCK_READ_CLOCK?CLOCK
  +--> ?PR?_LEE_CLK?CLOCK
  +--> ?PR?_SEND_PORT?PTO_PARALELO

?PR?LOAD_AND_SEND_ID_COD?PTO_PARALELO            -----    -----      -----    -----      0003H    0013H
  +--> ?PR?_RD_EEPROM?EEPROM
  +--> ?CO?PTO_PARALELO
  +--> ?PR?PRINTF?PRINTF
  +--> ?PR?_SEND_PORT?PTO_PARALELO



SYMBOL TABLE OF MODULE:  .\Objects\expedidor_v_01_raspberry (MAIN)

  VALUE           TYPE          NAME
  ----------------------------------

  -------         MODULE        MAIN
  C:0000H         SYMBOL        _ICE_DUMMY_
  D:0080H         PUBLIC        P0
  D:0090H         PUBLIC        P1
  C:9E7CH         PUBLIC        timer0_int
  D:00B0H         PUBLIC        P3
  B:00A8H.7       PUBLIC        EA
  C:A280H         PUBLIC        off_Timer0_Interrup
  X:0159H         PUBLIC        ValTimeOutCom
  X:015AH         PUBLIC        Buffer_Rta_Lintech
  X:018CH         PUBLIC        Timer_wait
  X:018DH         PUBLIC        g_cContByteRx
  B:0080H.0       PUBLIC        rx_ip
  B:0080H.3       PUBLIC        Atascado
  C:8AFBH         PUBLIC        main
  X:018EH         PUBLIC        Timer_tivo
  C:9613H         PUBLIC        variable_inicio
  B:0090H.7       PUBLIC        lock
  I:0022H         PUBLIC        rbuf
BL51 BANKED LINKER/LOCATER V6.22.2.0                                                  07/21/2020  12:52:08  PAGE 23


  C:A271H         PUBLIC        on_Timer0_Interrup
  I:0054H         PUBLIC        tbuf
  B:0090H.1       PUBLIC        DataIn
  D:0089H         PUBLIC        TMOD
  X:0190H         PUBLIC        USE_LPR
  X:0191H         PUBLIC        Debug_Tibbo
  X:0192H         PUBLIC        Raspberry
  X:0193H         PUBLIC        SIN_COBRO
  X:0195H         PUBLIC        Tipo_Vehiculo
  B:00B0H.3       PUBLIC        busy
  C:A1DCH         PUBLIC        ini_timer
  B:00A8H.1       PUBLIC        ET0
  B:0088H.5       PUBLIC        TF0
  D:008CH         PUBLIC        TH0
  X:0196H         PUBLIC        ACK
  X:0197H         PUBLIC        g_cEstadoComSoft
  D:008AH         PUBLIC        TL0
  B:0088H.4       PUBLIC        TR0
  C:A1ECH         PUBLIC        inicia_board
  X:0198H         PUBLIC        T_GRACIA
  B:0080H.7       PUBLIC        sel_com
  X:019AH         PUBLIC        STX_LINTECH
  C:A20BH         PUBLIC        _getkey
  X:019BH         PUBLIC        ETX
  C:9817H         PUBLIC        _EscribirCadenaSoft_buffer
  B:0021H.1       PUBLIC        buffer_ready
  C:9AF9H         PUBLIC        _putchar
  B:0021H.2       PUBLIC        placa_ready
  -------         PROC          TIMER0_INT
  C:9E7CH         LINE#         16
  C:9E82H         LINE#         19
  C:9E88H         LINE#         20
  C:9E8DH         LINE#         21
  C:9E8DH         LINE#         22
  C:9E93H         LINE#         23
  C:9E93H         LINE#         25
  C:9EA1H         LINE#         26
  C:9EA3H         LINE#         28
  -------         ENDPROC       TIMER0_INT
  -------         PROC          INI_TIMER
  C:A1DCH         LINE#         31
  C:A1DCH         LINE#         32
  C:A1DCH         LINE#         34
  C:A1E4H         LINE#         36
  C:A1E7H         LINE#         37
  C:A1E9H         LINE#         38
  C:A1EBH         LINE#         40
  -------         ENDPROC       INI_TIMER
  -------         PROC          ON_TIMER0_INTERRUP
  C:A271H         LINE#         43
  C:A271H         LINE#         44
  C:A271H         LINE#         45
  C:A273H         LINE#         46
  C:A275H         LINE#         48
  -------         ENDPROC       ON_TIMER0_INTERRUP
  -------         PROC          OFF_TIMER0_INTERRUP
  C:A280H         LINE#         51
BL51 BANKED LINKER/LOCATER V6.22.2.0                                                  07/21/2020  12:52:08  PAGE 24


  C:A280H         LINE#         52
  C:A280H         LINE#         53
  C:A282H         LINE#         55
  -------         ENDPROC       OFF_TIMER0_INTERRUP
  -------         PROC          _GETKEY
  -------         DO            
  D:0006H         SYMBOL        k
  -------         ENDDO         
  C:A20BH         LINE#         63
  C:A20BH         LINE#         64
  C:A20BH         LINE#         68
  C:A20BH         LINE#         69
  C:A20EH         LINE#         70
  C:A20EH         LINE#         71
  C:A216H         LINE#         73
  C:A216H         LINE#         74
  -------         ENDPROC       _GETKEY
  -------         PROC          _PUTCHAR
  X:00A6H         SYMBOL        c
  -------         DO            
  X:00A7H         SYMBOL        i
  -------         ENDDO         
  C:9AF9H         LINE#         78
  C:9AFEH         LINE#         79
  C:9AFEH         LINE#         82
  C:9B0DH         LINE#         83
  C:9B0DH         LINE#         84
  C:9B23H         LINE#         85
  C:9B23H         LINE#         87
  C:9B31H         LINE#         88
  C:9B31H         LINE#         90
  C:9B36H         LINE#         91
  -------         ENDPROC       _PUTCHAR
  -------         PROC          _ESCRIBIRCADENASOFT_BUFFER
  X:0028H         SYMBOL        buffer
  X:002BH         SYMBOL        tamano_cadena
  -------         DO            
  X:002CH         SYMBOL        i
  X:002DH         SYMBOL        d
  -------         ENDDO         
  C:9817H         LINE#         95
  C:9825H         LINE#         96
  C:9825H         LINE#         98
  C:9833H         LINE#         99
  C:9833H         LINE#         100
  C:984AH         LINE#         101
  C:9854H         LINE#         102
  C:985CH         LINE#         103
  -------         ENDPROC       _ESCRIBIRCADENASOFT_BUFFER
  -------         PROC          INICIA_BOARD
  C:A1ECH         LINE#         108
  C:A1ECH         LINE#         109
  C:A1ECH         LINE#         110
  C:A1EFH         LINE#         111
  C:A1F2H         LINE#         112
  C:A1F5H         LINE#         113
  C:A1F7H         LINE#         114
BL51 BANKED LINKER/LOCATER V6.22.2.0                                                  07/21/2020  12:52:08  PAGE 25


  C:A1F9H         LINE#         115
  C:A1FBH         LINE#         117
  -------         ENDPROC       INICIA_BOARD
  -------         PROC          VARIABLE_INICIO
  C:9613H         LINE#         122
  C:9613H         LINE#         123
  C:9613H         LINE#         126
  C:9624H         LINE#         127
  C:9635H         LINE#         128
  C:9643H         LINE#         129
  C:9651H         LINE#         130
  C:965FH         LINE#         132
  -------         ENDPROC       VARIABLE_INICIO
  -------         PROC          MAIN
  -------         DO            
  X:0131H         SYMBOL        buffer
  X:0000H         SYMBOL        Estado_Comunicacion_Secuencia_MF
  X:0001H         SYMBOL        Length_trama
  -------         ENDDO         
  C:8AFBH         LINE#         140
  C:8AFBH         LINE#         141
  C:8AFBH         LINE#         145
  C:8B00H         LINE#         149
  C:8B03H         LINE#         150
  C:8B06H         LINE#         151
  C:8B09H         LINE#         152
  C:8B0CH         LINE#         153
  C:8B0FH         LINE#         154
  C:8B11H         LINE#         156
  C:8B14H         LINE#         157
  C:8B1BH         LINE#         158
  C:8B1EH         LINE#         160
  C:8B23H         LINE#         162
  C:8B26H         LINE#         164
  C:8B29H         LINE#         165
  C:8B29H         LINE#         166
  C:8B2CH         LINE#         167
  C:8B2CH         LINE#         170
  C:8B2FH         LINE#         171
  C:8B35H         LINE#         172
  C:8B3BH         LINE#         174
  C:8B3BH         LINE#         175
  C:8B3BH         LINE#         178
  C:8B3EH         LINE#         179
  C:8B3EH         LINE#         180
  C:8B41H         LINE#         181
  C:8B41H         LINE#         185
  C:8B4EH         LINE#         190
  C:8B51H         LINE#         191
  C:8B51H         LINE#         193
  C:8B60H         LINE#         195
  C:8B69H         LINE#         197
  C:8B77H         LINE#         199
  C:8B77H         LINE#         200
  C:8B7AH         LINE#         204
  -------         ENDPROC       MAIN
  -------         ENDMOD        MAIN
BL51 BANKED LINKER/LOCATER V6.22.2.0                                                  07/21/2020  12:52:08  PAGE 26



  -------         MODULE        ACCESCAN
  C:0000H         SYMBOL        _ICE_DUMMY_
  D:0080H         PUBLIC        P0
  D:0090H         PUBLIC        P1
  B:0080H.2       PUBLIC        led_err_imp
  C:99F8H         PUBLIC        _Monitor_chr
  B:0080H.3       PUBLIC        Atascado
  B:0090H.7       PUBLIC        lock
  C:351AH         PUBLIC        _Valida_Trama_Pto
  C:6F2EH         PUBLIC        _Cmd_LPR_Salida_wiegand
  -------         PROC          _VALIDA_TRAMA_PTO
  X:0002H         SYMBOL        buffer
  X:0005H         SYMBOL        length_trama
  -------         DO            
  X:0204H         SYMBOL        cont
  X:0006H         SYMBOL        buff
  -------         ENDDO         
  C:351AH         LINE#         85
  C:3528H         LINE#         86
  C:3528H         LINE#         92
  C:355EH         LINE#         93
  C:355EH         LINE#         94
  C:3573H         LINE#         95
  C:3573H         LINE#         96
  C:3586H         LINE#         98
  C:3589H         LINE#         100
  C:3589H         LINE#         102
  C:3589H         LINE#         104
  C:359BH         LINE#         105
  C:359BH         LINE#         106
  C:35A1H         LINE#         107
  C:35AEH         LINE#         108
  C:35AEH         LINE#         109
  C:35B3H         LINE#         110
  C:35B5H         LINE#         111
  C:35BAH         LINE#         112
  C:35BCH         LINE#         113
  C:35BEH         LINE#         114
  C:35C2H         LINE#         115
  C:35C2H         LINE#         116
  C:35C3H         LINE#         118
  C:35DBH         LINE#         119
  C:35DBH         LINE#         121
  C:35E8H         LINE#         122
  C:35E8H         LINE#         123
  C:35EAH         LINE#         124
  C:35ECH         LINE#         125
  C:35EEH         LINE#         126
  C:35F0H         LINE#         127
  C:35F0H         LINE#         129
  C:3616H         LINE#         130
  C:3616H         LINE#         131
  C:361AH         LINE#         132
  C:361FH         LINE#         133
  C:3628H         LINE#         134
  C:362DH         LINE#         135
BL51 BANKED LINKER/LOCATER V6.22.2.0                                                  07/21/2020  12:52:08  PAGE 27


  C:362DH         LINE#         138
  C:362EH         LINE#         141
  C:3640H         LINE#         142
  C:3640H         LINE#         143
  C:3642H         LINE#         144
  C:3645H         LINE#         146
  C:3657H         LINE#         147
  C:3657H         LINE#         148
  C:3659H         LINE#         149
  C:365CH         LINE#         151
  C:3676H         LINE#         152
  C:3676H         LINE#         153
  C:3678H         LINE#         154
  C:367BH         LINE#         157
  C:3695H         LINE#         158
  C:3695H         LINE#         159
  C:3697H         LINE#         160
  C:3699H         LINE#         163
  C:36B3H         LINE#         164
  C:36B3H         LINE#         165
  C:36B5H         LINE#         166
  C:36B7H         LINE#         170
  C:36D1H         LINE#         171
  C:36D1H         LINE#         172
  C:36D3H         LINE#         173
  C:36D5H         LINE#         176
  C:36EFH         LINE#         177
  C:36EFH         LINE#         178
  C:36F1H         LINE#         179
  C:36F3H         LINE#         181
  C:370DH         LINE#         182
  C:370DH         LINE#         183
  C:3712H         LINE#         184
  C:3712H         LINE#         186
  C:3742H         LINE#         187
  C:3742H         LINE#         188
  C:3750H         LINE#         189
  C:3753H         LINE#         192
  C:3796H         LINE#         193
  C:3796H         LINE#         195
  C:37ABH         LINE#         196
  C:37B1H         LINE#         197
  C:37DBH         LINE#         200
  C:37E3H         LINE#         201
  C:37E3H         LINE#         204
  C:37EAH         LINE#         205
  C:37EAH         LINE#         206
  C:37EFH         LINE#         207
  C:37EFH         LINE#         208
  C:37F1H         LINE#         210
  C:37F1H         LINE#         211
  C:37FAH         LINE#         212
  C:3802H         LINE#         213
  C:3802H         LINE#         218
  C:3804H         LINE#         221
  C:3804H         LINE#         224
  C:380BH         LINE#         225
BL51 BANKED LINKER/LOCATER V6.22.2.0                                                  07/21/2020  12:52:08  PAGE 28


  C:380BH         LINE#         226
  C:3810H         LINE#         227
  C:3810H         LINE#         228
  C:381BH         LINE#         232
  C:381BH         LINE#         233
  C:381BH         LINE#         235
  C:3848H         LINE#         236
  C:3848H         LINE#         237
  C:3857H         LINE#         239
  C:3857H         LINE#         241
  -------         ENDPROC       _VALIDA_TRAMA_PTO
  -------         PROC          _MONITOR_CHR
  X:0033H         SYMBOL        str
  X:0036H         SYMBOL        num_char
  -------         DO            
  X:0037H         SYMBOL        j
  -------         ENDDO         
  C:99F8H         LINE#         396
  C:9A06H         LINE#         397
  C:9A06H         LINE#         399
  C:9A14H         LINE#         400
  C:9A14H         LINE#         401
  C:9A26H         LINE#         402
  C:9A30H         LINE#         403
  C:9A38H         LINE#         404
  -------         ENDPROC       _MONITOR_CHR
  -------         PROC          _CMD_LPR_SALIDA_WIEGAND
  X:0011H         SYMBOL        buffer
  -------         DO            
  X:0014H         SYMBOL        Buffer_Lpr
  X:0032H         SYMBOL        j
  -------         ENDDO         
  C:6F2EH         LINE#         409
  C:6F39H         LINE#         410
  C:6F39H         LINE#         412
  C:6F3FH         LINE#         413
  C:6F44H         LINE#         414
  C:6F4CH         LINE#         415
  C:6F50H         LINE#         416
  C:6F59H         LINE#         417
  C:6F59H         LINE#         418
  C:6F6AH         LINE#         419
  C:6F6CH         LINE#         421
  C:6F6CH         LINE#         422
  C:6F7DH         LINE#         423
  C:6F7DH         LINE#         427
  C:6F94H         LINE#         428
  C:6F94H         LINE#         429
  C:6FA3H         LINE#         430
  C:6FADH         LINE#         432
  C:6FB5H         LINE#         433
  C:6FC9H         LINE#         435
  C:6FD9H         LINE#         436
  C:6FEAH         LINE#         437
  C:6FF7H         LINE#         441
  -------         ENDPROC       _CMD_LPR_SALIDA_WIEGAND
  -------         ENDMOD        ACCESCAN
BL51 BANKED LINKER/LOCATER V6.22.2.0                                                  07/21/2020  12:52:08  PAGE 29



  -------         MODULE        CLOCK
  C:0000H         SYMBOL        _ICE_DUMMY_
  C:9A6DH         PUBLIC        _two_one
  D:0090H         PUBLIC        P1
  C:5DD3H         PUBLIC        _validar_clk
  C:9F00H         PUBLIC        _wr_clk
  C:726FH         PUBLIC        _check_fechaOut
  B:00D0H.7       PUBLIC        CY
  C:0003H         PUBLIC        p_ck
  C:83D9H         PUBLIC        _hex_ascii
  X:0205H         PUBLIC        data_clk
  C:A233H         PUBLIC        cond_ini_clock
  C:7338H         PUBLIC        _Block_read_Clock
  B:0090H.4       PUBLIC        sck
  C:7F87H         PUBLIC        _Block_read_Clock_Hex
  C:502AH         PUBLIC        _Block_read_clock_ascii
  C:9B53H         PUBLIC        _hex_bcd
  C:A0F3H         PUBLIC        _bcd_hex
  C:9347H         PUBLIC        _ByteHex_Decimal
  C:8596H         PUBLIC        _lee_clk
  B:0090H.5       PUBLIC        io
  C:873CH         PUBLIC        _Block_write_clock_ascii
  B:0090H.6       PUBLIC        rst
  C:9ABAH         PUBLIC        _eb_clk
  C:3858H         PUBLIC        _Two_ByteHex_Decimal
  -------         PROC          P_CK
  C:0003H         LINE#         46
  C:0003H         LINE#         47
  C:0003H         LINE#         48
  C:0005H         LINE#         49
  C:0008H         LINE#         50
  C:000AH         LINE#         51
  -------         ENDPROC       P_CK
  -------         PROC          _EB_CLK
  X:00B5H         SYMBOL        dir_clk
  -------         DO            
  X:00B6H         SYMBOL        nbits
  -------         ENDDO         
  C:9ABAH         LINE#         53
  C:9ABFH         LINE#         55
  C:9AC4H         LINE#         56
  C:9AC4H         LINE#         57
  C:9ACDH         LINE#         58
  C:9AD0H         LINE#         59
  C:9AD0H         LINE#         60
  C:9AD2H         LINE#         61
  C:9AD4H         LINE#         63
  C:9AD4H         LINE#         64
  C:9AD6H         LINE#         65
  C:9AD6H         LINE#         66
  C:9AD9H         LINE#         67
  C:9AF8H         LINE#         68
  -------         ENDPROC       _EB_CLK
  C:858CH         SYMBOL        L?0082
  -------         PROC          L?0081
  -------         ENDPROC       L?0081
BL51 BANKED LINKER/LOCATER V6.22.2.0                                                  07/21/2020  12:52:08  PAGE 30


  C:858CH         SYMBOL        L?0082
  -------         PROC          _LEE_CLK
  X:00B2H         SYMBOL        dir_clk
  -------         DO            
  X:00B3H         SYMBOL        nbits
  -------         ENDDO         
  C:8596H         LINE#         70
  C:859BH         LINE#         72
  C:859DH         LINE#         73
  C:85A4H         LINE#         74
  C:85ACH         LINE#         75
  C:85C5H         LINE#         76
  C:85C5H         LINE#         77
  C:85C8H         LINE#         78
  C:85C8H         LINE#         79
  C:85CFH         LINE#         80
  C:85D9H         LINE#         81
  C:85DEH         LINE#         82
  C:85DEH         LINE#         83
  C:85DEH         LINE#         84
  C:85E1H         LINE#         85
  C:85E1H         LINE#         86
  C:85E8H         LINE#         87
  C:85F9H         LINE#         88
  C:85F9H         LINE#         89
  C:8601H         LINE#         90
  C:8601H         LINE#         91
  C:8601H         LINE#         92
  C:8604H         LINE#         93
  C:8614H         LINE#         94
  C:8616H         LINE#         95
  C:861BH         LINE#         96
  -------         ENDPROC       _LEE_CLK
  -------         PROC          _WR_CLK
  X:0014H         SYMBOL        dir_clk
  X:0015H         SYMBOL        byte
  C:9F00H         LINE#         98
  C:9F08H         LINE#         99
  C:9F0AH         LINE#         100
  C:9F11H         LINE#         101
  C:9F19H         LINE#         102
  C:9F22H         LINE#         103
  C:9F25H         LINE#         104
  C:9F27H         LINE#         106
  -------         ENDPROC       _WR_CLK
  C:9A39H         SYMBOL        L?0077
  C:9A57H         SYMBOL        L?0078
  -------         PROC          L?0076
  -------         ENDPROC       L?0076
  C:9A39H         SYMBOL        L?0077
  C:9A57H         SYMBOL        L?0078
  -------         PROC          _TWO_ONE
  D:0007H         SYMBOL        byte_h
  D:0005H         SYMBOL        byte_l
  -------         DO            
  D:0007H         SYMBOL        byte_out
  -------         ENDDO         
BL51 BANKED LINKER/LOCATER V6.22.2.0                                                  07/21/2020  12:52:08  PAGE 31


  C:9A6DH         LINE#         108
  C:9A6DH         LINE#         109
  C:9A6DH         LINE#         111
  C:9A70H         LINE#         112
  C:9A74H         LINE#         113
  C:9A77H         LINE#         114
  C:9A79H         LINE#         115
  C:9A79H         LINE#         116
  -------         ENDPROC       _TWO_ONE
  -------         PROC          _VALIDAR_CLK
  D:0001H         SYMBOL        datos_clock
  -------         DO            
  D:0007H         SYMBOL        validador
  -------         ENDDO         
  C:5DD3H         LINE#         120
  C:5DD3H         LINE#         121
  C:5DD3H         LINE#         122
  C:5DD5H         LINE#         125
  C:5DEAH         LINE#         126
  C:5DEAH         LINE#         128
  C:5E02H         LINE#         129
  C:5E02H         LINE#         131
  C:5E1AH         LINE#         132
  C:5E1AH         LINE#         133
  C:5E32H         LINE#         134
  C:5E32H         LINE#         135
  C:5E4AH         LINE#         136
  C:5E4AH         LINE#         137
  C:5E5FH         LINE#         138
  C:5E5FH         LINE#         139
  C:5E71H         LINE#         140
  C:5E71H         LINE#         141
  C:5E83H         LINE#         142
  C:5E83H         LINE#         143
  C:5E95H         LINE#         144
  C:5E95H         LINE#         145
  C:5EA7H         LINE#         146
  C:5EA7H         LINE#         147
  C:5EB9H         LINE#         148
  C:5EB9H         LINE#         149
  C:5EC9H         LINE#         150
  C:5EC9H         LINE#         151
  C:5EC9H         LINE#         152
  C:5EC9H         LINE#         153
  C:5ECAH         LINE#         155
  C:5ECAH         LINE#         156
  C:5ECCH         LINE#         157
  C:5ECCH         LINE#         158
  C:5ECDH         LINE#         160
  C:5ECDH         LINE#         161
  C:5ECFH         LINE#         163
  C:5ECFH         LINE#         164
  C:5ED0H         LINE#         166
  C:5ED0H         LINE#         167
  C:5ED2H         LINE#         169
  C:5ED2H         LINE#         171
  C:5ED3H         LINE#         173
[...]
  C:5899H         LINE#         2092
  C:58ADH         LINE#         2093
  C:58B3H         LINE#         2094
  C:58B3H         LINE#         2095
  C:58B6H         LINE#         2096
  C:58B6H         LINE#         2102
  C:58B6H         LINE#         2104
  C:58B9H         LINE#         2105
  C:58BFH         LINE#         2109
  C:58C1H         LINE#         2110
  C:58C1H         LINE#         2120
  C:58C1H         LINE#         2122
  C:58CFH         LINE#         2123
  C:58CFH         LINE#         2124
  C:58DBH         LINE#         2125
  C:58DBH         LINE#         2126
  C:58E1H         LINE#         2127
  C:58E3H         LINE#         2128
  C:58EBH         LINE#         2129
  C:58EBH         LINE#         2130
  C:58F2H         LINE#         2131
  C:5906H         LINE#         2132
  C:5906H         LINE#         2133
  C:5908H         LINE#         2135
  C:5908H         LINE#         2136
  C:590FH         LINE#         2137
  C:5915H         LINE#         2138
  C:5915H         LINE#         2139
  C:5917H         LINE#         2141
  C:5917H         LINE#         2142
  C:5920H         LINE#         2143
  C:5934H         LINE#         2144
  C:5939H         LINE#         2145
  C:5939H         LINE#         2147
  C:593BH         LINE#         2148
  C:593BH         LINE#         2154
  C:593BH         LINE#         2156
  C:5941H         LINE#         2157
  C:5941H         LINE#         2160
  C:5941H         LINE#         2161
  C:5948H         LINE#         2162
BL51 BANKED LINKER/LOCATER V6.22.2.0                                                  07/21/2020  12:52:08  PAGE 118


  C:5948H         LINE#         2163
  C:5948H         LINE#         2164
  -------         ENDPROC       SECUENCIA_INICIO_EXPEDIDOR
  -------         PROC          _SECUENCIAEXPEDIDORMF
  X:0002H         SYMBOL        EstadoActivo
  -------         DO            
  X:010CH         SYMBOL        Buffer_Write_MF
  X:011DH         SYMBOL        Atributos_Expedidor
  X:012CH         SYMBOL        Secuencia_Expedidor
  -------         ENDDO         
  C:3103H         LINE#         2174
  C:3108H         LINE#         2175
  C:3108H         LINE#         2180
  C:315FH         LINE#         2181
  C:315FH         LINE#         2184
  C:315FH         LINE#         2186
  C:3175H         LINE#         2187
  C:3175H         LINE#         2188
  C:3177H         LINE#         2189
  C:3179H         LINE#         2190
  C:317EH         LINE#         2191
  C:3186H         LINE#         2192
  C:318BH         LINE#         2194
  C:318BH         LINE#         2196
  C:318EH         LINE#         2198
  C:318EH         LINE#         2200
  C:3197H         LINE#         2202
  C:319AH         LINE#         2209
  C:319AH         LINE#         2210
  C:31A0H         LINE#         2211
  C:31A6H         LINE#         2212
  C:31A6H         LINE#         2213
  C:31A9H         LINE#         2215
  C:31ACH         LINE#         2216
  C:31B4H         LINE#         2217
  C:31B4H         LINE#         2219
  C:31B7H         LINE#         2220
  C:31BAH         LINE#         2221
  C:31C2H         LINE#         2222
  C:31C2H         LINE#         2223
  C:31D0H         LINE#         2224
  C:31D0H         LINE#         2225
  C:31D9H         LINE#         2226
  C:31DCH         LINE#         2228
  C:31DCH         LINE#         2229
  C:31E5H         LINE#         2230
  C:31E5H         LINE#         2231
  C:31E8H         LINE#         2232
  C:31F0H         LINE#         2233
  C:31F0H         LINE#         2234
  C:31FEH         LINE#         2235
  C:31FEH         LINE#         2236
  C:3214H         LINE#         2237
  C:3217H         LINE#         2238
  C:3223H         LINE#         2239
  C:3223H         LINE#         2240
  C:322CH         LINE#         2241
BL51 BANKED LINKER/LOCATER V6.22.2.0                                                  07/21/2020  12:52:08  PAGE 119


  C:322FH         LINE#         2243
  C:322FH         LINE#         2244
  C:3238H         LINE#         2245
  C:3238H         LINE#         2246
  C:323BH         LINE#         2247
  C:3243H         LINE#         2248
  C:3243H         LINE#         2249
  C:3246H         LINE#         2250
  C:3249H         LINE#         2251
  C:3251H         LINE#         2252
  C:3251H         LINE#         2253
  C:3267H         LINE#         2254
  C:326AH         LINE#         2255
  C:3272H         LINE#         2256
  C:3272H         LINE#         2257
  C:3275H         LINE#         2258
  C:3278H         LINE#         2260
  C:3280H         LINE#         2261
  C:3280H         LINE#         2262
  C:3289H         LINE#         2263
  C:328CH         LINE#         2265
  C:328CH         LINE#         2266
  C:3295H         LINE#         2267
  C:3295H         LINE#         2268
  C:3298H         LINE#         2269
  C:3298H         LINE#         2270
  C:329DH         LINE#         2271
  C:32BDH         LINE#         2272
  C:32C0H         LINE#         2273
  C:32C0H         LINE#         2274
  C:32C5H         LINE#         2275
  C:32CDH         LINE#         2276
  C:32D3H         LINE#         2277
  C:32D6H         LINE#         2278
  C:32D6H         LINE#         2279
  C:32D9H         LINE#         2280
  C:32E1H         LINE#         2281
  C:32E7H         LINE#         2282
  C:32EAH         LINE#         2283
  C:32EAH         LINE#         2284
  C:32EDH         LINE#         2285
  C:3312H         LINE#         2286
  C:3318H         LINE#         2287
  C:331AH         LINE#         2288
  C:331DH         LINE#         2289
  C:331DH         LINE#         2290
  C:3328H         LINE#         2291
  C:3330H         LINE#         2292
  C:3336H         LINE#         2293
  C:3339H         LINE#         2294
  C:3339H         LINE#         2295
  C:334AH         LINE#         2296
  C:3352H         LINE#         2297
  C:3358H         LINE#         2298
  C:335BH         LINE#         2299
  C:335BH         LINE#         2300
  C:3360H         LINE#         2301
BL51 BANKED LINKER/LOCATER V6.22.2.0                                                  07/21/2020  12:52:08  PAGE 120


  C:337EH         LINE#         2302
  C:3381H         LINE#         2303
  C:3381H         LINE#         2304
  C:3386H         LINE#         2305
  C:33A6H         LINE#         2306
  C:33A9H         LINE#         2307
  C:33A9H         LINE#         2308
  C:33AEH         LINE#         2309
  C:33B0H         LINE#         2310
  C:33CEH         LINE#         2312
  C:33D1H         LINE#         2313
  C:33D1H         LINE#         2314
  C:33D6H         LINE#         2315
  C:33F6H         LINE#         2317
  C:33F9H         LINE#         2318
  C:33F9H         LINE#         2319
  C:33FEH         LINE#         2320
  C:3406H         LINE#         2321
  C:340CH         LINE#         2322
  C:340FH         LINE#         2323
  C:340FH         LINE#         2324
  C:3412H         LINE#         2325
  C:3432H         LINE#         2326
  C:3435H         LINE#         2327
  C:3435H         LINE#         2328
  C:3437H         LINE#         2329
  C:343AH         LINE#         2330
  C:343DH         LINE#         2331
  C:343DH         LINE#         2332
  C:3446H         LINE#         2334
  C:3449H         LINE#         2335
  C:3449H         LINE#         2336
  C:3457H         LINE#         2337
  C:345AH         LINE#         2338
  C:345AH         LINE#         2339
  C:345DH         LINE#         2340
  C:3465H         LINE#         2341
  C:346BH         LINE#         2342
  C:346EH         LINE#         2343
  C:346EH         LINE#         2344
  C:3477H         LINE#         2345
  C:347AH         LINE#         2346
  C:347AH         LINE#         2347
  C:3491H         LINE#         2348
  C:3493H         LINE#         2349
  C:3493H         LINE#         2350
  C:3498H         LINE#         2351
  C:34BBH         LINE#         2352
  C:34BEH         LINE#         2353
  C:34C0H         LINE#         2354
  C:34C0H         LINE#         2355
  C:34C3H         LINE#         2356
  C:34E3H         LINE#         2357
  C:34E5H         LINE#         2358
  C:34E5H         LINE#         2359
  C:34E8H         LINE#         2360
  C:350DH         LINE#         2361
BL51 BANKED LINKER/LOCATER V6.22.2.0                                                  07/21/2020  12:52:08  PAGE 121


  C:350FH         LINE#         2362
  C:350FH         LINE#         2363
  C:3514H         LINE#         2364
  C:3514H         LINE#         2366
  C:3514H         LINE#         2367
  C:3519H         LINE#         2368
  -------         ENDPROC       _SECUENCIAEXPEDIDORMF
  -------         ENDMOD        VERIFICADOR

  -------         MODULE        MONITOR
  C:0000H         SYMBOL        _ICE_DUMMY_
  D:0080H         PUBLIC        P0
  D:0090H         PUBLIC        P1
  X:01F2H         PUBLIC        placa
  C:9FEBH         PUBLIC        Rx_Monitor
  B:0080H.0       PUBLIC        rx_ip
  B:0090H.7       PUBLIC        lock
  C:7645H         PUBLIC        _recibe_cmd_Monitor
  C:A0D4H         PUBLIC        clear_placa
  C:80D0H         PUBLIC        _Valida_Trama_Monitor
  -------         PROC          _RECIBE_CMD_MONITOR
  X:0015H         SYMBOL        buffer_cmd
  -------         DO            
  X:0018H         SYMBOL        j
  X:0019H         SYMBOL        NumDatos
  X:001AH         SYMBOL        time_out
  X:001BH         SYMBOL        MaxChrRx
  X:001CH         SYMBOL        contador
  -------         ENDDO         
  C:7645H         LINE#         44
  C:7650H         LINE#         45
  C:7650H         LINE#         49
  C:7655H         LINE#         50
  C:765BH         LINE#         52
  C:7666H         LINE#         53
  C:7666H         LINE#         54
  C:7677H         LINE#         55
  C:7677H         LINE#         56
  C:767EH         LINE#         57
  C:7682H         LINE#         58
  C:768BH         LINE#         59
  C:768BH         LINE#         60
  C:7699H         LINE#         61
  C:76B0H         LINE#         62
  C:76B0H         LINE#         63
  C:76B6H         LINE#         64
  C:76BCH         LINE#         65
  C:76BCH         LINE#         66
  C:76BEH         LINE#         67
  C:76C6H         LINE#         68
  C:76CCH         LINE#         69
  C:76DEH         LINE#         70
  C:76E8H         LINE#         71
  C:76F1H         LINE#         73
  C:7700H         LINE#         76
  C:7700H         LINE#         77
  C:7705H         LINE#         78
BL51 BANKED LINKER/LOCATER V6.22.2.0                                                  07/21/2020  12:52:08  PAGE 122


  -------         ENDPROC       _RECIBE_CMD_MONITOR
  -------         PROC          _VALIDA_TRAMA_MONITOR
  X:0015H         SYMBOL        buffer
  D:0005H         SYMBOL        length_trama
  -------         DO            
  D:0007H         SYMBOL        j
  D:0006H         SYMBOL        p
  -------         ENDDO         
  C:80D0H         LINE#         83
  C:80DBH         LINE#         84
  C:80DBH         LINE#         85
  C:80DDH         LINE#         86
  C:80DFH         LINE#         87
  C:80DFH         LINE#         88
  C:80FDH         LINE#         89
  C:80FDH         LINE#         90
  C:80FFH         LINE#         91
  C:8104H         LINE#         92
  C:8105H         LINE#         93
  C:811AH         LINE#         94
  C:811AH         LINE#         97
  C:811AH         LINE#         98
  C:813AH         LINE#         99
  C:813BH         LINE#         100
  C:813CH         LINE#         101
  C:8148H         LINE#         102
  C:815CH         LINE#         103
  C:8168H         LINE#         104
  C:816AH         LINE#         105
  C:8170H         LINE#         108
  C:8170H         LINE#         109
  C:8170H         LINE#         110
  C:8170H         LINE#         112
  C:8170H         LINE#         113
  -------         ENDPROC       _VALIDA_TRAMA_MONITOR
  -------         PROC          CLEAR_PLACA
  -------         DO            
  D:0007H         SYMBOL        i
  -------         ENDDO         
  C:A0D4H         LINE#         114
  C:A0D4H         LINE#         115
  C:A0D4H         LINE#         117
  C:A0E0H         LINE#         118
  C:A0E0H         LINE#         119
  C:A0EDH         LINE#         120
  C:A0F0H         LINE#         121
  C:A0F2H         LINE#         122
  -------         ENDPROC       CLEAR_PLACA
  -------         PROC          RX_MONITOR
  -------         DO            
  X:0008H         SYMBOL        Length_trama
  X:0009H         SYMBOL        buffer1
  -------         ENDDO         
  C:9FEBH         LINE#         123
  C:9FEBH         LINE#         124
  C:9FEBH         LINE#         127
  C:9FFAH         LINE#         128
BL51 BANKED LINKER/LOCATER V6.22.2.0                                                  07/21/2020  12:52:08  PAGE 123


  C:A003H         LINE#         129
  -------         ENDPROC       RX_MONITOR
  -------         ENDMOD        MONITOR

  -------         MODULE        ?C?FPADD
  C:0E71H         PUBLIC        ?C?FPADD
  C:0E6DH         PUBLIC        ?C?FPSUB
  -------         ENDMOD        ?C?FPADD

  -------         MODULE        ?C?FPMUL
  C:0F62H         PUBLIC        ?C?FPMUL
  -------         ENDMOD        ?C?FPMUL

  -------         MODULE        ?C?FCAST
  C:1072H         PUBLIC        ?C?FCASTC
  C:106DH         PUBLIC        ?C?FCASTI
  C:1068H         PUBLIC        ?C?FCASTL
  -------         ENDMOD        ?C?FCAST

  -------         MODULE        ?C?CASTF
  C:10A6H         PUBLIC        ?C?CASTF
  -------         ENDMOD        ?C?CASTF

  -------         MODULE        PRINTF
  X:0076H         PUBLIC        ?_PRINTF?BYTE
  X:0076H         PUBLIC        ?_SPRINTF?BYTE
  C:2CEBH         PUBLIC        _PRINTF
  C:2CE5H         PUBLIC        _SPRINTF
  -------         ENDMOD        PRINTF

  -------         MODULE        POW
  X:001DH         PUBLIC        ?_pow?BYTE
  C:5198H         PUBLIC        _pow
  -------         ENDMOD        POW

  -------         MODULE        ?C?CHKFLOAT
  C:1127H         PUBLIC        ?C?CHKFLOAT
  -------         ENDMOD        ?C?CHKFLOAT

  -------         MODULE        ?C?FPCMP
  C:1143H         PUBLIC        ?C?FPCMP
  C:1141H         PUBLIC        ?C?FPCMP3
  -------         ENDMOD        ?C?FPCMP

  -------         MODULE        ?C?FPNEG
  C:11BAH         PUBLIC        ?C?FPNEG
  -------         ENDMOD        ?C?FPNEG

  -------         MODULE        ?C?FPROUND
  C:11CBH         PUBLIC        ?C?FPROUND
  -------         ENDMOD        ?C?FPROUND

  -------         MODULE        ?C?FPCONVERT
  C:1208H         PUBLIC        ?C?FPCONVERT
  -------         ENDMOD        ?C?FPCONVERT

  -------         MODULE        EXP
BL51 BANKED LINKER/LOCATER V6.22.2.0                                                  07/21/2020  12:52:08  PAGE 124


  C:8246H         PUBLIC        _EXP
  -------         ENDMOD        EXP

  -------         MODULE        LOG
  C:5AA8H         PUBLIC        _LOG
  C:5AA4H         PUBLIC        _LOG10
  -------         ENDMOD        LOG

  -------         MODULE        ?C?FPDIV
  C:1310H         PUBLIC        ?C?FPDIV
  -------         ENDMOD        ?C?FPDIV

  -------         MODULE        ?C?FTNPWR
  C:13DDH         PUBLIC        ?C?FTNPWR
  -------         ENDMOD        ?C?FTNPWR

  -------         MODULE        ?C?COPY
  C:153AH         PUBLIC        ?C?COPY
  -------         ENDMOD        ?C?COPY

  -------         MODULE        ?C?CLDPTR
  C:1560H         PUBLIC        ?C?CLDPTR
  -------         ENDMOD        ?C?CLDPTR

  -------         MODULE        ?C?CLDOPTR
  C:1579H         PUBLIC        ?C?CLDOPTR
  -------         ENDMOD        ?C?CLDOPTR

  -------         MODULE        ?C?CSTPTR
  C:15A6H         PUBLIC        ?C?CSTPTR
  -------         ENDMOD        ?C?CSTPTR

  -------         MODULE        ?C?CSTOPTR
  C:15B8H         PUBLIC        ?C?CSTOPTR
  -------         ENDMOD        ?C?CSTOPTR

  -------         MODULE        ?C?IMUL
  C:15DAH         PUBLIC        ?C?IMUL
  -------         ENDMOD        ?C?IMUL

  -------         MODULE        ?C?IILDX
  C:15ECH         PUBLIC        ?C?IILDX
  -------         ENDMOD        ?C?IILDX

  -------         MODULE        ?C?LNEG
  C:1602H         PUBLIC        ?C?LNEG
  -------         ENDMOD        ?C?LNEG

  -------         MODULE        ?C?SLCMP
  C:1610H         PUBLIC        ?C?SLCMP
  -------         ENDMOD        ?C?SLCMP

  -------         MODULE        ?C?ULCMP
  C:1626H         PUBLIC        ?C?ULCMP
  -------         ENDMOD        ?C?ULCMP

  -------         MODULE        ?C?ULSHR
BL51 BANKED LINKER/LOCATER V6.22.2.0                                                  07/21/2020  12:52:08  PAGE 125


  C:1637H         PUBLIC        ?C?ULSHR
  -------         ENDMOD        ?C?ULSHR

  -------         MODULE        ?C?LSHL
  C:164AH         PUBLIC        ?C?LSHL
  -------         ENDMOD        ?C?LSHL

  -------         MODULE        ?C?LLDCODE
  C:165DH         PUBLIC        ?C?LLDCODE
  -------         ENDMOD        ?C?LLDCODE

  -------         MODULE        ?C?LLDXDATA0
  C:166DH         PUBLIC        ?C?LLDXDATA0
  -------         ENDMOD        ?C?LLDXDATA0

  -------         MODULE        ?C?LLDCODE0
  C:1679H         PUBLIC        ?C?LLDCODE0
  -------         ENDMOD        ?C?LLDCODE0

  -------         MODULE        ?C?LSTXDATA
  C:1689H         PUBLIC        ?C?LSTXDATA
  -------         ENDMOD        ?C?LSTXDATA

  -------         MODULE        ?C?LSTKXDATA
  C:1695H         PUBLIC        ?C?LSTKXDATA
  -------         ENDMOD        ?C?LSTKXDATA

  -------         MODULE        ?C?PLDIXDATA
  C:16C6H         PUBLIC        ?C?PLDIXDATA
  -------         ENDMOD        ?C?PLDIXDATA

  -------         MODULE        ?C?PSTXDATA
  C:16DDH         PUBLIC        ?C?PSTXDATA
  -------         ENDMOD        ?C?PSTXDATA

  -------         MODULE        ?C?CCASE
  C:16E6H         PUBLIC        ?C?CCASE
  -------         ENDMOD        ?C?CCASE

  -------         MODULE        STRCAT
  X:0047H         PUBLIC        ?_strcat?BYTE
  C:91B3H         PUBLIC        _strcat
  -------         ENDMOD        STRCAT

  -------         MODULE        ?C?STRCMP
  C:188AH         PUBLIC        ?C?STRCMP
  -------         ENDMOD        ?C?STRCMP

  -------         MODULE        ?C?STRCPY
  C:1973H         PUBLIC        ?C?STRCPY
  -------         ENDMOD        ?C?STRCPY

  -------         MODULE        STRLEN
  C:000EH         PUBLIC        _STRLEN
  -------         ENDMOD        STRLEN

  -------         MODULE        STRTOK
BL51 BANKED LINKER/LOCATER V6.22.2.0                                                  07/21/2020  12:52:08  PAGE 126


  X:0065H         PUBLIC        ?_strtok?BYTE
  C:6BBAH         PUBLIC        _strtok
  -------         ENDMOD        STRTOK

  -------         MODULE        ATOL
  C:5FF7H         PUBLIC        _atol
  -------         ENDMOD        ATOL

  -------         MODULE        ATOI
  C:6D7CH         PUBLIC        _atoi
  -------         ENDMOD        ATOI

  -------         MODULE        ?C?ILDIX
  C:1990H         PUBLIC        ?C?ILDIX
  -------         ENDMOD        ?C?ILDIX

  -------         MODULE        ?C?LMUL
  C:19A6H         PUBLIC        ?C?LMUL
  -------         ENDMOD        ?C?LMUL

  -------         MODULE        ISDIGIT
  C:A1FCH         PUBLIC        _isdigit
  -------         ENDMOD        ISDIGIT

  -------         MODULE        ISSPACE
  C:A16EH         PUBLIC        _isspace
  -------         ENDMOD        ISSPACE

  -------         MODULE        STRSPN
  X:006BH         PUBLIC        ?_strspn?BYTE
  C:8A77H         PUBLIC        _strspn
  -------         ENDMOD        STRSPN

  -------         MODULE        STRPBRK
  X:006BH         PUBLIC        ?_strpbrk?BYTE
  C:8B7CH         PUBLIC        _strpbrk
  -------         ENDMOD        STRPBRK

Program Size: data=119.7 xdata=520 code=41607
LINK/LOCATE RUN COMPLETE.  0 WARNING(S),  0 ERROR(S)
