BL51 BANKED LINKER/LOCATER V6.22.2.0                                                    11/13/2020  15:29:26  PAGE 1


BL51 BANKED LINKER/LOCATER V6.22.2.0, INVOKED BY:
C:\KEIL_V5\C51\BIN\BL51.EXE .\Objects\main.obj, .\Objects\Accescan.obj, .\Objects\Clock.obj, .\Objects\delay.obj, .\Obje
>> cts\eeprom.obj, .\Objects\io_sensores.obj, .\Objects\pantallas.obj, .\Objects\prog.obj, .\Objects\pto_paralelo.obj, .
>> \Objects\tibbo.obj, .\Objects\uart.obj, .\Objects\lintech.obj, .\Objects\verificador.obj, .\Objects\Monitor.obj TO .\
>> Objects\expedidor_v_01_raspberry PRINT (.\Listings\expedidor_v_01_raspberry.m51) RAMSIZE (256)


MEMORY MODEL: LARGE WITH FLOATING POINT ARITHMETIC


INPUT MODULES INCLUDED:
  .\Objects\main.obj (MAIN)
  .\Objects\Accescan.obj (ACCESCAN)
  .\Objects\Clock.obj (CLOCK)
  .\Objects\delay.obj (DELAY)
  .\Objects\eeprom.obj (EEPROM)
  .\Objects\io_sensores.obj (IO_SENSORES)
  .\Objects\pantallas.obj (PANTALLAS)
  .\Objects\prog.obj (PROG)
  .\Objects\pto_paralelo.obj (PTO_PARALELO)
  .\Objects\tibbo.obj (TIBBO)
  .\Objects\uart.obj (UART)
  .\Objects\lintech.obj (LINTECH)
  .\Objects\verificador.obj (VERIFICADOR)
  .\Objects\Monitor.obj (MONITOR)
  C:\KEIL_V5\C51\LIB\C51FPL.LIB (?C?FPADD)
  C:\KEIL_V5\C51\LIB\C51FPL.LIB (?C?FPMUL)
  C:\KEIL_V5\C51\LIB\C51FPL.LIB (?C?FCAST)
  C:\KEIL_V5\C51\LIB\C51FPL.LIB (?C?CASTF)
  C:\KEIL_V5\C51\LIB\C51FPL.LIB (PRINTF)
  C:\KEIL_V5\C51\LIB\C51FPL.LIB (POW)
  C:\KEIL_V5\C51\LIB\C51FPL.LIB (?C?FPGETOPN)
  C:\KEIL_V5\C51\LIB\C51FPL.LIB (?C?CHKFLOAT)
  C:\KEIL_V5\C51\LIB\C51FPL.LIB (?C?FPCMP)
  C:\KEIL_V5\C51\LIB\C51FPL.LIB (?C?FPNEG)
  C:\KEIL_V5\C51\LIB\C51FPL.LIB (?C?FPROUND)
  C:\KEIL_V5\C51\LIB\C51FPL.LIB (?C?FPCONVERT)
  C:\KEIL_V5\C51\LIB\C51FPL.LIB (EXP)
  C:\KEIL_V5\C51\LIB\C51FPL.LIB (LOG)
  C:\KEIL_V5\C51\LIB\C51FPL.LIB (?C?FPDIV)
  C:\KEIL_V5\C51\LIB\C51FPL.LIB (?C?FTNPWR)
  C:\KEIL_V5\C51\LIB\C51FPL.LIB (?C?FPSERIES)
  C:\KEIL_V5\C51\LIB\C51L.LIB (?C_STARTUP)
  C:\KEIL_V5\C51\LIB\C51L.LIB (?C?COPY)
  C:\KEIL_V5\C51\LIB\C51L.LIB (?C?CLDPTR)
  C:\KEIL_V5\C51\LIB\C51L.LIB (?C?CLDOPTR)
  C:\KEIL_V5\C51\LIB\C51L.LIB (?C?CSTPTR)
  C:\KEIL_V5\C51\LIB\C51L.LIB (?C?CSTOPTR)
  C:\KEIL_V5\C51\LIB\C51L.LIB (?C?IMUL)
  C:\KEIL_V5\C51\LIB\C51L.LIB (?C?IILDX)
  C:\KEIL_V5\C51\LIB\C51L.LIB (?C?LNEG)
  C:\KEIL_V5\C51\LIB\C51L.LIB (?C?SLCMP)
  C:\KEIL_V5\C51\LIB\C51L.LIB (?C?ULCMP)
  C:\KEIL_V5\C51\LIB\C51L.LIB (?C?ULSHR)
  C:\KEIL_V5\C51\LIB\C51L.LIB (?C?LSHL)
  C:\KEIL_V5\C51\LIB\C51L.LIB (?C?LLDCODE)
  C:\KEIL_V5\C51\LIB\C51L.LIB (?C?LLDXDATA0)
  C:\KEIL_V5\C51\LIB\C51L.LIB (?C?LLDCODE0)
BL51 BANKED LINKER/LOCATER V6.22.2.0                                                  11/13/2020  15:29:26  PAGE 2


  C:\KEIL_V5\C51\LIB\C51L.LIB (?C?LSTXDATA)
  C:\KEIL_V5\C51\LIB\C51L.LIB (?C?LSTKXDATA)
  C:\KEIL_V5\C51\LIB\C51L.LIB (?C?PLDIXDATA)
  C:\KEIL_V5\C51\LIB\C51L.LIB (?C?PSTXDATA)
  C:\KEIL_V5\C51\LIB\C51L.LIB (?C?CCASE)
  C:\KEIL_V5\C51\LIB\C51L.LIB (STRCAT)
  C:\KEIL_V5\C51\LIB\C51L.LIB (?C?STRCMP)
  C:\KEIL_V5\C51\LIB\C51L.LIB (?C?STRCPY)
  C:\KEIL_V5\C51\LIB\C51L.LIB (STRLEN)
  C:\KEIL_V5\C51\LIB\C51L.LIB (STRTOK)
  C:\KEIL_V5\C51\LIB\C51L.LIB (ATOL)
  C:\KEIL_V5\C51\LIB\C51L.LIB (ATOI)
  C:\KEIL_V5\C51\LIB\C51L.LIB (MALLOC)
  C:\KEIL_V5\C51\LIB\C51L.LIB (INIT_MEM)
  C:\KEIL_V5\C51\LIB\C51L.LIB (FREE)
  C:\KEIL_V5\C51\LIB\C51L.LIB (?C_INIT)
  C:\KEIL_V5\C51\LIB\C51L.LIB (?C?ILDIX)
  C:\KEIL_V5\C51\LIB\C51L.LIB (?C?LMUL)
  C:\KEIL_V5\C51\LIB\C51L.LIB (ISDIGIT)
  C:\KEIL_V5\C51\LIB\C51L.LIB (ISSPACE)
  C:\KEIL_V5\C51\LIB\C51L.LIB (STRSPN)
  C:\KEIL_V5\C51\LIB\C51L.LIB (STRPBRK)


LINK MAP OF MODULE:  .\Objects\expedidor_v_01_raspberry (MAIN)


            TYPE    BASE      LENGTH    RELOCATION   SEGMENT NAME
            -----------------------------------------------------

            * * * * * * *   D A T A   M E M O R Y   * * * * * * *
            REG     0000H     0008H     ABSOLUTE     "REG BANK 0"
            DATA    0008H     0005H     UNIT         _DATA_GROUP_
            DATA    000DH     0004H     UNIT         ?DT?UART
            IDATA   0011H     0009H     UNIT         ?ID?MONITOR
                    001AH     0006H                  *** GAP ***
            BIT     0020H.0   0001H.1   UNIT         _BIT_GROUP_
            BIT     0021H.1   0000H.3   UNIT         ?BI?MAIN
            BIT     0021H.4   0000H.2   UNIT         ?BI?UART
            BIT     0021H.6   0000H.1   UNIT         ?BI?EEPROM
            BIT     0021H.7   0000H.1   UNIT         ?BI?IO_SENSORES
            BIT     0022H.0   0000H.1   UNIT         ?BI?VERIFICADOR
                    0022H.1   0000H.7                *** GAP ***
            IDATA   0023H     0046H     UNIT         ?ID?MAIN
            IDATA   0069H     0001H     UNIT         ?STACK

            * * * * * * *  X D A T A   M E M O R Y  * * * * * * *
            XDATA   0000H     00B7H     UNIT         _XDATA_GROUP_
            XDATA   00B7H     008AH     UNIT         ?XD?VERIFICADOR
            XDATA   0141H     006CH     UNIT         ?XD?MAIN
            XDATA   01ADH     0059H     UNIT         ?XD?PROG
            XDATA   0206H     0050H     UNIT         ?XD?PANTALLAS
            XDATA   0256H     0008H     UNIT         ?XD?INIT_MEM
            XDATA   025EH     0003H     UNIT         ?XD?EEPROM
            XDATA   0261H     0003H     UNIT         ?XD?UART
            XDATA   0264H     0003H     UNIT         ?XD?STRTOK
            XDATA   0267H     0001H     UNIT         ?XD?ACCESCAN
BL51 BANKED LINKER/LOCATER V6.22.2.0                                                  11/13/2020  15:29:26  PAGE 3


            XDATA   0268H     0001H     UNIT         ?XD?CLOCK
            XDATA   0269H     0001H     UNIT         ?XD?IO_SENSORES

            * * * * * * *   C O D E   M E M O R Y   * * * * * * *
            CODE    0000H     0003H     ABSOLUTE     
            CODE    0003H     0008H     UNIT         ?PR?P_CK?CLOCK
            CODE    000BH     0003H     ABSOLUTE     
            CODE    000EH     0015H     UNIT         ?PR?_STRLEN?STRLEN
            CODE    0023H     0003H     ABSOLUTE     
            CODE    0026H     1308H     UNIT         ?CO?PROG
            CODE    132EH     0B8BH     UNIT         ?C?LIB_CODE
            CODE    1EB9H     07EEH     UNIT         ?CO?VERIFICADOR
            CODE    26A7H     06F4H     UNIT         ?PR?_PANTALLALCD?PANTALLAS
            CODE    2D9BH     0656H     UNIT         ?CO?PANTALLAS
            CODE    33F1H     0489H     UNIT         ?PR?_SECUENCIAEXPEDIDORMF?VERIFICADOR
            CODE    387AH     0483H     UNIT         ?PR?PRINTF?PRINTF
            CODE    3CFDH     035CH     UNIT         ?PR?VER_PROG?PROG
            CODE    4059H     033EH     UNIT         ?PR?_VALIDA_TRAMA_PTO?ACCESCAN
            CODE    4397H     02D0H     UNIT         ?PR?_TWO_BYTEHEX_DECIMAL?CLOCK
            CODE    4667H     02B7H     UNIT         ?PR?_PROG_HORARIO_DIAS?PROG
            CODE    491EH     02B2H     UNIT         ?PR?_PANTALLALCD_LINEA_2?PANTALLAS
            CODE    4BD0H     022CH     UNIT         ?PR?MENU?PROG
            CODE    4DFCH     0208H     UNIT         ?PR?_HASH_ID?PROG
            CODE    5004H     01FAH     UNIT         ?PR?_PROG_HORARIO_DESDE_HASTA?PROG
            CODE    51FEH     01F5H     UNIT         ?PR?PROG_FECHA_VENCIMIENTO?PROG
            CODE    53F3H     01DFH     UNIT         ?PR?_RESPONDE_LECTURA_TARJETA_SECTOR1_BLOQUE1?VERIFICADOR
            CODE    55D2H     01B3H     UNIT         ?PR?COM_ISR?UART
            CODE    5785H     01A9H     UNIT         ?PR?_ARMAR_TRAMA_PTO_PARALELO_EXPEDIDOR?VERIFICADOR
            CODE    592EH     01A5H     UNIT         ?CO?LINTECH
            CODE    5AD3H     01A4H     UNIT         ?PR?_VALIDA_TIPO_TARJETA?VERIFICADOR
            CODE    5C77H     016EH     UNIT         ?PR?_BLOCK_READ_CLOCK_ASCII?CLOCK
            CODE    5DE5H     0166H     UNIT         ?PR?_POW?POW
            CODE    5F4BH     0154H     UNIT         ?PR?_ARMAR_TRAMA_MONITOR?VERIFICADOR
            CODE    609FH     0145H     UNIT         ?PR?PROG_HORARIOS?PROG
            CODE    61E4H     0142H     UNIT         ?PR?_ARMAR_TRAMA_TARJETA_SECTOR1_BLOQUE2?VERIFICADOR
            CODE    6326H     013FH     UNIT         ?PR?_FREE?FREE
            CODE    6465H     013EH     UNIT         ?PR?PROG_SIN_COBRO?PROG
            CODE    65A3H     013EH     UNIT         ?PR?SECUENCIA_INICIO_EXPEDIDOR?VERIFICADOR
            CODE    66E1H     0137H     UNIT         ?PR?VER_HORARIO?PROG
            CODE    6818H     012BH     UNIT         ?PR?_RESPONDE_LECTURA_TARJETA_SECTOR1_BLOQUE2?VERIFICADOR
            CODE    6943H     0129H     UNIT         ?PR?LOG?LOG
            CODE    6A6CH     0128H     UNIT         ?PR?_VER_HORARIO_DIAS?PROG
            CODE    6B94H     011CH     UNIT         ?PR?LOAD_AND_SEND_ID_COD?PTO_PARALELO
            CODE    6CB0H     011AH     UNIT         ?PR?_PROG_HORARIOS_ON_OFF?PROG
            CODE    6DCAH     0119H     UNIT         ?PR?_VER_HORARIO_DESDE_HASTA?PROG
            CODE    6EE3H     0115H     UNIT         ?PR?_VALIDAR_CLK?CLOCK
            CODE    6FF8H     010FH     UNIT         ?PR?_HORARIOS?VERIFICADOR
            CODE    7107H     010CH     UNIT         ?PR?_ATOL?ATOL
            CODE    7213H     0103H     UNIT         ?PR?_BLOQUE_HORARIO?VERIFICADOR
            CODE    7316H     0100H     UNIT         ?PR?_WR_MF?LINTECH
            CODE    7416H     00FCH     UNIT         ?PR?PROG_DEBUG?PROG
            CODE    7512H     00FCH     UNIT         ?PR?PROG_USE_LPR?PROG
            CODE    760EH     00FCH     UNIT         ?PR?TIPO_PANTALLA?PROG
            CODE    770AH     00FCH     UNIT         ?PR?PROG_ANTIPASSBACK?PROG
            CODE    7806H     00FCH     UNIT         ?PR?PROG_PLACA?PROG
            CODE    7902H     00FCH     UNIT         ?PR?PROG_VALIDAR_TIPO_VEHICULO_MENSUAL?PROG
            CODE    79FEH     00FCH     UNIT         ?PR?PROG_APB_MENSUAL?PROG
BL51 BANKED LINKER/LOCATER V6.22.2.0                                                  11/13/2020  15:29:26  PAGE 4


            CODE    7AFAH     00F1H     UNIT         ?PR?_WRITE_EEPROM_TICKET?EEPROM
            CODE    7BEBH     00EAH     UNIT         ?PR?_MOV_CARD?LINTECH
            CODE    7CD5H     00E4H     UNIT         ?PR?_STRTOK?STRTOK
            CODE    7DB9H     00DEH     UNIT         ?PR?PROG_ADDRESS_HIGH_BOARD?PROG
            CODE    7E97H     00DBH     UNIT         ?PR?_ATOI?ATOI
            CODE    7F72H     00D7H     UNIT         ?PR?_ANALIZA_UID_CARD?VERIFICADOR
            CODE    8049H     00D6H     UNIT         ?PR?_CMD_LPR_SALIDA_WIEGAND?ACCESCAN
            CODE    811FH     00D2H     UNIT         ?C_INITSEG
            CODE    81F1H     00D1H     UNIT         ?PR?_ARMAR_TRAMA_PTO_PARALELO_EXPEDIDOR_MENSUAL?VERIFICADOR
            CODE    82C2H     00D1H     UNIT         ?PR?_MALLOC?MALLOC
            CODE    8393H     00CCH     UNIT         ?PR?_GRABA_SERIE?EEPROM
            CODE    845FH     00CBH     UNIT         ?PR?_RTA_CMD_TRANSPORTE?VERIFICADOR
            CODE    852AH     00CAH     UNIT         ?PR?READ_EEPROM_TICKET?EEPROM
            CODE    85F4H     00C9H     UNIT         ?PR?_CHECK_FECHAOUT?CLOCK
            CODE    86BDH     00C4H     UNIT         ?PR?_BLOCK_READ_CLOCK?CLOCK
            CODE    8781H     00C4H     UNIT         ?PR?_TARJETA_MENSUAL?VERIFICADOR
            CODE    8845H     00C3H     UNIT         ?PR?_RD_MF?LINTECH
            CODE    8908H     00C2H     UNIT         ?PR?PROG_TARJETA_AUTOMATICA_O_BOTON?PROG
            CODE    89CAH     00C1H     UNIT         ?PR?_RECIBE_CMD_MONITOR?MONITOR
            CODE    8A8BH     00BFH     UNIT         ?CO?IO_SENSORES
            CODE    8B4AH     00BEH     UNIT         ?PR?ERROR_RX_PTO?VERIFICADOR
            CODE    8C08H     00BDH     UNIT         ?PR?PROG_COD_PARK?PROG
            CODE    8CC5H     00BDH     UNIT         ?PR?PROG_TIEMPO_GRACIA?PROG
            CODE    8D82H     00BAH     UNIT         ?CO?TIBBO
            CODE    8E3CH     00B6H     UNIT         ?PR?PROG_ID_CLIENTE?PROG
            CODE    8EF2H     00B5H     UNIT         ?PR?_WAIT_PLACA?VERIFICADOR
            CODE    8FA7H     00B4H     UNIT         ?PR?_SEND_PORT?PTO_PARALELO
            CODE    905BH     00ACH     UNIT         ?PR?_HORA_MAXIMA?VERIFICADOR
            CODE    9107H     00AAH     UNIT         ?PR?CLAVE_SEGURIDAD_S2?LINTECH
            CODE    91B1H     00A9H     UNIT         ?PR?DWLOAD_EEPROM?LINTECH
            CODE    925AH     00A6H     UNIT         ?PR?_BLOCK_READ_CLOCK_HEX?CLOCK
            CODE    9300H     00A5H     UNIT         ?PR?_VALIDA_TRAMA_MONITOR?MONITOR
            CODE    93A5H     00A4H     UNIT         ?PR?_ARMAR_TRAMA_TARJETA_SECTOR1_BLOQUE1_CAMCEL?VERIFICADOR
            CODE    9449H     009DH     UNIT         ?PR?_INICIALIZA?LINTECH
            CODE    94E6H     009CH     UNIT         ?PR?_RESPUESTA_PLACA_CANCEL?VERIFICADOR
            CODE    9582H     009AH     UNIT         ?PR?_RESPONDE_LECTURA_TARJETA_SECTOR1_BLOQUE0?VERIFICADOR
            CODE    961CH     009AH     UNIT         ?PR?EXP?EXP
            CODE    96B6H     0099H     UNIT         ?PR?SHOW?PROG
            CODE    974FH     0099H     UNIT         ?PR?_RECIBE_PORT?PTO_PARALELO
            CODE    97E8H     0098H     UNIT         ?PR?_VALIDA_VEHICULO_CARD_MENSUAL?VERIFICADOR
            CODE    9880H     0091H     UNIT         ?PR?_HEX_ASCII?CLOCK
            CODE    9911H     0091H     UNIT         ?PR?_CARD_INSERCION?LINTECH
            CODE    99A2H     0090H     UNIT         ?PR?_LEE_CLK?CLOCK
            CODE    9A32H     0090H     UNIT         ?PR?_GETOPTION?PROG
            CODE    9AC2H     0090H     UNIT         ?PR?ENTREGA_CARD_CAPTURA?VERIFICADOR
            CODE    9B52H     008FH     UNIT         ?PR?_BLOCK_WRITE_CLOCK_ASCII?CLOCK
            CODE    9BE1H     008FH     UNIT         ?PR?_RESPONDE_WRITE_TARJETA_SECTOR1_BLOQUE2?VERIFICADOR
            CODE    9C70H     008DH     UNIT         ?PR?LOADVERIFY_EEPROM?LINTECH
            CODE    9CFDH     008CH     UNIT         ?C_C51STARTUP
            CODE    9D89H     0089H     UNIT         ?PR?_RASPBERRY_DATA?PANTALLAS
            CODE    9E12H     0088H     UNIT         ?PR?_SEND_PORTERR?PTO_PARALELO
            CODE    9E9AH     0088H     UNIT         ?PR?RX_DATA?TIBBO
            CODE    9F22H     0088H     UNIT         ?PR?UNIQUE_IDENTIFIER_UID?LINTECH
            CODE    9FAAH     0086H     UNIT         ?PR?_CHECK_STATUS?LINTECH
            CODE    A030H     0084H     UNIT         ?PR?_STRSPN?STRSPN
            CODE    A0B4H     0082H     UNIT         ?PR?_SEND_PTO_PARALELO?VERIFICADOR
            CODE    A136H     0081H     UNIT         ?PR?_STRPBRK?STRPBRK
BL51 BANKED LINKER/LOCATER V6.22.2.0                                                  11/13/2020  15:29:26  PAGE 5


            CODE    A1B7H     0080H     UNIT         ?PR?MSJ_LCD_INFORMATIVO?IO_SENSORES
            CODE    A237H     0080H     UNIT         ?PR?_INGRESADATO?PROG
            CODE    A2B7H     0080H     UNIT         ?PR?AUT_CARD_CHECK_STATUS?LINTECH
            CODE    A337H     0080H     UNIT         ?PR?POWER_OFF?LINTECH
            CODE    A3B7H     007FH     UNIT         ?PR?MAIN?MAIN
            CODE    A436H     007CH     UNIT         ?PR?RESPONDE_ESTADO_SENSORES_TRANSPORTE?VERIFICADOR
            CODE    A4B2H     0077H     UNIT         ?PR?RESPONDE_TIPO_TARJETA?VERIFICADOR
            CODE    A529H     0073H     UNIT         ?PR?_DEBUGBUFFERMF?TIBBO
            CODE    A59CH     0071H     UNIT         ?PR?_EN_HORARIO?VERIFICADOR
            CODE    A60DH     006FH     UNIT         ?PR?_ESCRIBIRMEMORIA?EEPROM
            CODE    A67CH     006FH     UNIT         ?PR?_DISPARO_LOCK_ENTRADA_VEHICULO?VERIFICADOR
            CODE    A6EBH     006BH     UNIT         ?PR?_STRCAT?STRCAT
            CODE    A756H     0066H     UNIT         ?PR?_LEERMEMORIA?EEPROM
            CODE    A7BCH     0062H     UNIT         ?PR?_LISTACOMANDOS?PROG
            CODE    A81EH     005EH     UNIT         ?PR?_BYTEHEX_DECIMAL?CLOCK
            CODE    A87CH     005DH     UNIT         ?PR?_RESPUESTA_SEGUNDA_CLAVE?VERIFICADOR
            CODE    A8D9H     005CH     UNIT         ?PR?_ARMAR_TRAMA_PLACA?VERIFICADOR
            CODE    A935H     005BH     UNIT         ?PR?VALIDA_SENSOR1_AUTO?IO_SENSORES
            CODE    A990H     0056H     UNIT         ?PR?_WR_EEPROM?EEPROM
            CODE    A9E6H     0052H     UNIT         ?PR?INGRESO_VEHICULO?VERIFICADOR
            CODE    AA38H     004EH     UNIT         ?PR?RELOJ_PANTALLA_LCD?PANTALLAS
            CODE    AA86H     004DH     UNIT         ?PR?VARIABLE_INICIO?MAIN
            CODE    AAD3H     004DH     UNIT         ?PR?L_D_M?EEPROM
            CODE    AB20H     004CH     UNIT         ?PR?LEE_NO_TICKET?EEPROM
            CODE    AB6CH     004BH     UNIT         ?PR?_TX_AUX?TIBBO
            CODE    ABB7H     0049H     UNIT         ?PR?_DEBUG_TXT_TIBBO?TIBBO
            CODE    AC00H     0048H     UNIT         ?PR?FIRST_CLAVE?PROG
            CODE    AC48H     0047H     UNIT         ?PR?_DEBUG_CHR_TIBBO?TIBBO
            CODE    AC8FH     0047H     UNIT         ?PR?_RESPONDE_WRITE_TARJETA_SECTOR2_BLOQUE0?VERIFICADOR
            CODE    ACD6H     0046H     UNIT         ?PR?_ESCRIBIRCADENASOFT_BUFFER?MAIN
            CODE    AD1CH     0046H     UNIT         ?PR?_LCD_TXT_NUM_CHAR?PANTALLAS
            CODE    AD62H     0046H     UNIT         ?PR?_DEBUG_HEXDEC?TIBBO
            CODE    ADA8H     0046H     UNIT         ?PR?_PREGUNTA_LPR?VERIFICADOR
            CODE    ADEEH     0044H     UNIT         ?PR?_LCD_TXT?PANTALLAS
            CODE    AE32H     0043H     UNIT         ?PR?DIR_BOARD?IO_SENSORES
            CODE    AE75H     0042H     UNIT         ?PR?_VALIDARCLAVE?PROG
            CODE    AEB7H     0041H     UNIT         ?PR?_MONITOR_CHR?ACCESCAN
            CODE    AEF8H     0041H     UNIT         ?PR?_TWO_ONE?CLOCK
            CODE    AF39H     0040H     UNIT         ?PR?_GETCMD?PROG
            CODE    AF79H     003FH     UNIT         ?PR?_EB_CLK?CLOCK
            CODE    AFB8H     003EH     UNIT         ?PR?_PUTCHAR?MAIN
            CODE    AFF6H     003EH     UNIT         ?PR?TRAMA_VALIDACION_P_N?VERIFICADOR
            CODE    B034H     003DH     UNIT         ?PR?_HEX_BCD?CLOCK
            CODE    B071H     003DH     UNIT         ?PR?_RD_EEPROM?EEPROM
            CODE    B0AEH     003DH     UNIT         ?PR?_LOAD_SECUENCIA_EXPEDIDOR?VERIFICADOR
            CODE    B0EBH     003CH     UNIT         ?PR?_INIT_MEMPOOL?INIT_MEM
            CODE    B127H     003BH     UNIT         ?CO?EEPROM
            CODE    B162H     003BH     UNIT         ?PR?_DEBUG_PTO_PARALELO?TIBBO
            CODE    B19DH     003BH     UNIT         ?PR?_COM_PUTCHAR?UART
            CODE    B1D8H     003AH     UNIT         ?PR?_DELAY_10MS?DELAY
            CODE    B212H     0038H     UNIT         ?PR?VALIDASENSORESPASO?IO_SENSORES
            CODE    B24AH     0036H     UNIT         ?PR?_RESPONDE_WRITE_TARJETA_SECTOR1_BLOQUE1?VERIFICADOR
            CODE    B280H     0036H     UNIT         ?PR?_RESPONDE_WRITE_TARJETA_SECTOR1_BLOQUE0?VERIFICADOR
            CODE    B2B6H     0034H     UNIT         ?PR?INCREMENTE_TICKET?EEPROM
            CODE    B2EAH     0034H     UNIT         ?PR?ADDR_HORARIOS?PROG
            CODE    B31EH     0032H     UNIT         ?PR?_DEBUG_MONITOR?TIBBO
            CODE    B350H     0031H     UNIT         ?PR?_TARJETA_ROTACION?VERIFICADOR
BL51 BANKED LINKER/LOCATER V6.22.2.0                                                  11/13/2020  15:29:26  PAGE 6


            CODE    B381H     0030H     UNIT         ?PR?PREGUNTA_PLACA?VERIFICADOR
            CODE    B3B1H     002EH     UNIT         ?PR?TIMER0_INT?MAIN
            CODE    B3DFH     002CH     UNIT         ?PR?LOAD_AND_SEND_INFO_RELOJ?PTO_PARALELO
            CODE    B40BH     002AH     UNIT         ?PR?COM_INITIALIZE?UART
            CODE    B435H     0028H     UNIT         ?PR?_WR_CLK?CLOCK
            CODE    B45DH     0028H     UNIT         ?PR?COM_BAUDRATE?UART
            CODE    B485H     0028H     UNIT         ?PR?_ARMAR_TRAMA_TARJETA_SECTOR1_BLOQUE0?VERIFICADOR
            CODE    B4ADH     0027H     UNIT         ?PR?_TX_CHRLCD?PANTALLAS
            CODE    B4D4H     0026H     UNIT         ?PR?COM_GETCHAR?UART
            CODE    B4FAH     0026H     UNIT         ?PR?ANALIZA_PRESENCIA_MENSUAL?VERIFICADOR
            CODE    B520H     0026H     UNIT         ?PR?RX_MONITOR?MONITOR
            CODE    B546H     0023H     UNIT         ?PR?ANALIZA_PRESENCIA_ROTACION?VERIFICADOR
            CODE    B569H     0022H     UNIT         ?PR?_E_D_M?EEPROM
            CODE    B58BH     0020H     UNIT         ?PR?ACKD?EEPROM
            CODE    B5ABH     0020H     UNIT         ?PR?ACK_LECT?EEPROM
            CODE    B5CBH     001FH     UNIT         ?PR?VALIDASENSOR?IO_SENSORES
            CODE    B5EAH     001FH     UNIT         ?PR?TIME_BIT?TIBBO
            CODE    B609H     001EH     UNIT         ?PR?_BCD_HEX?CLOCK
            CODE    B627H     001BH     UNIT         ?PR?_DELAY_1MS?DELAY
            CODE    B642H     0018H     UNIT         ?PR?CLEAR_PLACA?MONITOR
            CODE    B65AH     0017H     UNIT         ?PR?DISPLAYCURSOR?PROG
            CODE    B671H     0017H     UNIT         ?PR?TIME_MBIT?TIBBO
            CODE    B688H     0016H     UNIT         ?PR?DIR_BOARD_MONITOR?IO_SENSORES
            CODE    B69EH     0014H     UNIT         ?PR?DEBUG_DIVIDIR_TEXTO?TIBBO
            CODE    B6B2H     0014H     UNIT         ?PR?_ISSPACE?ISSPACE
            CODE    B6C6H     0012H     UNIT         ?PR?_DELAY_20US?DELAY
            CODE    B6D8H     0012H     UNIT         ?PR?START?EEPROM
            CODE    B6EAH     0012H     UNIT         ?PR?BOTTON?IO_SENSORES
            CODE    B6FCH     0012H     UNIT         ?PR?PULSO_BUS?PTO_PARALELO
            CODE    B70EH     0012H     UNIT         ?PR?COM_RBUFLEN?UART
            CODE    B720H     0012H     UNIT         ?PR?COM_TBUFLEN?UART
            CODE    B732H     0010H     UNIT         ?PR?INI_TIMER?MAIN
            CODE    B742H     0010H     UNIT         ?PR?INICIA_BOARD?MAIN
            CODE    B752H     000FH     UNIT         ?PR?_ISDIGIT?ISDIGIT
            CODE    B761H     000CH     UNIT         ?PR?_GETKEY?MAIN
            CODE    B76DH     000AH     UNIT         ?PR?COND_INI_PTO?PTO_PARALELO
            CODE    B777H     0009H     UNIT         ?PR?STOP?EEPROM
            CODE    B780H     0009H     UNIT         ?PR?CAPTURA_EXPULSA?VERIFICADOR
            CODE    B789H     0007H     UNIT         ?PR?COND_INI_CLOCK?CLOCK
            CODE    B790H     0007H     UNIT         ?PR?SEL_FUNCION?IO_SENSORES
            CODE    B797H     0007H     UNIT         ?PR?SEL_AUTO?IO_SENSORES
            CODE    B79EH     0007H     UNIT         ?PR?SEL_PULSA?IO_SENSORES
            CODE    B7A5H     0007H     UNIT         ?PR?SEL_SENSOR2?IO_SENSORES
            CODE    B7ACH     0007H     UNIT         ?PR?SEL_SENSOR1?IO_SENSORES
            CODE    B7B3H     0007H     UNIT         ?PR?SEL_DIR1?IO_SENSORES
            CODE    B7BAH     0007H     UNIT         ?PR?SEL_DIR2?IO_SENSORES
            CODE    B7C1H     0006H     UNIT         ?PR?P_ME?EEPROM
            CODE    B7C7H     0005H     UNIT         ?PR?ON_TIMER0_INTERRUP?MAIN
            CODE    B7CCH     0005H     UNIT         ?CO?ACCESCAN
            CODE    B7D1H     0005H     UNIT         ?PR?COND_INI_TIBBO?TIBBO
            CODE    B7D6H     0003H     UNIT         ?PR?OFF_TIMER0_INTERRUP?MAIN
            CODE    B7D9H     0003H     UNIT         ?CO?PTO_PARALELO
            CODE    B7DCH     0001H     UNIT         ?PR?DELAY?DELAY



OVERLAY MAP OF MODULE:   .\Objects\expedidor_v_01_raspberry (MAIN)
BL51 BANKED LINKER/LOCATER V6.22.2.0                                                  11/13/2020  15:29:26  PAGE 7




SEGMENT                                             BIT_GROUP          DATA_GROUP          XDATA_GROUP
  +--> CALLED SEGMENT                            START    LENGTH     START    LENGTH     START    LENGTH
--------------------------------------------------------------------------------------------------------
?C_C51STARTUP                                    -----    -----      -----    -----      -----    -----
  +--> ?PR?MAIN?MAIN
  +--> ?C_INITSEG

?PR?MAIN?MAIN                                    -----    -----      -----    -----      0000H    0001H
  +--> ?PR?INI_TIMER?MAIN
  +--> ?PR?ON_TIMER0_INTERRUP?MAIN
  +--> ?PR?COM_INITIALIZE?UART
  +--> ?PR?COM_BAUDRATE?UART
  +--> ?PR?INICIA_BOARD?MAIN
  +--> ?PR?TIME_BIT?TIBBO
  +--> ?PR?_DELAY_20US?DELAY
  +--> ?PR?TIME_MBIT?TIBBO
  +--> ?PR?_TX_AUX?TIBBO
  +--> ?PR?SEL_FUNCION?IO_SENSORES
  +--> ?PR?MENU?PROG
  +--> ?PR?VARIABLE_INICIO?MAIN
  +--> ?PR?SECUENCIA_INICIO_EXPEDIDOR?VERIFI...
  +--> ?PR?RX_MONITOR?MONITOR
  +--> ?PR?_SECUENCIAEXPEDIDORMF?VERIFICADOR
  +--> ?PR?_RECIBE_PORT?PTO_PARALELO
  +--> ?PR?_DEBUG_PTO_PARALELO?TIBBO
  +--> ?PR?_VALIDA_TRAMA_PTO?ACCESCAN
  +--> ?PR?MSJ_LCD_INFORMATIVO?IO_SENSORES

?PR?COM_INITIALIZE?UART                          -----    -----      -----    -----      -----    -----
  +--> ?PR?COM_BAUDRATE?UART

?PR?INICIA_BOARD?MAIN                            -----    -----      -----    -----      -----    -----
  +--> ?PR?COND_INI_TIBBO?TIBBO
  +--> ?PR?COND_INI_CLOCK?CLOCK
  +--> ?PR?COND_INI_PTO?PTO_PARALELO

?PR?_TX_AUX?TIBBO                                -----    -----      -----    -----      -----    -----
  +--> ?PR?TIME_BIT?TIBBO

?PR?MENU?PROG                                    -----    -----      -----    -----      0001H    0045H
  +--> ?CO?PROG
  +--> ?PR?PRINTF?PRINTF
  +--> ?PR?_RD_EEPROM?EEPROM
  +--> ?PR?FIRST_CLAVE?PROG
  +--> ?PR?_WR_EEPROM?EEPROM
  +--> ?PR?_LEERMEMORIA?EEPROM
  +--> ?PR?_HASH_ID?PROG
  +--> ?PR?_INGRESADATO?PROG
  +--> ?PR?_GETCMD?PROG
  +--> ?PR?_ESCRIBIRMEMORIA?EEPROM
  +--> ?PR?_VALIDARCLAVE?PROG
  +--> ?PR?DISPLAYCURSOR?PROG
  +--> ?PR?_STRLEN?STRLEN
  +--> ?PR?_GETOPTION?PROG
  +--> ?PR?_STRCAT?STRCAT
BL51 BANKED LINKER/LOCATER V6.22.2.0                                                  11/13/2020  15:29:26  PAGE 8


  +--> ?PR?_LISTACOMANDOS?PROG
  +--> ?PR?PROG_ID_CLIENTE?PROG
  +--> ?PR?PROG_COD_PARK?PROG
  +--> ?PR?PROG_TIEMPO_GRACIA?PROG
  +--> ?PR?PROG_SIN_COBRO?PROG
  +--> ?PR?PROG_DEBUG?PROG
  +--> ?PR?PROG_USE_LPR?PROG
  +--> ?PR?TIPO_PANTALLA?PROG
  +--> ?PR?PROG_TARJETA_AUTOMATICA_O_BOTON?PROG
  +--> ?PR?PROG_ANTIPASSBACK?PROG
  +--> ?PR?PROG_PLACA?PROG
  +--> ?PR?PROG_ADDRESS_HIGH_BOARD?PROG
  +--> ?PR?PROG_HORARIOS?PROG
  +--> ?PR?PROG_VALIDAR_TIPO_VEHICULO_MENSUA...
  +--> ?PR?PROG_APB_MENSUAL?PROG
  +--> ?PR?VER_PROG?PROG
  +--> ?PR?SHOW?PROG
  +--> ?PR?PROG_FECHA_VENCIMIENTO?PROG

?PR?PRINTF?PRINTF                                0020H.0  0001H.1    0008H    0005H      0077H    0030H
  +--> ?PR?_PUTCHAR?MAIN

?PR?_PUTCHAR?MAIN                                -----    -----      -----    -----      00A7H    0003H
  +--> ?PR?_COM_PUTCHAR?UART

?PR?_COM_PUTCHAR?UART                            -----    -----      -----    -----      00AAH    0001H
  +--> ?PR?COM_TBUFLEN?UART

?PR?_RD_EEPROM?EEPROM                            -----    -----      -----    -----      -----    -----
  +--> ?PR?START?EEPROM
  +--> ?PR?ACK_LECT?EEPROM
  +--> ?PR?_E_D_M?EEPROM
  +--> ?PR?ACKD?EEPROM
  +--> ?PR?L_D_M?EEPROM
  +--> ?PR?STOP?EEPROM

?PR?ACK_LECT?EEPROM                              -----    -----      -----    -----      -----    -----
  +--> ?PR?_E_D_M?EEPROM

?PR?_E_D_M?EEPROM                                -----    -----      -----    -----      -----    -----
  +--> ?PR?P_ME?EEPROM

?PR?ACKD?EEPROM                                  -----    -----      -----    -----      -----    -----
  +--> ?PR?_E_D_M?EEPROM

?PR?FIRST_CLAVE?PROG                             -----    -----      -----    -----      0046H    000BH
  +--> ?PR?_BLOCK_READ_CLOCK_ASCII?CLOCK
  +--> ?PR?_HASH_ID?PROG
  +--> ?PR?_ESCRIBIRMEMORIA?EEPROM

?PR?_BLOCK_READ_CLOCK_ASCII?CLOCK                -----    -----      -----    -----      0051H    0003H
  +--> ?PR?_LEE_CLK?CLOCK

?PR?_LEE_CLK?CLOCK                               -----    -----      -----    -----      00B1H    0003H
  +--> ?PR?_DELAY_20US?DELAY
  +--> ?PR?_EB_CLK?CLOCK
  +--> ?PR?P_CK?CLOCK
BL51 BANKED LINKER/LOCATER V6.22.2.0                                                  11/13/2020  15:29:26  PAGE 9



?PR?_EB_CLK?CLOCK                                -----    -----      -----    -----      00B4H    0003H
  +--> ?PR?P_CK?CLOCK

?PR?P_CK?CLOCK                                   -----    -----      -----    -----      -----    -----
  +--> ?PR?DELAY?DELAY

?PR?_HASH_ID?PROG                                -----    -----      -----    -----      005DH    003FH
  +--> ?CO?PROG
  +--> ?PR?_LEERMEMORIA?EEPROM
  +--> ?PR?_CHECK_FECHAOUT?CLOCK
  +--> ?PR?_STRLEN?STRLEN

?PR?_LEERMEMORIA?EEPROM                          -----    -----      -----    -----      009CH    0005H
  +--> ?PR?_RD_EEPROM?EEPROM

?PR?_CHECK_FECHAOUT?CLOCK                        -----    -----      -----    -----      009CH    0012H
  +--> ?PR?_BLOCK_READ_CLOCK_HEX?CLOCK

?PR?_BLOCK_READ_CLOCK_HEX?CLOCK                  -----    -----      -----    -----      00AEH    0003H
  +--> ?PR?_LEE_CLK?CLOCK
  +--> ?PR?_BCD_HEX?CLOCK

?PR?_ESCRIBIRMEMORIA?EEPROM                      -----    -----      -----    -----      005DH    0005H
  +--> ?PR?_WR_EEPROM?EEPROM

?PR?_WR_EEPROM?EEPROM                            -----    -----      -----    -----      -----    -----
  +--> ?PR?START?EEPROM
  +--> ?PR?ACKD?EEPROM
  +--> ?PR?_E_D_M?EEPROM
  +--> ?PR?STOP?EEPROM
  +--> ?PR?_DELAY_1MS?DELAY
  +--> ?PR?_DELAY_20US?DELAY

?PR?_DELAY_1MS?DELAY                             -----    -----      -----    -----      -----    -----
  +--> ?PR?_DELAY_20US?DELAY

?PR?_INGRESADATO?PROG                            -----    -----      -----    -----      0071H    0004H
  +--> ?PR?_GETKEY?MAIN
  +--> ?CO?PROG
  +--> ?PR?PRINTF?PRINTF
  +--> ?PR?_PUTCHAR?MAIN

?PR?_GETKEY?MAIN                                 -----    -----      -----    -----      -----    -----
  +--> ?PR?COM_GETCHAR?UART

?PR?COM_GETCHAR?UART                             -----    -----      -----    -----      -----    -----
  +--> ?PR?COM_RBUFLEN?UART

?PR?_GETCMD?PROG                                 -----    -----      -----    -----      005DH    0007H
  +--> ?CO?PROG
  +--> ?PR?_STRTOK?STRTOK

?PR?_STRTOK?STRTOK                               -----    -----      -----    -----      0064H    0006H
  +--> ?PR?_STRSPN?STRSPN
  +--> ?PR?_STRPBRK?STRPBRK

BL51 BANKED LINKER/LOCATER V6.22.2.0                                                  11/13/2020  15:29:26  PAGE 10


?PR?_STRSPN?STRSPN                               -----    -----      -----    -----      006AH    0008H

?PR?_STRPBRK?STRPBRK                             -----    -----      -----    -----      006AH    0009H

?PR?_VALIDARCLAVE?PROG                           -----    -----      -----    -----      005DH    000EH

?PR?DISPLAYCURSOR?PROG                           -----    -----      -----    -----      -----    -----
  +--> ?CO?PROG
  +--> ?PR?PRINTF?PRINTF

?PR?_GETOPTION?PROG                              -----    -----      -----    -----      0046H    000BH
  +--> ?CO?PROG
  +--> ?PR?_STRTOK?STRTOK

?PR?_STRCAT?STRCAT                               -----    -----      -----    -----      0046H    0009H

?PR?_LISTACOMANDOS?PROG                          -----    -----      -----    -----      0046H    0007H

?PR?PROG_ID_CLIENTE?PROG                         -----    -----      -----    -----      0046H    000CH
  +--> ?PR?_RD_EEPROM?EEPROM
  +--> ?CO?PROG
  +--> ?PR?PRINTF?PRINTF
  +--> ?PR?_INGRESADATO?PROG
  +--> ?PR?_ATOI?ATOI
  +--> ?PR?_WR_EEPROM?EEPROM

?PR?_ATOI?ATOI                                   0020H.0  0000H.1    -----    -----      0071H    0005H
  +--> ?PR?_ISSPACE?ISSPACE
  +--> ?PR?_ISDIGIT?ISDIGIT

?PR?PROG_COD_PARK?PROG                           -----    -----      -----    -----      0046H    000CH
  +--> ?PR?_RD_EEPROM?EEPROM
  +--> ?CO?PROG
  +--> ?PR?PRINTF?PRINTF
  +--> ?PR?_INGRESADATO?PROG
  +--> ?PR?_ATOI?ATOI
  +--> ?PR?_WR_EEPROM?EEPROM

?PR?PROG_TIEMPO_GRACIA?PROG                      -----    -----      -----    -----      0046H    000CH
  +--> ?PR?_RD_EEPROM?EEPROM
  +--> ?CO?PROG
  +--> ?PR?PRINTF?PRINTF
  +--> ?PR?_INGRESADATO?PROG
  +--> ?PR?_ATOI?ATOI
  +--> ?PR?_WR_EEPROM?EEPROM

?PR?PROG_SIN_COBRO?PROG                          -----    -----      -----    -----      0046H    000CH
  +--> ?PR?_RD_EEPROM?EEPROM
  +--> ?CO?PROG
  +--> ?PR?PRINTF?PRINTF
  +--> ?PR?_INGRESADATO?PROG
  +--> ?PR?_ATOI?ATOI
  +--> ?PR?_WR_EEPROM?EEPROM

?PR?PROG_DEBUG?PROG                              -----    -----      -----    -----      0046H    000CH
  +--> ?PR?_RD_EEPROM?EEPROM
  +--> ?CO?PROG
BL51 BANKED LINKER/LOCATER V6.22.2.0                                                  11/13/2020  15:29:26  PAGE 11


  +--> ?PR?PRINTF?PRINTF
  +--> ?PR?_INGRESADATO?PROG
  +--> ?PR?_ATOI?ATOI
  +--> ?PR?_WR_EEPROM?EEPROM

?PR?PROG_USE_LPR?PROG                            -----    -----      -----    -----      0046H    000CH
  +--> ?PR?_RD_EEPROM?EEPROM
  +--> ?CO?PROG
  +--> ?PR?PRINTF?PRINTF
  +--> ?PR?_INGRESADATO?PROG
  +--> ?PR?_ATOI?ATOI
  +--> ?PR?_WR_EEPROM?EEPROM

?PR?TIPO_PANTALLA?PROG                           -----    -----      -----    -----      0046H    000CH
  +--> ?PR?_RD_EEPROM?EEPROM
  +--> ?CO?PROG
  +--> ?PR?PRINTF?PRINTF
  +--> ?PR?_INGRESADATO?PROG
  +--> ?PR?_ATOI?ATOI
  +--> ?PR?_WR_EEPROM?EEPROM

?PR?PROG_TARJETA_AUTOMATICA_O_BOTON?PROG         -----    -----      -----    -----      0046H    000CH
  +--> ?PR?_RD_EEPROM?EEPROM
  +--> ?CO?PROG
  +--> ?PR?PRINTF?PRINTF
  +--> ?PR?_INGRESADATO?PROG
  +--> ?PR?_ATOI?ATOI
  +--> ?PR?_WR_EEPROM?EEPROM

?PR?PROG_ANTIPASSBACK?PROG                       -----    -----      -----    -----      0046H    000CH
  +--> ?PR?_RD_EEPROM?EEPROM
  +--> ?CO?PROG
  +--> ?PR?PRINTF?PRINTF
  +--> ?PR?_INGRESADATO?PROG
  +--> ?PR?_ATOI?ATOI
  +--> ?PR?_WR_EEPROM?EEPROM

?PR?PROG_PLACA?PROG                              -----    -----      -----    -----      0046H    000CH
  +--> ?PR?_RD_EEPROM?EEPROM
  +--> ?CO?PROG
  +--> ?PR?PRINTF?PRINTF
  +--> ?PR?_INGRESADATO?PROG
  +--> ?PR?_ATOI?ATOI
  +--> ?PR?_WR_EEPROM?EEPROM

?PR?PROG_ADDRESS_HIGH_BOARD?PROG                 -----    -----      -----    -----      0046H    000CH
  +--> ?PR?_RD_EEPROM?EEPROM
  +--> ?CO?PROG
  +--> ?PR?PRINTF?PRINTF
  +--> ?PR?_INGRESADATO?PROG
  +--> ?PR?_ATOI?ATOI
  +--> ?PR?_WR_EEPROM?EEPROM

?PR?PROG_HORARIOS?PROG                           -----    -----      -----    -----      0046H    001BH
  +--> ?PR?ADDR_HORARIOS?PROG
  +--> ?CO?PROG
  +--> ?PR?PRINTF?PRINTF
BL51 BANKED LINKER/LOCATER V6.22.2.0                                                  11/13/2020  15:29:26  PAGE 12


  +--> ?PR?_INGRESADATO?PROG
  +--> ?PR?_ATOI?ATOI
  +--> ?PR?_PROG_HORARIOS_ON_OFF?PROG
  +--> ?PR?_WR_EEPROM?EEPROM
  +--> ?PR?_PROG_HORARIO_DIAS?PROG
  +--> ?PR?_PROG_HORARIO_DESDE_HASTA?PROG
  +--> ?PR?_RD_EEPROM?EEPROM

?PR?ADDR_HORARIOS?PROG                           -----    -----      -----    -----      0074H    000BH

?PR?_PROG_HORARIOS_ON_OFF?PROG                   -----    -----      -----    -----      0061H    0010H
  +--> ?PR?_RD_EEPROM?EEPROM
  +--> ?CO?PROG
  +--> ?PR?PRINTF?PRINTF
  +--> ?PR?_INGRESADATO?PROG
  +--> ?PR?_ATOI?ATOI
  +--> ?PR?_WR_EEPROM?EEPROM

?PR?_PROG_HORARIO_DIAS?PROG                      -----    -----      -----    -----      0061H    000FH
  +--> ?CO?PROG
  +--> ?PR?PRINTF?PRINTF
  +--> ?PR?_INGRESADATO?PROG
  +--> ?PR?_WR_EEPROM?EEPROM
  +--> ?PR?_RD_EEPROM?EEPROM

?PR?_PROG_HORARIO_DESDE_HASTA?PROG               -----    -----      -----    -----      0061H    000CH
  +--> ?CO?PROG
  +--> ?PR?PRINTF?PRINTF
  +--> ?PR?_INGRESADATO?PROG
  +--> ?PR?_WR_EEPROM?EEPROM
  +--> ?PR?_RD_EEPROM?EEPROM

?PR?PROG_VALIDAR_TIPO_VEHICULO_MENSUA...         -----    -----      -----    -----      0046H    000CH
  +--> ?PR?_RD_EEPROM?EEPROM
  +--> ?CO?PROG
  +--> ?PR?PRINTF?PRINTF
  +--> ?PR?_INGRESADATO?PROG
  +--> ?PR?_ATOI?ATOI
  +--> ?PR?_WR_EEPROM?EEPROM

?PR?PROG_APB_MENSUAL?PROG                        -----    -----      -----    -----      0046H    000CH
  +--> ?PR?_RD_EEPROM?EEPROM
  +--> ?CO?PROG
  +--> ?PR?PRINTF?PRINTF
  +--> ?PR?_INGRESADATO?PROG
  +--> ?PR?_ATOI?ATOI
  +--> ?PR?_WR_EEPROM?EEPROM

?PR?VER_PROG?PROG                                -----    -----      -----    -----      0046H    0013H
  +--> ?PR?_RD_EEPROM?EEPROM
  +--> ?CO?PROG
  +--> ?PR?PRINTF?PRINTF
  +--> ?PR?VER_HORARIO?PROG
  +--> ?PR?_LEERMEMORIA?EEPROM
  +--> ?PR?_HEX_ASCII?CLOCK

?PR?VER_HORARIO?PROG                             -----    -----      -----    -----      0059H    001BH
BL51 BANKED LINKER/LOCATER V6.22.2.0                                                  11/13/2020  15:29:26  PAGE 13


  +--> ?PR?ADDR_HORARIOS?PROG
  +--> ?CO?PROG
  +--> ?PR?PRINTF?PRINTF
  +--> ?PR?_RD_EEPROM?EEPROM
  +--> ?PR?_VER_HORARIO_DIAS?PROG
  +--> ?PR?_VER_HORARIO_DESDE_HASTA?PROG

?PR?_VER_HORARIO_DIAS?PROG                       -----    -----      -----    -----      0074H    0003H
  +--> ?PR?_RD_EEPROM?EEPROM
  +--> ?CO?PROG
  +--> ?PR?PRINTF?PRINTF

?PR?_VER_HORARIO_DESDE_HASTA?PROG                -----    -----      -----    -----      0074H    0002H
  +--> ?CO?PROG
  +--> ?PR?PRINTF?PRINTF
  +--> ?PR?_RD_EEPROM?EEPROM

?PR?_HEX_ASCII?CLOCK                             -----    -----      -----    -----      005DH    0006H
  +--> ?PR?_HEX_BCD?CLOCK

?PR?SHOW?PROG                                    -----    -----      -----    -----      -----    -----
  +--> ?CO?PROG
  +--> ?PR?PRINTF?PRINTF

?PR?PROG_FECHA_VENCIMIENTO?PROG                  -----    -----      -----    -----      0046H    0017H
  +--> ?PR?_LEERMEMORIA?EEPROM
  +--> ?PR?_HEX_ASCII?CLOCK
  +--> ?CO?PROG
  +--> ?PR?PRINTF?PRINTF
  +--> ?PR?_HASH_ID?PROG
  +--> ?PR?_INGRESADATO?PROG
  +--> ?PR?_GETCMD?PROG
  +--> ?PR?_ESCRIBIRMEMORIA?EEPROM
  +--> ?PR?_VALIDARCLAVE?PROG
  +--> ?PR?_ATOI?ATOI
  +--> ?PR?_WR_EEPROM?EEPROM

?PR?VARIABLE_INICIO?MAIN                         -----    -----      -----    -----      -----    -----
  +--> ?PR?_RD_EEPROM?EEPROM

?PR?SECUENCIA_INICIO_EXPEDIDOR?VERIFI...         -----    -----      -----    -----      0001H    0001H
  +--> ?PR?_INICIALIZA?LINTECH
  +--> ?PR?TRAMA_VALIDACION_P_N?VERIFICADOR
  +--> ?CO?VERIFICADOR
  +--> ?PR?_DEBUG_TXT_TIBBO?TIBBO
  +--> ?PR?_DEBUGBUFFERMF?TIBBO
  +--> ?PR?DWLOAD_EEPROM?LINTECH

?PR?_INICIALIZA?LINTECH                          -----    -----      -----    -----      0002H    000CH
  +--> ?CO?LINTECH
  +--> ?PR?_DEBUG_TXT_TIBBO?TIBBO
  +--> ?PR?_DEBUGBUFFERMF?TIBBO
  +--> ?PR?_ESCRIBIRCADENASOFT_BUFFER?MAIN

?PR?_DEBUG_TXT_TIBBO?TIBBO                       -----    -----      -----    -----      0037H    0004H
  +--> ?PR?_DEBUG_CHR_TIBBO?TIBBO
  +--> ?CO?TIBBO
BL51 BANKED LINKER/LOCATER V6.22.2.0                                                  11/13/2020  15:29:26  PAGE 14


  +--> ?PR?_TX_AUX?TIBBO

?PR?_DEBUG_CHR_TIBBO?TIBBO                       -----    -----      -----    -----      -----    -----
  +--> ?PR?_TX_AUX?TIBBO

?PR?_DEBUGBUFFERMF?TIBBO                         -----    -----      -----    -----      0027H    0006H
  +--> ?CO?TIBBO
  +--> ?PR?_DEBUG_TXT_TIBBO?TIBBO
  +--> ?PR?_DEBUG_CHR_TIBBO?TIBBO
  +--> ?PR?_TX_AUX?TIBBO

?PR?_ESCRIBIRCADENASOFT_BUFFER?MAIN              -----    -----      -----    -----      0027H    0006H
  +--> ?PR?_PUTCHAR?MAIN

?PR?TRAMA_VALIDACION_P_N?VERIFICADOR             -----    -----      -----    -----      -----    -----
  +--> ?CO?VERIFICADOR
  +--> ?PR?_DEBUG_TXT_TIBBO?TIBBO

?PR?DWLOAD_EEPROM?LINTECH                        -----    -----      -----    -----      0002H    0016H
  +--> ?CO?LINTECH
  +--> ?PR?_DEBUG_TXT_TIBBO?TIBBO
  +--> ?PR?_DEBUGBUFFERMF?TIBBO
  +--> ?PR?_ESCRIBIRCADENASOFT_BUFFER?MAIN

?PR?RX_MONITOR?MONITOR                           -----    -----      -----    -----      0009H    000DH
  +--> ?PR?_RECIBE_CMD_MONITOR?MONITOR
  +--> ?PR?_DEBUG_MONITOR?TIBBO
  +--> ?PR?_VALIDA_TRAMA_MONITOR?MONITOR

?PR?_RECIBE_CMD_MONITOR?MONITOR                  -----    -----      -----    -----      0016H    0009H
  +--> ?PR?RX_DATA?TIBBO

?PR?RX_DATA?TIBBO                                -----    -----      -----    -----      -----    -----
  +--> ?PR?TIME_MBIT?TIBBO
  +--> ?PR?TIME_BIT?TIBBO

?PR?_DEBUG_MONITOR?TIBBO                         -----    -----      -----    -----      0016H    0004H
  +--> ?PR?DEBUG_DIVIDIR_TEXTO?TIBBO
  +--> ?CO?TIBBO
  +--> ?PR?_DEBUG_TXT_TIBBO?TIBBO

?PR?DEBUG_DIVIDIR_TEXTO?TIBBO                    -----    -----      -----    -----      -----    -----
  +--> ?CO?TIBBO
  +--> ?PR?_DEBUG_TXT_TIBBO?TIBBO

?PR?_VALIDA_TRAMA_MONITOR?MONITOR                -----    -----      -----    -----      0016H    0005H

?PR?_SECUENCIAEXPEDIDORMF?VERIFICADOR            -----    -----      -----    -----      0001H    0001H
  +--> ?PR?_CHECK_STATUS?LINTECH
  +--> ?PR?_LOAD_SECUENCIA_EXPEDIDOR?VERIFIC...
  +--> ?PR?_RTA_CMD_TRANSPORTE?VERIFICADOR
  +--> ?PR?_MOV_CARD?LINTECH
  +--> ?PR?_CARD_INSERCION?LINTECH
  +--> ?PR?AUT_CARD_CHECK_STATUS?LINTECH
  +--> ?PR?LOADVERIFY_EEPROM?LINTECH
  +--> ?PR?_RD_MF?LINTECH
  +--> ?PR?_WR_MF?LINTECH
BL51 BANKED LINKER/LOCATER V6.22.2.0                                                  11/13/2020  15:29:26  PAGE 15


  +--> ?PR?DWLOAD_EEPROM?LINTECH
  +--> ?PR?ENTREGA_CARD_CAPTURA?VERIFICADOR
  +--> ?PR?_SEND_PTO_PARALELO?VERIFICADOR
  +--> ?PR?_WAIT_PLACA?VERIFICADOR
  +--> ?PR?UNIQUE_IDENTIFIER_UID?LINTECH
  +--> ?PR?_PREGUNTA_LPR?VERIFICADOR
  +--> ?PR?PREGUNTA_PLACA?VERIFICADOR
  +--> ?PR?_VALIDA_TIPO_TARJETA?VERIFICADOR
  +--> ?PR?POWER_OFF?LINTECH
  +--> ?PR?CLAVE_SEGURIDAD_S2?LINTECH
  +--> ?PR?RESPONDE_ESTADO_SENSORES_TRANSPOR...
  +--> ?PR?RESPONDE_TIPO_TARJETA?VERIFICADOR
  +--> ?PR?_RESPONDE_LECTURA_TARJETA_SECTOR1...
  +--> ?PR?_RESPONDE_LECTURA_TARJETA_SECTOR1...
  +--> ?PR?_RESPONDE_LECTURA_TARJETA_SECTOR1...
  +--> ?PR?_RESPONDE_WRITE_TARJETA_SECTOR1_B...
  +--> ?PR?_RESPONDE_WRITE_TARJETA_SECTOR2_B...
  +--> ?PR?_RESPONDE_WRITE_TARJETA_SECTOR1_B...
  +--> ?PR?_RESPONDE_WRITE_TARJETA_SECTOR1_B...
  +--> ?PR?_DISPARO_LOCK_ENTRADA_VEHICULO?VE...
  +--> ?PR?_RESPUESTA_SEGUNDA_CLAVE?VERIFICADOR
  +--> ?PR?ANALIZA_PRESENCIA_MENSUAL?VERIFIC...
  +--> ?PR?_ANALIZA_UID_CARD?VERIFICADOR
  +--> ?PR?ANALIZA_PRESENCIA_ROTACION?VERIFI...
  +--> ?CO?VERIFICADOR
  +--> ?PR?_DEBUG_TXT_TIBBO?TIBBO

?PR?_CHECK_STATUS?LINTECH                        -----    -----      -----    -----      0002H    000BH
  +--> ?CO?LINTECH
  +--> ?PR?_DEBUG_TXT_TIBBO?TIBBO
  +--> ?PR?_DEBUGBUFFERMF?TIBBO
  +--> ?PR?_ESCRIBIRCADENASOFT_BUFFER?MAIN

?PR?_LOAD_SECUENCIA_EXPEDIDOR?VERIFIC...         -----    -----      -----    -----      0002H    0009H

?PR?_RTA_CMD_TRANSPORTE?VERIFICADOR              -----    -----      -----    -----      0002H    0005H
  +--> ?PR?TRAMA_VALIDACION_P_N?VERIFICADOR
  +--> ?CO?VERIFICADOR
  +--> ?PR?_DEBUG_TXT_TIBBO?TIBBO
  +--> ?PR?_DEBUGBUFFERMF?TIBBO
  +--> ?PR?ERROR_RX_PTO?VERIFICADOR

?PR?ERROR_RX_PTO?VERIFICADOR                     -----    -----      -----    -----      0007H    0001H
  +--> ?CO?VERIFICADOR
  +--> ?PR?_DEBUG_TXT_TIBBO?TIBBO
  +--> ?PR?_DEBUG_CHR_TIBBO?TIBBO
  +--> ?PR?_DELAY_10MS?DELAY

?PR?_DELAY_10MS?DELAY                            -----    -----      -----    -----      0008H    0004H
  +--> ?PR?_DELAY_1MS?DELAY

?PR?_MOV_CARD?LINTECH                            -----    -----      -----    -----      0002H    000CH
  +--> ?CO?LINTECH
  +--> ?PR?_DEBUG_TXT_TIBBO?TIBBO
  +--> ?PR?_DEBUGBUFFERMF?TIBBO
  +--> ?PR?_ESCRIBIRCADENASOFT_BUFFER?MAIN

BL51 BANKED LINKER/LOCATER V6.22.2.0                                                  11/13/2020  15:29:26  PAGE 16


?PR?_CARD_INSERCION?LINTECH                      -----    -----      -----    -----      0002H    000AH
  +--> ?CO?LINTECH
  +--> ?PR?_DEBUG_TXT_TIBBO?TIBBO
  +--> ?PR?_DEBUGBUFFERMF?TIBBO
  +--> ?PR?_ESCRIBIRCADENASOFT_BUFFER?MAIN

?PR?AUT_CARD_CHECK_STATUS?LINTECH                -----    -----      -----    -----      0002H    000BH
  +--> ?CO?LINTECH
  +--> ?PR?_DEBUG_TXT_TIBBO?TIBBO
  +--> ?PR?_DEBUGBUFFERMF?TIBBO
  +--> ?PR?_ESCRIBIRCADENASOFT_BUFFER?MAIN

?PR?LOADVERIFY_EEPROM?LINTECH                    -----    -----      -----    -----      0002H    0010H
  +--> ?CO?LINTECH
  +--> ?PR?_DEBUG_TXT_TIBBO?TIBBO
  +--> ?PR?_DEBUGBUFFERMF?TIBBO
  +--> ?PR?_ESCRIBIRCADENASOFT_BUFFER?MAIN

?PR?_RD_MF?LINTECH                               -----    -----      -----    -----      0002H    0012H
  +--> ?CO?LINTECH
  +--> ?PR?_DEBUG_TXT_TIBBO?TIBBO
  +--> ?PR?_DEBUG_CHR_TIBBO?TIBBO
  +--> ?PR?_DEBUGBUFFERMF?TIBBO
  +--> ?PR?_ESCRIBIRCADENASOFT_BUFFER?MAIN

?PR?_WR_MF?LINTECH                               -----    -----      -----    -----      0002H    0025H
  +--> ?CO?LINTECH
  +--> ?PR?_DEBUG_TXT_TIBBO?TIBBO
  +--> ?PR?_DEBUG_CHR_TIBBO?TIBBO
  +--> ?PR?_DEBUGBUFFERMF?TIBBO
  +--> ?PR?_ESCRIBIRCADENASOFT_BUFFER?MAIN

?PR?ENTREGA_CARD_CAPTURA?VERIFICADOR             -----    -----      -----    -----      0002H    0001H
  +--> ?CO?VERIFICADOR
  +--> ?PR?_DEBUG_TXT_TIBBO?TIBBO
  +--> ?PR?SEL_SENSOR2?IO_SENSORES
  +--> ?PR?VALIDASENSOR?IO_SENSORES
  +--> ?PR?VALIDA_SENSOR1_AUTO?IO_SENSORES

?PR?VALIDA_SENSOR1_AUTO?IO_SENSORES              -----    -----      -----    -----      0011H    0001H
  +--> ?PR?SEL_SENSOR1?IO_SENSORES
  +--> ?PR?SEL_AUTO?IO_SENSORES
  +--> ?CO?IO_SENSORES
  +--> ?PR?_DEBUG_TXT_TIBBO?TIBBO
  +--> ?PR?BOTTON?IO_SENSORES

?PR?BOTTON?IO_SENSORES                           -----    -----      -----    -----      -----    -----
  +--> ?PR?SEL_PULSA?IO_SENSORES
  +--> ?CO?IO_SENSORES
  +--> ?PR?_DEBUG_TXT_TIBBO?TIBBO

?PR?_SEND_PTO_PARALELO?VERIFICADOR               -----    -----      -----    -----      0002H    0004H
  +--> ?PR?_ARMAR_TRAMA_PTO_PARALELO_EXPEDID...
  +--> ?PR?_ARMAR_TRAMA_PTO_PARALELO_EXPEDID...
  +--> ?PR?INCREMENTE_TICKET?EEPROM
  +--> ?PR?_SEND_PORT?PTO_PARALELO
  +--> ?CO?VERIFICADOR
BL51 BANKED LINKER/LOCATER V6.22.2.0                                                  11/13/2020  15:29:26  PAGE 17


  +--> ?PR?_DEBUG_TXT_TIBBO?TIBBO
  +--> ?PR?_DEBUGBUFFERMF?TIBBO
  +--> ?PR?CLEAR_PLACA?MONITOR

?PR?_ARMAR_TRAMA_PTO_PARALELO_EXPEDID...         -----    -----      -----    -----      0006H    0006H
  +--> ?PR?_BLOCK_READ_CLOCK_HEX?CLOCK
  +--> ?PR?_RD_EEPROM?EEPROM

?PR?_ARMAR_TRAMA_PTO_PARALELO_EXPEDID...         -----    -----      -----    -----      0006H    000FH
  +--> ?PR?LEE_NO_TICKET?EEPROM
  +--> ?PR?_STRCAT?STRCAT
  +--> ?PR?_STRLEN?STRLEN
  +--> ?PR?_BLOCK_READ_CLOCK_HEX?CLOCK
  +--> ?PR?_RD_EEPROM?EEPROM

?PR?LEE_NO_TICKET?EEPROM                         -----    -----      -----    -----      001DH    000BH
  +--> ?PR?READ_EEPROM_TICKET?EEPROM
  +--> ?CO?EEPROM
  +--> ?PR?PRINTF?PRINTF
  +--> ?PR?_STRLEN?STRLEN
  +--> ?PR?_DEBUG_TXT_TIBBO?TIBBO

?PR?READ_EEPROM_TICKET?EEPROM                    -----    -----      -----    -----      0028H    0007H
  +--> ?PR?_RD_EEPROM?EEPROM

?PR?INCREMENTE_TICKET?EEPROM                     -----    -----      -----    -----      0006H    000BH
  +--> ?PR?READ_EEPROM_TICKET?EEPROM
  +--> ?CO?EEPROM
  +--> ?PR?PRINTF?PRINTF
  +--> ?PR?_WRITE_EEPROM_TICKET?EEPROM

?PR?_WRITE_EEPROM_TICKET?EEPROM                  -----    -----      -----    -----      0015H    000BH
  +--> ?CO?EEPROM
  +--> ?PR?_DEBUG_TXT_TIBBO?TIBBO
  +--> ?PR?_ATOL?ATOL
  +--> ?PR?_DEBUG_CHR_TIBBO?TIBBO
  +--> ?PR?_WR_EEPROM?EEPROM

?PR?_ATOL?ATOL                                   0020H.0  0000H.1    -----    -----      0020H    0007H
  +--> ?PR?_ISSPACE?ISSPACE
  +--> ?PR?_ISDIGIT?ISDIGIT

?PR?_SEND_PORT?PTO_PARALELO                      -----    -----      -----    -----      0015H    000AH
  +--> ?PR?PULSO_BUS?PTO_PARALELO
  +--> ?PR?_DELAY_20US?DELAY

?PR?PULSO_BUS?PTO_PARALELO                       -----    -----      -----    -----      -----    -----
  +--> ?PR?_DELAY_20US?DELAY

?PR?_WAIT_PLACA?VERIFICADOR                      -----    -----      -----    -----      0002H    0007H
  +--> ?CO?VERIFICADOR
  +--> ?PR?_DEBUG_TXT_TIBBO?TIBBO
  +--> ?PR?RX_MONITOR?MONITOR
  +--> ?PR?_RESPUESTA_PLACA_CANCEL?VERIFICADOR

?PR?_RESPUESTA_PLACA_CANCEL?VERIFICADOR          -----    -----      -----    -----      0009H    000AH
  +--> ?CO?VERIFICADOR
BL51 BANKED LINKER/LOCATER V6.22.2.0                                                  11/13/2020  15:29:26  PAGE 18


  +--> ?PR?_DEBUG_TXT_TIBBO?TIBBO
  +--> ?PR?_ARMAR_TRAMA_TARJETA_SECTOR1_BLOQ...

?PR?_ARMAR_TRAMA_TARJETA_SECTOR1_BLOQ...         -----    -----      -----    -----      0013H    0004H
  +--> ?PR?CLEAR_PLACA?MONITOR
  +--> ?PR?_RD_EEPROM?EEPROM

?PR?UNIQUE_IDENTIFIER_UID?LINTECH                -----    -----      -----    -----      0002H    000BH
  +--> ?CO?LINTECH
  +--> ?PR?_DEBUG_TXT_TIBBO?TIBBO
  +--> ?PR?_DEBUGBUFFERMF?TIBBO
  +--> ?PR?_ESCRIBIRCADENASOFT_BUFFER?MAIN

?PR?_PREGUNTA_LPR?VERIFICADOR                    -----    -----      -----    -----      0002H    0003H
  +--> ?CO?VERIFICADOR
  +--> ?PR?_DEBUG_TXT_TIBBO?TIBBO
  +--> ?PR?_RD_EEPROM?EEPROM
  +--> ?PR?_ARMAR_TRAMA_MONITOR?VERIFICADOR

?PR?_ARMAR_TRAMA_MONITOR?VERIFICADOR             -----    -----      -----    -----      0005H    000FH
  +--> ?PR?DIR_BOARD_MONITOR?IO_SENSORES
  +--> ?PR?LEE_NO_TICKET?EEPROM
  +--> ?PR?_STRCAT?STRCAT
  +--> ?PR?_BYTEHEX_DECIMAL?CLOCK
  +--> ?PR?_STRLEN?STRLEN
  +--> ?PR?_TWO_BYTEHEX_DECIMAL?CLOCK
  +--> ?PR?_BLOCK_READ_CLOCK_ASCII?CLOCK

?PR?DIR_BOARD_MONITOR?IO_SENSORES                -----    -----      -----    -----      -----    -----
  +--> ?PR?_RD_EEPROM?EEPROM

?PR?_BYTEHEX_DECIMAL?CLOCK                       -----    -----      -----    -----      0014H    0001H

?PR?_TWO_BYTEHEX_DECIMAL?CLOCK                   -----    -----      -----    -----      0014H    000CH
  +--> ?PR?_POW?POW

?PR?_POW?POW                                     -----    -----      -----    -----      0020H    000AH
  +--> ?PR?LOG?LOG
  +--> ?PR?EXP?EXP

?PR?LOG?LOG                                      0020H.0  0000H.1    -----    -----      002AH    0004H

?PR?PREGUNTA_PLACA?VERIFICADOR                   -----    -----      -----    -----      0002H    0001H
  +--> ?CO?VERIFICADOR
  +--> ?PR?_DEBUG_TXT_TIBBO?TIBBO
  +--> ?PR?_RD_EEPROM?EEPROM

?PR?_VALIDA_TIPO_TARJETA?VERIFICADOR             -----    -----      -----    -----      0002H    0007H
  +--> ?CO?VERIFICADOR
  +--> ?PR?_DEBUG_TXT_TIBBO?TIBBO
  +--> ?PR?_RD_EEPROM?EEPROM
  +--> ?PR?_TARJETA_MENSUAL?VERIFICADOR
  +--> ?PR?_SEND_PORTERR?PTO_PARALELO
  +--> ?PR?_PANTALLALCD?PANTALLAS
  +--> ?PR?CAPTURA_EXPULSA?VERIFICADOR
  +--> ?PR?_TARJETA_ROTACION?VERIFICADOR

BL51 BANKED LINKER/LOCATER V6.22.2.0                                                  11/13/2020  15:29:26  PAGE 19


?PR?_TARJETA_MENSUAL?VERIFICADOR                 -----    -----      -----    -----      0009H    0007H
  +--> ?PR?_HORARIOS?VERIFICADOR
  +--> ?PR?_CHECK_FECHAOUT?CLOCK
  +--> ?PR?_VALIDA_VEHICULO_CARD_MENSUAL?VER...
  +--> ?PR?CAPTURA_EXPULSA?VERIFICADOR
  +--> ?CO?VERIFICADOR
  +--> ?PR?_DEBUG_TXT_TIBBO?TIBBO
  +--> ?PR?_ARMAR_TRAMA_TARJETA_SECTOR1_BLOQ...
  +--> ?PR?_SEND_PORTERR?PTO_PARALELO
  +--> ?PR?_PANTALLALCD?PANTALLAS

?PR?_HORARIOS?VERIFICADOR                        -----    -----      -----    -----      0010H    0013H
  +--> ?PR?ADDR_HORARIOS?PROG
  +--> ?PR?_RD_EEPROM?EEPROM
  +--> ?PR?_LEE_CLK?CLOCK
  +--> ?CO?VERIFICADOR
  +--> ?PR?_DEBUG_TXT_TIBBO?TIBBO
  +--> ?PR?_DEBUG_CHR_TIBBO?TIBBO
  +--> ?PR?_BLOQUE_HORARIO?VERIFICADOR
  +--> ?PR?_PANTALLALCD?PANTALLAS

?PR?_BLOQUE_HORARIO?VERIFICADOR                  -----    -----      -----    -----      0023H    0007H
  +--> ?CO?VERIFICADOR
  +--> ?PR?_DEBUG_TXT_TIBBO?TIBBO
  +--> ?PR?_LEE_CLK?CLOCK
  +--> ?PR?_DEBUG_CHR_TIBBO?TIBBO
  +--> ?PR?_HORA_MAXIMA?VERIFICADOR
  +--> ?PR?_EN_HORARIO?VERIFICADOR
  +--> ?PR?_RD_EEPROM?EEPROM
  +--> ?PR?_SEND_PORTERR?PTO_PARALELO
  +--> ?PR?_PANTALLALCD?PANTALLAS

?PR?_HORA_MAXIMA?VERIFICADOR                     -----    -----      -----    -----      002FH    0008H
  +--> ?PR?_RD_EEPROM?EEPROM
  +--> ?PR?_DEBUG_CHR_TIBBO?TIBBO
  +--> ?CO?VERIFICADOR
  +--> ?PR?_DEBUG_TXT_TIBBO?TIBBO

?PR?_EN_HORARIO?VERIFICADOR                      -----    -----      -----    -----      002AH    0005H
  +--> ?CO?VERIFICADOR
  +--> ?PR?_DEBUG_TXT_TIBBO?TIBBO
  +--> ?PR?_HORA_MAXIMA?VERIFICADOR

?PR?_SEND_PORTERR?PTO_PARALELO                   -----    -----      -----    -----      002AH    0006H
  +--> ?PR?PULSO_BUS?PTO_PARALELO
  +--> ?PR?_DELAY_20US?DELAY

?PR?_PANTALLALCD?PANTALLAS                       -----    -----      -----    -----      002AH    000AH
  +--> ?CO?PANTALLAS
  +--> ?PR?_INIT_MEMPOOL?INIT_MEM
  +--> ?PR?_MALLOC?MALLOC
  +--> ?PR?_LCD_TXT?PANTALLAS
  +--> ?PR?_STRLEN?STRLEN
  +--> ?PR?_TX_CHRLCD?PANTALLAS
  +--> ?PR?_RASPBERRY_DATA?PANTALLAS
  +--> ?PR?_FREE?FREE

BL51 BANKED LINKER/LOCATER V6.22.2.0                                                  11/13/2020  15:29:26  PAGE 20


?PR?_MALLOC?MALLOC                               -----    -----      -----    -----      0034H    0006H

?PR?_LCD_TXT?PANTALLAS                           -----    -----      -----    -----      0034H    0005H
  +--> ?PR?_TX_CHRLCD?PANTALLAS

?PR?_TX_CHRLCD?PANTALLAS                         -----    -----      -----    -----      0039H    0002H
  +--> ?PR?_PUTCHAR?MAIN

?PR?_RASPBERRY_DATA?PANTALLAS                    -----    -----      -----    -----      0034H    0006H
  +--> ?PR?_STRLEN?STRLEN
  +--> ?PR?_PUTCHAR?MAIN

?PR?_FREE?FREE                                   -----    -----      -----    -----      0034H    0006H

?PR?_VALIDA_VEHICULO_CARD_MENSUAL?VER...         -----    -----      -----    -----      0010H    0004H
  +--> ?CO?VERIFICADOR
  +--> ?PR?_DEBUG_TXT_TIBBO?TIBBO
  +--> ?PR?_RD_EEPROM?EEPROM
  +--> ?PR?_SEND_PORTERR?PTO_PARALELO

?PR?_ARMAR_TRAMA_TARJETA_SECTOR1_BLOQ...         -----    -----      -----    -----      0010H    0006H
  +--> ?PR?_BLOCK_READ_CLOCK_HEX?CLOCK
  +--> ?PR?DIR_BOARD?IO_SENSORES

?PR?DIR_BOARD?IO_SENSORES                        -----    -----      -----    -----      0032H    0001H
  +--> ?PR?SEL_DIR1?IO_SENSORES
  +--> ?PR?SEL_DIR2?IO_SENSORES
  +--> ?PR?_RD_EEPROM?EEPROM

?PR?_TARJETA_ROTACION?VERIFICADOR                -----    -----      -----    -----      0009H    0006H
  +--> ?PR?_ARMAR_TRAMA_TARJETA_SECTOR1_BLOQ...

?PR?POWER_OFF?LINTECH                            -----    -----      -----    -----      0002H    000BH
  +--> ?CO?LINTECH
  +--> ?PR?_DEBUG_TXT_TIBBO?TIBBO
  +--> ?PR?_DEBUGBUFFERMF?TIBBO
  +--> ?PR?_ESCRIBIRCADENASOFT_BUFFER?MAIN

?PR?CLAVE_SEGURIDAD_S2?LINTECH                   -----    -----      -----    -----      0002H    0016H
  +--> ?CO?LINTECH
  +--> ?PR?_DEBUG_TXT_TIBBO?TIBBO
  +--> ?PR?_DEBUGBUFFERMF?TIBBO
  +--> ?PR?_ESCRIBIRCADENASOFT_BUFFER?MAIN

?PR?RESPONDE_ESTADO_SENSORES_TRANSPOR...         -----    -----      -----    -----      0002H    0001H
  +--> ?CO?VERIFICADOR
  +--> ?PR?_DEBUG_TXT_TIBBO?TIBBO
  +--> ?PR?_SEND_PORTERR?PTO_PARALELO
  +--> ?PR?INGRESO_VEHICULO?VERIFICADOR

?PR?INGRESO_VEHICULO?VERIFICADOR                 -----    -----      -----    -----      -----    -----
  +--> ?PR?VALIDASENSORESPASO?IO_SENSORES
  +--> ?PR?_RD_EEPROM?EEPROM
  +--> ?CO?VERIFICADOR
  +--> ?PR?_DEBUG_TXT_TIBBO?TIBBO
  +--> ?PR?_PANTALLALCD?PANTALLAS
  +--> ?PR?BOTTON?IO_SENSORES
BL51 BANKED LINKER/LOCATER V6.22.2.0                                                  11/13/2020  15:29:26  PAGE 21



?PR?VALIDASENSORESPASO?IO_SENSORES               -----    -----      -----    -----      0010H    0001H
  +--> ?PR?SEL_SENSOR2?IO_SENSORES
  +--> ?PR?VALIDASENSOR?IO_SENSORES
  +--> ?PR?VALIDA_SENSOR1_AUTO?IO_SENSORES
  +--> ?CO?IO_SENSORES
  +--> ?PR?_DEBUG_TXT_TIBBO?TIBBO

?PR?RESPONDE_TIPO_TARJETA?VERIFICADOR            -----    -----      -----    -----      0002H    0001H
  +--> ?CO?VERIFICADOR
  +--> ?PR?_DEBUG_TXT_TIBBO?TIBBO
  +--> ?PR?_SEND_PORTERR?PTO_PARALELO
  +--> ?PR?_PANTALLALCD?PANTALLAS
  +--> ?PR?CAPTURA_EXPULSA?VERIFICADOR

?PR?_RESPONDE_LECTURA_TARJETA_SECTOR1...         -----    -----      -----    -----      0002H    0016H
  +--> ?CO?VERIFICADOR
  +--> ?PR?_DEBUG_TXT_TIBBO?TIBBO
  +--> ?PR?_DEBUGBUFFERMF?TIBBO
  +--> ?PR?_RD_EEPROM?EEPROM
  +--> ?PR?_DEBUG_HEXDEC?TIBBO
  +--> ?PR?_DEBUG_CHR_TIBBO?TIBBO
  +--> ?PR?_SEND_PORTERR?PTO_PARALELO
  +--> ?PR?_PANTALLALCD?PANTALLAS
  +--> ?PR?CAPTURA_EXPULSA?VERIFICADOR

?PR?_DEBUG_HEXDEC?TIBBO                          -----    -----      -----    -----      0018H    0002H
  +--> ?PR?_TX_AUX?TIBBO

?PR?_RESPONDE_LECTURA_TARJETA_SECTOR1...         -----    -----      -----    -----      0002H    0004H
  +--> ?CO?VERIFICADOR
  +--> ?PR?_DEBUG_TXT_TIBBO?TIBBO
  +--> ?PR?CAPTURA_EXPULSA?VERIFICADOR

?PR?_RESPONDE_LECTURA_TARJETA_SECTOR1...         -----    -----      -----    -----      0002H    0015H
  +--> ?CO?VERIFICADOR
  +--> ?PR?_DEBUG_TXT_TIBBO?TIBBO
  +--> ?PR?_DEBUGBUFFERMF?TIBBO
  +--> ?PR?_DEBUG_CHR_TIBBO?TIBBO
  +--> ?PR?CAPTURA_EXPULSA?VERIFICADOR

?PR?_RESPONDE_WRITE_TARJETA_SECTOR1_B...         -----    -----      -----    -----      0002H    0007H
  +--> ?CO?VERIFICADOR
  +--> ?PR?_DEBUG_TXT_TIBBO?TIBBO
  +--> ?PR?_DEBUGBUFFERMF?TIBBO
  +--> ?PR?_ARMAR_TRAMA_TARJETA_SECTOR1_BLOQ...

?PR?_ARMAR_TRAMA_TARJETA_SECTOR1_BLOQ...         -----    -----      -----    -----      0009H    0003H
  +--> ?PR?LEE_NO_TICKET?EEPROM

?PR?_RESPONDE_WRITE_TARJETA_SECTOR2_B...         -----    -----      -----    -----      0002H    0003H
  +--> ?CO?VERIFICADOR
  +--> ?PR?_DEBUG_TXT_TIBBO?TIBBO
  +--> ?PR?_DEBUGBUFFERMF?TIBBO

?PR?_RESPONDE_WRITE_TARJETA_SECTOR1_B...         -----    -----      -----    -----      0002H    0003H
  +--> ?CO?VERIFICADOR
BL51 BANKED LINKER/LOCATER V6.22.2.0                                                  11/13/2020  15:29:26  PAGE 22


  +--> ?PR?_DEBUG_TXT_TIBBO?TIBBO
  +--> ?PR?_DEBUGBUFFERMF?TIBBO

?PR?_RESPONDE_WRITE_TARJETA_SECTOR1_B...         -----    -----      -----    -----      0002H    0003H
  +--> ?CO?VERIFICADOR
  +--> ?PR?_DEBUG_TXT_TIBBO?TIBBO
  +--> ?PR?_DEBUGBUFFERMF?TIBBO

?PR?_DISPARO_LOCK_ENTRADA_VEHICULO?VE...         -----    -----      -----    -----      0002H    0004H
  +--> ?CO?VERIFICADOR
  +--> ?PR?_DEBUG_TXT_TIBBO?TIBBO
  +--> ?PR?_PANTALLALCD?PANTALLAS
  +--> ?PR?_SEND_PORTERR?PTO_PARALELO
  +--> ?PR?_PANTALLALCD_LINEA_2?PANTALLAS
  +--> ?PR?VALIDA_SENSOR1_AUTO?IO_SENSORES

?PR?_PANTALLALCD_LINEA_2?PANTALLAS               -----    -----      -----    -----      0010H    000DH
  +--> ?CO?PANTALLAS
  +--> ?PR?_INIT_MEMPOOL?INIT_MEM
  +--> ?PR?_MALLOC?MALLOC
  +--> ?PR?_LCD_TXT?PANTALLAS
  +--> ?PR?_STRLEN?STRLEN
  +--> ?PR?_TX_CHRLCD?PANTALLAS
  +--> ?PR?_RASPBERRY_DATA?PANTALLAS
  +--> ?PR?LEE_NO_TICKET?EEPROM
  +--> ?PR?_STRCAT?STRCAT
  +--> ?PR?_FREE?FREE

?PR?_RESPUESTA_SEGUNDA_CLAVE?VERIFICADOR         -----    -----      -----    -----      0002H    0006H
  +--> ?CO?VERIFICADOR
  +--> ?PR?_DEBUG_TXT_TIBBO?TIBBO
  +--> ?PR?_DEBUGBUFFERMF?TIBBO
  +--> ?PR?_ARMAR_TRAMA_PLACA?VERIFICADOR

?PR?_ARMAR_TRAMA_PLACA?VERIFICADOR               -----    -----      -----    -----      0008H    0003H
  +--> ?PR?_STRLEN?STRLEN

?PR?ANALIZA_PRESENCIA_MENSUAL?VERIFIC...         -----    -----      -----    -----      0002H    0001H
  +--> ?PR?VALIDASENSORESPASO?IO_SENSORES
  +--> ?PR?_SEND_PORTERR?PTO_PARALELO
  +--> ?PR?_PANTALLALCD?PANTALLAS

?PR?_ANALIZA_UID_CARD?VERIFICADOR                -----    -----      -----    -----      0002H    0015H
  +--> ?CO?VERIFICADOR
  +--> ?PR?_DEBUG_TXT_TIBBO?TIBBO
  +--> ?PR?_DEBUGBUFFERMF?TIBBO
  +--> ?PR?_DEBUG_CHR_TIBBO?TIBBO

?PR?ANALIZA_PRESENCIA_ROTACION?VERIFI...         -----    -----      -----    -----      0002H    0001H
  +--> ?PR?VALIDASENSORESPASO?IO_SENSORES
  +--> ?PR?_SEND_PORTERR?PTO_PARALELO
  +--> ?PR?_PANTALLALCD?PANTALLAS

?PR?_RECIBE_PORT?PTO_PARALELO                    -----    -----      -----    -----      0001H    0008H
  +--> ?PR?OFF_TIMER0_INTERRUP?MAIN
  +--> ?PR?ON_TIMER0_INTERRUP?MAIN

BL51 BANKED LINKER/LOCATER V6.22.2.0                                                  11/13/2020  15:29:26  PAGE 23


?PR?_DEBUG_PTO_PARALELO?TIBBO                    -----    -----      -----    -----      0001H    0004H
  +--> ?PR?DEBUG_DIVIDIR_TEXTO?TIBBO
  +--> ?CO?TIBBO
  +--> ?PR?_DEBUG_TXT_TIBBO?TIBBO
  +--> ?PR?_DEBUGBUFFERMF?TIBBO

?PR?_VALIDA_TRAMA_PTO?ACCESCAN                   -----    -----      -----    -----      0001H    000FH
  +--> ?PR?_VALIDAR_CLK?CLOCK
  +--> ?PR?_BLOCK_WRITE_CLOCK_ASCII?CLOCK
  +--> ?PR?RELOJ_PANTALLA_LCD?PANTALLAS
  +--> ?PR?_PANTALLALCD?PANTALLAS
  +--> ?CO?ACCESCAN
  +--> ?PR?_DEBUG_TXT_TIBBO?TIBBO
  +--> ?PR?_BYTEHEX_DECIMAL?CLOCK
  +--> ?PR?_TWO_BYTEHEX_DECIMAL?CLOCK
  +--> ?PR?VALIDASENSORESPASO?IO_SENSORES
  +--> ?PR?_CMD_LPR_SALIDA_WIEGAND?ACCESCAN
  +--> ?PR?_PANTALLALCD_LINEA_2?PANTALLAS
  +--> ?PR?_GRABA_SERIE?EEPROM

?PR?_BLOCK_WRITE_CLOCK_ASCII?CLOCK               -----    -----      -----    -----      0010H    0003H
  +--> ?PR?_TWO_ONE?CLOCK
  +--> ?PR?_WR_CLK?CLOCK

?PR?_WR_CLK?CLOCK                                -----    -----      -----    -----      0013H    0002H
  +--> ?PR?_DELAY_20US?DELAY
  +--> ?PR?_EB_CLK?CLOCK

?PR?RELOJ_PANTALLA_LCD?PANTALLAS                 -----    -----      -----    -----      0010H    000DH
  +--> ?CO?PANTALLAS
  +--> ?PR?_BLOCK_READ_CLOCK?CLOCK
  +--> ?PR?_LCD_TXT_NUM_CHAR?PANTALLAS

?PR?_BLOCK_READ_CLOCK?CLOCK                      -----    -----      -----    -----      001DH    0003H
  +--> ?PR?_LEE_CLK?CLOCK

?PR?_LCD_TXT_NUM_CHAR?PANTALLAS                  -----    -----      -----    -----      001DH    0006H
  +--> ?PR?_TX_CHRLCD?PANTALLAS

?PR?_CMD_LPR_SALIDA_WIEGAND?ACCESCAN             -----    -----      -----    -----      0010H    0022H
  +--> ?PR?DIR_BOARD?IO_SENSORES
  +--> ?PR?_BLOCK_READ_CLOCK_ASCII?CLOCK
  +--> ?PR?_MONITOR_CHR?ACCESCAN

?PR?_MONITOR_CHR?ACCESCAN                        -----    -----      -----    -----      0032H    0005H
  +--> ?PR?_TX_AUX?TIBBO

?PR?_GRABA_SERIE?EEPROM                          -----    -----      -----    -----      0010H    0005H
  +--> ?CO?EEPROM
  +--> ?PR?_DEBUG_TXT_TIBBO?TIBBO
  +--> ?PR?_WRITE_EEPROM_TICKET?EEPROM
  +--> ?PR?_WR_EEPROM?EEPROM

?PR?MSJ_LCD_INFORMATIVO?IO_SENSORES              -----    -----      -----    -----      0001H    0001H
  +--> ?PR?SEL_FUNCION?IO_SENSORES
  +--> ?PR?LOAD_AND_SEND_INFO_RELOJ?PTO_PARA...
  +--> ?PR?LOAD_AND_SEND_ID_COD?PTO_PARALELO
BL51 BANKED LINKER/LOCATER V6.22.2.0                                                  11/13/2020  15:29:26  PAGE 24


  +--> ?PR?_RD_EEPROM?EEPROM
  +--> ?PR?_SEND_PORTERR?PTO_PARALELO

?PR?LOAD_AND_SEND_INFO_RELOJ?PTO_PARA...         -----    -----      -----    -----      0002H    000BH
  +--> ?PR?_BLOCK_READ_CLOCK?CLOCK
  +--> ?PR?_LEE_CLK?CLOCK
  +--> ?PR?_SEND_PORT?PTO_PARALELO

?PR?LOAD_AND_SEND_ID_COD?PTO_PARALELO            -----    -----      -----    -----      0002H    0013H
  +--> ?PR?_RD_EEPROM?EEPROM
  +--> ?CO?PTO_PARALELO
  +--> ?PR?PRINTF?PRINTF
  +--> ?PR?_SEND_PORT?PTO_PARALELO



SYMBOL TABLE OF MODULE:  .\Objects\expedidor_v_01_raspberry (MAIN)

  VALUE           TYPE          NAME
  ----------------------------------

  -------         MODULE        MAIN
  C:0000H         SYMBOL        _ICE_DUMMY_
  D:0080H         PUBLIC        P0
  D:0090H         PUBLIC        P1
  C:B3B1H         PUBLIC        timer0_int
  D:00B0H         PUBLIC        P3
  B:00A8H.7       PUBLIC        EA
  C:B7D6H         PUBLIC        off_Timer0_Interrup
  X:016AH         PUBLIC        ValTimeOutCom
  X:016BH         PUBLIC        Buffer_Rta_Lintech
  X:019DH         PUBLIC        Timer_wait
  B:0021H.1       PUBLIC        pto_paraleo
  X:019EH         PUBLIC        g_cContByteRx
  B:0080H.0       PUBLIC        rx_ip
  B:0080H.3       PUBLIC        Atascado
  C:A3B7H         PUBLIC        main
  X:019FH         PUBLIC        Timer_tivo
  C:AA86H         PUBLIC        variable_inicio
  B:0090H.7       PUBLIC        lock
  I:0023H         PUBLIC        rbuf
  C:B7C7H         PUBLIC        on_Timer0_Interrup
  I:0055H         PUBLIC        tbuf
  B:0090H.1       PUBLIC        DataIn
  D:0089H         PUBLIC        TMOD
  X:01A1H         PUBLIC        USE_LPR
  X:01A2H         PUBLIC        Debug_Tibbo
  X:01A3H         PUBLIC        Raspberry
  X:01A4H         PUBLIC        SIN_COBRO
  X:01A6H         PUBLIC        Tipo_Vehiculo
  B:00B0H.3       PUBLIC        busy
  C:B732H         PUBLIC        ini_timer
  B:00A8H.1       PUBLIC        ET0
  B:0088H.5       PUBLIC        TF0
  D:008CH         PUBLIC        TH0
  X:01A7H         PUBLIC        ACK
  X:01A8H         PUBLIC        g_cEstadoComSoft
BL51 BANKED LINKER/LOCATER V6.22.2.0                                                  11/13/2020  15:29:26  PAGE 25


  D:008AH         PUBLIC        TL0
  B:0088H.4       PUBLIC        TR0
  C:B742H         PUBLIC        inicia_board
  X:01A9H         PUBLIC        T_GRACIA
  B:0080H.7       PUBLIC        sel_com
  X:01ABH         PUBLIC        STX_LINTECH
  C:B761H         PUBLIC        _getkey
  X:01ACH         PUBLIC        ETX
  C:ACD6H         PUBLIC        _EscribirCadenaSoft_buffer
  B:0021H.2       PUBLIC        buffer_ready
  C:AFB8H         PUBLIC        _putchar
  B:0021H.3       PUBLIC        placa_ready
  -------         PROC          TIMER0_INT
  C:B3B1H         LINE#         16
  C:B3B7H         LINE#         19
  C:B3BDH         LINE#         20
  C:B3C2H         LINE#         21
  C:B3C2H         LINE#         22
  C:B3C8H         LINE#         23
  C:B3C8H         LINE#         25
  C:B3D6H         LINE#         26
  C:B3D8H         LINE#         28
  -------         ENDPROC       TIMER0_INT
  -------         PROC          INI_TIMER
  C:B732H         LINE#         31
  C:B732H         LINE#         32
  C:B732H         LINE#         34
  C:B73AH         LINE#         36
  C:B73DH         LINE#         37
  C:B73FH         LINE#         38
  C:B741H         LINE#         40
  -------         ENDPROC       INI_TIMER
  -------         PROC          ON_TIMER0_INTERRUP
  C:B7C7H         LINE#         43
  C:B7C7H         LINE#         44
  C:B7C7H         LINE#         45
  C:B7C9H         LINE#         46
  C:B7CBH         LINE#         48
  -------         ENDPROC       ON_TIMER0_INTERRUP
  -------         PROC          OFF_TIMER0_INTERRUP
  C:B7D6H         LINE#         51
  C:B7D6H         LINE#         52
  C:B7D6H         LINE#         53
  C:B7D8H         LINE#         55
  -------         ENDPROC       OFF_TIMER0_INTERRUP
  -------         PROC          _GETKEY
  -------         DO            
  D:0006H         SYMBOL        k
  -------         ENDDO         
  C:B761H         LINE#         63
  C:B761H         LINE#         64
  C:B761H         LINE#         68
  C:B761H         LINE#         69
  C:B764H         LINE#         70
  C:B764H         LINE#         71
  C:B76CH         LINE#         73
  C:B76CH         LINE#         74
BL51 BANKED LINKER/LOCATER V6.22.2.0                                                  11/13/2020  15:29:26  PAGE 26


  -------         ENDPROC       _GETKEY
  -------         PROC          _PUTCHAR
  X:00A7H         SYMBOL        c
  -------         DO            
  X:00A8H         SYMBOL        i
  -------         ENDDO         
  C:AFB8H         LINE#         78
  C:AFBDH         LINE#         79
  C:AFBDH         LINE#         82
  C:AFCCH         LINE#         83
  C:AFCCH         LINE#         84
  C:AFE2H         LINE#         85
  C:AFE2H         LINE#         87
  C:AFF0H         LINE#         88
  C:AFF0H         LINE#         90
  C:AFF5H         LINE#         91
  -------         ENDPROC       _PUTCHAR
  -------         PROC          _ESCRIBIRCADENASOFT_BUFFER
  X:0027H         SYMBOL        buffer
  X:002AH         SYMBOL        tamano_cadena
  -------         DO            
  X:002BH         SYMBOL        i
  X:002CH         SYMBOL        d
  -------         ENDDO         
  C:ACD6H         LINE#         95
  C:ACE4H         LINE#         96
  C:ACE4H         LINE#         98
  C:ACF2H         LINE#         99
  C:ACF2H         LINE#         100
  C:AD09H         LINE#         101
  C:AD13H         LINE#         102
  C:AD1BH         LINE#         103
  -------         ENDPROC       _ESCRIBIRCADENASOFT_BUFFER
  -------         PROC          INICIA_BOARD
  C:B742H         LINE#         108
  C:B742H         LINE#         109
  C:B742H         LINE#         110
  C:B745H         LINE#         111
  C:B748H         LINE#         112
  C:B74BH         LINE#         113
  C:B74DH         LINE#         114
  C:B74FH         LINE#         115
  C:B751H         LINE#         117
  -------         ENDPROC       INICIA_BOARD
  -------         PROC          VARIABLE_INICIO
  C:AA86H         LINE#         122
  C:AA86H         LINE#         123
  C:AA86H         LINE#         126
  C:AA97H         LINE#         127
  C:AAA8H         LINE#         128
  C:AAB6H         LINE#         129
  C:AAC4H         LINE#         130
  C:AAD2H         LINE#         132
  -------         ENDPROC       VARIABLE_INICIO
  -------         PROC          MAIN
  -------         DO            
  X:0141H         SYMBOL        buffer
BL51 BANKED LINKER/LOCATER V6.22.2.0                                                  11/13/2020  15:29:26  PAGE 27


  X:0169H         SYMBOL        Estado_Comunicacion_Secuencia_MF
  X:0000H         SYMBOL        Length_trama
  -------         ENDDO         
  C:A3B7H         LINE#         140
  C:A3B7H         LINE#         141
  C:A3B7H         LINE#         148
  C:A3BAH         LINE#         149
  C:A3BDH         LINE#         150
  C:A3C0H         LINE#         151
  C:A3C3H         LINE#         152
  C:A3C6H         LINE#         153
  C:A3C8H         LINE#         155
  C:A3CBH         LINE#         156
  C:A3D2H         LINE#         157
  C:A3D5H         LINE#         159
  C:A3DAH         LINE#         161
  C:A3DDH         LINE#         163
  C:A3E0H         LINE#         164
  C:A3E0H         LINE#         165
  C:A3E3H         LINE#         166
  C:A3E3H         LINE#         169
  C:A3E6H         LINE#         170
  C:A3ECH         LINE#         171
  C:A3F2H         LINE#         173
  C:A3F2H         LINE#         174
  C:A3F2H         LINE#         177
  C:A3F5H         LINE#         178
  C:A3F5H         LINE#         179
  C:A3F8H         LINE#         180
  C:A3F8H         LINE#         184
  C:A405H         LINE#         189
  C:A40BH         LINE#         190
  C:A40BH         LINE#         192
  C:A41AH         LINE#         194
  C:A423H         LINE#         196
  C:A431H         LINE#         198
  C:A431H         LINE#         199
  C:A434H         LINE#         203
  -------         ENDPROC       MAIN
  -------         ENDMOD        MAIN

  -------         MODULE        ACCESCAN
  C:0000H         SYMBOL        _ICE_DUMMY_
  D:0080H         PUBLIC        P0
  D:0090H         PUBLIC        P1
  B:0080H.2       PUBLIC        led_err_imp
  C:AEB7H         PUBLIC        _Monitor_chr
  B:0080H.3       PUBLIC        Atascado
  B:0090H.7       PUBLIC        lock
  C:4059H         PUBLIC        _Valida_Trama_Pto
  C:8049H         PUBLIC        _Cmd_LPR_Salida_wiegand
  -------         PROC          _VALIDA_TRAMA_PTO
  X:0001H         SYMBOL        buffer
  X:0004H         SYMBOL        length_trama
  -------         DO            
  X:0267H         SYMBOL        cont
  X:0005H         SYMBOL        buff
BL51 BANKED LINKER/LOCATER V6.22.2.0                                                  11/13/2020  15:29:26  PAGE 28


  -------         ENDDO         
  C:4059H         LINE#         85
  C:4067H         LINE#         86
  C:4067H         LINE#         92
  C:409DH         LINE#         93
  C:409DH         LINE#         94
  C:40B2H         LINE#         95
  C:40B2H         LINE#         96
  C:40C5H         LINE#         98
  C:40C8H         LINE#         100
  C:40C8H         LINE#         102
  C:40C8H         LINE#         104
  C:40DAH         LINE#         105
  C:40DAH         LINE#         106
  C:40E0H         LINE#         107
  C:40EDH         LINE#         108
  C:40EDH         LINE#         109
  C:40F2H         LINE#         110
  C:40F4H         LINE#         111
  C:40F9H         LINE#         112
  C:40FBH         LINE#         113
  C:40FDH         LINE#         114
  C:4101H         LINE#         115
  C:4101H         LINE#         116
  C:4102H         LINE#         118
  C:411AH         LINE#         119
  C:411AH         LINE#         121
  C:4127H         LINE#         122
  C:4127H         LINE#         123
  C:4129H         LINE#         124
  C:412BH         LINE#         125
  C:412DH         LINE#         126
  C:412FH         LINE#         127
  C:412FH         LINE#         129
  C:4155H         LINE#         130
  C:4155H         LINE#         131
  C:4159H         LINE#         132
  C:415EH         LINE#         133
  C:4167H         LINE#         134
  C:416CH         LINE#         135
  C:416CH         LINE#         138
  C:416DH         LINE#         141
  C:417FH         LINE#         142
  C:417FH         LINE#         143
  C:4181H         LINE#         144
  C:4184H         LINE#         146
  C:4196H         LINE#         147
  C:4196H         LINE#         148
  C:4198H         LINE#         149
  C:419BH         LINE#         151
  C:41B5H         LINE#         152
  C:41B5H         LINE#         153
  C:41B7H         LINE#         154
  C:41BAH         LINE#         157
  C:41D4H         LINE#         158
  C:41D4H         LINE#         159
  C:41D6H         LINE#         160
BL51 BANKED LINKER/LOCATER V6.22.2.0                                                  11/13/2020  15:29:26  PAGE 29


  C:41D8H         LINE#         163
  C:41F2H         LINE#         164
  C:41F2H         LINE#         165
  C:41F4H         LINE#         166
  C:41F6H         LINE#         170
  C:4210H         LINE#         171
  C:4210H         LINE#         172
  C:4212H         LINE#         173
  C:4214H         LINE#         176
  C:422EH         LINE#         177
  C:422EH         LINE#         178
  C:4230H         LINE#         179
  C:4232H         LINE#         181
  C:424CH         LINE#         182
  C:424CH         LINE#         183
  C:4251H         LINE#         184
  C:4251H         LINE#         186
  C:4281H         LINE#         187
  C:4281H         LINE#         188
  C:428FH         LINE#         189
  C:4292H         LINE#         192
  C:42D5H         LINE#         193
  C:42D5H         LINE#         195
  C:42EAH         LINE#         196
  C:42F0H         LINE#         197
  C:431AH         LINE#         200
  C:4322H         LINE#         201
  C:4322H         LINE#         204
  C:4329H         LINE#         205
  C:4329H         LINE#         206
  C:432EH         LINE#         207
  C:432EH         LINE#         208
  C:4330H         LINE#         210
  C:4330H         LINE#         211
  C:4339H         LINE#         212
  C:4341H         LINE#         213
  C:4341H         LINE#         218
  C:4343H         LINE#         221
  C:4343H         LINE#         224
  C:434AH         LINE#         225
  C:434AH         LINE#         226
  C:434FH         LINE#         227
  C:434FH         LINE#         228
  C:435AH         LINE#         232
  C:435AH         LINE#         233
  C:435AH         LINE#         235
  C:4387H         LINE#         236
  C:4387H         LINE#         237
  C:4396H         LINE#         239
  C:4396H         LINE#         241
  -------         ENDPROC       _VALIDA_TRAMA_PTO
  -------         PROC          _MONITOR_CHR
  X:0032H         SYMBOL        str
  X:0035H         SYMBOL        num_char
  -------         DO            
  X:0036H         SYMBOL        j
  -------         ENDDO         
BL51 BANKED LINKER/LOCATER V6.22.2.0                                                  11/13/2020  15:29:26  PAGE 30


  C:AEB7H         LINE#         396
  C:AEC5H         LINE#         397
  C:AEC5H         LINE#         399
  C:AED3H         LINE#         400
  C:AED3H         LINE#         401
  C:AEE5H         LINE#         402
  C:AEEFH         LINE#         403
  C:AEF7H         LINE#         404
  -------         ENDPROC       _MONITOR_CHR
  -------         PROC          _CMD_LPR_SALIDA_WIEGAND
  X:0010H         SYMBOL        buffer
  -------         DO            
  X:0013H         SYMBOL        Buffer_Lpr
  X:0031H         SYMBOL        j
  -------         ENDDO         
  C:8049H         LINE#         409
  C:8054H         LINE#         410
  C:8054H         LINE#         412
  C:805AH         LINE#         413
  C:805FH         LINE#         414
  C:8067H         LINE#         415
  C:806BH         LINE#         416
  C:8074H         LINE#         417
  C:8074H         LINE#         418
  C:8085H         LINE#         419
  C:8087H         LINE#         421
  C:8087H         LINE#         422
  C:8098H         LINE#         423
  C:8098H         LINE#         427
  C:80AFH         LINE#         428
  C:80AFH         LINE#         429
  C:80BEH         LINE#         430
  C:80C8H         LINE#         432
  C:80D0H         LINE#         433
  C:80E4H         LINE#         435
  C:80F4H         LINE#         436
  C:8105H         LINE#         437
  C:8112H         LINE#         441
  -------         ENDPROC       _CMD_LPR_SALIDA_WIEGAND
  -------         ENDMOD        ACCESCAN

  -------         MODULE        CLOCK
  C:0000H         SYMBOL        _ICE_DUMMY_
  C:AF2CH         PUBLIC        _two_one
  D:0090H         PUBLIC        P1
  C:6EE3H         PUBLIC        _validar_clk
  C:B435H         PUBLIC        _wr_clk
  C:85F4H         PUBLIC        _check_fechaOut
  B:00D0H.7       PUBLIC        CY
  C:0003H         PUBLIC        p_ck
  C:9880H         PUBLIC        _hex_ascii
  X:0268H         PUBLIC        data_clk
  C:B789H         PUBLIC        cond_ini_clock
  C:86BDH         PUBLIC        _Block_read_Clock
  B:0090H.4       PUBLIC        sck
  C:925AH         PUBLIC        _Block_read_Clock_Hex
  C:5C77H         PUBLIC        _Block_read_clock_ascii
BL51 BANKED LINKER/LOCATER V6.22.2.0                                                  11/13/2020  15:29:26  PAGE 31


  C:B050H         PUBLIC        _hex_bcd
  C:B609H         PUBLIC        _bcd_hex
  C:A81EH         PUBLIC        _ByteHex_Decimal
  C:99ACH         PUBLIC        _lee_clk
  B:0090H.5       PUBLIC        io
  C:9B52H         PUBLIC        _Block_write_clock_ascii
  B:0090H.6       PUBLIC        rst
  C:AF79H         PUBLIC        _eb_clk
  C:4397H         PUBLIC        _Two_ByteHex_Decimal
  -------         PROC          P_CK
  C:0003H         LINE#         48
  C:0003H         LINE#         49
  C:0003H         LINE#         50
  C:0005H         LINE#         51
  C:0008H         LINE#         52
  C:000AH         LINE#         53
  -------         ENDPROC       P_CK
  -------         PROC          _EB_CLK
  X:00B4H         SYMBOL        dir_clk
  -------         DO            
  X:00B5H         SYMBOL        nbits
  -------         ENDDO         
  C:AF79H         LINE#         55
  C:AF7EH         LINE#         57
  C:AF83H         LINE#         58
  C:AF83H         LINE#         59
  C:AF8CH         LINE#         60
  C:AF8FH         LINE#         61
  C:AF8FH         LINE#         62
  C:AF91H         LINE#         63
  C:AF93H         LINE#         65
  C:AF93H         LINE#         66
  C:AF95H         LINE#         67
  C:AF95H         LINE#         68
  C:AF98H         LINE#         69
  C:AFB7H         LINE#         70
[...]


  C:66D9H         LINE#         2303
  C:66E0H         LINE#         2304
  C:66E0H         LINE#         2305
  C:66E0H         LINE#         2306
  -------         ENDPROC       SECUENCIA_INICIO_EXPEDIDOR
  -------         PROC          _SECUENCIAEXPEDIDORMF
  X:0001H         SYMBOL        EstadoActivo
  -------         DO            
  X:010BH         SYMBOL        Buffer_Write_MF
  X:011CH         SYMBOL        Atributos_Expedidor
  X:012BH         SYMBOL        Secuencia_Expedidor
  X:012FH         SYMBOL        Nombre_Mensual
  -------         ENDDO         
  C:33F1H         LINE#         2316
  C:33F6H         LINE#         2317
  C:33F6H         LINE#         2323
  C:3453H         LINE#         2324
  C:3453H         LINE#         2327
  C:3453H         LINE#         2329
  C:3469H         LINE#         2330
  C:3469H         LINE#         2331
  C:346BH         LINE#         2332
  C:346DH         LINE#         2333
  C:3472H         LINE#         2334
  C:347AH         LINE#         2335
  C:347FH         LINE#         2336
  C:347FH         LINE#         2337
  C:3482H         LINE#         2338
  C:3482H         LINE#         2340
  C:348BH         LINE#         2341
  C:348EH         LINE#         2342
  C:348EH         LINE#         2343
  C:3493H         LINE#         2344
  C:34B3H         LINE#         2345
  C:34B6H         LINE#         2346
  C:34B6H         LINE#         2347
  C:34BBH         LINE#         2348
  C:34C3H         LINE#         2349
  C:34C9H         LINE#         2350
  C:34CCH         LINE#         2351
  C:34CCH         LINE#         2352
  C:34CFH         LINE#         2353
  C:34D7H         LINE#         2354
  C:34DDH         LINE#         2355
  C:34E0H         LINE#         2356
  C:34E0H         LINE#         2357
  C:34E3H         LINE#         2358
  C:3508H         LINE#         2359
  C:350EH         LINE#         2360
  C:3510H         LINE#         2361
  C:3513H         LINE#         2362
  C:3513H         LINE#         2363
  C:351EH         LINE#         2364
  C:3526H         LINE#         2365
  C:352CH         LINE#         2366
  C:352FH         LINE#         2367
  C:352FH         LINE#         2368
BL51 BANKED LINKER/LOCATER V6.22.2.0                                                  11/13/2020  15:29:26  PAGE 129


  C:3540H         LINE#         2369
  C:3548H         LINE#         2370
  C:354EH         LINE#         2371
  C:3551H         LINE#         2372
  C:3551H         LINE#         2373
  C:3556H         LINE#         2374
  C:3574H         LINE#         2375
  C:3577H         LINE#         2376
  C:3577H         LINE#         2377
  C:357CH         LINE#         2378
  C:359CH         LINE#         2379
  C:359FH         LINE#         2380
  C:359FH         LINE#         2381
  C:35A4H         LINE#         2382
  C:35A6H         LINE#         2383
  C:35C4H         LINE#         2384
  C:35C7H         LINE#         2385
  C:35C7H         LINE#         2386
  C:35CCH         LINE#         2387
  C:35ECH         LINE#         2388
  C:35EFH         LINE#         2389
  C:35EFH         LINE#         2390
  C:3605H         LINE#         2391
  C:3605H         LINE#         2392
  C:360AH         LINE#         2393
  C:3612H         LINE#         2394
  C:3618H         LINE#         2395
  C:3618H         LINE#         2396
  C:361BH         LINE#         2397
  C:361BH         LINE#         2398
  C:361EH         LINE#         2399
  C:363EH         LINE#         2400
  C:3641H         LINE#         2401
  C:3641H         LINE#         2402
  C:3643H         LINE#         2403
  C:3646H         LINE#         2404
  C:3649H         LINE#         2405
  C:3649H         LINE#         2406
  C:3652H         LINE#         2407
  C:3655H         LINE#         2408
  C:3655H         LINE#         2409
  C:366CH         LINE#         2410
  C:366FH         LINE#         2411
  C:366FH         LINE#         2412
  C:3672H         LINE#         2413
  C:367AH         LINE#         2414
  C:3680H         LINE#         2415
  C:3683H         LINE#         2416
  C:3683H         LINE#         2417
  C:368CH         LINE#         2418
  C:368FH         LINE#         2419
  C:368FH         LINE#         2420
  C:3691H         LINE#         2421
  C:3694H         LINE#         2422
  C:3697H         LINE#         2423
  C:3697H         LINE#         2424
  C:36AEH         LINE#         2425
BL51 BANKED LINKER/LOCATER V6.22.2.0                                                  11/13/2020  15:29:26  PAGE 130


  C:36B1H         LINE#         2426
  C:36B1H         LINE#         2427
  C:36B6H         LINE#         2428
  C:36BEH         LINE#         2429
  C:36C4H         LINE#         2430
  C:36C7H         LINE#         2431
  C:36C7H         LINE#         2432
  C:36CAH         LINE#         2433
  C:36EAH         LINE#         2434
  C:36EDH         LINE#         2435
  C:36EDH         LINE#         2436
  C:36F0H         LINE#         2437
  C:3710H         LINE#         2438
  C:3713H         LINE#         2439
  C:3713H         LINE#         2440
  C:3716H         LINE#         2441
  C:371EH         LINE#         2442
  C:3721H         LINE#         2443
  C:3723H         LINE#         2447
  C:3723H         LINE#         2448
  C:3729H         LINE#         2449
  C:372FH         LINE#         2450
  C:372FH         LINE#         2451
  C:3737H         LINE#         2452
  C:373DH         LINE#         2454
  C:3740H         LINE#         2455
  C:3748H         LINE#         2456
  C:3748H         LINE#         2458
  C:374BH         LINE#         2459
  C:374EH         LINE#         2460
  C:3756H         LINE#         2461
  C:3756H         LINE#         2462
  C:3764H         LINE#         2463
  C:3764H         LINE#         2464
  C:376DH         LINE#         2465
  C:3770H         LINE#         2466
  C:377CH         LINE#         2467
  C:377CH         LINE#         2468
  C:3785H         LINE#         2469
  C:3788H         LINE#         2471
  C:3788H         LINE#         2472
  C:3791H         LINE#         2473
  C:3791H         LINE#         2474
  C:3794H         LINE#         2475
  C:379CH         LINE#         2476
  C:379CH         LINE#         2477
  C:37AAH         LINE#         2478
  C:37AAH         LINE#         2479
  C:37C0H         LINE#         2480
  C:37C3H         LINE#         2481
  C:37CFH         LINE#         2482
  C:37CFH         LINE#         2483
  C:37D8H         LINE#         2484
  C:37DBH         LINE#         2485
  C:37E9H         LINE#         2486
  C:37E9H         LINE#         2487
  C:37F2H         LINE#         2488
BL51 BANKED LINKER/LOCATER V6.22.2.0                                                  11/13/2020  15:29:26  PAGE 131


  C:37F4H         LINE#         2490
  C:37F4H         LINE#         2491
  C:37FDH         LINE#         2492
  C:37FDH         LINE#         2493
  C:37FFH         LINE#         2494
  C:3807H         LINE#         2495
  C:3807H         LINE#         2496
  C:3810H         LINE#         2497
  C:3812H         LINE#         2498
  C:381AH         LINE#         2499
  C:381AH         LINE#         2500
  C:3830H         LINE#         2501
  C:3832H         LINE#         2502
  C:383AH         LINE#         2503
  C:383AH         LINE#         2504
  C:383DH         LINE#         2505
  C:383FH         LINE#         2507
  C:3847H         LINE#         2508
  C:3847H         LINE#         2509
  C:3850H         LINE#         2510
  C:3852H         LINE#         2513
  C:385AH         LINE#         2514
  C:385AH         LINE#         2515
  C:3862H         LINE#         2516
  C:3864H         LINE#         2518
  C:3864H         LINE#         2519
  C:386DH         LINE#         2520
  C:386DH         LINE#         2521
  C:386FH         LINE#         2522
  C:386FH         LINE#         2523
  C:3874H         LINE#         2524
  C:3874H         LINE#         2526
  C:3874H         LINE#         2527
  C:3879H         LINE#         2528
  -------         ENDPROC       _SECUENCIAEXPEDIDORMF
  -------         ENDMOD        VERIFICADOR

  -------         MODULE        MONITOR
  C:0000H         SYMBOL        _ICE_DUMMY_
  D:0080H         PUBLIC        P0
  D:0090H         PUBLIC        P1
  I:0011H         PUBLIC        placa
  C:B520H         PUBLIC        Rx_Monitor
  B:0080H.0       PUBLIC        rx_ip
  B:0090H.7       PUBLIC        lock
  C:89CAH         PUBLIC        _recibe_cmd_Monitor
  C:B642H         PUBLIC        clear_placa
  C:9300H         PUBLIC        _Valida_Trama_Monitor
  -------         PROC          _RECIBE_CMD_MONITOR
  X:0016H         SYMBOL        buffer_cmd
  -------         DO            
  X:0019H         SYMBOL        j
  X:001AH         SYMBOL        NumDatos
  X:001BH         SYMBOL        time_out
  X:001CH         SYMBOL        MaxChrRx
  X:001DH         SYMBOL        contador
  -------         ENDDO         
BL51 BANKED LINKER/LOCATER V6.22.2.0                                                  11/13/2020  15:29:26  PAGE 132


  C:89CAH         LINE#         44
  C:89D5H         LINE#         45
  C:89D5H         LINE#         49
  C:89DAH         LINE#         50
  C:89E0H         LINE#         52
  C:89EBH         LINE#         53
  C:89EBH         LINE#         54
  C:89FCH         LINE#         55
  C:89FCH         LINE#         56
  C:8A03H         LINE#         57
  C:8A07H         LINE#         58
  C:8A10H         LINE#         59
  C:8A10H         LINE#         60
  C:8A1EH         LINE#         61
  C:8A35H         LINE#         62
  C:8A35H         LINE#         63
  C:8A3BH         LINE#         64
  C:8A41H         LINE#         65
  C:8A41H         LINE#         66
  C:8A43H         LINE#         67
  C:8A4BH         LINE#         68
  C:8A51H         LINE#         69
  C:8A63H         LINE#         70
  C:8A6DH         LINE#         71
  C:8A76H         LINE#         73
  C:8A85H         LINE#         76
  C:8A85H         LINE#         77
  C:8A8AH         LINE#         78
  -------         ENDPROC       _RECIBE_CMD_MONITOR
  -------         PROC          _VALIDA_TRAMA_MONITOR
  X:0016H         SYMBOL        buffer
  X:0019H         SYMBOL        length_trama
  -------         DO            
  D:0007H         SYMBOL        j
  D:0006H         SYMBOL        p
  X:001AH         SYMBOL        cont
  -------         ENDDO         
  C:9300H         LINE#         83
  C:930EH         LINE#         84
  C:930EH         LINE#         85
  C:9310H         LINE#         86
  C:9312H         LINE#         87
  C:9314H         LINE#         88
  C:9319H         LINE#         91
  C:933FH         LINE#         92
  C:933FH         LINE#         93
  C:9341H         LINE#         94
  C:9345H         LINE#         95
  C:9346H         LINE#         97
  C:9356H         LINE#         98
  C:9356H         LINE#         101
  C:9356H         LINE#         102
  C:9370H         LINE#         103
  C:9371H         LINE#         104
  C:9372H         LINE#         105
  C:9382H         LINE#         106
  C:9396H         LINE#         107
BL51 BANKED LINKER/LOCATER V6.22.2.0                                                  11/13/2020  15:29:26  PAGE 133


  C:939CH         LINE#         108
  C:939EH         LINE#         109
  C:93A4H         LINE#         112
  C:93A4H         LINE#         115
  -------         ENDPROC       _VALIDA_TRAMA_MONITOR
  -------         PROC          CLEAR_PLACA
  -------         DO            
  D:0007H         SYMBOL        i
  -------         ENDDO         
  C:B642H         LINE#         116
  C:B642H         LINE#         117
  C:B642H         LINE#         119
  C:B64EH         LINE#         120
  C:B64EH         LINE#         121
  C:B654H         LINE#         122
  C:B657H         LINE#         123
  C:B659H         LINE#         124
  -------         ENDPROC       CLEAR_PLACA
  -------         PROC          RX_MONITOR
  -------         DO            
  X:0009H         SYMBOL        Length_trama
  X:000AH         SYMBOL        buffer1
  -------         ENDDO         
  C:B520H         LINE#         125
  C:B520H         LINE#         126
  C:B520H         LINE#         129
  C:B52FH         LINE#         130
  C:B538H         LINE#         131
  -------         ENDPROC       RX_MONITOR
  -------         ENDMOD        MONITOR

  -------         MODULE        ?C?FPADD
  C:1335H         PUBLIC        ?C?FPADD
  C:1331H         PUBLIC        ?C?FPSUB
  -------         ENDMOD        ?C?FPADD

  -------         MODULE        ?C?FPMUL
  C:1426H         PUBLIC        ?C?FPMUL
  -------         ENDMOD        ?C?FPMUL

  -------         MODULE        ?C?FCAST
  C:1536H         PUBLIC        ?C?FCASTC
  C:1531H         PUBLIC        ?C?FCASTI
  C:152CH         PUBLIC        ?C?FCASTL
  -------         ENDMOD        ?C?FCAST

  -------         MODULE        ?C?CASTF
  C:156AH         PUBLIC        ?C?CASTF
  -------         ENDMOD        ?C?CASTF

  -------         MODULE        PRINTF
  X:0077H         PUBLIC        ?_PRINTF?BYTE
  X:0077H         PUBLIC        ?_SPRINTF?BYTE
  C:38E5H         PUBLIC        _PRINTF
  C:38DFH         PUBLIC        _SPRINTF
  -------         ENDMOD        PRINTF

BL51 BANKED LINKER/LOCATER V6.22.2.0                                                  11/13/2020  15:29:26  PAGE 134


  -------         MODULE        POW
  X:0020H         PUBLIC        ?_pow?BYTE
  C:5DE5H         PUBLIC        _pow
  -------         ENDMOD        POW

  -------         MODULE        ?C?CHKFLOAT
  C:15EBH         PUBLIC        ?C?CHKFLOAT
  -------         ENDMOD        ?C?CHKFLOAT

  -------         MODULE        ?C?FPCMP
  C:1607H         PUBLIC        ?C?FPCMP
  C:1605H         PUBLIC        ?C?FPCMP3
  -------         ENDMOD        ?C?FPCMP

  -------         MODULE        ?C?FPNEG
  C:167EH         PUBLIC        ?C?FPNEG
  -------         ENDMOD        ?C?FPNEG

  -------         MODULE        ?C?FPROUND
  C:168FH         PUBLIC        ?C?FPROUND
  -------         ENDMOD        ?C?FPROUND

  -------         MODULE        ?C?FPCONVERT
  C:16CCH         PUBLIC        ?C?FPCONVERT
  -------         ENDMOD        ?C?FPCONVERT

  -------         MODULE        EXP
  C:9654H         PUBLIC        _EXP
  -------         ENDMOD        EXP

  -------         MODULE        LOG
  C:6977H         PUBLIC        _LOG
  C:6973H         PUBLIC        _LOG10
  -------         ENDMOD        LOG

  -------         MODULE        ?C?FPDIV
  C:17D4H         PUBLIC        ?C?FPDIV
  -------         ENDMOD        ?C?FPDIV

  -------         MODULE        ?C?FTNPWR
  C:18A1H         PUBLIC        ?C?FTNPWR
  -------         ENDMOD        ?C?FTNPWR

  -------         MODULE        ?C?COPY
  C:19FEH         PUBLIC        ?C?COPY
  -------         ENDMOD        ?C?COPY

  -------         MODULE        ?C?CLDPTR
  C:1A24H         PUBLIC        ?C?CLDPTR
  -------         ENDMOD        ?C?CLDPTR

  -------         MODULE        ?C?CLDOPTR
  C:1A3DH         PUBLIC        ?C?CLDOPTR
  -------         ENDMOD        ?C?CLDOPTR

  -------         MODULE        ?C?CSTPTR
  C:1A6AH         PUBLIC        ?C?CSTPTR
BL51 BANKED LINKER/LOCATER V6.22.2.0                                                  11/13/2020  15:29:26  PAGE 135


  -------         ENDMOD        ?C?CSTPTR

  -------         MODULE        ?C?CSTOPTR
  C:1A7CH         PUBLIC        ?C?CSTOPTR
  -------         ENDMOD        ?C?CSTOPTR

  -------         MODULE        ?C?IMUL
  C:1A9EH         PUBLIC        ?C?IMUL
  -------         ENDMOD        ?C?IMUL

  -------         MODULE        ?C?IILDX
  C:1AB0H         PUBLIC        ?C?IILDX
  -------         ENDMOD        ?C?IILDX

  -------         MODULE        ?C?LNEG
  C:1AC6H         PUBLIC        ?C?LNEG
  -------         ENDMOD        ?C?LNEG

  -------         MODULE        ?C?SLCMP
  C:1AD4H         PUBLIC        ?C?SLCMP
  -------         ENDMOD        ?C?SLCMP

  -------         MODULE        ?C?ULCMP
  C:1AEAH         PUBLIC        ?C?ULCMP
  -------         ENDMOD        ?C?ULCMP

  -------         MODULE        ?C?ULSHR
  C:1AFBH         PUBLIC        ?C?ULSHR
  -------         ENDMOD        ?C?ULSHR

  -------         MODULE        ?C?LSHL
  C:1B0EH         PUBLIC        ?C?LSHL
  -------         ENDMOD        ?C?LSHL

  -------         MODULE        ?C?LLDCODE
  C:1B21H         PUBLIC        ?C?LLDCODE
  -------         ENDMOD        ?C?LLDCODE

  -------         MODULE        ?C?LLDXDATA0
  C:1B31H         PUBLIC        ?C?LLDXDATA0
  -------         ENDMOD        ?C?LLDXDATA0

  -------         MODULE        ?C?LLDCODE0
  C:1B3DH         PUBLIC        ?C?LLDCODE0
  -------         ENDMOD        ?C?LLDCODE0

  -------         MODULE        ?C?LSTXDATA
  C:1B4DH         PUBLIC        ?C?LSTXDATA
  -------         ENDMOD        ?C?LSTXDATA

  -------         MODULE        ?C?LSTKXDATA
  C:1B59H         PUBLIC        ?C?LSTKXDATA
  -------         ENDMOD        ?C?LSTKXDATA

  -------         MODULE        ?C?PLDIXDATA
  C:1B8AH         PUBLIC        ?C?PLDIXDATA
  -------         ENDMOD        ?C?PLDIXDATA
BL51 BANKED LINKER/LOCATER V6.22.2.0                                                  11/13/2020  15:29:26  PAGE 136



  -------         MODULE        ?C?PSTXDATA
  C:1BA1H         PUBLIC        ?C?PSTXDATA
  -------         ENDMOD        ?C?PSTXDATA

  -------         MODULE        ?C?CCASE
  C:1BAAH         PUBLIC        ?C?CCASE
  -------         ENDMOD        ?C?CCASE

  -------         MODULE        STRCAT
  X:0046H         PUBLIC        ?_strcat?BYTE
  C:A6EBH         PUBLIC        _strcat
  -------         ENDMOD        STRCAT

  -------         MODULE        ?C?STRCMP
  C:1D4EH         PUBLIC        ?C?STRCMP
  -------         ENDMOD        ?C?STRCMP

  -------         MODULE        ?C?STRCPY
  C:1E37H         PUBLIC        ?C?STRCPY
  -------         ENDMOD        ?C?STRCPY

  -------         MODULE        STRLEN
  C:000EH         PUBLIC        _STRLEN
  -------         ENDMOD        STRLEN

  -------         MODULE        STRTOK
  X:0064H         PUBLIC        ?_strtok?BYTE
  C:7CD5H         PUBLIC        _strtok
  -------         ENDMOD        STRTOK

  -------         MODULE        ATOL
  C:7107H         PUBLIC        _atol
  -------         ENDMOD        ATOL

  -------         MODULE        ATOI
  C:7E97H         PUBLIC        _atoi
  -------         ENDMOD        ATOI

  -------         MODULE        MALLOC
  C:82C2H         PUBLIC        _malloc
  -------         ENDMOD        MALLOC

  -------         MODULE        INIT_MEM
  X:0256H         PUBLIC        __mem_avail__
  C:B0EBH         PUBLIC        _init_mempool
  -------         ENDMOD        INIT_MEM

  -------         MODULE        FREE
  C:6326H         PUBLIC        _free
  -------         ENDMOD        FREE

  -------         MODULE        ?C?ILDIX
  C:1E54H         PUBLIC        ?C?ILDIX
  -------         ENDMOD        ?C?ILDIX

  -------         MODULE        ?C?LMUL
BL51 BANKED LINKER/LOCATER V6.22.2.0                                                  11/13/2020  15:29:26  PAGE 137


  C:1E6AH         PUBLIC        ?C?LMUL
  -------         ENDMOD        ?C?LMUL

  -------         MODULE        ISDIGIT
  C:B752H         PUBLIC        _isdigit
  -------         ENDMOD        ISDIGIT

  -------         MODULE        ISSPACE
  C:B6B2H         PUBLIC        _isspace
  -------         ENDMOD        ISSPACE

  -------         MODULE        STRSPN
  X:006AH         PUBLIC        ?_strspn?BYTE
  C:A030H         PUBLIC        _strspn
  -------         ENDMOD        STRSPN

  -------         MODULE        STRPBRK
  X:006AH         PUBLIC        ?_strpbrk?BYTE
  C:A136H         PUBLIC        _strpbrk
  -------         ENDMOD        STRPBRK

Program Size: data=99.1 xdata=618 code=47069
LINK/LOCATE RUN COMPLETE.  0 WARNING(S),  0 ERROR(S)
