BL51 BANKED LINKER/LOCATER V6.22.2.0                                                    05/14/2021  10:23:20  PAGE 1


BL51 BANKED LINKER/LOCATER V6.22.2.0, INVOKED BY:
C:\KEIL_V5\C51\BIN\BL51.EXE .\Objects\main.obj, .\Objects\Accescan.obj, .\Objects\Clock.obj, .\Objects\delay.obj, .\Obje
>> cts\eeprom.obj, .\Objects\io_sensores.obj, .\Objects\pantallas.obj, .\Objects\prog.obj, .\Objects\pto_paralelo.obj, .
>> \Objects\tibbo.obj, .\Objects\uart.obj, .\Objects\lintech.obj, .\Objects\verificador.obj, .\Objects\Monitor.obj TO .\
>> Objects\expedidor_v_01_raspberry PRINT (.\Listings\expedidor_v_01_raspberry.m51) RAMSIZE (256)


MEMORY MODEL: LARGE WITH FLOATING POINT ARITHMETIC


INPUT MODULES INCLUDED:
  .\Objects\main.obj (MAIN)
  .\Objects\Accescan.obj (ACCESCAN)
  .\Objects\Clock.obj (CLOCK)
  .\Objects\delay.obj (DELAY)
  .\Objects\eeprom.obj (EEPROM)
  .\Objects\io_sensores.obj (IO_SENSORES)
  .\Objects\pantallas.obj (PANTALLAS)
  .\Objects\prog.obj (PROG)
  .\Objects\pto_paralelo.obj (PTO_PARALELO)
  .\Objects\tibbo.obj (TIBBO)
  .\Objects\uart.obj (UART)
  .\Objects\lintech.obj (LINTECH)
  .\Objects\verificador.obj (VERIFICADOR)
  .\Objects\Monitor.obj (MONITOR)
  C:\KEIL_V5\C51\LIB\C51FPL.LIB (?C?FPADD)
  C:\KEIL_V5\C51\LIB\C51FPL.LIB (?C?FPMUL)
  C:\KEIL_V5\C51\LIB\C51FPL.LIB (?C?FCAST)
  C:\KEIL_V5\C51\LIB\C51FPL.LIB (?C?CASTF)
  C:\KEIL_V5\C51\LIB\C51FPL.LIB (PRINTF)
  C:\KEIL_V5\C51\LIB\C51FPL.LIB (POW)
  C:\KEIL_V5\C51\LIB\C51FPL.LIB (?C?FPGETOPN)
  C:\KEIL_V5\C51\LIB\C51FPL.LIB (?C?CHKFLOAT)
  C:\KEIL_V5\C51\LIB\C51FPL.LIB (?C?FPCMP)
  C:\KEIL_V5\C51\LIB\C51FPL.LIB (?C?FPNEG)
  C:\KEIL_V5\C51\LIB\C51FPL.LIB (?C?FPROUND)
  C:\KEIL_V5\C51\LIB\C51FPL.LIB (?C?FPCONVERT)
  C:\KEIL_V5\C51\LIB\C51FPL.LIB (EXP)
  C:\KEIL_V5\C51\LIB\C51FPL.LIB (LOG)
  C:\KEIL_V5\C51\LIB\C51FPL.LIB (?C?FPDIV)
  C:\KEIL_V5\C51\LIB\C51FPL.LIB (?C?FTNPWR)
  C:\KEIL_V5\C51\LIB\C51FPL.LIB (?C?FPSERIES)
  C:\KEIL_V5\C51\LIB\C51L.LIB (?C_STARTUP)
  C:\KEIL_V5\C51\LIB\C51L.LIB (?C?COPY)
  C:\KEIL_V5\C51\LIB\C51L.LIB (?C?CLDPTR)
  C:\KEIL_V5\C51\LIB\C51L.LIB (?C?CLDOPTR)
  C:\KEIL_V5\C51\LIB\C51L.LIB (?C?CSTPTR)
  C:\KEIL_V5\C51\LIB\C51L.LIB (?C?CSTOPTR)
  C:\KEIL_V5\C51\LIB\C51L.LIB (?C?IMUL)
  C:\KEIL_V5\C51\LIB\C51L.LIB (?C?IILDX)
  C:\KEIL_V5\C51\LIB\C51L.LIB (?C?LNEG)
  C:\KEIL_V5\C51\LIB\C51L.LIB (?C?SLCMP)
  C:\KEIL_V5\C51\LIB\C51L.LIB (?C?ULCMP)
  C:\KEIL_V5\C51\LIB\C51L.LIB (?C?ULSHR)
  C:\KEIL_V5\C51\LIB\C51L.LIB (?C?LSHL)
  C:\KEIL_V5\C51\LIB\C51L.LIB (?C?LLDCODE)
  C:\KEIL_V5\C51\LIB\C51L.LIB (?C?LLDXDATA0)
  C:\KEIL_V5\C51\LIB\C51L.LIB (?C?LLDCODE0)
BL51 BANKED LINKER/LOCATER V6.22.2.0                                                  05/14/2021  10:23:20  PAGE 2


  C:\KEIL_V5\C51\LIB\C51L.LIB (?C?LSTXDATA)
  C:\KEIL_V5\C51\LIB\C51L.LIB (?C?LSTKXDATA)
  C:\KEIL_V5\C51\LIB\C51L.LIB (?C?PLDIXDATA)
  C:\KEIL_V5\C51\LIB\C51L.LIB (?C?PSTXDATA)
  C:\KEIL_V5\C51\LIB\C51L.LIB (?C?CCASE)
  C:\KEIL_V5\C51\LIB\C51L.LIB (STRCAT)
  C:\KEIL_V5\C51\LIB\C51L.LIB (?C?STRCMP)
  C:\KEIL_V5\C51\LIB\C51L.LIB (?C?STRCPY)
  C:\KEIL_V5\C51\LIB\C51L.LIB (STRLEN)
  C:\KEIL_V5\C51\LIB\C51L.LIB (STRTOK)
  C:\KEIL_V5\C51\LIB\C51L.LIB (ATOL)
  C:\KEIL_V5\C51\LIB\C51L.LIB (ATOI)
  C:\KEIL_V5\C51\LIB\C51L.LIB (?C_INIT)
  C:\KEIL_V5\C51\LIB\C51L.LIB (?C?ILDIX)
  C:\KEIL_V5\C51\LIB\C51L.LIB (?C?LMUL)
  C:\KEIL_V5\C51\LIB\C51L.LIB (ISDIGIT)
  C:\KEIL_V5\C51\LIB\C51L.LIB (ISSPACE)
  C:\KEIL_V5\C51\LIB\C51L.LIB (STRSPN)
  C:\KEIL_V5\C51\LIB\C51L.LIB (STRPBRK)


LINK MAP OF MODULE:  .\Objects\expedidor_v_01_raspberry (MAIN)


            TYPE    BASE      LENGTH    RELOCATION   SEGMENT NAME
            -----------------------------------------------------

            * * * * * * *   D A T A   M E M O R Y   * * * * * * *
            REG     0000H     0008H     ABSOLUTE     "REG BANK 0"
            DATA    0008H     0005H     UNIT         _DATA_GROUP_
            DATA    000DH     0004H     UNIT         ?DT?UART
            IDATA   0011H     0009H     UNIT         ?ID?MONITOR
                    001AH     0006H                  *** GAP ***
            BIT     0020H.0   0001H.1   UNIT         _BIT_GROUP_
            BIT     0021H.1   0000H.3   UNIT         ?BI?MAIN
            BIT     0021H.4   0000H.2   UNIT         ?BI?UART
            BIT     0021H.6   0000H.1   UNIT         ?BI?EEPROM
            BIT     0021H.7   0000H.1   UNIT         ?BI?IO_SENSORES
            BIT     0022H.0   0000H.1   UNIT         ?BI?VERIFICADOR
                    0022H.1   0000H.7                *** GAP ***
            IDATA   0023H     0046H     UNIT         ?ID?MAIN
            IDATA   0069H     0001H     UNIT         ?STACK

            * * * * * * *  X D A T A   M E M O R Y  * * * * * * *
            XDATA   0000H     00B7H     UNIT         _XDATA_GROUP_
            XDATA   00B7H     008BH     UNIT         ?XD?VERIFICADOR
            XDATA   0142H     006CH     UNIT         ?XD?MAIN
            XDATA   01AEH     0059H     UNIT         ?XD?PROG
            XDATA   0207H     0003H     UNIT         ?XD?EEPROM
            XDATA   020AH     0003H     UNIT         ?XD?UART
            XDATA   020DH     0003H     UNIT         ?XD?STRTOK
            XDATA   0210H     0002H     UNIT         ?XD?IO_SENSORES
            XDATA   0212H     0001H     UNIT         ?XD?ACCESCAN
            XDATA   0213H     0001H     UNIT         ?XD?CLOCK

            * * * * * * *   C O D E   M E M O R Y   * * * * * * *
            CODE    0000H     0003H     ABSOLUTE     
BL51 BANKED LINKER/LOCATER V6.22.2.0                                                  05/14/2021  10:23:20  PAGE 3


            CODE    0003H     0008H     UNIT         ?PR?P_CK?CLOCK
            CODE    000BH     0003H     ABSOLUTE     
            CODE    000EH     0015H     UNIT         ?PR?_STRLEN?STRLEN
            CODE    0023H     0003H     ABSOLUTE     
            CODE    0026H     1308H     UNIT         ?CO?PROG
            CODE    132EH     0B8BH     UNIT         ?C?LIB_CODE
            CODE    1EB9H     0834H     UNIT         ?CO?VERIFICADOR
            CODE    26EDH     0747H     UNIT         ?PR?_PANTALLALCD?PANTALLAS
            CODE    2E34H     06EFH     UNIT         ?CO?PANTALLAS
            CODE    3523H     04B6H     UNIT         ?PR?_SECUENCIAEXPEDIDORMF?VERIFICADOR
            CODE    39D9H     0483H     UNIT         ?PR?PRINTF?PRINTF
            CODE    3E5CH     0437H     UNIT         ?PR?_VALIDA_TRAMA_PTO?ACCESCAN
            CODE    4293H     035CH     UNIT         ?PR?VER_PROG?PROG
            CODE    45EFH     02D0H     UNIT         ?PR?_TWO_BYTEHEX_DECIMAL?CLOCK
            CODE    48BFH     02B7H     UNIT         ?PR?_PROG_HORARIO_DIAS?PROG
            CODE    4B76H     02A5H     UNIT         ?PR?_PANTALLALCD_LINEA_2?PANTALLAS
            CODE    4E1BH     022CH     UNIT         ?PR?MENU?PROG
            CODE    5047H     0208H     UNIT         ?PR?_HASH_ID?PROG
            CODE    524FH     01FAH     UNIT         ?PR?_PROG_HORARIO_DESDE_HASTA?PROG
            CODE    5449H     01F5H     UNIT         ?PR?PROG_FECHA_VENCIMIENTO?PROG
            CODE    563EH     01DFH     UNIT         ?PR?_RESPONDE_LECTURA_TARJETA_SECTOR1_BLOQUE1?VERIFICADOR
            CODE    581DH     01CFH     UNIT         ?PR?_BLOCK_READ_CLOCK_ASCII_RASBERRY?CLOCK
            CODE    59ECH     01B3H     UNIT         ?PR?COM_ISR?UART
            CODE    5B9FH     01A9H     UNIT         ?PR?_ARMAR_TRAMA_PTO_PARALELO_EXPEDIDOR?VERIFICADOR
            CODE    5D48H     01A4H     UNIT         ?PR?_VALIDA_TIPO_TARJETA?VERIFICADOR
            CODE    5EECH     01A3H     UNIT         ?CO?LINTECH
            CODE    608FH     016FH     UNIT         ?PR?_BLOCK_READ_CLOCK_ASCII?CLOCK
            CODE    61FEH     0166H     UNIT         ?PR?_POW?POW
            CODE    6364H     0154H     UNIT         ?PR?_ARMAR_TRAMA_MONITOR?VERIFICADOR
            CODE    64B8H     0145H     UNIT         ?PR?PROG_HORARIOS?PROG
            CODE    65FDH     0142H     UNIT         ?PR?_ARMAR_TRAMA_TARJETA_SECTOR1_BLOQUE2?VERIFICADOR
            CODE    673FH     013EH     UNIT         ?PR?PROG_SIN_COBRO?PROG
            CODE    687DH     013EH     UNIT         ?PR?SECUENCIA_INICIO_EXPEDIDOR?VERIFICADOR
            CODE    69BBH     013CH     UNIT         ?PR?LOAD_AND_SEND_ID_COD?PTO_PARALELO
            CODE    6AF7H     0137H     UNIT         ?PR?VER_HORARIO?PROG
            CODE    6C2EH     012BH     UNIT         ?PR?_RESPONDE_LECTURA_TARJETA_SECTOR1_BLOQUE2?VERIFICADOR
            CODE    6D59H     0129H     UNIT         ?PR?LOG?LOG
            CODE    6E82H     0128H     UNIT         ?PR?_VER_HORARIO_DIAS?PROG
            CODE    6FAAH     011AH     UNIT         ?PR?_PROG_HORARIOS_ON_OFF?PROG
            CODE    70C4H     0119H     UNIT         ?PR?_VER_HORARIO_DESDE_HASTA?PROG
            CODE    71DDH     0115H     UNIT         ?PR?_VALIDAR_CLK?CLOCK
            CODE    72F2H     010FH     UNIT         ?PR?_HORARIOS?VERIFICADOR
            CODE    7401H     010CH     UNIT         ?PR?_ATOL?ATOL
            CODE    750DH     0103H     UNIT         ?PR?_BLOQUE_HORARIO?VERIFICADOR
            CODE    7610H     0100H     UNIT         ?PR?_WR_MF?LINTECH
            CODE    7710H     00FCH     UNIT         ?PR?PROG_DEBUG?PROG
            CODE    780CH     00FCH     UNIT         ?PR?PROG_USE_LPR?PROG
            CODE    7908H     00FCH     UNIT         ?PR?TIPO_PANTALLA?PROG
            CODE    7A04H     00FCH     UNIT         ?PR?PROG_ANTIPASSBACK?PROG
            CODE    7B00H     00FCH     UNIT         ?PR?PROG_PLACA?PROG
            CODE    7BFCH     00FCH     UNIT         ?PR?PROG_VALIDAR_TIPO_VEHICULO_MENSUAL?PROG
            CODE    7CF8H     00FCH     UNIT         ?PR?PROG_APB_MENSUAL?PROG
            CODE    7DF4H     00F1H     UNIT         ?PR?_WRITE_EEPROM_TICKET?EEPROM
            CODE    7EE5H     00EAH     UNIT         ?PR?_MOV_CARD?LINTECH
            CODE    7FCFH     00E4H     UNIT         ?PR?_STRTOK?STRTOK
            CODE    80B3H     00DEH     UNIT         ?PR?PROG_ADDRESS_HIGH_BOARD?PROG
            CODE    8191H     00DBH     UNIT         ?PR?_ATOI?ATOI
BL51 BANKED LINKER/LOCATER V6.22.2.0                                                  05/14/2021  10:23:20  PAGE 4


            CODE    826CH     00D7H     UNIT         ?PR?_ANALIZA_UID_CARD?VERIFICADOR
            CODE    8343H     00D6H     UNIT         ?PR?_CMD_LPR_SALIDA_WIEGAND?ACCESCAN
            CODE    8419H     00D1H     UNIT         ?PR?_ARMAR_TRAMA_PTO_PARALELO_EXPEDIDOR_MENSUAL?VERIFICADOR
            CODE    84EAH     00CFH     UNIT         ?C_INITSEG
            CODE    85B9H     00CCH     UNIT         ?PR?_GRABA_SERIE?EEPROM
            CODE    8685H     00CBH     UNIT         ?PR?_RTA_CMD_TRANSPORTE?VERIFICADOR
            CODE    8750H     00CAH     UNIT         ?PR?READ_EEPROM_TICKET?EEPROM
            CODE    881AH     00C9H     UNIT         ?PR?_CHECK_FECHAOUT?CLOCK
            CODE    88E3H     00C5H     UNIT         ?PR?_BLOCK_READ_CLOCK?CLOCK
            CODE    89A8H     00C4H     UNIT         ?PR?_TARJETA_MENSUAL?VERIFICADOR
            CODE    8A6CH     00C3H     UNIT         ?PR?_RD_MF?LINTECH
            CODE    8B2FH     00C2H     UNIT         ?PR?PROG_TARJETA_AUTOMATICA_O_BOTON?PROG
            CODE    8BF1H     00C1H     UNIT         ?PR?_RECIBE_CMD_MONITOR?MONITOR
            CODE    8CB2H     00BFH     UNIT         ?CO?IO_SENSORES
            CODE    8D71H     00BEH     UNIT         ?PR?ERROR_RX_PTO?VERIFICADOR
            CODE    8E2FH     00BDH     UNIT         ?PR?PROG_COD_PARK?PROG
            CODE    8EECH     00BDH     UNIT         ?PR?PROG_TIEMPO_GRACIA?PROG
            CODE    8FA9H     00BBH     UNIT         ?PR?_VALIDA_TRAMA_MONITOR?MONITOR
            CODE    9064H     00B9H     UNIT         ?CO?TIBBO
            CODE    911DH     00B6H     UNIT         ?PR?PROG_ID_CLIENTE?PROG
            CODE    91D3H     00B5H     UNIT         ?PR?_WAIT_PLACA?VERIFICADOR
            CODE    9288H     00B4H     UNIT         ?PR?_SEND_PORT?PTO_PARALELO
            CODE    933CH     00ACH     UNIT         ?PR?_HORA_MAXIMA?VERIFICADOR
            CODE    93E8H     00AAH     UNIT         ?PR?CLAVE_SEGURIDAD_S2?LINTECH
            CODE    9492H     00A9H     UNIT         ?PR?DWLOAD_EEPROM?LINTECH
            CODE    953BH     00A7H     UNIT         ?PR?_BLOCK_READ_CLOCK_HEX?CLOCK
            CODE    95E2H     00A4H     UNIT         ?PR?_ARMAR_TRAMA_TARJETA_SECTOR1_BLOQUE1_CAMCEL?VERIFICADOR
            CODE    9686H     009DH     UNIT         ?PR?_INICIALIZA?LINTECH
            CODE    9723H     009CH     UNIT         ?PR?_RESPUESTA_PLACA_CANCEL?VERIFICADOR
            CODE    97BFH     009AH     UNIT         ?PR?_RESPONDE_LECTURA_TARJETA_SECTOR1_BLOQUE0?VERIFICADOR
            CODE    9859H     009AH     UNIT         ?PR?EXP?EXP
            CODE    98F3H     0099H     UNIT         ?PR?SHOW?PROG
            CODE    998CH     0099H     UNIT         ?PR?_RECIBE_PORT?PTO_PARALELO
            CODE    9A25H     0098H     UNIT         ?PR?_VALIDA_VEHICULO_CARD_MENSUAL?VERIFICADOR
            CODE    9ABDH     0091H     UNIT         ?PR?_HEX_ASCII?CLOCK
            CODE    9B4EH     0091H     UNIT         ?PR?_CARD_INSERCION?LINTECH
            CODE    9BDFH     0090H     UNIT         ?PR?_GETOPTION?PROG
            CODE    9C6FH     0090H     UNIT         ?PR?_DISPARO_LOCK_ENTRADA_VEHICULO?VERIFICADOR
            CODE    9CFFH     0090H     UNIT         ?PR?ENTREGA_CARD_CAPTURA?VERIFICADOR
            CODE    9D8FH     008FH     UNIT         ?PR?_LEE_CLK?CLOCK
            CODE    9E1EH     008FH     UNIT         ?PR?_BLOCK_WRITE_CLOCK_ASCII?CLOCK
            CODE    9EADH     008FH     UNIT         ?PR?_RESPONDE_WRITE_TARJETA_SECTOR1_BLOQUE2?VERIFICADOR
            CODE    9F3CH     008DH     UNIT         ?PR?LOADVERIFY_EEPROM?LINTECH
            CODE    9FC9H     008CH     UNIT         ?C_C51STARTUP
            CODE    A055H     0088H     UNIT         ?PR?_SEND_PORTERR?PTO_PARALELO
            CODE    A0DDH     0088H     UNIT         ?PR?RX_DATA?TIBBO
            CODE    A165H     0088H     UNIT         ?PR?UNIQUE_IDENTIFIER_UID?LINTECH
            CODE    A1EDH     0086H     UNIT         ?PR?_CHECK_STATUS?LINTECH
            CODE    A273H     0084H     UNIT         ?PR?MSJ_LCD_INFORMATIVO?IO_SENSORES
            CODE    A2F7H     0084H     UNIT         ?PR?_DEBUGBUFFERMF?TIBBO
            CODE    A37BH     0084H     UNIT         ?PR?_STRSPN?STRSPN
            CODE    A3FFH     0083H     UNIT         ?PR?_RASPBERRY_DATA?PANTALLAS
            CODE    A482H     0081H     UNIT         ?PR?_STRPBRK?STRPBRK
            CODE    A503H     0080H     UNIT         ?PR?_INGRESADATO?PROG
            CODE    A583H     0080H     UNIT         ?PR?AUT_CARD_CHECK_STATUS?LINTECH
            CODE    A603H     0080H     UNIT         ?PR?POWER_OFF?LINTECH
            CODE    A683H     007FH     UNIT         ?PR?MAIN?MAIN
BL51 BANKED LINKER/LOCATER V6.22.2.0                                                  05/14/2021  10:23:20  PAGE 5


            CODE    A702H     007DH     UNIT         ?PR?RELOJ_PANTALLA_LCD?PANTALLAS
            CODE    A77FH     007CH     UNIT         ?PR?RESPONDE_ESTADO_SENSORES_TRANSPORTE?VERIFICADOR
            CODE    A7FBH     007CH     UNIT         ?PR?_SEND_PTO_PARALELO?VERIFICADOR
            CODE    A877H     0077H     UNIT         ?PR?RESPONDE_TIPO_TARJETA?VERIFICADOR
            CODE    A8EEH     0071H     UNIT         ?PR?_EN_HORARIO?VERIFICADOR
            CODE    A95FH     006FH     UNIT         ?PR?_ESCRIBIRMEMORIA?EEPROM
            CODE    A9CEH     006BH     UNIT         ?PR?_STRCAT?STRCAT
            CODE    AA39H     0066H     UNIT         ?PR?_LEERMEMORIA?EEPROM
            CODE    AA9FH     0062H     UNIT         ?PR?_LISTACOMANDOS?PROG
            CODE    AB01H     005EH     UNIT         ?PR?_BYTEHEX_DECIMAL?CLOCK
            CODE    AB5FH     005EH     UNIT         ?PR?INGRESO_VEHICULO?VERIFICADOR
            CODE    ABBDH     005DH     UNIT         ?PR?_RESPUESTA_SEGUNDA_CLAVE?VERIFICADOR
            CODE    AC1AH     005CH     UNIT         ?PR?_ARMAR_TRAMA_PLACA?VERIFICADOR
            CODE    AC76H     005BH     UNIT         ?PR?VALIDA_SENSOR1_AUTO?IO_SENSORES
            CODE    ACD1H     0056H     UNIT         ?PR?_WR_EEPROM?EEPROM
            CODE    AD27H     004DH     UNIT         ?PR?VARIABLE_INICIO?MAIN
            CODE    AD74H     004DH     UNIT         ?PR?L_D_M?EEPROM
            CODE    ADC1H     004CH     UNIT         ?PR?LEE_NO_TICKET?EEPROM
            CODE    AE0DH     004CH     UNIT         ?PR?LOAD_AND_SEND_INFO_RELOJ?PTO_PARALELO
            CODE    AE59H     004BH     UNIT         ?PR?_TX_AUX?TIBBO
            CODE    AEA4H     0049H     UNIT         ?PR?_DEBUG_TXT_TIBBO?TIBBO
            CODE    AEEDH     0048H     UNIT         ?PR?FIRST_CLAVE?PROG
            CODE    AF35H     0047H     UNIT         ?PR?_DEBUG_CHR_TIBBO?TIBBO
            CODE    AF7CH     0047H     UNIT         ?PR?_RESPONDE_WRITE_TARJETA_SECTOR2_BLOQUE0?VERIFICADOR
            CODE    AFC3H     0046H     UNIT         ?PR?_ESCRIBIRCADENASOFT_BUFFER?MAIN
            CODE    B009H     0046H     UNIT         ?PR?_LCD_TXT_NUM_CHAR?PANTALLAS
            CODE    B04FH     0046H     UNIT         ?PR?_DEBUG_HEXDEC?TIBBO
            CODE    B095H     0046H     UNIT         ?PR?_PREGUNTA_LPR?VERIFICADOR
            CODE    B0DBH     0044H     UNIT         ?PR?_LCD_TXT?PANTALLAS
            CODE    B11FH     0043H     UNIT         ?PR?DIR_BOARD?IO_SENSORES
            CODE    B162H     0042H     UNIT         ?PR?_VALIDARCLAVE?PROG
            CODE    B1A4H     0041H     UNIT         ?PR?_MONITOR_CHR?ACCESCAN
            CODE    B1E5H     0041H     UNIT         ?PR?_TWO_ONE?CLOCK
            CODE    B226H     0040H     UNIT         ?PR?_GETCMD?PROG
            CODE    B266H     0040H     UNIT         ?PR?_DEBUG_PTO_PARALELO?TIBBO
            CODE    B2A6H     003FH     UNIT         ?PR?_EB_CLK?CLOCK
            CODE    B2E5H     003EH     UNIT         ?PR?_PUTCHAR?MAIN
            CODE    B323H     003EH     UNIT         ?PR?TRAMA_VALIDACION_P_N?VERIFICADOR
            CODE    B361H     003DH     UNIT         ?PR?_HEX_BCD?CLOCK
            CODE    B39EH     003DH     UNIT         ?PR?_RD_EEPROM?EEPROM
            CODE    B3DBH     003DH     UNIT         ?PR?_DEBUG_MONITOR?TIBBO
            CODE    B418H     003DH     UNIT         ?PR?_LOAD_SECUENCIA_EXPEDIDOR?VERIFICADOR
            CODE    B455H     003BH     UNIT         ?CO?EEPROM
            CODE    B490H     003BH     UNIT         ?PR?_COM_PUTCHAR?UART
            CODE    B4CBH     003AH     UNIT         ?PR?_DELAY_10MS?DELAY
            CODE    B505H     003AH     UNIT         ?PR?ANALIZA_CARD_MOUNT_RF?VERIFICADOR
            CODE    B53FH     0038H     UNIT         ?PR?VALIDASENSORESPASO?IO_SENSORES
            CODE    B577H     0036H     UNIT         ?PR?_RESPONDE_WRITE_TARJETA_SECTOR1_BLOQUE1?VERIFICADOR
            CODE    B5ADH     0036H     UNIT         ?PR?_RESPONDE_WRITE_TARJETA_SECTOR1_BLOQUE0?VERIFICADOR
            CODE    B5E3H     0034H     UNIT         ?PR?INCREMENTE_TICKET?EEPROM
            CODE    B617H     0034H     UNIT         ?PR?ADDR_HORARIOS?PROG
            CODE    B64BH     0031H     UNIT         ?PR?_TARJETA_ROTACION?VERIFICADOR
            CODE    B67CH     0030H     UNIT         ?PR?PREGUNTA_PLACA?VERIFICADOR
            CODE    B6ACH     002EH     UNIT         ?PR?TIMER0_INT?MAIN
            CODE    B6DAH     002AH     UNIT         ?PR?COM_INITIALIZE?UART
            CODE    B704H     0028H     UNIT         ?PR?_WR_CLK?CLOCK
            CODE    B72CH     0028H     UNIT         ?PR?COM_BAUDRATE?UART
BL51 BANKED LINKER/LOCATER V6.22.2.0                                                  05/14/2021  10:23:20  PAGE 6


            CODE    B754H     0028H     UNIT         ?PR?_ARMAR_TRAMA_TARJETA_SECTOR1_BLOQUE0?VERIFICADOR
            CODE    B77CH     0027H     UNIT         ?PR?_TX_CHRLCD?PANTALLAS
            CODE    B7A3H     0026H     UNIT         ?PR?COM_GETCHAR?UART
            CODE    B7C9H     0026H     UNIT         ?PR?ANALIZA_PRESENCIA_MENSUAL?VERIFICADOR
            CODE    B7EFH     0026H     UNIT         ?PR?RX_MONITOR?MONITOR
            CODE    B815H     0023H     UNIT         ?PR?ANALIZA_PRESENCIA_ROTACION?VERIFICADOR
            CODE    B838H     0022H     UNIT         ?PR?_E_D_M?EEPROM
            CODE    B85AH     0022H     UNIT         ?PR?VALIDASENSOR_CERO?IO_SENSORES
            CODE    B87CH     0021H     UNIT         ?CO?PTO_PARALELO
            CODE    B89DH     0020H     UNIT         ?PR?ACKD?EEPROM
            CODE    B8BDH     0020H     UNIT         ?PR?ACK_LECT?EEPROM
            CODE    B8DDH     001FH     UNIT         ?PR?VALIDASENSOR?IO_SENSORES
            CODE    B8FCH     001FH     UNIT         ?PR?TIME_BIT?TIBBO
            CODE    B91BH     001EH     UNIT         ?PR?_BCD_HEX?CLOCK
            CODE    B939H     001BH     UNIT         ?PR?_DELAY_1MS?DELAY
            CODE    B954H     0018H     UNIT         ?PR?CLEAR_PLACA?MONITOR
            CODE    B96CH     0017H     UNIT         ?PR?DISPLAYCURSOR?PROG
            CODE    B983H     0017H     UNIT         ?PR?TIME_MBIT?TIBBO
            CODE    B99AH     0016H     UNIT         ?PR?DIR_BOARD_MONITOR?IO_SENSORES
            CODE    B9B0H     0014H     UNIT         ?PR?_ISSPACE?ISSPACE
            CODE    B9C4H     0012H     UNIT         ?PR?_DELAY_20US?DELAY
            CODE    B9D6H     0012H     UNIT         ?PR?START?EEPROM
            CODE    B9E8H     0012H     UNIT         ?PR?BOTTON?IO_SENSORES
            CODE    B9FAH     0012H     UNIT         ?PR?PULSO_BUS?PTO_PARALELO
            CODE    BA0CH     0012H     UNIT         ?PR?COM_RBUFLEN?UART
            CODE    BA1EH     0012H     UNIT         ?PR?COM_TBUFLEN?UART
            CODE    BA30H     0010H     UNIT         ?PR?INI_TIMER?MAIN
            CODE    BA40H     0010H     UNIT         ?PR?INICIA_BOARD?MAIN
            CODE    BA50H     000FH     UNIT         ?PR?_ISDIGIT?ISDIGIT
            CODE    BA5FH     000CH     UNIT         ?PR?_GETKEY?MAIN
            CODE    BA6BH     000AH     UNIT         ?PR?STOP?EEPROM
            CODE    BA75H     000AH     UNIT         ?PR?COND_INI_PTO?PTO_PARALELO
            CODE    BA7FH     0009H     UNIT         ?PR?DEBUG_DIVIDIR_TEXTO?TIBBO
            CODE    BA88H     0009H     UNIT         ?PR?CAPTURA_EXPULSA?VERIFICADOR
            CODE    BA91H     0007H     UNIT         ?PR?COND_INI_CLOCK?CLOCK
            CODE    BA98H     0007H     UNIT         ?PR?SEL_FUNCION?IO_SENSORES
            CODE    BA9FH     0007H     UNIT         ?PR?SEL_AUTO?IO_SENSORES
            CODE    BAA6H     0007H     UNIT         ?PR?SEL_PULSA?IO_SENSORES
            CODE    BAADH     0007H     UNIT         ?PR?SEL_SENSOR2?IO_SENSORES
            CODE    BAB4H     0007H     UNIT         ?PR?SEL_SENSOR1?IO_SENSORES
            CODE    BABBH     0007H     UNIT         ?PR?SEL_DIR1?IO_SENSORES
            CODE    BAC2H     0007H     UNIT         ?PR?SEL_DIR2?IO_SENSORES
            CODE    BAC9H     0006H     UNIT         ?PR?P_ME?EEPROM
            CODE    BACFH     0005H     UNIT         ?PR?ON_TIMER0_INTERRUP?MAIN
            CODE    BAD4H     0005H     UNIT         ?CO?ACCESCAN
            CODE    BAD9H     0005H     UNIT         ?PR?COND_INI_TIBBO?TIBBO
            CODE    BADEH     0003H     UNIT         ?PR?OFF_TIMER0_INTERRUP?MAIN
            CODE    BAE1H     0001H     UNIT         ?PR?DELAY?DELAY



OVERLAY MAP OF MODULE:   .\Objects\expedidor_v_01_raspberry (MAIN)


SEGMENT                                             BIT_GROUP          DATA_GROUP          XDATA_GROUP
  +--> CALLED SEGMENT                            START    LENGTH     START    LENGTH     START    LENGTH
--------------------------------------------------------------------------------------------------------
BL51 BANKED LINKER/LOCATER V6.22.2.0                                                  05/14/2021  10:23:20  PAGE 7


?C_C51STARTUP                                    -----    -----      -----    -----      -----    -----
  +--> ?PR?MAIN?MAIN
  +--> ?C_INITSEG

?PR?MAIN?MAIN                                    -----    -----      -----    -----      0000H    0001H
  +--> ?PR?INI_TIMER?MAIN
  +--> ?PR?ON_TIMER0_INTERRUP?MAIN
  +--> ?PR?COM_INITIALIZE?UART
  +--> ?PR?COM_BAUDRATE?UART
  +--> ?PR?INICIA_BOARD?MAIN
  +--> ?PR?TIME_BIT?TIBBO
  +--> ?PR?_DELAY_20US?DELAY
  +--> ?PR?TIME_MBIT?TIBBO
  +--> ?PR?_TX_AUX?TIBBO
  +--> ?PR?SEL_FUNCION?IO_SENSORES
  +--> ?PR?MENU?PROG
  +--> ?PR?VARIABLE_INICIO?MAIN
  +--> ?PR?SECUENCIA_INICIO_EXPEDIDOR?VERIFI...
  +--> ?PR?RX_MONITOR?MONITOR
  +--> ?PR?_SECUENCIAEXPEDIDORMF?VERIFICADOR
  +--> ?PR?_RECIBE_PORT?PTO_PARALELO
  +--> ?PR?_DEBUG_PTO_PARALELO?TIBBO
  +--> ?PR?_VALIDA_TRAMA_PTO?ACCESCAN
  +--> ?PR?MSJ_LCD_INFORMATIVO?IO_SENSORES

?PR?COM_INITIALIZE?UART                          -----    -----      -----    -----      -----    -----
  +--> ?PR?COM_BAUDRATE?UART

?PR?INICIA_BOARD?MAIN                            -----    -----      -----    -----      -----    -----
  +--> ?PR?COND_INI_TIBBO?TIBBO
  +--> ?PR?COND_INI_CLOCK?CLOCK
  +--> ?PR?COND_INI_PTO?PTO_PARALELO

?PR?_TX_AUX?TIBBO                                -----    -----      -----    -----      -----    -----
  +--> ?PR?TIME_BIT?TIBBO

?PR?MENU?PROG                                    -----    -----      -----    -----      0001H    0045H
  +--> ?CO?PROG
  +--> ?PR?PRINTF?PRINTF
  +--> ?PR?_RD_EEPROM?EEPROM
  +--> ?PR?FIRST_CLAVE?PROG
  +--> ?PR?_WR_EEPROM?EEPROM
  +--> ?PR?_LEERMEMORIA?EEPROM
  +--> ?PR?_HASH_ID?PROG
  +--> ?PR?_INGRESADATO?PROG
  +--> ?PR?_GETCMD?PROG
  +--> ?PR?_ESCRIBIRMEMORIA?EEPROM
  +--> ?PR?_VALIDARCLAVE?PROG
  +--> ?PR?DISPLAYCURSOR?PROG
  +--> ?PR?_STRLEN?STRLEN
  +--> ?PR?_GETOPTION?PROG
  +--> ?PR?_STRCAT?STRCAT
  +--> ?PR?_LISTACOMANDOS?PROG
  +--> ?PR?PROG_ID_CLIENTE?PROG
  +--> ?PR?PROG_COD_PARK?PROG
  +--> ?PR?PROG_TIEMPO_GRACIA?PROG
  +--> ?PR?PROG_SIN_COBRO?PROG
BL51 BANKED LINKER/LOCATER V6.22.2.0                                                  05/14/2021  10:23:20  PAGE 8


  +--> ?PR?PROG_DEBUG?PROG
  +--> ?PR?PROG_USE_LPR?PROG
  +--> ?PR?TIPO_PANTALLA?PROG
  +--> ?PR?PROG_TARJETA_AUTOMATICA_O_BOTON?PROG
  +--> ?PR?PROG_ANTIPASSBACK?PROG
  +--> ?PR?PROG_PLACA?PROG
  +--> ?PR?PROG_ADDRESS_HIGH_BOARD?PROG
  +--> ?PR?PROG_HORARIOS?PROG
  +--> ?PR?PROG_VALIDAR_TIPO_VEHICULO_MENSUA...
  +--> ?PR?PROG_APB_MENSUAL?PROG
  +--> ?PR?VER_PROG?PROG
  +--> ?PR?SHOW?PROG
  +--> ?PR?PROG_FECHA_VENCIMIENTO?PROG

?PR?PRINTF?PRINTF                                0020H.0  0001H.1    0008H    0005H      0077H    0030H
  +--> ?PR?_PUTCHAR?MAIN

?PR?_PUTCHAR?MAIN                                -----    -----      -----    -----      00A7H    0003H
  +--> ?PR?_COM_PUTCHAR?UART

?PR?_COM_PUTCHAR?UART                            -----    -----      -----    -----      00AAH    0001H
  +--> ?PR?COM_TBUFLEN?UART

?PR?_RD_EEPROM?EEPROM                            -----    -----      -----    -----      -----    -----
  +--> ?PR?START?EEPROM
  +--> ?PR?ACK_LECT?EEPROM
  +--> ?PR?_E_D_M?EEPROM
  +--> ?PR?ACKD?EEPROM
  +--> ?PR?L_D_M?EEPROM
  +--> ?PR?STOP?EEPROM

?PR?ACK_LECT?EEPROM                              -----    -----      -----    -----      -----    -----
  +--> ?PR?_E_D_M?EEPROM

?PR?_E_D_M?EEPROM                                -----    -----      -----    -----      -----    -----
  +--> ?PR?P_ME?EEPROM

?PR?ACKD?EEPROM                                  -----    -----      -----    -----      -----    -----
  +--> ?PR?_E_D_M?EEPROM

?PR?FIRST_CLAVE?PROG                             -----    -----      -----    -----      0046H    000BH
  +--> ?PR?_BLOCK_READ_CLOCK_ASCII?CLOCK
  +--> ?PR?_HASH_ID?PROG
  +--> ?PR?_ESCRIBIRMEMORIA?EEPROM

?PR?_BLOCK_READ_CLOCK_ASCII?CLOCK                -----    -----      -----    -----      0051H    0003H
  +--> ?PR?_LEE_CLK?CLOCK

?PR?_LEE_CLK?CLOCK                               -----    -----      -----    -----      00B1H    0003H
  +--> ?PR?_DELAY_20US?DELAY
  +--> ?PR?_EB_CLK?CLOCK
  +--> ?PR?P_CK?CLOCK

?PR?_EB_CLK?CLOCK                                -----    -----      -----    -----      00B4H    0003H
  +--> ?PR?P_CK?CLOCK

?PR?P_CK?CLOCK                                   -----    -----      -----    -----      -----    -----
BL51 BANKED LINKER/LOCATER V6.22.2.0                                                  05/14/2021  10:23:20  PAGE 9


  +--> ?PR?DELAY?DELAY

?PR?_HASH_ID?PROG                                -----    -----      -----    -----      005DH    003FH
  +--> ?CO?PROG
  +--> ?PR?_LEERMEMORIA?EEPROM
  +--> ?PR?_CHECK_FECHAOUT?CLOCK
  +--> ?PR?_STRLEN?STRLEN

?PR?_LEERMEMORIA?EEPROM                          -----    -----      -----    -----      009CH    0005H
  +--> ?PR?_RD_EEPROM?EEPROM

?PR?_CHECK_FECHAOUT?CLOCK                        -----    -----      -----    -----      009CH    0012H
  +--> ?PR?_BLOCK_READ_CLOCK_HEX?CLOCK

?PR?_BLOCK_READ_CLOCK_HEX?CLOCK                  -----    -----      -----    -----      00AEH    0003H
  +--> ?PR?_LEE_CLK?CLOCK
  +--> ?PR?_BCD_HEX?CLOCK

?PR?_ESCRIBIRMEMORIA?EEPROM                      -----    -----      -----    -----      005DH    0005H
  +--> ?PR?_WR_EEPROM?EEPROM

?PR?_WR_EEPROM?EEPROM                            -----    -----      -----    -----      -----    -----
  +--> ?PR?START?EEPROM
  +--> ?PR?ACKD?EEPROM
  +--> ?PR?_E_D_M?EEPROM
  +--> ?PR?STOP?EEPROM
  +--> ?PR?_DELAY_1MS?DELAY
  +--> ?PR?_DELAY_20US?DELAY

?PR?_DELAY_1MS?DELAY                             -----    -----      -----    -----      -----    -----
  +--> ?PR?_DELAY_20US?DELAY

?PR?_INGRESADATO?PROG                            -----    -----      -----    -----      0071H    0004H
  +--> ?PR?_GETKEY?MAIN
  +--> ?CO?PROG
  +--> ?PR?PRINTF?PRINTF
  +--> ?PR?_PUTCHAR?MAIN

?PR?_GETKEY?MAIN                                 -----    -----      -----    -----      -----    -----
  +--> ?PR?COM_GETCHAR?UART

?PR?COM_GETCHAR?UART                             -----    -----      -----    -----      -----    -----
  +--> ?PR?COM_RBUFLEN?UART

?PR?_GETCMD?PROG                                 -----    -----      -----    -----      005DH    0007H
  +--> ?CO?PROG
  +--> ?PR?_STRTOK?STRTOK

?PR?_STRTOK?STRTOK                               -----    -----      -----    -----      0064H    0006H
  +--> ?PR?_STRSPN?STRSPN
  +--> ?PR?_STRPBRK?STRPBRK

?PR?_STRSPN?STRSPN                               -----    -----      -----    -----      006AH    0008H

?PR?_STRPBRK?STRPBRK                             -----    -----      -----    -----      006AH    0009H

?PR?_VALIDARCLAVE?PROG                           -----    -----      -----    -----      005DH    000EH
BL51 BANKED LINKER/LOCATER V6.22.2.0                                                  05/14/2021  10:23:20  PAGE 10



?PR?DISPLAYCURSOR?PROG                           -----    -----      -----    -----      -----    -----
  +--> ?CO?PROG
  +--> ?PR?PRINTF?PRINTF

?PR?_GETOPTION?PROG                              -----    -----      -----    -----      0046H    000BH
  +--> ?CO?PROG
  +--> ?PR?_STRTOK?STRTOK

?PR?_STRCAT?STRCAT                               -----    -----      -----    -----      0046H    0009H

?PR?_LISTACOMANDOS?PROG                          -----    -----      -----    -----      0046H    0007H

?PR?PROG_ID_CLIENTE?PROG                         -----    -----      -----    -----      0046H    000CH
  +--> ?PR?_RD_EEPROM?EEPROM
  +--> ?CO?PROG
  +--> ?PR?PRINTF?PRINTF
  +--> ?PR?_INGRESADATO?PROG
  +--> ?PR?_ATOI?ATOI
  +--> ?PR?_WR_EEPROM?EEPROM

?PR?_ATOI?ATOI                                   0020H.0  0000H.1    -----    -----      0071H    0005H
  +--> ?PR?_ISSPACE?ISSPACE
  +--> ?PR?_ISDIGIT?ISDIGIT

?PR?PROG_COD_PARK?PROG                           -----    -----      -----    -----      0046H    000CH
  +--> ?PR?_RD_EEPROM?EEPROM
  +--> ?CO?PROG
  +--> ?PR?PRINTF?PRINTF
  +--> ?PR?_INGRESADATO?PROG
  +--> ?PR?_ATOI?ATOI
  +--> ?PR?_WR_EEPROM?EEPROM

?PR?PROG_TIEMPO_GRACIA?PROG                      -----    -----      -----    -----      0046H    000CH
  +--> ?PR?_RD_EEPROM?EEPROM
  +--> ?CO?PROG
  +--> ?PR?PRINTF?PRINTF
  +--> ?PR?_INGRESADATO?PROG
  +--> ?PR?_ATOI?ATOI
  +--> ?PR?_WR_EEPROM?EEPROM

?PR?PROG_SIN_COBRO?PROG                          -----    -----      -----    -----      0046H    000CH
  +--> ?PR?_RD_EEPROM?EEPROM
  +--> ?CO?PROG
  +--> ?PR?PRINTF?PRINTF
  +--> ?PR?_INGRESADATO?PROG
  +--> ?PR?_ATOI?ATOI
  +--> ?PR?_WR_EEPROM?EEPROM

?PR?PROG_DEBUG?PROG                              -----    -----      -----    -----      0046H    000CH
  +--> ?PR?_RD_EEPROM?EEPROM
  +--> ?CO?PROG
  +--> ?PR?PRINTF?PRINTF
  +--> ?PR?_INGRESADATO?PROG
  +--> ?PR?_ATOI?ATOI
  +--> ?PR?_WR_EEPROM?EEPROM

BL51 BANKED LINKER/LOCATER V6.22.2.0                                                  05/14/2021  10:23:20  PAGE 11


?PR?PROG_USE_LPR?PROG                            -----    -----      -----    -----      0046H    000CH
  +--> ?PR?_RD_EEPROM?EEPROM
  +--> ?CO?PROG
  +--> ?PR?PRINTF?PRINTF
  +--> ?PR?_INGRESADATO?PROG
  +--> ?PR?_ATOI?ATOI
  +--> ?PR?_WR_EEPROM?EEPROM

?PR?TIPO_PANTALLA?PROG                           -----    -----      -----    -----      0046H    000CH
  +--> ?PR?_RD_EEPROM?EEPROM
  +--> ?CO?PROG
  +--> ?PR?PRINTF?PRINTF
  +--> ?PR?_INGRESADATO?PROG
  +--> ?PR?_ATOI?ATOI
  +--> ?PR?_WR_EEPROM?EEPROM

?PR?PROG_TARJETA_AUTOMATICA_O_BOTON?PROG         -----    -----      -----    -----      0046H    000CH
  +--> ?PR?_RD_EEPROM?EEPROM
  +--> ?CO?PROG
  +--> ?PR?PRINTF?PRINTF
  +--> ?PR?_INGRESADATO?PROG
  +--> ?PR?_ATOI?ATOI
  +--> ?PR?_WR_EEPROM?EEPROM

?PR?PROG_ANTIPASSBACK?PROG                       -----    -----      -----    -----      0046H    000CH
  +--> ?PR?_RD_EEPROM?EEPROM
  +--> ?CO?PROG
  +--> ?PR?PRINTF?PRINTF
  +--> ?PR?_INGRESADATO?PROG
  +--> ?PR?_ATOI?ATOI
  +--> ?PR?_WR_EEPROM?EEPROM

?PR?PROG_PLACA?PROG                              -----    -----      -----    -----      0046H    000CH
  +--> ?PR?_RD_EEPROM?EEPROM
  +--> ?CO?PROG
  +--> ?PR?PRINTF?PRINTF
  +--> ?PR?_INGRESADATO?PROG
  +--> ?PR?_ATOI?ATOI
  +--> ?PR?_WR_EEPROM?EEPROM

?PR?PROG_ADDRESS_HIGH_BOARD?PROG                 -----    -----      -----    -----      0046H    000CH
  +--> ?PR?_RD_EEPROM?EEPROM
  +--> ?CO?PROG
  +--> ?PR?PRINTF?PRINTF
  +--> ?PR?_INGRESADATO?PROG
  +--> ?PR?_ATOI?ATOI
  +--> ?PR?_WR_EEPROM?EEPROM

?PR?PROG_HORARIOS?PROG                           -----    -----      -----    -----      0046H    001BH
  +--> ?PR?ADDR_HORARIOS?PROG
  +--> ?CO?PROG
  +--> ?PR?PRINTF?PRINTF
  +--> ?PR?_INGRESADATO?PROG
  +--> ?PR?_ATOI?ATOI
  +--> ?PR?_PROG_HORARIOS_ON_OFF?PROG
  +--> ?PR?_WR_EEPROM?EEPROM
  +--> ?PR?_PROG_HORARIO_DIAS?PROG
BL51 BANKED LINKER/LOCATER V6.22.2.0                                                  05/14/2021  10:23:20  PAGE 12


  +--> ?PR?_PROG_HORARIO_DESDE_HASTA?PROG
  +--> ?PR?_RD_EEPROM?EEPROM

?PR?ADDR_HORARIOS?PROG                           -----    -----      -----    -----      0074H    000BH

?PR?_PROG_HORARIOS_ON_OFF?PROG                   -----    -----      -----    -----      0061H    0010H
  +--> ?PR?_RD_EEPROM?EEPROM
  +--> ?CO?PROG
  +--> ?PR?PRINTF?PRINTF
  +--> ?PR?_INGRESADATO?PROG
  +--> ?PR?_ATOI?ATOI
  +--> ?PR?_WR_EEPROM?EEPROM

?PR?_PROG_HORARIO_DIAS?PROG                      -----    -----      -----    -----      0061H    000FH
  +--> ?CO?PROG
  +--> ?PR?PRINTF?PRINTF
  +--> ?PR?_INGRESADATO?PROG
  +--> ?PR?_WR_EEPROM?EEPROM
  +--> ?PR?_RD_EEPROM?EEPROM

?PR?_PROG_HORARIO_DESDE_HASTA?PROG               -----    -----      -----    -----      0061H    000CH
  +--> ?CO?PROG
  +--> ?PR?PRINTF?PRINTF
  +--> ?PR?_INGRESADATO?PROG
  +--> ?PR?_WR_EEPROM?EEPROM
  +--> ?PR?_RD_EEPROM?EEPROM

?PR?PROG_VALIDAR_TIPO_VEHICULO_MENSUA...         -----    -----      -----    -----      0046H    000CH
  +--> ?PR?_RD_EEPROM?EEPROM
  +--> ?CO?PROG
  +--> ?PR?PRINTF?PRINTF
  +--> ?PR?_INGRESADATO?PROG
  +--> ?PR?_ATOI?ATOI
  +--> ?PR?_WR_EEPROM?EEPROM

?PR?PROG_APB_MENSUAL?PROG                        -----    -----      -----    -----      0046H    000CH
  +--> ?PR?_RD_EEPROM?EEPROM
  +--> ?CO?PROG
  +--> ?PR?PRINTF?PRINTF
  +--> ?PR?_INGRESADATO?PROG
  +--> ?PR?_ATOI?ATOI
  +--> ?PR?_WR_EEPROM?EEPROM

?PR?VER_PROG?PROG                                -----    -----      -----    -----      0046H    0013H
  +--> ?PR?_RD_EEPROM?EEPROM
  +--> ?CO?PROG
  +--> ?PR?PRINTF?PRINTF
  +--> ?PR?VER_HORARIO?PROG
  +--> ?PR?_LEERMEMORIA?EEPROM
  +--> ?PR?_HEX_ASCII?CLOCK

?PR?VER_HORARIO?PROG                             -----    -----      -----    -----      0059H    001BH
  +--> ?PR?ADDR_HORARIOS?PROG
  +--> ?CO?PROG
  +--> ?PR?PRINTF?PRINTF
  +--> ?PR?_RD_EEPROM?EEPROM
  +--> ?PR?_VER_HORARIO_DIAS?PROG
BL51 BANKED LINKER/LOCATER V6.22.2.0                                                  05/14/2021  10:23:20  PAGE 13


  +--> ?PR?_VER_HORARIO_DESDE_HASTA?PROG

?PR?_VER_HORARIO_DIAS?PROG                       -----    -----      -----    -----      0074H    0003H
  +--> ?PR?_RD_EEPROM?EEPROM
  +--> ?CO?PROG
  +--> ?PR?PRINTF?PRINTF

?PR?_VER_HORARIO_DESDE_HASTA?PROG                -----    -----      -----    -----      0074H    0002H
  +--> ?CO?PROG
  +--> ?PR?PRINTF?PRINTF
  +--> ?PR?_RD_EEPROM?EEPROM

?PR?_HEX_ASCII?CLOCK                             -----    -----      -----    -----      005DH    0006H
  +--> ?PR?_HEX_BCD?CLOCK

?PR?SHOW?PROG                                    -----    -----      -----    -----      -----    -----
  +--> ?CO?PROG
  +--> ?PR?PRINTF?PRINTF

?PR?PROG_FECHA_VENCIMIENTO?PROG                  -----    -----      -----    -----      0046H    0017H
  +--> ?PR?_LEERMEMORIA?EEPROM
  +--> ?PR?_HEX_ASCII?CLOCK
  +--> ?CO?PROG
  +--> ?PR?PRINTF?PRINTF
  +--> ?PR?_HASH_ID?PROG
  +--> ?PR?_INGRESADATO?PROG
  +--> ?PR?_GETCMD?PROG
  +--> ?PR?_ESCRIBIRMEMORIA?EEPROM
  +--> ?PR?_VALIDARCLAVE?PROG
  +--> ?PR?_ATOI?ATOI
  +--> ?PR?_WR_EEPROM?EEPROM

?PR?VARIABLE_INICIO?MAIN                         -----    -----      -----    -----      -----    -----
  +--> ?PR?_RD_EEPROM?EEPROM

?PR?SECUENCIA_INICIO_EXPEDIDOR?VERIFI...         -----    -----      -----    -----      0001H    0001H
  +--> ?PR?_INICIALIZA?LINTECH
  +--> ?PR?TRAMA_VALIDACION_P_N?VERIFICADOR
  +--> ?CO?VERIFICADOR
  +--> ?PR?_DEBUG_TXT_TIBBO?TIBBO
  +--> ?PR?_DEBUGBUFFERMF?TIBBO
  +--> ?PR?DWLOAD_EEPROM?LINTECH

?PR?_INICIALIZA?LINTECH                          -----    -----      -----    -----      0002H    000CH
  +--> ?CO?LINTECH
  +--> ?PR?_DEBUG_TXT_TIBBO?TIBBO
  +--> ?PR?_DEBUGBUFFERMF?TIBBO
  +--> ?PR?_ESCRIBIRCADENASOFT_BUFFER?MAIN

?PR?_DEBUG_TXT_TIBBO?TIBBO                       -----    -----      -----    -----      004EH    0004H
  +--> ?PR?_DEBUG_CHR_TIBBO?TIBBO
  +--> ?CO?TIBBO
  +--> ?PR?_TX_AUX?TIBBO

?PR?_DEBUG_CHR_TIBBO?TIBBO                       -----    -----      -----    -----      -----    -----
  +--> ?PR?_TX_AUX?TIBBO

BL51 BANKED LINKER/LOCATER V6.22.2.0                                                  05/14/2021  10:23:20  PAGE 14


?PR?_DEBUGBUFFERMF?TIBBO                         -----    -----      -----    -----      0027H    0006H
  +--> ?CO?TIBBO
  +--> ?PR?_DEBUG_TXT_TIBBO?TIBBO
  +--> ?PR?_DEBUG_CHR_TIBBO?TIBBO
  +--> ?PR?_TX_AUX?TIBBO

?PR?_ESCRIBIRCADENASOFT_BUFFER?MAIN              -----    -----      -----    -----      0027H    0006H
  +--> ?PR?_PUTCHAR?MAIN

?PR?TRAMA_VALIDACION_P_N?VERIFICADOR             -----    -----      -----    -----      -----    -----
  +--> ?CO?VERIFICADOR
  +--> ?PR?_DEBUG_TXT_TIBBO?TIBBO

?PR?DWLOAD_EEPROM?LINTECH                        -----    -----      -----    -----      0002H    0016H
  +--> ?CO?LINTECH
  +--> ?PR?_DEBUG_TXT_TIBBO?TIBBO
  +--> ?PR?_DEBUGBUFFERMF?TIBBO
  +--> ?PR?_ESCRIBIRCADENASOFT_BUFFER?MAIN

?PR?RX_MONITOR?MONITOR                           -----    -----      -----    -----      0009H    000DH
  +--> ?PR?_RECIBE_CMD_MONITOR?MONITOR
  +--> ?PR?_DEBUG_MONITOR?TIBBO
  +--> ?PR?_VALIDA_TRAMA_MONITOR?MONITOR

?PR?_RECIBE_CMD_MONITOR?MONITOR                  -----    -----      -----    -----      0016H    0009H
  +--> ?PR?RX_DATA?TIBBO

?PR?RX_DATA?TIBBO                                -----    -----      -----    -----      -----    -----
  +--> ?PR?TIME_MBIT?TIBBO
  +--> ?PR?TIME_BIT?TIBBO

?PR?_DEBUG_MONITOR?TIBBO                         -----    -----      -----    -----      0016H    0004H
  +--> ?PR?DEBUG_DIVIDIR_TEXTO?TIBBO
  +--> ?CO?TIBBO
  +--> ?PR?_DEBUG_TXT_TIBBO?TIBBO

?PR?DEBUG_DIVIDIR_TEXTO?TIBBO                    -----    -----      -----    -----      -----    -----
  +--> ?CO?TIBBO
  +--> ?PR?_DEBUG_TXT_TIBBO?TIBBO

?PR?_VALIDA_TRAMA_MONITOR?MONITOR                -----    -----      -----    -----      0016H    0006H
  +--> ?PR?_DELAY_10MS?DELAY
  +--> ?PR?_TX_AUX?TIBBO

?PR?_DELAY_10MS?DELAY                            -----    -----      -----    -----      001CH    0004H
  +--> ?PR?_DELAY_1MS?DELAY

?PR?_SECUENCIAEXPEDIDORMF?VERIFICADOR            -----    -----      -----    -----      0001H    0001H
  +--> ?PR?_CHECK_STATUS?LINTECH
  +--> ?PR?_LOAD_SECUENCIA_EXPEDIDOR?VERIFIC...
  +--> ?PR?RX_MONITOR?MONITOR
  +--> ?PR?_RTA_CMD_TRANSPORTE?VERIFICADOR
  +--> ?PR?_MOV_CARD?LINTECH
  +--> ?PR?_CARD_INSERCION?LINTECH
  +--> ?PR?AUT_CARD_CHECK_STATUS?LINTECH
  +--> ?PR?LOADVERIFY_EEPROM?LINTECH
  +--> ?PR?_RD_MF?LINTECH
BL51 BANKED LINKER/LOCATER V6.22.2.0                                                  05/14/2021  10:23:20  PAGE 15


  +--> ?PR?_WR_MF?LINTECH
  +--> ?PR?ANALIZA_CARD_MOUNT_RF?VERIFICADOR
  +--> ?PR?DWLOAD_EEPROM?LINTECH
  +--> ?PR?ENTREGA_CARD_CAPTURA?VERIFICADOR
  +--> ?PR?_SEND_PTO_PARALELO?VERIFICADOR
  +--> ?PR?_WAIT_PLACA?VERIFICADOR
  +--> ?PR?UNIQUE_IDENTIFIER_UID?LINTECH
  +--> ?PR?_PREGUNTA_LPR?VERIFICADOR
  +--> ?PR?PREGUNTA_PLACA?VERIFICADOR
  +--> ?PR?_VALIDA_TIPO_TARJETA?VERIFICADOR
  +--> ?PR?POWER_OFF?LINTECH
  +--> ?PR?CLAVE_SEGURIDAD_S2?LINTECH
  +--> ?PR?RESPONDE_ESTADO_SENSORES_TRANSPOR...
  +--> ?PR?RESPONDE_TIPO_TARJETA?VERIFICADOR
  +--> ?PR?_RESPONDE_LECTURA_TARJETA_SECTOR1...
  +--> ?PR?_RESPONDE_LECTURA_TARJETA_SECTOR1...
  +--> ?PR?_RESPONDE_LECTURA_TARJETA_SECTOR1...
  +--> ?PR?_RESPONDE_WRITE_TARJETA_SECTOR1_B...
  +--> ?PR?_RESPONDE_WRITE_TARJETA_SECTOR2_B...
  +--> ?PR?_RESPONDE_WRITE_TARJETA_SECTOR1_B...
  +--> ?PR?_RESPONDE_WRITE_TARJETA_SECTOR1_B...
  +--> ?PR?_DISPARO_LOCK_ENTRADA_VEHICULO?VE...
  +--> ?PR?_RESPUESTA_SEGUNDA_CLAVE?VERIFICADOR
  +--> ?PR?ANALIZA_PRESENCIA_MENSUAL?VERIFIC...
  +--> ?PR?_ANALIZA_UID_CARD?VERIFICADOR
  +--> ?PR?ANALIZA_PRESENCIA_ROTACION?VERIFI...
  +--> ?CO?VERIFICADOR
  +--> ?PR?_DEBUG_TXT_TIBBO?TIBBO

?PR?_CHECK_STATUS?LINTECH                        -----    -----      -----    -----      0002H    000BH
  +--> ?CO?LINTECH
  +--> ?PR?_DEBUG_TXT_TIBBO?TIBBO
  +--> ?PR?_DEBUGBUFFERMF?TIBBO
  +--> ?PR?_ESCRIBIRCADENASOFT_BUFFER?MAIN

?PR?_LOAD_SECUENCIA_EXPEDIDOR?VERIFIC...         -----    -----      -----    -----      0002H    0009H

?PR?_RTA_CMD_TRANSPORTE?VERIFICADOR              -----    -----      -----    -----      0002H    0005H
  +--> ?PR?TRAMA_VALIDACION_P_N?VERIFICADOR
  +--> ?CO?VERIFICADOR
  +--> ?PR?_DEBUG_TXT_TIBBO?TIBBO
  +--> ?PR?_DEBUGBUFFERMF?TIBBO
  +--> ?PR?ERROR_RX_PTO?VERIFICADOR

?PR?ERROR_RX_PTO?VERIFICADOR                     -----    -----      -----    -----      0007H    0001H
  +--> ?CO?VERIFICADOR
  +--> ?PR?_DEBUG_TXT_TIBBO?TIBBO
  +--> ?PR?_DEBUG_CHR_TIBBO?TIBBO
  +--> ?PR?_DELAY_10MS?DELAY

?PR?_MOV_CARD?LINTECH                            -----    -----      -----    -----      0002H    000CH
  +--> ?CO?LINTECH
  +--> ?PR?_DEBUG_TXT_TIBBO?TIBBO
  +--> ?PR?_DEBUGBUFFERMF?TIBBO
  +--> ?PR?_ESCRIBIRCADENASOFT_BUFFER?MAIN

?PR?_CARD_INSERCION?LINTECH                      -----    -----      -----    -----      0002H    000AH
BL51 BANKED LINKER/LOCATER V6.22.2.0                                                  05/14/2021  10:23:20  PAGE 16


  +--> ?CO?LINTECH
  +--> ?PR?_DEBUG_TXT_TIBBO?TIBBO
  +--> ?PR?_DEBUGBUFFERMF?TIBBO
  +--> ?PR?_ESCRIBIRCADENASOFT_BUFFER?MAIN

?PR?AUT_CARD_CHECK_STATUS?LINTECH                -----    -----      -----    -----      0002H    000BH
  +--> ?CO?LINTECH
  +--> ?PR?_DEBUG_TXT_TIBBO?TIBBO
  +--> ?PR?_DEBUGBUFFERMF?TIBBO
  +--> ?PR?_ESCRIBIRCADENASOFT_BUFFER?MAIN

?PR?LOADVERIFY_EEPROM?LINTECH                    -----    -----      -----    -----      0002H    0010H
  +--> ?CO?LINTECH
  +--> ?PR?_DEBUG_TXT_TIBBO?TIBBO
  +--> ?PR?_DEBUGBUFFERMF?TIBBO
  +--> ?PR?_ESCRIBIRCADENASOFT_BUFFER?MAIN

?PR?_RD_MF?LINTECH                               -----    -----      -----    -----      0002H    0012H
  +--> ?CO?LINTECH
  +--> ?PR?_DEBUG_TXT_TIBBO?TIBBO
  +--> ?PR?_DEBUG_CHR_TIBBO?TIBBO
  +--> ?PR?_DEBUGBUFFERMF?TIBBO
  +--> ?PR?_ESCRIBIRCADENASOFT_BUFFER?MAIN

?PR?_WR_MF?LINTECH                               -----    -----      -----    -----      0002H    0025H
  +--> ?CO?LINTECH
  +--> ?PR?_DEBUG_TXT_TIBBO?TIBBO
  +--> ?PR?_DEBUG_CHR_TIBBO?TIBBO
  +--> ?PR?_DEBUGBUFFERMF?TIBBO
  +--> ?PR?_ESCRIBIRCADENASOFT_BUFFER?MAIN

?PR?ANALIZA_CARD_MOUNT_RF?VERIFICADOR            -----    -----      -----    -----      0002H    0001H
  +--> ?CO?VERIFICADOR
  +--> ?PR?_DEBUG_TXT_TIBBO?TIBBO

?PR?ENTREGA_CARD_CAPTURA?VERIFICADOR             -----    -----      -----    -----      0002H    0001H
  +--> ?CO?VERIFICADOR
  +--> ?PR?_DEBUG_TXT_TIBBO?TIBBO
  +--> ?PR?SEL_SENSOR2?IO_SENSORES
  +--> ?PR?VALIDASENSOR?IO_SENSORES
  +--> ?PR?VALIDA_SENSOR1_AUTO?IO_SENSORES

?PR?VALIDA_SENSOR1_AUTO?IO_SENSORES              -----    -----      -----    -----      0011H    0001H
  +--> ?PR?SEL_SENSOR1?IO_SENSORES
  +--> ?PR?SEL_AUTO?IO_SENSORES
  +--> ?CO?IO_SENSORES
  +--> ?PR?_DEBUG_TXT_TIBBO?TIBBO
  +--> ?PR?BOTTON?IO_SENSORES

?PR?BOTTON?IO_SENSORES                           -----    -----      -----    -----      -----    -----
  +--> ?PR?SEL_PULSA?IO_SENSORES
  +--> ?CO?IO_SENSORES
  +--> ?PR?_DEBUG_TXT_TIBBO?TIBBO

?PR?_SEND_PTO_PARALELO?VERIFICADOR               -----    -----      -----    -----      0002H    0004H
  +--> ?PR?_ARMAR_TRAMA_PTO_PARALELO_EXPEDID...
  +--> ?PR?_ARMAR_TRAMA_PTO_PARALELO_EXPEDID...
BL51 BANKED LINKER/LOCATER V6.22.2.0                                                  05/14/2021  10:23:20  PAGE 17


  +--> ?PR?INCREMENTE_TICKET?EEPROM
  +--> ?PR?_SEND_PORT?PTO_PARALELO
  +--> ?CO?VERIFICADOR
  +--> ?PR?_DEBUG_TXT_TIBBO?TIBBO
  +--> ?PR?_DEBUGBUFFERMF?TIBBO
  +--> ?PR?CLEAR_PLACA?MONITOR

?PR?_ARMAR_TRAMA_PTO_PARALELO_EXPEDID...         -----    -----      -----    -----      0006H    0006H
  +--> ?PR?_BLOCK_READ_CLOCK_HEX?CLOCK
  +--> ?PR?_RD_EEPROM?EEPROM

?PR?_ARMAR_TRAMA_PTO_PARALELO_EXPEDID...         -----    -----      -----    -----      0006H    000FH
  +--> ?PR?LEE_NO_TICKET?EEPROM
  +--> ?PR?_STRCAT?STRCAT
  +--> ?PR?_STRLEN?STRLEN
  +--> ?PR?_BLOCK_READ_CLOCK_HEX?CLOCK
  +--> ?PR?_RD_EEPROM?EEPROM

?PR?LEE_NO_TICKET?EEPROM                         -----    -----      -----    -----      0043H    000BH
  +--> ?PR?READ_EEPROM_TICKET?EEPROM
  +--> ?CO?EEPROM
  +--> ?PR?PRINTF?PRINTF
  +--> ?PR?_STRLEN?STRLEN
  +--> ?PR?_DEBUG_TXT_TIBBO?TIBBO

?PR?READ_EEPROM_TICKET?EEPROM                    -----    -----      -----    -----      004EH    0007H
  +--> ?PR?_RD_EEPROM?EEPROM

?PR?INCREMENTE_TICKET?EEPROM                     -----    -----      -----    -----      0006H    000BH
  +--> ?PR?READ_EEPROM_TICKET?EEPROM
  +--> ?CO?EEPROM
  +--> ?PR?PRINTF?PRINTF
  +--> ?PR?_WRITE_EEPROM_TICKET?EEPROM

?PR?_WRITE_EEPROM_TICKET?EEPROM                  -----    -----      -----    -----      0015H    000BH
  +--> ?CO?EEPROM
  +--> ?PR?_DEBUG_TXT_TIBBO?TIBBO
  +--> ?PR?_ATOL?ATOL
  +--> ?PR?_DEBUG_CHR_TIBBO?TIBBO
  +--> ?PR?_WR_EEPROM?EEPROM

?PR?_ATOL?ATOL                                   0020H.0  0000H.1    -----    -----      0020H    0007H
  +--> ?PR?_ISSPACE?ISSPACE
  +--> ?PR?_ISDIGIT?ISDIGIT

?PR?_SEND_PORT?PTO_PARALELO                      -----    -----      -----    -----      0016H    000AH
  +--> ?PR?PULSO_BUS?PTO_PARALELO
  +--> ?PR?_DELAY_20US?DELAY

?PR?PULSO_BUS?PTO_PARALELO                       -----    -----      -----    -----      -----    -----
  +--> ?PR?_DELAY_20US?DELAY

?PR?_WAIT_PLACA?VERIFICADOR                      -----    -----      -----    -----      0002H    0007H
  +--> ?CO?VERIFICADOR
  +--> ?PR?_DEBUG_TXT_TIBBO?TIBBO
  +--> ?PR?RX_MONITOR?MONITOR
  +--> ?PR?_RESPUESTA_PLACA_CANCEL?VERIFICADOR
BL51 BANKED LINKER/LOCATER V6.22.2.0                                                  05/14/2021  10:23:20  PAGE 18



?PR?_RESPUESTA_PLACA_CANCEL?VERIFICADOR          -----    -----      -----    -----      0009H    000AH
  +--> ?CO?VERIFICADOR
  +--> ?PR?_DEBUG_TXT_TIBBO?TIBBO
  +--> ?PR?_ARMAR_TRAMA_TARJETA_SECTOR1_BLOQ...

?PR?_ARMAR_TRAMA_TARJETA_SECTOR1_BLOQ...         -----    -----      -----    -----      0013H    0004H
  +--> ?PR?CLEAR_PLACA?MONITOR
  +--> ?PR?_RD_EEPROM?EEPROM

?PR?UNIQUE_IDENTIFIER_UID?LINTECH                -----    -----      -----    -----      0002H    000BH
  +--> ?CO?LINTECH
  +--> ?PR?_DEBUG_TXT_TIBBO?TIBBO
  +--> ?PR?_DEBUGBUFFERMF?TIBBO
  +--> ?PR?_ESCRIBIRCADENASOFT_BUFFER?MAIN

?PR?_PREGUNTA_LPR?VERIFICADOR                    -----    -----      -----    -----      0002H    0003H
  +--> ?CO?VERIFICADOR
  +--> ?PR?_DEBUG_TXT_TIBBO?TIBBO
  +--> ?PR?_RD_EEPROM?EEPROM
  +--> ?PR?_ARMAR_TRAMA_MONITOR?VERIFICADOR

?PR?_ARMAR_TRAMA_MONITOR?VERIFICADOR             -----    -----      -----    -----      0005H    000FH
  +--> ?PR?DIR_BOARD_MONITOR?IO_SENSORES
  +--> ?PR?LEE_NO_TICKET?EEPROM
  +--> ?PR?_STRCAT?STRCAT
  +--> ?PR?_BYTEHEX_DECIMAL?CLOCK
  +--> ?PR?_STRLEN?STRLEN
  +--> ?PR?_TWO_BYTEHEX_DECIMAL?CLOCK
  +--> ?PR?_BLOCK_READ_CLOCK_ASCII?CLOCK

?PR?DIR_BOARD_MONITOR?IO_SENSORES                -----    -----      -----    -----      -----    -----
  +--> ?PR?_RD_EEPROM?EEPROM

?PR?_BYTEHEX_DECIMAL?CLOCK                       -----    -----      -----    -----      0014H    0001H

?PR?_TWO_BYTEHEX_DECIMAL?CLOCK                   -----    -----      -----    -----      0014H    000CH
  +--> ?PR?_POW?POW

?PR?_POW?POW                                     -----    -----      -----    -----      0020H    000AH
  +--> ?PR?LOG?LOG
  +--> ?PR?EXP?EXP

?PR?LOG?LOG                                      0020H.0  0000H.1    -----    -----      002AH    0004H

?PR?PREGUNTA_PLACA?VERIFICADOR                   -----    -----      -----    -----      0002H    0001H
  +--> ?CO?VERIFICADOR
  +--> ?PR?_DEBUG_TXT_TIBBO?TIBBO
  +--> ?PR?_RD_EEPROM?EEPROM

?PR?_VALIDA_TIPO_TARJETA?VERIFICADOR             -----    -----      -----    -----      0002H    0007H
  +--> ?CO?VERIFICADOR
  +--> ?PR?_DEBUG_TXT_TIBBO?TIBBO
  +--> ?PR?_RD_EEPROM?EEPROM
  +--> ?PR?_TARJETA_MENSUAL?VERIFICADOR
  +--> ?PR?_SEND_PORTERR?PTO_PARALELO
  +--> ?PR?_PANTALLALCD?PANTALLAS
BL51 BANKED LINKER/LOCATER V6.22.2.0                                                  05/14/2021  10:23:20  PAGE 19


  +--> ?PR?CAPTURA_EXPULSA?VERIFICADOR
  +--> ?PR?_TARJETA_ROTACION?VERIFICADOR

?PR?_TARJETA_MENSUAL?VERIFICADOR                 -----    -----      -----    -----      0009H    0007H
  +--> ?PR?_HORARIOS?VERIFICADOR
  +--> ?PR?_CHECK_FECHAOUT?CLOCK
  +--> ?PR?_VALIDA_VEHICULO_CARD_MENSUAL?VER...
  +--> ?PR?CAPTURA_EXPULSA?VERIFICADOR
  +--> ?CO?VERIFICADOR
  +--> ?PR?_DEBUG_TXT_TIBBO?TIBBO
  +--> ?PR?_ARMAR_TRAMA_TARJETA_SECTOR1_BLOQ...
  +--> ?PR?_SEND_PORTERR?PTO_PARALELO
  +--> ?PR?_PANTALLALCD?PANTALLAS

?PR?_HORARIOS?VERIFICADOR                        -----    -----      -----    -----      0010H    0013H
  +--> ?PR?ADDR_HORARIOS?PROG
  +--> ?PR?_RD_EEPROM?EEPROM
  +--> ?PR?_LEE_CLK?CLOCK
  +--> ?CO?VERIFICADOR
  +--> ?PR?_DEBUG_TXT_TIBBO?TIBBO
  +--> ?PR?_DEBUG_CHR_TIBBO?TIBBO
  +--> ?PR?_BLOQUE_HORARIO?VERIFICADOR
  +--> ?PR?_PANTALLALCD?PANTALLAS

?PR?_BLOQUE_HORARIO?VERIFICADOR                  -----    -----      -----    -----      0023H    0007H
  +--> ?CO?VERIFICADOR
  +--> ?PR?_DEBUG_TXT_TIBBO?TIBBO
  +--> ?PR?_LEE_CLK?CLOCK
  +--> ?PR?_DEBUG_CHR_TIBBO?TIBBO
  +--> ?PR?_HORA_MAXIMA?VERIFICADOR
  +--> ?PR?_EN_HORARIO?VERIFICADOR
  +--> ?PR?_RD_EEPROM?EEPROM
  +--> ?PR?_SEND_PORTERR?PTO_PARALELO
  +--> ?PR?_PANTALLALCD?PANTALLAS

?PR?_HORA_MAXIMA?VERIFICADOR                     -----    -----      -----    -----      002FH    0008H
  +--> ?PR?_RD_EEPROM?EEPROM
  +--> ?PR?_DEBUG_CHR_TIBBO?TIBBO
  +--> ?CO?VERIFICADOR
  +--> ?PR?_DEBUG_TXT_TIBBO?TIBBO

?PR?_EN_HORARIO?VERIFICADOR                      -----    -----      -----    -----      002AH    0005H
  +--> ?CO?VERIFICADOR
  +--> ?PR?_DEBUG_TXT_TIBBO?TIBBO
  +--> ?PR?_HORA_MAXIMA?VERIFICADOR

?PR?_SEND_PORTERR?PTO_PARALELO                   -----    -----      -----    -----      002AH    0006H
  +--> ?PR?PULSO_BUS?PTO_PARALELO
  +--> ?PR?_DELAY_20US?DELAY

?PR?_PANTALLALCD?PANTALLAS                       -----    -----      -----    -----      002AH    000AH
  +--> ?CO?PANTALLAS
  +--> ?PR?_LCD_TXT?PANTALLAS
  +--> ?PR?_STRLEN?STRLEN
  +--> ?PR?_TX_CHRLCD?PANTALLAS
  +--> ?PR?_RASPBERRY_DATA?PANTALLAS

BL51 BANKED LINKER/LOCATER V6.22.2.0                                                  05/14/2021  10:23:20  PAGE 20


?PR?_LCD_TXT?PANTALLAS                           -----    -----      -----    -----      0043H    0005H
  +--> ?PR?_TX_CHRLCD?PANTALLAS

?PR?_TX_CHRLCD?PANTALLAS                         -----    -----      -----    -----      0048H    0002H
  +--> ?PR?_PUTCHAR?MAIN

?PR?_RASPBERRY_DATA?PANTALLAS                    -----    -----      -----    -----      0043H    0006H
  +--> ?PR?_STRLEN?STRLEN
  +--> ?PR?_PUTCHAR?MAIN

?PR?_VALIDA_VEHICULO_CARD_MENSUAL?VER...         -----    -----      -----    -----      0010H    0004H
  +--> ?CO?VERIFICADOR
  +--> ?PR?_DEBUG_TXT_TIBBO?TIBBO
  +--> ?PR?_RD_EEPROM?EEPROM
  +--> ?PR?_SEND_PORTERR?PTO_PARALELO

?PR?_ARMAR_TRAMA_TARJETA_SECTOR1_BLOQ...         -----    -----      -----    -----      0010H    0006H
  +--> ?PR?_BLOCK_READ_CLOCK_HEX?CLOCK
  +--> ?PR?DIR_BOARD?IO_SENSORES

?PR?DIR_BOARD?IO_SENSORES                        -----    -----      -----    -----      0032H    0001H
  +--> ?PR?SEL_DIR1?IO_SENSORES
  +--> ?PR?SEL_DIR2?IO_SENSORES
  +--> ?PR?_RD_EEPROM?EEPROM

?PR?_TARJETA_ROTACION?VERIFICADOR                -----    -----      -----    -----      0009H    0006H
  +--> ?PR?_ARMAR_TRAMA_TARJETA_SECTOR1_BLOQ...

?PR?POWER_OFF?LINTECH                            -----    -----      -----    -----      0002H    000BH
  +--> ?CO?LINTECH
  +--> ?PR?_DEBUG_TXT_TIBBO?TIBBO
  +--> ?PR?_DEBUGBUFFERMF?TIBBO
  +--> ?PR?_ESCRIBIRCADENASOFT_BUFFER?MAIN

?PR?CLAVE_SEGURIDAD_S2?LINTECH                   -----    -----      -----    -----      0002H    0016H
  +--> ?CO?LINTECH
  +--> ?PR?_DEBUG_TXT_TIBBO?TIBBO
  +--> ?PR?_DEBUGBUFFERMF?TIBBO
  +--> ?PR?_ESCRIBIRCADENASOFT_BUFFER?MAIN

?PR?RESPONDE_ESTADO_SENSORES_TRANSPOR...         -----    -----      -----    -----      0002H    0001H
  +--> ?CO?VERIFICADOR
  +--> ?PR?_DEBUG_TXT_TIBBO?TIBBO
  +--> ?PR?_SEND_PORTERR?PTO_PARALELO
  +--> ?PR?INGRESO_VEHICULO?VERIFICADOR

?PR?INGRESO_VEHICULO?VERIFICADOR                 -----    -----      -----    -----      -----    -----
  +--> ?PR?VALIDASENSORESPASO?IO_SENSORES
  +--> ?PR?_RD_EEPROM?EEPROM
  +--> ?CO?VERIFICADOR
  +--> ?PR?_DEBUG_TXT_TIBBO?TIBBO
  +--> ?PR?_PANTALLALCD?PANTALLAS
  +--> ?PR?BOTTON?IO_SENSORES

?PR?VALIDASENSORESPASO?IO_SENSORES               -----    -----      -----    -----      0010H    0001H
  +--> ?PR?SEL_SENSOR2?IO_SENSORES
  +--> ?PR?VALIDASENSOR?IO_SENSORES
BL51 BANKED LINKER/LOCATER V6.22.2.0                                                  05/14/2021  10:23:20  PAGE 21


  +--> ?PR?VALIDA_SENSOR1_AUTO?IO_SENSORES
  +--> ?CO?IO_SENSORES
  +--> ?PR?_DEBUG_TXT_TIBBO?TIBBO

?PR?RESPONDE_TIPO_TARJETA?VERIFICADOR            -----    -----      -----    -----      0002H    0001H
  +--> ?CO?VERIFICADOR
  +--> ?PR?_DEBUG_TXT_TIBBO?TIBBO
  +--> ?PR?_SEND_PORTERR?PTO_PARALELO
  +--> ?PR?_PANTALLALCD?PANTALLAS
  +--> ?PR?CAPTURA_EXPULSA?VERIFICADOR

?PR?_RESPONDE_LECTURA_TARJETA_SECTOR1...         -----    -----      -----    -----      0002H    0016H
  +--> ?CO?VERIFICADOR
  +--> ?PR?_DEBUG_TXT_TIBBO?TIBBO
  +--> ?PR?_DEBUGBUFFERMF?TIBBO
  +--> ?PR?_RD_EEPROM?EEPROM
  +--> ?PR?_DEBUG_HEXDEC?TIBBO
  +--> ?PR?_DEBUG_CHR_TIBBO?TIBBO
  +--> ?PR?_SEND_PORTERR?PTO_PARALELO
  +--> ?PR?_PANTALLALCD?PANTALLAS
  +--> ?PR?CAPTURA_EXPULSA?VERIFICADOR

?PR?_DEBUG_HEXDEC?TIBBO                          -----    -----      -----    -----      0018H    0002H
  +--> ?PR?_TX_AUX?TIBBO

?PR?_RESPONDE_LECTURA_TARJETA_SECTOR1...         -----    -----      -----    -----      0002H    0004H
  +--> ?CO?VERIFICADOR
  +--> ?PR?_DEBUG_TXT_TIBBO?TIBBO
  +--> ?PR?CAPTURA_EXPULSA?VERIFICADOR

?PR?_RESPONDE_LECTURA_TARJETA_SECTOR1...         -----    -----      -----    -----      0002H    0015H
  +--> ?CO?VERIFICADOR
  +--> ?PR?_DEBUG_TXT_TIBBO?TIBBO
  +--> ?PR?_DEBUGBUFFERMF?TIBBO
  +--> ?PR?_DEBUG_CHR_TIBBO?TIBBO
  +--> ?PR?CAPTURA_EXPULSA?VERIFICADOR

?PR?_RESPONDE_WRITE_TARJETA_SECTOR1_B...         -----    -----      -----    -----      0002H    0007H
  +--> ?CO?VERIFICADOR
  +--> ?PR?_DEBUG_TXT_TIBBO?TIBBO
  +--> ?PR?_DEBUGBUFFERMF?TIBBO
  +--> ?PR?_ARMAR_TRAMA_TARJETA_SECTOR1_BLOQ...

?PR?_ARMAR_TRAMA_TARJETA_SECTOR1_BLOQ...         -----    -----      -----    -----      0009H    0003H
  +--> ?PR?LEE_NO_TICKET?EEPROM

?PR?_RESPONDE_WRITE_TARJETA_SECTOR2_B...         -----    -----      -----    -----      0002H    0003H
  +--> ?CO?VERIFICADOR
  +--> ?PR?_DEBUG_TXT_TIBBO?TIBBO
  +--> ?PR?_DEBUGBUFFERMF?TIBBO

?PR?_RESPONDE_WRITE_TARJETA_SECTOR1_B...         -----    -----      -----    -----      0002H    0003H
  +--> ?CO?VERIFICADOR
  +--> ?PR?_DEBUG_TXT_TIBBO?TIBBO
  +--> ?PR?_DEBUGBUFFERMF?TIBBO

?PR?_RESPONDE_WRITE_TARJETA_SECTOR1_B...         -----    -----      -----    -----      0002H    0003H
BL51 BANKED LINKER/LOCATER V6.22.2.0                                                  05/14/2021  10:23:20  PAGE 22


  +--> ?CO?VERIFICADOR
  +--> ?PR?_DEBUG_TXT_TIBBO?TIBBO
  +--> ?PR?_DEBUGBUFFERMF?TIBBO

?PR?_DISPARO_LOCK_ENTRADA_VEHICULO?VE...         -----    -----      -----    -----      0002H    0004H
  +--> ?CO?VERIFICADOR
  +--> ?PR?_DEBUG_TXT_TIBBO?TIBBO
  +--> ?PR?_SEND_PORTERR?PTO_PARALELO
  +--> ?PR?_PANTALLALCD_LINEA_2?PANTALLAS
  +--> ?PR?VALIDA_SENSOR1_AUTO?IO_SENSORES
  +--> ?PR?_PANTALLALCD?PANTALLAS

?PR?_PANTALLALCD_LINEA_2?PANTALLAS               -----    -----      -----    -----      0010H    0033H
  +--> ?CO?PANTALLAS
  +--> ?PR?_LCD_TXT?PANTALLAS
  +--> ?PR?_STRLEN?STRLEN
  +--> ?PR?_TX_CHRLCD?PANTALLAS
  +--> ?PR?_RASPBERRY_DATA?PANTALLAS
  +--> ?PR?LEE_NO_TICKET?EEPROM
  +--> ?PR?_STRCAT?STRCAT

?PR?_RESPUESTA_SEGUNDA_CLAVE?VERIFICADOR         -----    -----      -----    -----      0002H    0006H
  +--> ?CO?VERIFICADOR
  +--> ?PR?_DEBUG_TXT_TIBBO?TIBBO
  +--> ?PR?_DEBUGBUFFERMF?TIBBO
  +--> ?PR?_ARMAR_TRAMA_PLACA?VERIFICADOR

?PR?_ARMAR_TRAMA_PLACA?VERIFICADOR               -----    -----      -----    -----      0008H    0003H
  +--> ?PR?_STRLEN?STRLEN

?PR?ANALIZA_PRESENCIA_MENSUAL?VERIFIC...         -----    -----      -----    -----      0002H    0001H
  +--> ?PR?VALIDASENSORESPASO?IO_SENSORES
  +--> ?PR?_SEND_PORTERR?PTO_PARALELO
  +--> ?PR?_PANTALLALCD?PANTALLAS

?PR?_ANALIZA_UID_CARD?VERIFICADOR                -----    -----      -----    -----      0002H    0015H
  +--> ?CO?VERIFICADOR
  +--> ?PR?_DEBUG_TXT_TIBBO?TIBBO
  +--> ?PR?_DEBUGBUFFERMF?TIBBO
  +--> ?PR?_DEBUG_CHR_TIBBO?TIBBO

?PR?ANALIZA_PRESENCIA_ROTACION?VERIFI...         -----    -----      -----    -----      0002H    0001H
  +--> ?PR?VALIDASENSORESPASO?IO_SENSORES
  +--> ?PR?_SEND_PORTERR?PTO_PARALELO
  +--> ?PR?_PANTALLALCD?PANTALLAS

?PR?_RECIBE_PORT?PTO_PARALELO                    -----    -----      -----    -----      0001H    0008H
  +--> ?PR?OFF_TIMER0_INTERRUP?MAIN
  +--> ?PR?ON_TIMER0_INTERRUP?MAIN

?PR?_DEBUG_PTO_PARALELO?TIBBO                    -----    -----      -----    -----      0001H    0004H
  +--> ?CO?TIBBO
  +--> ?PR?_DEBUG_TXT_TIBBO?TIBBO
  +--> ?PR?_DEBUGBUFFERMF?TIBBO
  +--> ?PR?DEBUG_DIVIDIR_TEXTO?TIBBO

?PR?_VALIDA_TRAMA_PTO?ACCESCAN                   -----    -----      -----    -----      0001H    000FH
BL51 BANKED LINKER/LOCATER V6.22.2.0                                                  05/14/2021  10:23:20  PAGE 23


  +--> ?PR?_VALIDAR_CLK?CLOCK
  +--> ?PR?_BLOCK_WRITE_CLOCK_ASCII?CLOCK
  +--> ?PR?RELOJ_PANTALLA_LCD?PANTALLAS
  +--> ?PR?_PANTALLALCD?PANTALLAS
  +--> ?CO?ACCESCAN
  +--> ?PR?_DEBUG_TXT_TIBBO?TIBBO
  +--> ?PR?_BYTEHEX_DECIMAL?CLOCK
  +--> ?PR?_TWO_BYTEHEX_DECIMAL?CLOCK
  +--> ?PR?VALIDASENSORESPASO?IO_SENSORES
  +--> ?PR?_CMD_LPR_SALIDA_WIEGAND?ACCESCAN
  +--> ?PR?_PANTALLALCD_LINEA_2?PANTALLAS
  +--> ?PR?_GRABA_SERIE?EEPROM

?PR?_BLOCK_WRITE_CLOCK_ASCII?CLOCK               -----    -----      -----    -----      0010H    0003H
  +--> ?PR?_TWO_ONE?CLOCK
  +--> ?PR?_WR_CLK?CLOCK

?PR?_WR_CLK?CLOCK                                -----    -----      -----    -----      0013H    0002H
  +--> ?PR?_DELAY_20US?DELAY
  +--> ?PR?_EB_CLK?CLOCK

?PR?RELOJ_PANTALLA_LCD?PANTALLAS                 -----    -----      -----    -----      0010H    000DH
  +--> ?CO?PANTALLAS
  +--> ?PR?_BLOCK_READ_CLOCK?CLOCK
  +--> ?PR?_LCD_TXT_NUM_CHAR?PANTALLAS
  +--> ?PR?_BLOCK_READ_CLOCK_ASCII_RASBERRY?...
  +--> ?PR?_STRCAT?STRCAT
  +--> ?PR?_RASPBERRY_DATA?PANTALLAS

?PR?_BLOCK_READ_CLOCK?CLOCK                      -----    -----      -----    -----      001DH    0003H
  +--> ?PR?_LEE_CLK?CLOCK

?PR?_LCD_TXT_NUM_CHAR?PANTALLAS                  -----    -----      -----    -----      001DH    0006H
  +--> ?PR?_TX_CHRLCD?PANTALLAS

?PR?_BLOCK_READ_CLOCK_ASCII_RASBERRY?...         -----    -----      -----    -----      001DH    0003H
  +--> ?PR?_LEE_CLK?CLOCK

?PR?_CMD_LPR_SALIDA_WIEGAND?ACCESCAN             -----    -----      -----    -----      0010H    0022H
  +--> ?PR?DIR_BOARD?IO_SENSORES
  +--> ?PR?_BLOCK_READ_CLOCK_ASCII?CLOCK
  +--> ?PR?_MONITOR_CHR?ACCESCAN

?PR?_MONITOR_CHR?ACCESCAN                        -----    -----      -----    -----      0032H    0005H
  +--> ?PR?_TX_AUX?TIBBO

?PR?_GRABA_SERIE?EEPROM                          -----    -----      -----    -----      0010H    0005H
  +--> ?CO?EEPROM
  +--> ?PR?_DEBUG_TXT_TIBBO?TIBBO
  +--> ?PR?_WRITE_EEPROM_TICKET?EEPROM
  +--> ?PR?_WR_EEPROM?EEPROM

?PR?MSJ_LCD_INFORMATIVO?IO_SENSORES              -----    -----      -----    -----      0001H    0001H
  +--> ?PR?SEL_FUNCION?IO_SENSORES
  +--> ?PR?VALIDASENSOR_CERO?IO_SENSORES
  +--> ?PR?LOAD_AND_SEND_INFO_RELOJ?PTO_PARA...
  +--> ?PR?VALIDASENSOR?IO_SENSORES
BL51 BANKED LINKER/LOCATER V6.22.2.0                                                  05/14/2021  10:23:20  PAGE 24


  +--> ?PR?_DELAY_10MS?DELAY
  +--> ?PR?LOAD_AND_SEND_ID_COD?PTO_PARALELO

?PR?LOAD_AND_SEND_INFO_RELOJ?PTO_PARA...         -----    -----      -----    -----      0002H    000BH
  +--> ?PR?_BLOCK_READ_CLOCK?CLOCK
  +--> ?PR?_LEE_CLK?CLOCK
  +--> ?CO?PTO_PARALELO
  +--> ?PR?_DEBUG_TXT_TIBBO?TIBBO
  +--> ?PR?_DEBUGBUFFERMF?TIBBO
  +--> ?PR?DEBUG_DIVIDIR_TEXTO?TIBBO
  +--> ?PR?_SEND_PORT?PTO_PARALELO

?PR?LOAD_AND_SEND_ID_COD?PTO_PARALELO            -----    -----      -----    -----      0002H    0014H
  +--> ?PR?_RD_EEPROM?EEPROM
  +--> ?CO?PTO_PARALELO
  +--> ?PR?PRINTF?PRINTF
  +--> ?PR?_STRCAT?STRCAT
  +--> ?PR?_STRLEN?STRLEN
  +--> ?PR?_DEBUG_TXT_TIBBO?TIBBO
  +--> ?PR?_DEBUGBUFFERMF?TIBBO
  +--> ?PR?DEBUG_DIVIDIR_TEXTO?TIBBO
  +--> ?PR?_SEND_PORT?PTO_PARALELO



SYMBOL TABLE OF MODULE:  .\Objects\expedidor_v_01_raspberry (MAIN)

  VALUE           TYPE          NAME
  ----------------------------------

  -------         MODULE        MAIN
  C:0000H         SYMBOL        _ICE_DUMMY_
  D:0080H         PUBLIC        P0
  D:0090H         PUBLIC        P1
  C:B6ACH         PUBLIC        timer0_int
  D:00B0H         PUBLIC        P3
  B:00A8H.7       PUBLIC        EA
  C:BADEH         PUBLIC        off_Timer0_Interrup
  X:016BH         PUBLIC        ValTimeOutCom
  X:016CH         PUBLIC        Buffer_Rta_Lintech
  X:019EH         PUBLIC        Timer_wait
  B:0021H.1       PUBLIC        pto_paraleo
  X:019FH         PUBLIC        g_cContByteRx
  B:0080H.0       PUBLIC        rx_ip
  C:A683H         PUBLIC        main
  X:01A0H         PUBLIC        Timer_tivo
  B:0080H.3       PUBLIC        Atascado_GP0_PIN_3
  C:AD27H         PUBLIC        variable_inicio
  B:0090H.7       PUBLIC        lock
  I:0023H         PUBLIC        rbuf
  C:BACFH         PUBLIC        on_Timer0_Interrup
  I:0055H         PUBLIC        tbuf
  B:0090H.1       PUBLIC        DataIn
  D:0089H         PUBLIC        TMOD
  X:01A2H         PUBLIC        USE_LPR
  X:01A3H         PUBLIC        Debug_Tibbo
  X:01A4H         PUBLIC        Raspberry
BL51 BANKED LINKER/LOCATER V6.22.2.0                                                  05/14/2021  10:23:20  PAGE 25


  X:01A5H         PUBLIC        SIN_COBRO
  X:01A7H         PUBLIC        Tipo_Vehiculo
  B:00B0H.3       PUBLIC        busy
  C:BA30H         PUBLIC        ini_timer
  B:00A8H.1       PUBLIC        ET0
  B:0088H.5       PUBLIC        TF0
  D:008CH         PUBLIC        TH0
  X:01A8H         PUBLIC        ACK
  X:01A9H         PUBLIC        g_cEstadoComSoft
  D:008AH         PUBLIC        TL0
  B:0088H.4       PUBLIC        TR0
  C:BA40H         PUBLIC        inicia_board
  X:01AAH         PUBLIC        T_GRACIA
  B:0080H.7       PUBLIC        sel_com
  X:01ACH         PUBLIC        STX_LINTECH
  C:BA5FH         PUBLIC        _getkey
  X:01ADH         PUBLIC        ETX
  C:AFC3H         PUBLIC        _EscribirCadenaSoft_buffer
  B:0021H.2       PUBLIC        buffer_ready
  C:B2E5H         PUBLIC        _putchar
  B:0021H.3       PUBLIC        placa_ready
  -------         PROC          TIMER0_INT
  C:B6ACH         LINE#         16
  C:B6B2H         LINE#         19
  C:B6B8H         LINE#         20
  C:B6BDH         LINE#         21
  C:B6BDH         LINE#         22
  C:B6C3H         LINE#         23
  C:B6C3H         LINE#         25
  C:B6D1H         LINE#         26
  C:B6D3H         LINE#         28
  -------         ENDPROC       TIMER0_INT
  -------         PROC          INI_TIMER
  C:BA30H         LINE#         31
  C:BA30H         LINE#         32
  C:BA30H         LINE#         34
  C:BA38H         LINE#         36
  C:BA3BH         LINE#         37
  C:BA3DH         LINE#         38
  C:BA3FH         LINE#         40
  -------         ENDPROC       INI_TIMER
  -------         PROC          ON_TIMER0_INTERRUP
  C:BACFH         LINE#         43
  C:BACFH         LINE#         44
  C:BACFH         LINE#         45
  C:BAD1H         LINE#         46
  C:BAD3H         LINE#         48
  -------         ENDPROC       ON_TIMER0_INTERRUP
  -------         PROC          OFF_TIMER0_INTERRUP
  C:BADEH         LINE#         51
  C:BADEH         LINE#         52
  C:BADEH         LINE#         53
  C:BAE0H         LINE#         55
  -------         ENDPROC       OFF_TIMER0_INTERRUP
  -------         PROC          _GETKEY
  -------         DO            
  D:0006H         SYMBOL        k
BL51 BANKED LINKER/LOCATER V6.22.2.0                                                  05/14/2021  10:23:20  PAGE 26


  -------         ENDDO         
  C:BA5FH         LINE#         63
  C:BA5FH         LINE#         64
  C:BA5FH         LINE#         68
  C:BA5FH         LINE#         69
  C:BA62H         LINE#         70
  C:BA62H         LINE#         71
  C:BA6AH         LINE#         73
  C:BA6AH         LINE#         74
  -------         ENDPROC       _GETKEY
  -------         PROC          _PUTCHAR
  X:00A7H         SYMBOL        c
  -------         DO            
  X:00A8H         SYMBOL        i
  -------         ENDDO         
  C:B2E5H         LINE#         78
  C:B2EAH         LINE#         79
  C:B2EAH         LINE#         82
  C:B2F9H         LINE#         83
  C:B2F9H         LINE#         84
  C:B30FH         LINE#         85
  C:B30FH         LINE#         87
  C:B31DH         LINE#         88
  C:B31DH         LINE#         90
  C:B322H         LINE#         91
  -------         ENDPROC       _PUTCHAR
  -------         PROC          _ESCRIBIRCADENASOFT_BUFFER
  X:0027H         SYMBOL        buffer
  X:002AH         SYMBOL        tamano_cadena
  -------         DO            
  X:002BH         SYMBOL        i
  X:002CH         SYMBOL        d
  -------         ENDDO         
  C:AFC3H         LINE#         95
  C:AFD1H         LINE#         96
  C:AFD1H         LINE#         98
  C:AFDFH         LINE#         99
  C:AFDFH         LINE#         100
  C:AFF6H         LINE#         101
  C:B000H         LINE#         102
  C:B008H         LINE#         103
  -------         ENDPROC       _ESCRIBIRCADENASOFT_BUFFER
  -------         PROC          INICIA_BOARD
  C:BA40H         LINE#         108
  C:BA40H         LINE#         109
  C:BA40H         LINE#         110
  C:BA43H         LINE#         111
  C:BA46H         LINE#         112
  C:BA49H         LINE#         113
  C:BA4BH         LINE#         114
  C:BA4DH         LINE#         115
  C:BA4FH         LINE#         117
  -------         ENDPROC       INICIA_BOARD
  -------         PROC          VARIABLE_INICIO
  C:AD27H         LINE#         122
  C:AD27H         LINE#         123
  C:AD27H         LINE#         126
BL51 BANKED LINKER/LOCATER V6.22.2.0                                                  05/14/2021  10:23:20  PAGE 27


  C:AD38H         LINE#         127
  C:AD49H         LINE#         128
  C:AD57H         LINE#         129
  C:AD65H         LINE#         130
  C:AD73H         LINE#         132
  -------         ENDPROC       VARIABLE_INICIO
  -------         PROC          MAIN
  -------         DO            
  X:0142H         SYMBOL        buffer
  X:016AH         SYMBOL        Estado_Comunicacion_Secuencia_MF
  X:0000H         SYMBOL        Length_trama
  -------         ENDDO         
  C:A683H         LINE#         140
  C:A683H         LINE#         141
  C:A683H         LINE#         148
  C:A686H         LINE#         149
  C:A689H         LINE#         150
  C:A68CH         LINE#         151
  C:A68FH         LINE#         152
  C:A692H         LINE#         153
  C:A694H         LINE#         155
  C:A697H         LINE#         156
  C:A69EH         LINE#         157
  C:A6A1H         LINE#         159
  C:A6A6H         LINE#         161
  C:A6A9H         LINE#         163
  C:A6ACH         LINE#         164
  C:A6ACH         LINE#         165
  C:A6AFH         LINE#         166
  C:A6AFH         LINE#         169
  C:A6B2H         LINE#         170
  C:A6B8H         LINE#         171
  C:A6BEH         LINE#         173
  C:A6BEH         LINE#         174
  C:A6BEH         LINE#         177
  C:A6C1H         LINE#         178
  C:A6C1H         LINE#         179
  C:A6C4H         LINE#         180
  C:A6C4H         LINE#         184
  C:A6D1H         LINE#         189
  C:A6D7H         LINE#         190
  C:A6D7H         LINE#         192
  C:A6E6H         LINE#         195
  C:A6EFH         LINE#         196
  C:A6FDH         LINE#         201
  C:A6FDH         LINE#         202
  C:A700H         LINE#         206
  -------         ENDPROC       MAIN
  -------         ENDMOD        MAIN

  -------         MODULE        ACCESCAN
  C:0000H         SYMBOL        _ICE_DUMMY_
  D:0080H         PUBLIC        P0
  D:0090H         PUBLIC        P1
  B:0080H.2       PUBLIC        led_err_imp
  C:B1A4H         PUBLIC        _Monitor_chr
  B:0080H.3       PUBLIC        Atascado_GP0_PIN_3
BL51 BANKED LINKER/LOCATER V6.22.2.0                                                  05/14/2021  10:23:20  PAGE 28


  B:0090H.7       PUBLIC        lock
  C:3E5CH         PUBLIC        _Valida_Trama_Pto
  C:8343H         PUBLIC        _Cmd_LPR_Salida_wiegand
  -------         PROC          _VALIDA_TRAMA_PTO
  X:0001H         SYMBOL        buffer
  X:0004H         SYMBOL        length_trama
  -------         DO            
  X:0212H         SYMBOL        cont
  X:0005H         SYMBOL        buff
  -------         ENDDO         
  C:3E5CH         LINE#         106
  C:3E6AH         LINE#         107
  C:3E6AH         LINE#         113
  C:3EA0H         LINE#         114
  C:3EA0H         LINE#         115
  C:3EB5H         LINE#         116
  C:3EB5H         LINE#         117
  C:3EC8H         LINE#         119
  C:3ECBH         LINE#         121
  C:3ECBH         LINE#         123
  C:3ECBH         LINE#         126
  C:3EDDH         LINE#         127
  C:3EDDH         LINE#         128
  C:3EDFH         LINE#         129
  C:3EE2H         LINE#         131
  C:3EF4H         LINE#         132
  C:3EF4H         LINE#         133
  C:3EF6H         LINE#         134
  C:3EF9H         LINE#         136
  C:3F0BH         LINE#         137
  C:3F0BH         LINE#         138
  C:3F0DH         LINE#         139
  C:3F10H         LINE#         141
  C:3F2AH         LINE#         142
  C:3F2AH         LINE#         143
  C:3F2CH         LINE#         144
  C:3F2FH         LINE#         146
  C:3F49H         LINE#         147
  C:3F49H         LINE#         148
  C:3F4BH         LINE#         149
  C:3F4EH         LINE#         151
  C:3F60H         LINE#         152
  C:3F60H         LINE#         153
  C:3F66H         LINE#         154
  C:3F73H         LINE#         155
  C:3F73H         LINE#         156
  C:3F78H         LINE#         157
  C:3F7AH         LINE#         158
  C:3F7FH         LINE#         159
  C:3F81H         LINE#         160
  C:3F83H         LINE#         161
  C:3F87H         LINE#         162
  C:3F87H         LINE#         163
  C:3F88H         LINE#         165
  C:3FA0H         LINE#         166
  C:3FA0H         LINE#         168
  C:3FADH         LINE#         169
BL51 BANKED LINKER/LOCATER V6.22.2.0                                                  05/14/2021  10:23:20  PAGE 29


  C:3FADH         LINE#         170
  C:3FAFH         LINE#         171
  C:3FB1H         LINE#         172
  C:3FB3H         LINE#         173
  C:3FB5H         LINE#         174
  C:3FB5H         LINE#         176
  C:3FDBH         LINE#         177
  C:3FDBH         LINE#         178
  C:3FDFH         LINE#         179
  C:3FE4H         LINE#         180
  C:3FEDH         LINE#         181
  C:3FF2H         LINE#         182
  C:3FF2H         LINE#         185
  C:3FF3H         LINE#         187
  C:400DH         LINE#         188
  C:400DH         LINE#         189
  C:400FH         LINE#         190
  C:4012H         LINE#         192
  C:402CH         LINE#         193
  C:402CH         LINE#         194
  C:402EH         LINE#         195
  C:4031H         LINE#         197
  C:404BH         LINE#         198
  C:404BH         LINE#         199
  C:404DH         LINE#         200
  C:404FH         LINE#         202
  C:4069H         LINE#         203
  C:4069H         LINE#         204
  C:406BH         LINE#         205
  C:406DH         LINE#         208
  C:4087H         LINE#         209
  C:4087H         LINE#         210
  C:4089H         LINE#         211
  C:408BH         LINE#         215
  C:40A5H         LINE#         216
  C:40A5H         LINE#         217
  C:40A7H         LINE#         218
  C:40A9H         LINE#         221
  C:40C3H         LINE#         222
  C:40C3H         LINE#         223
  C:40C8H         LINE#         224
  C:40C8H         LINE#         227
  C:40F9H         LINE#         228
  C:40F9H         LINE#         229
  C:4101H         LINE#         230
  C:410AH         LINE#         231
  C:410DH         LINE#         234
  C:413EH         LINE#         235
  C:413EH         LINE#         237
  C:4146H         LINE#         238
  C:414FH         LINE#         239
  C:4152H         LINE#         242
  C:4192H         LINE#         243
  C:4192H         LINE#         245
  C:41A7H         LINE#         246
  C:41ADH         LINE#         247
  C:41D7H         LINE#         250
BL51 BANKED LINKER/LOCATER V6.22.2.0                                                  05/14/2021  10:23:20  PAGE 30


  C:41DFH         LINE#         251
  C:41DFH         LINE#         254
  C:41E6H         LINE#         255
  C:41E6H         LINE#         256
  C:41EBH         LINE#         257
  C:41EBH         LINE#         258
  C:41EDH         LINE#         260
  C:41EDH         LINE#         261
  C:41F6H         LINE#         262
  C:41FEH         LINE#         263
  C:41FEH         LINE#         267
  C:4200H         LINE#         270
  C:4200H         LINE#         278
  C:4208H         LINE#         282
  C:4208H         LINE#         283
  C:420AH         LINE#         285
  C:4242H         LINE#         286
  C:4242H         LINE#         287
  C:424AH         LINE#         288
  C:4256H         LINE#         289
  C:4256H         LINE#         291
  C:4283H         LINE#         292
  C:4283H         LINE#         293
  C:4292H         LINE#         295
  C:4292H         LINE#         297
  -------         ENDPROC       _VALIDA_TRAMA_PTO
  -------         PROC          _MONITOR_CHR
  X:0032H         SYMBOL        str
  X:0035H         SYMBOL        num_char
  -------         DO            
  X:0036H         SYMBOL        j
  -------         ENDDO         
  C:B1A4H         LINE#         452
  C:B1B2H         LINE#         453
  C:B1B2H         LINE#         455
  C:B1C0H         LINE#         456
  C:B1C0H         LINE#         457
  C:B1D2H         LINE#         458
  C:B1DCH         LINE#         459
  C:B1E4H         LINE#         460
  -------         ENDPROC       _MONITOR_CHR
  -------         PROC          _CMD_LPR_SALIDA_WIEGAND
  X:0010H         SYMBOL        buffer
  -------         DO            
  X:0013H         SYMBOL        Buffer_Lpr
  X:0031H         SYMBOL        j
  -------         ENDDO         
  C:8343H         LINE#         465
  C:834EH         LINE#         466
  C:834EH         LINE#         468
  C:8354H         LINE#         469
  C:8359H         LINE#         470
  C:8361H         LINE#         471
  C:8365H         LINE#         472
  C:836EH         LINE#         473
  C:836EH         LINE#         474
  C:837FH         LINE#         475
BL51 BANKED LINKER/LOCATER V6.22.2.0                                                  05/14/2021  10:23:20  PAGE 31


  C:8381H         LINE#         477
  C:8381H         LINE#         478
  C:8392H         LINE#         479
  C:8392H         LINE#         483
  C:83A9H         LINE#         484
  C:83A9H         LINE#         485
  C:83B8H         LINE#         486
  C:83C2H         LINE#         488
  C:83CAH         LINE#         489
  C:83DEH         LINE#         491
  C:83EEH         LINE#         492
  C:83FFH         LINE#         493
  C:840CH         LINE#         497
  -------         ENDPROC       _CMD_LPR_SALIDA_WIEGAND
  -------         ENDMOD        ACCESCAN

  -------         MODULE        CLOCK
  C:0000H         SYMBOL        _ICE_DUMMY_
  C:B219H         PUBLIC        _two_one
  D:0090H         PUBLIC        P1
  C:71DDH         PUBLIC        _validar_clk
  C:B704H         PUBLIC        _wr_clk
  C:881AH         PUBLIC        _check_fechaOut
  C:581DH         PUBLIC        _Block_read_clock_ascii_rasberry
  B:00D0H.7       PUBLIC        CY
  C:0003H         PUBLIC        p_ck
  C:9ABDH         PUBLIC        _hex_ascii
  X:0213H         PUBLIC        data_clk
  C:BA91H         PUBLIC        cond_ini_clock
  C:88E3H         PUBLIC        _Block_read_Clock
  B:0090H.4       PUBLIC        sck
  C:953BH         PUBLIC        _Block_read_Clock_Hex
  C:608FH         PUBLIC        _Block_read_clock_ascii
  C:B37DH         PUBLIC        _hex_bcd
  C:B91BH         PUBLIC        _bcd_hex
  C:AB01H         PUBLIC        _ByteHex_Decimal
[...]
  -------         ENDPROC       SECUENCIA_INICIO_EXPEDIDOR
  -------         PROC          _SECUENCIAEXPEDIDORMF
  X:0001H         SYMBOL        EstadoActivo
  -------         DO            
  X:010CH         SYMBOL        Buffer_Write_MF
  X:011DH         SYMBOL        Atributos_Expedidor
  X:012CH         SYMBOL        Secuencia_Expedidor
  X:0130H         SYMBOL        Nombre_Mensual
  -------         ENDDO         
  C:3523H         LINE#         2352
  C:3528H         LINE#         2353
  C:3528H         LINE#         2359
  C:3588H         LINE#         2360
  C:3588H         LINE#         2363
  C:3588H         LINE#         2365
  C:359BH         LINE#         2366
  C:359BH         LINE#         2369
  C:359DH         LINE#         2370
  C:359FH         LINE#         2371
BL51 BANKED LINKER/LOCATER V6.22.2.0                                                  05/14/2021  10:23:20  PAGE 131


  C:35A4H         LINE#         2372
  C:35ACH         LINE#         2373
  C:35B1H         LINE#         2374
  C:35B4H         LINE#         2375
  C:35B4H         LINE#         2376
  C:35BAH         LINE#         2377
  C:35BAH         LINE#         2378
  C:35BDH         LINE#         2379
  C:35BDH         LINE#         2380
  C:35BDH         LINE#         2382
  C:35C0H         LINE#         2383
  C:35C0H         LINE#         2385
  C:35C9H         LINE#         2386
  C:35CCH         LINE#         2387
  C:35CCH         LINE#         2388
  C:35D1H         LINE#         2389
  C:35F1H         LINE#         2390
  C:35F4H         LINE#         2391
  C:35F4H         LINE#         2392
  C:35F9H         LINE#         2393
  C:3601H         LINE#         2394
  C:3607H         LINE#         2395
  C:360AH         LINE#         2396
  C:360AH         LINE#         2397
  C:360DH         LINE#         2398
  C:3615H         LINE#         2399
  C:361BH         LINE#         2400
  C:361EH         LINE#         2401
  C:361EH         LINE#         2402
  C:3621H         LINE#         2403
  C:3646H         LINE#         2404
  C:364CH         LINE#         2405
  C:364EH         LINE#         2406
  C:3651H         LINE#         2407
  C:3651H         LINE#         2408
  C:365CH         LINE#         2409
  C:3664H         LINE#         2410
  C:366AH         LINE#         2411
  C:366DH         LINE#         2412
  C:366DH         LINE#         2413
  C:367EH         LINE#         2414
  C:3686H         LINE#         2415
  C:368CH         LINE#         2416
  C:368FH         LINE#         2417
  C:368FH         LINE#         2418
  C:3694H         LINE#         2419
  C:36B2H         LINE#         2420
  C:36B5H         LINE#         2421
  C:36B5H         LINE#         2422
  C:36BAH         LINE#         2423
  C:36DAH         LINE#         2424
  C:36DDH         LINE#         2425
  C:36DDH         LINE#         2426
  C:36E2H         LINE#         2427
  C:36E4H         LINE#         2428
  C:3702H         LINE#         2429
  C:3705H         LINE#         2430
BL51 BANKED LINKER/LOCATER V6.22.2.0                                                  05/14/2021  10:23:20  PAGE 132


  C:3705H         LINE#         2431
  C:370AH         LINE#         2432
  C:372AH         LINE#         2433
  C:372DH         LINE#         2434
  C:372DH         LINE#         2435
  C:3743H         LINE#         2436
  C:3743H         LINE#         2437
  C:3748H         LINE#         2438
  C:3750H         LINE#         2439
  C:3756H         LINE#         2440
  C:3756H         LINE#         2441
  C:3759H         LINE#         2442
  C:3759H         LINE#         2443
  C:376FH         LINE#         2444
  C:376FH         LINE#         2445
  C:3774H         LINE#         2446
  C:3777H         LINE#         2447
  C:3777H         LINE#         2448
  C:377AH         LINE#         2449
  C:377AH         LINE#         2450
  C:377DH         LINE#         2451
  C:379DH         LINE#         2452
  C:37A0H         LINE#         2453
  C:37A0H         LINE#         2454
  C:37A2H         LINE#         2455
  C:37A5H         LINE#         2456
  C:37A8H         LINE#         2457
  C:37A8H         LINE#         2458
  C:37B1H         LINE#         2459
  C:37B4H         LINE#         2460
  C:37B4H         LINE#         2461
  C:37CBH         LINE#         2462
  C:37CEH         LINE#         2463
  C:37CEH         LINE#         2464
  C:37D1H         LINE#         2465
  C:37D9H         LINE#         2466
  C:37DFH         LINE#         2467
  C:37E2H         LINE#         2468
  C:37E2H         LINE#         2469
  C:37EBH         LINE#         2470
  C:37EEH         LINE#         2471
  C:37EEH         LINE#         2472
  C:37F0H         LINE#         2473
  C:37F3H         LINE#         2474
  C:37F6H         LINE#         2475
  C:37F6H         LINE#         2476
  C:380DH         LINE#         2477
  C:3810H         LINE#         2478
  C:3810H         LINE#         2479
  C:3815H         LINE#         2480
  C:381DH         LINE#         2481
  C:3823H         LINE#         2482
  C:3826H         LINE#         2483
  C:3826H         LINE#         2484
  C:3829H         LINE#         2485
  C:3849H         LINE#         2486
  C:384CH         LINE#         2487
BL51 BANKED LINKER/LOCATER V6.22.2.0                                                  05/14/2021  10:23:20  PAGE 133


  C:384CH         LINE#         2488
  C:384FH         LINE#         2489
  C:386FH         LINE#         2490
  C:3872H         LINE#         2491
  C:3872H         LINE#         2492
  C:3875H         LINE#         2493
  C:387DH         LINE#         2494
  C:3880H         LINE#         2495
  C:3882H         LINE#         2499
  C:3882H         LINE#         2500
  C:3888H         LINE#         2501
  C:388EH         LINE#         2502
  C:388EH         LINE#         2503
  C:3896H         LINE#         2504
  C:389CH         LINE#         2506
  C:389FH         LINE#         2507
  C:38A7H         LINE#         2508
  C:38A7H         LINE#         2510
  C:38AAH         LINE#         2511
  C:38ADH         LINE#         2512
  C:38B5H         LINE#         2513
  C:38B5H         LINE#         2514
  C:38C3H         LINE#         2515
  C:38C3H         LINE#         2516
  C:38CCH         LINE#         2517
  C:38CFH         LINE#         2518
  C:38DBH         LINE#         2519
  C:38DBH         LINE#         2520
  C:38E4H         LINE#         2521
  C:38E7H         LINE#         2523
  C:38E7H         LINE#         2524
  C:38F0H         LINE#         2525
  C:38F0H         LINE#         2526
  C:38F3H         LINE#         2527
  C:38FBH         LINE#         2528
  C:38FBH         LINE#         2529
  C:3909H         LINE#         2530
  C:3909H         LINE#         2531
  C:391FH         LINE#         2532
  C:3922H         LINE#         2533
  C:392EH         LINE#         2534
  C:392EH         LINE#         2535
  C:3937H         LINE#         2536
  C:393AH         LINE#         2537
  C:3948H         LINE#         2538
  C:3948H         LINE#         2539
  C:3951H         LINE#         2540
  C:3953H         LINE#         2542
  C:3953H         LINE#         2543
  C:395CH         LINE#         2544
  C:395CH         LINE#         2545
  C:395EH         LINE#         2546
  C:3966H         LINE#         2547
  C:3966H         LINE#         2548
  C:396FH         LINE#         2549
  C:3971H         LINE#         2550
  C:3979H         LINE#         2551
BL51 BANKED LINKER/LOCATER V6.22.2.0                                                  05/14/2021  10:23:20  PAGE 134


  C:3979H         LINE#         2552
  C:398FH         LINE#         2553
  C:3991H         LINE#         2554
  C:3999H         LINE#         2555
  C:3999H         LINE#         2556
  C:399CH         LINE#         2557
  C:399EH         LINE#         2559
  C:39A6H         LINE#         2560
  C:39A6H         LINE#         2561
  C:39AFH         LINE#         2562
  C:39B1H         LINE#         2565
  C:39B9H         LINE#         2566
  C:39B9H         LINE#         2567
  C:39C1H         LINE#         2568
  C:39C3H         LINE#         2570
  C:39C3H         LINE#         2571
  C:39CCH         LINE#         2572
  C:39CCH         LINE#         2573
  C:39CEH         LINE#         2574
  C:39CEH         LINE#         2575
  C:39D3H         LINE#         2576
  C:39D3H         LINE#         2578
  C:39D3H         LINE#         2579
  C:39D8H         LINE#         2580
  -------         ENDPROC       _SECUENCIAEXPEDIDORMF
  -------         ENDMOD        VERIFICADOR

  -------         MODULE        MONITOR
  C:0000H         SYMBOL        _ICE_DUMMY_
  D:0080H         PUBLIC        P0
  D:0090H         PUBLIC        P1
  I:0011H         PUBLIC        placa
  C:B7EFH         PUBLIC        Rx_Monitor
  B:0080H.0       PUBLIC        rx_ip
  B:0090H.7       PUBLIC        lock
  C:8BF1H         PUBLIC        _recibe_cmd_Monitor
  C:B954H         PUBLIC        clear_placa
  C:8FA9H         PUBLIC        _Valida_Trama_Monitor
  -------         PROC          _RECIBE_CMD_MONITOR
  X:0016H         SYMBOL        buffer_cmd
  -------         DO            
  X:0019H         SYMBOL        j
  X:001AH         SYMBOL        NumDatos
  X:001BH         SYMBOL        time_out
  X:001CH         SYMBOL        MaxChrRx
  X:001DH         SYMBOL        contador
  -------         ENDDO         
  C:8BF1H         LINE#         50
  C:8BFCH         LINE#         51
  C:8BFCH         LINE#         55
  C:8C01H         LINE#         56
  C:8C07H         LINE#         58
  C:8C12H         LINE#         59
  C:8C12H         LINE#         60
  C:8C23H         LINE#         61
  C:8C23H         LINE#         62
  C:8C2AH         LINE#         63
BL51 BANKED LINKER/LOCATER V6.22.2.0                                                  05/14/2021  10:23:20  PAGE 135


  C:8C2EH         LINE#         64
  C:8C37H         LINE#         65
  C:8C37H         LINE#         66
  C:8C45H         LINE#         67
  C:8C5CH         LINE#         68
  C:8C5CH         LINE#         69
  C:8C62H         LINE#         70
  C:8C68H         LINE#         71
  C:8C68H         LINE#         72
  C:8C6AH         LINE#         73
  C:8C72H         LINE#         74
  C:8C78H         LINE#         75
  C:8C8AH         LINE#         76
  C:8C94H         LINE#         77
  C:8C9DH         LINE#         79
  C:8CACH         LINE#         82
  C:8CACH         LINE#         83
  C:8CB1H         LINE#         84
  -------         ENDPROC       _RECIBE_CMD_MONITOR
  -------         PROC          _VALIDA_TRAMA_MONITOR
  X:0016H         SYMBOL        buffer
  D:0005H         SYMBOL        length_trama
  -------         DO            
  X:0019H         SYMBOL        j
  X:001AH         SYMBOL        p
  X:001BH         SYMBOL        cont
  -------         ENDDO         
  C:8FA9H         LINE#         89
  C:8FB4H         LINE#         90
  C:8FB4H         LINE#         91
  C:8FB7H         LINE#         92
  C:8FBBH         LINE#         93
  C:8FBEH         LINE#         94
  C:8FC0H         LINE#         97
  C:8FD4H         LINE#         98
  C:8FD4H         LINE#         100
  C:8FD6H         LINE#         102
  C:8FDDH         LINE#         103
  C:8FE2H         LINE#         106
  C:8FE2H         LINE#         108
  C:8FFDH         LINE#         109
  C:8FFDH         LINE#         112
  C:8FFDH         LINE#         113
  C:901EH         LINE#         114
  C:9022H         LINE#         115
  C:9028H         LINE#         116
  C:903AH         LINE#         117
  C:9052H         LINE#         118
  C:905BH         LINE#         119
  C:905DH         LINE#         120
  C:9063H         LINE#         123
  C:9063H         LINE#         126
  -------         ENDPROC       _VALIDA_TRAMA_MONITOR
  -------         PROC          CLEAR_PLACA
  -------         DO            
  D:0007H         SYMBOL        i
  -------         ENDDO         
BL51 BANKED LINKER/LOCATER V6.22.2.0                                                  05/14/2021  10:23:20  PAGE 136


  C:B954H         LINE#         127
  C:B954H         LINE#         128
  C:B954H         LINE#         130
  C:B960H         LINE#         131
  C:B960H         LINE#         132
  C:B966H         LINE#         133
  C:B969H         LINE#         134
  C:B96BH         LINE#         135
  -------         ENDPROC       CLEAR_PLACA
  -------         PROC          RX_MONITOR
  -------         DO            
  X:0009H         SYMBOL        Length_trama
  X:000AH         SYMBOL        buffer1
  -------         ENDDO         
  C:B7EFH         LINE#         136
  C:B7EFH         LINE#         137
  C:B7EFH         LINE#         140
  C:B7FEH         LINE#         141
  C:B807H         LINE#         142
  -------         ENDPROC       RX_MONITOR
  -------         ENDMOD        MONITOR

  -------         MODULE        ?C?FPADD
  C:1335H         PUBLIC        ?C?FPADD
  C:1331H         PUBLIC        ?C?FPSUB
  -------         ENDMOD        ?C?FPADD

  -------         MODULE        ?C?FPMUL
  C:1426H         PUBLIC        ?C?FPMUL
  -------         ENDMOD        ?C?FPMUL

  -------         MODULE        ?C?FCAST
  C:1536H         PUBLIC        ?C?FCASTC
  C:1531H         PUBLIC        ?C?FCASTI
  C:152CH         PUBLIC        ?C?FCASTL
  -------         ENDMOD        ?C?FCAST

  -------         MODULE        ?C?CASTF
  C:156AH         PUBLIC        ?C?CASTF
  -------         ENDMOD        ?C?CASTF

  -------         MODULE        PRINTF
  X:0077H         PUBLIC        ?_PRINTF?BYTE
  X:0077H         PUBLIC        ?_SPRINTF?BYTE
  C:3A44H         PUBLIC        _PRINTF
  C:3A3EH         PUBLIC        _SPRINTF
  -------         ENDMOD        PRINTF

  -------         MODULE        POW
  X:0020H         PUBLIC        ?_pow?BYTE
  C:61FEH         PUBLIC        _pow
  -------         ENDMOD        POW

  -------         MODULE        ?C?CHKFLOAT
  C:15EBH         PUBLIC        ?C?CHKFLOAT
  -------         ENDMOD        ?C?CHKFLOAT

BL51 BANKED LINKER/LOCATER V6.22.2.0                                                  05/14/2021  10:23:20  PAGE 137


  -------         MODULE        ?C?FPCMP
  C:1607H         PUBLIC        ?C?FPCMP
  C:1605H         PUBLIC        ?C?FPCMP3
  -------         ENDMOD        ?C?FPCMP

  -------         MODULE        ?C?FPNEG
  C:167EH         PUBLIC        ?C?FPNEG
  -------         ENDMOD        ?C?FPNEG

  -------         MODULE        ?C?FPROUND
  C:168FH         PUBLIC        ?C?FPROUND
  -------         ENDMOD        ?C?FPROUND

  -------         MODULE        ?C?FPCONVERT
  C:16CCH         PUBLIC        ?C?FPCONVERT
  -------         ENDMOD        ?C?FPCONVERT

  -------         MODULE        EXP
  C:9891H         PUBLIC        _EXP
  -------         ENDMOD        EXP

  -------         MODULE        LOG
  C:6D8DH         PUBLIC        _LOG
  C:6D89H         PUBLIC        _LOG10
  -------         ENDMOD        LOG

  -------         MODULE        ?C?FPDIV
  C:17D4H         PUBLIC        ?C?FPDIV
  -------         ENDMOD        ?C?FPDIV

  -------         MODULE        ?C?FTNPWR
  C:18A1H         PUBLIC        ?C?FTNPWR
  -------         ENDMOD        ?C?FTNPWR

  -------         MODULE        ?C?COPY
  C:19FEH         PUBLIC        ?C?COPY
  -------         ENDMOD        ?C?COPY

  -------         MODULE        ?C?CLDPTR
  C:1A24H         PUBLIC        ?C?CLDPTR
  -------         ENDMOD        ?C?CLDPTR

  -------         MODULE        ?C?CLDOPTR
  C:1A3DH         PUBLIC        ?C?CLDOPTR
  -------         ENDMOD        ?C?CLDOPTR

  -------         MODULE        ?C?CSTPTR
  C:1A6AH         PUBLIC        ?C?CSTPTR
  -------         ENDMOD        ?C?CSTPTR

  -------         MODULE        ?C?CSTOPTR
  C:1A7CH         PUBLIC        ?C?CSTOPTR
  -------         ENDMOD        ?C?CSTOPTR

  -------         MODULE        ?C?IMUL
  C:1A9EH         PUBLIC        ?C?IMUL
  -------         ENDMOD        ?C?IMUL
BL51 BANKED LINKER/LOCATER V6.22.2.0                                                  05/14/2021  10:23:20  PAGE 138



  -------         MODULE        ?C?IILDX
  C:1AB0H         PUBLIC        ?C?IILDX
  -------         ENDMOD        ?C?IILDX

  -------         MODULE        ?C?LNEG
  C:1AC6H         PUBLIC        ?C?LNEG
  -------         ENDMOD        ?C?LNEG

  -------         MODULE        ?C?SLCMP
  C:1AD4H         PUBLIC        ?C?SLCMP
  -------         ENDMOD        ?C?SLCMP

  -------         MODULE        ?C?ULCMP
  C:1AEAH         PUBLIC        ?C?ULCMP
  -------         ENDMOD        ?C?ULCMP

  -------         MODULE        ?C?ULSHR
  C:1AFBH         PUBLIC        ?C?ULSHR
  -------         ENDMOD        ?C?ULSHR

  -------         MODULE        ?C?LSHL
  C:1B0EH         PUBLIC        ?C?LSHL
  -------         ENDMOD        ?C?LSHL

  -------         MODULE        ?C?LLDCODE
  C:1B21H         PUBLIC        ?C?LLDCODE
  -------         ENDMOD        ?C?LLDCODE

  -------         MODULE        ?C?LLDXDATA0
  C:1B31H         PUBLIC        ?C?LLDXDATA0
  -------         ENDMOD        ?C?LLDXDATA0

  -------         MODULE        ?C?LLDCODE0
  C:1B3DH         PUBLIC        ?C?LLDCODE0
  -------         ENDMOD        ?C?LLDCODE0

  -------         MODULE        ?C?LSTXDATA
  C:1B4DH         PUBLIC        ?C?LSTXDATA
  -------         ENDMOD        ?C?LSTXDATA

  -------         MODULE        ?C?LSTKXDATA
  C:1B59H         PUBLIC        ?C?LSTKXDATA
  -------         ENDMOD        ?C?LSTKXDATA

  -------         MODULE        ?C?PLDIXDATA
  C:1B8AH         PUBLIC        ?C?PLDIXDATA
  -------         ENDMOD        ?C?PLDIXDATA

  -------         MODULE        ?C?PSTXDATA
  C:1BA1H         PUBLIC        ?C?PSTXDATA
  -------         ENDMOD        ?C?PSTXDATA

  -------         MODULE        ?C?CCASE
  C:1BAAH         PUBLIC        ?C?CCASE
  -------         ENDMOD        ?C?CCASE

BL51 BANKED LINKER/LOCATER V6.22.2.0                                                  05/14/2021  10:23:20  PAGE 139


  -------         MODULE        STRCAT
  X:0046H         PUBLIC        ?_strcat?BYTE
  C:A9CEH         PUBLIC        _strcat
  -------         ENDMOD        STRCAT

  -------         MODULE        ?C?STRCMP
  C:1D4EH         PUBLIC        ?C?STRCMP
  -------         ENDMOD        ?C?STRCMP

  -------         MODULE        ?C?STRCPY
  C:1E37H         PUBLIC        ?C?STRCPY
  -------         ENDMOD        ?C?STRCPY

  -------         MODULE        STRLEN
  C:000EH         PUBLIC        _STRLEN
  -------         ENDMOD        STRLEN

  -------         MODULE        STRTOK
  X:0064H         PUBLIC        ?_strtok?BYTE
  C:7FCFH         PUBLIC        _strtok
  -------         ENDMOD        STRTOK

  -------         MODULE        ATOL
  C:7401H         PUBLIC        _atol
  -------         ENDMOD        ATOL

  -------         MODULE        ATOI
  C:8191H         PUBLIC        _atoi
  -------         ENDMOD        ATOI

  -------         MODULE        ?C?ILDIX
  C:1E54H         PUBLIC        ?C?ILDIX
  -------         ENDMOD        ?C?ILDIX

  -------         MODULE        ?C?LMUL
  C:1E6AH         PUBLIC        ?C?LMUL
  -------         ENDMOD        ?C?LMUL

  -------         MODULE        ISDIGIT
  C:BA50H         PUBLIC        _isdigit
  -------         ENDMOD        ISDIGIT

  -------         MODULE        ISSPACE
  C:B9B0H         PUBLIC        _isspace
  -------         ENDMOD        ISSPACE

  -------         MODULE        STRSPN
  X:006AH         PUBLIC        ?_strspn?BYTE
  C:A37BH         PUBLIC        _strspn
  -------         ENDMOD        STRSPN

  -------         MODULE        STRPBRK
  X:006AH         PUBLIC        ?_strpbrk?BYTE
  C:A482H         PUBLIC        _strpbrk
  -------         ENDMOD        STRPBRK

Program Size: data=99.1 xdata=532 code=47842
BL51 BANKED LINKER/LOCATER V6.22.2.0                                                  05/14/2021  10:23:20  PAGE 140


LINK/LOCATE RUN COMPLETE.  0 WARNING(S),  0 ERROR(S)
