BL51 BANKED LINKER/LOCATER V6.22.2.0                                                    06/04/2021  16:31:58  PAGE 1


BL51 BANKED LINKER/LOCATER V6.22.2.0, INVOKED BY:
C:\KEIL_V5\C51\BIN\BL51.EXE .\Objects\main.obj, .\Objects\Accescan.obj, .\Objects\Clock.obj, .\Objects\delay.obj, .\Obje
>> cts\eeprom.obj, .\Objects\io_sensores.obj, .\Objects\pantallas.obj, .\Objects\prog.obj, .\Objects\pto_paralelo.obj, .
>> \Objects\tibbo.obj, .\Objects\uart.obj, .\Objects\lintech.obj, .\Objects\verificador.obj, .\Objects\Monitor.obj TO .\
>> Objects\expedidor_v_01_raspberry PRINT (.\Listings\expedidor_v_01_raspberry.m51) RAMSIZE (256)


MEMORY MODEL: LARGE WITH FLOATING POINT ARITHMETIC


INPUT MODULES INCLUDED:
  .\Objects\main.obj (MAIN)
  .\Objects\Accescan.obj (ACCESCAN)
  .\Objects\Clock.obj (CLOCK)
  .\Objects\delay.obj (DELAY)
  .\Objects\eeprom.obj (EEPROM)
  .\Objects\io_sensores.obj (IO_SENSORES)
  .\Objects\pantallas.obj (PANTALLAS)
  .\Objects\prog.obj (PROG)
  .\Objects\pto_paralelo.obj (PTO_PARALELO)
  .\Objects\tibbo.obj (TIBBO)
  .\Objects\uart.obj (UART)
  .\Objects\lintech.obj (LINTECH)
  .\Objects\verificador.obj (VERIFICADOR)
  .\Objects\Monitor.obj (MONITOR)
  C:\KEIL_V5\C51\LIB\C51FPL.LIB (?C?FPADD)
  C:\KEIL_V5\C51\LIB\C51FPL.LIB (?C?FPMUL)
  C:\KEIL_V5\C51\LIB\C51FPL.LIB (?C?FCAST)
  C:\KEIL_V5\C51\LIB\C51FPL.LIB (?C?CASTF)
  C:\KEIL_V5\C51\LIB\C51FPL.LIB (PRINTF)
  C:\KEIL_V5\C51\LIB\C51FPL.LIB (POW)
  C:\KEIL_V5\C51\LIB\C51FPL.LIB (?C?FPGETOPN)
  C:\KEIL_V5\C51\LIB\C51FPL.LIB (?C?CHKFLOAT)
  C:\KEIL_V5\C51\LIB\C51FPL.LIB (?C?FPCMP)
  C:\KEIL_V5\C51\LIB\C51FPL.LIB (?C?FPNEG)
  C:\KEIL_V5\C51\LIB\C51FPL.LIB (?C?FPROUND)
  C:\KEIL_V5\C51\LIB\C51FPL.LIB (?C?FPCONVERT)
  C:\KEIL_V5\C51\LIB\C51FPL.LIB (EXP)
  C:\KEIL_V5\C51\LIB\C51FPL.LIB (LOG)
  C:\KEIL_V5\C51\LIB\C51FPL.LIB (?C?FPDIV)
  C:\KEIL_V5\C51\LIB\C51FPL.LIB (?C?FTNPWR)
  C:\KEIL_V5\C51\LIB\C51FPL.LIB (?C?FPSERIES)
  C:\KEIL_V5\C51\LIB\C51L.LIB (?C_STARTUP)
  C:\KEIL_V5\C51\LIB\C51L.LIB (?C?COPY)
  C:\KEIL_V5\C51\LIB\C51L.LIB (?C?CLDPTR)
  C:\KEIL_V5\C51\LIB\C51L.LIB (?C?CLDOPTR)
  C:\KEIL_V5\C51\LIB\C51L.LIB (?C?CSTPTR)
  C:\KEIL_V5\C51\LIB\C51L.LIB (?C?CSTOPTR)
  C:\KEIL_V5\C51\LIB\C51L.LIB (?C?IMUL)
  C:\KEIL_V5\C51\LIB\C51L.LIB (?C?IILDX)
  C:\KEIL_V5\C51\LIB\C51L.LIB (?C?LNEG)
  C:\KEIL_V5\C51\LIB\C51L.LIB (?C?SLCMP)
  C:\KEIL_V5\C51\LIB\C51L.LIB (?C?ULCMP)
  C:\KEIL_V5\C51\LIB\C51L.LIB (?C?ULSHR)
  C:\KEIL_V5\C51\LIB\C51L.LIB (?C?LSHL)
  C:\KEIL_V5\C51\LIB\C51L.LIB (?C?LLDCODE)
  C:\KEIL_V5\C51\LIB\C51L.LIB (?C?LLDXDATA0)
  C:\KEIL_V5\C51\LIB\C51L.LIB (?C?LLDCODE0)
BL51 BANKED LINKER/LOCATER V6.22.2.0                                                  06/04/2021  16:31:58  PAGE 2


  C:\KEIL_V5\C51\LIB\C51L.LIB (?C?LSTXDATA)
  C:\KEIL_V5\C51\LIB\C51L.LIB (?C?LSTKXDATA)
  C:\KEIL_V5\C51\LIB\C51L.LIB (?C?PLDIXDATA)
  C:\KEIL_V5\C51\LIB\C51L.LIB (?C?PSTXDATA)
  C:\KEIL_V5\C51\LIB\C51L.LIB (?C?CCASE)
  C:\KEIL_V5\C51\LIB\C51L.LIB (STRCAT)
  C:\KEIL_V5\C51\LIB\C51L.LIB (?C?STRCMP)
  C:\KEIL_V5\C51\LIB\C51L.LIB (?C?STRCPY)
  C:\KEIL_V5\C51\LIB\C51L.LIB (STRLEN)
  C:\KEIL_V5\C51\LIB\C51L.LIB (STRTOK)
  C:\KEIL_V5\C51\LIB\C51L.LIB (ATOL)
  C:\KEIL_V5\C51\LIB\C51L.LIB (ATOI)
  C:\KEIL_V5\C51\LIB\C51L.LIB (?C_INIT)
  C:\KEIL_V5\C51\LIB\C51L.LIB (?C?ILDIX)
  C:\KEIL_V5\C51\LIB\C51L.LIB (?C?LMUL)
  C:\KEIL_V5\C51\LIB\C51L.LIB (ISDIGIT)
  C:\KEIL_V5\C51\LIB\C51L.LIB (ISSPACE)
  C:\KEIL_V5\C51\LIB\C51L.LIB (STRSPN)
  C:\KEIL_V5\C51\LIB\C51L.LIB (STRPBRK)


LINK MAP OF MODULE:  .\Objects\expedidor_v_01_raspberry (MAIN)


            TYPE    BASE      LENGTH    RELOCATION   SEGMENT NAME
            -----------------------------------------------------

            * * * * * * *   D A T A   M E M O R Y   * * * * * * *
            REG     0000H     0008H     ABSOLUTE     "REG BANK 0"
            DATA    0008H     0005H     UNIT         _DATA_GROUP_
            DATA    000DH     0004H     UNIT         ?DT?UART
            IDATA   0011H     0009H     UNIT         ?ID?MONITOR
                    001AH     0006H                  *** GAP ***
            BIT     0020H.0   0001H.1   UNIT         _BIT_GROUP_
            BIT     0021H.1   0000H.3   UNIT         ?BI?MAIN
            BIT     0021H.4   0000H.2   UNIT         ?BI?UART
            BIT     0021H.6   0000H.1   UNIT         ?BI?EEPROM
            BIT     0021H.7   0000H.1   UNIT         ?BI?IO_SENSORES
            BIT     0022H.0   0000H.1   UNIT         ?BI?VERIFICADOR
                    0022H.1   0000H.7                *** GAP ***
            IDATA   0023H     0046H     UNIT         ?ID?MAIN
            IDATA   0069H     0001H     UNIT         ?STACK

            * * * * * * *  X D A T A   M E M O R Y  * * * * * * *
            XDATA   0000H     00B7H     UNIT         _XDATA_GROUP_
            XDATA   00B7H     0091H     UNIT         ?XD?VERIFICADOR
            XDATA   0148H     006CH     UNIT         ?XD?MAIN
            XDATA   01B4H     0059H     UNIT         ?XD?PROG
            XDATA   020DH     0025H     UNIT         ?XD?_WR_MF?LINTECH
            XDATA   0232H     0016H     UNIT         ?XD?CLAVE_SEGURIDAD_S2?LINTECH
            XDATA   0248H     0016H     UNIT         ?XD?DWLOAD_EEPROM?LINTECH
            XDATA   025EH     0016H     UNIT         ?XD?_RESPONDE_LECTURA_TARJETA_SECTOR1_BLOQUE1?VERIFICADOR
            XDATA   0274H     0015H     UNIT         ?XD?_ANALIZA_UID_CARD?VERIFICADOR
            XDATA   0289H     0015H     UNIT         ?XD?_RESPONDE_LECTURA_TARJETA_SECTOR1_BLOQUE2?VERIFICADOR
            XDATA   029EH     0013H     UNIT         ?XD?_HORARIOS?VERIFICADOR
            XDATA   02B1H     0012H     UNIT         ?XD?_RD_MF?LINTECH
            XDATA   02C3H     0012H     UNIT         ?XD?_ARMAR_TRAMA_PTO_PARALELO_EXPEDIDOR?VERIFICADOR
BL51 BANKED LINKER/LOCATER V6.22.2.0                                                  06/04/2021  16:31:58  PAGE 3


            XDATA   02D5H     0010H     UNIT         ?XD?LOADVERIFY_EEPROM?LINTECH
            XDATA   02E5H     000FH     UNIT         ?XD?_ARMAR_TRAMA_MONITOR?VERIFICADOR
            XDATA   02F4H     000CH     UNIT         ?XD?_INICIALIZA?LINTECH
            XDATA   0300H     000CH     UNIT         ?XD?_MOV_CARD?LINTECH
            XDATA   030CH     000BH     UNIT         ?XD?INCREMENTE_TICKET?EEPROM
            XDATA   0317H     000BH     UNIT         ?XD?_CHECK_STATUS?LINTECH
            XDATA   0322H     000BH     UNIT         ?XD?AUT_CARD_CHECK_STATUS?LINTECH
            XDATA   032DH     000BH     UNIT         ?XD?UNIQUE_IDENTIFIER_UID?LINTECH
            XDATA   0338H     000BH     UNIT         ?XD?POWER_OFF?LINTECH
            XDATA   0343H     000AH     UNIT         ?XD?_CARD_INSERCION?LINTECH
            XDATA   034DH     000AH     UNIT         ?XD?_RESPONDE_REELECTURA_TARJETA_SECTOR1_BLOQUE2?VERIFICADOR
            XDATA   0357H     000AH     UNIT         ?XD?_RESPUESTA_PLACA_CANCEL?VERIFICADOR
            XDATA   0361H     0009H     UNIT         ?XD?_LOAD_SECUENCIA_EXPEDIDOR?VERIFICADOR
            XDATA   036AH     0008H     UNIT         ?XD?_HORA_MAXIMA?VERIFICADOR
            XDATA   0372H     0007H     UNIT         ?XD?_RESPONDE_WRITE_TARJETA_SECTOR1_BLOQUE2?VERIFICADOR
            XDATA   0379H     0007H     UNIT         ?XD?_SEND_PTO_PARALELO?VERIFICADOR
            XDATA   0380H     0007H     UNIT         ?XD?_WAIT_PLACA?VERIFICADOR
            XDATA   0387H     0007H     UNIT         ?XD?_TARJETA_MENSUAL?VERIFICADOR
            XDATA   038EH     0007H     UNIT         ?XD?_VALIDA_TIPO_TARJETA?VERIFICADOR
            XDATA   0395H     0007H     UNIT         ?XD?_BLOQUE_HORARIO?VERIFICADOR
            XDATA   039CH     0006H     UNIT         ?XD?_ESCRIBIRCADENASOFT_BUFFER?MAIN
            XDATA   03A2H     0006H     UNIT         ?XD?_SEND_PORTERR?PTO_PARALELO
            XDATA   03A8H     0006H     UNIT         ?XD?_RESPUESTA_SEGUNDA_CLAVE?VERIFICADOR
            XDATA   03AEH     0006H     UNIT         ?XD?_ARMAR_TRAMA_TARJETA_SECTOR1_BLOQUE2?VERIFICADOR
            XDATA   03B4H     0006H     UNIT         ?XD?_ARMAR_TRAMA_PTO_PARALELO_EXPEDIDOR_MENSUAL?VERIFICADOR
            XDATA   03BAH     0006H     UNIT         ?XD?_TARJETA_ROTACION?VERIFICADOR
            XDATA   03C0H     0005H     UNIT         ?XD?_RTA_CMD_TRANSPORTE?VERIFICADOR
            XDATA   03C5H     0005H     UNIT         ?XD?_EN_HORARIO?VERIFICADOR
            XDATA   03CAH     0004H     UNIT         ?XD?_RESPONDE_LECTURA_TARJETA_SECTOR1_BLOQUE0?VERIFICADOR
            XDATA   03CEH     0004H     UNIT         ?XD?_ARMAR_TRAMA_TARJETA_SECTOR1_BLOQUE1_CAMCEL?VERIFICADOR
            XDATA   03D2H     0004H     UNIT         ?XD?_DISPARO_LOCK_ENTRADA_VEHICULO?VERIFICADOR
            XDATA   03D6H     0004H     UNIT         ?XD?_VALIDA_VEHICULO_CARD_MENSUAL?VERIFICADOR
            XDATA   03DAH     0003H     UNIT         ?XD?_HORA_ENTRADA_VEHICULO?CLOCK
            XDATA   03DDH     0003H     UNIT         ?XD?EEPROM
            XDATA   03E0H     0003H     UNIT         ?XD?UART
            XDATA   03E3H     0003H     UNIT         ?XD?_RESPONDE_WRITE_TARJETA_SECTOR1_BLOQUE1?VERIFICADOR
            XDATA   03E6H     0003H     UNIT         ?XD?_RESPONDE_WRITE_TARJETA_SECTOR1_BLOQUE0?VERIFICADOR
            XDATA   03E9H     0003H     UNIT         ?XD?_RESPONDE_WRITE_TARJETA_SECTOR2_BLOQUE0?VERIFICADOR
            XDATA   03ECH     0003H     UNIT         ?XD?_PREGUNTA_LPR?VERIFICADOR
            XDATA   03EFH     0003H     UNIT         ?XD?_ARMAR_TRAMA_TARJETA_SECTOR1_BLOQUE0?VERIFICADOR
            XDATA   03F2H     0003H     UNIT         ?XD?_ARMAR_TRAMA_PLACA?VERIFICADOR
            XDATA   03F5H     0003H     UNIT         ?XD?STRTOK
            XDATA   03F8H     0002H     UNIT         ?XD?IO_SENSORES
            XDATA   03FAH     0002H     UNIT         ?XD?_DEBUG_HEXDEC?TIBBO
            XDATA   03FCH     0001H     UNIT         ?XD?ACCESCAN
            XDATA   03FDH     0001H     UNIT         ?XD?CLOCK
            XDATA   03FEH     0001H     UNIT         ?XD?ERROR_RX_PTO?VERIFICADOR
            XDATA   03FFH     0001H     UNIT         ?XD?ANALIZA_PRESENCIA_MENSUAL?VERIFICADOR
            XDATA   0400H     0001H     UNIT         ?XD?ANALIZA_CARD_MOUNT_RF?VERIFICADOR
            XDATA   0401H     0001H     UNIT         ?XD?ANALIZA_PRESENCIA_ROTACION?VERIFICADOR
            XDATA   0402H     0001H     UNIT         ?XD?RESPONDE_ESTADO_SENSORES_TRANSPORTE?VERIFICADOR
            XDATA   0403H     0001H     UNIT         ?XD?RESPONDE_TIPO_TARJETA?VERIFICADOR
            XDATA   0404H     0001H     UNIT         ?XD?PREGUNTA_PLACA?VERIFICADOR
            XDATA   0405H     0001H     UNIT         ?XD?ENTREGA_CARD_CAPTURA?VERIFICADOR
            XDATA   0406H     0001H     UNIT         ?XD?SECUENCIA_INICIO_EXPEDIDOR?VERIFICADOR
            XDATA   0407H     0001H     UNIT         ?XD?_SECUENCIAEXPEDIDORMF?VERIFICADOR

BL51 BANKED LINKER/LOCATER V6.22.2.0                                                  06/04/2021  16:31:58  PAGE 4


            * * * * * * *   C O D E   M E M O R Y   * * * * * * *
            CODE    0000H     0003H     ABSOLUTE     
            CODE    0003H     0008H     UNIT         ?PR?P_CK?CLOCK
            CODE    000BH     0003H     ABSOLUTE     
            CODE    000EH     0015H     UNIT         ?PR?_STRLEN?STRLEN
            CODE    0023H     0003H     ABSOLUTE     
            CODE    0026H     1308H     UNIT         ?CO?PROG
            CODE    132EH     0B8BH     UNIT         ?C?LIB_CODE
            CODE    1EB9H     08BDH     UNIT         ?CO?VERIFICADOR
            CODE    2776H     0747H     UNIT         ?PR?_PANTALLALCD?PANTALLAS
            CODE    2EBDH     06EFH     UNIT         ?CO?PANTALLAS
            CODE    35ACH     0524H     UNIT         ?PR?_VALIDA_TRAMA_PTO?ACCESCAN
            CODE    3AD0H     04DAH     UNIT         ?PR?_SECUENCIAEXPEDIDORMF?VERIFICADOR
            CODE    3FAAH     0483H     UNIT         ?PR?PRINTF?PRINTF
            CODE    442DH     035CH     UNIT         ?PR?VER_PROG?PROG
            CODE    4789H     02D0H     UNIT         ?PR?_TWO_BYTEHEX_DECIMAL?CLOCK
            CODE    4A59H     02B7H     UNIT         ?PR?_PROG_HORARIO_DIAS?PROG
            CODE    4D10H     02A5H     UNIT         ?PR?_PANTALLALCD_LINEA_2?PANTALLAS
            CODE    4FB5H     02A3H     UNIT         ?PR?_ARMAR_TRAMA_MONITOR?VERIFICADOR
            CODE    5258H     0256H     UNIT         ?PR?_ARMAR_TRAMA_PTO_PARALELO_EXPEDIDOR?VERIFICADOR
            CODE    54AEH     022CH     UNIT         ?PR?MENU?PROG
            CODE    56DAH     0208H     UNIT         ?PR?_HASH_ID?PROG
            CODE    58E2H     01FAH     UNIT         ?PR?_PROG_HORARIO_DESDE_HASTA?PROG
            CODE    5ADCH     01F5H     UNIT         ?PR?PROG_FECHA_VENCIMIENTO?PROG
            CODE    5CD1H     01EBH     UNIT         ?PR?_ARMAR_TRAMA_TARJETA_SECTOR1_BLOQUE2?VERIFICADOR
            CODE    5EBCH     01DFH     UNIT         ?PR?_RESPONDE_LECTURA_TARJETA_SECTOR1_BLOQUE1?VERIFICADOR
            CODE    609BH     01D8H     UNIT         ?PR?_BLOCK_READ_CLOCK_ASCII_RASBERRY?CLOCK
            CODE    6273H     01B3H     UNIT         ?PR?COM_ISR?UART
            CODE    6426H     01A4H     UNIT         ?PR?_VALIDA_TIPO_TARJETA?VERIFICADOR
            CODE    65CAH     01A3H     UNIT         ?CO?LINTECH
            CODE    676DH     016EH     UNIT         ?PR?_BLOCK_READ_CLOCK_ASCII?CLOCK
            CODE    68DBH     0166H     UNIT         ?PR?_POW?POW
            CODE    6A41H     0157H     UNIT         ?PR?_RESPONDE_REELECTURA_TARJETA_SECTOR1_BLOQUE2?VERIFICADOR
            CODE    6B98H     0145H     UNIT         ?PR?PROG_HORARIOS?PROG
            CODE    6CDDH     013EH     UNIT         ?PR?PROG_SIN_COBRO?PROG
            CODE    6E1BH     013EH     UNIT         ?PR?SECUENCIA_INICIO_EXPEDIDOR?VERIFICADOR
            CODE    6F59H     013CH     UNIT         ?PR?LOAD_AND_SEND_ID_COD?PTO_PARALELO
            CODE    7095H     0137H     UNIT         ?PR?VER_HORARIO?PROG
            CODE    71CCH     012EH     UNIT         ?PR?_ARMAR_TRAMA_PTO_PARALELO_EXPEDIDOR_MENSUAL?VERIFICADOR
            CODE    72FAH     012BH     UNIT         ?PR?_RESPONDE_LECTURA_TARJETA_SECTOR1_BLOQUE2?VERIFICADOR
            CODE    7425H     0129H     UNIT         ?PR?LOG?LOG
            CODE    754EH     0128H     UNIT         ?PR?_VER_HORARIO_DIAS?PROG
            CODE    7676H     011AH     UNIT         ?PR?_PROG_HORARIOS_ON_OFF?PROG
            CODE    7790H     0119H     UNIT         ?PR?_VER_HORARIO_DESDE_HASTA?PROG
            CODE    78A9H     0115H     UNIT         ?PR?_VALIDAR_CLK?CLOCK
            CODE    79BEH     010FH     UNIT         ?PR?_HORARIOS?VERIFICADOR
            CODE    7ACDH     010CH     UNIT         ?PR?_ATOL?ATOL
            CODE    7BD9H     0103H     UNIT         ?PR?_BLOQUE_HORARIO?VERIFICADOR
            CODE    7CDCH     0100H     UNIT         ?PR?_WR_MF?LINTECH
            CODE    7DDCH     00FCH     UNIT         ?PR?PROG_DEBUG?PROG
            CODE    7ED8H     00FCH     UNIT         ?PR?PROG_USE_LPR?PROG
            CODE    7FD4H     00FCH     UNIT         ?PR?TIPO_PANTALLA?PROG
            CODE    80D0H     00FCH     UNIT         ?PR?PROG_ANTIPASSBACK?PROG
            CODE    81CCH     00FCH     UNIT         ?PR?PROG_PLACA?PROG
            CODE    82C8H     00FCH     UNIT         ?PR?PROG_VALIDAR_TIPO_VEHICULO_MENSUAL?PROG
            CODE    83C4H     00FCH     UNIT         ?PR?PROG_APB_MENSUAL?PROG
            CODE    84C0H     00F1H     UNIT         ?PR?_WRITE_EEPROM_TICKET?EEPROM
BL51 BANKED LINKER/LOCATER V6.22.2.0                                                  06/04/2021  16:31:58  PAGE 5


            CODE    85B1H     00EAH     UNIT         ?PR?_MOV_CARD?LINTECH
            CODE    869BH     00E4H     UNIT         ?PR?_STRTOK?STRTOK
            CODE    877FH     00DEH     UNIT         ?PR?PROG_ADDRESS_HIGH_BOARD?PROG
            CODE    885DH     00DBH     UNIT         ?PR?_ATOI?ATOI
            CODE    8938H     00D7H     UNIT         ?PR?_ANALIZA_UID_CARD?VERIFICADOR
            CODE    8A0FH     00D6H     UNIT         ?PR?_CMD_LPR_SALIDA_WIEGAND?ACCESCAN
            CODE    8AE5H     00D3H     UNIT         ?C_INITSEG
            CODE    8BB8H     00CCH     UNIT         ?PR?_GRABA_SERIE?EEPROM
            CODE    8C84H     00CBH     UNIT         ?PR?_RTA_CMD_TRANSPORTE?VERIFICADOR
            CODE    8D4FH     00CAH     UNIT         ?PR?READ_EEPROM_TICKET?EEPROM
            CODE    8E19H     00C9H     UNIT         ?PR?_CHECK_FECHAOUT?CLOCK
            CODE    8EE2H     00C4H     UNIT         ?PR?_BLOCK_READ_CLOCK?CLOCK
            CODE    8FA6H     00C4H     UNIT         ?PR?_TARJETA_MENSUAL?VERIFICADOR
            CODE    906AH     00C3H     UNIT         ?PR?_RD_MF?LINTECH
            CODE    912DH     00C2H     UNIT         ?PR?PROG_TARJETA_AUTOMATICA_O_BOTON?PROG
            CODE    91EFH     00C1H     UNIT         ?PR?_RECIBE_CMD_MONITOR?MONITOR
            CODE    92B0H     00BFH     UNIT         ?CO?IO_SENSORES
            CODE    936FH     00BEH     UNIT         ?PR?ERROR_RX_PTO?VERIFICADOR
            CODE    942DH     00BDH     UNIT         ?PR?PROG_COD_PARK?PROG
            CODE    94EAH     00BDH     UNIT         ?PR?PROG_TIEMPO_GRACIA?PROG
            CODE    95A7H     00BBH     UNIT         ?PR?_VALIDA_TRAMA_MONITOR?MONITOR
            CODE    9662H     00B9H     UNIT         ?CO?TIBBO
            CODE    971BH     00B6H     UNIT         ?PR?PROG_ID_CLIENTE?PROG
            CODE    97D1H     00B5H     UNIT         ?PR?_WAIT_PLACA?VERIFICADOR
            CODE    9886H     00B4H     UNIT         ?PR?_SEND_PORT?PTO_PARALELO
            CODE    993AH     00ACH     UNIT         ?PR?_HORA_MAXIMA?VERIFICADOR
            CODE    99E6H     00AAH     UNIT         ?PR?CLAVE_SEGURIDAD_S2?LINTECH
            CODE    9A90H     00A9H     UNIT         ?PR?DWLOAD_EEPROM?LINTECH
            CODE    9B39H     00A6H     UNIT         ?PR?_BLOCK_READ_CLOCK_HEX?CLOCK
            CODE    9BDFH     00A5H     UNIT         ?PR?_SEND_PTO_PARALELO?VERIFICADOR
            CODE    9C84H     00A4H     UNIT         ?PR?_ARMAR_TRAMA_TARJETA_SECTOR1_BLOQUE1_CAMCEL?VERIFICADOR
            CODE    9D28H     00A1H     UNIT         ?PR?_BLOCK_WRITE_CLOCK_ASCII?CLOCK
            CODE    9DC9H     009DH     UNIT         ?PR?_INICIALIZA?LINTECH
            CODE    9E66H     009CH     UNIT         ?PR?_RESPUESTA_PLACA_CANCEL?VERIFICADOR
            CODE    9F02H     009AH     UNIT         ?PR?_RESPONDE_LECTURA_TARJETA_SECTOR1_BLOQUE0?VERIFICADOR
            CODE    9F9CH     009AH     UNIT         ?PR?EXP?EXP
            CODE    A036H     0099H     UNIT         ?PR?SHOW?PROG
            CODE    A0CFH     0099H     UNIT         ?PR?_RECIBE_PORT?PTO_PARALELO
            CODE    A168H     0098H     UNIT         ?PR?_VALIDA_VEHICULO_CARD_MENSUAL?VERIFICADOR
            CODE    A200H     0091H     UNIT         ?PR?_HEX_ASCII?CLOCK
            CODE    A291H     0091H     UNIT         ?PR?_CARD_INSERCION?LINTECH
            CODE    A322H     0090H     UNIT         ?PR?_LEE_CLK?CLOCK
            CODE    A3B2H     0090H     UNIT         ?PR?_GETOPTION?PROG
            CODE    A442H     0090H     UNIT         ?PR?_DISPARO_LOCK_ENTRADA_VEHICULO?VERIFICADOR
            CODE    A4D2H     0090H     UNIT         ?PR?ENTREGA_CARD_CAPTURA?VERIFICADOR
            CODE    A562H     008DH     UNIT         ?PR?LOADVERIFY_EEPROM?LINTECH
            CODE    A5EFH     008CH     UNIT         ?C_C51STARTUP
            CODE    A67BH     0088H     UNIT         ?PR?_SEND_PORTERR?PTO_PARALELO
            CODE    A703H     0088H     UNIT         ?PR?RX_DATA?TIBBO
            CODE    A78BH     0088H     UNIT         ?PR?UNIQUE_IDENTIFIER_UID?LINTECH
            CODE    A813H     0086H     UNIT         ?PR?_CHECK_STATUS?LINTECH
            CODE    A899H     0084H     UNIT         ?PR?MSJ_LCD_INFORMATIVO?IO_SENSORES
            CODE    A91DH     0084H     UNIT         ?PR?_DEBUGBUFFERMF?TIBBO
            CODE    A9A1H     0084H     UNIT         ?PR?_STRSPN?STRSPN
            CODE    AA25H     0083H     UNIT         ?PR?_RASPBERRY_DATA?PANTALLAS
            CODE    AAA8H     0081H     UNIT         ?PR?_STRPBRK?STRPBRK
            CODE    AB29H     0080H     UNIT         ?PR?_INGRESADATO?PROG
BL51 BANKED LINKER/LOCATER V6.22.2.0                                                  06/04/2021  16:31:58  PAGE 6


            CODE    ABA9H     0080H     UNIT         ?PR?AUT_CARD_CHECK_STATUS?LINTECH
            CODE    AC29H     0080H     UNIT         ?PR?POWER_OFF?LINTECH
            CODE    ACA9H     007DH     UNIT         ?PR?RELOJ_PANTALLA_LCD?PANTALLAS
            CODE    AD26H     007CH     UNIT         ?PR?RESPONDE_ESTADO_SENSORES_TRANSPORTE?VERIFICADOR
            CODE    ADA2H     0077H     UNIT         ?PR?RESPONDE_TIPO_TARJETA?VERIFICADOR
            CODE    AE19H     0074H     UNIT         ?PR?_HORA_ENTRADA_VEHICULO?CLOCK
            CODE    AE8DH     0071H     UNIT         ?PR?_EN_HORARIO?VERIFICADOR
            CODE    AEFEH     006FH     UNIT         ?PR?_ESCRIBIRMEMORIA?EEPROM
            CODE    AF6DH     006CH     UNIT         ?PR?MAIN?MAIN
            CODE    AFD9H     006CH     UNIT         ?PR?_RESPONDE_WRITE_TARJETA_SECTOR1_BLOQUE2?VERIFICADOR
            CODE    B045H     006BH     UNIT         ?PR?INGRESO_VEHICULO?VERIFICADOR
            CODE    B0B0H     006BH     UNIT         ?PR?_STRCAT?STRCAT
            CODE    B11BH     0066H     UNIT         ?PR?_LEERMEMORIA?EEPROM
            CODE    B181H     0062H     UNIT         ?PR?_LISTACOMANDOS?PROG
            CODE    B1E3H     005EH     UNIT         ?PR?_BYTEHEX_DECIMAL?CLOCK
            CODE    B241H     005DH     UNIT         ?PR?_RESPUESTA_SEGUNDA_CLAVE?VERIFICADOR
            CODE    B29EH     005CH     UNIT         ?PR?_ARMAR_TRAMA_PLACA?VERIFICADOR
            CODE    B2FAH     005BH     UNIT         ?PR?VALIDA_SENSOR1_AUTO?IO_SENSORES
            CODE    B355H     0056H     UNIT         ?PR?_WR_EEPROM?EEPROM
            CODE    B3ABH     0054H     UNIT         ?PR?_PREGUNTA_LPR?VERIFICADOR
            CODE    B3FFH     004DH     UNIT         ?PR?L_D_M?EEPROM
            CODE    B44CH     004CH     UNIT         ?PR?LEE_NO_TICKET?EEPROM
            CODE    B498H     004CH     UNIT         ?PR?LOAD_AND_SEND_INFO_RELOJ?PTO_PARALELO
            CODE    B4E4H     004BH     UNIT         ?PR?_TX_AUX?TIBBO
            CODE    B52FH     0049H     UNIT         ?PR?_DEBUG_TXT_TIBBO?TIBBO
            CODE    B578H     0048H     UNIT         ?PR?FIRST_CLAVE?PROG
            CODE    B5C0H     0047H     UNIT         ?PR?_DEBUG_CHR_TIBBO?TIBBO
            CODE    B607H     0047H     UNIT         ?PR?_RESPONDE_WRITE_TARJETA_SECTOR2_BLOQUE0?VERIFICADOR
            CODE    B64EH     0046H     UNIT         ?PR?_ESCRIBIRCADENASOFT_BUFFER?MAIN
            CODE    B694H     0046H     UNIT         ?PR?_LCD_TXT_NUM_CHAR?PANTALLAS
            CODE    B6DAH     0046H     UNIT         ?PR?_DEBUG_HEXDEC?TIBBO
            CODE    B720H     0045H     UNIT         ?PR?VARIABLE_INICIO?MAIN
            CODE    B765H     0044H     UNIT         ?PR?_LCD_TXT?PANTALLAS
            CODE    B7A9H     0043H     UNIT         ?PR?DIR_BOARD?IO_SENSORES
            CODE    B7ECH     0042H     UNIT         ?PR?_VALIDARCLAVE?PROG
            CODE    B82EH     0041H     UNIT         ?PR?_MONITOR_CHR?ACCESCAN
            CODE    B86FH     0041H     UNIT         ?CO?ACCESCAN
            CODE    B8B0H     0041H     UNIT         ?PR?_TWO_ONE?CLOCK
            CODE    B8F1H     0040H     UNIT         ?PR?_GETCMD?PROG
            CODE    B931H     0040H     UNIT         ?PR?_DEBUG_PTO_PARALELO?TIBBO
            CODE    B971H     003FH     UNIT         ?PR?_EB_CLK?CLOCK
            CODE    B9B0H     003EH     UNIT         ?PR?_PUTCHAR?MAIN
            CODE    B9EEH     003EH     UNIT         ?PR?TRAMA_VALIDACION_P_N?VERIFICADOR
            CODE    BA2CH     003DH     UNIT         ?PR?_HEX_BCD?CLOCK
            CODE    BA69H     003DH     UNIT         ?PR?_RD_EEPROM?EEPROM
            CODE    BAA6H     003DH     UNIT         ?PR?_DEBUG_MONITOR?TIBBO
            CODE    BAE3H     003DH     UNIT         ?PR?_LOAD_SECUENCIA_EXPEDIDOR?VERIFICADOR
            CODE    BB20H     003BH     UNIT         ?CO?EEPROM
            CODE    BB5BH     003BH     UNIT         ?PR?_COM_PUTCHAR?UART
            CODE    BB96H     003AH     UNIT         ?PR?_DELAY_10MS?DELAY
            CODE    BBD0H     003AH     UNIT         ?PR?ANALIZA_CARD_MOUNT_RF?VERIFICADOR
            CODE    BC0AH     0038H     UNIT         ?PR?VALIDASENSORESPASO?IO_SENSORES
            CODE    BC42H     0036H     UNIT         ?PR?_RESPONDE_WRITE_TARJETA_SECTOR1_BLOQUE1?VERIFICADOR
            CODE    BC78H     0036H     UNIT         ?PR?_RESPONDE_WRITE_TARJETA_SECTOR1_BLOQUE0?VERIFICADOR
            CODE    BCAEH     0034H     UNIT         ?PR?_CALCULO_BCC?ACCESCAN
            CODE    BCE2H     0034H     UNIT         ?PR?INCREMENTE_TICKET?EEPROM
            CODE    BD16H     0034H     UNIT         ?PR?ADDR_HORARIOS?PROG
BL51 BANKED LINKER/LOCATER V6.22.2.0                                                  06/04/2021  16:31:58  PAGE 7


            CODE    BD4AH     0031H     UNIT         ?PR?_TARJETA_ROTACION?VERIFICADOR
            CODE    BD7BH     0030H     UNIT         ?PR?PREGUNTA_PLACA?VERIFICADOR
            CODE    BDABH     002EH     UNIT         ?PR?TIMER0_INT?MAIN
            CODE    BDD9H     002AH     UNIT         ?PR?COM_INITIALIZE?UART
            CODE    BE03H     0028H     UNIT         ?PR?_WR_CLK?CLOCK
            CODE    BE2BH     0028H     UNIT         ?PR?COM_BAUDRATE?UART
            CODE    BE53H     0028H     UNIT         ?PR?_ARMAR_TRAMA_TARJETA_SECTOR1_BLOQUE0?VERIFICADOR
            CODE    BE7BH     0027H     UNIT         ?PR?_TX_CHRLCD?PANTALLAS
            CODE    BEA2H     0026H     UNIT         ?PR?COM_GETCHAR?UART
            CODE    BEC8H     0026H     UNIT         ?PR?ANALIZA_PRESENCIA_MENSUAL?VERIFICADOR
            CODE    BEEEH     0026H     UNIT         ?PR?RX_MONITOR?MONITOR
            CODE    BF14H     0023H     UNIT         ?PR?ANALIZA_PRESENCIA_ROTACION?VERIFICADOR
            CODE    BF37H     0022H     UNIT         ?PR?_E_D_M?EEPROM
            CODE    BF59H     0022H     UNIT         ?PR?VALIDASENSOR_CERO?IO_SENSORES
            CODE    BF7BH     0021H     UNIT         ?CO?PTO_PARALELO
            CODE    BF9CH     0020H     UNIT         ?PR?ACKD?EEPROM
            CODE    BFBCH     0020H     UNIT         ?PR?ACK_LECT?EEPROM
            CODE    BFDCH     001FH     UNIT         ?PR?VALIDASENSOR?IO_SENSORES
            CODE    BFFBH     001FH     UNIT         ?PR?TIME_BIT?TIBBO
            CODE    C01AH     001EH     UNIT         ?PR?_BCD_HEX?CLOCK
            CODE    C038H     001BH     UNIT         ?PR?_DELAY_1MS?DELAY
            CODE    C053H     0018H     UNIT         ?PR?CLEAR_PLACA?MONITOR
            CODE    C06BH     0017H     UNIT         ?PR?DISPLAYCURSOR?PROG
            CODE    C082H     0017H     UNIT         ?PR?TIME_MBIT?TIBBO
            CODE    C099H     0016H     UNIT         ?PR?DIR_BOARD_MONITOR?IO_SENSORES
            CODE    C0AFH     0014H     UNIT         ?CO?CLOCK
            CODE    C0C3H     0014H     UNIT         ?PR?_ISSPACE?ISSPACE
            CODE    C0D7H     0012H     UNIT         ?PR?_DELAY_20US?DELAY
            CODE    C0E9H     0012H     UNIT         ?PR?START?EEPROM
            CODE    C0FBH     0012H     UNIT         ?PR?BOTTON?IO_SENSORES
            CODE    C10DH     0012H     UNIT         ?PR?PULSO_BUS?PTO_PARALELO
            CODE    C11FH     0012H     UNIT         ?PR?COM_RBUFLEN?UART
            CODE    C131H     0012H     UNIT         ?PR?COM_TBUFLEN?UART
            CODE    C143H     0010H     UNIT         ?PR?INI_TIMER?MAIN
            CODE    C153H     0010H     UNIT         ?PR?INICIA_BOARD?MAIN
            CODE    C163H     000FH     UNIT         ?PR?_ISDIGIT?ISDIGIT
            CODE    C172H     000CH     UNIT         ?PR?_GETKEY?MAIN
            CODE    C17EH     000AH     UNIT         ?PR?STOP?EEPROM
            CODE    C188H     000AH     UNIT         ?PR?COND_INI_PTO?PTO_PARALELO
            CODE    C192H     0009H     UNIT         ?PR?DEBUG_DIVIDIR_TEXTO?TIBBO
            CODE    C19BH     0009H     UNIT         ?PR?CAPTURA_EXPULSA?VERIFICADOR
            CODE    C1A4H     0007H     UNIT         ?PR?COND_INI_CLOCK?CLOCK
            CODE    C1ABH     0007H     UNIT         ?PR?SEL_FUNCION?IO_SENSORES
            CODE    C1B2H     0007H     UNIT         ?PR?SEL_AUTO?IO_SENSORES
            CODE    C1B9H     0007H     UNIT         ?PR?SEL_PULSA?IO_SENSORES
            CODE    C1C0H     0007H     UNIT         ?PR?SEL_SENSOR2?IO_SENSORES
            CODE    C1C7H     0007H     UNIT         ?PR?SEL_SENSOR1?IO_SENSORES
            CODE    C1CEH     0007H     UNIT         ?PR?SEL_DIR1?IO_SENSORES
            CODE    C1D5H     0007H     UNIT         ?PR?SEL_DIR2?IO_SENSORES
            CODE    C1DCH     0006H     UNIT         ?PR?P_ME?EEPROM
            CODE    C1E2H     0005H     UNIT         ?PR?ON_TIMER0_INTERRUP?MAIN
            CODE    C1E7H     0005H     UNIT         ?PR?COND_INI_TIBBO?TIBBO
            CODE    C1ECH     0003H     UNIT         ?PR?OFF_TIMER0_INTERRUP?MAIN
            CODE    C1EFH     0001H     UNIT         ?PR?DELAY?DELAY



BL51 BANKED LINKER/LOCATER V6.22.2.0                                                  06/04/2021  16:31:58  PAGE 8


OVERLAY MAP OF MODULE:   .\Objects\expedidor_v_01_raspberry (MAIN)


SEGMENT                                             BIT_GROUP          DATA_GROUP          XDATA_GROUP
  +--> CALLED SEGMENT                            START    LENGTH     START    LENGTH     START    LENGTH
--------------------------------------------------------------------------------------------------------
?C_C51STARTUP                                    -----    -----      -----    -----      -----    -----
  +--> ?PR?MAIN?MAIN
  +--> ?C_INITSEG

?PR?MAIN?MAIN                                    -----    -----      -----    -----      0000H    0001H
  +--> ?PR?INI_TIMER?MAIN
  +--> ?PR?ON_TIMER0_INTERRUP?MAIN
  +--> ?PR?COM_INITIALIZE?UART
  +--> ?PR?COM_BAUDRATE?UART
  +--> ?PR?INICIA_BOARD?MAIN
  +--> ?PR?TIME_BIT?TIBBO
  +--> ?PR?_DELAY_20US?DELAY
  +--> ?PR?TIME_MBIT?TIBBO
  +--> ?PR?_TX_AUX?TIBBO
  +--> ?PR?SEL_FUNCION?IO_SENSORES
  +--> ?PR?MENU?PROG
  +--> ?PR?VARIABLE_INICIO?MAIN
  +--> ?PR?RX_MONITOR?MONITOR
  +--> ?PR?_RECIBE_PORT?PTO_PARALELO
  +--> ?PR?_DEBUG_PTO_PARALELO?TIBBO
  +--> ?PR?_VALIDA_TRAMA_PTO?ACCESCAN
  +--> ?PR?MSJ_LCD_INFORMATIVO?IO_SENSORES

?PR?COM_INITIALIZE?UART                          -----    -----      -----    -----      -----    -----
  +--> ?PR?COM_BAUDRATE?UART

?PR?INICIA_BOARD?MAIN                            -----    -----      -----    -----      -----    -----
  +--> ?PR?COND_INI_TIBBO?TIBBO
  +--> ?PR?COND_INI_CLOCK?CLOCK
  +--> ?PR?COND_INI_PTO?PTO_PARALELO

?PR?_TX_AUX?TIBBO                                -----    -----      -----    -----      -----    -----
  +--> ?PR?TIME_BIT?TIBBO

?PR?MENU?PROG                                    -----    -----      -----    -----      0001H    0045H
  +--> ?CO?PROG
  +--> ?PR?PRINTF?PRINTF
  +--> ?PR?_RD_EEPROM?EEPROM
  +--> ?PR?FIRST_CLAVE?PROG
  +--> ?PR?_WR_EEPROM?EEPROM
  +--> ?PR?_LEERMEMORIA?EEPROM
  +--> ?PR?_HASH_ID?PROG
  +--> ?PR?_INGRESADATO?PROG
  +--> ?PR?_GETCMD?PROG
  +--> ?PR?_ESCRIBIRMEMORIA?EEPROM
  +--> ?PR?_VALIDARCLAVE?PROG
  +--> ?PR?DISPLAYCURSOR?PROG
  +--> ?PR?_STRLEN?STRLEN
  +--> ?PR?_GETOPTION?PROG
  +--> ?PR?_STRCAT?STRCAT
  +--> ?PR?_LISTACOMANDOS?PROG
BL51 BANKED LINKER/LOCATER V6.22.2.0                                                  06/04/2021  16:31:58  PAGE 9


  +--> ?PR?PROG_ID_CLIENTE?PROG
  +--> ?PR?PROG_COD_PARK?PROG
  +--> ?PR?PROG_TIEMPO_GRACIA?PROG
  +--> ?PR?PROG_SIN_COBRO?PROG
  +--> ?PR?PROG_DEBUG?PROG
  +--> ?PR?PROG_USE_LPR?PROG
  +--> ?PR?TIPO_PANTALLA?PROG
  +--> ?PR?PROG_TARJETA_AUTOMATICA_O_BOTON?PROG
  +--> ?PR?PROG_ANTIPASSBACK?PROG
  +--> ?PR?PROG_PLACA?PROG
  +--> ?PR?PROG_ADDRESS_HIGH_BOARD?PROG
  +--> ?PR?PROG_HORARIOS?PROG
  +--> ?PR?PROG_VALIDAR_TIPO_VEHICULO_MENSUA...
  +--> ?PR?PROG_APB_MENSUAL?PROG
  +--> ?PR?VER_PROG?PROG
  +--> ?PR?SHOW?PROG
  +--> ?PR?PROG_FECHA_VENCIMIENTO?PROG

?PR?PRINTF?PRINTF                                0020H.0  0001H.1    0008H    0005H      0077H    0030H
  +--> ?PR?_PUTCHAR?MAIN

?PR?_PUTCHAR?MAIN                                -----    -----      -----    -----      00A7H    0003H
  +--> ?PR?_COM_PUTCHAR?UART

?PR?_COM_PUTCHAR?UART                            -----    -----      -----    -----      00AAH    0001H
  +--> ?PR?COM_TBUFLEN?UART

?PR?_RD_EEPROM?EEPROM                            -----    -----      -----    -----      -----    -----
  +--> ?PR?START?EEPROM
  +--> ?PR?ACK_LECT?EEPROM
  +--> ?PR?_E_D_M?EEPROM
  +--> ?PR?ACKD?EEPROM
  +--> ?PR?L_D_M?EEPROM
  +--> ?PR?STOP?EEPROM

?PR?ACK_LECT?EEPROM                              -----    -----      -----    -----      -----    -----
  +--> ?PR?_E_D_M?EEPROM

?PR?_E_D_M?EEPROM                                -----    -----      -----    -----      -----    -----
  +--> ?PR?P_ME?EEPROM

?PR?ACKD?EEPROM                                  -----    -----      -----    -----      -----    -----
  +--> ?PR?_E_D_M?EEPROM

?PR?FIRST_CLAVE?PROG                             -----    -----      -----    -----      0046H    000BH
  +--> ?PR?_BLOCK_READ_CLOCK_ASCII?CLOCK
  +--> ?PR?_HASH_ID?PROG
  +--> ?PR?_ESCRIBIRMEMORIA?EEPROM

?PR?_BLOCK_READ_CLOCK_ASCII?CLOCK                -----    -----      -----    -----      0051H    0003H
  +--> ?PR?_LEE_CLK?CLOCK

?PR?_LEE_CLK?CLOCK                               -----    -----      -----    -----      00B1H    0003H
  +--> ?PR?_DELAY_20US?DELAY
  +--> ?PR?_EB_CLK?CLOCK
  +--> ?PR?P_CK?CLOCK

BL51 BANKED LINKER/LOCATER V6.22.2.0                                                  06/04/2021  16:31:58  PAGE 10


?PR?_EB_CLK?CLOCK                                -----    -----      -----    -----      00B4H    0003H
  +--> ?PR?P_CK?CLOCK

?PR?P_CK?CLOCK                                   -----    -----      -----    -----      -----    -----
  +--> ?PR?DELAY?DELAY

?PR?_HASH_ID?PROG                                -----    -----      -----    -----      005DH    003FH
  +--> ?CO?PROG
  +--> ?PR?_LEERMEMORIA?EEPROM
  +--> ?PR?_CHECK_FECHAOUT?CLOCK
  +--> ?PR?_STRLEN?STRLEN

?PR?_LEERMEMORIA?EEPROM                          -----    -----      -----    -----      009CH    0005H
  +--> ?PR?_RD_EEPROM?EEPROM

?PR?_CHECK_FECHAOUT?CLOCK                        -----    -----      -----    -----      009CH    0012H
  +--> ?PR?_BLOCK_READ_CLOCK_HEX?CLOCK

?PR?_BLOCK_READ_CLOCK_HEX?CLOCK                  -----    -----      -----    -----      00AEH    0003H
  +--> ?PR?_LEE_CLK?CLOCK
  +--> ?PR?_BCD_HEX?CLOCK

?PR?_ESCRIBIRMEMORIA?EEPROM                      -----    -----      -----    -----      005DH    0005H
  +--> ?PR?_WR_EEPROM?EEPROM

?PR?_WR_EEPROM?EEPROM                            -----    -----      -----    -----      -----    -----
  +--> ?PR?START?EEPROM
  +--> ?PR?ACKD?EEPROM
  +--> ?PR?_E_D_M?EEPROM
  +--> ?PR?STOP?EEPROM
  +--> ?PR?_DELAY_1MS?DELAY
  +--> ?PR?_DELAY_20US?DELAY

?PR?_DELAY_1MS?DELAY                             -----    -----      -----    -----      -----    -----
  +--> ?PR?_DELAY_20US?DELAY

?PR?_INGRESADATO?PROG                            -----    -----      -----    -----      0071H    0004H
  +--> ?PR?_GETKEY?MAIN
  +--> ?CO?PROG
  +--> ?PR?PRINTF?PRINTF
  +--> ?PR?_PUTCHAR?MAIN

?PR?_GETKEY?MAIN                                 -----    -----      -----    -----      -----    -----
  +--> ?PR?COM_GETCHAR?UART

?PR?COM_GETCHAR?UART                             -----    -----      -----    -----      -----    -----
  +--> ?PR?COM_RBUFLEN?UART

?PR?_GETCMD?PROG                                 -----    -----      -----    -----      005DH    0007H
  +--> ?CO?PROG
  +--> ?PR?_STRTOK?STRTOK

?PR?_STRTOK?STRTOK                               -----    -----      -----    -----      0064H    0006H
  +--> ?PR?_STRSPN?STRSPN
  +--> ?PR?_STRPBRK?STRPBRK

?PR?_STRSPN?STRSPN                               -----    -----      -----    -----      006AH    0008H
BL51 BANKED LINKER/LOCATER V6.22.2.0                                                  06/04/2021  16:31:58  PAGE 11



?PR?_STRPBRK?STRPBRK                             -----    -----      -----    -----      006AH    0009H

?PR?_VALIDARCLAVE?PROG                           -----    -----      -----    -----      005DH    000EH

?PR?DISPLAYCURSOR?PROG                           -----    -----      -----    -----      -----    -----
  +--> ?CO?PROG
  +--> ?PR?PRINTF?PRINTF

?PR?_GETOPTION?PROG                              -----    -----      -----    -----      0046H    000BH
  +--> ?CO?PROG
  +--> ?PR?_STRTOK?STRTOK

?PR?_STRCAT?STRCAT                               -----    -----      -----    -----      004CH    0009H

?PR?_LISTACOMANDOS?PROG                          -----    -----      -----    -----      0046H    0007H

?PR?PROG_ID_CLIENTE?PROG                         -----    -----      -----    -----      0046H    000CH
  +--> ?PR?_RD_EEPROM?EEPROM
  +--> ?CO?PROG
  +--> ?PR?PRINTF?PRINTF
  +--> ?PR?_INGRESADATO?PROG
  +--> ?PR?_ATOI?ATOI
  +--> ?PR?_WR_EEPROM?EEPROM

?PR?_ATOI?ATOI                                   0020H.0  0000H.1    -----    -----      0071H    0005H
  +--> ?PR?_ISSPACE?ISSPACE
  +--> ?PR?_ISDIGIT?ISDIGIT

?PR?PROG_COD_PARK?PROG                           -----    -----      -----    -----      0046H    000CH
  +--> ?PR?_RD_EEPROM?EEPROM
  +--> ?CO?PROG
  +--> ?PR?PRINTF?PRINTF
  +--> ?PR?_INGRESADATO?PROG
  +--> ?PR?_ATOI?ATOI
  +--> ?PR?_WR_EEPROM?EEPROM

?PR?PROG_TIEMPO_GRACIA?PROG                      -----    -----      -----    -----      0046H    000CH
  +--> ?PR?_RD_EEPROM?EEPROM
  +--> ?CO?PROG
  +--> ?PR?PRINTF?PRINTF
  +--> ?PR?_INGRESADATO?PROG
  +--> ?PR?_ATOI?ATOI
  +--> ?PR?_WR_EEPROM?EEPROM

?PR?PROG_SIN_COBRO?PROG                          -----    -----      -----    -----      0046H    000CH
  +--> ?PR?_RD_EEPROM?EEPROM
  +--> ?CO?PROG
  +--> ?PR?PRINTF?PRINTF
  +--> ?PR?_INGRESADATO?PROG
  +--> ?PR?_ATOI?ATOI
  +--> ?PR?_WR_EEPROM?EEPROM

?PR?PROG_DEBUG?PROG                              -----    -----      -----    -----      0046H    000CH
  +--> ?PR?_RD_EEPROM?EEPROM
  +--> ?CO?PROG
  +--> ?PR?PRINTF?PRINTF
BL51 BANKED LINKER/LOCATER V6.22.2.0                                                  06/04/2021  16:31:58  PAGE 12


  +--> ?PR?_INGRESADATO?PROG
  +--> ?PR?_ATOI?ATOI
  +--> ?PR?_WR_EEPROM?EEPROM

?PR?PROG_USE_LPR?PROG                            -----    -----      -----    -----      0046H    000CH
  +--> ?PR?_RD_EEPROM?EEPROM
  +--> ?CO?PROG
  +--> ?PR?PRINTF?PRINTF
  +--> ?PR?_INGRESADATO?PROG
  +--> ?PR?_ATOI?ATOI
  +--> ?PR?_WR_EEPROM?EEPROM

?PR?TIPO_PANTALLA?PROG                           -----    -----      -----    -----      0046H    000CH
  +--> ?PR?_RD_EEPROM?EEPROM
  +--> ?CO?PROG
  +--> ?PR?PRINTF?PRINTF
  +--> ?PR?_INGRESADATO?PROG
  +--> ?PR?_ATOI?ATOI
  +--> ?PR?_WR_EEPROM?EEPROM

?PR?PROG_TARJETA_AUTOMATICA_O_BOTON?PROG         -----    -----      -----    -----      0046H    000CH
  +--> ?PR?_RD_EEPROM?EEPROM
  +--> ?CO?PROG
  +--> ?PR?PRINTF?PRINTF
  +--> ?PR?_INGRESADATO?PROG
  +--> ?PR?_ATOI?ATOI
  +--> ?PR?_WR_EEPROM?EEPROM

?PR?PROG_ANTIPASSBACK?PROG                       -----    -----      -----    -----      0046H    000CH
  +--> ?PR?_RD_EEPROM?EEPROM
  +--> ?CO?PROG
  +--> ?PR?PRINTF?PRINTF
  +--> ?PR?_INGRESADATO?PROG
  +--> ?PR?_ATOI?ATOI
  +--> ?PR?_WR_EEPROM?EEPROM

?PR?PROG_PLACA?PROG                              -----    -----      -----    -----      0046H    000CH
  +--> ?PR?_RD_EEPROM?EEPROM
  +--> ?CO?PROG
  +--> ?PR?PRINTF?PRINTF
  +--> ?PR?_INGRESADATO?PROG
  +--> ?PR?_ATOI?ATOI
  +--> ?PR?_WR_EEPROM?EEPROM

?PR?PROG_ADDRESS_HIGH_BOARD?PROG                 -----    -----      -----    -----      0046H    000CH
  +--> ?PR?_RD_EEPROM?EEPROM
  +--> ?CO?PROG
  +--> ?PR?PRINTF?PRINTF
  +--> ?PR?_INGRESADATO?PROG
  +--> ?PR?_ATOI?ATOI
  +--> ?PR?_WR_EEPROM?EEPROM

?PR?PROG_HORARIOS?PROG                           -----    -----      -----    -----      0046H    001BH
  +--> ?PR?ADDR_HORARIOS?PROG
  +--> ?CO?PROG
  +--> ?PR?PRINTF?PRINTF
  +--> ?PR?_INGRESADATO?PROG
BL51 BANKED LINKER/LOCATER V6.22.2.0                                                  06/04/2021  16:31:58  PAGE 13


  +--> ?PR?_ATOI?ATOI
  +--> ?PR?_PROG_HORARIOS_ON_OFF?PROG
  +--> ?PR?_WR_EEPROM?EEPROM
  +--> ?PR?_PROG_HORARIO_DIAS?PROG
  +--> ?PR?_PROG_HORARIO_DESDE_HASTA?PROG
  +--> ?PR?_RD_EEPROM?EEPROM

?PR?ADDR_HORARIOS?PROG                           -----    -----      -----    -----      0074H    000BH

?PR?_PROG_HORARIOS_ON_OFF?PROG                   -----    -----      -----    -----      0061H    0010H
  +--> ?PR?_RD_EEPROM?EEPROM
  +--> ?CO?PROG
  +--> ?PR?PRINTF?PRINTF
  +--> ?PR?_INGRESADATO?PROG
  +--> ?PR?_ATOI?ATOI
  +--> ?PR?_WR_EEPROM?EEPROM

?PR?_PROG_HORARIO_DIAS?PROG                      -----    -----      -----    -----      0061H    000FH
  +--> ?CO?PROG
  +--> ?PR?PRINTF?PRINTF
  +--> ?PR?_INGRESADATO?PROG
  +--> ?PR?_WR_EEPROM?EEPROM
  +--> ?PR?_RD_EEPROM?EEPROM

?PR?_PROG_HORARIO_DESDE_HASTA?PROG               -----    -----      -----    -----      0061H    000CH
  +--> ?CO?PROG
  +--> ?PR?PRINTF?PRINTF
  +--> ?PR?_INGRESADATO?PROG
  +--> ?PR?_WR_EEPROM?EEPROM
  +--> ?PR?_RD_EEPROM?EEPROM

?PR?PROG_VALIDAR_TIPO_VEHICULO_MENSUA...         -----    -----      -----    -----      0046H    000CH
  +--> ?PR?_RD_EEPROM?EEPROM
  +--> ?CO?PROG
  +--> ?PR?PRINTF?PRINTF
  +--> ?PR?_INGRESADATO?PROG
  +--> ?PR?_ATOI?ATOI
  +--> ?PR?_WR_EEPROM?EEPROM

?PR?PROG_APB_MENSUAL?PROG                        -----    -----      -----    -----      0046H    000CH
  +--> ?PR?_RD_EEPROM?EEPROM
  +--> ?CO?PROG
  +--> ?PR?PRINTF?PRINTF
  +--> ?PR?_INGRESADATO?PROG
  +--> ?PR?_ATOI?ATOI
  +--> ?PR?_WR_EEPROM?EEPROM

?PR?VER_PROG?PROG                                -----    -----      -----    -----      0046H    0013H
  +--> ?PR?_RD_EEPROM?EEPROM
  +--> ?CO?PROG
  +--> ?PR?PRINTF?PRINTF
  +--> ?PR?VER_HORARIO?PROG
  +--> ?PR?_LEERMEMORIA?EEPROM
  +--> ?PR?_HEX_ASCII?CLOCK

?PR?VER_HORARIO?PROG                             -----    -----      -----    -----      0059H    001BH
  +--> ?PR?ADDR_HORARIOS?PROG
BL51 BANKED LINKER/LOCATER V6.22.2.0                                                  06/04/2021  16:31:58  PAGE 14


  +--> ?CO?PROG
  +--> ?PR?PRINTF?PRINTF
  +--> ?PR?_RD_EEPROM?EEPROM
  +--> ?PR?_VER_HORARIO_DIAS?PROG
  +--> ?PR?_VER_HORARIO_DESDE_HASTA?PROG

?PR?_VER_HORARIO_DIAS?PROG                       -----    -----      -----    -----      0074H    0003H
  +--> ?PR?_RD_EEPROM?EEPROM
  +--> ?CO?PROG
  +--> ?PR?PRINTF?PRINTF

?PR?_VER_HORARIO_DESDE_HASTA?PROG                -----    -----      -----    -----      0074H    0002H
  +--> ?CO?PROG
  +--> ?PR?PRINTF?PRINTF
  +--> ?PR?_RD_EEPROM?EEPROM

?PR?_HEX_ASCII?CLOCK                             -----    -----      -----    -----      005DH    0006H
  +--> ?PR?_HEX_BCD?CLOCK

?PR?SHOW?PROG                                    -----    -----      -----    -----      -----    -----
  +--> ?CO?PROG
  +--> ?PR?PRINTF?PRINTF

?PR?PROG_FECHA_VENCIMIENTO?PROG                  -----    -----      -----    -----      0046H    0017H
  +--> ?PR?_LEERMEMORIA?EEPROM
  +--> ?PR?_HEX_ASCII?CLOCK
  +--> ?CO?PROG
  +--> ?PR?PRINTF?PRINTF
  +--> ?PR?_HASH_ID?PROG
  +--> ?PR?_INGRESADATO?PROG
  +--> ?PR?_GETCMD?PROG
  +--> ?PR?_ESCRIBIRMEMORIA?EEPROM
  +--> ?PR?_VALIDARCLAVE?PROG
  +--> ?PR?_ATOI?ATOI
  +--> ?PR?_WR_EEPROM?EEPROM

?PR?VARIABLE_INICIO?MAIN                         -----    -----      -----    -----      -----    -----
  +--> ?PR?_RD_EEPROM?EEPROM

?PR?RX_MONITOR?MONITOR                           -----    -----      -----    -----      0001H    000DH
  +--> ?PR?_RECIBE_CMD_MONITOR?MONITOR
  +--> ?PR?_DEBUG_MONITOR?TIBBO
  +--> ?PR?_VALIDA_TRAMA_MONITOR?MONITOR

?PR?_RECIBE_CMD_MONITOR?MONITOR                  -----    -----      -----    -----      000EH    0009H
  +--> ?PR?RX_DATA?TIBBO

?PR?RX_DATA?TIBBO                                -----    -----      -----    -----      -----    -----
  +--> ?PR?TIME_MBIT?TIBBO
  +--> ?PR?TIME_BIT?TIBBO

?PR?_DEBUG_MONITOR?TIBBO                         -----    -----      -----    -----      000EH    0004H
  +--> ?PR?DEBUG_DIVIDIR_TEXTO?TIBBO
  +--> ?CO?TIBBO
  +--> ?PR?_DEBUG_TXT_TIBBO?TIBBO

?PR?DEBUG_DIVIDIR_TEXTO?TIBBO                    -----    -----      -----    -----      -----    -----
BL51 BANKED LINKER/LOCATER V6.22.2.0                                                  06/04/2021  16:31:58  PAGE 15


  +--> ?CO?TIBBO
  +--> ?PR?_DEBUG_TXT_TIBBO?TIBBO

?PR?_DEBUG_TXT_TIBBO?TIBBO                       -----    -----      -----    -----      0057H    0004H
  +--> ?PR?_DEBUG_CHR_TIBBO?TIBBO
  +--> ?CO?TIBBO
  +--> ?PR?_TX_AUX?TIBBO

?PR?_DEBUG_CHR_TIBBO?TIBBO                       -----    -----      -----    -----      -----    -----
  +--> ?PR?_TX_AUX?TIBBO

?PR?_VALIDA_TRAMA_MONITOR?MONITOR                -----    -----      -----    -----      000EH    0006H
  +--> ?PR?_DELAY_10MS?DELAY
  +--> ?PR?_TX_AUX?TIBBO

?PR?_DELAY_10MS?DELAY                            -----    -----      -----    -----      0014H    0004H
  +--> ?PR?_DELAY_1MS?DELAY

?PR?_RECIBE_PORT?PTO_PARALELO                    -----    -----      -----    -----      0001H    0008H
  +--> ?PR?OFF_TIMER0_INTERRUP?MAIN
  +--> ?PR?ON_TIMER0_INTERRUP?MAIN

?PR?_DEBUG_PTO_PARALELO?TIBBO                    -----    -----      -----    -----      0001H    0004H
  +--> ?CO?TIBBO
  +--> ?PR?_DEBUG_TXT_TIBBO?TIBBO
  +--> ?PR?_DEBUGBUFFERMF?TIBBO
  +--> ?PR?DEBUG_DIVIDIR_TEXTO?TIBBO

?PR?_DEBUGBUFFERMF?TIBBO                         -----    -----      -----    -----      0016H    0006H
  +--> ?CO?TIBBO
  +--> ?PR?_DEBUG_TXT_TIBBO?TIBBO
  +--> ?PR?_DEBUG_CHR_TIBBO?TIBBO
  +--> ?PR?_TX_AUX?TIBBO

?PR?_VALIDA_TRAMA_PTO?ACCESCAN                   -----    -----      -----    -----      0001H    0018H
  +--> ?CO?ACCESCAN
  +--> ?PR?_DEBUG_TXT_TIBBO?TIBBO
  +--> ?PR?_DEBUG_CHR_TIBBO?TIBBO
  +--> ?PR?_CALCULO_BCC?ACCESCAN
  +--> ?PR?_VALIDAR_CLK?CLOCK
  +--> ?PR?_BLOCK_WRITE_CLOCK_ASCII?CLOCK
  +--> ?PR?RELOJ_PANTALLA_LCD?PANTALLAS
  +--> ?PR?_SEND_PORT?PTO_PARALELO
  +--> ?PR?_PANTALLALCD?PANTALLAS
  +--> ?PR?_BYTEHEX_DECIMAL?CLOCK
  +--> ?PR?_TWO_BYTEHEX_DECIMAL?CLOCK
  +--> ?PR?VALIDASENSORESPASO?IO_SENSORES
  +--> ?PR?_CMD_LPR_SALIDA_WIEGAND?ACCESCAN
  +--> ?PR?_PANTALLALCD_LINEA_2?PANTALLAS
  +--> ?PR?_GRABA_SERIE?EEPROM

?PR?_CALCULO_BCC?ACCESCAN                        -----    -----      -----    -----      0019H    0004H

?PR?_BLOCK_WRITE_CLOCK_ASCII?CLOCK               -----    -----      -----    -----      0019H    0003H
  +--> ?CO?CLOCK
  +--> ?PR?_DEBUG_TXT_TIBBO?TIBBO
  +--> ?PR?_TWO_ONE?CLOCK
BL51 BANKED LINKER/LOCATER V6.22.2.0                                                  06/04/2021  16:31:58  PAGE 16


  +--> ?PR?_WR_CLK?CLOCK

?PR?_WR_CLK?CLOCK                                -----    -----      -----    -----      001CH    0002H
  +--> ?PR?_DELAY_20US?DELAY
  +--> ?PR?_EB_CLK?CLOCK

?PR?RELOJ_PANTALLA_LCD?PANTALLAS                 -----    -----      -----    -----      0019H    000DH
  +--> ?CO?PANTALLAS
  +--> ?PR?_BLOCK_READ_CLOCK?CLOCK
  +--> ?PR?_LCD_TXT_NUM_CHAR?PANTALLAS
  +--> ?PR?_BLOCK_READ_CLOCK_ASCII_RASBERRY?...
  +--> ?PR?_STRCAT?STRCAT
  +--> ?PR?_RASPBERRY_DATA?PANTALLAS

?PR?_BLOCK_READ_CLOCK?CLOCK                      -----    -----      -----    -----      0026H    0003H
  +--> ?PR?_LEE_CLK?CLOCK

?PR?_LCD_TXT_NUM_CHAR?PANTALLAS                  -----    -----      -----    -----      0026H    0006H
  +--> ?PR?_TX_CHRLCD?PANTALLAS

?PR?_TX_CHRLCD?PANTALLAS                         -----    -----      -----    -----      0051H    0002H
  +--> ?PR?_PUTCHAR?MAIN

?PR?_BLOCK_READ_CLOCK_ASCII_RASBERRY?...         -----    -----      -----    -----      0026H    0003H
  +--> ?PR?_LEE_CLK?CLOCK

?PR?_RASPBERRY_DATA?PANTALLAS                    -----    -----      -----    -----      004CH    0006H
  +--> ?PR?_STRLEN?STRLEN
  +--> ?PR?_PUTCHAR?MAIN

?PR?_SEND_PORT?PTO_PARALELO                      -----    -----      -----    -----      0019H    000AH
  +--> ?PR?PULSO_BUS?PTO_PARALELO
  +--> ?PR?_DELAY_20US?DELAY

?PR?PULSO_BUS?PTO_PARALELO                       -----    -----      -----    -----      -----    -----
  +--> ?PR?_DELAY_20US?DELAY

?PR?_PANTALLALCD?PANTALLAS                       -----    -----      -----    -----      0019H    000AH
  +--> ?CO?PANTALLAS
  +--> ?PR?_LCD_TXT?PANTALLAS
  +--> ?PR?_STRLEN?STRLEN
  +--> ?PR?_TX_CHRLCD?PANTALLAS
  +--> ?PR?_RASPBERRY_DATA?PANTALLAS

?PR?_LCD_TXT?PANTALLAS                           -----    -----      -----    -----      004CH    0005H
  +--> ?PR?_TX_CHRLCD?PANTALLAS

?PR?_BYTEHEX_DECIMAL?CLOCK                       -----    -----      -----    -----      0019H    0001H

?PR?_TWO_BYTEHEX_DECIMAL?CLOCK                   -----    -----      -----    -----      0019H    000CH
  +--> ?PR?_POW?POW

?PR?_POW?POW                                     -----    -----      -----    -----      0025H    000AH
  +--> ?PR?LOG?LOG
  +--> ?PR?EXP?EXP

?PR?LOG?LOG                                      0020H.0  0000H.1    -----    -----      002FH    0004H
BL51 BANKED LINKER/LOCATER V6.22.2.0                                                  06/04/2021  16:31:58  PAGE 17



?PR?VALIDASENSORESPASO?IO_SENSORES               -----    -----      -----    -----      0019H    0001H
  +--> ?PR?SEL_SENSOR2?IO_SENSORES
  +--> ?PR?VALIDASENSOR?IO_SENSORES
  +--> ?PR?VALIDA_SENSOR1_AUTO?IO_SENSORES
  +--> ?CO?IO_SENSORES
  +--> ?PR?_DEBUG_TXT_TIBBO?TIBBO

?PR?VALIDA_SENSOR1_AUTO?IO_SENSORES              -----    -----      -----    -----      001AH    0001H
  +--> ?PR?SEL_SENSOR1?IO_SENSORES
  +--> ?PR?SEL_AUTO?IO_SENSORES
  +--> ?CO?IO_SENSORES
  +--> ?PR?_DEBUG_TXT_TIBBO?TIBBO
  +--> ?PR?BOTTON?IO_SENSORES

?PR?BOTTON?IO_SENSORES                           -----    -----      -----    -----      -----    -----
  +--> ?PR?SEL_PULSA?IO_SENSORES
  +--> ?CO?IO_SENSORES
  +--> ?PR?_DEBUG_TXT_TIBBO?TIBBO

?PR?_CMD_LPR_SALIDA_WIEGAND?ACCESCAN             -----    -----      -----    -----      0019H    0022H
  +--> ?PR?DIR_BOARD?IO_SENSORES
  +--> ?PR?_BLOCK_READ_CLOCK_ASCII?CLOCK
  +--> ?PR?_MONITOR_CHR?ACCESCAN

?PR?DIR_BOARD?IO_SENSORES                        -----    -----      -----    -----      003BH    0001H
  +--> ?PR?SEL_DIR1?IO_SENSORES
  +--> ?PR?SEL_DIR2?IO_SENSORES
  +--> ?PR?_RD_EEPROM?EEPROM

?PR?_MONITOR_CHR?ACCESCAN                        -----    -----      -----    -----      003BH    0005H
  +--> ?PR?_TX_AUX?TIBBO

?PR?_PANTALLALCD_LINEA_2?PANTALLAS               -----    -----      -----    -----      0019H    0033H
  +--> ?CO?PANTALLAS
  +--> ?PR?_LCD_TXT?PANTALLAS
  +--> ?PR?_STRLEN?STRLEN
  +--> ?PR?_TX_CHRLCD?PANTALLAS
  +--> ?PR?_RASPBERRY_DATA?PANTALLAS
  +--> ?PR?LEE_NO_TICKET?EEPROM
  +--> ?PR?_STRCAT?STRCAT

?PR?LEE_NO_TICKET?EEPROM                         -----    -----      -----    -----      004CH    000BH
  +--> ?PR?READ_EEPROM_TICKET?EEPROM
  +--> ?CO?EEPROM
  +--> ?PR?PRINTF?PRINTF
  +--> ?PR?_STRLEN?STRLEN
  +--> ?PR?_DEBUG_TXT_TIBBO?TIBBO

?PR?READ_EEPROM_TICKET?EEPROM                    -----    -----      -----    -----      0057H    0007H
  +--> ?PR?_RD_EEPROM?EEPROM

?PR?_GRABA_SERIE?EEPROM                          -----    -----      -----    -----      0019H    0005H
  +--> ?CO?EEPROM
  +--> ?PR?_DEBUG_TXT_TIBBO?TIBBO
  +--> ?PR?_WRITE_EEPROM_TICKET?EEPROM
  +--> ?PR?_WR_EEPROM?EEPROM
BL51 BANKED LINKER/LOCATER V6.22.2.0                                                  06/04/2021  16:31:58  PAGE 18



?PR?_WRITE_EEPROM_TICKET?EEPROM                  -----    -----      -----    -----      001EH    000BH
  +--> ?CO?EEPROM
  +--> ?PR?_DEBUG_TXT_TIBBO?TIBBO
  +--> ?PR?_ATOL?ATOL
  +--> ?PR?_DEBUG_CHR_TIBBO?TIBBO
  +--> ?PR?_WR_EEPROM?EEPROM

?PR?_ATOL?ATOL                                   0020H.0  0000H.1    -----    -----      0029H    0007H
  +--> ?PR?_ISSPACE?ISSPACE
  +--> ?PR?_ISDIGIT?ISDIGIT

?PR?MSJ_LCD_INFORMATIVO?IO_SENSORES              -----    -----      -----    -----      0001H    0001H
  +--> ?PR?SEL_FUNCION?IO_SENSORES
  +--> ?PR?VALIDASENSOR_CERO?IO_SENSORES
  +--> ?PR?LOAD_AND_SEND_INFO_RELOJ?PTO_PARA...
  +--> ?PR?VALIDASENSOR?IO_SENSORES
  +--> ?PR?_DELAY_10MS?DELAY
  +--> ?PR?LOAD_AND_SEND_ID_COD?PTO_PARALELO

?PR?LOAD_AND_SEND_INFO_RELOJ?PTO_PARA...         -----    -----      -----    -----      0002H    000BH
  +--> ?PR?_BLOCK_READ_CLOCK?CLOCK
  +--> ?PR?_LEE_CLK?CLOCK
  +--> ?CO?PTO_PARALELO
  +--> ?PR?_DEBUG_TXT_TIBBO?TIBBO
  +--> ?PR?_DEBUGBUFFERMF?TIBBO
  +--> ?PR?DEBUG_DIVIDIR_TEXTO?TIBBO
  +--> ?PR?_SEND_PORT?PTO_PARALELO

?PR?LOAD_AND_SEND_ID_COD?PTO_PARALELO            -----    -----      -----    -----      0002H    0014H
  +--> ?PR?_RD_EEPROM?EEPROM
  +--> ?CO?PTO_PARALELO
  +--> ?PR?PRINTF?PRINTF
  +--> ?PR?_STRCAT?STRCAT
  +--> ?PR?_STRLEN?STRLEN
  +--> ?PR?_DEBUG_TXT_TIBBO?TIBBO
  +--> ?PR?_DEBUGBUFFERMF?TIBBO
  +--> ?PR?DEBUG_DIVIDIR_TEXTO?TIBBO
  +--> ?PR?_SEND_PORT?PTO_PARALELO



SYMBOL TABLE OF MODULE:  .\Objects\expedidor_v_01_raspberry (MAIN)

  VALUE           TYPE          NAME
  ----------------------------------

  -------         MODULE        MAIN
  C:0000H         SYMBOL        _ICE_DUMMY_
  D:0080H         PUBLIC        P0
  D:0090H         PUBLIC        P1
  C:BDABH         PUBLIC        timer0_int
  D:00B0H         PUBLIC        P3
  B:00A8H.7       PUBLIC        EA
  C:C1ECH         PUBLIC        off_Timer0_Interrup
  X:0171H         PUBLIC        ValTimeOutCom
  X:0172H         PUBLIC        Buffer_Rta_Lintech
BL51 BANKED LINKER/LOCATER V6.22.2.0                                                  06/04/2021  16:31:58  PAGE 19


  X:01A4H         PUBLIC        Timer_wait
  B:0021H.1       PUBLIC        pto_paraleo
  X:01A5H         PUBLIC        g_cContByteRx
  B:0080H.0       PUBLIC        rx_ip
  C:AF6DH         PUBLIC        main
  X:01A6H         PUBLIC        Timer_tivo
  B:0080H.3       PUBLIC        Atascado_GP0_PIN_3
  C:B720H         PUBLIC        variable_inicio
  B:0090H.7       PUBLIC        lock
  I:0023H         PUBLIC        rbuf
  C:C1E2H         PUBLIC        on_Timer0_Interrup
  I:0055H         PUBLIC        tbuf
  B:0090H.1       PUBLIC        DataIn
  D:0089H         PUBLIC        TMOD
  X:01A8H         PUBLIC        USE_LPR
  X:01A9H         PUBLIC        Debug_Tibbo
  X:01AAH         PUBLIC        Raspberry
  X:01ABH         PUBLIC        SIN_COBRO
  X:01ADH         PUBLIC        Tipo_Vehiculo
  B:00B0H.3       PUBLIC        busy
  C:C143H         PUBLIC        ini_timer
  B:00A8H.1       PUBLIC        ET0
  B:0088H.5       PUBLIC        TF0
  D:008CH         PUBLIC        TH0
  X:01AEH         PUBLIC        ACK
  X:01AFH         PUBLIC        g_cEstadoComSoft
  D:008AH         PUBLIC        TL0
  B:0088H.4       PUBLIC        TR0
  C:C153H         PUBLIC        inicia_board
  X:01B0H         PUBLIC        T_GRACIA
  B:0080H.7       PUBLIC        sel_com
  X:01B2H         PUBLIC        STX_LINTECH
  C:C172H         PUBLIC        _getkey
  X:01B3H         PUBLIC        ETX
  C:B64EH         PUBLIC        _EscribirCadenaSoft_buffer
  B:0021H.2       PUBLIC        buffer_ready
  C:B9B0H         PUBLIC        _putchar
  B:0021H.3       PUBLIC        placa_ready
  -------         PROC          TIMER0_INT
  C:BDABH         LINE#         16
  C:BDB1H         LINE#         19
  C:BDB7H         LINE#         20
  C:BDBCH         LINE#         21
  C:BDBCH         LINE#         22
  C:BDC2H         LINE#         23
  C:BDC2H         LINE#         25
  C:BDD0H         LINE#         26
  C:BDD2H         LINE#         28
  -------         ENDPROC       TIMER0_INT
  -------         PROC          INI_TIMER
  C:C143H         LINE#         31
  C:C143H         LINE#         32
  C:C143H         LINE#         34
  C:C14BH         LINE#         36
  C:C14EH         LINE#         37
  C:C150H         LINE#         38
  C:C152H         LINE#         40
BL51 BANKED LINKER/LOCATER V6.22.2.0                                                  06/04/2021  16:31:58  PAGE 20


  -------         ENDPROC       INI_TIMER
  -------         PROC          ON_TIMER0_INTERRUP
  C:C1E2H         LINE#         43
  C:C1E2H         LINE#         44
  C:C1E2H         LINE#         45
  C:C1E4H         LINE#         46
  C:C1E6H         LINE#         48
  -------         ENDPROC       ON_TIMER0_INTERRUP
  -------         PROC          OFF_TIMER0_INTERRUP
  C:C1ECH         LINE#         51
  C:C1ECH         LINE#         52
  C:C1ECH         LINE#         53
  C:C1EEH         LINE#         55
  -------         ENDPROC       OFF_TIMER0_INTERRUP
  -------         PROC          _GETKEY
  -------         DO            
  D:0006H         SYMBOL        k
  -------         ENDDO         
  C:C172H         LINE#         63
  C:C172H         LINE#         64
  C:C172H         LINE#         68
  C:C172H         LINE#         69
  C:C175H         LINE#         70
  C:C175H         LINE#         71
  C:C17DH         LINE#         73
  C:C17DH         LINE#         74
  -------         ENDPROC       _GETKEY
  -------         PROC          _PUTCHAR
  X:00A7H         SYMBOL        c
  -------         DO            
  X:00A8H         SYMBOL        i
  -------         ENDDO         
  C:B9B0H         LINE#         78
  C:B9B5H         LINE#         79
  C:B9B5H         LINE#         82
  C:B9C4H         LINE#         83
  C:B9C4H         LINE#         84
  C:B9DAH         LINE#         85
  C:B9DAH         LINE#         87
  C:B9E8H         LINE#         88
  C:B9E8H         LINE#         90
  C:B9EDH         LINE#         91
  -------         ENDPROC       _PUTCHAR
  -------         PROC          _ESCRIBIRCADENASOFT_BUFFER
  X:039CH         SYMBOL        buffer
  X:039FH         SYMBOL        tamano_cadena
  -------         DO            
  X:03A0H         SYMBOL        i
  X:03A1H         SYMBOL        d
  -------         ENDDO         
  C:B64EH         LINE#         95
  C:B65CH         LINE#         96
  C:B65CH         LINE#         98
  C:B66AH         LINE#         99
  C:B66AH         LINE#         100
  C:B681H         LINE#         101
  C:B68BH         LINE#         102
BL51 BANKED LINKER/LOCATER V6.22.2.0                                                  06/04/2021  16:31:58  PAGE 21


  C:B693H         LINE#         103
  -------         ENDPROC       _ESCRIBIRCADENASOFT_BUFFER
  -------         PROC          INICIA_BOARD
  C:C153H         LINE#         108
  C:C153H         LINE#         109
  C:C153H         LINE#         110
  C:C156H         LINE#         111
  C:C159H         LINE#         112
  C:C15CH         LINE#         113
  C:C15EH         LINE#         114
  C:C160H         LINE#         115
  C:C162H         LINE#         117
  -------         ENDPROC       INICIA_BOARD
  -------         PROC          VARIABLE_INICIO
  C:B720H         LINE#         122
  C:B720H         LINE#         123
  C:B720H         LINE#         126
  C:B731H         LINE#         127
  C:B742H         LINE#         129
  C:B750H         LINE#         130
  C:B75EH         LINE#         131
  C:B764H         LINE#         133
  -------         ENDPROC       VARIABLE_INICIO
  -------         PROC          MAIN
  -------         DO            
  X:0148H         SYMBOL        buffer
  X:0170H         SYMBOL        Estado_Comunicacion_Secuencia_MF
  X:0000H         SYMBOL        Length_trama
  -------         ENDDO         
  C:AF6DH         LINE#         141
  C:AF6DH         LINE#         142
  C:AF6DH         LINE#         149
  C:AF70H         LINE#         150
  C:AF73H         LINE#         151
  C:AF76H         LINE#         152
  C:AF79H         LINE#         153
  C:AF7CH         LINE#         154
  C:AF7EH         LINE#         156
  C:AF81H         LINE#         157
  C:AF88H         LINE#         158
  C:AF8BH         LINE#         160
  C:AF90H         LINE#         162
  C:AF93H         LINE#         164
  C:AF96H         LINE#         165
  C:AF96H         LINE#         166
  C:AF99H         LINE#         167
  C:AF99H         LINE#         170
  C:AF9CH         LINE#         172
  C:AFA2H         LINE#         174
  C:AFA2H         LINE#         175
  C:AFA2H         LINE#         178
  C:AFA5H         LINE#         179
  C:AFA5H         LINE#         180
  C:AFA8H         LINE#         181
  C:AFA8H         LINE#         190
  C:AFAEH         LINE#         191
  C:AFAEH         LINE#         193
BL51 BANKED LINKER/LOCATER V6.22.2.0                                                  06/04/2021  16:31:58  PAGE 22


  C:AFBDH         LINE#         196
  C:AFC6H         LINE#         197
  C:AFD4H         LINE#         202
  C:AFD4H         LINE#         203
  C:AFD7H         LINE#         207
  -------         ENDPROC       MAIN
  -------         ENDMOD        MAIN

  -------         MODULE        ACCESCAN
  C:0000H         SYMBOL        _ICE_DUMMY_
  D:0080H         PUBLIC        P0
  D:0090H         PUBLIC        P1
  B:0080H.2       PUBLIC        led_err_imp
  C:B82EH         PUBLIC        _Monitor_chr
  B:0080H.3       PUBLIC        Atascado_GP0_PIN_3
  B:0090H.7       PUBLIC        lock
  C:35ACH         PUBLIC        _Valida_Trama_Pto
  C:BCAEH         PUBLIC        _Calculo_bcc
  C:8A0FH         PUBLIC        _Cmd_LPR_Salida_wiegand
  -------         PROC          _VALIDA_TRAMA_PTO
  X:0001H         SYMBOL        buffer
  X:0004H         SYMBOL        length_trama
  -------         DO            
  X:03FCH         SYMBOL        cont
  X:0005H         SYMBOL        bcc
  X:0006H         SYMBOL        buff
  X:0011H         SYMBOL        buffer_port
  -------         ENDDO         
  C:35ACH         LINE#         110
  C:35BAH         LINE#         111
  C:35BAH         LINE#         114
  C:35BDH         LINE#         119
  C:3600H         LINE#         120
  C:3600H         LINE#         121
  C:3609H         LINE#         122
  C:361EH         LINE#         123
  C:3627H         LINE#         124
  C:363EH         LINE#         125
  C:3647H         LINE#         126
  C:364FH         LINE#         127
  C:3658H         LINE#         128
  C:3671H         LINE#         129
  C:3671H         LINE#         130
  C:367AH         LINE#         131
  C:3682H         LINE#         132
  C:368BH         LINE#         133
  C:36A4H         LINE#         134
  C:36A4H         LINE#         135
  C:36B7H         LINE#         137
  C:36BAH         LINE#         139
  C:36BAH         LINE#         142
  C:36BAH         LINE#         144
  C:36BAH         LINE#         145
  C:36C3H         LINE#         146
  C:36CAH         LINE#         147
  C:36D1H         LINE#         149
  C:36DBH         LINE#         151
BL51 BANKED LINKER/LOCATER V6.22.2.0                                                  06/04/2021  16:31:58  PAGE 23


  C:36E4H         LINE#         152
  C:36EDH         LINE#         153
  C:36F6H         LINE#         154
  C:36FFH         LINE#         155
  C:3708H         LINE#         156
  C:3708H         LINE#         159
  C:3708H         LINE#         162
  C:371AH         LINE#         163
  C:371AH         LINE#         164
  C:371CH         LINE#         165
  C:371FH         LINE#         167
  C:3731H         LINE#         168
  C:3731H         LINE#         169
  C:3733H         LINE#         170
  C:3736H         LINE#         172
  C:3748H         LINE#         173
  C:3748H         LINE#         174
  C:374AH         LINE#         175
  C:374DH         LINE#         177
  C:3767H         LINE#         178
  C:3767H         LINE#         179
  C:3769H         LINE#         180
  C:376CH         LINE#         182
  C:3786H         LINE#         183
  C:3786H         LINE#         184
  C:3788H         LINE#         185
  C:378BH         LINE#         187
  C:379DH         LINE#         188
  C:379DH         LINE#         189
  C:37A3H         LINE#         190
  C:37B0H         LINE#         191
  C:37B0H         LINE#         192
  C:37B5H         LINE#         193
  C:37B7H         LINE#         194
  C:37BCH         LINE#         195
  C:37BEH         LINE#         196
  C:37C0H         LINE#         197
  C:37C4H         LINE#         198
  C:37C4H         LINE#         199
  C:37C5H         LINE#         201
  C:37DDH         LINE#         202
  C:37DDH         LINE#         204
  C:37EAH         LINE#         205
  C:37EAH         LINE#         206
  C:37ECH         LINE#         207
  C:37EEH         LINE#         208
  C:37F0H         LINE#         209
  C:37F2H         LINE#         210
  C:37F2H         LINE#         212
  C:3818H         LINE#         213
  C:3818H         LINE#         214
  C:381CH         LINE#         215
  C:3821H         LINE#         216
  C:382AH         LINE#         217
  C:382FH         LINE#         218
  C:382FH         LINE#         221
  C:3830H         LINE#         223
BL51 BANKED LINKER/LOCATER V6.22.2.0                                                  06/04/2021  16:31:58  PAGE 24


  C:384AH         LINE#         224
  C:384AH         LINE#         225
  C:384CH         LINE#         226
  C:384FH         LINE#         228
  C:3869H         LINE#         229
  C:3869H         LINE#         230
  C:386BH         LINE#         231
  C:386EH         LINE#         233
  C:3888H         LINE#         234
  C:3888H         LINE#         235
  C:388AH         LINE#         236
  C:388CH         LINE#         238
  C:38A6H         LINE#         239
  C:38A6H         LINE#         240
  C:38A8H         LINE#         241
  C:38AAH         LINE#         244
  C:38C4H         LINE#         245
  C:38C4H         LINE#         246
  C:38C6H         LINE#         247
  C:38C8H         LINE#         251
  C:38E2H         LINE#         252
  C:38E2H         LINE#         253
  C:38E4H         LINE#         254
  C:38E6H         LINE#         257
  C:3900H         LINE#         258
  C:3900H         LINE#         259
  C:3905H         LINE#         260
  C:3905H         LINE#         263
  C:3936H         LINE#         264
  C:3936H         LINE#         265
  C:393EH         LINE#         266
  C:3947H         LINE#         267
  C:394AH         LINE#         270
  C:397BH         LINE#         271
  C:397BH         LINE#         273
  C:3983H         LINE#         274
  C:398CH         LINE#         275
  C:398FH         LINE#         278
  C:39CFH         LINE#         279
  C:39CFH         LINE#         281
  C:39E4H         LINE#         282
  C:39EAH         LINE#         283
  C:3A14H         LINE#         286
  C:3A1CH         LINE#         287
  C:3A1CH         LINE#         290
  C:3A23H         LINE#         291
  C:3A23H         LINE#         292
  C:3A28H         LINE#         293
  C:3A28H         LINE#         294
  C:3A2AH         LINE#         296
  C:3A2AH         LINE#         297
  C:3A33H         LINE#         298
  C:3A3BH         LINE#         299
  C:3A3BH         LINE#         303
  C:3A3DH         LINE#         306
  C:3A3DH         LINE#         314
  C:3A45H         LINE#         318
BL51 BANKED LINKER/LOCATER V6.22.2.0                                                  06/04/2021  16:31:58  PAGE 25


  C:3A45H         LINE#         319
  C:3A47H         LINE#         321
  C:3A7FH         LINE#         322
  C:3A7FH         LINE#         323
  C:3A87H         LINE#         324
  C:3A93H         LINE#         325
  C:3A93H         LINE#         327
  C:3AC0H         LINE#         328
  C:3AC0H         LINE#         329
  C:3ACFH         LINE#         331
  C:3ACFH         LINE#         333
  -------         ENDPROC       _VALIDA_TRAMA_PTO
  -------         PROC          _MONITOR_CHR
  X:003BH         SYMBOL        str
  X:003EH         SYMBOL        num_char
  -------         DO            
  X:003FH         SYMBOL        j
  -------         ENDDO         
  C:B82EH         LINE#         488
  C:B83CH         LINE#         489
  C:B83CH         LINE#         491
  C:B84AH         LINE#         492
  C:B84AH         LINE#         493
  C:B85CH         LINE#         494
  C:B866H         LINE#         495
  C:B86EH         LINE#         496
  -------         ENDPROC       _MONITOR_CHR
  -------         PROC          _CMD_LPR_SALIDA_WIEGAND
  X:0019H         SYMBOL        buffer
  -------         DO            
  X:001CH         SYMBOL        Buffer_Lpr
  X:003AH         SYMBOL        j
  -------         ENDDO         
  C:8A0FH         LINE#         501
  C:8A1AH         LINE#         502
  C:8A1AH         LINE#         504
  C:8A20H         LINE#         505
  C:8A25H         LINE#         506
  C:8A2DH         LINE#         507
  C:8A31H         LINE#         508
  C:8A3AH         LINE#         509
  C:8A3AH         LINE#         510
  C:8A4BH         LINE#         511
  C:8A4DH         LINE#         513
  C:8A4DH         LINE#         514
  C:8A5EH         LINE#         515
  C:8A5EH         LINE#         519
  C:8A75H         LINE#         520
  C:8A75H         LINE#         521
  C:8A84H         LINE#         522
  C:8A8EH         LINE#         524
  C:8A96H         LINE#         525
  C:8AAAH         LINE#         527
  C:8ABAH         LINE#         528
  C:8ACBH         LINE#         529
  C:8AD8H         LINE#         533
  -------         ENDPROC       _CMD_LPR_SALIDA_WIEGAND
BL51 BANKED LINKER/LOCATER V6.22.2.0                                                  06/04/2021  16:31:58  PAGE 26


  -------         PROC          _CALCULO_BCC
  X:0019H         SYMBOL        buffer
  X:001CH         SYMBOL        leng_trama
  -------         DO            
  D:0007H         SYMBOL        bcc
  D:0006H         SYMBOL        j
  -------         ENDDO         
  C:BCAEH         LINE#         535
  C:BCBCH         LINE#         536
  C:BCBCH         LINE#         537
  C:BCBEH         LINE#         540
  C:BCC9H         LINE#         541
  C:BCC9H         LINE#         542
  C:BCDEH         LINE#         543
  C:BCE1H         LINE#         544
  C:BCE1H         LINE#         545
  -------         ENDPROC       _CALCULO_BCC
  -------         ENDMOD        ACCESCAN

  -------         MODULE        CLOCK
  C:0000H         SYMBOL        _ICE_DUMMY_
  C:B8E4H         PUBLIC        _two_one
  D:0090H         PUBLIC        P1
  C:78A9H         PUBLIC        _validar_clk
  C:BE03H         PUBLIC        _wr_clk
  C:8E19H         PUBLIC        _check_fechaOut
  C:609BH         PUBLIC        _Block_read_clock_ascii_rasberry
  B:00D0H.7       PUBLIC        CY
  C:0003H         PUBLIC        p_ck
  C:A200H         PUBLIC        _hex_ascii
  C:AE19H         PUBLIC        _hora_entrada_vehiculo
  X:03FDH         PUBLIC        data_clk
  C:C1A4H         PUBLIC        cond_ini_clock
  C:8EE2H         PUBLIC        _Block_read_Clock
  B:0090H.4       PUBLIC        sck
  C:9B39H         PUBLIC        _Block_read_Clock_Hex
  C:676DH         PUBLIC        _Block_read_clock_ascii
  C:BA48H         PUBLIC        _hex_bcd
  C:C01AH         PUBLIC        _bcd_hex
  C:B1E3H         PUBLIC        _ByteHex_Decimal
  C:A32CH         PUBLIC        _lee_clk
  B:0090H.5       PUBLIC        io
  C:9D28H         PUBLIC        _Block_write_clock_ascii
  B:0090H.6       PUBLIC        rst
  C:B971H         PUBLIC        _eb_clk
  C:4789H         PUBLIC        _Two_ByteHex_Decimal
  -------         PROC          P_CK
  C:0003H         LINE#         69
  C:0003H         LINE#         70
  C:0003H         LINE#         71
  C:0005H         LINE#         72
  C:0008H         LINE#         73
  C:000AH         LINE#         74
  -------         ENDPROC       P_CK
  -------         PROC          _EB_CLK
  X:00B4H         SYMBOL        dir_clk
  -------         DO            
BL51 BANKED LINKER/LOCATER V6.22.2.0                                                  06/04/2021  16:31:58  PAGE 27


  X:00B5H         SYMBOL        nbits
  -------         ENDDO         
  C:B971H         LINE#         76
  C:B976H         LINE#         78
  C:B97BH         LINE#         79
  C:B97BH         LINE#         80
  C:B984H         LINE#         81
  C:B987H         LINE#         82
  C:B987H         LINE#         83
  C:B989H         LINE#         84
  C:B98BH         LINE#         86
  C:B98BH         LINE#         87
  C:B98DH         LINE#         88
  C:B98DH         LINE#         89
  C:B990H         LINE#         90
  C:B9AFH         LINE#         91
  -------         ENDPROC       _EB_CLK
  C:A322H         SYMBOL        L?0084
  -------         PROC          L?0083
  -------         ENDPROC       L?0083
  C:A322H         SYMBOL        L?0084
  -------         PROC          _LEE_CLK
  X:00B1H         SYMBOL        dir_clk
  -------         DO            
  X:00B2H         SYMBOL        nbits
  -------         ENDDO         
  C:A32CH         LINE#         93
  C:A331H         LINE#         95
  C:A333H         LINE#         96
  C:A33AH         LINE#         97
  C:A342H         LINE#         98
  C:A35BH         LINE#         99
  C:A35BH         LINE#         100
  C:A35EH         LINE#         101
  C:A35EH         LINE#         102
  C:A365H         LINE#         103
  C:A36FH         LINE#         104
  C:A374H         LINE#         105
  C:A374H         LINE#         106
  C:A374H         LINE#         107
  C:A377H         LINE#         108
  C:A377H         LINE#         109
  C:A37EH         LINE#         110
  C:A38FH         LINE#         111
  C:A38FH         LINE#         112
  C:A397H         LINE#         113
  C:A397H         LINE#         114
  C:A397H         LINE#         115
  C:A39AH         LINE#         116
  C:A3AAH         LINE#         117
  C:A3ACH         LINE#         118
  C:A3B1H         LINE#         119
  -------         ENDPROC       _LEE_CLK
  -------         PROC          _WR_CLK
  X:001CH         SYMBOL        dir_clk
  X:001DH         SYMBOL        byte
  C:BE03H         LINE#         121
BL51 BANKED LINKER/LOCATER V6.22.2.0                                                  06/04/2021  16:31:58  PAGE 28


  C:BE0BH         LINE#         122
  C:BE0DH         LINE#         123
  C:BE14H         LINE#         124
  C:BE1CH         LINE#         125
  C:BE25H         LINE#         126
  C:BE28H         LINE#         127
  C:BE2AH         LINE#         129
  -------         ENDPROC       _WR_CLK
  C:B8B0H         SYMBOL        L?0079
  C:B8CEH         SYMBOL        L?0080
  -------         PROC          L?0078
  -------         ENDPROC       L?0078
  C:B8B0H         SYMBOL        L?0079
  C:B8CEH         SYMBOL        L?0080
  -------         PROC          _TWO_ONE
  D:0007H         SYMBOL        byte_h
  D:0005H         SYMBOL        byte_l
  -------         DO            
  D:0007H         SYMBOL        byte_out
  -------         ENDDO         
  C:B8E4H         LINE#         131
  C:B8E4H         LINE#         132
  C:B8E4H         LINE#         134
  C:B8E7H         LINE#         135
  C:B8EBH         LINE#         136
  C:B8EEH         LINE#         137
  C:B8F0H         LINE#         138
  C:B8F0H         LINE#         139
  -------         ENDPROC       _TWO_ONE
  -------         PROC          _VALIDAR_CLK
  D:0001H         SYMBOL        datos_clock
  -------         DO            
  D:0007H         SYMBOL        validador
  -------         ENDDO         
  C:78A9H         LINE#         143
  C:78A9H         LINE#         144
  C:78A9H         LINE#         145
  C:78ABH         LINE#         148
  C:78C0H         LINE#         149
  C:78C0H         LINE#         151
  C:78D8H         LINE#         152
  C:78D8H         LINE#         154
  C:78F0H         LINE#         155
  C:78F0H         LINE#         156
  C:7908H         LINE#         157
  C:7908H         LINE#         158
  C:7920H         LINE#         159
  C:7920H         LINE#         160
  C:7935H         LINE#         161
  C:7935H         LINE#         162
  C:7947H         LINE#         163
  C:7947H         LINE#         164
  C:7959H         LINE#         165
  C:7959H         LINE#         166
  C:796BH         LINE#         167
  C:796BH         LINE#         168
  C:797DH         LINE#         169
BL51 BANKED LINKER/LOCATER V6.22.2.0                                                  06/04/2021  16:31:58  PAGE 29


  C:797DH         LINE#         170
  C:798FH         LINE#         171
  C:798FH         LINE#         172
  C:799FH         LINE#         173
  C:799FH         LINE#         174
  C:799FH         LINE#         175
  C:799FH         LINE#         176
  C:79A0H         LINE#         178
  C:79A0H         LINE#         179
  C:79A2H         LINE#         180
  C:79A2H         LINE#         181
  C:79A3H         LINE#         183
  C:79A3H         LINE#         184
  C:79A5H         LINE#         186
  C:79A5H         LINE#         187
  C:79A6H         LINE#         189
  C:79A6H         LINE#         190
  C:79A8H         LINE#         192
  C:79A8H         LINE#         194
  C:79A9H         LINE#         196
  C:79A9H         LINE#         197
  C:79ABH         LINE#         199
  C:79ABH         LINE#         200
  C:79ACH         LINE#         202
  C:79ACH         LINE#         203
  C:79AEH         LINE#         205
  C:79AEH         LINE#         206
  C:79AFH         LINE#         208
  C:79AFH         LINE#         209
  C:79B1H         LINE#         211
  C:79B1H         LINE#         212
  C:79B2H         LINE#         214
  C:79B2H         LINE#         215
  C:79B4H         LINE#         217
  C:79B4H         LINE#         218
  C:79B4H         LINE#         220
  C:79B5H         LINE#         222
  C:79B5H         LINE#         223
  C:79B7H         LINE#         225
  C:79B7H         LINE#         227
  C:79B8H         LINE#         230
  C:79B8H         LINE#         231
  C:79BAH         LINE#         233
  C:79BAH         LINE#         235
  C:79BBH         LINE#         238
  C:79BBH         LINE#         239
  C:79BDH         LINE#         241
  C:79BDH         LINE#         243
  C:79BDH         LINE#         245
  -------         ENDPROC       _VALIDAR_CLK
  -------         PROC          _BLOCK_WRITE_CLOCK_ASCII
  X:0019H         SYMBOL        datos_clock
  -------         DO            
  D:0007H         SYMBOL        temp
  -------         ENDDO         
  C:9D28H         LINE#         251
  C:9D33H         LINE#         253
BL51 BANKED LINKER/LOCATER V6.22.2.0                                                  06/04/2021  16:31:58  PAGE 30


  C:9D33H         LINE#         256
  C:9D3CH         LINE#         257
  C:9D45H         LINE#         259
  C:9D4FH         LINE#         260
  C:9D4FH         LINE#         261
  C:9D4FH         LINE#         262
  C:9D4FH         LINE#         264
  C:9D59H         LINE#         265
  C:9D63H         LINE#         266
  C:9D6DH         LINE#         267
  C:9D6DH         LINE#         268
  C:9D6DH         LINE#         269
  C:9D6DH         LINE#         271
  C:9D77H         LINE#         272
  C:9D77H         LINE#         273
  C:9D77H         LINE#         274
  C:9D77H         LINE#         276
  C:9D81H         LINE#         277
  C:9D81H         LINE#         278
  C:9D81H         LINE#         279
  C:9D81H         LINE#         281
  C:9D8BH         LINE#         282
  C:9D8BH         LINE#         283
  C:9D8BH         LINE#         284
  C:9D8BH         LINE#         286
  C:9D95H         LINE#         287
  C:9D9FH         LINE#         288
  C:9DA9H         LINE#         289
  C:9DB3H         LINE#         291
  C:9DC3H         LINE#         292
  -------         ENDPROC       _BLOCK_WRITE_CLOCK_ASCII
  -------         PROC          _BCD_HEX
[...]
  X:0132H         SYMBOL        Secuencia_Expedidor
  X:0136H         SYMBOL        Nombre_Mensual
  -------         ENDDO         
  C:3AD0H         LINE#         2463
  C:3AD5H         LINE#         2464
  C:3AD5H         LINE#         2470
  C:3B38H         LINE#         2471
  C:3B38H         LINE#         2474
  C:3B38H         LINE#         2476
  C:3B48H         LINE#         2477
  C:3B48H         LINE#         2480
  C:3B4AH         LINE#         2481
  C:3B4CH         LINE#         2482
  C:3B51H         LINE#         2483
  C:3B59H         LINE#         2484
  C:3B5EH         LINE#         2485
  C:3B61H         LINE#         2486
  C:3B61H         LINE#         2487
  C:3B67H         LINE#         2488
  C:3B67H         LINE#         2489
  C:3B6AH         LINE#         2490
  C:3B6AH         LINE#         2491
  C:3B6AH         LINE#         2493
  C:3B6DH         LINE#         2494
  C:3B6DH         LINE#         2496
  C:3B76H         LINE#         2497
  C:3B79H         LINE#         2498
  C:3B79H         LINE#         2499
  C:3B7EH         LINE#         2500
  C:3B9EH         LINE#         2501
  C:3BA1H         LINE#         2502
  C:3BA1H         LINE#         2503
  C:3BA6H         LINE#         2504
  C:3BAEH         LINE#         2505
  C:3BB4H         LINE#         2506
  C:3BB7H         LINE#         2507
  C:3BB7H         LINE#         2508
  C:3BBAH         LINE#         2509
  C:3BC2H         LINE#         2510
  C:3BC8H         LINE#         2511
  C:3BCBH         LINE#         2512
  C:3BCBH         LINE#         2513
BL51 BANKED LINKER/LOCATER V6.22.2.0                                                  06/04/2021  16:31:58  PAGE 128


  C:3BCEH         LINE#         2514
  C:3BF3H         LINE#         2515
  C:3BF9H         LINE#         2516
  C:3BFBH         LINE#         2517
  C:3BFEH         LINE#         2518
  C:3BFEH         LINE#         2519
  C:3C09H         LINE#         2520
  C:3C11H         LINE#         2521
  C:3C17H         LINE#         2522
  C:3C1AH         LINE#         2523
  C:3C1AH         LINE#         2524
  C:3C2BH         LINE#         2525
  C:3C33H         LINE#         2526
  C:3C39H         LINE#         2527
  C:3C3CH         LINE#         2528
  C:3C3CH         LINE#         2529
  C:3C41H         LINE#         2530
  C:3C5FH         LINE#         2531
  C:3C62H         LINE#         2532
  C:3C62H         LINE#         2533
  C:3C67H         LINE#         2534
  C:3C87H         LINE#         2535
  C:3C8AH         LINE#         2536
  C:3C8AH         LINE#         2537
  C:3C8FH         LINE#         2538
  C:3C91H         LINE#         2539
  C:3CAFH         LINE#         2540
  C:3CB2H         LINE#         2541
  C:3CB2H         LINE#         2542
  C:3CB7H         LINE#         2543
  C:3CD7H         LINE#         2544
  C:3CDAH         LINE#         2545
  C:3CDAH         LINE#         2546
  C:3CEDH         LINE#         2547
  C:3CEDH         LINE#         2548
  C:3CF2H         LINE#         2549
  C:3CFAH         LINE#         2550
  C:3D00H         LINE#         2551
  C:3D00H         LINE#         2552
  C:3D03H         LINE#         2553
  C:3D03H         LINE#         2554
  C:3D16H         LINE#         2555
  C:3D16H         LINE#         2556
  C:3D1BH         LINE#         2557
  C:3D1EH         LINE#         2558
  C:3D1EH         LINE#         2559
  C:3D21H         LINE#         2560
  C:3D21H         LINE#         2561
  C:3D24H         LINE#         2562
  C:3D44H         LINE#         2563
  C:3D47H         LINE#         2564
  C:3D47H         LINE#         2565
  C:3D49H         LINE#         2566
  C:3D4CH         LINE#         2567
  C:3D4FH         LINE#         2568
  C:3D4FH         LINE#         2569
  C:3D58H         LINE#         2570
BL51 BANKED LINKER/LOCATER V6.22.2.0                                                  06/04/2021  16:31:58  PAGE 129


  C:3D5BH         LINE#         2571
  C:3D5BH         LINE#         2572
  C:3D72H         LINE#         2573
  C:3D75H         LINE#         2574
  C:3D75H         LINE#         2575
  C:3D78H         LINE#         2576
  C:3D80H         LINE#         2577
  C:3D86H         LINE#         2578
  C:3D89H         LINE#         2579
  C:3D89H         LINE#         2580
  C:3D92H         LINE#         2581
  C:3D95H         LINE#         2582
  C:3D95H         LINE#         2583
  C:3D97H         LINE#         2584
  C:3D9AH         LINE#         2585
  C:3D9DH         LINE#         2586
  C:3D9DH         LINE#         2587
  C:3DB4H         LINE#         2588
  C:3DB7H         LINE#         2589
  C:3DB7H         LINE#         2590
  C:3DBCH         LINE#         2591
  C:3DC4H         LINE#         2592
  C:3DCAH         LINE#         2593
  C:3DCDH         LINE#         2594
  C:3DCDH         LINE#         2595
  C:3DD0H         LINE#         2596
  C:3DF0H         LINE#         2597
  C:3DF3H         LINE#         2598
  C:3DF3H         LINE#         2599
  C:3DF6H         LINE#         2600
  C:3E16H         LINE#         2601
  C:3E19H         LINE#         2602
  C:3E19H         LINE#         2603
  C:3E1CH         LINE#         2604
  C:3E24H         LINE#         2605
  C:3E27H         LINE#         2606
  C:3E29H         LINE#         2607
  C:3E29H         LINE#         2609
  C:3E34H         LINE#         2610
  C:3E3CH         LINE#         2611
  C:3E50H         LINE#         2612
  C:3E53H         LINE#         2616
  C:3E53H         LINE#         2617
  C:3E59H         LINE#         2618
  C:3E5FH         LINE#         2619
  C:3E5FH         LINE#         2620
  C:3E67H         LINE#         2621
  C:3E6DH         LINE#         2623
  C:3E70H         LINE#         2624
  C:3E78H         LINE#         2625
  C:3E78H         LINE#         2627
  C:3E7BH         LINE#         2628
  C:3E7EH         LINE#         2629
  C:3E86H         LINE#         2630
  C:3E86H         LINE#         2631
  C:3E94H         LINE#         2632
  C:3E94H         LINE#         2633
BL51 BANKED LINKER/LOCATER V6.22.2.0                                                  06/04/2021  16:31:58  PAGE 130


  C:3E9DH         LINE#         2634
  C:3EA0H         LINE#         2635
  C:3EACH         LINE#         2636
  C:3EACH         LINE#         2637
  C:3EB5H         LINE#         2638
  C:3EB8H         LINE#         2640
  C:3EB8H         LINE#         2641
  C:3EC1H         LINE#         2642
  C:3EC1H         LINE#         2643
  C:3EC4H         LINE#         2644
  C:3ECCH         LINE#         2645
  C:3ECCH         LINE#         2646
  C:3EDAH         LINE#         2647
  C:3EDAH         LINE#         2648
  C:3EF0H         LINE#         2649
  C:3EF3H         LINE#         2650
  C:3EFFH         LINE#         2651
  C:3EFFH         LINE#         2652
  C:3F08H         LINE#         2653
  C:3F0BH         LINE#         2654
  C:3F19H         LINE#         2655
  C:3F19H         LINE#         2656
  C:3F22H         LINE#         2657
  C:3F24H         LINE#         2659
  C:3F24H         LINE#         2660
  C:3F2DH         LINE#         2661
  C:3F2DH         LINE#         2662
  C:3F2FH         LINE#         2663
  C:3F37H         LINE#         2664
  C:3F37H         LINE#         2665
  C:3F40H         LINE#         2666
  C:3F42H         LINE#         2667
  C:3F4AH         LINE#         2668
  C:3F4AH         LINE#         2669
  C:3F60H         LINE#         2670
  C:3F62H         LINE#         2671
  C:3F6AH         LINE#         2672
  C:3F6AH         LINE#         2673
  C:3F6DH         LINE#         2674
  C:3F6FH         LINE#         2676
  C:3F77H         LINE#         2677
  C:3F77H         LINE#         2678
  C:3F80H         LINE#         2679
  C:3F82H         LINE#         2682
  C:3F8AH         LINE#         2683
  C:3F8AH         LINE#         2684
  C:3F92H         LINE#         2685
  C:3F94H         LINE#         2687
  C:3F94H         LINE#         2688
  C:3F9DH         LINE#         2689
  C:3F9DH         LINE#         2690
  C:3F9FH         LINE#         2691
  C:3F9FH         LINE#         2692
  C:3FA4H         LINE#         2693
  C:3FA4H         LINE#         2695
  C:3FA4H         LINE#         2696
  C:3FA9H         LINE#         2697
BL51 BANKED LINKER/LOCATER V6.22.2.0                                                  06/04/2021  16:31:58  PAGE 131


  -------         ENDPROC       _SECUENCIAEXPEDIDORMF
  -------         ENDMOD        VERIFICADOR

  -------         MODULE        MONITOR
  C:0000H         SYMBOL        _ICE_DUMMY_
  D:0080H         PUBLIC        P0
  D:0090H         PUBLIC        P1
  I:0011H         PUBLIC        placa
  C:BEEEH         PUBLIC        Rx_Monitor
  B:0080H.0       PUBLIC        rx_ip
  B:0090H.7       PUBLIC        lock
  C:91EFH         PUBLIC        _recibe_cmd_Monitor
  C:C053H         PUBLIC        clear_placa
  C:95A7H         PUBLIC        _Valida_Trama_Monitor
  -------         PROC          _RECIBE_CMD_MONITOR
  X:000EH         SYMBOL        buffer_cmd
  -------         DO            
  X:0011H         SYMBOL        j
  X:0012H         SYMBOL        NumDatos
  X:0013H         SYMBOL        time_out
  X:0014H         SYMBOL        MaxChrRx
  X:0015H         SYMBOL        contador
  -------         ENDDO         
  C:91EFH         LINE#         50
  C:91FAH         LINE#         51
  C:91FAH         LINE#         55
  C:91FFH         LINE#         56
  C:9205H         LINE#         58
  C:9210H         LINE#         59
  C:9210H         LINE#         60
  C:9221H         LINE#         61
  C:9221H         LINE#         62
  C:9228H         LINE#         63
  C:922CH         LINE#         64
  C:9235H         LINE#         65
  C:9235H         LINE#         66
  C:9243H         LINE#         67
  C:925AH         LINE#         68
  C:925AH         LINE#         69
  C:9260H         LINE#         70
  C:9266H         LINE#         71
  C:9266H         LINE#         72
  C:9268H         LINE#         73
  C:9270H         LINE#         74
  C:9276H         LINE#         75
  C:9288H         LINE#         76
  C:9292H         LINE#         77
  C:929BH         LINE#         79
  C:92AAH         LINE#         82
  C:92AAH         LINE#         83
  C:92AFH         LINE#         84
  -------         ENDPROC       _RECIBE_CMD_MONITOR
  -------         PROC          _VALIDA_TRAMA_MONITOR
  X:000EH         SYMBOL        buffer
  D:0005H         SYMBOL        length_trama
  -------         DO            
  X:0011H         SYMBOL        j
BL51 BANKED LINKER/LOCATER V6.22.2.0                                                  06/04/2021  16:31:58  PAGE 132


  X:0012H         SYMBOL        p
  X:0013H         SYMBOL        cont
  -------         ENDDO         
  C:95A7H         LINE#         89
  C:95B2H         LINE#         90
  C:95B2H         LINE#         91
  C:95B5H         LINE#         92
  C:95B9H         LINE#         93
  C:95BCH         LINE#         94
  C:95BEH         LINE#         97
  C:95D2H         LINE#         98
  C:95D2H         LINE#         100
  C:95D4H         LINE#         102
  C:95DBH         LINE#         103
  C:95E0H         LINE#         106
  C:95E0H         LINE#         108
  C:95FBH         LINE#         109
  C:95FBH         LINE#         112
  C:95FBH         LINE#         113
  C:961CH         LINE#         114
  C:9620H         LINE#         115
  C:9626H         LINE#         116
  C:9638H         LINE#         117
  C:9650H         LINE#         118
  C:9659H         LINE#         119
  C:965BH         LINE#         120
  C:9661H         LINE#         123
  C:9661H         LINE#         126
  -------         ENDPROC       _VALIDA_TRAMA_MONITOR
  -------         PROC          CLEAR_PLACA
  -------         DO            
  D:0007H         SYMBOL        i
  -------         ENDDO         
  C:C053H         LINE#         127
  C:C053H         LINE#         128
  C:C053H         LINE#         130
  C:C05FH         LINE#         131
  C:C05FH         LINE#         132
  C:C065H         LINE#         133
  C:C068H         LINE#         134
  C:C06AH         LINE#         135
  -------         ENDPROC       CLEAR_PLACA
  -------         PROC          RX_MONITOR
  -------         DO            
  X:0001H         SYMBOL        Length_trama
  X:0002H         SYMBOL        buffer1
  -------         ENDDO         
  C:BEEEH         LINE#         136
  C:BEEEH         LINE#         137
  C:BEEEH         LINE#         140
  C:BEFDH         LINE#         141
  C:BF06H         LINE#         142
  -------         ENDPROC       RX_MONITOR
  -------         ENDMOD        MONITOR

  -------         MODULE        ?C?FPADD
  C:1335H         PUBLIC        ?C?FPADD
BL51 BANKED LINKER/LOCATER V6.22.2.0                                                  06/04/2021  16:31:58  PAGE 133


  C:1331H         PUBLIC        ?C?FPSUB
  -------         ENDMOD        ?C?FPADD

  -------         MODULE        ?C?FPMUL
  C:1426H         PUBLIC        ?C?FPMUL
  -------         ENDMOD        ?C?FPMUL

  -------         MODULE        ?C?FCAST
  C:1536H         PUBLIC        ?C?FCASTC
  C:1531H         PUBLIC        ?C?FCASTI
  C:152CH         PUBLIC        ?C?FCASTL
  -------         ENDMOD        ?C?FCAST

  -------         MODULE        ?C?CASTF
  C:156AH         PUBLIC        ?C?CASTF
  -------         ENDMOD        ?C?CASTF

  -------         MODULE        PRINTF
  X:0077H         PUBLIC        ?_PRINTF?BYTE
  X:0077H         PUBLIC        ?_SPRINTF?BYTE
  C:4015H         PUBLIC        _PRINTF
  C:400FH         PUBLIC        _SPRINTF
  -------         ENDMOD        PRINTF

  -------         MODULE        POW
  X:0025H         PUBLIC        ?_pow?BYTE
  C:68DBH         PUBLIC        _pow
  -------         ENDMOD        POW

  -------         MODULE        ?C?CHKFLOAT
  C:15EBH         PUBLIC        ?C?CHKFLOAT
  -------         ENDMOD        ?C?CHKFLOAT

  -------         MODULE        ?C?FPCMP
  C:1607H         PUBLIC        ?C?FPCMP
  C:1605H         PUBLIC        ?C?FPCMP3
  -------         ENDMOD        ?C?FPCMP

  -------         MODULE        ?C?FPNEG
  C:167EH         PUBLIC        ?C?FPNEG
  -------         ENDMOD        ?C?FPNEG

  -------         MODULE        ?C?FPROUND
  C:168FH         PUBLIC        ?C?FPROUND
  -------         ENDMOD        ?C?FPROUND

  -------         MODULE        ?C?FPCONVERT
  C:16CCH         PUBLIC        ?C?FPCONVERT
  -------         ENDMOD        ?C?FPCONVERT

  -------         MODULE        EXP
  C:9FD4H         PUBLIC        _EXP
  -------         ENDMOD        EXP

  -------         MODULE        LOG
  C:7459H         PUBLIC        _LOG
  C:7455H         PUBLIC        _LOG10
BL51 BANKED LINKER/LOCATER V6.22.2.0                                                  06/04/2021  16:31:58  PAGE 134


  -------         ENDMOD        LOG

  -------         MODULE        ?C?FPDIV
  C:17D4H         PUBLIC        ?C?FPDIV
  -------         ENDMOD        ?C?FPDIV

  -------         MODULE        ?C?FTNPWR
  C:18A1H         PUBLIC        ?C?FTNPWR
  -------         ENDMOD        ?C?FTNPWR

  -------         MODULE        ?C?COPY
  C:19FEH         PUBLIC        ?C?COPY
  -------         ENDMOD        ?C?COPY

  -------         MODULE        ?C?CLDPTR
  C:1A24H         PUBLIC        ?C?CLDPTR
  -------         ENDMOD        ?C?CLDPTR

  -------         MODULE        ?C?CLDOPTR
  C:1A3DH         PUBLIC        ?C?CLDOPTR
  -------         ENDMOD        ?C?CLDOPTR

  -------         MODULE        ?C?CSTPTR
  C:1A6AH         PUBLIC        ?C?CSTPTR
  -------         ENDMOD        ?C?CSTPTR

  -------         MODULE        ?C?CSTOPTR
  C:1A7CH         PUBLIC        ?C?CSTOPTR
  -------         ENDMOD        ?C?CSTOPTR

  -------         MODULE        ?C?IMUL
  C:1A9EH         PUBLIC        ?C?IMUL
  -------         ENDMOD        ?C?IMUL

  -------         MODULE        ?C?IILDX
  C:1AB0H         PUBLIC        ?C?IILDX
  -------         ENDMOD        ?C?IILDX

  -------         MODULE        ?C?LNEG
  C:1AC6H         PUBLIC        ?C?LNEG
  -------         ENDMOD        ?C?LNEG

  -------         MODULE        ?C?SLCMP
  C:1AD4H         PUBLIC        ?C?SLCMP
  -------         ENDMOD        ?C?SLCMP

  -------         MODULE        ?C?ULCMP
  C:1AEAH         PUBLIC        ?C?ULCMP
  -------         ENDMOD        ?C?ULCMP

  -------         MODULE        ?C?ULSHR
  C:1AFBH         PUBLIC        ?C?ULSHR
  -------         ENDMOD        ?C?ULSHR

  -------         MODULE        ?C?LSHL
  C:1B0EH         PUBLIC        ?C?LSHL
  -------         ENDMOD        ?C?LSHL
BL51 BANKED LINKER/LOCATER V6.22.2.0                                                  06/04/2021  16:31:58  PAGE 135



  -------         MODULE        ?C?LLDCODE
  C:1B21H         PUBLIC        ?C?LLDCODE
  -------         ENDMOD        ?C?LLDCODE

  -------         MODULE        ?C?LLDXDATA0
  C:1B31H         PUBLIC        ?C?LLDXDATA0
  -------         ENDMOD        ?C?LLDXDATA0

  -------         MODULE        ?C?LLDCODE0
  C:1B3DH         PUBLIC        ?C?LLDCODE0
  -------         ENDMOD        ?C?LLDCODE0

  -------         MODULE        ?C?LSTXDATA
  C:1B4DH         PUBLIC        ?C?LSTXDATA
  -------         ENDMOD        ?C?LSTXDATA

  -------         MODULE        ?C?LSTKXDATA
  C:1B59H         PUBLIC        ?C?LSTKXDATA
  -------         ENDMOD        ?C?LSTKXDATA

  -------         MODULE        ?C?PLDIXDATA
  C:1B8AH         PUBLIC        ?C?PLDIXDATA
  -------         ENDMOD        ?C?PLDIXDATA

  -------         MODULE        ?C?PSTXDATA
  C:1BA1H         PUBLIC        ?C?PSTXDATA
  -------         ENDMOD        ?C?PSTXDATA

  -------         MODULE        ?C?CCASE
  C:1BAAH         PUBLIC        ?C?CCASE
  -------         ENDMOD        ?C?CCASE

  -------         MODULE        STRCAT
  X:004CH         PUBLIC        ?_strcat?BYTE
  C:B0B0H         PUBLIC        _strcat
  -------         ENDMOD        STRCAT

  -------         MODULE        ?C?STRCMP
  C:1D4EH         PUBLIC        ?C?STRCMP
  -------         ENDMOD        ?C?STRCMP

  -------         MODULE        ?C?STRCPY
  C:1E37H         PUBLIC        ?C?STRCPY
  -------         ENDMOD        ?C?STRCPY

  -------         MODULE        STRLEN
  C:000EH         PUBLIC        _STRLEN
  -------         ENDMOD        STRLEN

  -------         MODULE        STRTOK
  X:0064H         PUBLIC        ?_strtok?BYTE
  C:869BH         PUBLIC        _strtok
  -------         ENDMOD        STRTOK

  -------         MODULE        ATOL
  C:7ACDH         PUBLIC        _atol
BL51 BANKED LINKER/LOCATER V6.22.2.0                                                  06/04/2021  16:31:58  PAGE 136


  -------         ENDMOD        ATOL

  -------         MODULE        ATOI
  C:885DH         PUBLIC        _atoi
  -------         ENDMOD        ATOI

  -------         MODULE        ?C?ILDIX
  C:1E54H         PUBLIC        ?C?ILDIX
  -------         ENDMOD        ?C?ILDIX

  -------         MODULE        ?C?LMUL
  C:1E6AH         PUBLIC        ?C?LMUL
  -------         ENDMOD        ?C?LMUL

  -------         MODULE        ISDIGIT
  C:C163H         PUBLIC        _isdigit
  -------         ENDMOD        ISDIGIT

  -------         MODULE        ISSPACE
  C:C0C3H         PUBLIC        _isspace
  -------         ENDMOD        ISSPACE

  -------         MODULE        STRSPN
  X:006AH         PUBLIC        ?_strspn?BYTE
  C:A9A1H         PUBLIC        _strspn
  -------         ENDMOD        STRSPN

  -------         MODULE        STRPBRK
  X:006AH         PUBLIC        ?_strpbrk?BYTE
  C:AAA8H         PUBLIC        _strpbrk
  -------         ENDMOD        STRPBRK

*** WARNING L16: UNCALLED SEGMENT, IGNORED FOR OVERLAY PROCESS
    SEGMENT: ?PR?SECUENCIA_INICIO_EXPEDIDOR?VERIFICADOR

*** WARNING L16: UNCALLED SEGMENT, IGNORED FOR OVERLAY PROCESS
    SEGMENT: ?PR?_SECUENCIAEXPEDIDORMF?VERIFICADOR

Program Size: data=99.1 xdata=1032 code=49648
LINK/LOCATE RUN COMPLETE.  2 WARNING(S),  0 ERROR(S)
