BL51 BANKED LINKER/LOCATER V6.22.2.0                                                    07/29/2020  18:03:03  PAGE 1


BL51 BANKED LINKER/LOCATER V6.22.2.0, INVOKED BY:
C:\KEIL_V5\C51\BIN\BL51.EXE .\Objects\main.obj, .\Objects\Accescan.obj, .\Objects\Clock.obj, .\Objects\delay.obj, .\Obje
>> cts\eeprom.obj, .\Objects\io_sensores.obj, .\Objects\pantallas.obj, .\Objects\prog.obj, .\Objects\pto_paralelo.obj, .
>> \Objects\tibbo.obj, .\Objects\uart.obj, .\Objects\lintech.obj, .\Objects\verificador.obj, .\Objects\Monitor.obj TO .\
>> Objects\expedidor_v_01_raspberry PRINT (.\Listings\expedidor_v_01_raspberry.m51) RAMSIZE (256)


MEMORY MODEL: LARGE WITH FLOATING POINT ARITHMETIC


INPUT MODULES INCLUDED:
  .\Objects\main.obj (MAIN)
  .\Objects\Accescan.obj (ACCESCAN)
  .\Objects\Clock.obj (CLOCK)
  .\Objects\delay.obj (DELAY)
  .\Objects\eeprom.obj (EEPROM)
  .\Objects\io_sensores.obj (IO_SENSORES)
  .\Objects\pantallas.obj (PANTALLAS)
  .\Objects\prog.obj (PROG)
  .\Objects\pto_paralelo.obj (PTO_PARALELO)
  .\Objects\tibbo.obj (TIBBO)
  .\Objects\uart.obj (UART)
  .\Objects\lintech.obj (LINTECH)
  .\Objects\verificador.obj (VERIFICADOR)
  .\Objects\Monitor.obj (MONITOR)
  C:\KEIL_V5\C51\LIB\C51FPL.LIB (?C?FPADD)
  C:\KEIL_V5\C51\LIB\C51FPL.LIB (?C?FPMUL)
  C:\KEIL_V5\C51\LIB\C51FPL.LIB (?C?FCAST)
  C:\KEIL_V5\C51\LIB\C51FPL.LIB (?C?CASTF)
  C:\KEIL_V5\C51\LIB\C51FPL.LIB (PRINTF)
  C:\KEIL_V5\C51\LIB\C51FPL.LIB (POW)
  C:\KEIL_V5\C51\LIB\C51FPL.LIB (?C?FPGETOPN)
  C:\KEIL_V5\C51\LIB\C51FPL.LIB (?C?CHKFLOAT)
  C:\KEIL_V5\C51\LIB\C51FPL.LIB (?C?FPCMP)
  C:\KEIL_V5\C51\LIB\C51FPL.LIB (?C?FPNEG)
  C:\KEIL_V5\C51\LIB\C51FPL.LIB (?C?FPROUND)
  C:\KEIL_V5\C51\LIB\C51FPL.LIB (?C?FPCONVERT)
  C:\KEIL_V5\C51\LIB\C51FPL.LIB (EXP)
  C:\KEIL_V5\C51\LIB\C51FPL.LIB (LOG)
  C:\KEIL_V5\C51\LIB\C51FPL.LIB (?C?FPDIV)
  C:\KEIL_V5\C51\LIB\C51FPL.LIB (?C?FTNPWR)
  C:\KEIL_V5\C51\LIB\C51FPL.LIB (?C?FPSERIES)
  C:\KEIL_V5\C51\LIB\C51L.LIB (?C_STARTUP)
  C:\KEIL_V5\C51\LIB\C51L.LIB (?C?COPY)
  C:\KEIL_V5\C51\LIB\C51L.LIB (?C?CLDPTR)
  C:\KEIL_V5\C51\LIB\C51L.LIB (?C?CLDOPTR)
  C:\KEIL_V5\C51\LIB\C51L.LIB (?C?CSTPTR)
  C:\KEIL_V5\C51\LIB\C51L.LIB (?C?CSTOPTR)
  C:\KEIL_V5\C51\LIB\C51L.LIB (?C?IMUL)
  C:\KEIL_V5\C51\LIB\C51L.LIB (?C?IILDX)
  C:\KEIL_V5\C51\LIB\C51L.LIB (?C?LNEG)
  C:\KEIL_V5\C51\LIB\C51L.LIB (?C?SLCMP)
  C:\KEIL_V5\C51\LIB\C51L.LIB (?C?ULCMP)
  C:\KEIL_V5\C51\LIB\C51L.LIB (?C?ULSHR)
  C:\KEIL_V5\C51\LIB\C51L.LIB (?C?LSHL)
  C:\KEIL_V5\C51\LIB\C51L.LIB (?C?LLDCODE)
  C:\KEIL_V5\C51\LIB\C51L.LIB (?C?LLDXDATA0)
  C:\KEIL_V5\C51\LIB\C51L.LIB (?C?LLDCODE0)
BL51 BANKED LINKER/LOCATER V6.22.2.0                                                  07/29/2020  18:03:03  PAGE 2


  C:\KEIL_V5\C51\LIB\C51L.LIB (?C?LSTXDATA)
  C:\KEIL_V5\C51\LIB\C51L.LIB (?C?LSTKXDATA)
  C:\KEIL_V5\C51\LIB\C51L.LIB (?C?PLDIXDATA)
  C:\KEIL_V5\C51\LIB\C51L.LIB (?C?PSTXDATA)
  C:\KEIL_V5\C51\LIB\C51L.LIB (?C?CCASE)
  C:\KEIL_V5\C51\LIB\C51L.LIB (STRCAT)
  C:\KEIL_V5\C51\LIB\C51L.LIB (?C?STRCMP)
  C:\KEIL_V5\C51\LIB\C51L.LIB (?C?STRCPY)
  C:\KEIL_V5\C51\LIB\C51L.LIB (STRLEN)
  C:\KEIL_V5\C51\LIB\C51L.LIB (STRTOK)
  C:\KEIL_V5\C51\LIB\C51L.LIB (ATOL)
  C:\KEIL_V5\C51\LIB\C51L.LIB (ATOI)
  C:\KEIL_V5\C51\LIB\C51L.LIB (?C_INIT)
  C:\KEIL_V5\C51\LIB\C51L.LIB (?C?ILDIX)
  C:\KEIL_V5\C51\LIB\C51L.LIB (?C?LMUL)
  C:\KEIL_V5\C51\LIB\C51L.LIB (ISDIGIT)
  C:\KEIL_V5\C51\LIB\C51L.LIB (ISSPACE)
  C:\KEIL_V5\C51\LIB\C51L.LIB (STRSPN)
  C:\KEIL_V5\C51\LIB\C51L.LIB (STRPBRK)


LINK MAP OF MODULE:  .\Objects\expedidor_v_01_raspberry (MAIN)


            TYPE    BASE      LENGTH    RELOCATION   SEGMENT NAME
            -----------------------------------------------------

            * * * * * * *   D A T A   M E M O R Y   * * * * * * *
            REG     0000H     0008H     ABSOLUTE     "REG BANK 0"
            DATA    0008H     0005H     UNIT         _DATA_GROUP_
            DATA    000DH     0004H     UNIT         ?DT?UART
            IDATA   0011H     0009H     UNIT         ?ID?MONITOR
                    001AH     0006H                  *** GAP ***
            BIT     0020H.0   0001H.1   UNIT         _BIT_GROUP_
            BIT     0021H.1   0000H.2   UNIT         ?BI?MAIN
            BIT     0021H.3   0000H.2   UNIT         ?BI?UART
            BIT     0021H.5   0000H.1   UNIT         ?BI?EEPROM
            BIT     0021H.6   0000H.1   UNIT         ?BI?VERIFICADOR
                    0021H.7   0000H.1                *** GAP ***
            IDATA   0022H     0046H     UNIT         ?ID?MAIN
            IDATA   0068H     0028H     UNIT         ?ID?PANTALLAS
            IDATA   0090H     0001H     UNIT         ?STACK

            * * * * * * *  X D A T A   M E M O R Y  * * * * * * *
            XDATA   0000H     00B8H     UNIT         _XDATA_GROUP_
            XDATA   00B8H     008AH     UNIT         ?XD?VERIFICADOR
            XDATA   0142H     006BH     UNIT         ?XD?MAIN
            XDATA   01ADH     0056H     UNIT         ?XD?PROG
            XDATA   0203H     0003H     UNIT         ?XD?EEPROM
            XDATA   0206H     0003H     UNIT         ?XD?UART
            XDATA   0209H     0003H     UNIT         ?XD?STRTOK
            XDATA   020CH     0001H     UNIT         ?XD?ACCESCAN
            XDATA   020DH     0001H     UNIT         ?XD?CLOCK
            XDATA   020EH     0001H     UNIT         ?XD?IO_SENSORES

            * * * * * * *   C O D E   M E M O R Y   * * * * * * *
            CODE    0000H     0003H     ABSOLUTE     
BL51 BANKED LINKER/LOCATER V6.22.2.0                                                  07/29/2020  18:03:03  PAGE 3


            CODE    0003H     0008H     UNIT         ?PR?P_CK?CLOCK
            CODE    000BH     0003H     ABSOLUTE     
            CODE    000EH     0015H     UNIT         ?PR?_STRLEN?STRLEN
            CODE    0023H     0003H     ABSOLUTE     
            CODE    0026H     0E44H     UNIT         ?CO?PROG
            CODE    0E6AH     0B8BH     UNIT         ?C?LIB_CODE
            CODE    19F5H     072CH     UNIT         ?CO?VERIFICADOR
            CODE    2121H     06BFH     UNIT         ?CO?PANTALLAS
            CODE    27E0H     05D9H     UNIT         ?PR?_PANTALLALCD?PANTALLAS
            CODE    2DB9H     0483H     UNIT         ?PR?PRINTF?PRINTF
            CODE    323CH     0435H     UNIT         ?PR?_SECUENCIAEXPEDIDORMF?VERIFICADOR
            CODE    3671H     033EH     UNIT         ?PR?_VALIDA_TRAMA_PTO?ACCESCAN
            CODE    39AFH     02D0H     UNIT         ?PR?_TWO_BYTEHEX_DECIMAL?CLOCK
            CODE    3C7FH     02B7H     UNIT         ?PR?_PROG_HORARIO_DIAS?PROG
            CODE    3F36H     021FH     UNIT         ?PR?MENU?PROG
            CODE    4155H     021EH     UNIT         ?PR?_PANTALLALCD_LINEA_2?PANTALLAS
            CODE    4373H     0208H     UNIT         ?PR?_HASH_ID?PROG
            CODE    457BH     01FAH     UNIT         ?PR?_PROG_HORARIO_DESDE_HASTA?PROG
            CODE    4775H     01F5H     UNIT         ?PR?PROG_FECHA_VENCIMIENTO?PROG
            CODE    496AH     01DFH     UNIT         ?PR?_RESPONDE_LECTURA_TARJETA_SECTOR1_BLOQUE1?VERIFICADOR
            CODE    4B49H     01B3H     UNIT         ?PR?COM_ISR?UART
            CODE    4CFCH     01A5H     UNIT         ?PR?_VALIDA_TIPO_TARJETA?VERIFICADOR
            CODE    4EA1H     0198H     UNIT         ?PR?ARMAR_TRAMA_PTO_PARALELO_EXPEDIDOR?VERIFICADOR
            CODE    5039H     017AH     UNIT         ?CO?LINTECH
            CODE    51B3H     016EH     UNIT         ?PR?_BLOCK_READ_CLOCK_ASCII?CLOCK
            CODE    5321H     0166H     UNIT         ?PR?_POW?POW
            CODE    5487H     0154H     UNIT         ?PR?_ARMAR_TRAMA_MONITOR?VERIFICADOR
            CODE    55DBH     0145H     UNIT         ?PR?PROG_HORARIOS?PROG
            CODE    5720H     0142H     UNIT         ?PR?_ARMAR_TRAMA_TARJETA_SECTOR1_BLOQUE2?VERIFICADOR
            CODE    5862H     013EH     UNIT         ?PR?PROG_SIN_COBRO?PROG
            CODE    59A0H     013EH     UNIT         ?PR?SECUENCIA_INICIO_EXPEDIDOR?VERIFICADOR
            CODE    5ADEH     012BH     UNIT         ?PR?_RESPONDE_LECTURA_TARJETA_SECTOR1_BLOQUE2?VERIFICADOR
            CODE    5C09H     0129H     UNIT         ?PR?LOG?LOG
            CODE    5D32H     011CH     UNIT         ?PR?LOAD_AND_SEND_ID_COD?PTO_PARALELO
            CODE    5E4EH     011AH     UNIT         ?PR?_PROG_HORARIOS_ON_OFF?PROG
            CODE    5F68H     0115H     UNIT         ?PR?_VALIDAR_CLK?CLOCK
            CODE    607DH     010FH     UNIT         ?PR?_HORARIOS?VERIFICADOR
            CODE    618CH     010CH     UNIT         ?PR?_ATOL?ATOL
            CODE    6298H     0103H     UNIT         ?PR?_BLOQUE_HORARIO?VERIFICADOR
            CODE    639BH     0100H     UNIT         ?PR?_WR_MF?LINTECH
            CODE    649BH     00FCH     UNIT         ?PR?PROG_DEBUG?PROG
            CODE    6597H     00FCH     UNIT         ?PR?PROG_USE_LPR?PROG
            CODE    6693H     00FCH     UNIT         ?PR?TIPO_PANTALLA?PROG
            CODE    678FH     00FCH     UNIT         ?PR?PROG_ANTIPASSBACK?PROG
            CODE    688BH     00FCH     UNIT         ?PR?PROG_PLACA?PROG
            CODE    6987H     00FCH     UNIT         ?PR?PROG_VALIDAR_TIPO_VEHICULO_MENSUAL?PROG
            CODE    6A83H     00FCH     UNIT         ?PR?PROG_APB_MENSUAL?PROG
            CODE    6B7FH     00F1H     UNIT         ?PR?_WRITE_EEPROM_TICKET?EEPROM
            CODE    6C70H     00EAH     UNIT         ?PR?_MOV_CARD?LINTECH
            CODE    6D5AH     00E4H     UNIT         ?PR?_STRTOK?STRTOK
            CODE    6E3EH     00DEH     UNIT         ?PR?PROG_ADDRESS_HIGH_BOARD?PROG
            CODE    6F1CH     00DBH     UNIT         ?PR?_ATOI?ATOI
            CODE    6FF7H     00D7H     UNIT         ?PR?_ANALIZA_UID_CARD?VERIFICADOR
            CODE    70CEH     00D6H     UNIT         ?PR?_CMD_LPR_SALIDA_WIEGAND?ACCESCAN
            CODE    71A4H     00CCH     UNIT         ?PR?_GRABA_SERIE?EEPROM
            CODE    7270H     00CBH     UNIT         ?PR?_RTA_CMD_TRANSPORTE?VERIFICADOR
            CODE    733BH     00CAH     UNIT         ?PR?READ_EEPROM_TICKET?EEPROM
BL51 BANKED LINKER/LOCATER V6.22.2.0                                                  07/29/2020  18:03:03  PAGE 4


            CODE    7405H     00C9H     UNIT         ?PR?_CHECK_FECHAOUT?CLOCK
            CODE    74CEH     00C4H     UNIT         ?PR?_BLOCK_READ_CLOCK?CLOCK
            CODE    7592H     00C4H     UNIT         ?PR?_TARJETA_MENSUAL?VERIFICADOR
            CODE    7656H     00C3H     UNIT         ?PR?_RD_MF?LINTECH
            CODE    7719H     00C2H     UNIT         ?PR?PROG_TARJETA_AUTOMATICA_O_BOTON?PROG
            CODE    77DBH     00C1H     UNIT         ?PR?_ARMAR_TRAMA_PTO_PARALELO_EXPEDIDOR_MENSUAL?VERIFICADOR
            CODE    789CH     00C1H     UNIT         ?PR?_RECIBE_CMD_MONITOR?MONITOR
            CODE    795DH     00BEH     UNIT         ?PR?ERROR_RX_PTO?VERIFICADOR
            CODE    7A1BH     00BDH     UNIT         ?PR?PROG_COD_PARK?PROG
            CODE    7AD8H     00BDH     UNIT         ?PR?PROG_TIEMPO_GRACIA?PROG
            CODE    7B95H     00BCH     UNIT         ?C_INITSEG
            CODE    7C51H     00BAH     UNIT         ?CO?TIBBO
            CODE    7D0BH     00B6H     UNIT         ?PR?PROG_ID_CLIENTE?PROG
            CODE    7DC1H     00B4H     UNIT         ?PR?_SEND_PORT?PTO_PARALELO
            CODE    7E75H     00ADH     UNIT         ?CO?IO_SENSORES
            CODE    7F22H     00ACH     UNIT         ?PR?_HORA_MAXIMA?VERIFICADOR
            CODE    7FCEH     00AAH     UNIT         ?PR?CLAVE_SEGURIDAD_S2?LINTECH
            CODE    8078H     00A9H     UNIT         ?PR?DWLOAD_EEPROM?LINTECH
            CODE    8121H     00A6H     UNIT         ?PR?_BLOCK_READ_CLOCK_HEX?CLOCK
            CODE    81C7H     00A3H     UNIT         ?PR?_WAIT_PLACA?VERIFICADOR
            CODE    826AH     009DH     UNIT         ?PR?_INICIALIZA?LINTECH
            CODE    8307H     009AH     UNIT         ?PR?_RESPONDE_LECTURA_TARJETA_SECTOR1_BLOQUE0?VERIFICADOR
            CODE    83A1H     009AH     UNIT         ?PR?EXP?EXP
            CODE    843BH     0099H     UNIT         ?PR?_RECIBE_PORT?PTO_PARALELO
            CODE    84D4H     0098H     UNIT         ?PR?_VALIDA_VEHICULO_CARD_MENSUAL?VERIFICADOR
            CODE    856CH     0095H     UNIT         ?PR?_VALIDA_TRAMA_MONITOR?MONITOR
            CODE    8601H     0091H     UNIT         ?PR?_HEX_ASCII?CLOCK
            CODE    8692H     0091H     UNIT         ?PR?_CARD_INSERCION?LINTECH
            CODE    8723H     0091H     UNIT         ?PR?LOADVERIFY_EEPROM?LINTECH
            CODE    87B4H     0090H     UNIT         ?PR?_LEE_CLK?CLOCK
            CODE    8844H     0090H     UNIT         ?PR?_GETOPTION?PROG
            CODE    88D4H     0090H     UNIT         ?PR?SHOW?PROG
            CODE    8964H     008FH     UNIT         ?PR?_BLOCK_WRITE_CLOCK_ASCII?CLOCK
            CODE    89F3H     008FH     UNIT         ?PR?_RESPONDE_WRITE_TARJETA_SECTOR1_BLOQUE2?VERIFICADOR
            CODE    8A82H     008CH     UNIT         ?C_C51STARTUP
            CODE    8B0EH     0088H     UNIT         ?PR?_SEND_PORTERR?PTO_PARALELO
            CODE    8B96H     0088H     UNIT         ?PR?RX_DATA?TIBBO
            CODE    8C1EH     0088H     UNIT         ?PR?UNIQUE_IDENTIFIER_UID?LINTECH
            CODE    8CA6H     0088H     UNIT         ?PR?_SEND_PTO_PARALELO?VERIFICADOR
            CODE    8D2EH     0084H     UNIT         ?PR?_STRSPN?STRSPN
            CODE    8DB2H     0081H     UNIT         ?PR?MAIN?MAIN
            CODE    8E33H     0081H     UNIT         ?PR?_STRPBRK?STRPBRK
            CODE    8EB4H     0080H     UNIT         ?PR?MSJ_LCD_INFORMATIVO?IO_SENSORES
            CODE    8F34H     0080H     UNIT         ?PR?_INGRESADATO?PROG
            CODE    8FB4H     0080H     UNIT         ?PR?AUT_CARD_CHECK_STATUS?LINTECH
            CODE    9034H     0080H     UNIT         ?PR?POWER_OFF?LINTECH
            CODE    90B4H     007CH     UNIT         ?PR?_CHECK_STATUS?LINTECH
            CODE    9130H     007CH     UNIT         ?PR?RESPONDE_ESTADO_SENSORES_TRANSPORTE?VERIFICADOR
            CODE    91ACH     0079H     UNIT         ?PR?ENTREGA_CARD_CAPTURA?VERIFICADOR
            CODE    9225H     0073H     UNIT         ?PR?_DEBUGBUFFERMF?TIBBO
            CODE    9298H     0071H     UNIT         ?PR?RESPONDE_TIPO_TARJETA?VERIFICADOR
            CODE    9309H     0071H     UNIT         ?PR?_EN_HORARIO?VERIFICADOR
            CODE    937AH     006FH     UNIT         ?PR?_ESCRIBIRMEMORIA?EEPROM
            CODE    93E9H     006BH     UNIT         ?PR?_STRCAT?STRCAT
            CODE    9454H     0066H     UNIT         ?PR?_LEERMEMORIA?EEPROM
            CODE    94BAH     0066H     UNIT         ?PR?_DISPARO_LOCK_ENTRADA_VEHICULO?VERIFICADOR
            CODE    9520H     0062H     UNIT         ?PR?_LISTACOMANDOS?PROG
BL51 BANKED LINKER/LOCATER V6.22.2.0                                                  07/29/2020  18:03:03  PAGE 5


            CODE    9582H     0061H     UNIT         ?PR?_PREGUNTA_LPR?VERIFICADOR
            CODE    95E3H     005EH     UNIT         ?PR?_BYTEHEX_DECIMAL?CLOCK
            CODE    9641H     005DH     UNIT         ?PR?_RESPUESTA_SEGUNDA_CLAVE?VERIFICADOR
            CODE    969EH     005AH     UNIT         ?PR?RASPBERRY_DATA1?PANTALLAS
            CODE    96F8H     0059H     UNIT         ?PR?INGRESO_VEHICULO?VERIFICADOR
            CODE    9751H     0058H     UNIT         ?PR?VALIDA_SENSOR1_AUTO?IO_SENSORES
            CODE    97A9H     0058H     UNIT         ?PR?_ARMAR_TRAMA_PLACA?VERIFICADOR
            CODE    9801H     0056H     UNIT         ?PR?_WR_EEPROM?EEPROM
            CODE    9857H     0055H     UNIT         ?PR?RELOJ_PANTALLA_LCD?PANTALLAS
            CODE    98ACH     004DH     UNIT         ?PR?VARIABLE_INICIO?MAIN
            CODE    98F9H     004DH     UNIT         ?PR?L_D_M?EEPROM
            CODE    9946H     004CH     UNIT         ?PR?LEE_NO_TICKET?EEPROM
            CODE    9992H     004BH     UNIT         ?PR?_TX_AUX?TIBBO
            CODE    99DDH     0049H     UNIT         ?PR?_DEBUG_TXT_TIBBO?TIBBO
            CODE    9A26H     0048H     UNIT         ?PR?FIRST_CLAVE?PROG
            CODE    9A6EH     0047H     UNIT         ?PR?_DEBUG_CHR_TIBBO?TIBBO
            CODE    9AB5H     0047H     UNIT         ?PR?_RESPONDE_WRITE_TARJETA_SECTOR2_BLOQUE0?VERIFICADOR
            CODE    9AFCH     0046H     UNIT         ?PR?_ESCRIBIRCADENASOFT_BUFFER?MAIN
            CODE    9B42H     0046H     UNIT         ?PR?_LCD_TXT_NUM_CHAR?PANTALLAS
            CODE    9B88H     0046H     UNIT         ?PR?_DEBUG_HEXDEC?TIBBO
            CODE    9BCEH     0044H     UNIT         ?PR?_LCD_TXT?PANTALLAS
            CODE    9C12H     0043H     UNIT         ?PR?DIR_BOARD?IO_SENSORES
            CODE    9C55H     0042H     UNIT         ?PR?_VALIDARCLAVE?PROG
            CODE    9C97H     0041H     UNIT         ?PR?_MONITOR_CHR?ACCESCAN
            CODE    9CD8H     0041H     UNIT         ?PR?_TWO_ONE?CLOCK
            CODE    9D19H     0040H     UNIT         ?PR?_GETCMD?PROG
            CODE    9D59H     003FH     UNIT         ?PR?_EB_CLK?CLOCK
            CODE    9D98H     003EH     UNIT         ?PR?_PUTCHAR?MAIN
            CODE    9DD6H     003DH     UNIT         ?PR?_HEX_BCD?CLOCK
            CODE    9E13H     003DH     UNIT         ?PR?_RD_EEPROM?EEPROM
            CODE    9E50H     003DH     UNIT         ?PR?_LOAD_SECUENCIA_EXPEDIDOR?VERIFICADOR
            CODE    9E8DH     003BH     UNIT         ?CO?EEPROM
            CODE    9EC8H     003BH     UNIT         ?PR?_DEBUG_PTO_PARALELO?TIBBO
            CODE    9F03H     003BH     UNIT         ?PR?_COM_PUTCHAR?UART
            CODE    9F3EH     003AH     UNIT         ?PR?_DELAY_10MS?DELAY
            CODE    9F78H     0038H     UNIT         ?PR?VALIDASENSORESPASO?IO_SENSORES
            CODE    9FB0H     0036H     UNIT         ?PR?_RESPONDE_WRITE_TARJETA_SECTOR1_BLOQUE0?VERIFICADOR
            CODE    9FE6H     0034H     UNIT         ?PR?INCREMENTE_TICKET?EEPROM
            CODE    A01AH     0034H     UNIT         ?PR?ADDR_HORARIOS?PROG
            CODE    A04EH     0033H     UNIT         ?PR?TRAMA_VALIDACION_P_N?VERIFICADOR
            CODE    A081H     0032H     UNIT         ?PR?_DEBUG_MONITOR?TIBBO
            CODE    A0B3H     0031H     UNIT         ?PR?_TARJETA_ROTACION?VERIFICADOR
            CODE    A0E4H     002EH     UNIT         ?PR?TIMER0_INT?MAIN
            CODE    A112H     002CH     UNIT         ?PR?LOAD_AND_SEND_INFO_RELOJ?PTO_PARALELO
            CODE    A13EH     002AH     UNIT         ?PR?COM_INITIALIZE?UART
            CODE    A168H     0028H     UNIT         ?PR?_WR_CLK?CLOCK
            CODE    A190H     0028H     UNIT         ?PR?COM_BAUDRATE?UART
            CODE    A1B8H     0028H     UNIT         ?PR?_ARMAR_TRAMA_TARJETA_SECTOR1_BLOQUE0?VERIFICADOR
            CODE    A1E0H     0027H     UNIT         ?PR?_TX_CHRLCD?PANTALLAS
            CODE    A207H     0026H     UNIT         ?PR?COM_GETCHAR?UART
            CODE    A22DH     0026H     UNIT         ?PR?ANALIZA_PRESENCIA_MENSUAL?VERIFICADOR
            CODE    A253H     0026H     UNIT         ?PR?RX_MONITOR?MONITOR
            CODE    A279H     0023H     UNIT         ?PR?ANALIZA_PRESENCIA_ROTACION?VERIFICADOR
            CODE    A29CH     0022H     UNIT         ?PR?_E_D_M?EEPROM
            CODE    A2BEH     0020H     UNIT         ?PR?ACKD?EEPROM
            CODE    A2DEH     0020H     UNIT         ?PR?ACK_LECT?EEPROM
            CODE    A2FEH     001FH     UNIT         ?PR?VALIDASENSOR?IO_SENSORES
BL51 BANKED LINKER/LOCATER V6.22.2.0                                                  07/29/2020  18:03:03  PAGE 6


            CODE    A31DH     001FH     UNIT         ?PR?TIME_BIT?TIBBO
            CODE    A33CH     001EH     UNIT         ?PR?_BCD_HEX?CLOCK
            CODE    A35AH     001BH     UNIT         ?PR?_DELAY_1MS?DELAY
            CODE    A375H     0018H     UNIT         ?PR?CLEAR_PLACA?MONITOR
            CODE    A38DH     0017H     UNIT         ?PR?DISPLAYCURSOR?PROG
            CODE    A3A4H     0017H     UNIT         ?PR?TIME_MBIT?TIBBO
            CODE    A3BBH     0014H     UNIT         ?PR?DEBUG_DIVIDIR_TEXTO?TIBBO
            CODE    A3CFH     0014H     UNIT         ?PR?_ISSPACE?ISSPACE
            CODE    A3E3H     0012H     UNIT         ?PR?_DELAY_20US?DELAY
            CODE    A3F5H     0012H     UNIT         ?PR?START?EEPROM
            CODE    A407H     0012H     UNIT         ?PR?PULSO_BUS?PTO_PARALELO
            CODE    A419H     0012H     UNIT         ?PR?COM_RBUFLEN?UART
            CODE    A42BH     0012H     UNIT         ?PR?COM_TBUFLEN?UART
            CODE    A43DH     0010H     UNIT         ?PR?INI_TIMER?MAIN
            CODE    A44DH     0010H     UNIT         ?PR?INICIA_BOARD?MAIN
            CODE    A45DH     000FH     UNIT         ?PR?_ISDIGIT?ISDIGIT
            CODE    A46CH     000CH     UNIT         ?PR?_GETKEY?MAIN
            CODE    A478H     000AH     UNIT         ?PR?COND_INI_PTO?PTO_PARALELO
            CODE    A482H     0009H     UNIT         ?PR?STOP?EEPROM
            CODE    A48BH     0009H     UNIT         ?PR?CAPTURA_EXPULSA?VERIFICADOR
            CODE    A494H     0007H     UNIT         ?PR?COND_INI_CLOCK?CLOCK
            CODE    A49BH     0007H     UNIT         ?PR?SEL_FUNCION?IO_SENSORES
            CODE    A4A2H     0007H     UNIT         ?PR?SEL_AUTO?IO_SENSORES
            CODE    A4A9H     0007H     UNIT         ?PR?SEL_PULSA?IO_SENSORES
            CODE    A4B0H     0007H     UNIT         ?PR?SEL_SENSOR2?IO_SENSORES
            CODE    A4B7H     0007H     UNIT         ?PR?SEL_SENSOR1?IO_SENSORES
            CODE    A4BEH     0007H     UNIT         ?PR?SEL_DIR1?IO_SENSORES
            CODE    A4C5H     0007H     UNIT         ?PR?SEL_DIR2?IO_SENSORES
            CODE    A4CCH     0006H     UNIT         ?PR?P_ME?EEPROM
            CODE    A4D2H     0005H     UNIT         ?PR?ON_TIMER0_INTERRUP?MAIN
            CODE    A4D7H     0005H     UNIT         ?CO?ACCESCAN
            CODE    A4DCH     0005H     UNIT         ?PR?COND_INI_TIBBO?TIBBO
            CODE    A4E1H     0003H     UNIT         ?PR?OFF_TIMER0_INTERRUP?MAIN
            CODE    A4E4H     0003H     UNIT         ?CO?PTO_PARALELO
            CODE    A4E7H     0001H     UNIT         ?PR?DELAY?DELAY



OVERLAY MAP OF MODULE:   .\Objects\expedidor_v_01_raspberry (MAIN)


SEGMENT                                             BIT_GROUP          DATA_GROUP          XDATA_GROUP
  +--> CALLED SEGMENT                            START    LENGTH     START    LENGTH     START    LENGTH
--------------------------------------------------------------------------------------------------------
?C_C51STARTUP                                    -----    -----      -----    -----      -----    -----
  +--> ?PR?MAIN?MAIN
  +--> ?C_INITSEG

?PR?MAIN?MAIN                                    -----    -----      -----    -----      0000H    0002H
  +--> ?PR?INI_TIMER?MAIN
  +--> ?PR?ON_TIMER0_INTERRUP?MAIN
  +--> ?PR?COM_INITIALIZE?UART
  +--> ?PR?COM_BAUDRATE?UART
  +--> ?PR?INICIA_BOARD?MAIN
  +--> ?PR?TIME_BIT?TIBBO
  +--> ?PR?_DELAY_20US?DELAY
  +--> ?PR?TIME_MBIT?TIBBO
BL51 BANKED LINKER/LOCATER V6.22.2.0                                                  07/29/2020  18:03:03  PAGE 7


  +--> ?PR?_TX_AUX?TIBBO
  +--> ?PR?SEL_FUNCION?IO_SENSORES
  +--> ?PR?MENU?PROG
  +--> ?PR?VARIABLE_INICIO?MAIN
  +--> ?PR?SECUENCIA_INICIO_EXPEDIDOR?VERIFI...
  +--> ?PR?RX_MONITOR?MONITOR
  +--> ?PR?_SECUENCIAEXPEDIDORMF?VERIFICADOR
  +--> ?PR?_RECIBE_PORT?PTO_PARALELO
  +--> ?PR?_DEBUG_PTO_PARALELO?TIBBO
  +--> ?PR?_VALIDA_TRAMA_PTO?ACCESCAN
  +--> ?PR?MSJ_LCD_INFORMATIVO?IO_SENSORES

?PR?COM_INITIALIZE?UART                          -----    -----      -----    -----      -----    -----
  +--> ?PR?COM_BAUDRATE?UART

?PR?INICIA_BOARD?MAIN                            -----    -----      -----    -----      -----    -----
  +--> ?PR?COND_INI_TIBBO?TIBBO
  +--> ?PR?COND_INI_CLOCK?CLOCK
  +--> ?PR?COND_INI_PTO?PTO_PARALELO

?PR?_TX_AUX?TIBBO                                -----    -----      -----    -----      -----    -----
  +--> ?PR?TIME_BIT?TIBBO

?PR?MENU?PROG                                    -----    -----      -----    -----      0002H    0045H
  +--> ?CO?PROG
  +--> ?PR?PRINTF?PRINTF
  +--> ?PR?_RD_EEPROM?EEPROM
  +--> ?PR?FIRST_CLAVE?PROG
  +--> ?PR?_WR_EEPROM?EEPROM
  +--> ?PR?_LEERMEMORIA?EEPROM
  +--> ?PR?_HASH_ID?PROG
  +--> ?PR?_INGRESADATO?PROG
  +--> ?PR?_GETCMD?PROG
  +--> ?PR?_ESCRIBIRMEMORIA?EEPROM
  +--> ?PR?_VALIDARCLAVE?PROG
  +--> ?PR?DISPLAYCURSOR?PROG
  +--> ?PR?_STRLEN?STRLEN
  +--> ?PR?_GETOPTION?PROG
  +--> ?PR?_STRCAT?STRCAT
  +--> ?PR?_LISTACOMANDOS?PROG
  +--> ?PR?PROG_ID_CLIENTE?PROG
  +--> ?PR?PROG_COD_PARK?PROG
  +--> ?PR?PROG_TIEMPO_GRACIA?PROG
  +--> ?PR?PROG_SIN_COBRO?PROG
  +--> ?PR?PROG_DEBUG?PROG
  +--> ?PR?PROG_USE_LPR?PROG
  +--> ?PR?TIPO_PANTALLA?PROG
  +--> ?PR?PROG_TARJETA_AUTOMATICA_O_BOTON?PROG
  +--> ?PR?PROG_ANTIPASSBACK?PROG
  +--> ?PR?PROG_PLACA?PROG
  +--> ?PR?PROG_ADDRESS_HIGH_BOARD?PROG
  +--> ?PR?PROG_HORARIOS?PROG
  +--> ?PR?PROG_VALIDAR_TIPO_VEHICULO_MENSUA...
  +--> ?PR?PROG_APB_MENSUAL?PROG
  +--> ?PR?SHOW?PROG
  +--> ?PR?PROG_FECHA_VENCIMIENTO?PROG

BL51 BANKED LINKER/LOCATER V6.22.2.0                                                  07/29/2020  18:03:03  PAGE 8


?PR?PRINTF?PRINTF                                0020H.0  0001H.1    0008H    0005H      0076H    0030H
  +--> ?PR?_PUTCHAR?MAIN

?PR?_PUTCHAR?MAIN                                -----    -----      -----    -----      00A6H    0003H
  +--> ?PR?_COM_PUTCHAR?UART

?PR?_COM_PUTCHAR?UART                            -----    -----      -----    -----      00A9H    0001H
  +--> ?PR?COM_TBUFLEN?UART

?PR?_RD_EEPROM?EEPROM                            -----    -----      -----    -----      -----    -----
  +--> ?PR?START?EEPROM
  +--> ?PR?ACK_LECT?EEPROM
  +--> ?PR?_E_D_M?EEPROM
  +--> ?PR?ACKD?EEPROM
  +--> ?PR?L_D_M?EEPROM
  +--> ?PR?STOP?EEPROM

?PR?ACK_LECT?EEPROM                              -----    -----      -----    -----      -----    -----
  +--> ?PR?_E_D_M?EEPROM

?PR?_E_D_M?EEPROM                                -----    -----      -----    -----      -----    -----
  +--> ?PR?P_ME?EEPROM

?PR?ACKD?EEPROM                                  -----    -----      -----    -----      -----    -----
  +--> ?PR?_E_D_M?EEPROM

?PR?FIRST_CLAVE?PROG                             -----    -----      -----    -----      0047H    000BH
  +--> ?PR?_BLOCK_READ_CLOCK_ASCII?CLOCK
  +--> ?PR?_HASH_ID?PROG
  +--> ?PR?_ESCRIBIRMEMORIA?EEPROM

?PR?_BLOCK_READ_CLOCK_ASCII?CLOCK                -----    -----      -----    -----      0052H    0003H
  +--> ?PR?_LEE_CLK?CLOCK

?PR?_LEE_CLK?CLOCK                               -----    -----      -----    -----      00B2H    0003H
  +--> ?PR?_DELAY_20US?DELAY
  +--> ?PR?_EB_CLK?CLOCK
  +--> ?PR?P_CK?CLOCK

?PR?_EB_CLK?CLOCK                                -----    -----      -----    -----      00B5H    0003H
  +--> ?PR?P_CK?CLOCK

?PR?P_CK?CLOCK                                   -----    -----      -----    -----      -----    -----
  +--> ?PR?DELAY?DELAY

?PR?_HASH_ID?PROG                                -----    -----      -----    -----      005EH    003FH
  +--> ?CO?PROG
  +--> ?PR?_LEERMEMORIA?EEPROM
  +--> ?PR?_CHECK_FECHAOUT?CLOCK
  +--> ?PR?_STRLEN?STRLEN

?PR?_LEERMEMORIA?EEPROM                          -----    -----      -----    -----      009DH    0005H
  +--> ?PR?_RD_EEPROM?EEPROM

?PR?_CHECK_FECHAOUT?CLOCK                        -----    -----      -----    -----      009DH    0012H
  +--> ?PR?_BLOCK_READ_CLOCK_HEX?CLOCK

BL51 BANKED LINKER/LOCATER V6.22.2.0                                                  07/29/2020  18:03:03  PAGE 9


?PR?_BLOCK_READ_CLOCK_HEX?CLOCK                  -----    -----      -----    -----      00AFH    0003H
  +--> ?PR?_LEE_CLK?CLOCK
  +--> ?PR?_BCD_HEX?CLOCK

?PR?_ESCRIBIRMEMORIA?EEPROM                      -----    -----      -----    -----      005EH    0005H
  +--> ?PR?_WR_EEPROM?EEPROM

?PR?_WR_EEPROM?EEPROM                            -----    -----      -----    -----      -----    -----
  +--> ?PR?START?EEPROM
  +--> ?PR?ACKD?EEPROM
  +--> ?PR?_E_D_M?EEPROM
  +--> ?PR?STOP?EEPROM
  +--> ?PR?_DELAY_1MS?DELAY
  +--> ?PR?_DELAY_20US?DELAY

?PR?_DELAY_1MS?DELAY                             -----    -----      -----    -----      -----    -----
  +--> ?PR?_DELAY_20US?DELAY

?PR?_INGRESADATO?PROG                            -----    -----      -----    -----      0072H    0004H
  +--> ?PR?_GETKEY?MAIN
  +--> ?CO?PROG
  +--> ?PR?PRINTF?PRINTF
  +--> ?PR?_PUTCHAR?MAIN

?PR?_GETKEY?MAIN                                 -----    -----      -----    -----      -----    -----
  +--> ?PR?COM_GETCHAR?UART

?PR?COM_GETCHAR?UART                             -----    -----      -----    -----      -----    -----
  +--> ?PR?COM_RBUFLEN?UART

?PR?_GETCMD?PROG                                 -----    -----      -----    -----      005EH    0007H
  +--> ?CO?PROG
  +--> ?PR?_STRTOK?STRTOK

?PR?_STRTOK?STRTOK                               -----    -----      -----    -----      0065H    0006H
  +--> ?PR?_STRSPN?STRSPN
  +--> ?PR?_STRPBRK?STRPBRK

?PR?_STRSPN?STRSPN                               -----    -----      -----    -----      006BH    0008H

?PR?_STRPBRK?STRPBRK                             -----    -----      -----    -----      006BH    0009H

?PR?_VALIDARCLAVE?PROG                           -----    -----      -----    -----      005EH    000EH

?PR?DISPLAYCURSOR?PROG                           -----    -----      -----    -----      -----    -----
  +--> ?CO?PROG
  +--> ?PR?PRINTF?PRINTF

?PR?_GETOPTION?PROG                              -----    -----      -----    -----      0047H    000BH
  +--> ?CO?PROG
  +--> ?PR?_STRTOK?STRTOK

?PR?_STRCAT?STRCAT                               -----    -----      -----    -----      0047H    0009H

?PR?_LISTACOMANDOS?PROG                          -----    -----      -----    -----      0047H    0007H

?PR?PROG_ID_CLIENTE?PROG                         -----    -----      -----    -----      0047H    000CH
BL51 BANKED LINKER/LOCATER V6.22.2.0                                                  07/29/2020  18:03:03  PAGE 10


  +--> ?PR?_RD_EEPROM?EEPROM
  +--> ?CO?PROG
  +--> ?PR?PRINTF?PRINTF
  +--> ?PR?_INGRESADATO?PROG
  +--> ?PR?_ATOI?ATOI
  +--> ?PR?_WR_EEPROM?EEPROM

?PR?_ATOI?ATOI                                   0020H.0  0000H.1    -----    -----      0072H    0005H
  +--> ?PR?_ISSPACE?ISSPACE
  +--> ?PR?_ISDIGIT?ISDIGIT

?PR?PROG_COD_PARK?PROG                           -----    -----      -----    -----      0047H    000CH
  +--> ?PR?_RD_EEPROM?EEPROM
  +--> ?CO?PROG
  +--> ?PR?PRINTF?PRINTF
  +--> ?PR?_INGRESADATO?PROG
  +--> ?PR?_ATOI?ATOI
  +--> ?PR?_WR_EEPROM?EEPROM

?PR?PROG_TIEMPO_GRACIA?PROG                      -----    -----      -----    -----      0047H    000CH
  +--> ?PR?_RD_EEPROM?EEPROM
  +--> ?CO?PROG
  +--> ?PR?PRINTF?PRINTF
  +--> ?PR?_INGRESADATO?PROG
  +--> ?PR?_ATOI?ATOI
  +--> ?PR?_WR_EEPROM?EEPROM

?PR?PROG_SIN_COBRO?PROG                          -----    -----      -----    -----      0047H    000CH
  +--> ?PR?_RD_EEPROM?EEPROM
  +--> ?CO?PROG
  +--> ?PR?PRINTF?PRINTF
  +--> ?PR?_INGRESADATO?PROG
  +--> ?PR?_ATOI?ATOI
  +--> ?PR?_WR_EEPROM?EEPROM

?PR?PROG_DEBUG?PROG                              -----    -----      -----    -----      0047H    000CH
  +--> ?PR?_RD_EEPROM?EEPROM
  +--> ?CO?PROG
  +--> ?PR?PRINTF?PRINTF
  +--> ?PR?_INGRESADATO?PROG
  +--> ?PR?_ATOI?ATOI
  +--> ?PR?_WR_EEPROM?EEPROM

?PR?PROG_USE_LPR?PROG                            -----    -----      -----    -----      0047H    000CH
  +--> ?PR?_RD_EEPROM?EEPROM
  +--> ?CO?PROG
  +--> ?PR?PRINTF?PRINTF
  +--> ?PR?_INGRESADATO?PROG
  +--> ?PR?_ATOI?ATOI
  +--> ?PR?_WR_EEPROM?EEPROM

?PR?TIPO_PANTALLA?PROG                           -----    -----      -----    -----      0047H    000CH
  +--> ?PR?_RD_EEPROM?EEPROM
  +--> ?CO?PROG
  +--> ?PR?PRINTF?PRINTF
  +--> ?PR?_INGRESADATO?PROG
  +--> ?PR?_ATOI?ATOI
BL51 BANKED LINKER/LOCATER V6.22.2.0                                                  07/29/2020  18:03:03  PAGE 11


  +--> ?PR?_WR_EEPROM?EEPROM

?PR?PROG_TARJETA_AUTOMATICA_O_BOTON?PROG         -----    -----      -----    -----      0047H    000CH
  +--> ?PR?_RD_EEPROM?EEPROM
  +--> ?CO?PROG
  +--> ?PR?PRINTF?PRINTF
  +--> ?PR?_INGRESADATO?PROG
  +--> ?PR?_ATOI?ATOI
  +--> ?PR?_WR_EEPROM?EEPROM

?PR?PROG_ANTIPASSBACK?PROG                       -----    -----      -----    -----      0047H    000CH
  +--> ?PR?_RD_EEPROM?EEPROM
  +--> ?CO?PROG
  +--> ?PR?PRINTF?PRINTF
  +--> ?PR?_INGRESADATO?PROG
  +--> ?PR?_ATOI?ATOI
  +--> ?PR?_WR_EEPROM?EEPROM

?PR?PROG_PLACA?PROG                              -----    -----      -----    -----      0047H    000CH
  +--> ?PR?_RD_EEPROM?EEPROM
  +--> ?CO?PROG
  +--> ?PR?PRINTF?PRINTF
  +--> ?PR?_INGRESADATO?PROG
  +--> ?PR?_ATOI?ATOI
  +--> ?PR?_WR_EEPROM?EEPROM

?PR?PROG_ADDRESS_HIGH_BOARD?PROG                 -----    -----      -----    -----      0047H    000CH
  +--> ?PR?_RD_EEPROM?EEPROM
  +--> ?CO?PROG
  +--> ?PR?PRINTF?PRINTF
  +--> ?PR?_INGRESADATO?PROG
  +--> ?PR?_ATOI?ATOI
  +--> ?PR?_WR_EEPROM?EEPROM

?PR?PROG_HORARIOS?PROG                           -----    -----      -----    -----      0047H    001BH
  +--> ?PR?ADDR_HORARIOS?PROG
  +--> ?CO?PROG
  +--> ?PR?PRINTF?PRINTF
  +--> ?PR?_INGRESADATO?PROG
  +--> ?PR?_ATOI?ATOI
  +--> ?PR?_PROG_HORARIOS_ON_OFF?PROG
  +--> ?PR?_WR_EEPROM?EEPROM
  +--> ?PR?_PROG_HORARIO_DIAS?PROG
  +--> ?PR?_PROG_HORARIO_DESDE_HASTA?PROG
  +--> ?PR?_RD_EEPROM?EEPROM

?PR?ADDR_HORARIOS?PROG                           -----    -----      -----    -----      0062H    000BH

?PR?_PROG_HORARIOS_ON_OFF?PROG                   -----    -----      -----    -----      0062H    0010H
  +--> ?PR?_RD_EEPROM?EEPROM
  +--> ?CO?PROG
  +--> ?PR?PRINTF?PRINTF
  +--> ?PR?_INGRESADATO?PROG
  +--> ?PR?_ATOI?ATOI
  +--> ?PR?_WR_EEPROM?EEPROM

?PR?_PROG_HORARIO_DIAS?PROG                      -----    -----      -----    -----      0062H    000FH
BL51 BANKED LINKER/LOCATER V6.22.2.0                                                  07/29/2020  18:03:03  PAGE 12


  +--> ?CO?PROG
  +--> ?PR?PRINTF?PRINTF
  +--> ?PR?_INGRESADATO?PROG
  +--> ?PR?_WR_EEPROM?EEPROM
  +--> ?PR?_RD_EEPROM?EEPROM

?PR?_PROG_HORARIO_DESDE_HASTA?PROG               -----    -----      -----    -----      0062H    000CH
  +--> ?CO?PROG
  +--> ?PR?PRINTF?PRINTF
  +--> ?PR?_INGRESADATO?PROG
  +--> ?PR?_WR_EEPROM?EEPROM
  +--> ?PR?_RD_EEPROM?EEPROM

?PR?PROG_VALIDAR_TIPO_VEHICULO_MENSUA...         -----    -----      -----    -----      0047H    000CH
  +--> ?PR?_RD_EEPROM?EEPROM
  +--> ?CO?PROG
  +--> ?PR?PRINTF?PRINTF
  +--> ?PR?_INGRESADATO?PROG
  +--> ?PR?_ATOI?ATOI
  +--> ?PR?_WR_EEPROM?EEPROM

?PR?PROG_APB_MENSUAL?PROG                        -----    -----      -----    -----      0047H    000CH
  +--> ?PR?_RD_EEPROM?EEPROM
  +--> ?CO?PROG
  +--> ?PR?PRINTF?PRINTF
  +--> ?PR?_INGRESADATO?PROG
  +--> ?PR?_ATOI?ATOI
  +--> ?PR?_WR_EEPROM?EEPROM

?PR?SHOW?PROG                                    -----    -----      -----    -----      -----    -----
  +--> ?CO?PROG
  +--> ?PR?PRINTF?PRINTF

?PR?PROG_FECHA_VENCIMIENTO?PROG                  -----    -----      -----    -----      0047H    0017H
  +--> ?PR?_LEERMEMORIA?EEPROM
  +--> ?PR?_HEX_ASCII?CLOCK
  +--> ?CO?PROG
  +--> ?PR?PRINTF?PRINTF
  +--> ?PR?_HASH_ID?PROG
  +--> ?PR?_INGRESADATO?PROG
  +--> ?PR?_GETCMD?PROG
  +--> ?PR?_ESCRIBIRMEMORIA?EEPROM
  +--> ?PR?_VALIDARCLAVE?PROG
  +--> ?PR?_ATOI?ATOI
  +--> ?PR?_WR_EEPROM?EEPROM

?PR?_HEX_ASCII?CLOCK                             -----    -----      -----    -----      005EH    0006H
  +--> ?PR?_HEX_BCD?CLOCK

?PR?VARIABLE_INICIO?MAIN                         -----    -----      -----    -----      -----    -----
  +--> ?PR?_RD_EEPROM?EEPROM

?PR?SECUENCIA_INICIO_EXPEDIDOR?VERIFI...         -----    -----      -----    -----      0002H    0001H
  +--> ?PR?_INICIALIZA?LINTECH
  +--> ?PR?TRAMA_VALIDACION_P_N?VERIFICADOR
  +--> ?CO?VERIFICADOR
  +--> ?PR?_DEBUG_TXT_TIBBO?TIBBO
BL51 BANKED LINKER/LOCATER V6.22.2.0                                                  07/29/2020  18:03:03  PAGE 13


  +--> ?PR?_DEBUGBUFFERMF?TIBBO
  +--> ?PR?DWLOAD_EEPROM?LINTECH

?PR?_INICIALIZA?LINTECH                          -----    -----      -----    -----      0003H    000CH
  +--> ?CO?LINTECH
  +--> ?PR?_DEBUG_TXT_TIBBO?TIBBO
  +--> ?PR?_DEBUGBUFFERMF?TIBBO
  +--> ?PR?_ESCRIBIRCADENASOFT_BUFFER?MAIN

?PR?_DEBUG_TXT_TIBBO?TIBBO                       -----    -----      -----    -----      0038H    0004H
  +--> ?PR?_DEBUG_CHR_TIBBO?TIBBO
  +--> ?CO?TIBBO
  +--> ?PR?_TX_AUX?TIBBO

?PR?_DEBUG_CHR_TIBBO?TIBBO                       -----    -----      -----    -----      -----    -----
  +--> ?PR?_TX_AUX?TIBBO

?PR?_DEBUGBUFFERMF?TIBBO                         -----    -----      -----    -----      0028H    0006H
  +--> ?CO?TIBBO
  +--> ?PR?_DEBUG_TXT_TIBBO?TIBBO
  +--> ?PR?_DEBUG_CHR_TIBBO?TIBBO
  +--> ?PR?_TX_AUX?TIBBO

?PR?_ESCRIBIRCADENASOFT_BUFFER?MAIN              -----    -----      -----    -----      0028H    0006H
  +--> ?PR?_PUTCHAR?MAIN

?PR?TRAMA_VALIDACION_P_N?VERIFICADOR             -----    -----      -----    -----      -----    -----
  +--> ?CO?VERIFICADOR
  +--> ?PR?_DEBUG_TXT_TIBBO?TIBBO

?PR?DWLOAD_EEPROM?LINTECH                        -----    -----      -----    -----      0003H    0016H
  +--> ?CO?LINTECH
  +--> ?PR?_DEBUG_TXT_TIBBO?TIBBO
  +--> ?PR?_DEBUGBUFFERMF?TIBBO
  +--> ?PR?_ESCRIBIRCADENASOFT_BUFFER?MAIN

?PR?RX_MONITOR?MONITOR                           -----    -----      -----    -----      0008H    000DH
  +--> ?PR?_RECIBE_CMD_MONITOR?MONITOR
  +--> ?PR?_DEBUG_MONITOR?TIBBO
  +--> ?PR?_VALIDA_TRAMA_MONITOR?MONITOR

?PR?_RECIBE_CMD_MONITOR?MONITOR                  -----    -----      -----    -----      0015H    0009H
  +--> ?PR?RX_DATA?TIBBO

?PR?RX_DATA?TIBBO                                -----    -----      -----    -----      -----    -----
  +--> ?PR?TIME_MBIT?TIBBO
  +--> ?PR?TIME_BIT?TIBBO

?PR?_DEBUG_MONITOR?TIBBO                         -----    -----      -----    -----      0015H    0004H
  +--> ?PR?DEBUG_DIVIDIR_TEXTO?TIBBO
  +--> ?CO?TIBBO
  +--> ?PR?_DEBUG_TXT_TIBBO?TIBBO

?PR?DEBUG_DIVIDIR_TEXTO?TIBBO                    -----    -----      -----    -----      -----    -----
  +--> ?CO?TIBBO
  +--> ?PR?_DEBUG_TXT_TIBBO?TIBBO

BL51 BANKED LINKER/LOCATER V6.22.2.0                                                  07/29/2020  18:03:03  PAGE 14


?PR?_VALIDA_TRAMA_MONITOR?MONITOR                -----    -----      -----    -----      0015H    0003H

?PR?_SECUENCIAEXPEDIDORMF?VERIFICADOR            -----    -----      -----    -----      0002H    0001H
  +--> ?PR?_CHECK_STATUS?LINTECH
  +--> ?PR?_LOAD_SECUENCIA_EXPEDIDOR?VERIFIC...
  +--> ?PR?_RTA_CMD_TRANSPORTE?VERIFICADOR
  +--> ?PR?RESPONDE_ESTADO_SENSORES_TRANSPOR...
  +--> ?PR?RESPONDE_TIPO_TARJETA?VERIFICADOR
  +--> ?PR?_RESPONDE_LECTURA_TARJETA_SECTOR1...
  +--> ?PR?_RESPONDE_LECTURA_TARJETA_SECTOR1...
  +--> ?PR?_RESPONDE_LECTURA_TARJETA_SECTOR1...
  +--> ?PR?_RESPONDE_WRITE_TARJETA_SECTOR1_B...
  +--> ?PR?_RESPONDE_WRITE_TARJETA_SECTOR2_B...
  +--> ?PR?_RESPONDE_WRITE_TARJETA_SECTOR1_B...
  +--> ?PR?_DISPARO_LOCK_ENTRADA_VEHICULO?VE...
  +--> ?PR?_RESPUESTA_SEGUNDA_CLAVE?VERIFICADOR
  +--> ?PR?ANALIZA_PRESENCIA_MENSUAL?VERIFIC...
  +--> ?PR?_ANALIZA_UID_CARD?VERIFICADOR
  +--> ?CO?VERIFICADOR
  +--> ?PR?_DEBUG_TXT_TIBBO?TIBBO
  +--> ?PR?_MOV_CARD?LINTECH
  +--> ?PR?_CARD_INSERCION?LINTECH
  +--> ?PR?AUT_CARD_CHECK_STATUS?LINTECH
  +--> ?PR?LOADVERIFY_EEPROM?LINTECH
  +--> ?PR?_RD_MF?LINTECH
  +--> ?PR?_WR_MF?LINTECH
  +--> ?PR?DWLOAD_EEPROM?LINTECH
  +--> ?PR?ENTREGA_CARD_CAPTURA?VERIFICADOR
  +--> ?PR?_SEND_PTO_PARALELO?VERIFICADOR
  +--> ?PR?_WAIT_PLACA?VERIFICADOR
  +--> ?PR?UNIQUE_IDENTIFIER_UID?LINTECH
  +--> ?PR?_PREGUNTA_LPR?VERIFICADOR
  +--> ?PR?_VALIDA_TIPO_TARJETA?VERIFICADOR
  +--> ?PR?ANALIZA_PRESENCIA_ROTACION?VERIFI...
  +--> ?PR?POWER_OFF?LINTECH

?PR?_CHECK_STATUS?LINTECH                        -----    -----      -----    -----      0003H    000BH
  +--> ?CO?LINTECH
  +--> ?PR?_DEBUG_TXT_TIBBO?TIBBO
  +--> ?PR?_DEBUGBUFFERMF?TIBBO
  +--> ?PR?_ESCRIBIRCADENASOFT_BUFFER?MAIN

?PR?_LOAD_SECUENCIA_EXPEDIDOR?VERIFIC...         -----    -----      -----    -----      0008H    0009H

?PR?_RTA_CMD_TRANSPORTE?VERIFICADOR              -----    -----      -----    -----      0003H    0005H
  +--> ?PR?TRAMA_VALIDACION_P_N?VERIFICADOR
  +--> ?CO?VERIFICADOR
  +--> ?PR?_DEBUG_TXT_TIBBO?TIBBO
  +--> ?PR?_DEBUGBUFFERMF?TIBBO
  +--> ?PR?ERROR_RX_PTO?VERIFICADOR

?PR?ERROR_RX_PTO?VERIFICADOR                     -----    -----      -----    -----      0008H    0001H
  +--> ?CO?VERIFICADOR
  +--> ?PR?_DEBUG_TXT_TIBBO?TIBBO
  +--> ?PR?_DEBUG_CHR_TIBBO?TIBBO
  +--> ?PR?_DELAY_10MS?DELAY

BL51 BANKED LINKER/LOCATER V6.22.2.0                                                  07/29/2020  18:03:03  PAGE 15


?PR?_DELAY_10MS?DELAY                            -----    -----      -----    -----      0009H    0004H
  +--> ?PR?_DELAY_1MS?DELAY

?PR?RESPONDE_ESTADO_SENSORES_TRANSPOR...         -----    -----      -----    -----      0003H    0001H
  +--> ?CO?VERIFICADOR
  +--> ?PR?_DEBUG_TXT_TIBBO?TIBBO
  +--> ?PR?_SEND_PORTERR?PTO_PARALELO
  +--> ?PR?INGRESO_VEHICULO?VERIFICADOR

?PR?_SEND_PORTERR?PTO_PARALELO                   -----    -----      -----    -----      002BH    0006H
  +--> ?PR?PULSO_BUS?PTO_PARALELO
  +--> ?PR?_DELAY_20US?DELAY

?PR?PULSO_BUS?PTO_PARALELO                       -----    -----      -----    -----      -----    -----
  +--> ?PR?_DELAY_20US?DELAY

?PR?INGRESO_VEHICULO?VERIFICADOR                 -----    -----      -----    -----      -----    -----
  +--> ?PR?VALIDASENSORESPASO?IO_SENSORES
  +--> ?PR?_RD_EEPROM?EEPROM
  +--> ?CO?VERIFICADOR
  +--> ?PR?_DEBUG_TXT_TIBBO?TIBBO
  +--> ?PR?_PANTALLALCD?PANTALLAS
  +--> ?PR?SEL_PULSA?IO_SENSORES

?PR?VALIDASENSORESPASO?IO_SENSORES               -----    -----      -----    -----      0011H    0001H
  +--> ?PR?SEL_SENSOR2?IO_SENSORES
  +--> ?PR?VALIDASENSOR?IO_SENSORES
  +--> ?PR?VALIDA_SENSOR1_AUTO?IO_SENSORES
  +--> ?CO?IO_SENSORES
  +--> ?PR?_DEBUG_TXT_TIBBO?TIBBO

?PR?VALIDA_SENSOR1_AUTO?IO_SENSORES              -----    -----      -----    -----      0012H    0001H
  +--> ?PR?SEL_SENSOR1?IO_SENSORES
  +--> ?PR?SEL_AUTO?IO_SENSORES
  +--> ?CO?IO_SENSORES
  +--> ?PR?_DEBUG_TXT_TIBBO?TIBBO

?PR?_PANTALLALCD?PANTALLAS                       -----    -----      -----    -----      002BH    0008H
  +--> ?CO?PANTALLAS
  +--> ?PR?_LCD_TXT?PANTALLAS
  +--> ?PR?_STRLEN?STRLEN
  +--> ?PR?_TX_CHRLCD?PANTALLAS
  +--> ?PR?RASPBERRY_DATA1?PANTALLAS

?PR?_LCD_TXT?PANTALLAS                           -----    -----      -----    -----      0033H    0005H
  +--> ?PR?_TX_CHRLCD?PANTALLAS

?PR?_TX_CHRLCD?PANTALLAS                         -----    -----      -----    -----      0038H    0002H
  +--> ?PR?_PUTCHAR?MAIN

?PR?RASPBERRY_DATA1?PANTALLAS                    -----    -----      -----    -----      0033H    0003H
  +--> ?PR?_STRLEN?STRLEN
  +--> ?PR?_PUTCHAR?MAIN

?PR?RESPONDE_TIPO_TARJETA?VERIFICADOR            -----    -----      -----    -----      0003H    0001H
  +--> ?CO?VERIFICADOR
  +--> ?PR?_DEBUG_TXT_TIBBO?TIBBO
BL51 BANKED LINKER/LOCATER V6.22.2.0                                                  07/29/2020  18:03:03  PAGE 16


  +--> ?PR?_SEND_PORTERR?PTO_PARALELO
  +--> ?PR?_PANTALLALCD?PANTALLAS
  +--> ?PR?CAPTURA_EXPULSA?VERIFICADOR

?PR?_RESPONDE_LECTURA_TARJETA_SECTOR1...         -----    -----      -----    -----      0003H    0016H
  +--> ?CO?VERIFICADOR
  +--> ?PR?_DEBUG_TXT_TIBBO?TIBBO
  +--> ?PR?_DEBUGBUFFERMF?TIBBO
  +--> ?PR?_RD_EEPROM?EEPROM
  +--> ?PR?_DEBUG_HEXDEC?TIBBO
  +--> ?PR?_DEBUG_CHR_TIBBO?TIBBO
  +--> ?PR?_SEND_PORTERR?PTO_PARALELO
  +--> ?PR?_PANTALLALCD?PANTALLAS
  +--> ?PR?CAPTURA_EXPULSA?VERIFICADOR

?PR?_DEBUG_HEXDEC?TIBBO                          -----    -----      -----    -----      0019H    0002H
  +--> ?PR?_TX_AUX?TIBBO

?PR?_RESPONDE_LECTURA_TARJETA_SECTOR1...         -----    -----      -----    -----      0003H    0004H
  +--> ?CO?VERIFICADOR
  +--> ?PR?_DEBUG_TXT_TIBBO?TIBBO
  +--> ?PR?CAPTURA_EXPULSA?VERIFICADOR

?PR?_RESPONDE_LECTURA_TARJETA_SECTOR1...         -----    -----      -----    -----      0003H    0015H
  +--> ?CO?VERIFICADOR
  +--> ?PR?_DEBUG_TXT_TIBBO?TIBBO
  +--> ?PR?_DEBUGBUFFERMF?TIBBO
  +--> ?PR?_DEBUG_CHR_TIBBO?TIBBO
  +--> ?PR?CAPTURA_EXPULSA?VERIFICADOR

?PR?_RESPONDE_WRITE_TARJETA_SECTOR1_B...         -----    -----      -----    -----      0003H    0007H
  +--> ?CO?VERIFICADOR
  +--> ?PR?_DEBUG_TXT_TIBBO?TIBBO
  +--> ?PR?_DEBUGBUFFERMF?TIBBO
  +--> ?PR?_ARMAR_TRAMA_TARJETA_SECTOR1_BLOQ...

?PR?_ARMAR_TRAMA_TARJETA_SECTOR1_BLOQ...         -----    -----      -----    -----      000AH    0003H
  +--> ?PR?LEE_NO_TICKET?EEPROM

?PR?LEE_NO_TICKET?EEPROM                         -----    -----      -----    -----      001CH    000BH
  +--> ?PR?READ_EEPROM_TICKET?EEPROM
  +--> ?CO?EEPROM
  +--> ?PR?PRINTF?PRINTF
  +--> ?PR?_STRLEN?STRLEN
  +--> ?PR?_DEBUG_TXT_TIBBO?TIBBO

?PR?READ_EEPROM_TICKET?EEPROM                    -----    -----      -----    -----      0027H    0007H
  +--> ?PR?_RD_EEPROM?EEPROM

?PR?_RESPONDE_WRITE_TARJETA_SECTOR2_B...         -----    -----      -----    -----      0003H    0003H
  +--> ?CO?VERIFICADOR
  +--> ?PR?_DEBUG_TXT_TIBBO?TIBBO
  +--> ?PR?_DEBUGBUFFERMF?TIBBO

?PR?_RESPONDE_WRITE_TARJETA_SECTOR1_B...         -----    -----      -----    -----      0003H    0003H
  +--> ?CO?VERIFICADOR
  +--> ?PR?_DEBUG_TXT_TIBBO?TIBBO
BL51 BANKED LINKER/LOCATER V6.22.2.0                                                  07/29/2020  18:03:03  PAGE 17


  +--> ?PR?_DEBUGBUFFERMF?TIBBO

?PR?_DISPARO_LOCK_ENTRADA_VEHICULO?VE...         -----    -----      -----    -----      0003H    0004H
  +--> ?CO?VERIFICADOR
  +--> ?PR?_DEBUG_TXT_TIBBO?TIBBO
  +--> ?PR?_PANTALLALCD?PANTALLAS
  +--> ?PR?_SEND_PORTERR?PTO_PARALELO
  +--> ?PR?_PANTALLALCD_LINEA_2?PANTALLAS
  +--> ?PR?VALIDA_SENSOR1_AUTO?IO_SENSORES

?PR?_PANTALLALCD_LINEA_2?PANTALLAS               -----    -----      -----    -----      0011H    000BH
  +--> ?CO?PANTALLAS
  +--> ?PR?_LCD_TXT?PANTALLAS
  +--> ?PR?_STRLEN?STRLEN
  +--> ?PR?_TX_CHRLCD?PANTALLAS
  +--> ?PR?RASPBERRY_DATA1?PANTALLAS
  +--> ?PR?LEE_NO_TICKET?EEPROM
  +--> ?PR?_STRCAT?STRCAT

?PR?_RESPUESTA_SEGUNDA_CLAVE?VERIFICADOR         -----    -----      -----    -----      0003H    0006H
  +--> ?CO?VERIFICADOR
  +--> ?PR?_DEBUG_TXT_TIBBO?TIBBO
  +--> ?PR?_DEBUGBUFFERMF?TIBBO
  +--> ?PR?_ARMAR_TRAMA_PLACA?VERIFICADOR

?PR?_ARMAR_TRAMA_PLACA?VERIFICADOR               -----    -----      -----    -----      0009H    0003H

?PR?ANALIZA_PRESENCIA_MENSUAL?VERIFIC...         -----    -----      -----    -----      0003H    0001H
  +--> ?PR?VALIDASENSORESPASO?IO_SENSORES
  +--> ?PR?_SEND_PORTERR?PTO_PARALELO
  +--> ?PR?_PANTALLALCD?PANTALLAS

?PR?_ANALIZA_UID_CARD?VERIFICADOR                -----    -----      -----    -----      0003H    0015H
  +--> ?CO?VERIFICADOR
  +--> ?PR?_DEBUG_TXT_TIBBO?TIBBO
  +--> ?PR?_DEBUGBUFFERMF?TIBBO
  +--> ?PR?_DEBUG_CHR_TIBBO?TIBBO

?PR?_MOV_CARD?LINTECH                            -----    -----      -----    -----      0003H    000CH
  +--> ?CO?LINTECH
  +--> ?PR?_DEBUG_TXT_TIBBO?TIBBO
  +--> ?PR?_DEBUGBUFFERMF?TIBBO
  +--> ?PR?_ESCRIBIRCADENASOFT_BUFFER?MAIN

?PR?_CARD_INSERCION?LINTECH                      -----    -----      -----    -----      0003H    000AH
  +--> ?CO?LINTECH
  +--> ?PR?_DEBUG_TXT_TIBBO?TIBBO
  +--> ?PR?_DEBUGBUFFERMF?TIBBO
  +--> ?PR?_ESCRIBIRCADENASOFT_BUFFER?MAIN

?PR?AUT_CARD_CHECK_STATUS?LINTECH                -----    -----      -----    -----      0003H    000BH
  +--> ?CO?LINTECH
  +--> ?PR?_DEBUG_TXT_TIBBO?TIBBO
  +--> ?PR?_DEBUGBUFFERMF?TIBBO
  +--> ?PR?_ESCRIBIRCADENASOFT_BUFFER?MAIN

?PR?LOADVERIFY_EEPROM?LINTECH                    -----    -----      -----    -----      0003H    0010H
BL51 BANKED LINKER/LOCATER V6.22.2.0                                                  07/29/2020  18:03:03  PAGE 18


  +--> ?CO?LINTECH
  +--> ?PR?_DEBUG_TXT_TIBBO?TIBBO
  +--> ?PR?_DEBUGBUFFERMF?TIBBO
  +--> ?PR?_ESCRIBIRCADENASOFT_BUFFER?MAIN

?PR?_RD_MF?LINTECH                               -----    -----      -----    -----      0003H    0012H
  +--> ?CO?LINTECH
  +--> ?PR?_DEBUG_TXT_TIBBO?TIBBO
  +--> ?PR?_DEBUG_CHR_TIBBO?TIBBO
  +--> ?PR?_DEBUGBUFFERMF?TIBBO
  +--> ?PR?_ESCRIBIRCADENASOFT_BUFFER?MAIN

?PR?_WR_MF?LINTECH                               -----    -----      -----    -----      0003H    0025H
  +--> ?CO?LINTECH
  +--> ?PR?_DEBUG_TXT_TIBBO?TIBBO
  +--> ?PR?_DEBUG_CHR_TIBBO?TIBBO
  +--> ?PR?_DEBUGBUFFERMF?TIBBO
  +--> ?PR?_ESCRIBIRCADENASOFT_BUFFER?MAIN

?PR?ENTREGA_CARD_CAPTURA?VERIFICADOR             -----    -----      -----    -----      0003H    0001H
  +--> ?CO?VERIFICADOR
  +--> ?PR?_DEBUG_TXT_TIBBO?TIBBO
  +--> ?PR?SEL_SENSOR2?IO_SENSORES
  +--> ?PR?VALIDASENSOR?IO_SENSORES
  +--> ?PR?VALIDA_SENSOR1_AUTO?IO_SENSORES

?PR?_SEND_PTO_PARALELO?VERIFICADOR               -----    -----      -----    -----      0003H    0003H
  +--> ?PR?_ARMAR_TRAMA_PTO_PARALELO_EXPEDID...
  +--> ?PR?ARMAR_TRAMA_PTO_PARALELO_EXPEDIDO...
  +--> ?PR?INCREMENTE_TICKET?EEPROM
  +--> ?PR?_STRLEN?STRLEN
  +--> ?PR?_SEND_PORT?PTO_PARALELO
  +--> ?CO?VERIFICADOR
  +--> ?PR?_DEBUG_TXT_TIBBO?TIBBO
  +--> ?PR?_DEBUGBUFFERMF?TIBBO
  +--> ?PR?CLEAR_PLACA?MONITOR

?PR?_ARMAR_TRAMA_PTO_PARALELO_EXPEDID...         -----    -----      -----    -----      0006H    0003H
  +--> ?PR?_BLOCK_READ_CLOCK_HEX?CLOCK
  +--> ?PR?_RD_EEPROM?EEPROM

?PR?ARMAR_TRAMA_PTO_PARALELO_EXPEDIDO...         -----    -----      -----    -----      0006H    000CH
  +--> ?PR?LEE_NO_TICKET?EEPROM
  +--> ?PR?_STRCAT?STRCAT
  +--> ?PR?_STRLEN?STRLEN
  +--> ?PR?_BLOCK_READ_CLOCK_HEX?CLOCK
  +--> ?PR?_RD_EEPROM?EEPROM

?PR?INCREMENTE_TICKET?EEPROM                     -----    -----      -----    -----      0006H    000BH
  +--> ?PR?READ_EEPROM_TICKET?EEPROM
  +--> ?CO?EEPROM
  +--> ?PR?PRINTF?PRINTF
  +--> ?PR?_WRITE_EEPROM_TICKET?EEPROM

?PR?_WRITE_EEPROM_TICKET?EEPROM                  -----    -----      -----    -----      0016H    000BH
  +--> ?CO?EEPROM
  +--> ?PR?_DEBUG_TXT_TIBBO?TIBBO
BL51 BANKED LINKER/LOCATER V6.22.2.0                                                  07/29/2020  18:03:03  PAGE 19


  +--> ?PR?_ATOL?ATOL
  +--> ?PR?_DEBUG_CHR_TIBBO?TIBBO
  +--> ?PR?_WR_EEPROM?EEPROM

?PR?_ATOL?ATOL                                   0020H.0  0000H.1    -----    -----      0021H    0007H
  +--> ?PR?_ISSPACE?ISSPACE
  +--> ?PR?_ISDIGIT?ISDIGIT

?PR?_SEND_PORT?PTO_PARALELO                      -----    -----      -----    -----      0016H    000AH
  +--> ?PR?PULSO_BUS?PTO_PARALELO
  +--> ?PR?_DELAY_20US?DELAY

?PR?_WAIT_PLACA?VERIFICADOR                      -----    -----      -----    -----      0003H    0005H
  +--> ?PR?RX_MONITOR?MONITOR
  +--> ?PR?CLAVE_SEGURIDAD_S2?LINTECH
  +--> ?PR?_LOAD_SECUENCIA_EXPEDIDOR?VERIFIC...

?PR?CLAVE_SEGURIDAD_S2?LINTECH                   -----    -----      -----    -----      0008H    0016H
  +--> ?CO?LINTECH
  +--> ?PR?_DEBUG_TXT_TIBBO?TIBBO
  +--> ?PR?_DEBUGBUFFERMF?TIBBO
  +--> ?PR?_ESCRIBIRCADENASOFT_BUFFER?MAIN

?PR?UNIQUE_IDENTIFIER_UID?LINTECH                -----    -----      -----    -----      0003H    000BH
  +--> ?CO?LINTECH
  +--> ?PR?_DEBUG_TXT_TIBBO?TIBBO
  +--> ?PR?_DEBUGBUFFERMF?TIBBO
  +--> ?PR?_ESCRIBIRCADENASOFT_BUFFER?MAIN

?PR?_PREGUNTA_LPR?VERIFICADOR                    -----    -----      -----    -----      0003H    0004H
  +--> ?PR?_RD_EEPROM?EEPROM
  +--> ?PR?_ARMAR_TRAMA_MONITOR?VERIFICADOR
  +--> ?PR?_DEBUG_TXT_TIBBO?TIBBO

?PR?_ARMAR_TRAMA_MONITOR?VERIFICADOR             -----    -----      -----    -----      0007H    000FH
  +--> ?PR?DIR_BOARD?IO_SENSORES
  +--> ?PR?LEE_NO_TICKET?EEPROM
  +--> ?PR?_STRCAT?STRCAT
  +--> ?PR?_BYTEHEX_DECIMAL?CLOCK
  +--> ?PR?_STRLEN?STRLEN
  +--> ?PR?_TWO_BYTEHEX_DECIMAL?CLOCK
  +--> ?PR?_BLOCK_READ_CLOCK_ASCII?CLOCK

?PR?DIR_BOARD?IO_SENSORES                        -----    -----      -----    -----      0033H    0001H
  +--> ?PR?SEL_DIR1?IO_SENSORES
  +--> ?PR?SEL_DIR2?IO_SENSORES
  +--> ?PR?_RD_EEPROM?EEPROM

?PR?_BYTEHEX_DECIMAL?CLOCK                       -----    -----      -----    -----      0016H    0001H

?PR?_TWO_BYTEHEX_DECIMAL?CLOCK                   -----    -----      -----    -----      0016H    000CH
  +--> ?PR?_POW?POW

?PR?_POW?POW                                     -----    -----      -----    -----      0022H    000AH
  +--> ?PR?LOG?LOG
  +--> ?PR?EXP?EXP

BL51 BANKED LINKER/LOCATER V6.22.2.0                                                  07/29/2020  18:03:03  PAGE 20


?PR?LOG?LOG                                      0020H.0  0000H.1    -----    -----      002CH    0004H

?PR?_VALIDA_TIPO_TARJETA?VERIFICADOR             -----    -----      -----    -----      0003H    0007H
  +--> ?CO?VERIFICADOR
  +--> ?PR?_DEBUG_TXT_TIBBO?TIBBO
  +--> ?PR?_RD_EEPROM?EEPROM
  +--> ?PR?_SEND_PORTERR?PTO_PARALELO
  +--> ?PR?_TARJETA_MENSUAL?VERIFICADOR
  +--> ?PR?_PANTALLALCD?PANTALLAS
  +--> ?PR?CAPTURA_EXPULSA?VERIFICADOR
  +--> ?PR?_TARJETA_ROTACION?VERIFICADOR

?PR?_TARJETA_MENSUAL?VERIFICADOR                 -----    -----      -----    -----      000AH    0007H
  +--> ?PR?_HORARIOS?VERIFICADOR
  +--> ?PR?_CHECK_FECHAOUT?CLOCK
  +--> ?PR?_VALIDA_VEHICULO_CARD_MENSUAL?VER...
  +--> ?PR?CAPTURA_EXPULSA?VERIFICADOR
  +--> ?CO?VERIFICADOR
  +--> ?PR?_DEBUG_TXT_TIBBO?TIBBO
  +--> ?PR?_ARMAR_TRAMA_TARJETA_SECTOR1_BLOQ...
  +--> ?PR?_SEND_PORTERR?PTO_PARALELO
  +--> ?PR?_PANTALLALCD?PANTALLAS

?PR?_HORARIOS?VERIFICADOR                        -----    -----      -----    -----      0011H    0013H
  +--> ?PR?ADDR_HORARIOS?PROG
  +--> ?PR?_RD_EEPROM?EEPROM
  +--> ?PR?_LEE_CLK?CLOCK
  +--> ?CO?VERIFICADOR
  +--> ?PR?_DEBUG_TXT_TIBBO?TIBBO
  +--> ?PR?_DEBUG_CHR_TIBBO?TIBBO
  +--> ?PR?_BLOQUE_HORARIO?VERIFICADOR
  +--> ?PR?_PANTALLALCD?PANTALLAS

?PR?_BLOQUE_HORARIO?VERIFICADOR                  -----    -----      -----    -----      0024H    0007H
  +--> ?CO?VERIFICADOR
  +--> ?PR?_DEBUG_TXT_TIBBO?TIBBO
  +--> ?PR?_LEE_CLK?CLOCK
  +--> ?PR?_DEBUG_CHR_TIBBO?TIBBO
  +--> ?PR?_HORA_MAXIMA?VERIFICADOR
  +--> ?PR?_EN_HORARIO?VERIFICADOR
  +--> ?PR?_RD_EEPROM?EEPROM
  +--> ?PR?_SEND_PORTERR?PTO_PARALELO
  +--> ?PR?_PANTALLALCD?PANTALLAS

?PR?_HORA_MAXIMA?VERIFICADOR                     -----    -----      -----    -----      0030H    0008H
  +--> ?PR?_RD_EEPROM?EEPROM
  +--> ?PR?_DEBUG_CHR_TIBBO?TIBBO
  +--> ?CO?VERIFICADOR
  +--> ?PR?_DEBUG_TXT_TIBBO?TIBBO

?PR?_EN_HORARIO?VERIFICADOR                      -----    -----      -----    -----      002BH    0005H
  +--> ?CO?VERIFICADOR
  +--> ?PR?_DEBUG_TXT_TIBBO?TIBBO
  +--> ?PR?_HORA_MAXIMA?VERIFICADOR

?PR?_VALIDA_VEHICULO_CARD_MENSUAL?VER...         -----    -----      -----    -----      0011H    0004H
  +--> ?CO?VERIFICADOR
BL51 BANKED LINKER/LOCATER V6.22.2.0                                                  07/29/2020  18:03:03  PAGE 21


  +--> ?PR?_DEBUG_TXT_TIBBO?TIBBO
  +--> ?PR?_RD_EEPROM?EEPROM
  +--> ?PR?_SEND_PORTERR?PTO_PARALELO

?PR?_ARMAR_TRAMA_TARJETA_SECTOR1_BLOQ...         -----    -----      -----    -----      0011H    0006H
  +--> ?PR?_BLOCK_READ_CLOCK_HEX?CLOCK
  +--> ?PR?DIR_BOARD?IO_SENSORES

?PR?_TARJETA_ROTACION?VERIFICADOR                -----    -----      -----    -----      000AH    0006H
  +--> ?PR?_ARMAR_TRAMA_TARJETA_SECTOR1_BLOQ...

?PR?ANALIZA_PRESENCIA_ROTACION?VERIFI...         -----    -----      -----    -----      0003H    0001H
  +--> ?PR?VALIDASENSORESPASO?IO_SENSORES
  +--> ?PR?_SEND_PORTERR?PTO_PARALELO
  +--> ?PR?_PANTALLALCD?PANTALLAS

?PR?POWER_OFF?LINTECH                            -----    -----      -----    -----      0003H    000BH
  +--> ?CO?LINTECH
  +--> ?PR?_DEBUG_TXT_TIBBO?TIBBO
  +--> ?PR?_DEBUGBUFFERMF?TIBBO
  +--> ?PR?_ESCRIBIRCADENASOFT_BUFFER?MAIN

?PR?_RECIBE_PORT?PTO_PARALELO                    -----    -----      -----    -----      0002H    0008H
  +--> ?PR?OFF_TIMER0_INTERRUP?MAIN
  +--> ?PR?ON_TIMER0_INTERRUP?MAIN

?PR?_DEBUG_PTO_PARALELO?TIBBO                    -----    -----      -----    -----      0002H    0004H
  +--> ?PR?DEBUG_DIVIDIR_TEXTO?TIBBO
  +--> ?CO?TIBBO
  +--> ?PR?_DEBUG_TXT_TIBBO?TIBBO
  +--> ?PR?_DEBUGBUFFERMF?TIBBO

?PR?_VALIDA_TRAMA_PTO?ACCESCAN                   -----    -----      -----    -----      0002H    000FH
  +--> ?PR?_VALIDAR_CLK?CLOCK
  +--> ?PR?_BLOCK_WRITE_CLOCK_ASCII?CLOCK
  +--> ?PR?RELOJ_PANTALLA_LCD?PANTALLAS
  +--> ?PR?_PANTALLALCD?PANTALLAS
  +--> ?CO?ACCESCAN
  +--> ?PR?_DEBUG_TXT_TIBBO?TIBBO
  +--> ?PR?_BYTEHEX_DECIMAL?CLOCK
  +--> ?PR?_TWO_BYTEHEX_DECIMAL?CLOCK
  +--> ?PR?VALIDASENSORESPASO?IO_SENSORES
  +--> ?PR?_CMD_LPR_SALIDA_WIEGAND?ACCESCAN
  +--> ?PR?_PANTALLALCD_LINEA_2?PANTALLAS
  +--> ?PR?_GRABA_SERIE?EEPROM

?PR?_BLOCK_WRITE_CLOCK_ASCII?CLOCK               -----    -----      -----    -----      0011H    0003H
  +--> ?PR?_TWO_ONE?CLOCK
  +--> ?PR?_WR_CLK?CLOCK

?PR?_WR_CLK?CLOCK                                -----    -----      -----    -----      0014H    0002H
  +--> ?PR?_DELAY_20US?DELAY
  +--> ?PR?_EB_CLK?CLOCK

?PR?RELOJ_PANTALLA_LCD?PANTALLAS                 -----    -----      -----    -----      0011H    000DH
  +--> ?CO?PANTALLAS
  +--> ?PR?_BLOCK_READ_CLOCK?CLOCK
BL51 BANKED LINKER/LOCATER V6.22.2.0                                                  07/29/2020  18:03:03  PAGE 22


  +--> ?PR?_LCD_TXT_NUM_CHAR?PANTALLAS
  +--> ?PR?RASPBERRY_DATA1?PANTALLAS

?PR?_BLOCK_READ_CLOCK?CLOCK                      -----    -----      -----    -----      001EH    0003H
  +--> ?PR?_LEE_CLK?CLOCK

?PR?_LCD_TXT_NUM_CHAR?PANTALLAS                  -----    -----      -----    -----      001EH    0006H
  +--> ?PR?_TX_CHRLCD?PANTALLAS

?PR?_CMD_LPR_SALIDA_WIEGAND?ACCESCAN             -----    -----      -----    -----      0011H    0022H
  +--> ?PR?DIR_BOARD?IO_SENSORES
  +--> ?PR?_BLOCK_READ_CLOCK_ASCII?CLOCK
  +--> ?PR?_MONITOR_CHR?ACCESCAN

?PR?_MONITOR_CHR?ACCESCAN                        -----    -----      -----    -----      0033H    0005H
  +--> ?PR?_TX_AUX?TIBBO

?PR?_GRABA_SERIE?EEPROM                          -----    -----      -----    -----      0011H    0005H
  +--> ?CO?EEPROM
  +--> ?PR?_DEBUG_TXT_TIBBO?TIBBO
  +--> ?PR?_WRITE_EEPROM_TICKET?EEPROM
  +--> ?PR?_WR_EEPROM?EEPROM

?PR?MSJ_LCD_INFORMATIVO?IO_SENSORES              -----    -----      -----    -----      0002H    0001H
  +--> ?PR?SEL_FUNCION?IO_SENSORES
  +--> ?PR?LOAD_AND_SEND_INFO_RELOJ?PTO_PARA...
  +--> ?PR?LOAD_AND_SEND_ID_COD?PTO_PARALELO
  +--> ?PR?_RD_EEPROM?EEPROM
  +--> ?PR?_SEND_PORTERR?PTO_PARALELO

?PR?LOAD_AND_SEND_INFO_RELOJ?PTO_PARA...         -----    -----      -----    -----      0003H    000BH
  +--> ?PR?_BLOCK_READ_CLOCK?CLOCK
  +--> ?PR?_LEE_CLK?CLOCK
  +--> ?PR?_SEND_PORT?PTO_PARALELO

?PR?LOAD_AND_SEND_ID_COD?PTO_PARALELO            -----    -----      -----    -----      0003H    0013H
  +--> ?PR?_RD_EEPROM?EEPROM
  +--> ?CO?PTO_PARALELO
  +--> ?PR?PRINTF?PRINTF
  +--> ?PR?_SEND_PORT?PTO_PARALELO



SYMBOL TABLE OF MODULE:  .\Objects\expedidor_v_01_raspberry (MAIN)

  VALUE           TYPE          NAME
  ----------------------------------

  -------         MODULE        MAIN
  C:0000H         SYMBOL        _ICE_DUMMY_
  D:0080H         PUBLIC        P0
  D:0090H         PUBLIC        P1
  C:A0E4H         PUBLIC        timer0_int
  D:00B0H         PUBLIC        P3
  B:00A8H.7       PUBLIC        EA
  C:A4E1H         PUBLIC        off_Timer0_Interrup
  X:016AH         PUBLIC        ValTimeOutCom
BL51 BANKED LINKER/LOCATER V6.22.2.0                                                  07/29/2020  18:03:03  PAGE 23


  X:016BH         PUBLIC        Buffer_Rta_Lintech
  X:019DH         PUBLIC        Timer_wait
  X:019EH         PUBLIC        g_cContByteRx
  B:0080H.0       PUBLIC        rx_ip
  B:0080H.3       PUBLIC        Atascado
  C:8DB2H         PUBLIC        main
  X:019FH         PUBLIC        Timer_tivo
  C:98ACH         PUBLIC        variable_inicio
  B:0090H.7       PUBLIC        lock
  I:0022H         PUBLIC        rbuf
  C:A4D2H         PUBLIC        on_Timer0_Interrup
  I:0054H         PUBLIC        tbuf
  B:0090H.1       PUBLIC        DataIn
  D:0089H         PUBLIC        TMOD
  X:01A1H         PUBLIC        USE_LPR
  X:01A2H         PUBLIC        Debug_Tibbo
  X:01A3H         PUBLIC        Raspberry
  X:01A4H         PUBLIC        SIN_COBRO
  X:01A6H         PUBLIC        Tipo_Vehiculo
  B:00B0H.3       PUBLIC        busy
  C:A43DH         PUBLIC        ini_timer
  B:00A8H.1       PUBLIC        ET0
  B:0088H.5       PUBLIC        TF0
  D:008CH         PUBLIC        TH0
  X:01A7H         PUBLIC        ACK
  X:01A8H         PUBLIC        g_cEstadoComSoft
  D:008AH         PUBLIC        TL0
  B:0088H.4       PUBLIC        TR0
  C:A44DH         PUBLIC        inicia_board
  X:01A9H         PUBLIC        T_GRACIA
  B:0080H.7       PUBLIC        sel_com
  X:01ABH         PUBLIC        STX_LINTECH
  C:A46CH         PUBLIC        _getkey
  X:01ACH         PUBLIC        ETX
  C:9AFCH         PUBLIC        _EscribirCadenaSoft_buffer
  B:0021H.1       PUBLIC        buffer_ready
  C:9D98H         PUBLIC        _putchar
  B:0021H.2       PUBLIC        placa_ready
  -------         PROC          TIMER0_INT
  C:A0E4H         LINE#         16
  C:A0EAH         LINE#         19
  C:A0F0H         LINE#         20
  C:A0F5H         LINE#         21
  C:A0F5H         LINE#         22
  C:A0FBH         LINE#         23
  C:A0FBH         LINE#         25
  C:A109H         LINE#         26
  C:A10BH         LINE#         28
  -------         ENDPROC       TIMER0_INT
  -------         PROC          INI_TIMER
  C:A43DH         LINE#         31
  C:A43DH         LINE#         32
  C:A43DH         LINE#         34
  C:A445H         LINE#         36
  C:A448H         LINE#         37
  C:A44AH         LINE#         38
  C:A44CH         LINE#         40
BL51 BANKED LINKER/LOCATER V6.22.2.0                                                  07/29/2020  18:03:03  PAGE 24


  -------         ENDPROC       INI_TIMER
  -------         PROC          ON_TIMER0_INTERRUP
  C:A4D2H         LINE#         43
  C:A4D2H         LINE#         44
  C:A4D2H         LINE#         45
  C:A4D4H         LINE#         46
  C:A4D6H         LINE#         48
  -------         ENDPROC       ON_TIMER0_INTERRUP
  -------         PROC          OFF_TIMER0_INTERRUP
  C:A4E1H         LINE#         51
  C:A4E1H         LINE#         52
  C:A4E1H         LINE#         53
  C:A4E3H         LINE#         55
  -------         ENDPROC       OFF_TIMER0_INTERRUP
  -------         PROC          _GETKEY
  -------         DO            
  D:0006H         SYMBOL        k
  -------         ENDDO         
  C:A46CH         LINE#         63
  C:A46CH         LINE#         64
  C:A46CH         LINE#         68
  C:A46CH         LINE#         69
  C:A46FH         LINE#         70
  C:A46FH         LINE#         71
  C:A477H         LINE#         73
  C:A477H         LINE#         74
  -------         ENDPROC       _GETKEY
  -------         PROC          _PUTCHAR
  X:00A6H         SYMBOL        c
  -------         DO            
  X:00A7H         SYMBOL        i
  -------         ENDDO         
  C:9D98H         LINE#         78
  C:9D9DH         LINE#         79
  C:9D9DH         LINE#         82
  C:9DACH         LINE#         83
  C:9DACH         LINE#         84
  C:9DC2H         LINE#         85
  C:9DC2H         LINE#         87
  C:9DD0H         LINE#         88
  C:9DD0H         LINE#         90
  C:9DD5H         LINE#         91
  -------         ENDPROC       _PUTCHAR
  -------         PROC          _ESCRIBIRCADENASOFT_BUFFER
  X:0028H         SYMBOL        buffer
  X:002BH         SYMBOL        tamano_cadena
  -------         DO            
  X:002CH         SYMBOL        i
  X:002DH         SYMBOL        d
  -------         ENDDO         
  C:9AFCH         LINE#         95
  C:9B0AH         LINE#         96
  C:9B0AH         LINE#         98
  C:9B18H         LINE#         99
  C:9B18H         LINE#         100
  C:9B2FH         LINE#         101
  C:9B39H         LINE#         102
BL51 BANKED LINKER/LOCATER V6.22.2.0                                                  07/29/2020  18:03:03  PAGE 25


  C:9B41H         LINE#         103
  -------         ENDPROC       _ESCRIBIRCADENASOFT_BUFFER
  -------         PROC          INICIA_BOARD
  C:A44DH         LINE#         108
  C:A44DH         LINE#         109
  C:A44DH         LINE#         110
  C:A450H         LINE#         111
  C:A453H         LINE#         112
  C:A456H         LINE#         113
  C:A458H         LINE#         114
  C:A45AH         LINE#         115
  C:A45CH         LINE#         117
  -------         ENDPROC       INICIA_BOARD
  -------         PROC          VARIABLE_INICIO
  C:98ACH         LINE#         122
  C:98ACH         LINE#         123
  C:98ACH         LINE#         126
  C:98BDH         LINE#         127
  C:98CEH         LINE#         128
  C:98DCH         LINE#         129
  C:98EAH         LINE#         130
  C:98F8H         LINE#         132
  -------         ENDPROC       VARIABLE_INICIO
  -------         PROC          MAIN
  -------         DO            
  X:0142H         SYMBOL        buffer
  X:0000H         SYMBOL        Estado_Comunicacion_Secuencia_MF
  X:0001H         SYMBOL        Length_trama
  -------         ENDDO         
  C:8DB2H         LINE#         140
  C:8DB2H         LINE#         141
  C:8DB2H         LINE#         144
  C:8DB7H         LINE#         148
  C:8DBAH         LINE#         149
  C:8DBDH         LINE#         150
  C:8DC0H         LINE#         151
  C:8DC3H         LINE#         152
  C:8DC6H         LINE#         153
  C:8DC8H         LINE#         155
  C:8DCBH         LINE#         156
  C:8DD2H         LINE#         157
  C:8DD5H         LINE#         159
  C:8DDAH         LINE#         161
  C:8DDDH         LINE#         163
  C:8DE0H         LINE#         164
  C:8DE0H         LINE#         165
  C:8DE3H         LINE#         166
  C:8DE3H         LINE#         169
  C:8DE6H         LINE#         170
  C:8DECH         LINE#         171
  C:8DF2H         LINE#         173
  C:8DF2H         LINE#         174
  C:8DF2H         LINE#         177
  C:8DF5H         LINE#         178
  C:8DF5H         LINE#         179
  C:8DF8H         LINE#         180
  C:8DF8H         LINE#         184
BL51 BANKED LINKER/LOCATER V6.22.2.0                                                  07/29/2020  18:03:03  PAGE 26


  C:8E05H         LINE#         189
  C:8E08H         LINE#         190
  C:8E08H         LINE#         192
  C:8E17H         LINE#         194
  C:8E20H         LINE#         196
  C:8E2EH         LINE#         198
  C:8E2EH         LINE#         199
  C:8E31H         LINE#         203
  -------         ENDPROC       MAIN
  -------         ENDMOD        MAIN

  -------         MODULE        ACCESCAN
  C:0000H         SYMBOL        _ICE_DUMMY_
  D:0080H         PUBLIC        P0
  D:0090H         PUBLIC        P1
  B:0080H.2       PUBLIC        led_err_imp
  C:9C97H         PUBLIC        _Monitor_chr
  B:0080H.3       PUBLIC        Atascado
  B:0090H.7       PUBLIC        lock
  C:3671H         PUBLIC        _Valida_Trama_Pto
  C:70CEH         PUBLIC        _Cmd_LPR_Salida_wiegand
  -------         PROC          _VALIDA_TRAMA_PTO
  X:0002H         SYMBOL        buffer
  X:0005H         SYMBOL        length_trama
  -------         DO            
  X:020CH         SYMBOL        cont
  X:0006H         SYMBOL        buff
  -------         ENDDO         
  C:3671H         LINE#         85
  C:367FH         LINE#         86
  C:367FH         LINE#         92
  C:36B5H         LINE#         93
  C:36B5H         LINE#         94
  C:36CAH         LINE#         95
  C:36CAH         LINE#         96
  C:36DDH         LINE#         98
  C:36E0H         LINE#         100
  C:36E0H         LINE#         102
  C:36E0H         LINE#         104
  C:36F2H         LINE#         105
  C:36F2H         LINE#         106
  C:36F8H         LINE#         107
  C:3705H         LINE#         108
  C:3705H         LINE#         109
  C:370AH         LINE#         110
  C:370CH         LINE#         111
  C:3711H         LINE#         112
  C:3713H         LINE#         113
  C:3715H         LINE#         114
  C:3719H         LINE#         115
  C:3719H         LINE#         116
  C:371AH         LINE#         118
  C:3732H         LINE#         119
  C:3732H         LINE#         121
  C:373FH         LINE#         122
  C:373FH         LINE#         123
  C:3741H         LINE#         124
BL51 BANKED LINKER/LOCATER V6.22.2.0                                                  07/29/2020  18:03:03  PAGE 27


  C:3743H         LINE#         125
  C:3745H         LINE#         126
  C:3747H         LINE#         127
  C:3747H         LINE#         129
  C:376DH         LINE#         130
  C:376DH         LINE#         131
  C:3771H         LINE#         132
  C:3776H         LINE#         133
  C:377FH         LINE#         134
  C:3784H         LINE#         135
  C:3784H         LINE#         138
  C:3785H         LINE#         141
  C:3797H         LINE#         142
  C:3797H         LINE#         143
  C:3799H         LINE#         144
  C:379CH         LINE#         146
  C:37AEH         LINE#         147
  C:37AEH         LINE#         148
  C:37B0H         LINE#         149
  C:37B3H         LINE#         151
  C:37CDH         LINE#         152
  C:37CDH         LINE#         153
  C:37CFH         LINE#         154
  C:37D2H         LINE#         157
  C:37ECH         LINE#         158
  C:37ECH         LINE#         159
  C:37EEH         LINE#         160
  C:37F0H         LINE#         163
  C:380AH         LINE#         164
  C:380AH         LINE#         165
  C:380CH         LINE#         166
  C:380EH         LINE#         170
  C:3828H         LINE#         171
  C:3828H         LINE#         172
  C:382AH         LINE#         173
  C:382CH         LINE#         176
  C:3846H         LINE#         177
  C:3846H         LINE#         178
  C:3848H         LINE#         179
  C:384AH         LINE#         181
  C:3864H         LINE#         182
  C:3864H         LINE#         183
  C:3869H         LINE#         184
  C:3869H         LINE#         186
  C:3899H         LINE#         187
  C:3899H         LINE#         188
  C:38A7H         LINE#         189
  C:38AAH         LINE#         192
  C:38EDH         LINE#         193
  C:38EDH         LINE#         195
  C:3902H         LINE#         196
  C:3908H         LINE#         197
  C:3932H         LINE#         200
  C:393AH         LINE#         201
  C:393AH         LINE#         204
  C:3941H         LINE#         205
  C:3941H         LINE#         206
BL51 BANKED LINKER/LOCATER V6.22.2.0                                                  07/29/2020  18:03:03  PAGE 28


  C:3946H         LINE#         207
  C:3946H         LINE#         208
  C:3948H         LINE#         210
  C:3948H         LINE#         211
  C:3951H         LINE#         212
  C:3959H         LINE#         213
  C:3959H         LINE#         218
  C:395BH         LINE#         221
  C:395BH         LINE#         224
  C:3962H         LINE#         225
  C:3962H         LINE#         226
  C:3967H         LINE#         227
  C:3967H         LINE#         228
  C:3972H         LINE#         232
  C:3972H         LINE#         233
  C:3972H         LINE#         235
  C:399FH         LINE#         236
  C:399FH         LINE#         237
  C:39AEH         LINE#         239
  C:39AEH         LINE#         241
  -------         ENDPROC       _VALIDA_TRAMA_PTO
  -------         PROC          _MONITOR_CHR
  X:0033H         SYMBOL        str
  X:0036H         SYMBOL        num_char
  -------         DO            
  X:0037H         SYMBOL        j
  -------         ENDDO         
  C:9C97H         LINE#         396
  C:9CA5H         LINE#         397
  C:9CA5H         LINE#         399
  C:9CB3H         LINE#         400
  C:9CB3H         LINE#         401
  C:9CC5H         LINE#         402
  C:9CCFH         LINE#         403
  C:9CD7H         LINE#         404
  -------         ENDPROC       _MONITOR_CHR
  -------         PROC          _CMD_LPR_SALIDA_WIEGAND
  X:0011H         SYMBOL        buffer
  -------         DO            
  X:0014H         SYMBOL        Buffer_Lpr
  X:0032H         SYMBOL        j
  -------         ENDDO         
  C:70CEH         LINE#         409
  C:70D9H         LINE#         410
  C:70D9H         LINE#         412
  C:70DFH         LINE#         413
  C:70E4H         LINE#         414
  C:70ECH         LINE#         415
  C:70F0H         LINE#         416
  C:70F9H         LINE#         417
  C:70F9H         LINE#         418
  C:710AH         LINE#         419
  C:710CH         LINE#         421
  C:710CH         LINE#         422
  C:711DH         LINE#         423
  C:711DH         LINE#         427
  C:7134H         LINE#         428
BL51 BANKED LINKER/LOCATER V6.22.2.0                                                  07/29/2020  18:03:03  PAGE 29


  C:7134H         LINE#         429
  C:7143H         LINE#         430
  C:714DH         LINE#         432
  C:7155H         LINE#         433
  C:7169H         LINE#         435
  C:7179H         LINE#         436
  C:718AH         LINE#         437
  C:7197H         LINE#         441
  -------         ENDPROC       _CMD_LPR_SALIDA_WIEGAND
  -------         ENDMOD        ACCESCAN

  -------         MODULE        CLOCK
  C:0000H         SYMBOL        _ICE_DUMMY_
  C:9D0CH         PUBLIC        _two_one
  D:0090H         PUBLIC        P1
  C:5F68H         PUBLIC        _validar_clk
  C:A168H         PUBLIC        _wr_clk
  C:7405H         PUBLIC        _check_fechaOut
  B:00D0H.7       PUBLIC        CY
  C:0003H         PUBLIC        p_ck
  C:8601H         PUBLIC        _hex_ascii
  X:020DH         PUBLIC        data_clk
  C:A494H         PUBLIC        cond_ini_clock
  C:74CEH         PUBLIC        _Block_read_Clock
  B:0090H.4       PUBLIC        sck
  C:8121H         PUBLIC        _Block_read_Clock_Hex
  C:51B3H         PUBLIC        _Block_read_clock_ascii
  C:9DF2H         PUBLIC        _hex_bcd
  C:A33CH         PUBLIC        _bcd_hex
  C:95E3H         PUBLIC        _ByteHex_Decimal
  C:87BEH         PUBLIC        _lee_clk
  B:0090H.5       PUBLIC        io
  C:8964H         PUBLIC        _Block_write_clock_ascii
  B:0090H.6       PUBLIC        rst
  C:9D59H         PUBLIC        _eb_clk
  C:39AFH         PUBLIC        _Two_ByteHex_Decimal
  -------         PROC          P_CK
  C:0003H         LINE#         48
  C:0003H         LINE#         49
  C:0003H         LINE#         50
  C:0005H         LINE#         51
  C:0008H         LINE#         52
  C:000AH         LINE#         53
  -------         ENDPROC       P_CK
  -------         PROC          _EB_CLK
  X:00B5H         SYMBOL        dir_clk
  -------         DO            
  X:00B6H         SYMBOL        nbits
  -------         ENDDO         
  C:9D59H         LINE#         55
  C:9D5EH         LINE#         57
  C:9D63H         LINE#         58
  C:9D63H         LINE#         59
  C:9D6CH         LINE#         60
  C:9D6FH         LINE#         61
  C:9D6FH         LINE#         62
  C:9D71H         LINE#         63
BL51 BANKED LINKER/LOCATER V6.22.2.0                                                  07/29/2020  18:03:03  PAGE 30


  C:9D73H         LINE#         65
  C:9D73H         LINE#         66
  C:9D75H         LINE#         67
  C:9D75H         LINE#         68
  C:9D78H         LINE#         69
  C:9D97H         LINE#         70
  -------         ENDPROC       _EB_CLK
  C:87B4H         SYMBOL        L?0082
  -------         PROC          L?0081
  -------         ENDPROC       L?0081
  C:87B4H         SYMBOL        L?0082
  -------         PROC          _LEE_CLK
  X:00B2H         SYMBOL        dir_clk
  -------         DO            
  X:00B3H         SYMBOL        nbits
  -------         ENDDO         
  C:87BEH         LINE#         72
  C:87C3H         LINE#         74
  C:87C5H         LINE#         75
  C:87CCH         LINE#         76
  C:87D4H         LINE#         77
  C:87EDH         LINE#         78
  C:87EDH         LINE#         79
  C:87F0H         LINE#         80
  C:87F0H         LINE#         81
  C:87F7H         LINE#         82
  C:8801H         LINE#         83
  C:8806H         LINE#         84
  C:8806H         LINE#         85
  C:8806H         LINE#         86
  C:8809H         LINE#         87
  C:8809H         LINE#         88
  C:8810H         LINE#         89
  C:8821H         LINE#         90
  C:8821H         LINE#         91
  C:8829H         LINE#         92
  C:8829H         LINE#         93
  C:8829H         LINE#         94
  C:882CH         LINE#         95
  C:883CH         LINE#         96
  C:883EH         LINE#         97
  C:8843H         LINE#         98
  -------         ENDPROC       _LEE_CLK
  -------         PROC          _WR_CLK
  X:0014H         SYMBOL        dir_clk
  X:0015H         SYMBOL        byte
  C:A168H         LINE#         100
  C:A170H         LINE#         101
  C:A172H         LINE#         102
  C:A179H         LINE#         103
  C:A181H         LINE#         104
  C:A18AH         LINE#         105
  C:A18DH         LINE#         106
  C:A18FH         LINE#         108
  -------         ENDPROC       _WR_CLK
  C:9CD8H         SYMBOL        L?0077
  C:9CF6H         SYMBOL        L?0078
BL51 BANKED LINKER/LOCATER V6.22.2.0                                                  07/29/2020  18:03:03  PAGE 31


  -------         PROC          L?0076
  -------         ENDPROC       L?0076
  C:9CD8H         SYMBOL        L?0077
  C:9CF6H         SYMBOL        L?0078
  -------         PROC          _TWO_ONE
  D:0007H         SYMBOL        byte_h
  D:0005H         SYMBOL        byte_l
  -------         DO            
  D:0007H         SYMBOL        byte_out
  -------         ENDDO         
  C:9D0CH         LINE#         110
  C:9D0CH         LINE#         111
  C:9D0CH         LINE#         113
  C:9D0FH         LINE#         114
  C:9D13H         LINE#         115
  C:9D16H         LINE#         116
  C:9D18H         LINE#         117
  C:9D18H         LINE#         118
  -------         ENDPROC       _TWO_ONE
  -------         PROC          _VALIDAR_CLK
  D:0001H         SYMBOL        datos_clock
  -------         DO            
  D:0007H         SYMBOL        validador
  -------         ENDDO         
  C:5F68H         LINE#         122
  C:5F68H         LINE#         123
  C:5F68H         LINE#         124
  C:5F6AH         LINE#         127
  C:5F7FH         LINE#         128
  C:5F7FH         LINE#         130
  C:5F97H         LINE#         131
  C:5F97H         LINE#         133
  C:5FAFH         LINE#         134
  C:5FAFH         LINE#         135
  C:5FC7H         LINE#         136
  C:5FC7H         LINE#         137
  C:5FDFH         LINE#         138
  C:5FDFH         LINE#         139
  C:5FF4H         LINE#         140
  C:5FF4H         LINE#         141
  C:6006H         LINE#         142
  C:6006H         LINE#         143
  C:6018H         LINE#         144
  C:6018H         LINE#         145
  C:602AH         LINE#         146
  C:602AH         LINE#         147
  C:603CH         LINE#         148
  C:603CH         LINE#         149
  C:604EH         LINE#         150
  C:604EH         LINE#         151
  C:605EH         LINE#         152
  C:605EH         LINE#         153
  C:605EH         LINE#         154
  C:605EH         LINE#         155
  C:605FH         LINE#         157
  C:605FH         LINE#         158
[...]
  C:5A4BH         LINE#         2130
  C:5A4EH         LINE#         2131
  C:5A54H         LINE#         2135
  C:5A56H         LINE#         2136
  C:5A56H         LINE#         2146
  C:5A56H         LINE#         2148
  C:5A64H         LINE#         2149
  C:5A64H         LINE#         2150
  C:5A70H         LINE#         2151
  C:5A70H         LINE#         2152
  C:5A76H         LINE#         2153
  C:5A78H         LINE#         2154
  C:5A80H         LINE#         2155
  C:5A80H         LINE#         2156
  C:5A87H         LINE#         2157
  C:5A9BH         LINE#         2158
  C:5A9BH         LINE#         2159
  C:5A9DH         LINE#         2161
  C:5A9DH         LINE#         2162
  C:5AA4H         LINE#         2163
  C:5AAAH         LINE#         2164
  C:5AAAH         LINE#         2165
  C:5AACH         LINE#         2167
  C:5AACH         LINE#         2168
  C:5AB5H         LINE#         2169
  C:5AC9H         LINE#         2170
  C:5ACEH         LINE#         2171
  C:5ACEH         LINE#         2173
  C:5AD0H         LINE#         2174
  C:5AD0H         LINE#         2180
  C:5AD0H         LINE#         2182
  C:5AD6H         LINE#         2183
  C:5AD6H         LINE#         2186
  C:5AD6H         LINE#         2187
  C:5ADDH         LINE#         2188
  C:5ADDH         LINE#         2189
  C:5ADDH         LINE#         2190
  -------         ENDPROC       SECUENCIA_INICIO_EXPEDIDOR
  -------         PROC          _SECUENCIAEXPEDIDORMF
  X:0002H         SYMBOL        EstadoActivo
  -------         DO            
  X:010CH         SYMBOL        Buffer_Write_MF
  X:011DH         SYMBOL        Atributos_Expedidor
  X:012CH         SYMBOL        Secuencia_Expedidor
  X:0130H         SYMBOL        Nombre_Mensual
  -------         ENDDO         
  C:323CH         LINE#         2200
  C:3241H         LINE#         2201
  C:3241H         LINE#         2207
  C:3298H         LINE#         2208
  C:3298H         LINE#         2211
  C:3298H         LINE#         2213
  C:32AEH         LINE#         2214
  C:32AEH         LINE#         2215
  C:32B0H         LINE#         2216
BL51 BANKED LINKER/LOCATER V6.22.2.0                                                  07/29/2020  18:03:03  PAGE 120


  C:32B2H         LINE#         2217
  C:32B7H         LINE#         2218
  C:32BFH         LINE#         2219
  C:32C4H         LINE#         2221
  C:32C4H         LINE#         2223
  C:32C7H         LINE#         2225
  C:32C7H         LINE#         2227
  C:32D0H         LINE#         2229
  C:32D3H         LINE#         2236
  C:32D3H         LINE#         2237
  C:32D9H         LINE#         2238
  C:32DFH         LINE#         2239
  C:32DFH         LINE#         2240
  C:32E2H         LINE#         2242
  C:32E5H         LINE#         2243
  C:32EDH         LINE#         2244
  C:32EDH         LINE#         2246
  C:32F0H         LINE#         2247
  C:32F3H         LINE#         2248
  C:32FBH         LINE#         2249
  C:32FBH         LINE#         2250
  C:3309H         LINE#         2251
  C:3309H         LINE#         2252
  C:3312H         LINE#         2253
  C:3315H         LINE#         2254
  C:3321H         LINE#         2255
  C:3321H         LINE#         2256
  C:332AH         LINE#         2257
  C:332DH         LINE#         2259
  C:332DH         LINE#         2260
  C:3336H         LINE#         2261
  C:3336H         LINE#         2262
  C:3339H         LINE#         2263
  C:3341H         LINE#         2264
  C:3341H         LINE#         2265
  C:334FH         LINE#         2266
  C:334FH         LINE#         2267
  C:3365H         LINE#         2268
  C:3368H         LINE#         2269
  C:3374H         LINE#         2270
  C:3374H         LINE#         2271
  C:337DH         LINE#         2272
  C:3380H         LINE#         2274
  C:3380H         LINE#         2275
  C:3389H         LINE#         2276
  C:3389H         LINE#         2277
  C:338CH         LINE#         2278
  C:3394H         LINE#         2279
  C:3394H         LINE#         2280
  C:339DH         LINE#         2281
  C:33A0H         LINE#         2282
  C:33A8H         LINE#         2283
  C:33A8H         LINE#         2284
  C:33BEH         LINE#         2285
  C:33C1H         LINE#         2286
  C:33C9H         LINE#         2287
  C:33C9H         LINE#         2288
BL51 BANKED LINKER/LOCATER V6.22.2.0                                                  07/29/2020  18:03:03  PAGE 121


  C:33CCH         LINE#         2289
  C:33CFH         LINE#         2291
  C:33D7H         LINE#         2292
  C:33D7H         LINE#         2293
  C:33E0H         LINE#         2294
  C:33E3H         LINE#         2296
  C:33E3H         LINE#         2297
  C:33ECH         LINE#         2298
  C:33ECH         LINE#         2299
  C:33EFH         LINE#         2300
  C:33EFH         LINE#         2301
  C:33F4H         LINE#         2302
  C:3414H         LINE#         2303
  C:3417H         LINE#         2304
  C:3417H         LINE#         2305
  C:341CH         LINE#         2306
  C:3424H         LINE#         2307
  C:342AH         LINE#         2308
  C:342DH         LINE#         2309
  C:342DH         LINE#         2310
  C:3430H         LINE#         2311
  C:3438H         LINE#         2312
  C:343EH         LINE#         2313
  C:3441H         LINE#         2314
  C:3441H         LINE#         2315
  C:3444H         LINE#         2316
  C:3469H         LINE#         2317
  C:346FH         LINE#         2318
  C:3471H         LINE#         2319
  C:3474H         LINE#         2320
  C:3474H         LINE#         2321
  C:347FH         LINE#         2322
  C:3487H         LINE#         2323
  C:348DH         LINE#         2324
  C:3490H         LINE#         2325
  C:3490H         LINE#         2326
  C:34A1H         LINE#         2327
  C:34A9H         LINE#         2328
  C:34AFH         LINE#         2329
  C:34B2H         LINE#         2330
  C:34B2H         LINE#         2331
  C:34B7H         LINE#         2332
  C:34D5H         LINE#         2333
  C:34D8H         LINE#         2334
  C:34D8H         LINE#         2335
  C:34DDH         LINE#         2336
  C:34FDH         LINE#         2337
  C:3500H         LINE#         2338
  C:3500H         LINE#         2339
  C:3505H         LINE#         2340
  C:3507H         LINE#         2341
  C:3525H         LINE#         2343
  C:3528H         LINE#         2344
  C:3528H         LINE#         2345
  C:352DH         LINE#         2346
  C:354DH         LINE#         2348
  C:3550H         LINE#         2349
BL51 BANKED LINKER/LOCATER V6.22.2.0                                                  07/29/2020  18:03:03  PAGE 122


  C:3550H         LINE#         2350
  C:3555H         LINE#         2351
  C:355DH         LINE#         2352
  C:3563H         LINE#         2353
  C:3566H         LINE#         2354
  C:3566H         LINE#         2355
  C:3569H         LINE#         2356
  C:3589H         LINE#         2357
  C:358CH         LINE#         2358
  C:358CH         LINE#         2359
  C:358EH         LINE#         2360
  C:3591H         LINE#         2361
  C:3594H         LINE#         2362
  C:3594H         LINE#         2363
  C:359DH         LINE#         2365
  C:35A0H         LINE#         2366
  C:35A0H         LINE#         2367
  C:35AEH         LINE#         2368
  C:35B1H         LINE#         2369
  C:35B1H         LINE#         2370
  C:35B4H         LINE#         2371
  C:35BCH         LINE#         2372
  C:35C2H         LINE#         2373
  C:35C5H         LINE#         2374
  C:35C5H         LINE#         2375
  C:35CEH         LINE#         2376
  C:35D1H         LINE#         2377
  C:35D1H         LINE#         2378
  C:35E8H         LINE#         2379
  C:35EAH         LINE#         2380
  C:35EAH         LINE#         2381
  C:35EFH         LINE#         2382
  C:3612H         LINE#         2383
  C:3615H         LINE#         2384
  C:3617H         LINE#         2385
  C:3617H         LINE#         2386
  C:361AH         LINE#         2387
  C:363AH         LINE#         2388
  C:363CH         LINE#         2389
  C:363CH         LINE#         2390
  C:363FH         LINE#         2391
  C:3664H         LINE#         2392
  C:3666H         LINE#         2393
  C:3666H         LINE#         2394
  C:366BH         LINE#         2395
  C:366BH         LINE#         2397
  C:366BH         LINE#         2398
  C:3670H         LINE#         2399
  -------         ENDPROC       _SECUENCIAEXPEDIDORMF
  -------         ENDMOD        VERIFICADOR

  -------         MODULE        MONITOR
  C:0000H         SYMBOL        _ICE_DUMMY_
  D:0080H         PUBLIC        P0
  D:0090H         PUBLIC        P1
  I:0011H         PUBLIC        placa
  C:A253H         PUBLIC        Rx_Monitor
BL51 BANKED LINKER/LOCATER V6.22.2.0                                                  07/29/2020  18:03:03  PAGE 123


  B:0080H.0       PUBLIC        rx_ip
  B:0090H.7       PUBLIC        lock
  C:789CH         PUBLIC        _recibe_cmd_Monitor
  C:A375H         PUBLIC        clear_placa
  C:856CH         PUBLIC        _Valida_Trama_Monitor
  -------         PROC          _RECIBE_CMD_MONITOR
  X:0015H         SYMBOL        buffer_cmd
  -------         DO            
  X:0018H         SYMBOL        j
  X:0019H         SYMBOL        NumDatos
  X:001AH         SYMBOL        time_out
  X:001BH         SYMBOL        MaxChrRx
  X:001CH         SYMBOL        contador
  -------         ENDDO         
  C:789CH         LINE#         44
  C:78A7H         LINE#         45
  C:78A7H         LINE#         49
  C:78ACH         LINE#         50
  C:78B2H         LINE#         52
  C:78BDH         LINE#         53
  C:78BDH         LINE#         54
  C:78CEH         LINE#         55
  C:78CEH         LINE#         56
  C:78D5H         LINE#         57
  C:78D9H         LINE#         58
  C:78E2H         LINE#         59
  C:78E2H         LINE#         60
  C:78F0H         LINE#         61
  C:7907H         LINE#         62
  C:7907H         LINE#         63
  C:790DH         LINE#         64
  C:7913H         LINE#         65
  C:7913H         LINE#         66
  C:7915H         LINE#         67
  C:791DH         LINE#         68
  C:7923H         LINE#         69
  C:7935H         LINE#         70
  C:793FH         LINE#         71
  C:7948H         LINE#         73
  C:7957H         LINE#         76
  C:7957H         LINE#         77
  C:795CH         LINE#         78
  -------         ENDPROC       _RECIBE_CMD_MONITOR
  -------         PROC          _VALIDA_TRAMA_MONITOR
  X:0015H         SYMBOL        buffer
  D:0005H         SYMBOL        length_trama
  -------         DO            
  D:0007H         SYMBOL        j
  D:0006H         SYMBOL        p
  -------         ENDDO         
  C:856CH         LINE#         83
  C:8577H         LINE#         84
  C:8577H         LINE#         85
  C:8579H         LINE#         86
  C:857BH         LINE#         87
  C:857BH         LINE#         88
  C:8599H         LINE#         89
BL51 BANKED LINKER/LOCATER V6.22.2.0                                                  07/29/2020  18:03:03  PAGE 124


  C:8599H         LINE#         90
  C:859BH         LINE#         91
  C:85A0H         LINE#         92
  C:85A1H         LINE#         93
  C:85B6H         LINE#         94
  C:85B6H         LINE#         97
  C:85B6H         LINE#         98
  C:85D0H         LINE#         99
  C:85D1H         LINE#         100
  C:85D2H         LINE#         101
  C:85DEH         LINE#         102
  C:85F2H         LINE#         103
  C:85F8H         LINE#         104
  C:85FAH         LINE#         105
  C:8600H         LINE#         108
  C:8600H         LINE#         109
  C:8600H         LINE#         110
  C:8600H         LINE#         112
  C:8600H         LINE#         113
  -------         ENDPROC       _VALIDA_TRAMA_MONITOR
  -------         PROC          CLEAR_PLACA
  -------         DO            
  D:0007H         SYMBOL        i
  -------         ENDDO         
  C:A375H         LINE#         114
  C:A375H         LINE#         115
  C:A375H         LINE#         117
  C:A381H         LINE#         118
  C:A381H         LINE#         119
  C:A387H         LINE#         120
  C:A38AH         LINE#         121
  C:A38CH         LINE#         122
  -------         ENDPROC       CLEAR_PLACA
  -------         PROC          RX_MONITOR
  -------         DO            
  X:0008H         SYMBOL        Length_trama
  X:0009H         SYMBOL        buffer1
  -------         ENDDO         
  C:A253H         LINE#         123
  C:A253H         LINE#         124
  C:A253H         LINE#         127
  C:A262H         LINE#         128
  C:A26BH         LINE#         129
  -------         ENDPROC       RX_MONITOR
  -------         ENDMOD        MONITOR

  -------         MODULE        ?C?FPADD
  C:0E71H         PUBLIC        ?C?FPADD
  C:0E6DH         PUBLIC        ?C?FPSUB
  -------         ENDMOD        ?C?FPADD

  -------         MODULE        ?C?FPMUL
  C:0F62H         PUBLIC        ?C?FPMUL
  -------         ENDMOD        ?C?FPMUL

  -------         MODULE        ?C?FCAST
  C:1072H         PUBLIC        ?C?FCASTC
BL51 BANKED LINKER/LOCATER V6.22.2.0                                                  07/29/2020  18:03:03  PAGE 125


  C:106DH         PUBLIC        ?C?FCASTI
  C:1068H         PUBLIC        ?C?FCASTL
  -------         ENDMOD        ?C?FCAST

  -------         MODULE        ?C?CASTF
  C:10A6H         PUBLIC        ?C?CASTF
  -------         ENDMOD        ?C?CASTF

  -------         MODULE        PRINTF
  X:0076H         PUBLIC        ?_PRINTF?BYTE
  X:0076H         PUBLIC        ?_SPRINTF?BYTE
  C:2E24H         PUBLIC        _PRINTF
  C:2E1EH         PUBLIC        _SPRINTF
  -------         ENDMOD        PRINTF

  -------         MODULE        POW
  X:0022H         PUBLIC        ?_pow?BYTE
  C:5321H         PUBLIC        _pow
  -------         ENDMOD        POW

  -------         MODULE        ?C?CHKFLOAT
  C:1127H         PUBLIC        ?C?CHKFLOAT
  -------         ENDMOD        ?C?CHKFLOAT

  -------         MODULE        ?C?FPCMP
  C:1143H         PUBLIC        ?C?FPCMP
  C:1141H         PUBLIC        ?C?FPCMP3
  -------         ENDMOD        ?C?FPCMP

  -------         MODULE        ?C?FPNEG
  C:11BAH         PUBLIC        ?C?FPNEG
  -------         ENDMOD        ?C?FPNEG

  -------         MODULE        ?C?FPROUND
  C:11CBH         PUBLIC        ?C?FPROUND
  -------         ENDMOD        ?C?FPROUND

  -------         MODULE        ?C?FPCONVERT
  C:1208H         PUBLIC        ?C?FPCONVERT
  -------         ENDMOD        ?C?FPCONVERT

  -------         MODULE        EXP
  C:83D9H         PUBLIC        _EXP
  -------         ENDMOD        EXP

  -------         MODULE        LOG
  C:5C3DH         PUBLIC        _LOG
  C:5C39H         PUBLIC        _LOG10
  -------         ENDMOD        LOG

  -------         MODULE        ?C?FPDIV
  C:1310H         PUBLIC        ?C?FPDIV
  -------         ENDMOD        ?C?FPDIV

  -------         MODULE        ?C?FTNPWR
  C:13DDH         PUBLIC        ?C?FTNPWR
  -------         ENDMOD        ?C?FTNPWR
BL51 BANKED LINKER/LOCATER V6.22.2.0                                                  07/29/2020  18:03:03  PAGE 126



  -------         MODULE        ?C?COPY
  C:153AH         PUBLIC        ?C?COPY
  -------         ENDMOD        ?C?COPY

  -------         MODULE        ?C?CLDPTR
  C:1560H         PUBLIC        ?C?CLDPTR
  -------         ENDMOD        ?C?CLDPTR

  -------         MODULE        ?C?CLDOPTR
  C:1579H         PUBLIC        ?C?CLDOPTR
  -------         ENDMOD        ?C?CLDOPTR

  -------         MODULE        ?C?CSTPTR
  C:15A6H         PUBLIC        ?C?CSTPTR
  -------         ENDMOD        ?C?CSTPTR

  -------         MODULE        ?C?CSTOPTR
  C:15B8H         PUBLIC        ?C?CSTOPTR
  -------         ENDMOD        ?C?CSTOPTR

  -------         MODULE        ?C?IMUL
  C:15DAH         PUBLIC        ?C?IMUL
  -------         ENDMOD        ?C?IMUL

  -------         MODULE        ?C?IILDX
  C:15ECH         PUBLIC        ?C?IILDX
  -------         ENDMOD        ?C?IILDX

  -------         MODULE        ?C?LNEG
  C:1602H         PUBLIC        ?C?LNEG
  -------         ENDMOD        ?C?LNEG

  -------         MODULE        ?C?SLCMP
  C:1610H         PUBLIC        ?C?SLCMP
  -------         ENDMOD        ?C?SLCMP

  -------         MODULE        ?C?ULCMP
  C:1626H         PUBLIC        ?C?ULCMP
  -------         ENDMOD        ?C?ULCMP

  -------         MODULE        ?C?ULSHR
  C:1637H         PUBLIC        ?C?ULSHR
  -------         ENDMOD        ?C?ULSHR

  -------         MODULE        ?C?LSHL
  C:164AH         PUBLIC        ?C?LSHL
  -------         ENDMOD        ?C?LSHL

  -------         MODULE        ?C?LLDCODE
  C:165DH         PUBLIC        ?C?LLDCODE
  -------         ENDMOD        ?C?LLDCODE

  -------         MODULE        ?C?LLDXDATA0
  C:166DH         PUBLIC        ?C?LLDXDATA0
  -------         ENDMOD        ?C?LLDXDATA0

BL51 BANKED LINKER/LOCATER V6.22.2.0                                                  07/29/2020  18:03:03  PAGE 127


  -------         MODULE        ?C?LLDCODE0
  C:1679H         PUBLIC        ?C?LLDCODE0
  -------         ENDMOD        ?C?LLDCODE0

  -------         MODULE        ?C?LSTXDATA
  C:1689H         PUBLIC        ?C?LSTXDATA
  -------         ENDMOD        ?C?LSTXDATA

  -------         MODULE        ?C?LSTKXDATA
  C:1695H         PUBLIC        ?C?LSTKXDATA
  -------         ENDMOD        ?C?LSTKXDATA

  -------         MODULE        ?C?PLDIXDATA
  C:16C6H         PUBLIC        ?C?PLDIXDATA
  -------         ENDMOD        ?C?PLDIXDATA

  -------         MODULE        ?C?PSTXDATA
  C:16DDH         PUBLIC        ?C?PSTXDATA
  -------         ENDMOD        ?C?PSTXDATA

  -------         MODULE        ?C?CCASE
  C:16E6H         PUBLIC        ?C?CCASE
  -------         ENDMOD        ?C?CCASE

  -------         MODULE        STRCAT
  X:0047H         PUBLIC        ?_strcat?BYTE
  C:93E9H         PUBLIC        _strcat
  -------         ENDMOD        STRCAT

  -------         MODULE        ?C?STRCMP
  C:188AH         PUBLIC        ?C?STRCMP
  -------         ENDMOD        ?C?STRCMP

  -------         MODULE        ?C?STRCPY
  C:1973H         PUBLIC        ?C?STRCPY
  -------         ENDMOD        ?C?STRCPY

  -------         MODULE        STRLEN
  C:000EH         PUBLIC        _STRLEN
  -------         ENDMOD        STRLEN

  -------         MODULE        STRTOK
  X:0065H         PUBLIC        ?_strtok?BYTE
  C:6D5AH         PUBLIC        _strtok
  -------         ENDMOD        STRTOK

  -------         MODULE        ATOL
  C:618CH         PUBLIC        _atol
  -------         ENDMOD        ATOL

  -------         MODULE        ATOI
  C:6F1CH         PUBLIC        _atoi
  -------         ENDMOD        ATOI

  -------         MODULE        ?C?ILDIX
  C:1990H         PUBLIC        ?C?ILDIX
  -------         ENDMOD        ?C?ILDIX
BL51 BANKED LINKER/LOCATER V6.22.2.0                                                  07/29/2020  18:03:03  PAGE 128



  -------         MODULE        ?C?LMUL
  C:19A6H         PUBLIC        ?C?LMUL
  -------         ENDMOD        ?C?LMUL

  -------         MODULE        ISDIGIT
  C:A45DH         PUBLIC        _isdigit
  -------         ENDMOD        ISDIGIT

  -------         MODULE        ISSPACE
  C:A3CFH         PUBLIC        _isspace
  -------         ENDMOD        ISSPACE

  -------         MODULE        STRSPN
  X:006BH         PUBLIC        ?_strspn?BYTE
  C:8D2EH         PUBLIC        _strspn
  -------         ENDMOD        STRSPN

  -------         MODULE        STRPBRK
  X:006BH         PUBLIC        ?_strpbrk?BYTE
  C:8E33H         PUBLIC        _strpbrk
  -------         ENDMOD        STRPBRK

Program Size: data=138.7 xdata=527 code=42216
LINK/LOCATE RUN COMPLETE.  0 WARNING(S),  0 ERROR(S)
