BL51 BANKED LINKER/LOCATER V6.22.2.0                                                    06/09/2021  12:25:34  PAGE 1


BL51 BANKED LINKER/LOCATER V6.22.2.0, INVOKED BY:
C:\KEIL_V5\C51\BIN\BL51.EXE .\Objects\main.obj, .\Objects\Accescan.obj, .\Objects\Clock.obj, .\Objects\delay.obj, .\Obje
>> cts\eeprom.obj, .\Objects\io_sensores.obj, .\Objects\pantallas.obj, .\Objects\prog.obj, .\Objects\pto_paralelo.obj, .
>> \Objects\tibbo.obj, .\Objects\uart.obj, .\Objects\lintech.obj, .\Objects\verificador.obj, .\Objects\Monitor.obj TO .\
>> Objects\expedidor_v_01_raspberry PRINT (.\Listings\expedidor_v_01_raspberry.m51) RAMSIZE (256)


MEMORY MODEL: LARGE WITH FLOATING POINT ARITHMETIC


INPUT MODULES INCLUDED:
  .\Objects\main.obj (MAIN)
  .\Objects\Accescan.obj (ACCESCAN)
  .\Objects\Clock.obj (CLOCK)
  .\Objects\delay.obj (DELAY)
  .\Objects\eeprom.obj (EEPROM)
  .\Objects\io_sensores.obj (IO_SENSORES)
  .\Objects\pantallas.obj (PANTALLAS)
  .\Objects\prog.obj (PROG)
  .\Objects\pto_paralelo.obj (PTO_PARALELO)
  .\Objects\tibbo.obj (TIBBO)
  .\Objects\uart.obj (UART)
  .\Objects\lintech.obj (LINTECH)
  .\Objects\verificador.obj (VERIFICADOR)
  .\Objects\Monitor.obj (MONITOR)
  C:\KEIL_V5\C51\LIB\C51FPL.LIB (?C?FPADD)
  C:\KEIL_V5\C51\LIB\C51FPL.LIB (?C?FPMUL)
  C:\KEIL_V5\C51\LIB\C51FPL.LIB (?C?FCAST)
  C:\KEIL_V5\C51\LIB\C51FPL.LIB (?C?CASTF)
  C:\KEIL_V5\C51\LIB\C51FPL.LIB (PRINTF)
  C:\KEIL_V5\C51\LIB\C51FPL.LIB (POW)
  C:\KEIL_V5\C51\LIB\C51FPL.LIB (?C?FPGETOPN)
  C:\KEIL_V5\C51\LIB\C51FPL.LIB (?C?CHKFLOAT)
  C:\KEIL_V5\C51\LIB\C51FPL.LIB (?C?FPCMP)
  C:\KEIL_V5\C51\LIB\C51FPL.LIB (?C?FPNEG)
  C:\KEIL_V5\C51\LIB\C51FPL.LIB (?C?FPROUND)
  C:\KEIL_V5\C51\LIB\C51FPL.LIB (?C?FPCONVERT)
  C:\KEIL_V5\C51\LIB\C51FPL.LIB (EXP)
  C:\KEIL_V5\C51\LIB\C51FPL.LIB (LOG)
  C:\KEIL_V5\C51\LIB\C51FPL.LIB (?C?FPDIV)
  C:\KEIL_V5\C51\LIB\C51FPL.LIB (?C?FTNPWR)
  C:\KEIL_V5\C51\LIB\C51FPL.LIB (?C?FPSERIES)
  C:\KEIL_V5\C51\LIB\C51L.LIB (?C_STARTUP)
  C:\KEIL_V5\C51\LIB\C51L.LIB (?C?COPY)
  C:\KEIL_V5\C51\LIB\C51L.LIB (?C?CLDPTR)
  C:\KEIL_V5\C51\LIB\C51L.LIB (?C?CLDOPTR)
  C:\KEIL_V5\C51\LIB\C51L.LIB (?C?CSTPTR)
  C:\KEIL_V5\C51\LIB\C51L.LIB (?C?CSTOPTR)
  C:\KEIL_V5\C51\LIB\C51L.LIB (?C?IMUL)
  C:\KEIL_V5\C51\LIB\C51L.LIB (?C?IILDX)
  C:\KEIL_V5\C51\LIB\C51L.LIB (?C?LNEG)
  C:\KEIL_V5\C51\LIB\C51L.LIB (?C?SLCMP)
  C:\KEIL_V5\C51\LIB\C51L.LIB (?C?ULCMP)
  C:\KEIL_V5\C51\LIB\C51L.LIB (?C?ULSHR)
  C:\KEIL_V5\C51\LIB\C51L.LIB (?C?LSHL)
  C:\KEIL_V5\C51\LIB\C51L.LIB (?C?LLDCODE)
  C:\KEIL_V5\C51\LIB\C51L.LIB (?C?LLDXDATA0)
  C:\KEIL_V5\C51\LIB\C51L.LIB (?C?LLDCODE0)
BL51 BANKED LINKER/LOCATER V6.22.2.0                                                  06/09/2021  12:25:34  PAGE 2


  C:\KEIL_V5\C51\LIB\C51L.LIB (?C?LSTXDATA)
  C:\KEIL_V5\C51\LIB\C51L.LIB (?C?LSTKXDATA)
  C:\KEIL_V5\C51\LIB\C51L.LIB (?C?PLDIXDATA)
  C:\KEIL_V5\C51\LIB\C51L.LIB (?C?PSTXDATA)
  C:\KEIL_V5\C51\LIB\C51L.LIB (?C?CCASE)
  C:\KEIL_V5\C51\LIB\C51L.LIB (STRCAT)
  C:\KEIL_V5\C51\LIB\C51L.LIB (?C?STRCMP)
  C:\KEIL_V5\C51\LIB\C51L.LIB (?C?STRCPY)
  C:\KEIL_V5\C51\LIB\C51L.LIB (STRLEN)
  C:\KEIL_V5\C51\LIB\C51L.LIB (STRTOK)
  C:\KEIL_V5\C51\LIB\C51L.LIB (ATOL)
  C:\KEIL_V5\C51\LIB\C51L.LIB (ATOI)
  C:\KEIL_V5\C51\LIB\C51L.LIB (?C_INIT)
  C:\KEIL_V5\C51\LIB\C51L.LIB (?C?ILDIX)
  C:\KEIL_V5\C51\LIB\C51L.LIB (?C?LMUL)
  C:\KEIL_V5\C51\LIB\C51L.LIB (ISDIGIT)
  C:\KEIL_V5\C51\LIB\C51L.LIB (ISSPACE)
  C:\KEIL_V5\C51\LIB\C51L.LIB (STRSPN)
  C:\KEIL_V5\C51\LIB\C51L.LIB (STRPBRK)


LINK MAP OF MODULE:  .\Objects\expedidor_v_01_raspberry (MAIN)


            TYPE    BASE      LENGTH    RELOCATION   SEGMENT NAME
            -----------------------------------------------------

            * * * * * * *   D A T A   M E M O R Y   * * * * * * *
            REG     0000H     0008H     ABSOLUTE     "REG BANK 0"
            DATA    0008H     0005H     UNIT         _DATA_GROUP_
            DATA    000DH     0004H     UNIT         ?DT?UART
            IDATA   0011H     0009H     UNIT         ?ID?MONITOR
                    001AH     0006H                  *** GAP ***
            BIT     0020H.0   0001H.1   UNIT         _BIT_GROUP_
            BIT     0021H.1   0000H.3   UNIT         ?BI?MAIN
            BIT     0021H.4   0000H.2   UNIT         ?BI?UART
            BIT     0021H.6   0000H.1   UNIT         ?BI?EEPROM
            BIT     0021H.7   0000H.1   UNIT         ?BI?IO_SENSORES
            BIT     0022H.0   0000H.1   UNIT         ?BI?VERIFICADOR
                    0022H.1   0000H.7                *** GAP ***
            IDATA   0023H     0046H     UNIT         ?ID?MAIN
            IDATA   0069H     0001H     UNIT         ?STACK

            * * * * * * *  X D A T A   M E M O R Y  * * * * * * *
            XDATA   0000H     00B7H     UNIT         _XDATA_GROUP_
            XDATA   00B7H     0091H     UNIT         ?XD?VERIFICADOR
            XDATA   0148H     006CH     UNIT         ?XD?MAIN
            XDATA   01B4H     0059H     UNIT         ?XD?PROG
            XDATA   020DH     0003H     UNIT         ?XD?EEPROM
            XDATA   0210H     0003H     UNIT         ?XD?UART
            XDATA   0213H     0003H     UNIT         ?XD?STRTOK
            XDATA   0216H     0002H     UNIT         ?XD?IO_SENSORES
            XDATA   0218H     0001H     UNIT         ?XD?ACCESCAN
            XDATA   0219H     0001H     UNIT         ?XD?CLOCK

            * * * * * * *   C O D E   M E M O R Y   * * * * * * *
            CODE    0000H     0003H     ABSOLUTE     
BL51 BANKED LINKER/LOCATER V6.22.2.0                                                  06/09/2021  12:25:34  PAGE 3


            CODE    0003H     0008H     UNIT         ?PR?P_CK?CLOCK
            CODE    000BH     0003H     ABSOLUTE     
            CODE    000EH     0015H     UNIT         ?PR?_STRLEN?STRLEN
            CODE    0023H     0003H     ABSOLUTE     
            CODE    0026H     1308H     UNIT         ?CO?PROG
            CODE    132EH     0B8BH     UNIT         ?C?LIB_CODE
            CODE    1EB9H     08BDH     UNIT         ?CO?VERIFICADOR
            CODE    2776H     0747H     UNIT         ?PR?_PANTALLALCD?PANTALLAS
            CODE    2EBDH     06EFH     UNIT         ?CO?PANTALLAS
            CODE    35ACH     0516H     UNIT         ?PR?_VALIDA_TRAMA_PTO?ACCESCAN
            CODE    3AC2H     04DAH     UNIT         ?PR?_SECUENCIAEXPEDIDORMF?VERIFICADOR
            CODE    3F9CH     0483H     UNIT         ?PR?PRINTF?PRINTF
            CODE    441FH     035CH     UNIT         ?PR?VER_PROG?PROG
            CODE    477BH     02D0H     UNIT         ?PR?_TWO_BYTEHEX_DECIMAL?CLOCK
            CODE    4A4BH     02B7H     UNIT         ?PR?_PROG_HORARIO_DIAS?PROG
            CODE    4D02H     02A5H     UNIT         ?PR?_PANTALLALCD_LINEA_2?PANTALLAS
            CODE    4FA7H     02A3H     UNIT         ?PR?_ARMAR_TRAMA_MONITOR?VERIFICADOR
            CODE    524AH     0256H     UNIT         ?PR?_ARMAR_TRAMA_PTO_PARALELO_EXPEDIDOR?VERIFICADOR
            CODE    54A0H     022CH     UNIT         ?PR?MENU?PROG
            CODE    56CCH     0208H     UNIT         ?PR?_HASH_ID?PROG
            CODE    58D4H     01FAH     UNIT         ?PR?_PROG_HORARIO_DESDE_HASTA?PROG
            CODE    5ACEH     01F5H     UNIT         ?PR?PROG_FECHA_VENCIMIENTO?PROG
            CODE    5CC3H     01EBH     UNIT         ?PR?_ARMAR_TRAMA_TARJETA_SECTOR1_BLOQUE2?VERIFICADOR
            CODE    5EAEH     01DFH     UNIT         ?PR?_RESPONDE_LECTURA_TARJETA_SECTOR1_BLOQUE1?VERIFICADOR
            CODE    608DH     01D8H     UNIT         ?PR?_BLOCK_READ_CLOCK_ASCII_RASBERRY?CLOCK
            CODE    6265H     01B3H     UNIT         ?PR?COM_ISR?UART
            CODE    6418H     01A4H     UNIT         ?PR?_VALIDA_TIPO_TARJETA?VERIFICADOR
            CODE    65BCH     01A3H     UNIT         ?CO?LINTECH
            CODE    675FH     016EH     UNIT         ?PR?_BLOCK_READ_CLOCK_ASCII?CLOCK
            CODE    68CDH     0166H     UNIT         ?PR?_POW?POW
            CODE    6A33H     0157H     UNIT         ?PR?_RESPONDE_REELECTURA_TARJETA_SECTOR1_BLOQUE2?VERIFICADOR
            CODE    6B8AH     0145H     UNIT         ?PR?PROG_HORARIOS?PROG
            CODE    6CCFH     013EH     UNIT         ?PR?PROG_SIN_COBRO?PROG
            CODE    6E0DH     013EH     UNIT         ?PR?SECUENCIA_INICIO_EXPEDIDOR?VERIFICADOR
            CODE    6F4BH     013CH     UNIT         ?PR?LOAD_AND_SEND_ID_COD?PTO_PARALELO
            CODE    7087H     0137H     UNIT         ?PR?VER_HORARIO?PROG
            CODE    71BEH     012EH     UNIT         ?PR?_ARMAR_TRAMA_PTO_PARALELO_EXPEDIDOR_MENSUAL?VERIFICADOR
            CODE    72ECH     012BH     UNIT         ?PR?_RESPONDE_LECTURA_TARJETA_SECTOR1_BLOQUE2?VERIFICADOR
            CODE    7417H     0129H     UNIT         ?PR?LOG?LOG
            CODE    7540H     0128H     UNIT         ?PR?_VER_HORARIO_DIAS?PROG
            CODE    7668H     011AH     UNIT         ?PR?_PROG_HORARIOS_ON_OFF?PROG
            CODE    7782H     0119H     UNIT         ?PR?_VER_HORARIO_DESDE_HASTA?PROG
            CODE    789BH     0115H     UNIT         ?PR?_VALIDAR_CLK?CLOCK
            CODE    79B0H     010FH     UNIT         ?PR?_HORARIOS?VERIFICADOR
            CODE    7ABFH     010CH     UNIT         ?PR?_ATOL?ATOL
            CODE    7BCBH     0100H     UNIT         ?PR?_WR_MF?LINTECH
            CODE    7CCBH     00FCH     UNIT         ?PR?PROG_DEBUG?PROG
            CODE    7DC7H     00FCH     UNIT         ?PR?PROG_USE_LPR?PROG
            CODE    7EC3H     00FCH     UNIT         ?PR?TIPO_PANTALLA?PROG
            CODE    7FBFH     00FCH     UNIT         ?PR?PROG_ANTIPASSBACK?PROG
            CODE    80BBH     00FCH     UNIT         ?PR?PROG_PLACA?PROG
            CODE    81B7H     00FCH     UNIT         ?PR?PROG_VALIDAR_TIPO_VEHICULO_MENSUAL?PROG
            CODE    82B3H     00FCH     UNIT         ?PR?PROG_APB_MENSUAL?PROG
            CODE    83AFH     00FCH     UNIT         ?PR?_BLOQUE_HORARIO?VERIFICADOR
            CODE    84ABH     00F1H     UNIT         ?PR?_WRITE_EEPROM_TICKET?EEPROM
            CODE    859CH     00F0H     UNIT         ?CO?IO_SENSORES
            CODE    868CH     00EAH     UNIT         ?PR?_MOV_CARD?LINTECH
BL51 BANKED LINKER/LOCATER V6.22.2.0                                                  06/09/2021  12:25:34  PAGE 4


            CODE    8776H     00E4H     UNIT         ?PR?_STRTOK?STRTOK
            CODE    885AH     00DEH     UNIT         ?PR?PROG_ADDRESS_HIGH_BOARD?PROG
            CODE    8938H     00DBH     UNIT         ?PR?_ATOI?ATOI
            CODE    8A13H     00D7H     UNIT         ?PR?_ANALIZA_UID_CARD?VERIFICADOR
            CODE    8AEAH     00D6H     UNIT         ?PR?_CMD_LPR_SALIDA_WIEGAND?ACCESCAN
            CODE    8BC0H     00D3H     UNIT         ?C_INITSEG
            CODE    8C93H     00CCH     UNIT         ?PR?_GRABA_SERIE?EEPROM
            CODE    8D5FH     00CBH     UNIT         ?PR?_RTA_CMD_TRANSPORTE?VERIFICADOR
            CODE    8E2AH     00CAH     UNIT         ?PR?READ_EEPROM_TICKET?EEPROM
            CODE    8EF4H     00C9H     UNIT         ?PR?_CHECK_FECHAOUT?CLOCK
            CODE    8FBDH     00C4H     UNIT         ?PR?_BLOCK_READ_CLOCK?CLOCK
            CODE    9081H     00C4H     UNIT         ?PR?_TARJETA_MENSUAL?VERIFICADOR
            CODE    9145H     00C3H     UNIT         ?PR?_RD_MF?LINTECH
            CODE    9208H     00C2H     UNIT         ?PR?PROG_TARJETA_AUTOMATICA_O_BOTON?PROG
            CODE    92CAH     00C1H     UNIT         ?PR?_RECIBE_CMD_MONITOR?MONITOR
            CODE    938BH     00BEH     UNIT         ?PR?ERROR_RX_PTO?VERIFICADOR
            CODE    9449H     00BDH     UNIT         ?PR?PROG_COD_PARK?PROG
            CODE    9506H     00BDH     UNIT         ?PR?PROG_TIEMPO_GRACIA?PROG
            CODE    95C3H     00BBH     UNIT         ?PR?_VALIDA_TRAMA_MONITOR?MONITOR
            CODE    967EH     00B9H     UNIT         ?CO?TIBBO
            CODE    9737H     00B6H     UNIT         ?PR?PROG_ID_CLIENTE?PROG
            CODE    97EDH     00B5H     UNIT         ?PR?_WAIT_PLACA?VERIFICADOR
            CODE    98A2H     00B4H     UNIT         ?PR?_SEND_PORT?PTO_PARALELO
            CODE    9956H     00AFH     UNIT         ?PR?MSJ_LCD_INFORMATIVO?IO_SENSORES
            CODE    9A05H     00ACH     UNIT         ?PR?_HORA_MAXIMA?VERIFICADOR
            CODE    9AB1H     00AAH     UNIT         ?PR?CLAVE_SEGURIDAD_S2?LINTECH
            CODE    9B5BH     00A9H     UNIT         ?PR?DWLOAD_EEPROM?LINTECH
            CODE    9C04H     00A6H     UNIT         ?PR?_BLOCK_READ_CLOCK_HEX?CLOCK
            CODE    9CAAH     00A5H     UNIT         ?PR?_SEND_PTO_PARALELO?VERIFICADOR
            CODE    9D4FH     00A4H     UNIT         ?PR?_ARMAR_TRAMA_TARJETA_SECTOR1_BLOQUE1_CAMCEL?VERIFICADOR
            CODE    9DF3H     00A1H     UNIT         ?PR?_BLOCK_WRITE_CLOCK_ASCII?CLOCK
            CODE    9E94H     009DH     UNIT         ?PR?_INICIALIZA?LINTECH
            CODE    9F31H     009CH     UNIT         ?PR?_RESPUESTA_PLACA_CANCEL?VERIFICADOR
            CODE    9FCDH     009AH     UNIT         ?PR?_RESPONDE_LECTURA_TARJETA_SECTOR1_BLOQUE0?VERIFICADOR
            CODE    A067H     009AH     UNIT         ?PR?EXP?EXP
            CODE    A101H     0099H     UNIT         ?PR?SHOW?PROG
            CODE    A19AH     0099H     UNIT         ?PR?_RECIBE_PORT?PTO_PARALELO
            CODE    A233H     0098H     UNIT         ?PR?_VALIDA_VEHICULO_CARD_MENSUAL?VERIFICADOR
            CODE    A2CBH     0091H     UNIT         ?PR?_HEX_ASCII?CLOCK
            CODE    A35CH     0091H     UNIT         ?PR?_CARD_INSERCION?LINTECH
            CODE    A3EDH     0090H     UNIT         ?PR?_LEE_CLK?CLOCK
            CODE    A47DH     0090H     UNIT         ?PR?_GETOPTION?PROG
            CODE    A50DH     0090H     UNIT         ?PR?_DISPARO_LOCK_ENTRADA_VEHICULO?VERIFICADOR
            CODE    A59DH     0090H     UNIT         ?PR?ENTREGA_CARD_CAPTURA?VERIFICADOR
            CODE    A62DH     008DH     UNIT         ?PR?LOADVERIFY_EEPROM?LINTECH
            CODE    A6BAH     008CH     UNIT         ?C_C51STARTUP
            CODE    A746H     0088H     UNIT         ?PR?_SEND_PORTERR?PTO_PARALELO
            CODE    A7CEH     0088H     UNIT         ?PR?RX_DATA?TIBBO
            CODE    A856H     0088H     UNIT         ?PR?UNIQUE_IDENTIFIER_UID?LINTECH
            CODE    A8DEH     0086H     UNIT         ?PR?_CHECK_STATUS?LINTECH
            CODE    A964H     0084H     UNIT         ?PR?_DEBUGBUFFERMF?TIBBO
            CODE    A9E8H     0084H     UNIT         ?PR?_STRSPN?STRSPN
            CODE    AA6CH     0083H     UNIT         ?PR?_RASPBERRY_DATA?PANTALLAS
            CODE    AAEFH     0081H     UNIT         ?PR?_STRPBRK?STRPBRK
            CODE    AB70H     0080H     UNIT         ?PR?_INGRESADATO?PROG
            CODE    ABF0H     0080H     UNIT         ?PR?AUT_CARD_CHECK_STATUS?LINTECH
            CODE    AC70H     0080H     UNIT         ?PR?POWER_OFF?LINTECH
BL51 BANKED LINKER/LOCATER V6.22.2.0                                                  06/09/2021  12:25:34  PAGE 5


            CODE    ACF0H     007FH     UNIT         ?PR?MAIN?MAIN
            CODE    AD6FH     007DH     UNIT         ?PR?RELOJ_PANTALLA_LCD?PANTALLAS
            CODE    ADECH     007CH     UNIT         ?PR?RESPONDE_ESTADO_SENSORES_TRANSPORTE?VERIFICADOR
            CODE    AE68H     0077H     UNIT         ?PR?RESPONDE_TIPO_TARJETA?VERIFICADOR
            CODE    AEDFH     0074H     UNIT         ?PR?_HORA_ENTRADA_VEHICULO?CLOCK
            CODE    AF53H     0071H     UNIT         ?PR?_EN_HORARIO?VERIFICADOR
            CODE    AFC4H     006FH     UNIT         ?PR?_ESCRIBIRMEMORIA?EEPROM
            CODE    B033H     006CH     UNIT         ?PR?_RESPONDE_WRITE_TARJETA_SECTOR1_BLOQUE2?VERIFICADOR
            CODE    B09FH     006BH     UNIT         ?PR?INGRESO_VEHICULO?VERIFICADOR
            CODE    B10AH     006BH     UNIT         ?PR?_STRCAT?STRCAT
            CODE    B175H     0066H     UNIT         ?PR?_LEERMEMORIA?EEPROM
            CODE    B1DBH     0062H     UNIT         ?PR?_LISTACOMANDOS?PROG
            CODE    B23DH     005EH     UNIT         ?PR?_BYTEHEX_DECIMAL?CLOCK
            CODE    B29BH     005DH     UNIT         ?PR?_RESPUESTA_SEGUNDA_CLAVE?VERIFICADOR
            CODE    B2F8H     005CH     UNIT         ?PR?_ARMAR_TRAMA_PLACA?VERIFICADOR
            CODE    B354H     005BH     UNIT         ?PR?VALIDA_SENSOR1_AUTO?IO_SENSORES
            CODE    B3AFH     0056H     UNIT         ?PR?_WR_EEPROM?EEPROM
            CODE    B405H     0054H     UNIT         ?PR?_PREGUNTA_LPR?VERIFICADOR
            CODE    B459H     004DH     UNIT         ?PR?L_D_M?EEPROM
            CODE    B4A6H     004CH     UNIT         ?PR?LEE_NO_TICKET?EEPROM
            CODE    B4F2H     004CH     UNIT         ?PR?LOAD_AND_SEND_INFO_RELOJ?PTO_PARALELO
            CODE    B53EH     004BH     UNIT         ?PR?_TX_AUX?TIBBO
            CODE    B589H     0049H     UNIT         ?PR?_DEBUG_TXT_TIBBO?TIBBO
            CODE    B5D2H     0048H     UNIT         ?PR?FIRST_CLAVE?PROG
            CODE    B61AH     0047H     UNIT         ?PR?_DEBUG_CHR_TIBBO?TIBBO
            CODE    B661H     0047H     UNIT         ?PR?_RESPONDE_WRITE_TARJETA_SECTOR2_BLOQUE0?VERIFICADOR
            CODE    B6A8H     0046H     UNIT         ?PR?_ESCRIBIRCADENASOFT_BUFFER?MAIN
            CODE    B6EEH     0046H     UNIT         ?PR?_LCD_TXT_NUM_CHAR?PANTALLAS
            CODE    B734H     0046H     UNIT         ?PR?_DEBUG_HEXDEC?TIBBO
            CODE    B77AH     0045H     UNIT         ?PR?VARIABLE_INICIO?MAIN
            CODE    B7BFH     0044H     UNIT         ?PR?_LCD_TXT?PANTALLAS
            CODE    B803H     0043H     UNIT         ?PR?DIR_BOARD?IO_SENSORES
            CODE    B846H     0042H     UNIT         ?PR?_VALIDARCLAVE?PROG
            CODE    B888H     0041H     UNIT         ?PR?_MONITOR_CHR?ACCESCAN
            CODE    B8C9H     0041H     UNIT         ?PR?_TWO_ONE?CLOCK
            CODE    B90AH     0040H     UNIT         ?PR?_GETCMD?PROG
            CODE    B94AH     0040H     UNIT         ?PR?_DEBUG_PTO_PARALELO?TIBBO
            CODE    B98AH     003FH     UNIT         ?PR?_EB_CLK?CLOCK
            CODE    B9C9H     003EH     UNIT         ?PR?_PUTCHAR?MAIN
            CODE    BA07H     003EH     UNIT         ?PR?TRAMA_VALIDACION_P_N?VERIFICADOR
            CODE    BA45H     003DH     UNIT         ?PR?_HEX_BCD?CLOCK
            CODE    BA82H     003DH     UNIT         ?PR?_RD_EEPROM?EEPROM
            CODE    BABFH     003DH     UNIT         ?PR?_DEBUG_MONITOR?TIBBO
            CODE    BAFCH     003DH     UNIT         ?PR?_LOAD_SECUENCIA_EXPEDIDOR?VERIFICADOR
            CODE    BB39H     003BH     UNIT         ?CO?ACCESCAN
            CODE    BB74H     003BH     UNIT         ?CO?EEPROM
            CODE    BBAFH     003BH     UNIT         ?PR?_COM_PUTCHAR?UART
            CODE    BBEAH     003AH     UNIT         ?PR?_DELAY_10MS?DELAY
            CODE    BC24H     003AH     UNIT         ?PR?ANALIZA_CARD_MOUNT_RF?VERIFICADOR
            CODE    BC5EH     0038H     UNIT         ?PR?VALIDASENSORESPASO?IO_SENSORES
            CODE    BC96H     0036H     UNIT         ?PR?FORMATO_EEPROM?EEPROM
            CODE    BCCCH     0036H     UNIT         ?PR?_RESPONDE_WRITE_TARJETA_SECTOR1_BLOQUE1?VERIFICADOR
            CODE    BD02H     0036H     UNIT         ?PR?_RESPONDE_WRITE_TARJETA_SECTOR1_BLOQUE0?VERIFICADOR
            CODE    BD38H     0034H     UNIT         ?PR?_CALCULO_BCC?ACCESCAN
            CODE    BD6CH     0034H     UNIT         ?PR?INCREMENTE_TICKET?EEPROM
            CODE    BDA0H     0034H     UNIT         ?PR?ADDR_HORARIOS?PROG
            CODE    BDD4H     0031H     UNIT         ?PR?_TARJETA_ROTACION?VERIFICADOR
BL51 BANKED LINKER/LOCATER V6.22.2.0                                                  06/09/2021  12:25:34  PAGE 6


            CODE    BE05H     0030H     UNIT         ?PR?PREGUNTA_PLACA?VERIFICADOR
            CODE    BE35H     002EH     UNIT         ?PR?TIMER0_INT?MAIN
            CODE    BE63H     002AH     UNIT         ?PR?COM_INITIALIZE?UART
            CODE    BE8DH     0028H     UNIT         ?PR?_WR_CLK?CLOCK
            CODE    BEB5H     0028H     UNIT         ?PR?COM_BAUDRATE?UART
            CODE    BEDDH     0028H     UNIT         ?PR?_ARMAR_TRAMA_TARJETA_SECTOR1_BLOQUE0?VERIFICADOR
            CODE    BF05H     0027H     UNIT         ?PR?_TX_CHRLCD?PANTALLAS
            CODE    BF2CH     0026H     UNIT         ?PR?COM_GETCHAR?UART
            CODE    BF52H     0026H     UNIT         ?PR?ANALIZA_PRESENCIA_MENSUAL?VERIFICADOR
            CODE    BF78H     0026H     UNIT         ?PR?RX_MONITOR?MONITOR
            CODE    BF9EH     0023H     UNIT         ?PR?ANALIZA_PRESENCIA_ROTACION?VERIFICADOR
            CODE    BFC1H     0022H     UNIT         ?PR?_E_D_M?EEPROM
            CODE    BFE3H     0022H     UNIT         ?PR?VALIDASENSOR_CERO?IO_SENSORES
            CODE    C005H     0021H     UNIT         ?CO?PTO_PARALELO
            CODE    C026H     0020H     UNIT         ?PR?ACKD?EEPROM
            CODE    C046H     0020H     UNIT         ?PR?ACK_LECT?EEPROM
            CODE    C066H     001FH     UNIT         ?PR?VALIDASENSOR?IO_SENSORES
            CODE    C085H     001FH     UNIT         ?PR?TIME_BIT?TIBBO
            CODE    C0A4H     001EH     UNIT         ?PR?_BCD_HEX?CLOCK
            CODE    C0C2H     001BH     UNIT         ?PR?_DELAY_1MS?DELAY
            CODE    C0DDH     0018H     UNIT         ?PR?CLEAR_PLACA?MONITOR
            CODE    C0F5H     0017H     UNIT         ?PR?DISPLAYCURSOR?PROG
            CODE    C10CH     0017H     UNIT         ?PR?TIME_MBIT?TIBBO
            CODE    C123H     0016H     UNIT         ?PR?DIR_BOARD_MONITOR?IO_SENSORES
            CODE    C139H     0014H     UNIT         ?CO?CLOCK
            CODE    C14DH     0014H     UNIT         ?PR?_ISSPACE?ISSPACE
            CODE    C161H     0012H     UNIT         ?PR?_DELAY_20US?DELAY
            CODE    C173H     0012H     UNIT         ?PR?START?EEPROM
            CODE    C185H     0012H     UNIT         ?PR?BOTTON?IO_SENSORES
            CODE    C197H     0012H     UNIT         ?PR?PULSO_BUS?PTO_PARALELO
            CODE    C1A9H     0012H     UNIT         ?PR?COM_RBUFLEN?UART
            CODE    C1BBH     0012H     UNIT         ?PR?COM_TBUFLEN?UART
            CODE    C1CDH     0010H     UNIT         ?PR?INI_TIMER?MAIN
            CODE    C1DDH     0010H     UNIT         ?PR?INICIA_BOARD?MAIN
            CODE    C1EDH     000FH     UNIT         ?PR?_ISDIGIT?ISDIGIT
            CODE    C1FCH     000CH     UNIT         ?PR?_GETKEY?MAIN
            CODE    C208H     000AH     UNIT         ?PR?STOP?EEPROM
            CODE    C212H     000AH     UNIT         ?PR?COND_INI_PTO?PTO_PARALELO
            CODE    C21CH     0009H     UNIT         ?PR?DEBUG_DIVIDIR_TEXTO?TIBBO
            CODE    C225H     0009H     UNIT         ?PR?CAPTURA_EXPULSA?VERIFICADOR
            CODE    C22EH     0007H     UNIT         ?PR?COND_INI_CLOCK?CLOCK
            CODE    C235H     0007H     UNIT         ?PR?SEL_FUNCION?IO_SENSORES
            CODE    C23CH     0007H     UNIT         ?PR?SEL_AUTO?IO_SENSORES
            CODE    C243H     0007H     UNIT         ?PR?SEL_PULSA?IO_SENSORES
            CODE    C24AH     0007H     UNIT         ?PR?SEL_SENSOR2?IO_SENSORES
            CODE    C251H     0007H     UNIT         ?PR?SEL_SENSOR1?IO_SENSORES
            CODE    C258H     0007H     UNIT         ?PR?SEL_DIR1?IO_SENSORES
            CODE    C25FH     0007H     UNIT         ?PR?SEL_DIR2?IO_SENSORES
            CODE    C266H     0006H     UNIT         ?PR?P_ME?EEPROM
            CODE    C26CH     0005H     UNIT         ?PR?ON_TIMER0_INTERRUP?MAIN
            CODE    C271H     0005H     UNIT         ?PR?COND_INI_TIBBO?TIBBO
            CODE    C276H     0003H     UNIT         ?PR?OFF_TIMER0_INTERRUP?MAIN
            CODE    C279H     0001H     UNIT         ?PR?DELAY?DELAY



OVERLAY MAP OF MODULE:   .\Objects\expedidor_v_01_raspberry (MAIN)
BL51 BANKED LINKER/LOCATER V6.22.2.0                                                  06/09/2021  12:25:34  PAGE 7




SEGMENT                                             BIT_GROUP          DATA_GROUP          XDATA_GROUP
  +--> CALLED SEGMENT                            START    LENGTH     START    LENGTH     START    LENGTH
--------------------------------------------------------------------------------------------------------
?C_C51STARTUP                                    -----    -----      -----    -----      -----    -----
  +--> ?PR?MAIN?MAIN
  +--> ?C_INITSEG

?PR?MAIN?MAIN                                    -----    -----      -----    -----      0000H    0001H
  +--> ?PR?INI_TIMER?MAIN
  +--> ?PR?ON_TIMER0_INTERRUP?MAIN
  +--> ?PR?COM_INITIALIZE?UART
  +--> ?PR?COM_BAUDRATE?UART
  +--> ?PR?INICIA_BOARD?MAIN
  +--> ?PR?TIME_BIT?TIBBO
  +--> ?PR?_DELAY_20US?DELAY
  +--> ?PR?TIME_MBIT?TIBBO
  +--> ?PR?_TX_AUX?TIBBO
  +--> ?PR?SEL_FUNCION?IO_SENSORES
  +--> ?PR?MENU?PROG
  +--> ?PR?VARIABLE_INICIO?MAIN
  +--> ?PR?SECUENCIA_INICIO_EXPEDIDOR?VERIFI...
  +--> ?PR?RX_MONITOR?MONITOR
  +--> ?PR?_SECUENCIAEXPEDIDORMF?VERIFICADOR
  +--> ?PR?_RECIBE_PORT?PTO_PARALELO
  +--> ?PR?_DEBUG_PTO_PARALELO?TIBBO
  +--> ?PR?_VALIDA_TRAMA_PTO?ACCESCAN
  +--> ?PR?MSJ_LCD_INFORMATIVO?IO_SENSORES

?PR?COM_INITIALIZE?UART                          -----    -----      -----    -----      -----    -----
  +--> ?PR?COM_BAUDRATE?UART

?PR?INICIA_BOARD?MAIN                            -----    -----      -----    -----      -----    -----
  +--> ?PR?COND_INI_TIBBO?TIBBO
  +--> ?PR?COND_INI_CLOCK?CLOCK
  +--> ?PR?COND_INI_PTO?PTO_PARALELO

?PR?_TX_AUX?TIBBO                                -----    -----      -----    -----      -----    -----
  +--> ?PR?TIME_BIT?TIBBO

?PR?MENU?PROG                                    -----    -----      -----    -----      0001H    0045H
  +--> ?CO?PROG
  +--> ?PR?PRINTF?PRINTF
  +--> ?PR?_RD_EEPROM?EEPROM
  +--> ?PR?FIRST_CLAVE?PROG
  +--> ?PR?_WR_EEPROM?EEPROM
  +--> ?PR?_LEERMEMORIA?EEPROM
  +--> ?PR?_HASH_ID?PROG
  +--> ?PR?_INGRESADATO?PROG
  +--> ?PR?_GETCMD?PROG
  +--> ?PR?_ESCRIBIRMEMORIA?EEPROM
  +--> ?PR?_VALIDARCLAVE?PROG
  +--> ?PR?DISPLAYCURSOR?PROG
  +--> ?PR?_STRLEN?STRLEN
  +--> ?PR?_GETOPTION?PROG
  +--> ?PR?_STRCAT?STRCAT
BL51 BANKED LINKER/LOCATER V6.22.2.0                                                  06/09/2021  12:25:34  PAGE 8


  +--> ?PR?_LISTACOMANDOS?PROG
  +--> ?PR?PROG_ID_CLIENTE?PROG
  +--> ?PR?PROG_COD_PARK?PROG
  +--> ?PR?PROG_TIEMPO_GRACIA?PROG
  +--> ?PR?PROG_SIN_COBRO?PROG
  +--> ?PR?PROG_DEBUG?PROG
  +--> ?PR?PROG_USE_LPR?PROG
  +--> ?PR?TIPO_PANTALLA?PROG
  +--> ?PR?PROG_TARJETA_AUTOMATICA_O_BOTON?PROG
  +--> ?PR?PROG_ANTIPASSBACK?PROG
  +--> ?PR?PROG_PLACA?PROG
  +--> ?PR?PROG_ADDRESS_HIGH_BOARD?PROG
  +--> ?PR?PROG_HORARIOS?PROG
  +--> ?PR?PROG_VALIDAR_TIPO_VEHICULO_MENSUA...
  +--> ?PR?PROG_APB_MENSUAL?PROG
  +--> ?PR?VER_PROG?PROG
  +--> ?PR?SHOW?PROG
  +--> ?PR?PROG_FECHA_VENCIMIENTO?PROG

?PR?PRINTF?PRINTF                                0020H.0  0001H.1    0008H    0005H      0077H    0030H
  +--> ?PR?_PUTCHAR?MAIN

?PR?_PUTCHAR?MAIN                                -----    -----      -----    -----      00A7H    0003H
  +--> ?PR?_COM_PUTCHAR?UART

?PR?_COM_PUTCHAR?UART                            -----    -----      -----    -----      00AAH    0001H
  +--> ?PR?COM_TBUFLEN?UART

?PR?_RD_EEPROM?EEPROM                            -----    -----      -----    -----      -----    -----
  +--> ?PR?START?EEPROM
  +--> ?PR?ACK_LECT?EEPROM
  +--> ?PR?_E_D_M?EEPROM
  +--> ?PR?ACKD?EEPROM
  +--> ?PR?L_D_M?EEPROM
  +--> ?PR?STOP?EEPROM

?PR?ACK_LECT?EEPROM                              -----    -----      -----    -----      -----    -----
  +--> ?PR?_E_D_M?EEPROM

?PR?_E_D_M?EEPROM                                -----    -----      -----    -----      -----    -----
  +--> ?PR?P_ME?EEPROM

?PR?ACKD?EEPROM                                  -----    -----      -----    -----      -----    -----
  +--> ?PR?_E_D_M?EEPROM

?PR?FIRST_CLAVE?PROG                             -----    -----      -----    -----      0046H    000BH
  +--> ?PR?_BLOCK_READ_CLOCK_ASCII?CLOCK
  +--> ?PR?_HASH_ID?PROG
  +--> ?PR?_ESCRIBIRMEMORIA?EEPROM

?PR?_BLOCK_READ_CLOCK_ASCII?CLOCK                -----    -----      -----    -----      0051H    0003H
  +--> ?PR?_LEE_CLK?CLOCK

?PR?_LEE_CLK?CLOCK                               -----    -----      -----    -----      00B1H    0003H
  +--> ?PR?_DELAY_20US?DELAY
  +--> ?PR?_EB_CLK?CLOCK
  +--> ?PR?P_CK?CLOCK
BL51 BANKED LINKER/LOCATER V6.22.2.0                                                  06/09/2021  12:25:34  PAGE 9



?PR?_EB_CLK?CLOCK                                -----    -----      -----    -----      00B4H    0003H
  +--> ?PR?P_CK?CLOCK

?PR?P_CK?CLOCK                                   -----    -----      -----    -----      -----    -----
  +--> ?PR?DELAY?DELAY

?PR?_HASH_ID?PROG                                -----    -----      -----    -----      005DH    003FH
  +--> ?CO?PROG
  +--> ?PR?_LEERMEMORIA?EEPROM
  +--> ?PR?_CHECK_FECHAOUT?CLOCK
  +--> ?PR?_STRLEN?STRLEN

?PR?_LEERMEMORIA?EEPROM                          -----    -----      -----    -----      009CH    0005H
  +--> ?PR?_RD_EEPROM?EEPROM

?PR?_CHECK_FECHAOUT?CLOCK                        -----    -----      -----    -----      009CH    0012H
  +--> ?PR?_BLOCK_READ_CLOCK_HEX?CLOCK

?PR?_BLOCK_READ_CLOCK_HEX?CLOCK                  -----    -----      -----    -----      00AEH    0003H
  +--> ?PR?_LEE_CLK?CLOCK
  +--> ?PR?_BCD_HEX?CLOCK

?PR?_ESCRIBIRMEMORIA?EEPROM                      -----    -----      -----    -----      005DH    0005H
  +--> ?PR?_WR_EEPROM?EEPROM

?PR?_WR_EEPROM?EEPROM                            -----    -----      -----    -----      -----    -----
  +--> ?PR?START?EEPROM
  +--> ?PR?ACKD?EEPROM
  +--> ?PR?_E_D_M?EEPROM
  +--> ?PR?STOP?EEPROM
  +--> ?PR?_DELAY_1MS?DELAY
  +--> ?PR?_DELAY_20US?DELAY

?PR?_DELAY_1MS?DELAY                             -----    -----      -----    -----      -----    -----
  +--> ?PR?_DELAY_20US?DELAY

?PR?_INGRESADATO?PROG                            -----    -----      -----    -----      0071H    0004H
  +--> ?PR?_GETKEY?MAIN
  +--> ?CO?PROG
  +--> ?PR?PRINTF?PRINTF
  +--> ?PR?_PUTCHAR?MAIN

?PR?_GETKEY?MAIN                                 -----    -----      -----    -----      -----    -----
  +--> ?PR?COM_GETCHAR?UART

?PR?COM_GETCHAR?UART                             -----    -----      -----    -----      -----    -----
  +--> ?PR?COM_RBUFLEN?UART

?PR?_GETCMD?PROG                                 -----    -----      -----    -----      005DH    0007H
  +--> ?CO?PROG
  +--> ?PR?_STRTOK?STRTOK

?PR?_STRTOK?STRTOK                               -----    -----      -----    -----      0064H    0006H
  +--> ?PR?_STRSPN?STRSPN
  +--> ?PR?_STRPBRK?STRPBRK

BL51 BANKED LINKER/LOCATER V6.22.2.0                                                  06/09/2021  12:25:34  PAGE 10


?PR?_STRSPN?STRSPN                               -----    -----      -----    -----      006AH    0008H

?PR?_STRPBRK?STRPBRK                             -----    -----      -----    -----      006AH    0009H

?PR?_VALIDARCLAVE?PROG                           -----    -----      -----    -----      005DH    000EH

?PR?DISPLAYCURSOR?PROG                           -----    -----      -----    -----      -----    -----
  +--> ?CO?PROG
  +--> ?PR?PRINTF?PRINTF

?PR?_GETOPTION?PROG                              -----    -----      -----    -----      0046H    000BH
  +--> ?CO?PROG
  +--> ?PR?_STRTOK?STRTOK

?PR?_STRCAT?STRCAT                               -----    -----      -----    -----      0048H    0009H

?PR?_LISTACOMANDOS?PROG                          -----    -----      -----    -----      0046H    0007H

?PR?PROG_ID_CLIENTE?PROG                         -----    -----      -----    -----      0046H    000CH
  +--> ?PR?_RD_EEPROM?EEPROM
  +--> ?CO?PROG
  +--> ?PR?PRINTF?PRINTF
  +--> ?PR?_INGRESADATO?PROG
  +--> ?PR?_ATOI?ATOI
  +--> ?PR?_WR_EEPROM?EEPROM

?PR?_ATOI?ATOI                                   0020H.0  0000H.1    -----    -----      0071H    0005H
  +--> ?PR?_ISSPACE?ISSPACE
  +--> ?PR?_ISDIGIT?ISDIGIT

?PR?PROG_COD_PARK?PROG                           -----    -----      -----    -----      0046H    000CH
  +--> ?PR?_RD_EEPROM?EEPROM
  +--> ?CO?PROG
  +--> ?PR?PRINTF?PRINTF
  +--> ?PR?_INGRESADATO?PROG
  +--> ?PR?_ATOI?ATOI
  +--> ?PR?_WR_EEPROM?EEPROM

?PR?PROG_TIEMPO_GRACIA?PROG                      -----    -----      -----    -----      0046H    000CH
  +--> ?PR?_RD_EEPROM?EEPROM
  +--> ?CO?PROG
  +--> ?PR?PRINTF?PRINTF
  +--> ?PR?_INGRESADATO?PROG
  +--> ?PR?_ATOI?ATOI
  +--> ?PR?_WR_EEPROM?EEPROM

?PR?PROG_SIN_COBRO?PROG                          -----    -----      -----    -----      0046H    000CH
  +--> ?PR?_RD_EEPROM?EEPROM
  +--> ?CO?PROG
  +--> ?PR?PRINTF?PRINTF
  +--> ?PR?_INGRESADATO?PROG
  +--> ?PR?_ATOI?ATOI
  +--> ?PR?_WR_EEPROM?EEPROM

?PR?PROG_DEBUG?PROG                              -----    -----      -----    -----      0046H    000CH
  +--> ?PR?_RD_EEPROM?EEPROM
  +--> ?CO?PROG
BL51 BANKED LINKER/LOCATER V6.22.2.0                                                  06/09/2021  12:25:34  PAGE 11


  +--> ?PR?PRINTF?PRINTF
  +--> ?PR?_INGRESADATO?PROG
  +--> ?PR?_ATOI?ATOI
  +--> ?PR?_WR_EEPROM?EEPROM

?PR?PROG_USE_LPR?PROG                            -----    -----      -----    -----      0046H    000CH
  +--> ?PR?_RD_EEPROM?EEPROM
  +--> ?CO?PROG
  +--> ?PR?PRINTF?PRINTF
  +--> ?PR?_INGRESADATO?PROG
  +--> ?PR?_ATOI?ATOI
  +--> ?PR?_WR_EEPROM?EEPROM

?PR?TIPO_PANTALLA?PROG                           -----    -----      -----    -----      0046H    000CH
  +--> ?PR?_RD_EEPROM?EEPROM
  +--> ?CO?PROG
  +--> ?PR?PRINTF?PRINTF
  +--> ?PR?_INGRESADATO?PROG
  +--> ?PR?_ATOI?ATOI
  +--> ?PR?_WR_EEPROM?EEPROM

?PR?PROG_TARJETA_AUTOMATICA_O_BOTON?PROG         -----    -----      -----    -----      0046H    000CH
  +--> ?PR?_RD_EEPROM?EEPROM
  +--> ?CO?PROG
  +--> ?PR?PRINTF?PRINTF
  +--> ?PR?_INGRESADATO?PROG
  +--> ?PR?_ATOI?ATOI
  +--> ?PR?_WR_EEPROM?EEPROM

?PR?PROG_ANTIPASSBACK?PROG                       -----    -----      -----    -----      0046H    000CH
  +--> ?PR?_RD_EEPROM?EEPROM
  +--> ?CO?PROG
  +--> ?PR?PRINTF?PRINTF
  +--> ?PR?_INGRESADATO?PROG
  +--> ?PR?_ATOI?ATOI
  +--> ?PR?_WR_EEPROM?EEPROM

?PR?PROG_PLACA?PROG                              -----    -----      -----    -----      0046H    000CH
  +--> ?PR?_RD_EEPROM?EEPROM
  +--> ?CO?PROG
  +--> ?PR?PRINTF?PRINTF
  +--> ?PR?_INGRESADATO?PROG
  +--> ?PR?_ATOI?ATOI
  +--> ?PR?_WR_EEPROM?EEPROM

?PR?PROG_ADDRESS_HIGH_BOARD?PROG                 -----    -----      -----    -----      0046H    000CH
  +--> ?PR?_RD_EEPROM?EEPROM
  +--> ?CO?PROG
  +--> ?PR?PRINTF?PRINTF
  +--> ?PR?_INGRESADATO?PROG
  +--> ?PR?_ATOI?ATOI
  +--> ?PR?_WR_EEPROM?EEPROM

?PR?PROG_HORARIOS?PROG                           -----    -----      -----    -----      0046H    001BH
  +--> ?PR?ADDR_HORARIOS?PROG
  +--> ?CO?PROG
  +--> ?PR?PRINTF?PRINTF
BL51 BANKED LINKER/LOCATER V6.22.2.0                                                  06/09/2021  12:25:34  PAGE 12


  +--> ?PR?_INGRESADATO?PROG
  +--> ?PR?_ATOI?ATOI
  +--> ?PR?_PROG_HORARIOS_ON_OFF?PROG
  +--> ?PR?_WR_EEPROM?EEPROM
  +--> ?PR?_PROG_HORARIO_DIAS?PROG
  +--> ?PR?_PROG_HORARIO_DESDE_HASTA?PROG
  +--> ?PR?_RD_EEPROM?EEPROM

?PR?ADDR_HORARIOS?PROG                           -----    -----      -----    -----      0074H    000BH

?PR?_PROG_HORARIOS_ON_OFF?PROG                   -----    -----      -----    -----      0061H    0010H
  +--> ?PR?_RD_EEPROM?EEPROM
  +--> ?CO?PROG
  +--> ?PR?PRINTF?PRINTF
  +--> ?PR?_INGRESADATO?PROG
  +--> ?PR?_ATOI?ATOI
  +--> ?PR?_WR_EEPROM?EEPROM

?PR?_PROG_HORARIO_DIAS?PROG                      -----    -----      -----    -----      0061H    000FH
  +--> ?CO?PROG
  +--> ?PR?PRINTF?PRINTF
  +--> ?PR?_INGRESADATO?PROG
  +--> ?PR?_WR_EEPROM?EEPROM
  +--> ?PR?_RD_EEPROM?EEPROM

?PR?_PROG_HORARIO_DESDE_HASTA?PROG               -----    -----      -----    -----      0061H    000CH
  +--> ?CO?PROG
  +--> ?PR?PRINTF?PRINTF
  +--> ?PR?_INGRESADATO?PROG
  +--> ?PR?_WR_EEPROM?EEPROM
  +--> ?PR?_RD_EEPROM?EEPROM

?PR?PROG_VALIDAR_TIPO_VEHICULO_MENSUA...         -----    -----      -----    -----      0046H    000CH
  +--> ?PR?_RD_EEPROM?EEPROM
  +--> ?CO?PROG
  +--> ?PR?PRINTF?PRINTF
  +--> ?PR?_INGRESADATO?PROG
  +--> ?PR?_ATOI?ATOI
  +--> ?PR?_WR_EEPROM?EEPROM

?PR?PROG_APB_MENSUAL?PROG                        -----    -----      -----    -----      0046H    000CH
  +--> ?PR?_RD_EEPROM?EEPROM
  +--> ?CO?PROG
  +--> ?PR?PRINTF?PRINTF
  +--> ?PR?_INGRESADATO?PROG
  +--> ?PR?_ATOI?ATOI
  +--> ?PR?_WR_EEPROM?EEPROM

?PR?VER_PROG?PROG                                -----    -----      -----    -----      0046H    0013H
  +--> ?PR?_RD_EEPROM?EEPROM
  +--> ?CO?PROG
  +--> ?PR?PRINTF?PRINTF
  +--> ?PR?VER_HORARIO?PROG
  +--> ?PR?_LEERMEMORIA?EEPROM
  +--> ?PR?_HEX_ASCII?CLOCK

?PR?VER_HORARIO?PROG                             -----    -----      -----    -----      0059H    001BH
BL51 BANKED LINKER/LOCATER V6.22.2.0                                                  06/09/2021  12:25:34  PAGE 13


  +--> ?PR?ADDR_HORARIOS?PROG
  +--> ?CO?PROG
  +--> ?PR?PRINTF?PRINTF
  +--> ?PR?_RD_EEPROM?EEPROM
  +--> ?PR?_VER_HORARIO_DIAS?PROG
  +--> ?PR?_VER_HORARIO_DESDE_HASTA?PROG

?PR?_VER_HORARIO_DIAS?PROG                       -----    -----      -----    -----      0074H    0003H
  +--> ?PR?_RD_EEPROM?EEPROM
  +--> ?CO?PROG
  +--> ?PR?PRINTF?PRINTF

?PR?_VER_HORARIO_DESDE_HASTA?PROG                -----    -----      -----    -----      0074H    0002H
  +--> ?CO?PROG
  +--> ?PR?PRINTF?PRINTF
  +--> ?PR?_RD_EEPROM?EEPROM

?PR?_HEX_ASCII?CLOCK                             -----    -----      -----    -----      005DH    0006H
  +--> ?PR?_HEX_BCD?CLOCK

?PR?SHOW?PROG                                    -----    -----      -----    -----      -----    -----
  +--> ?CO?PROG
  +--> ?PR?PRINTF?PRINTF

?PR?PROG_FECHA_VENCIMIENTO?PROG                  -----    -----      -----    -----      0046H    0017H
  +--> ?PR?_LEERMEMORIA?EEPROM
  +--> ?PR?_HEX_ASCII?CLOCK
  +--> ?CO?PROG
  +--> ?PR?PRINTF?PRINTF
  +--> ?PR?_HASH_ID?PROG
  +--> ?PR?_INGRESADATO?PROG
  +--> ?PR?_GETCMD?PROG
  +--> ?PR?_ESCRIBIRMEMORIA?EEPROM
  +--> ?PR?_VALIDARCLAVE?PROG
  +--> ?PR?_ATOI?ATOI
  +--> ?PR?_WR_EEPROM?EEPROM

?PR?VARIABLE_INICIO?MAIN                         -----    -----      -----    -----      -----    -----
  +--> ?PR?_RD_EEPROM?EEPROM

?PR?SECUENCIA_INICIO_EXPEDIDOR?VERIFI...         -----    -----      -----    -----      0001H    0001H
  +--> ?PR?_INICIALIZA?LINTECH
  +--> ?PR?TRAMA_VALIDACION_P_N?VERIFICADOR
  +--> ?CO?VERIFICADOR
  +--> ?PR?_DEBUG_TXT_TIBBO?TIBBO
  +--> ?PR?_DEBUGBUFFERMF?TIBBO
  +--> ?PR?DWLOAD_EEPROM?LINTECH

?PR?_INICIALIZA?LINTECH                          -----    -----      -----    -----      0002H    000CH
  +--> ?CO?LINTECH
  +--> ?PR?_DEBUG_TXT_TIBBO?TIBBO
  +--> ?PR?_DEBUGBUFFERMF?TIBBO
  +--> ?PR?_ESCRIBIRCADENASOFT_BUFFER?MAIN

?PR?_DEBUG_TXT_TIBBO?TIBBO                       -----    -----      -----    -----      0053H    0004H
  +--> ?PR?_DEBUG_CHR_TIBBO?TIBBO
  +--> ?CO?TIBBO
BL51 BANKED LINKER/LOCATER V6.22.2.0                                                  06/09/2021  12:25:34  PAGE 14


  +--> ?PR?_TX_AUX?TIBBO

?PR?_DEBUG_CHR_TIBBO?TIBBO                       -----    -----      -----    -----      -----    -----
  +--> ?PR?_TX_AUX?TIBBO

?PR?_DEBUGBUFFERMF?TIBBO                         -----    -----      -----    -----      0027H    0006H
  +--> ?CO?TIBBO
  +--> ?PR?_DEBUG_TXT_TIBBO?TIBBO
  +--> ?PR?_DEBUG_CHR_TIBBO?TIBBO
  +--> ?PR?_TX_AUX?TIBBO

?PR?_ESCRIBIRCADENASOFT_BUFFER?MAIN              -----    -----      -----    -----      0027H    0006H
  +--> ?PR?_PUTCHAR?MAIN

?PR?TRAMA_VALIDACION_P_N?VERIFICADOR             -----    -----      -----    -----      -----    -----
  +--> ?CO?VERIFICADOR
  +--> ?PR?_DEBUG_TXT_TIBBO?TIBBO

?PR?DWLOAD_EEPROM?LINTECH                        -----    -----      -----    -----      0002H    0016H
  +--> ?CO?LINTECH
  +--> ?PR?_DEBUG_TXT_TIBBO?TIBBO
  +--> ?PR?_DEBUGBUFFERMF?TIBBO
  +--> ?PR?_ESCRIBIRCADENASOFT_BUFFER?MAIN

?PR?RX_MONITOR?MONITOR                           -----    -----      -----    -----      0009H    000DH
  +--> ?PR?_RECIBE_CMD_MONITOR?MONITOR
  +--> ?PR?_DEBUG_MONITOR?TIBBO
  +--> ?PR?_VALIDA_TRAMA_MONITOR?MONITOR

?PR?_RECIBE_CMD_MONITOR?MONITOR                  -----    -----      -----    -----      0016H    0009H
  +--> ?PR?RX_DATA?TIBBO

?PR?RX_DATA?TIBBO                                -----    -----      -----    -----      -----    -----
  +--> ?PR?TIME_MBIT?TIBBO
  +--> ?PR?TIME_BIT?TIBBO

?PR?_DEBUG_MONITOR?TIBBO                         -----    -----      -----    -----      0016H    0004H
  +--> ?PR?DEBUG_DIVIDIR_TEXTO?TIBBO
  +--> ?CO?TIBBO
  +--> ?PR?_DEBUG_TXT_TIBBO?TIBBO

?PR?DEBUG_DIVIDIR_TEXTO?TIBBO                    -----    -----      -----    -----      -----    -----
  +--> ?CO?TIBBO
  +--> ?PR?_DEBUG_TXT_TIBBO?TIBBO

?PR?_VALIDA_TRAMA_MONITOR?MONITOR                -----    -----      -----    -----      0016H    0006H
  +--> ?PR?_DELAY_10MS?DELAY
  +--> ?PR?_TX_AUX?TIBBO

?PR?_DELAY_10MS?DELAY                            -----    -----      -----    -----      001CH    0004H
  +--> ?PR?_DELAY_1MS?DELAY

?PR?_SECUENCIAEXPEDIDORMF?VERIFICADOR            -----    -----      -----    -----      0001H    0001H
  +--> ?PR?_CHECK_STATUS?LINTECH
  +--> ?PR?_LOAD_SECUENCIA_EXPEDIDOR?VERIFIC...
  +--> ?PR?RX_MONITOR?MONITOR
  +--> ?PR?_RTA_CMD_TRANSPORTE?VERIFICADOR
BL51 BANKED LINKER/LOCATER V6.22.2.0                                                  06/09/2021  12:25:34  PAGE 15


  +--> ?PR?_MOV_CARD?LINTECH
  +--> ?PR?_CARD_INSERCION?LINTECH
  +--> ?PR?AUT_CARD_CHECK_STATUS?LINTECH
  +--> ?PR?LOADVERIFY_EEPROM?LINTECH
  +--> ?PR?_RD_MF?LINTECH
  +--> ?PR?_WR_MF?LINTECH
  +--> ?PR?ANALIZA_CARD_MOUNT_RF?VERIFICADOR
  +--> ?PR?DWLOAD_EEPROM?LINTECH
  +--> ?PR?ENTREGA_CARD_CAPTURA?VERIFICADOR
  +--> ?PR?_SEND_PTO_PARALELO?VERIFICADOR
  +--> ?PR?_WAIT_PLACA?VERIFICADOR
  +--> ?PR?UNIQUE_IDENTIFIER_UID?LINTECH
  +--> ?PR?_PREGUNTA_LPR?VERIFICADOR
  +--> ?PR?PREGUNTA_PLACA?VERIFICADOR
  +--> ?PR?_VALIDA_TIPO_TARJETA?VERIFICADOR
  +--> ?PR?POWER_OFF?LINTECH
  +--> ?PR?CLAVE_SEGURIDAD_S2?LINTECH
  +--> ?PR?_RESPONDE_REELECTURA_TARJETA_SECT...
  +--> ?PR?RESPONDE_ESTADO_SENSORES_TRANSPOR...
  +--> ?PR?RESPONDE_TIPO_TARJETA?VERIFICADOR
  +--> ?PR?_RESPONDE_LECTURA_TARJETA_SECTOR1...
  +--> ?PR?_RESPONDE_LECTURA_TARJETA_SECTOR1...
  +--> ?PR?_RESPONDE_LECTURA_TARJETA_SECTOR1...
  +--> ?PR?_RESPONDE_WRITE_TARJETA_SECTOR1_B...
  +--> ?PR?_RESPONDE_WRITE_TARJETA_SECTOR2_B...
  +--> ?PR?_RESPONDE_WRITE_TARJETA_SECTOR1_B...
  +--> ?PR?_RESPONDE_WRITE_TARJETA_SECTOR1_B...
  +--> ?PR?_DISPARO_LOCK_ENTRADA_VEHICULO?VE...
  +--> ?PR?_RESPUESTA_SEGUNDA_CLAVE?VERIFICADOR
  +--> ?PR?ANALIZA_PRESENCIA_MENSUAL?VERIFIC...
  +--> ?PR?_ANALIZA_UID_CARD?VERIFICADOR
  +--> ?PR?ANALIZA_PRESENCIA_ROTACION?VERIFI...
  +--> ?CO?VERIFICADOR
  +--> ?PR?_DEBUG_TXT_TIBBO?TIBBO

?PR?_CHECK_STATUS?LINTECH                        -----    -----      -----    -----      0002H    000BH
  +--> ?CO?LINTECH
  +--> ?PR?_DEBUG_TXT_TIBBO?TIBBO
  +--> ?PR?_DEBUGBUFFERMF?TIBBO
  +--> ?PR?_ESCRIBIRCADENASOFT_BUFFER?MAIN

?PR?_LOAD_SECUENCIA_EXPEDIDOR?VERIFIC...         -----    -----      -----    -----      0002H    0009H

?PR?_RTA_CMD_TRANSPORTE?VERIFICADOR              -----    -----      -----    -----      0002H    0005H
  +--> ?PR?TRAMA_VALIDACION_P_N?VERIFICADOR
  +--> ?CO?VERIFICADOR
  +--> ?PR?_DEBUG_TXT_TIBBO?TIBBO
  +--> ?PR?_DEBUGBUFFERMF?TIBBO
  +--> ?PR?ERROR_RX_PTO?VERIFICADOR

?PR?ERROR_RX_PTO?VERIFICADOR                     -----    -----      -----    -----      0007H    0001H
  +--> ?CO?VERIFICADOR
  +--> ?PR?_DEBUG_TXT_TIBBO?TIBBO
  +--> ?PR?_DEBUG_CHR_TIBBO?TIBBO
  +--> ?PR?_DELAY_10MS?DELAY

?PR?_MOV_CARD?LINTECH                            -----    -----      -----    -----      0002H    000CH
BL51 BANKED LINKER/LOCATER V6.22.2.0                                                  06/09/2021  12:25:34  PAGE 16


  +--> ?CO?LINTECH
  +--> ?PR?_DEBUG_TXT_TIBBO?TIBBO
  +--> ?PR?_DEBUGBUFFERMF?TIBBO
  +--> ?PR?_ESCRIBIRCADENASOFT_BUFFER?MAIN

?PR?_CARD_INSERCION?LINTECH                      -----    -----      -----    -----      0002H    000AH
  +--> ?CO?LINTECH
  +--> ?PR?_DEBUG_TXT_TIBBO?TIBBO
  +--> ?PR?_DEBUGBUFFERMF?TIBBO
  +--> ?PR?_ESCRIBIRCADENASOFT_BUFFER?MAIN

?PR?AUT_CARD_CHECK_STATUS?LINTECH                -----    -----      -----    -----      0002H    000BH
  +--> ?CO?LINTECH
  +--> ?PR?_DEBUG_TXT_TIBBO?TIBBO
  +--> ?PR?_DEBUGBUFFERMF?TIBBO
  +--> ?PR?_ESCRIBIRCADENASOFT_BUFFER?MAIN

?PR?LOADVERIFY_EEPROM?LINTECH                    -----    -----      -----    -----      0002H    0010H
  +--> ?CO?LINTECH
  +--> ?PR?_DEBUG_TXT_TIBBO?TIBBO
  +--> ?PR?_DEBUGBUFFERMF?TIBBO
  +--> ?PR?_ESCRIBIRCADENASOFT_BUFFER?MAIN

?PR?_RD_MF?LINTECH                               -----    -----      -----    -----      0002H    0012H
  +--> ?CO?LINTECH
  +--> ?PR?_DEBUG_TXT_TIBBO?TIBBO
  +--> ?PR?_DEBUG_CHR_TIBBO?TIBBO
  +--> ?PR?_DEBUGBUFFERMF?TIBBO
  +--> ?PR?_ESCRIBIRCADENASOFT_BUFFER?MAIN

?PR?_WR_MF?LINTECH                               -----    -----      -----    -----      0002H    0025H
  +--> ?CO?LINTECH
  +--> ?PR?_DEBUG_TXT_TIBBO?TIBBO
  +--> ?PR?_DEBUG_CHR_TIBBO?TIBBO
  +--> ?PR?_DEBUGBUFFERMF?TIBBO
  +--> ?PR?_ESCRIBIRCADENASOFT_BUFFER?MAIN

?PR?ANALIZA_CARD_MOUNT_RF?VERIFICADOR            -----    -----      -----    -----      0002H    0001H
  +--> ?CO?VERIFICADOR
  +--> ?PR?_DEBUG_TXT_TIBBO?TIBBO

?PR?ENTREGA_CARD_CAPTURA?VERIFICADOR             -----    -----      -----    -----      0002H    0001H
  +--> ?CO?VERIFICADOR
  +--> ?PR?_DEBUG_TXT_TIBBO?TIBBO
  +--> ?PR?SEL_SENSOR2?IO_SENSORES
  +--> ?PR?VALIDASENSOR?IO_SENSORES
  +--> ?PR?VALIDA_SENSOR1_AUTO?IO_SENSORES

?PR?VALIDA_SENSOR1_AUTO?IO_SENSORES              -----    -----      -----    -----      0016H    0001H
  +--> ?PR?SEL_SENSOR1?IO_SENSORES
  +--> ?PR?SEL_AUTO?IO_SENSORES
  +--> ?CO?IO_SENSORES
  +--> ?PR?_DEBUG_TXT_TIBBO?TIBBO
  +--> ?PR?BOTTON?IO_SENSORES

?PR?BOTTON?IO_SENSORES                           -----    -----      -----    -----      -----    -----
  +--> ?PR?SEL_PULSA?IO_SENSORES
BL51 BANKED LINKER/LOCATER V6.22.2.0                                                  06/09/2021  12:25:34  PAGE 17


  +--> ?CO?IO_SENSORES
  +--> ?PR?_DEBUG_TXT_TIBBO?TIBBO

?PR?_SEND_PTO_PARALELO?VERIFICADOR               -----    -----      -----    -----      0002H    0007H
  +--> ?PR?_ARMAR_TRAMA_PTO_PARALELO_EXPEDID...
  +--> ?PR?_ARMAR_TRAMA_PTO_PARALELO_EXPEDID...
  +--> ?PR?INCREMENTE_TICKET?EEPROM
  +--> ?PR?_SEND_PORT?PTO_PARALELO
  +--> ?CO?VERIFICADOR
  +--> ?PR?_DEBUG_TXT_TIBBO?TIBBO
  +--> ?PR?_DEBUGBUFFERMF?TIBBO
  +--> ?PR?CLEAR_PLACA?MONITOR

?PR?_ARMAR_TRAMA_PTO_PARALELO_EXPEDID...         -----    -----      -----    -----      0009H    0006H
  +--> ?PR?_BCD_HEX?CLOCK
  +--> ?PR?_RD_EEPROM?EEPROM

?PR?_ARMAR_TRAMA_PTO_PARALELO_EXPEDID...         -----    -----      -----    -----      0009H    0012H
  +--> ?PR?LEE_NO_TICKET?EEPROM
  +--> ?PR?_STRCAT?STRCAT
  +--> ?PR?_STRLEN?STRLEN
  +--> ?PR?_BCD_HEX?CLOCK
  +--> ?PR?_RD_EEPROM?EEPROM

?PR?LEE_NO_TICKET?EEPROM                         -----    -----      -----    -----      0048H    000BH
  +--> ?PR?READ_EEPROM_TICKET?EEPROM
  +--> ?CO?EEPROM
  +--> ?PR?PRINTF?PRINTF
  +--> ?PR?_STRLEN?STRLEN
  +--> ?PR?_DEBUG_TXT_TIBBO?TIBBO

?PR?READ_EEPROM_TICKET?EEPROM                    -----    -----      -----    -----      0053H    0007H
  +--> ?PR?_RD_EEPROM?EEPROM

?PR?INCREMENTE_TICKET?EEPROM                     -----    -----      -----    -----      0009H    000BH
  +--> ?PR?READ_EEPROM_TICKET?EEPROM
  +--> ?CO?EEPROM
  +--> ?PR?PRINTF?PRINTF
  +--> ?PR?_WRITE_EEPROM_TICKET?EEPROM

?PR?_WRITE_EEPROM_TICKET?EEPROM                  -----    -----      -----    -----      001AH    000BH
  +--> ?CO?EEPROM
  +--> ?PR?_DEBUG_TXT_TIBBO?TIBBO
  +--> ?PR?_ATOL?ATOL
  +--> ?PR?_DEBUG_CHR_TIBBO?TIBBO
  +--> ?PR?_WR_EEPROM?EEPROM

?PR?_ATOL?ATOL                                   0020H.0  0000H.1    -----    -----      0025H    0007H
  +--> ?PR?_ISSPACE?ISSPACE
  +--> ?PR?_ISDIGIT?ISDIGIT

?PR?_SEND_PORT?PTO_PARALELO                      -----    -----      -----    -----      0016H    000AH
  +--> ?PR?PULSO_BUS?PTO_PARALELO
  +--> ?PR?_DELAY_20US?DELAY

?PR?PULSO_BUS?PTO_PARALELO                       -----    -----      -----    -----      -----    -----
  +--> ?PR?_DELAY_20US?DELAY
BL51 BANKED LINKER/LOCATER V6.22.2.0                                                  06/09/2021  12:25:34  PAGE 18



?PR?_WAIT_PLACA?VERIFICADOR                      -----    -----      -----    -----      0002H    0007H
  +--> ?CO?VERIFICADOR
  +--> ?PR?_DEBUG_TXT_TIBBO?TIBBO
  +--> ?PR?RX_MONITOR?MONITOR
  +--> ?PR?_RESPUESTA_PLACA_CANCEL?VERIFICADOR

?PR?_RESPUESTA_PLACA_CANCEL?VERIFICADOR          -----    -----      -----    -----      0009H    000AH
  +--> ?CO?VERIFICADOR
  +--> ?PR?_DEBUG_TXT_TIBBO?TIBBO
  +--> ?PR?_ARMAR_TRAMA_TARJETA_SECTOR1_BLOQ...

?PR?_ARMAR_TRAMA_TARJETA_SECTOR1_BLOQ...         -----    -----      -----    -----      0013H    0004H
  +--> ?PR?CLEAR_PLACA?MONITOR
  +--> ?PR?_RD_EEPROM?EEPROM

?PR?UNIQUE_IDENTIFIER_UID?LINTECH                -----    -----      -----    -----      0002H    000BH
  +--> ?CO?LINTECH
  +--> ?PR?_DEBUG_TXT_TIBBO?TIBBO
  +--> ?PR?_DEBUGBUFFERMF?TIBBO
  +--> ?PR?_ESCRIBIRCADENASOFT_BUFFER?MAIN

?PR?_PREGUNTA_LPR?VERIFICADOR                    -----    -----      -----    -----      0002H    0003H
  +--> ?CO?VERIFICADOR
  +--> ?PR?_DEBUG_TXT_TIBBO?TIBBO
  +--> ?PR?_HORA_ENTRADA_VEHICULO?CLOCK
  +--> ?PR?_RD_EEPROM?EEPROM
  +--> ?PR?_ARMAR_TRAMA_MONITOR?VERIFICADOR

?PR?_HORA_ENTRADA_VEHICULO?CLOCK                 -----    -----      -----    -----      0005H    0003H
  +--> ?PR?_LEE_CLK?CLOCK

?PR?_ARMAR_TRAMA_MONITOR?VERIFICADOR             -----    -----      -----    -----      0005H    000FH
  +--> ?PR?DIR_BOARD_MONITOR?IO_SENSORES
  +--> ?PR?LEE_NO_TICKET?EEPROM
  +--> ?PR?_STRCAT?STRCAT
  +--> ?PR?_BYTEHEX_DECIMAL?CLOCK
  +--> ?PR?_STRLEN?STRLEN
  +--> ?PR?_TWO_BYTEHEX_DECIMAL?CLOCK

?PR?DIR_BOARD_MONITOR?IO_SENSORES                -----    -----      -----    -----      -----    -----
  +--> ?PR?_RD_EEPROM?EEPROM

?PR?_BYTEHEX_DECIMAL?CLOCK                       -----    -----      -----    -----      0015H    0001H

?PR?_TWO_BYTEHEX_DECIMAL?CLOCK                   -----    -----      -----    -----      0015H    000CH
  +--> ?PR?_POW?POW

?PR?_POW?POW                                     -----    -----      -----    -----      0021H    000AH
  +--> ?PR?LOG?LOG
  +--> ?PR?EXP?EXP

?PR?LOG?LOG                                      0020H.0  0000H.1    -----    -----      002BH    0004H

?PR?PREGUNTA_PLACA?VERIFICADOR                   -----    -----      -----    -----      0002H    0001H
  +--> ?CO?VERIFICADOR
  +--> ?PR?_DEBUG_TXT_TIBBO?TIBBO
BL51 BANKED LINKER/LOCATER V6.22.2.0                                                  06/09/2021  12:25:34  PAGE 19


  +--> ?PR?_RD_EEPROM?EEPROM

?PR?_VALIDA_TIPO_TARJETA?VERIFICADOR             -----    -----      -----    -----      0002H    0007H
  +--> ?CO?VERIFICADOR
  +--> ?PR?_DEBUG_TXT_TIBBO?TIBBO
  +--> ?PR?_RD_EEPROM?EEPROM
  +--> ?PR?_TARJETA_MENSUAL?VERIFICADOR
  +--> ?PR?_SEND_PORTERR?PTO_PARALELO
  +--> ?PR?_PANTALLALCD?PANTALLAS
  +--> ?PR?CAPTURA_EXPULSA?VERIFICADOR
  +--> ?PR?_TARJETA_ROTACION?VERIFICADOR

?PR?_TARJETA_MENSUAL?VERIFICADOR                 -----    -----      -----    -----      0009H    0007H
  +--> ?PR?_HORARIOS?VERIFICADOR
  +--> ?PR?_CHECK_FECHAOUT?CLOCK
  +--> ?PR?_VALIDA_VEHICULO_CARD_MENSUAL?VER...
  +--> ?PR?CAPTURA_EXPULSA?VERIFICADOR
  +--> ?CO?VERIFICADOR
  +--> ?PR?_DEBUG_TXT_TIBBO?TIBBO
  +--> ?PR?_ARMAR_TRAMA_TARJETA_SECTOR1_BLOQ...
  +--> ?PR?_SEND_PORTERR?PTO_PARALELO
  +--> ?PR?_PANTALLALCD?PANTALLAS

?PR?_HORARIOS?VERIFICADOR                        -----    -----      -----    -----      0010H    0013H
  +--> ?PR?ADDR_HORARIOS?PROG
  +--> ?PR?_RD_EEPROM?EEPROM
  +--> ?PR?_LEE_CLK?CLOCK
  +--> ?CO?VERIFICADOR
  +--> ?PR?_DEBUG_TXT_TIBBO?TIBBO
  +--> ?PR?_DEBUG_CHR_TIBBO?TIBBO
  +--> ?PR?_BLOQUE_HORARIO?VERIFICADOR
  +--> ?PR?_PANTALLALCD?PANTALLAS

?PR?_BLOQUE_HORARIO?VERIFICADOR                  -----    -----      -----    -----      0023H    0007H
  +--> ?CO?VERIFICADOR
  +--> ?PR?_DEBUG_TXT_TIBBO?TIBBO
  +--> ?PR?_LEE_CLK?CLOCK
  +--> ?PR?_DEBUG_CHR_TIBBO?TIBBO
  +--> ?PR?_HORA_MAXIMA?VERIFICADOR
  +--> ?PR?_EN_HORARIO?VERIFICADOR
  +--> ?PR?_RD_EEPROM?EEPROM
  +--> ?PR?_SEND_PORTERR?PTO_PARALELO
  +--> ?PR?_PANTALLALCD?PANTALLAS

?PR?_HORA_MAXIMA?VERIFICADOR                     -----    -----      -----    -----      002FH    0008H
  +--> ?PR?_RD_EEPROM?EEPROM
  +--> ?PR?_DEBUG_CHR_TIBBO?TIBBO
  +--> ?CO?VERIFICADOR
  +--> ?PR?_DEBUG_TXT_TIBBO?TIBBO

?PR?_EN_HORARIO?VERIFICADOR                      -----    -----      -----    -----      002AH    0005H
  +--> ?CO?VERIFICADOR
  +--> ?PR?_DEBUG_TXT_TIBBO?TIBBO
  +--> ?PR?_HORA_MAXIMA?VERIFICADOR

?PR?_SEND_PORTERR?PTO_PARALELO                   -----    -----      -----    -----      002AH    0006H
  +--> ?PR?PULSO_BUS?PTO_PARALELO
BL51 BANKED LINKER/LOCATER V6.22.2.0                                                  06/09/2021  12:25:34  PAGE 20


  +--> ?PR?_DELAY_20US?DELAY

?PR?_PANTALLALCD?PANTALLAS                       -----    -----      -----    -----      002AH    000AH
  +--> ?CO?PANTALLAS
  +--> ?PR?_LCD_TXT?PANTALLAS
  +--> ?PR?_STRLEN?STRLEN
  +--> ?PR?_TX_CHRLCD?PANTALLAS
  +--> ?PR?_RASPBERRY_DATA?PANTALLAS

?PR?_LCD_TXT?PANTALLAS                           -----    -----      -----    -----      0048H    0005H
  +--> ?PR?_TX_CHRLCD?PANTALLAS

?PR?_TX_CHRLCD?PANTALLAS                         -----    -----      -----    -----      004DH    0002H
  +--> ?PR?_PUTCHAR?MAIN

?PR?_RASPBERRY_DATA?PANTALLAS                    -----    -----      -----    -----      0048H    0006H
  +--> ?PR?_STRLEN?STRLEN
  +--> ?PR?_PUTCHAR?MAIN

?PR?_VALIDA_VEHICULO_CARD_MENSUAL?VER...         -----    -----      -----    -----      0010H    0004H
  +--> ?CO?VERIFICADOR
  +--> ?PR?_DEBUG_TXT_TIBBO?TIBBO
  +--> ?PR?_RD_EEPROM?EEPROM
  +--> ?PR?_SEND_PORTERR?PTO_PARALELO

?PR?_ARMAR_TRAMA_TARJETA_SECTOR1_BLOQ...         -----    -----      -----    -----      0010H    0006H
  +--> ?PR?_BCD_HEX?CLOCK
  +--> ?PR?DIR_BOARD?IO_SENSORES

?PR?DIR_BOARD?IO_SENSORES                        -----    -----      -----    -----      0037H    0001H
  +--> ?PR?SEL_DIR1?IO_SENSORES
  +--> ?PR?SEL_DIR2?IO_SENSORES
  +--> ?PR?_RD_EEPROM?EEPROM

?PR?_TARJETA_ROTACION?VERIFICADOR                -----    -----      -----    -----      0009H    0006H
  +--> ?PR?_ARMAR_TRAMA_TARJETA_SECTOR1_BLOQ...

?PR?POWER_OFF?LINTECH                            -----    -----      -----    -----      0002H    000BH
  +--> ?CO?LINTECH
  +--> ?PR?_DEBUG_TXT_TIBBO?TIBBO
  +--> ?PR?_DEBUGBUFFERMF?TIBBO
  +--> ?PR?_ESCRIBIRCADENASOFT_BUFFER?MAIN

?PR?CLAVE_SEGURIDAD_S2?LINTECH                   -----    -----      -----    -----      0002H    0016H
  +--> ?CO?LINTECH
  +--> ?PR?_DEBUG_TXT_TIBBO?TIBBO
  +--> ?PR?_DEBUGBUFFERMF?TIBBO
  +--> ?PR?_ESCRIBIRCADENASOFT_BUFFER?MAIN

?PR?_RESPONDE_REELECTURA_TARJETA_SECT...         -----    -----      -----    -----      0002H    000AH
  +--> ?CO?VERIFICADOR
  +--> ?PR?_DEBUG_TXT_TIBBO?TIBBO
  +--> ?PR?_DEBUGBUFFERMF?TIBBO
  +--> ?PR?_ARMAR_TRAMA_TARJETA_SECTOR1_BLOQ...

?PR?_ARMAR_TRAMA_TARJETA_SECTOR1_BLOQ...         -----    -----      -----    -----      000CH    0003H
  +--> ?PR?LEE_NO_TICKET?EEPROM
BL51 BANKED LINKER/LOCATER V6.22.2.0                                                  06/09/2021  12:25:34  PAGE 21



?PR?RESPONDE_ESTADO_SENSORES_TRANSPOR...         -----    -----      -----    -----      0002H    0001H
  +--> ?CO?VERIFICADOR
  +--> ?PR?_DEBUG_TXT_TIBBO?TIBBO
  +--> ?PR?_SEND_PORTERR?PTO_PARALELO
  +--> ?PR?INGRESO_VEHICULO?VERIFICADOR

?PR?INGRESO_VEHICULO?VERIFICADOR                 -----    -----      -----    -----      -----    -----
  +--> ?PR?VALIDASENSORESPASO?IO_SENSORES
  +--> ?PR?_RD_EEPROM?EEPROM
  +--> ?CO?VERIFICADOR
  +--> ?PR?_DEBUG_TXT_TIBBO?TIBBO
  +--> ?PR?_PANTALLALCD?PANTALLAS
  +--> ?PR?BOTTON?IO_SENSORES

?PR?VALIDASENSORESPASO?IO_SENSORES               -----    -----      -----    -----      0015H    0001H
  +--> ?PR?SEL_SENSOR2?IO_SENSORES
  +--> ?PR?VALIDASENSOR?IO_SENSORES
  +--> ?PR?VALIDA_SENSOR1_AUTO?IO_SENSORES
  +--> ?CO?IO_SENSORES
  +--> ?PR?_DEBUG_TXT_TIBBO?TIBBO

?PR?RESPONDE_TIPO_TARJETA?VERIFICADOR            -----    -----      -----    -----      0002H    0001H
  +--> ?CO?VERIFICADOR
  +--> ?PR?_DEBUG_TXT_TIBBO?TIBBO
  +--> ?PR?_SEND_PORTERR?PTO_PARALELO
  +--> ?PR?_PANTALLALCD?PANTALLAS
  +--> ?PR?CAPTURA_EXPULSA?VERIFICADOR

?PR?_RESPONDE_LECTURA_TARJETA_SECTOR1...         -----    -----      -----    -----      0002H    0016H
  +--> ?CO?VERIFICADOR
  +--> ?PR?_DEBUG_TXT_TIBBO?TIBBO
  +--> ?PR?_DEBUGBUFFERMF?TIBBO
  +--> ?PR?_RD_EEPROM?EEPROM
  +--> ?PR?_DEBUG_HEXDEC?TIBBO
  +--> ?PR?_DEBUG_CHR_TIBBO?TIBBO
  +--> ?PR?_SEND_PORTERR?PTO_PARALELO
  +--> ?PR?_PANTALLALCD?PANTALLAS
  +--> ?PR?CAPTURA_EXPULSA?VERIFICADOR

?PR?_DEBUG_HEXDEC?TIBBO                          -----    -----      -----    -----      0018H    0002H
  +--> ?PR?_TX_AUX?TIBBO

?PR?_RESPONDE_LECTURA_TARJETA_SECTOR1...         -----    -----      -----    -----      0002H    0004H
  +--> ?CO?VERIFICADOR
  +--> ?PR?_DEBUG_TXT_TIBBO?TIBBO
  +--> ?PR?CAPTURA_EXPULSA?VERIFICADOR

?PR?_RESPONDE_LECTURA_TARJETA_SECTOR1...         -----    -----      -----    -----      0002H    0015H
  +--> ?CO?VERIFICADOR
  +--> ?PR?_DEBUG_TXT_TIBBO?TIBBO
  +--> ?PR?_DEBUGBUFFERMF?TIBBO
  +--> ?PR?_DEBUG_CHR_TIBBO?TIBBO
  +--> ?PR?CAPTURA_EXPULSA?VERIFICADOR

?PR?_RESPONDE_WRITE_TARJETA_SECTOR1_B...         -----    -----      -----    -----      0002H    0007H
  +--> ?CO?VERIFICADOR
BL51 BANKED LINKER/LOCATER V6.22.2.0                                                  06/09/2021  12:25:34  PAGE 22


  +--> ?PR?_DEBUG_TXT_TIBBO?TIBBO
  +--> ?PR?_DEBUGBUFFERMF?TIBBO

?PR?_RESPONDE_WRITE_TARJETA_SECTOR2_B...         -----    -----      -----    -----      0002H    0003H
  +--> ?CO?VERIFICADOR
  +--> ?PR?_DEBUG_TXT_TIBBO?TIBBO
  +--> ?PR?_DEBUGBUFFERMF?TIBBO

?PR?_RESPONDE_WRITE_TARJETA_SECTOR1_B...         -----    -----      -----    -----      0002H    0003H
  +--> ?CO?VERIFICADOR
  +--> ?PR?_DEBUG_TXT_TIBBO?TIBBO
  +--> ?PR?_DEBUGBUFFERMF?TIBBO

?PR?_RESPONDE_WRITE_TARJETA_SECTOR1_B...         -----    -----      -----    -----      0002H    0003H
  +--> ?CO?VERIFICADOR
  +--> ?PR?_DEBUG_TXT_TIBBO?TIBBO
  +--> ?PR?_DEBUGBUFFERMF?TIBBO

?PR?_DISPARO_LOCK_ENTRADA_VEHICULO?VE...         -----    -----      -----    -----      0002H    0004H
  +--> ?CO?VERIFICADOR
  +--> ?PR?_DEBUG_TXT_TIBBO?TIBBO
  +--> ?PR?_SEND_PORTERR?PTO_PARALELO
  +--> ?PR?_PANTALLALCD_LINEA_2?PANTALLAS
  +--> ?PR?VALIDA_SENSOR1_AUTO?IO_SENSORES
  +--> ?PR?_PANTALLALCD?PANTALLAS

?PR?_PANTALLALCD_LINEA_2?PANTALLAS               -----    -----      -----    -----      0015H    0033H
  +--> ?CO?PANTALLAS
  +--> ?PR?_LCD_TXT?PANTALLAS
  +--> ?PR?_STRLEN?STRLEN
  +--> ?PR?_TX_CHRLCD?PANTALLAS
  +--> ?PR?_RASPBERRY_DATA?PANTALLAS
  +--> ?PR?LEE_NO_TICKET?EEPROM
  +--> ?PR?_STRCAT?STRCAT

?PR?_RESPUESTA_SEGUNDA_CLAVE?VERIFICADOR         -----    -----      -----    -----      0002H    0006H
  +--> ?CO?VERIFICADOR
  +--> ?PR?_DEBUG_TXT_TIBBO?TIBBO
  +--> ?PR?_DEBUGBUFFERMF?TIBBO
  +--> ?PR?_ARMAR_TRAMA_PLACA?VERIFICADOR

?PR?_ARMAR_TRAMA_PLACA?VERIFICADOR               -----    -----      -----    -----      0008H    0003H
  +--> ?PR?_STRLEN?STRLEN

?PR?ANALIZA_PRESENCIA_MENSUAL?VERIFIC...         -----    -----      -----    -----      0002H    0001H
  +--> ?PR?VALIDASENSORESPASO?IO_SENSORES
  +--> ?PR?_SEND_PORTERR?PTO_PARALELO
  +--> ?PR?_PANTALLALCD?PANTALLAS

?PR?_ANALIZA_UID_CARD?VERIFICADOR                -----    -----      -----    -----      0002H    0015H
  +--> ?CO?VERIFICADOR
  +--> ?PR?_DEBUG_TXT_TIBBO?TIBBO
  +--> ?PR?_DEBUGBUFFERMF?TIBBO
  +--> ?PR?_DEBUG_CHR_TIBBO?TIBBO

?PR?ANALIZA_PRESENCIA_ROTACION?VERIFI...         -----    -----      -----    -----      0002H    0001H
  +--> ?PR?VALIDASENSORESPASO?IO_SENSORES
BL51 BANKED LINKER/LOCATER V6.22.2.0                                                  06/09/2021  12:25:34  PAGE 23


  +--> ?PR?_SEND_PORTERR?PTO_PARALELO
  +--> ?PR?_PANTALLALCD?PANTALLAS

?PR?_RECIBE_PORT?PTO_PARALELO                    -----    -----      -----    -----      0001H    0008H
  +--> ?PR?OFF_TIMER0_INTERRUP?MAIN
  +--> ?PR?ON_TIMER0_INTERRUP?MAIN

?PR?_DEBUG_PTO_PARALELO?TIBBO                    -----    -----      -----    -----      0001H    0004H
  +--> ?CO?TIBBO
  +--> ?PR?_DEBUG_TXT_TIBBO?TIBBO
  +--> ?PR?_DEBUGBUFFERMF?TIBBO
  +--> ?PR?DEBUG_DIVIDIR_TEXTO?TIBBO

?PR?_VALIDA_TRAMA_PTO?ACCESCAN                   -----    -----      -----    -----      0001H    0014H
  +--> ?CO?ACCESCAN
  +--> ?PR?_DEBUG_TXT_TIBBO?TIBBO
  +--> ?PR?_DEBUG_CHR_TIBBO?TIBBO
  +--> ?PR?_CALCULO_BCC?ACCESCAN
  +--> ?PR?_VALIDAR_CLK?CLOCK
  +--> ?PR?_BLOCK_WRITE_CLOCK_ASCII?CLOCK
  +--> ?PR?RELOJ_PANTALLA_LCD?PANTALLAS
  +--> ?PR?_SEND_PORT?PTO_PARALELO
  +--> ?PR?_PANTALLALCD?PANTALLAS
  +--> ?PR?FORMATO_EEPROM?EEPROM
  +--> ?PR?_BYTEHEX_DECIMAL?CLOCK
  +--> ?PR?_TWO_BYTEHEX_DECIMAL?CLOCK
  +--> ?PR?VALIDASENSORESPASO?IO_SENSORES
  +--> ?PR?_CMD_LPR_SALIDA_WIEGAND?ACCESCAN
  +--> ?PR?_PANTALLALCD_LINEA_2?PANTALLAS
  +--> ?PR?_GRABA_SERIE?EEPROM

?PR?_CALCULO_BCC?ACCESCAN                        -----    -----      -----    -----      0015H    0004H

?PR?_BLOCK_WRITE_CLOCK_ASCII?CLOCK               -----    -----      -----    -----      0015H    0003H
  +--> ?CO?CLOCK
  +--> ?PR?_DEBUG_TXT_TIBBO?TIBBO
  +--> ?PR?_TWO_ONE?CLOCK
  +--> ?PR?_WR_CLK?CLOCK

?PR?_WR_CLK?CLOCK                                -----    -----      -----    -----      0018H    0002H
  +--> ?PR?_DELAY_20US?DELAY
  +--> ?PR?_EB_CLK?CLOCK

?PR?RELOJ_PANTALLA_LCD?PANTALLAS                 -----    -----      -----    -----      0015H    000DH
  +--> ?CO?PANTALLAS
  +--> ?PR?_BLOCK_READ_CLOCK?CLOCK
  +--> ?PR?_LCD_TXT_NUM_CHAR?PANTALLAS
  +--> ?PR?_BLOCK_READ_CLOCK_ASCII_RASBERRY?...
  +--> ?PR?_STRCAT?STRCAT
  +--> ?PR?_RASPBERRY_DATA?PANTALLAS

?PR?_BLOCK_READ_CLOCK?CLOCK                      -----    -----      -----    -----      0022H    0003H
  +--> ?PR?_LEE_CLK?CLOCK

?PR?_LCD_TXT_NUM_CHAR?PANTALLAS                  -----    -----      -----    -----      0022H    0006H
  +--> ?PR?_TX_CHRLCD?PANTALLAS

BL51 BANKED LINKER/LOCATER V6.22.2.0                                                  06/09/2021  12:25:34  PAGE 24


?PR?_BLOCK_READ_CLOCK_ASCII_RASBERRY?...         -----    -----      -----    -----      0022H    0003H
  +--> ?PR?_LEE_CLK?CLOCK

?PR?FORMATO_EEPROM?EEPROM                        -----    -----      -----    -----      0015H    0003H
  +--> ?PR?_WR_EEPROM?EEPROM

?PR?_CMD_LPR_SALIDA_WIEGAND?ACCESCAN             -----    -----      -----    -----      0015H    0022H
  +--> ?PR?DIR_BOARD?IO_SENSORES
  +--> ?PR?_BLOCK_READ_CLOCK_ASCII?CLOCK
  +--> ?PR?_MONITOR_CHR?ACCESCAN

?PR?_MONITOR_CHR?ACCESCAN                        -----    -----      -----    -----      0037H    0005H
  +--> ?PR?_TX_AUX?TIBBO

?PR?_GRABA_SERIE?EEPROM                          -----    -----      -----    -----      0015H    0005H
  +--> ?CO?EEPROM
  +--> ?PR?_DEBUG_TXT_TIBBO?TIBBO
  +--> ?PR?_WRITE_EEPROM_TICKET?EEPROM
  +--> ?PR?_WR_EEPROM?EEPROM

?PR?MSJ_LCD_INFORMATIVO?IO_SENSORES              -----    -----      -----    -----      0001H    0001H
  +--> ?PR?SEL_FUNCION?IO_SENSORES
  +--> ?PR?VALIDASENSOR_CERO?IO_SENSORES
  +--> ?CO?IO_SENSORES
  +--> ?PR?_DEBUG_TXT_TIBBO?TIBBO
  +--> ?PR?_DEBUG_CHR_TIBBO?TIBBO
  +--> ?PR?LOAD_AND_SEND_INFO_RELOJ?PTO_PARA...
  +--> ?PR?VALIDASENSOR?IO_SENSORES
  +--> ?PR?_DELAY_10MS?DELAY
  +--> ?PR?LOAD_AND_SEND_ID_COD?PTO_PARALELO

?PR?LOAD_AND_SEND_INFO_RELOJ?PTO_PARA...         -----    -----      -----    -----      0002H    000BH
  +--> ?PR?_BLOCK_READ_CLOCK?CLOCK
  +--> ?PR?_LEE_CLK?CLOCK
  +--> ?CO?PTO_PARALELO
  +--> ?PR?_DEBUG_TXT_TIBBO?TIBBO
  +--> ?PR?_DEBUGBUFFERMF?TIBBO
  +--> ?PR?DEBUG_DIVIDIR_TEXTO?TIBBO
  +--> ?PR?_SEND_PORT?PTO_PARALELO

?PR?LOAD_AND_SEND_ID_COD?PTO_PARALELO            -----    -----      -----    -----      0002H    0014H
  +--> ?PR?_RD_EEPROM?EEPROM
  +--> ?CO?PTO_PARALELO
  +--> ?PR?PRINTF?PRINTF
  +--> ?PR?_STRCAT?STRCAT
  +--> ?PR?_STRLEN?STRLEN
  +--> ?PR?_DEBUG_TXT_TIBBO?TIBBO
  +--> ?PR?_DEBUGBUFFERMF?TIBBO
  +--> ?PR?DEBUG_DIVIDIR_TEXTO?TIBBO
  +--> ?PR?_SEND_PORT?PTO_PARALELO



SYMBOL TABLE OF MODULE:  .\Objects\expedidor_v_01_raspberry (MAIN)

  VALUE           TYPE          NAME
  ----------------------------------
BL51 BANKED LINKER/LOCATER V6.22.2.0                                                  06/09/2021  12:25:34  PAGE 25



  -------         MODULE        MAIN
  C:0000H         SYMBOL        _ICE_DUMMY_
  D:0080H         PUBLIC        P0
  D:0090H         PUBLIC        P1
  C:BE35H         PUBLIC        timer0_int
  D:00B0H         PUBLIC        P3
  B:00A8H.7       PUBLIC        EA
  C:C276H         PUBLIC        off_Timer0_Interrup
  X:0171H         PUBLIC        ValTimeOutCom
  X:0172H         PUBLIC        Buffer_Rta_Lintech
  X:01A4H         PUBLIC        Timer_wait
  B:0021H.1       PUBLIC        pto_paraleo
  X:01A5H         PUBLIC        g_cContByteRx
  B:0080H.0       PUBLIC        rx_ip
  C:ACF0H         PUBLIC        main
  X:01A6H         PUBLIC        Timer_tivo
  B:0080H.3       PUBLIC        Atascado_GP0_PIN_3
  C:B77AH         PUBLIC        variable_inicio
  B:0090H.7       PUBLIC        lock
  I:0023H         PUBLIC        rbuf
  C:C26CH         PUBLIC        on_Timer0_Interrup
  I:0055H         PUBLIC        tbuf
  B:0090H.1       PUBLIC        DataIn
  D:0089H         PUBLIC        TMOD
  X:01A8H         PUBLIC        USE_LPR
  X:01A9H         PUBLIC        Debug_Tibbo
  X:01AAH         PUBLIC        Raspberry
  X:01ABH         PUBLIC        SIN_COBRO
  X:01ADH         PUBLIC        Tipo_Vehiculo
  B:00B0H.3       PUBLIC        busy
  C:C1CDH         PUBLIC        ini_timer
  B:00A8H.1       PUBLIC        ET0
  B:0088H.5       PUBLIC        TF0
  D:008CH         PUBLIC        TH0
  X:01AEH         PUBLIC        ACK
  X:01AFH         PUBLIC        g_cEstadoComSoft
  D:008AH         PUBLIC        TL0
  B:0088H.4       PUBLIC        TR0
  C:C1DDH         PUBLIC        inicia_board
  X:01B0H         PUBLIC        T_GRACIA
  B:0080H.7       PUBLIC        sel_com
  X:01B2H         PUBLIC        STX_LINTECH
  C:C1FCH         PUBLIC        _getkey
  X:01B3H         PUBLIC        ETX
  C:B6A8H         PUBLIC        _EscribirCadenaSoft_buffer
  B:0021H.2       PUBLIC        buffer_ready
  C:B9C9H         PUBLIC        _putchar
  B:0021H.3       PUBLIC        placa_ready
  -------         PROC          TIMER0_INT
  C:BE35H         LINE#         16
  C:BE3BH         LINE#         19
  C:BE41H         LINE#         20
  C:BE46H         LINE#         21
  C:BE46H         LINE#         22
  C:BE4CH         LINE#         23
  C:BE4CH         LINE#         25
BL51 BANKED LINKER/LOCATER V6.22.2.0                                                  06/09/2021  12:25:34  PAGE 26


  C:BE5AH         LINE#         26
  C:BE5CH         LINE#         28
  -------         ENDPROC       TIMER0_INT
  -------         PROC          INI_TIMER
  C:C1CDH         LINE#         31
  C:C1CDH         LINE#         32
  C:C1CDH         LINE#         34
  C:C1D5H         LINE#         36
  C:C1D8H         LINE#         37
  C:C1DAH         LINE#         38
  C:C1DCH         LINE#         40
  -------         ENDPROC       INI_TIMER
  -------         PROC          ON_TIMER0_INTERRUP
  C:C26CH         LINE#         43
  C:C26CH         LINE#         44
  C:C26CH         LINE#         45
  C:C26EH         LINE#         46
  C:C270H         LINE#         48
  -------         ENDPROC       ON_TIMER0_INTERRUP
  -------         PROC          OFF_TIMER0_INTERRUP
  C:C276H         LINE#         51
  C:C276H         LINE#         52
  C:C276H         LINE#         53
  C:C278H         LINE#         55
  -------         ENDPROC       OFF_TIMER0_INTERRUP
  -------         PROC          _GETKEY
  -------         DO            
  D:0006H         SYMBOL        k
  -------         ENDDO         
  C:C1FCH         LINE#         63
  C:C1FCH         LINE#         64
  C:C1FCH         LINE#         68
  C:C1FCH         LINE#         69
  C:C1FFH         LINE#         70
  C:C1FFH         LINE#         71
  C:C207H         LINE#         73
  C:C207H         LINE#         74
  -------         ENDPROC       _GETKEY
  -------         PROC          _PUTCHAR
  X:00A7H         SYMBOL        c
  -------         DO            
  X:00A8H         SYMBOL        i
  -------         ENDDO         
  C:B9C9H         LINE#         78
  C:B9CEH         LINE#         79
  C:B9CEH         LINE#         82
  C:B9DDH         LINE#         83
  C:B9DDH         LINE#         84
  C:B9F3H         LINE#         85
  C:B9F3H         LINE#         87
  C:BA01H         LINE#         88
  C:BA01H         LINE#         90
  C:BA06H         LINE#         91
  -------         ENDPROC       _PUTCHAR
  -------         PROC          _ESCRIBIRCADENASOFT_BUFFER
  X:0027H         SYMBOL        buffer
  X:002AH         SYMBOL        tamano_cadena
BL51 BANKED LINKER/LOCATER V6.22.2.0                                                  06/09/2021  12:25:34  PAGE 27


  -------         DO            
  X:002BH         SYMBOL        i
  X:002CH         SYMBOL        d
  -------         ENDDO         
  C:B6A8H         LINE#         95
  C:B6B6H         LINE#         96
  C:B6B6H         LINE#         98
  C:B6C4H         LINE#         99
  C:B6C4H         LINE#         100
  C:B6DBH         LINE#         101
  C:B6E5H         LINE#         102
  C:B6EDH         LINE#         103
  -------         ENDPROC       _ESCRIBIRCADENASOFT_BUFFER
  -------         PROC          INICIA_BOARD
  C:C1DDH         LINE#         108
  C:C1DDH         LINE#         109
  C:C1DDH         LINE#         110
  C:C1E0H         LINE#         111
  C:C1E3H         LINE#         112
  C:C1E6H         LINE#         113
  C:C1E8H         LINE#         114
  C:C1EAH         LINE#         115
  C:C1ECH         LINE#         117
  -------         ENDPROC       INICIA_BOARD
  -------         PROC          VARIABLE_INICIO
  C:B77AH         LINE#         122
  C:B77AH         LINE#         123
  C:B77AH         LINE#         126
  C:B78BH         LINE#         127
  C:B79CH         LINE#         129
  C:B7AAH         LINE#         130
  C:B7B8H         LINE#         131
  C:B7BEH         LINE#         133
  -------         ENDPROC       VARIABLE_INICIO
  -------         PROC          MAIN
  -------         DO            
  X:0148H         SYMBOL        buffer
  X:0170H         SYMBOL        Estado_Comunicacion_Secuencia_MF
  X:0000H         SYMBOL        Length_trama
  -------         ENDDO         
  C:ACF0H         LINE#         141
  C:ACF0H         LINE#         142
  C:ACF0H         LINE#         149
  C:ACF3H         LINE#         150
  C:ACF6H         LINE#         151
  C:ACF9H         LINE#         152
  C:ACFCH         LINE#         153
  C:ACFFH         LINE#         154
  C:AD01H         LINE#         156
  C:AD04H         LINE#         157
  C:AD0BH         LINE#         158
  C:AD0EH         LINE#         160
  C:AD13H         LINE#         162
  C:AD16H         LINE#         164
  C:AD19H         LINE#         165
  C:AD19H         LINE#         166
  C:AD1CH         LINE#         167
BL51 BANKED LINKER/LOCATER V6.22.2.0                                                  06/09/2021  12:25:34  PAGE 28


  C:AD1CH         LINE#         170
  C:AD1FH         LINE#         171
  C:AD25H         LINE#         172
  C:AD2BH         LINE#         174
  C:AD2BH         LINE#         175
  C:AD2BH         LINE#         178
  C:AD2EH         LINE#         179
  C:AD2EH         LINE#         180
  C:AD31H         LINE#         181
  C:AD31H         LINE#         185
  C:AD3EH         LINE#         190
  C:AD44H         LINE#         191
  C:AD44H         LINE#         193
  C:AD53H         LINE#         196
  C:AD5CH         LINE#         197
  C:AD6AH         LINE#         202
  C:AD6AH         LINE#         203
  C:AD6DH         LINE#         206
  -------         ENDPROC       MAIN
  -------         ENDMOD        MAIN

  -------         MODULE        ACCESCAN
  C:0000H         SYMBOL        _ICE_DUMMY_
  D:0080H         PUBLIC        P0
  D:0090H         PUBLIC        P1
  D:00B0H         PUBLIC        P3
  B:0080H.2       PUBLIC        led_err_imp
  C:B888H         PUBLIC        _Monitor_chr
  B:0080H.3       PUBLIC        Atascado_GP0_PIN_3
  B:0090H.7       PUBLIC        lock
  C:35ACH         PUBLIC        _Valida_Trama_Pto
  C:BD38H         PUBLIC        _Calculo_bcc
  C:8AEAH         PUBLIC        _Cmd_LPR_Salida_wiegand
  -------         PROC          _VALIDA_TRAMA_PTO
  X:0001H         SYMBOL        buffer
  X:0004H         SYMBOL        length_trama
  -------         DO            
  X:0218H         SYMBOL        cont
  X:0005H         SYMBOL        bcc
  X:0006H         SYMBOL        buff
  X:0011H         SYMBOL        buffer_port
  -------         ENDDO         
  C:35ACH         LINE#         113
  C:35BAH         LINE#         114
  C:35BAH         LINE#         117
  C:35BDH         LINE#         122
  C:3600H         LINE#         123
  C:3600H         LINE#         124
  C:3609H         LINE#         125
  C:361EH         LINE#         126
  C:3627H         LINE#         127
  C:363EH         LINE#         128
  C:3647H         LINE#         129
  C:364FH         LINE#         130
  C:3658H         LINE#         131
  C:3671H         LINE#         132
  C:3671H         LINE#         134
BL51 BANKED LINKER/LOCATER V6.22.2.0                                                  06/09/2021  12:25:34  PAGE 29


  C:3681H         LINE#         135
  C:3681H         LINE#         136
  C:3694H         LINE#         138
  C:3697H         LINE#         140
  C:3697H         LINE#         143
  C:3697H         LINE#         145
  C:3697H         LINE#         147
  C:369DH         LINE#         148
  C:36A1H         LINE#         149
  C:36A5H         LINE#         150
  C:36A8H         LINE#         151
  C:36B3H         LINE#         153
  C:36BCH         LINE#         154
  C:36C4H         LINE#         155
  C:36CCH         LINE#         156
  C:36D4H         LINE#         157
  C:36DDH         LINE#         158
  C:36DDH         LINE#         161
  C:36DDH         LINE#         164
  C:36EFH         LINE#         165
  C:36EFH         LINE#         166
  C:36F1H         LINE#         167
  C:36F4H         LINE#         169
  C:3706H         LINE#         170
  C:3706H         LINE#         171
  C:3708H         LINE#         172
  C:370BH         LINE#         174
  C:371DH         LINE#         175
  C:371DH         LINE#         176
  C:371FH         LINE#         177
  C:3722H         LINE#         179
  C:373CH         LINE#         180
  C:373CH         LINE#         181
  C:373EH         LINE#         182
  C:3741H         LINE#         184
  C:375BH         LINE#         185
  C:375BH         LINE#         186
  C:375DH         LINE#         187
  C:3760H         LINE#         189
  C:3772H         LINE#         190
  C:3772H         LINE#         191
  C:3778H         LINE#         192
  C:3785H         LINE#         193
  C:3785H         LINE#         194
  C:378AH         LINE#         195
  C:378CH         LINE#         196
  C:3791H         LINE#         197
  C:3793H         LINE#         198
  C:3795H         LINE#         199
  C:3799H         LINE#         200
  C:3799H         LINE#         201
  C:379AH         LINE#         203
  C:37B2H         LINE#         204
  C:37B2H         LINE#         206
  C:37BFH         LINE#         207
  C:37BFH         LINE#         208
  C:37C1H         LINE#         209
BL51 BANKED LINKER/LOCATER V6.22.2.0                                                  06/09/2021  12:25:34  PAGE 30


  C:37C3H         LINE#         210
  C:37C5H         LINE#         211
  C:37C7H         LINE#         212
  C:37C7H         LINE#         214
  C:37EDH         LINE#         215
  C:37EDH         LINE#         216
  C:37F1H         LINE#         217
  C:37F6H         LINE#         218
  C:37FFH         LINE#         219
  C:3804H         LINE#         220
  C:3804H         LINE#         223
  C:3805H         LINE#         225
  C:381FH         LINE#         226
  C:381FH         LINE#         227
  C:3821H         LINE#         228
  C:3824H         LINE#         230
  C:383EH         LINE#         231
  C:383EH         LINE#         232
  C:3841H         LINE#         233
  C:3841H         LINE#         235
  C:385BH         LINE#         236
  C:385BH         LINE#         237
  C:385DH         LINE#         238
  C:3860H         LINE#         240
  C:387AH         LINE#         241
  C:387AH         LINE#         242
  C:387CH         LINE#         243
  C:387EH         LINE#         245
  C:3898H         LINE#         246
  C:3898H         LINE#         247
  C:389AH         LINE#         248
  C:389CH         LINE#         251
  C:38B6H         LINE#         252
  C:38B6H         LINE#         253
  C:38B8H         LINE#         254
  C:38BAH         LINE#         258
  C:38D4H         LINE#         259
  C:38D4H         LINE#         260
  C:38D6H         LINE#         261
  C:38D8H         LINE#         264
  C:38F2H         LINE#         265
  C:38F2H         LINE#         266
  C:38F7H         LINE#         267
  C:38F7H         LINE#         270
  C:3928H         LINE#         271
  C:3928H         LINE#         272
  C:3930H         LINE#         273
  C:3939H         LINE#         274
  C:393CH         LINE#         277
  C:396DH         LINE#         278
  C:396DH         LINE#         280
  C:3975H         LINE#         281
  C:397EH         LINE#         282
  C:3981H         LINE#         285
  C:39C1H         LINE#         286
  C:39C1H         LINE#         288
  C:39D6H         LINE#         289
BL51 BANKED LINKER/LOCATER V6.22.2.0                                                  06/09/2021  12:25:34  PAGE 31


  C:39DCH         LINE#         290
  C:3A06H         LINE#         293
  C:3A0EH         LINE#         294
  C:3A0EH         LINE#         297
  C:3A15H         LINE#         298
  C:3A15H         LINE#         299
  C:3A1AH         LINE#         300
  C:3A1AH         LINE#         301
  C:3A1CH         LINE#         303
  C:3A1CH         LINE#         304
  C:3A25H         LINE#         305
  C:3A2DH         LINE#         306
  C:3A2DH         LINE#         310
  C:3A2FH         LINE#         313
  C:3A2FH         LINE#         321
  C:3A37H         LINE#         325
  C:3A37H         LINE#         326
  C:3A39H         LINE#         328
  C:3A71H         LINE#         329
  C:3A71H         LINE#         330
  C:3A79H         LINE#         331
  C:3A85H         LINE#         332
  C:3A85H         LINE#         334
  C:3AB2H         LINE#         335
  C:3AB2H         LINE#         336
  C:3AC1H         LINE#         338
  C:3AC1H         LINE#         340
  -------         ENDPROC       _VALIDA_TRAMA_PTO
  -------         PROC          _MONITOR_CHR
  X:0037H         SYMBOL        str
  X:003AH         SYMBOL        num_char
  -------         DO            
  X:003BH         SYMBOL        j
  -------         ENDDO         
[...]
  X:010DH         SYMBOL        Buffer_Write_MF
  X:011EH         SYMBOL        Atributos_Expedidor
  X:0132H         SYMBOL        Secuencia_Expedidor
  X:0136H         SYMBOL        Nombre_Mensual
  -------         ENDDO         
  C:3AC2H         LINE#         2463
  C:3AC7H         LINE#         2464
  C:3AC7H         LINE#         2470
  C:3B2AH         LINE#         2471
BL51 BANKED LINKER/LOCATER V6.22.2.0                                                  06/09/2021  12:25:34  PAGE 134


  C:3B2AH         LINE#         2474
  C:3B2AH         LINE#         2476
  C:3B3AH         LINE#         2477
  C:3B3AH         LINE#         2480
  C:3B3CH         LINE#         2481
  C:3B3EH         LINE#         2482
  C:3B43H         LINE#         2483
  C:3B4BH         LINE#         2484
  C:3B50H         LINE#         2485
  C:3B53H         LINE#         2486
  C:3B53H         LINE#         2487
  C:3B59H         LINE#         2488
  C:3B59H         LINE#         2489
  C:3B5CH         LINE#         2490
  C:3B5CH         LINE#         2491
  C:3B5CH         LINE#         2493
  C:3B5FH         LINE#         2494
  C:3B5FH         LINE#         2496
  C:3B68H         LINE#         2497
  C:3B6BH         LINE#         2498
  C:3B6BH         LINE#         2499
  C:3B70H         LINE#         2500
  C:3B90H         LINE#         2501
  C:3B93H         LINE#         2502
  C:3B93H         LINE#         2503
  C:3B98H         LINE#         2504
  C:3BA0H         LINE#         2505
  C:3BA6H         LINE#         2506
  C:3BA9H         LINE#         2507
  C:3BA9H         LINE#         2508
  C:3BACH         LINE#         2509
  C:3BB4H         LINE#         2510
  C:3BBAH         LINE#         2511
  C:3BBDH         LINE#         2512
  C:3BBDH         LINE#         2513
  C:3BC0H         LINE#         2514
  C:3BE5H         LINE#         2515
  C:3BEBH         LINE#         2516
  C:3BEDH         LINE#         2517
  C:3BF0H         LINE#         2518
  C:3BF0H         LINE#         2519
  C:3BFBH         LINE#         2520
  C:3C03H         LINE#         2521
  C:3C09H         LINE#         2522
  C:3C0CH         LINE#         2523
  C:3C0CH         LINE#         2524
  C:3C1DH         LINE#         2525
  C:3C25H         LINE#         2526
  C:3C2BH         LINE#         2527
  C:3C2EH         LINE#         2528
  C:3C2EH         LINE#         2529
  C:3C33H         LINE#         2530
  C:3C51H         LINE#         2531
  C:3C54H         LINE#         2532
  C:3C54H         LINE#         2533
  C:3C59H         LINE#         2534
  C:3C79H         LINE#         2535
BL51 BANKED LINKER/LOCATER V6.22.2.0                                                  06/09/2021  12:25:34  PAGE 135


  C:3C7CH         LINE#         2536
  C:3C7CH         LINE#         2537
  C:3C81H         LINE#         2538
  C:3C83H         LINE#         2539
  C:3CA1H         LINE#         2540
  C:3CA4H         LINE#         2541
  C:3CA4H         LINE#         2542
  C:3CA9H         LINE#         2543
  C:3CC9H         LINE#         2544
  C:3CCCH         LINE#         2545
  C:3CCCH         LINE#         2546
  C:3CDFH         LINE#         2547
  C:3CDFH         LINE#         2548
  C:3CE4H         LINE#         2549
  C:3CECH         LINE#         2550
  C:3CF2H         LINE#         2551
  C:3CF2H         LINE#         2552
  C:3CF5H         LINE#         2553
  C:3CF5H         LINE#         2554
  C:3D08H         LINE#         2555
  C:3D08H         LINE#         2556
  C:3D0DH         LINE#         2557
  C:3D10H         LINE#         2558
  C:3D10H         LINE#         2559
  C:3D13H         LINE#         2560
  C:3D13H         LINE#         2561
  C:3D16H         LINE#         2562
  C:3D36H         LINE#         2563
  C:3D39H         LINE#         2564
  C:3D39H         LINE#         2565
  C:3D3BH         LINE#         2566
  C:3D3EH         LINE#         2567
  C:3D41H         LINE#         2568
  C:3D41H         LINE#         2569
  C:3D4AH         LINE#         2570
  C:3D4DH         LINE#         2571
  C:3D4DH         LINE#         2572
  C:3D64H         LINE#         2573
  C:3D67H         LINE#         2574
  C:3D67H         LINE#         2575
  C:3D6AH         LINE#         2576
  C:3D72H         LINE#         2577
  C:3D78H         LINE#         2578
  C:3D7BH         LINE#         2579
  C:3D7BH         LINE#         2580
  C:3D84H         LINE#         2581
  C:3D87H         LINE#         2582
  C:3D87H         LINE#         2583
  C:3D89H         LINE#         2584
  C:3D8CH         LINE#         2585
  C:3D8FH         LINE#         2586
  C:3D8FH         LINE#         2587
  C:3DA6H         LINE#         2588
  C:3DA9H         LINE#         2589
  C:3DA9H         LINE#         2590
  C:3DAEH         LINE#         2591
  C:3DB6H         LINE#         2592
BL51 BANKED LINKER/LOCATER V6.22.2.0                                                  06/09/2021  12:25:34  PAGE 136


  C:3DBCH         LINE#         2593
  C:3DBFH         LINE#         2594
  C:3DBFH         LINE#         2595
  C:3DC2H         LINE#         2596
  C:3DE2H         LINE#         2597
  C:3DE5H         LINE#         2598
  C:3DE5H         LINE#         2599
  C:3DE8H         LINE#         2600
  C:3E08H         LINE#         2601
  C:3E0BH         LINE#         2602
  C:3E0BH         LINE#         2603
  C:3E0EH         LINE#         2604
  C:3E16H         LINE#         2605
  C:3E19H         LINE#         2606
  C:3E1BH         LINE#         2607
  C:3E1BH         LINE#         2609
  C:3E26H         LINE#         2610
  C:3E2EH         LINE#         2611
  C:3E42H         LINE#         2612
  C:3E45H         LINE#         2616
  C:3E45H         LINE#         2617
  C:3E4BH         LINE#         2618
  C:3E51H         LINE#         2619
  C:3E51H         LINE#         2620
  C:3E59H         LINE#         2621
  C:3E5FH         LINE#         2623
  C:3E62H         LINE#         2624
  C:3E6AH         LINE#         2625
  C:3E6AH         LINE#         2627
  C:3E6DH         LINE#         2628
  C:3E70H         LINE#         2629
  C:3E78H         LINE#         2630
  C:3E78H         LINE#         2631
  C:3E86H         LINE#         2632
  C:3E86H         LINE#         2633
  C:3E8FH         LINE#         2634
  C:3E92H         LINE#         2635
  C:3E9EH         LINE#         2636
  C:3E9EH         LINE#         2637
  C:3EA7H         LINE#         2638
  C:3EAAH         LINE#         2640
  C:3EAAH         LINE#         2641
  C:3EB3H         LINE#         2642
  C:3EB3H         LINE#         2643
  C:3EB6H         LINE#         2644
  C:3EBEH         LINE#         2645
  C:3EBEH         LINE#         2646
  C:3ECCH         LINE#         2647
  C:3ECCH         LINE#         2648
  C:3EE2H         LINE#         2649
  C:3EE5H         LINE#         2650
  C:3EF1H         LINE#         2651
  C:3EF1H         LINE#         2652
  C:3EFAH         LINE#         2653
  C:3EFDH         LINE#         2654
  C:3F0BH         LINE#         2655
  C:3F0BH         LINE#         2656
BL51 BANKED LINKER/LOCATER V6.22.2.0                                                  06/09/2021  12:25:34  PAGE 137


  C:3F14H         LINE#         2657
  C:3F16H         LINE#         2659
  C:3F16H         LINE#         2660
  C:3F1FH         LINE#         2661
  C:3F1FH         LINE#         2662
  C:3F21H         LINE#         2663
  C:3F29H         LINE#         2664
  C:3F29H         LINE#         2665
  C:3F32H         LINE#         2666
  C:3F34H         LINE#         2667
  C:3F3CH         LINE#         2668
  C:3F3CH         LINE#         2669
  C:3F52H         LINE#         2670
  C:3F54H         LINE#         2671
  C:3F5CH         LINE#         2672
  C:3F5CH         LINE#         2673
  C:3F5FH         LINE#         2674
  C:3F61H         LINE#         2676
  C:3F69H         LINE#         2677
  C:3F69H         LINE#         2678
  C:3F72H         LINE#         2679
  C:3F74H         LINE#         2682
  C:3F7CH         LINE#         2683
  C:3F7CH         LINE#         2684
  C:3F84H         LINE#         2685
  C:3F86H         LINE#         2687
  C:3F86H         LINE#         2688
  C:3F8FH         LINE#         2689
  C:3F8FH         LINE#         2690
  C:3F91H         LINE#         2691
  C:3F91H         LINE#         2692
  C:3F96H         LINE#         2693
  C:3F96H         LINE#         2695
  C:3F96H         LINE#         2696
  C:3F9BH         LINE#         2697
  -------         ENDPROC       _SECUENCIAEXPEDIDORMF
  -------         ENDMOD        VERIFICADOR

  -------         MODULE        MONITOR
  C:0000H         SYMBOL        _ICE_DUMMY_
  D:0080H         PUBLIC        P0
  D:0090H         PUBLIC        P1
  I:0011H         PUBLIC        placa
  C:BF78H         PUBLIC        Rx_Monitor
  B:0080H.0       PUBLIC        rx_ip
  B:0090H.7       PUBLIC        lock
  C:92CAH         PUBLIC        _recibe_cmd_Monitor
  C:C0DDH         PUBLIC        clear_placa
  C:95C3H         PUBLIC        _Valida_Trama_Monitor
  -------         PROC          _RECIBE_CMD_MONITOR
  X:0016H         SYMBOL        buffer_cmd
  -------         DO            
  X:0019H         SYMBOL        j
  X:001AH         SYMBOL        NumDatos
  X:001BH         SYMBOL        time_out
  X:001CH         SYMBOL        MaxChrRx
  X:001DH         SYMBOL        contador
BL51 BANKED LINKER/LOCATER V6.22.2.0                                                  06/09/2021  12:25:34  PAGE 138


  -------         ENDDO         
  C:92CAH         LINE#         50
  C:92D5H         LINE#         51
  C:92D5H         LINE#         55
  C:92DAH         LINE#         56
  C:92E0H         LINE#         58
  C:92EBH         LINE#         59
  C:92EBH         LINE#         60
  C:92FCH         LINE#         61
  C:92FCH         LINE#         62
  C:9303H         LINE#         63
  C:9307H         LINE#         64
  C:9310H         LINE#         65
  C:9310H         LINE#         66
  C:931EH         LINE#         67
  C:9335H         LINE#         68
  C:9335H         LINE#         69
  C:933BH         LINE#         70
  C:9341H         LINE#         71
  C:9341H         LINE#         72
  C:9343H         LINE#         73
  C:934BH         LINE#         74
  C:9351H         LINE#         75
  C:9363H         LINE#         76
  C:936DH         LINE#         77
  C:9376H         LINE#         79
  C:9385H         LINE#         82
  C:9385H         LINE#         83
  C:938AH         LINE#         84
  -------         ENDPROC       _RECIBE_CMD_MONITOR
  -------         PROC          _VALIDA_TRAMA_MONITOR
  X:0016H         SYMBOL        buffer
  D:0005H         SYMBOL        length_trama
  -------         DO            
  X:0019H         SYMBOL        j
  X:001AH         SYMBOL        p
  X:001BH         SYMBOL        cont
  -------         ENDDO         
  C:95C3H         LINE#         89
  C:95CEH         LINE#         90
  C:95CEH         LINE#         91
  C:95D1H         LINE#         92
  C:95D5H         LINE#         93
  C:95D8H         LINE#         94
  C:95DAH         LINE#         97
  C:95EEH         LINE#         98
  C:95EEH         LINE#         100
  C:95F0H         LINE#         102
  C:95F7H         LINE#         103
  C:95FCH         LINE#         106
  C:95FCH         LINE#         108
  C:9617H         LINE#         109
  C:9617H         LINE#         112
  C:9617H         LINE#         113
  C:9638H         LINE#         114
  C:963CH         LINE#         115
  C:9642H         LINE#         116
BL51 BANKED LINKER/LOCATER V6.22.2.0                                                  06/09/2021  12:25:34  PAGE 139


  C:9654H         LINE#         117
  C:966CH         LINE#         118
  C:9675H         LINE#         119
  C:9677H         LINE#         120
  C:967DH         LINE#         123
  C:967DH         LINE#         126
  -------         ENDPROC       _VALIDA_TRAMA_MONITOR
  -------         PROC          CLEAR_PLACA
  -------         DO            
  D:0007H         SYMBOL        i
  -------         ENDDO         
  C:C0DDH         LINE#         127
  C:C0DDH         LINE#         128
  C:C0DDH         LINE#         130
  C:C0E9H         LINE#         131
  C:C0E9H         LINE#         132
  C:C0EFH         LINE#         133
  C:C0F2H         LINE#         134
  C:C0F4H         LINE#         135
  -------         ENDPROC       CLEAR_PLACA
  -------         PROC          RX_MONITOR
  -------         DO            
  X:0009H         SYMBOL        Length_trama
  X:000AH         SYMBOL        buffer1
  -------         ENDDO         
  C:BF78H         LINE#         136
  C:BF78H         LINE#         137
  C:BF78H         LINE#         140
  C:BF87H         LINE#         141
  C:BF90H         LINE#         142
  -------         ENDPROC       RX_MONITOR
  -------         ENDMOD        MONITOR

  -------         MODULE        ?C?FPADD
  C:1335H         PUBLIC        ?C?FPADD
  C:1331H         PUBLIC        ?C?FPSUB
  -------         ENDMOD        ?C?FPADD

  -------         MODULE        ?C?FPMUL
  C:1426H         PUBLIC        ?C?FPMUL
  -------         ENDMOD        ?C?FPMUL

  -------         MODULE        ?C?FCAST
  C:1536H         PUBLIC        ?C?FCASTC
  C:1531H         PUBLIC        ?C?FCASTI
  C:152CH         PUBLIC        ?C?FCASTL
  -------         ENDMOD        ?C?FCAST

  -------         MODULE        ?C?CASTF
  C:156AH         PUBLIC        ?C?CASTF
  -------         ENDMOD        ?C?CASTF

  -------         MODULE        PRINTF
  X:0077H         PUBLIC        ?_PRINTF?BYTE
  X:0077H         PUBLIC        ?_SPRINTF?BYTE
  C:4007H         PUBLIC        _PRINTF
  C:4001H         PUBLIC        _SPRINTF
BL51 BANKED LINKER/LOCATER V6.22.2.0                                                  06/09/2021  12:25:34  PAGE 140


  -------         ENDMOD        PRINTF

  -------         MODULE        POW
  X:0021H         PUBLIC        ?_pow?BYTE
  C:68CDH         PUBLIC        _pow
  -------         ENDMOD        POW

  -------         MODULE        ?C?CHKFLOAT
  C:15EBH         PUBLIC        ?C?CHKFLOAT
  -------         ENDMOD        ?C?CHKFLOAT

  -------         MODULE        ?C?FPCMP
  C:1607H         PUBLIC        ?C?FPCMP
  C:1605H         PUBLIC        ?C?FPCMP3
  -------         ENDMOD        ?C?FPCMP

  -------         MODULE        ?C?FPNEG
  C:167EH         PUBLIC        ?C?FPNEG
  -------         ENDMOD        ?C?FPNEG

  -------         MODULE        ?C?FPROUND
  C:168FH         PUBLIC        ?C?FPROUND
  -------         ENDMOD        ?C?FPROUND

  -------         MODULE        ?C?FPCONVERT
  C:16CCH         PUBLIC        ?C?FPCONVERT
  -------         ENDMOD        ?C?FPCONVERT

  -------         MODULE        EXP
  C:A09FH         PUBLIC        _EXP
  -------         ENDMOD        EXP

  -------         MODULE        LOG
  C:744BH         PUBLIC        _LOG
  C:7447H         PUBLIC        _LOG10
  -------         ENDMOD        LOG

  -------         MODULE        ?C?FPDIV
  C:17D4H         PUBLIC        ?C?FPDIV
  -------         ENDMOD        ?C?FPDIV

  -------         MODULE        ?C?FTNPWR
  C:18A1H         PUBLIC        ?C?FTNPWR
  -------         ENDMOD        ?C?FTNPWR

  -------         MODULE        ?C?COPY
  C:19FEH         PUBLIC        ?C?COPY
  -------         ENDMOD        ?C?COPY

  -------         MODULE        ?C?CLDPTR
  C:1A24H         PUBLIC        ?C?CLDPTR
  -------         ENDMOD        ?C?CLDPTR

  -------         MODULE        ?C?CLDOPTR
  C:1A3DH         PUBLIC        ?C?CLDOPTR
  -------         ENDMOD        ?C?CLDOPTR

BL51 BANKED LINKER/LOCATER V6.22.2.0                                                  06/09/2021  12:25:34  PAGE 141


  -------         MODULE        ?C?CSTPTR
  C:1A6AH         PUBLIC        ?C?CSTPTR
  -------         ENDMOD        ?C?CSTPTR

  -------         MODULE        ?C?CSTOPTR
  C:1A7CH         PUBLIC        ?C?CSTOPTR
  -------         ENDMOD        ?C?CSTOPTR

  -------         MODULE        ?C?IMUL
  C:1A9EH         PUBLIC        ?C?IMUL
  -------         ENDMOD        ?C?IMUL

  -------         MODULE        ?C?IILDX
  C:1AB0H         PUBLIC        ?C?IILDX
  -------         ENDMOD        ?C?IILDX

  -------         MODULE        ?C?LNEG
  C:1AC6H         PUBLIC        ?C?LNEG
  -------         ENDMOD        ?C?LNEG

  -------         MODULE        ?C?SLCMP
  C:1AD4H         PUBLIC        ?C?SLCMP
  -------         ENDMOD        ?C?SLCMP

  -------         MODULE        ?C?ULCMP
  C:1AEAH         PUBLIC        ?C?ULCMP
  -------         ENDMOD        ?C?ULCMP

  -------         MODULE        ?C?ULSHR
  C:1AFBH         PUBLIC        ?C?ULSHR
  -------         ENDMOD        ?C?ULSHR

  -------         MODULE        ?C?LSHL
  C:1B0EH         PUBLIC        ?C?LSHL
  -------         ENDMOD        ?C?LSHL

  -------         MODULE        ?C?LLDCODE
  C:1B21H         PUBLIC        ?C?LLDCODE
  -------         ENDMOD        ?C?LLDCODE

  -------         MODULE        ?C?LLDXDATA0
  C:1B31H         PUBLIC        ?C?LLDXDATA0
  -------         ENDMOD        ?C?LLDXDATA0

  -------         MODULE        ?C?LLDCODE0
  C:1B3DH         PUBLIC        ?C?LLDCODE0
  -------         ENDMOD        ?C?LLDCODE0

  -------         MODULE        ?C?LSTXDATA
  C:1B4DH         PUBLIC        ?C?LSTXDATA
  -------         ENDMOD        ?C?LSTXDATA

  -------         MODULE        ?C?LSTKXDATA
  C:1B59H         PUBLIC        ?C?LSTKXDATA
  -------         ENDMOD        ?C?LSTKXDATA

  -------         MODULE        ?C?PLDIXDATA
BL51 BANKED LINKER/LOCATER V6.22.2.0                                                  06/09/2021  12:25:34  PAGE 142


  C:1B8AH         PUBLIC        ?C?PLDIXDATA
  -------         ENDMOD        ?C?PLDIXDATA

  -------         MODULE        ?C?PSTXDATA
  C:1BA1H         PUBLIC        ?C?PSTXDATA
  -------         ENDMOD        ?C?PSTXDATA

  -------         MODULE        ?C?CCASE
  C:1BAAH         PUBLIC        ?C?CCASE
  -------         ENDMOD        ?C?CCASE

  -------         MODULE        STRCAT
  X:0048H         PUBLIC        ?_strcat?BYTE
  C:B10AH         PUBLIC        _strcat
  -------         ENDMOD        STRCAT

  -------         MODULE        ?C?STRCMP
  C:1D4EH         PUBLIC        ?C?STRCMP
  -------         ENDMOD        ?C?STRCMP

  -------         MODULE        ?C?STRCPY
  C:1E37H         PUBLIC        ?C?STRCPY
  -------         ENDMOD        ?C?STRCPY

  -------         MODULE        STRLEN
  C:000EH         PUBLIC        _STRLEN
  -------         ENDMOD        STRLEN

  -------         MODULE        STRTOK
  X:0064H         PUBLIC        ?_strtok?BYTE
  C:8776H         PUBLIC        _strtok
  -------         ENDMOD        STRTOK

  -------         MODULE        ATOL
  C:7ABFH         PUBLIC        _atol
  -------         ENDMOD        ATOL

  -------         MODULE        ATOI
  C:8938H         PUBLIC        _atoi
  -------         ENDMOD        ATOI

  -------         MODULE        ?C?ILDIX
  C:1E54H         PUBLIC        ?C?ILDIX
  -------         ENDMOD        ?C?ILDIX

  -------         MODULE        ?C?LMUL
  C:1E6AH         PUBLIC        ?C?LMUL
  -------         ENDMOD        ?C?LMUL

  -------         MODULE        ISDIGIT
  C:C1EDH         PUBLIC        _isdigit
  -------         ENDMOD        ISDIGIT

  -------         MODULE        ISSPACE
  C:C14DH         PUBLIC        _isspace
  -------         ENDMOD        ISSPACE

BL51 BANKED LINKER/LOCATER V6.22.2.0                                                  06/09/2021  12:25:34  PAGE 143


  -------         MODULE        STRSPN
  X:006AH         PUBLIC        ?_strspn?BYTE
  C:A9E8H         PUBLIC        _strspn
  -------         ENDMOD        STRSPN

  -------         MODULE        STRPBRK
  X:006AH         PUBLIC        ?_strpbrk?BYTE
  C:AAEFH         PUBLIC        _strpbrk
  -------         ENDMOD        STRPBRK

Program Size: data=99.1 xdata=538 code=49786
LINK/LOCATE RUN COMPLETE.  0 WARNING(S),  0 ERROR(S)
