BL51 BANKED LINKER/LOCATER V6.22.2.0                                                    11/19/2021  16:07:17  PAGE 1


BL51 BANKED LINKER/LOCATER V6.22.2.0, INVOKED BY:
C:\KEIL_V5\C51\BIN\BL51.EXE .\Objects\main.obj, .\Objects\Accescan.obj, .\Objects\Clock.obj, .\Objects\delay.obj, .\Obje
>> cts\eeprom.obj, .\Objects\io_sensores.obj, .\Objects\pantallas.obj, .\Objects\prog.obj, .\Objects\pto_paralelo.obj, .
>> \Objects\tibbo.obj, .\Objects\uart.obj, .\Objects\lintech.obj, .\Objects\verificador.obj, .\Objects\Monitor.obj TO .\
>> Objects\expedidor_v_105_raspberry_horarios PRINT (.\Listings\expedidor_v_105_raspberry_horarios.m51) RAMSIZE (256)


MEMORY MODEL: LARGE WITH FLOATING POINT ARITHMETIC


INPUT MODULES INCLUDED:
  .\Objects\main.obj (MAIN)
  .\Objects\Accescan.obj (ACCESCAN)
  .\Objects\Clock.obj (CLOCK)
  .\Objects\delay.obj (DELAY)
  .\Objects\eeprom.obj (EEPROM)
  .\Objects\io_sensores.obj (IO_SENSORES)
  .\Objects\pantallas.obj (PANTALLAS)
  .\Objects\prog.obj (PROG)
  .\Objects\pto_paralelo.obj (PTO_PARALELO)
  .\Objects\tibbo.obj (TIBBO)
  .\Objects\uart.obj (UART)
  .\Objects\lintech.obj (LINTECH)
  .\Objects\verificador.obj (VERIFICADOR)
  .\Objects\Monitor.obj (MONITOR)
  C:\KEIL_V5\C51\LIB\C51FPL.LIB (?C?FPADD)
  C:\KEIL_V5\C51\LIB\C51FPL.LIB (?C?FPMUL)
  C:\KEIL_V5\C51\LIB\C51FPL.LIB (?C?FCAST)
  C:\KEIL_V5\C51\LIB\C51FPL.LIB (?C?CASTF)
  C:\KEIL_V5\C51\LIB\C51FPL.LIB (PRINTF)
  C:\KEIL_V5\C51\LIB\C51FPL.LIB (POW)
  C:\KEIL_V5\C51\LIB\C51FPL.LIB (?C?FPGETOPN)
  C:\KEIL_V5\C51\LIB\C51FPL.LIB (?C?CHKFLOAT)
  C:\KEIL_V5\C51\LIB\C51FPL.LIB (?C?FPCMP)
  C:\KEIL_V5\C51\LIB\C51FPL.LIB (?C?FPNEG)
  C:\KEIL_V5\C51\LIB\C51FPL.LIB (?C?FPROUND)
  C:\KEIL_V5\C51\LIB\C51FPL.LIB (?C?FPCONVERT)
  C:\KEIL_V5\C51\LIB\C51FPL.LIB (EXP)
  C:\KEIL_V5\C51\LIB\C51FPL.LIB (LOG)
  C:\KEIL_V5\C51\LIB\C51FPL.LIB (?C?FPDIV)
  C:\KEIL_V5\C51\LIB\C51FPL.LIB (?C?FTNPWR)
  C:\KEIL_V5\C51\LIB\C51FPL.LIB (?C?FPSERIES)
  C:\KEIL_V5\C51\LIB\C51L.LIB (?C_STARTUP)
  C:\KEIL_V5\C51\LIB\C51L.LIB (?C?COPY)
  C:\KEIL_V5\C51\LIB\C51L.LIB (?C?CLDPTR)
  C:\KEIL_V5\C51\LIB\C51L.LIB (?C?CLDOPTR)
  C:\KEIL_V5\C51\LIB\C51L.LIB (?C?CSTPTR)
  C:\KEIL_V5\C51\LIB\C51L.LIB (?C?CSTOPTR)
  C:\KEIL_V5\C51\LIB\C51L.LIB (?C?IMUL)
  C:\KEIL_V5\C51\LIB\C51L.LIB (?C?IILDX)
  C:\KEIL_V5\C51\LIB\C51L.LIB (?C?LNEG)
  C:\KEIL_V5\C51\LIB\C51L.LIB (?C?SLCMP)
  C:\KEIL_V5\C51\LIB\C51L.LIB (?C?ULCMP)
  C:\KEIL_V5\C51\LIB\C51L.LIB (?C?ULSHR)
  C:\KEIL_V5\C51\LIB\C51L.LIB (?C?LSHL)
  C:\KEIL_V5\C51\LIB\C51L.LIB (?C?LLDCODE)
  C:\KEIL_V5\C51\LIB\C51L.LIB (?C?LLDXDATA0)
  C:\KEIL_V5\C51\LIB\C51L.LIB (?C?LLDCODE0)
BL51 BANKED LINKER/LOCATER V6.22.2.0                                                  11/19/2021  16:07:17  PAGE 2


  C:\KEIL_V5\C51\LIB\C51L.LIB (?C?LSTXDATA)
  C:\KEIL_V5\C51\LIB\C51L.LIB (?C?LSTKXDATA)
  C:\KEIL_V5\C51\LIB\C51L.LIB (?C?PLDIXDATA)
  C:\KEIL_V5\C51\LIB\C51L.LIB (?C?PSTXDATA)
  C:\KEIL_V5\C51\LIB\C51L.LIB (?C?CCASE)
  C:\KEIL_V5\C51\LIB\C51L.LIB (STRCAT)
  C:\KEIL_V5\C51\LIB\C51L.LIB (?C?STRCMP)
  C:\KEIL_V5\C51\LIB\C51L.LIB (?C?STRCPY)
  C:\KEIL_V5\C51\LIB\C51L.LIB (STRLEN)
  C:\KEIL_V5\C51\LIB\C51L.LIB (STRTOK)
  C:\KEIL_V5\C51\LIB\C51L.LIB (ATOL)
  C:\KEIL_V5\C51\LIB\C51L.LIB (ATOI)
  C:\KEIL_V5\C51\LIB\C51L.LIB (?C_INIT)
  C:\KEIL_V5\C51\LIB\C51L.LIB (?C?ILDIX)
  C:\KEIL_V5\C51\LIB\C51L.LIB (?C?LMUL)
  C:\KEIL_V5\C51\LIB\C51L.LIB (ISDIGIT)
  C:\KEIL_V5\C51\LIB\C51L.LIB (ISSPACE)
  C:\KEIL_V5\C51\LIB\C51L.LIB (STRSPN)
  C:\KEIL_V5\C51\LIB\C51L.LIB (STRPBRK)


LINK MAP OF MODULE:  .\Objects\expedidor_v_105_raspberry_horarios (MAIN)


            TYPE    BASE      LENGTH    RELOCATION   SEGMENT NAME
            -----------------------------------------------------

            * * * * * * *   D A T A   M E M O R Y   * * * * * * *
            REG     0000H     0008H     ABSOLUTE     "REG BANK 0"
            DATA    0008H     0005H     UNIT         _DATA_GROUP_
            DATA    000DH     0004H     UNIT         ?DT?UART
            IDATA   0011H     0009H     UNIT         ?ID?MONITOR
                    001AH     0006H                  *** GAP ***
            BIT     0020H.0   0001H.1   UNIT         _BIT_GROUP_
            BIT     0021H.1   0000H.3   UNIT         ?BI?MAIN
            BIT     0021H.4   0000H.2   UNIT         ?BI?UART
            BIT     0021H.6   0000H.1   UNIT         ?BI?EEPROM
            BIT     0021H.7   0000H.1   UNIT         ?BI?IO_SENSORES
            BIT     0022H.0   0000H.1   UNIT         ?BI?VERIFICADOR
                    0022H.1   0000H.7                *** GAP ***
            IDATA   0023H     0046H     UNIT         ?ID?MAIN
            IDATA   0069H     0001H     UNIT         ?STACK

            * * * * * * *  X D A T A   M E M O R Y  * * * * * * *
            XDATA   0000H     00B7H     UNIT         _XDATA_GROUP_
            XDATA   00B7H     0091H     UNIT         ?XD?VERIFICADOR
            XDATA   0148H     006CH     UNIT         ?XD?MAIN
            XDATA   01B4H     005CH     UNIT         ?XD?PROG
            XDATA   0210H     0003H     UNIT         ?XD?EEPROM
            XDATA   0213H     0003H     UNIT         ?XD?UART
            XDATA   0216H     0003H     UNIT         ?XD?STRTOK
            XDATA   0219H     0002H     UNIT         ?XD?IO_SENSORES
            XDATA   021BH     0001H     UNIT         ?XD?ACCESCAN
            XDATA   021CH     0001H     UNIT         ?XD?CLOCK

            * * * * * * *   C O D E   M E M O R Y   * * * * * * *
            CODE    0000H     0003H     ABSOLUTE     
BL51 BANKED LINKER/LOCATER V6.22.2.0                                                  11/19/2021  16:07:17  PAGE 3


            CODE    0003H     0008H     UNIT         ?PR?P_CK?CLOCK
            CODE    000BH     0003H     ABSOLUTE     
            CODE    000EH     0015H     UNIT         ?PR?_STRLEN?STRLEN
            CODE    0023H     0003H     ABSOLUTE     
            CODE    0026H     141BH     UNIT         ?CO?PROG
            CODE    1441H     0B8BH     UNIT         ?C?LIB_CODE
            CODE    1FCCH     08DCH     UNIT         ?CO?VERIFICADOR
            CODE    28A8H     0747H     UNIT         ?PR?_PANTALLALCD?PANTALLAS
            CODE    2FEFH     06EFH     UNIT         ?CO?PANTALLAS
            CODE    36DEH     0541H     UNIT         ?PR?_VALIDA_TRAMA_PTO?ACCESCAN
            CODE    3C1FH     04DAH     UNIT         ?PR?_SECUENCIAEXPEDIDORMF?VERIFICADOR
            CODE    40F9H     0483H     UNIT         ?PR?PRINTF?PRINTF
            CODE    457CH     03C8H     UNIT         ?PR?VER_PROG?PROG
            CODE    4944H     02D0H     UNIT         ?PR?_TWO_BYTEHEX_DECIMAL?CLOCK
            CODE    4C14H     02B7H     UNIT         ?PR?_PROG_HORARIO_DIAS?PROG
            CODE    4ECBH     02A5H     UNIT         ?PR?_PANTALLALCD_LINEA_2?PANTALLAS
            CODE    5170H     02A3H     UNIT         ?PR?_ARMAR_TRAMA_MONITOR?VERIFICADOR
            CODE    5413H     0256H     UNIT         ?PR?_ARMAR_TRAMA_PTO_PARALELO_EXPEDIDOR?VERIFICADOR
            CODE    5669H     0235H     UNIT         ?PR?MENU?PROG
            CODE    589EH     0208H     UNIT         ?PR?_HASH_ID?PROG
            CODE    5AA6H     01FAH     UNIT         ?PR?_PROG_HORARIO_DESDE_HASTA?PROG
            CODE    5CA0H     01F5H     UNIT         ?PR?PROG_FECHA_VENCIMIENTO?PROG
            CODE    5E95H     01EBH     UNIT         ?PR?_ARMAR_TRAMA_TARJETA_SECTOR1_BLOQUE2?VERIFICADOR
            CODE    6080H     01DFH     UNIT         ?PR?_RESPONDE_LECTURA_TARJETA_SECTOR1_BLOQUE1?VERIFICADOR
            CODE    625FH     01D8H     UNIT         ?PR?_BLOCK_READ_CLOCK_ASCII_RASBERRY?CLOCK
            CODE    6437H     01B3H     UNIT         ?PR?COM_ISR?UART
            CODE    65EAH     01A4H     UNIT         ?PR?_VALIDA_TIPO_TARJETA?VERIFICADOR
            CODE    678EH     01A3H     UNIT         ?CO?LINTECH
            CODE    6931H     0188H     UNIT         ?PR?_VALIDA_TRAMA_MONITOR?MONITOR
            CODE    6AB9H     016EH     UNIT         ?PR?_BLOCK_READ_CLOCK_ASCII?CLOCK
            CODE    6C27H     0166H     UNIT         ?PR?_POW?POW
            CODE    6D8DH     0157H     UNIT         ?PR?_RESPONDE_REELECTURA_TARJETA_SECTOR1_BLOQUE2?VERIFICADOR
            CODE    6EE4H     0145H     UNIT         ?PR?PROG_HORARIOS?PROG
            CODE    7029H     013EH     UNIT         ?PR?PROG_SIN_COBRO?PROG
            CODE    7167H     013EH     UNIT         ?PR?SECUENCIA_INICIO_EXPEDIDOR?VERIFICADOR
            CODE    72A5H     013CH     UNIT         ?PR?LOAD_AND_SEND_ID_COD?PTO_PARALELO
            CODE    73E1H     0137H     UNIT         ?PR?VER_HORARIO?PROG
            CODE    7518H     012EH     UNIT         ?PR?_ARMAR_TRAMA_PTO_PARALELO_EXPEDIDOR_MENSUAL?VERIFICADOR
            CODE    7646H     012BH     UNIT         ?PR?_RESPONDE_LECTURA_TARJETA_SECTOR1_BLOQUE2?VERIFICADOR
            CODE    7771H     0129H     UNIT         ?PR?LOG?LOG
            CODE    789AH     0128H     UNIT         ?PR?_VER_HORARIO_DIAS?PROG
            CODE    79C2H     011AH     UNIT         ?PR?_PROG_HORARIOS_ON_OFF?PROG
            CODE    7ADCH     0119H     UNIT         ?PR?_VER_HORARIO_DESDE_HASTA?PROG
            CODE    7BF5H     0115H     UNIT         ?PR?_VALIDAR_CLK?CLOCK
            CODE    7D0AH     010FH     UNIT         ?PR?_HORARIOS?VERIFICADOR
            CODE    7E19H     010CH     UNIT         ?PR?_ATOL?ATOL
            CODE    7F25H     0100H     UNIT         ?PR?_WR_MF?LINTECH
            CODE    8025H     00FCH     UNIT         ?PR?PROG_DEBUG?PROG
            CODE    8121H     00FCH     UNIT         ?PR?PROG_USE_LPR?PROG
            CODE    821DH     00FCH     UNIT         ?PR?TIPO_PANTALLA?PROG
            CODE    8319H     00FCH     UNIT         ?PR?PROG_ANTIPASSBACK?PROG
            CODE    8415H     00FCH     UNIT         ?PR?PROG_PLACA?PROG
            CODE    8511H     00FCH     UNIT         ?PR?PROG_VALIDAR_TIPO_VEHICULO_MENSUAL?PROG
            CODE    860DH     00FCH     UNIT         ?PR?PROG_APB_MENSUAL?PROG
            CODE    8709H     00FCH     UNIT         ?PR?PROG_MENSUALES?PROG
            CODE    8805H     00FCH     UNIT         ?PR?_BLOQUE_HORARIO?VERIFICADOR
            CODE    8901H     00F1H     UNIT         ?PR?_WRITE_EEPROM_TICKET?EEPROM
BL51 BANKED LINKER/LOCATER V6.22.2.0                                                  11/19/2021  16:07:17  PAGE 4


            CODE    89F2H     00F0H     UNIT         ?CO?IO_SENSORES
            CODE    8AE2H     00EAH     UNIT         ?PR?_MOV_CARD?LINTECH
            CODE    8BCCH     00E4H     UNIT         ?PR?_STRTOK?STRTOK
            CODE    8CB0H     00DEH     UNIT         ?PR?PROG_ADDRESS_HIGH_BOARD?PROG
            CODE    8D8EH     00DCH     UNIT         ?PR?_RTA_CMD_TRANSPORTE?VERIFICADOR
            CODE    8E6AH     00DBH     UNIT         ?PR?_ATOI?ATOI
            CODE    8F45H     00D7H     UNIT         ?PR?_ANALIZA_UID_CARD?VERIFICADOR
            CODE    901CH     00D6H     UNIT         ?C_INITSEG
            CODE    90F2H     00D6H     UNIT         ?PR?_CMD_LPR_SALIDA_WIEGAND?ACCESCAN
            CODE    91C8H     00CCH     UNIT         ?PR?_GRABA_SERIE?EEPROM
            CODE    9294H     00CAH     UNIT         ?PR?READ_EEPROM_TICKET?EEPROM
            CODE    935EH     00C9H     UNIT         ?PR?_CHECK_FECHAOUT?CLOCK
            CODE    9427H     00C4H     UNIT         ?PR?_BLOCK_READ_CLOCK?CLOCK
            CODE    94EBH     00C4H     UNIT         ?PR?_TARJETA_MENSUAL?VERIFICADOR
            CODE    95AFH     00C3H     UNIT         ?PR?_RD_MF?LINTECH
            CODE    9672H     00C2H     UNIT         ?PR?PROG_TARJETA_AUTOMATICA_O_BOTON?PROG
            CODE    9734H     00C1H     UNIT         ?PR?_RECIBE_CMD_MONITOR?MONITOR
            CODE    97F5H     00BEH     UNIT         ?PR?ERROR_RX_PTO?VERIFICADOR
            CODE    98B3H     00BDH     UNIT         ?PR?PROG_COD_PARK?PROG
            CODE    9970H     00BDH     UNIT         ?PR?PROG_TIEMPO_GRACIA?PROG
            CODE    9A2DH     00B9H     UNIT         ?CO?TIBBO
            CODE    9AE6H     00B6H     UNIT         ?PR?PROG_ID_CLIENTE?PROG
            CODE    9B9CH     00B5H     UNIT         ?PR?_WAIT_PLACA?VERIFICADOR
            CODE    9C51H     00B4H     UNIT         ?PR?_SEND_PORT?PTO_PARALELO
            CODE    9D05H     00AFH     UNIT         ?PR?MSJ_LCD_INFORMATIVO?IO_SENSORES
            CODE    9DB4H     00ACH     UNIT         ?PR?_HORA_MAXIMA?VERIFICADOR
            CODE    9E60H     00AAH     UNIT         ?PR?CLAVE_SEGURIDAD_S2?LINTECH
            CODE    9F0AH     00A9H     UNIT         ?PR?DWLOAD_EEPROM?LINTECH
            CODE    9FB3H     00A6H     UNIT         ?PR?_BLOCK_READ_CLOCK_HEX?CLOCK
            CODE    A059H     00A5H     UNIT         ?PR?_SEND_PTO_PARALELO?VERIFICADOR
            CODE    A0FEH     00A4H     UNIT         ?PR?_ARMAR_TRAMA_TARJETA_SECTOR1_BLOQUE1_CAMCEL?VERIFICADOR
            CODE    A1A2H     00A2H     UNIT         ?PR?SHOW?PROG
            CODE    A244H     00A1H     UNIT         ?PR?_BLOCK_WRITE_CLOCK_ASCII?CLOCK
            CODE    A2E5H     009DH     UNIT         ?PR?_INICIALIZA?LINTECH
            CODE    A382H     009CH     UNIT         ?PR?_RESPUESTA_PLACA_CANCEL?VERIFICADOR
            CODE    A41EH     009BH     UNIT         ?PR?ENTREGA_CARD_CAPTURA?VERIFICADOR
            CODE    A4B9H     009AH     UNIT         ?PR?_RESPONDE_LECTURA_TARJETA_SECTOR1_BLOQUE0?VERIFICADOR
            CODE    A553H     009AH     UNIT         ?PR?EXP?EXP
            CODE    A5EDH     0099H     UNIT         ?PR?_RECIBE_PORT?PTO_PARALELO
            CODE    A686H     0098H     UNIT         ?PR?_VALIDA_VEHICULO_CARD_MENSUAL?VERIFICADOR
            CODE    A71EH     0091H     UNIT         ?PR?_HEX_ASCII?CLOCK
            CODE    A7AFH     0091H     UNIT         ?PR?_CARD_INSERCION?LINTECH
            CODE    A840H     0090H     UNIT         ?PR?_LEE_CLK?CLOCK
            CODE    A8D0H     0090H     UNIT         ?PR?_GETOPTION?PROG
            CODE    A960H     0090H     UNIT         ?PR?_DISPARO_LOCK_ENTRADA_VEHICULO?VERIFICADOR
            CODE    A9F0H     008DH     UNIT         ?PR?LOADVERIFY_EEPROM?LINTECH
            CODE    AA7DH     008CH     UNIT         ?C_C51STARTUP
            CODE    AB09H     0088H     UNIT         ?PR?_SEND_PORTERR?PTO_PARALELO
            CODE    AB91H     0088H     UNIT         ?PR?RX_DATA?TIBBO
            CODE    AC19H     0088H     UNIT         ?PR?UNIQUE_IDENTIFIER_UID?LINTECH
            CODE    ACA1H     0086H     UNIT         ?PR?_CHECK_STATUS?LINTECH
            CODE    AD27H     0084H     UNIT         ?PR?_DEBUGBUFFERMF?TIBBO
            CODE    ADABH     0084H     UNIT         ?PR?_STRSPN?STRSPN
            CODE    AE2FH     0083H     UNIT         ?PR?_RASPBERRY_DATA?PANTALLAS
            CODE    AEB2H     0081H     UNIT         ?PR?_STRPBRK?STRPBRK
            CODE    AF33H     0080H     UNIT         ?PR?_INGRESADATO?PROG
            CODE    AFB3H     0080H     UNIT         ?PR?AUT_CARD_CHECK_STATUS?LINTECH
BL51 BANKED LINKER/LOCATER V6.22.2.0                                                  11/19/2021  16:07:17  PAGE 5


            CODE    B033H     0080H     UNIT         ?PR?POWER_OFF?LINTECH
            CODE    B0B3H     007FH     UNIT         ?PR?MAIN?MAIN
            CODE    B132H     007DH     UNIT         ?PR?RELOJ_PANTALLA_LCD?PANTALLAS
            CODE    B1AFH     007CH     UNIT         ?PR?RESPONDE_ESTADO_SENSORES_TRANSPORTE?VERIFICADOR
            CODE    B22BH     0077H     UNIT         ?PR?RESPONDE_TIPO_TARJETA?VERIFICADOR
            CODE    B2A2H     0074H     UNIT         ?PR?_HORA_ENTRADA_VEHICULO?CLOCK
            CODE    B316H     0071H     UNIT         ?PR?_EN_HORARIO?VERIFICADOR
            CODE    B387H     0070H     UNIT         ?PR?INGRESO_VEHICULO?VERIFICADOR
            CODE    B3F7H     006FH     UNIT         ?PR?_ESCRIBIRMEMORIA?EEPROM
            CODE    B466H     006CH     UNIT         ?PR?_RESPONDE_WRITE_TARJETA_SECTOR1_BLOQUE2?VERIFICADOR
            CODE    B4D2H     006BH     UNIT         ?PR?_STRCAT?STRCAT
            CODE    B53DH     0066H     UNIT         ?PR?_LEERMEMORIA?EEPROM
            CODE    B5A3H     0062H     UNIT         ?PR?_LISTACOMANDOS?PROG
            CODE    B605H     005EH     UNIT         ?PR?_BYTEHEX_DECIMAL?CLOCK
            CODE    B663H     005DH     UNIT         ?PR?_RESPUESTA_SEGUNDA_CLAVE?VERIFICADOR
            CODE    B6C0H     005CH     UNIT         ?PR?_ARMAR_TRAMA_PLACA?VERIFICADOR
            CODE    B71CH     005BH     UNIT         ?PR?VALIDA_SENSOR1_AUTO?IO_SENSORES
            CODE    B777H     0056H     UNIT         ?PR?_WR_EEPROM?EEPROM
            CODE    B7CDH     0054H     UNIT         ?PR?_PREGUNTA_LPR?VERIFICADOR
            CODE    B821H     004DH     UNIT         ?PR?VARIABLE_INICIO?MAIN
            CODE    B86EH     004DH     UNIT         ?PR?L_D_M?EEPROM
            CODE    B8BBH     004CH     UNIT         ?PR?LEE_NO_TICKET?EEPROM
            CODE    B907H     004CH     UNIT         ?PR?LOAD_AND_SEND_INFO_RELOJ?PTO_PARALELO
            CODE    B953H     004BH     UNIT         ?PR?_TX_AUX?TIBBO
            CODE    B99EH     0049H     UNIT         ?PR?_DEBUG_TXT_TIBBO?TIBBO
            CODE    B9E7H     0048H     UNIT         ?PR?FIRST_CLAVE?PROG
            CODE    BA2FH     0047H     UNIT         ?PR?_DEBUG_CHR_TIBBO?TIBBO
            CODE    BA76H     0047H     UNIT         ?PR?_RESPONDE_WRITE_TARJETA_SECTOR2_BLOQUE0?VERIFICADOR
            CODE    BABDH     0046H     UNIT         ?PR?_ESCRIBIRCADENASOFT_BUFFER?MAIN
            CODE    BB03H     0046H     UNIT         ?PR?_LCD_TXT_NUM_CHAR?PANTALLAS
            CODE    BB49H     0046H     UNIT         ?PR?_DEBUG_HEXDEC?TIBBO
            CODE    BB8FH     0045H     UNIT         ?CO?MONITOR
            CODE    BBD4H     0044H     UNIT         ?PR?_LCD_TXT?PANTALLAS
            CODE    BC18H     0043H     UNIT         ?PR?DIR_BOARD?IO_SENSORES
            CODE    BC5BH     0042H     UNIT         ?PR?_VALIDARCLAVE?PROG
            CODE    BC9DH     0041H     UNIT         ?PR?_MONITOR_CHR?ACCESCAN
            CODE    BCDEH     0041H     UNIT         ?PR?_TWO_ONE?CLOCK
            CODE    BD1FH     0040H     UNIT         ?PR?_GETCMD?PROG
            CODE    BD5FH     0040H     UNIT         ?PR?_DEBUG_PTO_PARALELO?TIBBO
            CODE    BD9FH     003FH     UNIT         ?PR?_EB_CLK?CLOCK
            CODE    BDDEH     003EH     UNIT         ?PR?_PUTCHAR?MAIN
            CODE    BE1CH     003EH     UNIT         ?PR?TRAMA_VALIDACION_P_N?VERIFICADOR
            CODE    BE5AH     003DH     UNIT         ?PR?_HEX_BCD?CLOCK
            CODE    BE97H     003DH     UNIT         ?PR?_RD_EEPROM?EEPROM
            CODE    BED4H     003DH     UNIT         ?PR?_DEBUG_MONITOR?TIBBO
            CODE    BF11H     003DH     UNIT         ?PR?_LOAD_SECUENCIA_EXPEDIDOR?VERIFICADOR
            CODE    BF4EH     003BH     UNIT         ?CO?ACCESCAN
            CODE    BF89H     003BH     UNIT         ?CO?EEPROM
            CODE    BFC4H     003BH     UNIT         ?PR?_COM_PUTCHAR?UART
            CODE    BFFFH     003AH     UNIT         ?PR?_DELAY_10MS?DELAY
            CODE    C039H     003AH     UNIT         ?PR?ANALIZA_CARD_MOUNT_RF?VERIFICADOR
            CODE    C073H     0038H     UNIT         ?PR?VALIDASENSORESPASO?IO_SENSORES
            CODE    C0ABH     0036H     UNIT         ?PR?FORMATO_EEPROM?EEPROM
            CODE    C0E1H     0036H     UNIT         ?PR?_RESPONDE_WRITE_TARJETA_SECTOR1_BLOQUE1?VERIFICADOR
            CODE    C117H     0036H     UNIT         ?PR?_RESPONDE_WRITE_TARJETA_SECTOR1_BLOQUE0?VERIFICADOR
            CODE    C14DH     0034H     UNIT         ?PR?INCREMENTE_TICKET?EEPROM
            CODE    C181H     0034H     UNIT         ?PR?ADDR_HORARIOS?PROG
BL51 BANKED LINKER/LOCATER V6.22.2.0                                                  11/19/2021  16:07:17  PAGE 6


            CODE    C1B5H     0034H     UNIT         ?PR?ANALIZA_PRESENCIA_MENSUAL?VERIFICADOR
            CODE    C1E9H     0031H     UNIT         ?PR?_TARJETA_ROTACION?VERIFICADOR
            CODE    C21AH     0030H     UNIT         ?PR?PREGUNTA_PLACA?VERIFICADOR
            CODE    C24AH     002EH     UNIT         ?PR?TIMER0_INT?MAIN
            CODE    C278H     002AH     UNIT         ?PR?COM_INITIALIZE?UART
            CODE    C2A2H     0028H     UNIT         ?PR?_WR_CLK?CLOCK
            CODE    C2CAH     0028H     UNIT         ?PR?COM_BAUDRATE?UART
            CODE    C2F2H     0028H     UNIT         ?PR?_ARMAR_TRAMA_TARJETA_SECTOR1_BLOQUE0?VERIFICADOR
            CODE    C31AH     0027H     UNIT         ?PR?_TX_CHRLCD?PANTALLAS
            CODE    C341H     0026H     UNIT         ?PR?COM_GETCHAR?UART
            CODE    C367H     0026H     UNIT         ?PR?RX_MONITOR?MONITOR
            CODE    C38DH     0023H     UNIT         ?PR?ANALIZA_PRESENCIA_ROTACION?VERIFICADOR
            CODE    C3B0H     0022H     UNIT         ?PR?_E_D_M?EEPROM
            CODE    C3D2H     0022H     UNIT         ?PR?VALIDASENSOR_CERO?IO_SENSORES
            CODE    C3F4H     0021H     UNIT         ?CO?PTO_PARALELO
            CODE    C415H     0020H     UNIT         ?PR?ACKD?EEPROM
            CODE    C435H     0020H     UNIT         ?PR?ACK_LECT?EEPROM
            CODE    C455H     001FH     UNIT         ?PR?VALIDASENSOR?IO_SENSORES
            CODE    C474H     001FH     UNIT         ?PR?TIME_BIT?TIBBO
            CODE    C493H     001EH     UNIT         ?PR?_BCD_HEX?CLOCK
            CODE    C4B1H     001BH     UNIT         ?PR?_DELAY_1MS?DELAY
            CODE    C4CCH     0018H     UNIT         ?PR?CLEAR_PLACA?MONITOR
            CODE    C4E4H     0017H     UNIT         ?PR?DISPLAYCURSOR?PROG
            CODE    C4FBH     0017H     UNIT         ?PR?TIME_MBIT?TIBBO
            CODE    C512H     0016H     UNIT         ?PR?DIR_BOARD_MONITOR?IO_SENSORES
            CODE    C528H     0014H     UNIT         ?CO?CLOCK
            CODE    C53CH     0014H     UNIT         ?PR?_ISSPACE?ISSPACE
            CODE    C550H     0012H     UNIT         ?PR?_DELAY_20US?DELAY
            CODE    C562H     0012H     UNIT         ?PR?START?EEPROM
            CODE    C574H     0012H     UNIT         ?PR?BOTTON?IO_SENSORES
            CODE    C586H     0012H     UNIT         ?PR?PULSO_BUS?PTO_PARALELO
            CODE    C598H     0012H     UNIT         ?PR?COM_RBUFLEN?UART
            CODE    C5AAH     0012H     UNIT         ?PR?COM_TBUFLEN?UART
            CODE    C5BCH     0010H     UNIT         ?PR?INI_TIMER?MAIN
            CODE    C5CCH     0010H     UNIT         ?PR?INICIA_BOARD?MAIN
            CODE    C5DCH     000FH     UNIT         ?PR?_ISDIGIT?ISDIGIT
            CODE    C5EBH     000CH     UNIT         ?PR?_GETKEY?MAIN
            CODE    C5F7H     000AH     UNIT         ?PR?STOP?EEPROM
            CODE    C601H     000AH     UNIT         ?PR?COND_INI_PTO?PTO_PARALELO
            CODE    C60BH     0009H     UNIT         ?PR?DEBUG_DIVIDIR_TEXTO?TIBBO
            CODE    C614H     0009H     UNIT         ?PR?CAPTURA_EXPULSA?VERIFICADOR
            CODE    C61DH     0007H     UNIT         ?PR?COND_INI_CLOCK?CLOCK
            CODE    C624H     0007H     UNIT         ?PR?SEL_FUNCION?IO_SENSORES
            CODE    C62BH     0007H     UNIT         ?PR?SEL_AUTO?IO_SENSORES
            CODE    C632H     0007H     UNIT         ?PR?SEL_PULSA?IO_SENSORES
            CODE    C639H     0007H     UNIT         ?PR?SEL_SENSOR2?IO_SENSORES
            CODE    C640H     0007H     UNIT         ?PR?SEL_SENSOR1?IO_SENSORES
            CODE    C647H     0007H     UNIT         ?PR?SEL_DIR1?IO_SENSORES
            CODE    C64EH     0007H     UNIT         ?PR?SEL_DIR2?IO_SENSORES
            CODE    C655H     0006H     UNIT         ?PR?P_ME?EEPROM
            CODE    C65BH     0005H     UNIT         ?PR?ON_TIMER0_INTERRUP?MAIN
            CODE    C660H     0005H     UNIT         ?PR?COND_INI_TIBBO?TIBBO
            CODE    C665H     0003H     UNIT         ?PR?OFF_TIMER0_INTERRUP?MAIN
            CODE    C668H     0001H     UNIT         ?PR?DELAY?DELAY



BL51 BANKED LINKER/LOCATER V6.22.2.0                                                  11/19/2021  16:07:17  PAGE 7


OVERLAY MAP OF MODULE:   .\Objects\expedidor_v_105_raspberry_horarios (MAIN)


SEGMENT                                             BIT_GROUP          DATA_GROUP          XDATA_GROUP
  +--> CALLED SEGMENT                            START    LENGTH     START    LENGTH     START    LENGTH
--------------------------------------------------------------------------------------------------------
?C_C51STARTUP                                    -----    -----      -----    -----      -----    -----
  +--> ?PR?MAIN?MAIN
  +--> ?C_INITSEG

?PR?MAIN?MAIN                                    -----    -----      -----    -----      0000H    0001H
  +--> ?PR?INI_TIMER?MAIN
  +--> ?PR?ON_TIMER0_INTERRUP?MAIN
  +--> ?PR?COM_INITIALIZE?UART
  +--> ?PR?COM_BAUDRATE?UART
  +--> ?PR?INICIA_BOARD?MAIN
  +--> ?PR?TIME_BIT?TIBBO
  +--> ?PR?_DELAY_20US?DELAY
  +--> ?PR?TIME_MBIT?TIBBO
  +--> ?PR?_TX_AUX?TIBBO
  +--> ?PR?SEL_FUNCION?IO_SENSORES
  +--> ?PR?MENU?PROG
  +--> ?PR?VARIABLE_INICIO?MAIN
  +--> ?PR?SECUENCIA_INICIO_EXPEDIDOR?VERIFI...
  +--> ?PR?RX_MONITOR?MONITOR
  +--> ?PR?_SECUENCIAEXPEDIDORMF?VERIFICADOR
  +--> ?PR?_RECIBE_PORT?PTO_PARALELO
  +--> ?PR?_DEBUG_PTO_PARALELO?TIBBO
  +--> ?PR?_VALIDA_TRAMA_PTO?ACCESCAN
  +--> ?PR?MSJ_LCD_INFORMATIVO?IO_SENSORES

?PR?COM_INITIALIZE?UART                          -----    -----      -----    -----      -----    -----
  +--> ?PR?COM_BAUDRATE?UART

?PR?INICIA_BOARD?MAIN                            -----    -----      -----    -----      -----    -----
  +--> ?PR?COND_INI_TIBBO?TIBBO
  +--> ?PR?COND_INI_CLOCK?CLOCK
  +--> ?PR?COND_INI_PTO?PTO_PARALELO

?PR?_TX_AUX?TIBBO                                -----    -----      -----    -----      -----    -----
  +--> ?PR?TIME_BIT?TIBBO

?PR?MENU?PROG                                    -----    -----      -----    -----      0001H    0045H
  +--> ?CO?PROG
  +--> ?PR?PRINTF?PRINTF
  +--> ?PR?_RD_EEPROM?EEPROM
  +--> ?PR?FIRST_CLAVE?PROG
  +--> ?PR?_WR_EEPROM?EEPROM
  +--> ?PR?_LEERMEMORIA?EEPROM
  +--> ?PR?_HASH_ID?PROG
  +--> ?PR?_INGRESADATO?PROG
  +--> ?PR?_GETCMD?PROG
  +--> ?PR?_ESCRIBIRMEMORIA?EEPROM
  +--> ?PR?_VALIDARCLAVE?PROG
  +--> ?PR?DISPLAYCURSOR?PROG
  +--> ?PR?_STRLEN?STRLEN
  +--> ?PR?_GETOPTION?PROG
BL51 BANKED LINKER/LOCATER V6.22.2.0                                                  11/19/2021  16:07:17  PAGE 8


  +--> ?PR?_STRCAT?STRCAT
  +--> ?PR?_LISTACOMANDOS?PROG
  +--> ?PR?PROG_ID_CLIENTE?PROG
  +--> ?PR?PROG_COD_PARK?PROG
  +--> ?PR?PROG_TIEMPO_GRACIA?PROG
  +--> ?PR?PROG_SIN_COBRO?PROG
  +--> ?PR?PROG_DEBUG?PROG
  +--> ?PR?PROG_USE_LPR?PROG
  +--> ?PR?TIPO_PANTALLA?PROG
  +--> ?PR?PROG_TARJETA_AUTOMATICA_O_BOTON?PROG
  +--> ?PR?PROG_ANTIPASSBACK?PROG
  +--> ?PR?PROG_PLACA?PROG
  +--> ?PR?PROG_ADDRESS_HIGH_BOARD?PROG
  +--> ?PR?PROG_HORARIOS?PROG
  +--> ?PR?PROG_VALIDAR_TIPO_VEHICULO_MENSUA...
  +--> ?PR?PROG_APB_MENSUAL?PROG
  +--> ?PR?PROG_MENSUALES?PROG
  +--> ?PR?VER_PROG?PROG
  +--> ?PR?SHOW?PROG
  +--> ?PR?PROG_FECHA_VENCIMIENTO?PROG

?PR?PRINTF?PRINTF                                0020H.0  0001H.1    0008H    0005H      0077H    0030H
  +--> ?PR?_PUTCHAR?MAIN

?PR?_PUTCHAR?MAIN                                -----    -----      -----    -----      00A7H    0003H
  +--> ?PR?_COM_PUTCHAR?UART

?PR?_COM_PUTCHAR?UART                            -----    -----      -----    -----      00AAH    0001H
  +--> ?PR?COM_TBUFLEN?UART

?PR?_RD_EEPROM?EEPROM                            -----    -----      -----    -----      -----    -----
  +--> ?PR?START?EEPROM
  +--> ?PR?ACK_LECT?EEPROM
  +--> ?PR?_E_D_M?EEPROM
  +--> ?PR?ACKD?EEPROM
  +--> ?PR?L_D_M?EEPROM
  +--> ?PR?STOP?EEPROM

?PR?ACK_LECT?EEPROM                              -----    -----      -----    -----      -----    -----
  +--> ?PR?_E_D_M?EEPROM

?PR?_E_D_M?EEPROM                                -----    -----      -----    -----      -----    -----
  +--> ?PR?P_ME?EEPROM

?PR?ACKD?EEPROM                                  -----    -----      -----    -----      -----    -----
  +--> ?PR?_E_D_M?EEPROM

?PR?FIRST_CLAVE?PROG                             -----    -----      -----    -----      0046H    000BH
  +--> ?PR?_BLOCK_READ_CLOCK_ASCII?CLOCK
  +--> ?PR?_HASH_ID?PROG
  +--> ?PR?_ESCRIBIRMEMORIA?EEPROM

?PR?_BLOCK_READ_CLOCK_ASCII?CLOCK                -----    -----      -----    -----      0051H    0003H
  +--> ?PR?_LEE_CLK?CLOCK

?PR?_LEE_CLK?CLOCK                               -----    -----      -----    -----      00B1H    0003H
  +--> ?PR?_DELAY_20US?DELAY
BL51 BANKED LINKER/LOCATER V6.22.2.0                                                  11/19/2021  16:07:17  PAGE 9


  +--> ?PR?_EB_CLK?CLOCK
  +--> ?PR?P_CK?CLOCK

?PR?_EB_CLK?CLOCK                                -----    -----      -----    -----      00B4H    0003H
  +--> ?PR?P_CK?CLOCK

?PR?P_CK?CLOCK                                   -----    -----      -----    -----      -----    -----
  +--> ?PR?DELAY?DELAY

?PR?_HASH_ID?PROG                                -----    -----      -----    -----      005DH    003FH
  +--> ?CO?PROG
  +--> ?PR?_LEERMEMORIA?EEPROM
  +--> ?PR?_CHECK_FECHAOUT?CLOCK
  +--> ?PR?_STRLEN?STRLEN

?PR?_LEERMEMORIA?EEPROM                          -----    -----      -----    -----      009CH    0005H
  +--> ?PR?_RD_EEPROM?EEPROM

?PR?_CHECK_FECHAOUT?CLOCK                        -----    -----      -----    -----      009CH    0012H
  +--> ?PR?_BLOCK_READ_CLOCK_HEX?CLOCK

?PR?_BLOCK_READ_CLOCK_HEX?CLOCK                  -----    -----      -----    -----      00AEH    0003H
  +--> ?PR?_LEE_CLK?CLOCK
  +--> ?PR?_BCD_HEX?CLOCK

?PR?_ESCRIBIRMEMORIA?EEPROM                      -----    -----      -----    -----      005DH    0005H
  +--> ?PR?_WR_EEPROM?EEPROM

?PR?_WR_EEPROM?EEPROM                            -----    -----      -----    -----      -----    -----
  +--> ?PR?START?EEPROM
  +--> ?PR?ACKD?EEPROM
  +--> ?PR?_E_D_M?EEPROM
  +--> ?PR?STOP?EEPROM
  +--> ?PR?_DELAY_1MS?DELAY
  +--> ?PR?_DELAY_20US?DELAY

?PR?_DELAY_1MS?DELAY                             -----    -----      -----    -----      -----    -----
  +--> ?PR?_DELAY_20US?DELAY

?PR?_INGRESADATO?PROG                            -----    -----      -----    -----      0071H    0004H
  +--> ?PR?_GETKEY?MAIN
  +--> ?CO?PROG
  +--> ?PR?PRINTF?PRINTF
  +--> ?PR?_PUTCHAR?MAIN

?PR?_GETKEY?MAIN                                 -----    -----      -----    -----      -----    -----
  +--> ?PR?COM_GETCHAR?UART

?PR?COM_GETCHAR?UART                             -----    -----      -----    -----      -----    -----
  +--> ?PR?COM_RBUFLEN?UART

?PR?_GETCMD?PROG                                 -----    -----      -----    -----      005DH    0007H
  +--> ?CO?PROG
  +--> ?PR?_STRTOK?STRTOK

?PR?_STRTOK?STRTOK                               -----    -----      -----    -----      0064H    0006H
  +--> ?PR?_STRSPN?STRSPN
BL51 BANKED LINKER/LOCATER V6.22.2.0                                                  11/19/2021  16:07:17  PAGE 10


  +--> ?PR?_STRPBRK?STRPBRK

?PR?_STRSPN?STRSPN                               -----    -----      -----    -----      006AH    0008H

?PR?_STRPBRK?STRPBRK                             -----    -----      -----    -----      006AH    0009H

?PR?_VALIDARCLAVE?PROG                           -----    -----      -----    -----      005DH    000EH

?PR?DISPLAYCURSOR?PROG                           -----    -----      -----    -----      -----    -----
  +--> ?CO?PROG
  +--> ?PR?PRINTF?PRINTF

?PR?_GETOPTION?PROG                              -----    -----      -----    -----      0046H    000BH
  +--> ?CO?PROG
  +--> ?PR?_STRTOK?STRTOK

?PR?_STRCAT?STRCAT                               -----    -----      -----    -----      0046H    0009H

?PR?_LISTACOMANDOS?PROG                          -----    -----      -----    -----      0046H    0007H

?PR?PROG_ID_CLIENTE?PROG                         -----    -----      -----    -----      0046H    000CH
  +--> ?PR?_RD_EEPROM?EEPROM
  +--> ?CO?PROG
  +--> ?PR?PRINTF?PRINTF
  +--> ?PR?_INGRESADATO?PROG
  +--> ?PR?_ATOI?ATOI
  +--> ?PR?_WR_EEPROM?EEPROM

?PR?_ATOI?ATOI                                   0020H.0  0000H.1    -----    -----      0071H    0005H
  +--> ?PR?_ISSPACE?ISSPACE
  +--> ?PR?_ISDIGIT?ISDIGIT

?PR?PROG_COD_PARK?PROG                           -----    -----      -----    -----      0046H    000CH
  +--> ?PR?_RD_EEPROM?EEPROM
  +--> ?CO?PROG
  +--> ?PR?PRINTF?PRINTF
  +--> ?PR?_INGRESADATO?PROG
  +--> ?PR?_ATOI?ATOI
  +--> ?PR?_WR_EEPROM?EEPROM

?PR?PROG_TIEMPO_GRACIA?PROG                      -----    -----      -----    -----      0046H    000CH
  +--> ?PR?_RD_EEPROM?EEPROM
  +--> ?CO?PROG
  +--> ?PR?PRINTF?PRINTF
  +--> ?PR?_INGRESADATO?PROG
  +--> ?PR?_ATOI?ATOI
  +--> ?PR?_WR_EEPROM?EEPROM

?PR?PROG_SIN_COBRO?PROG                          -----    -----      -----    -----      0046H    000CH
  +--> ?PR?_RD_EEPROM?EEPROM
  +--> ?CO?PROG
  +--> ?PR?PRINTF?PRINTF
  +--> ?PR?_INGRESADATO?PROG
  +--> ?PR?_ATOI?ATOI
  +--> ?PR?_WR_EEPROM?EEPROM

?PR?PROG_DEBUG?PROG                              -----    -----      -----    -----      0046H    000CH
BL51 BANKED LINKER/LOCATER V6.22.2.0                                                  11/19/2021  16:07:17  PAGE 11


  +--> ?PR?_RD_EEPROM?EEPROM
  +--> ?CO?PROG
  +--> ?PR?PRINTF?PRINTF
  +--> ?PR?_INGRESADATO?PROG
  +--> ?PR?_ATOI?ATOI
  +--> ?PR?_WR_EEPROM?EEPROM

?PR?PROG_USE_LPR?PROG                            -----    -----      -----    -----      0046H    000CH
  +--> ?PR?_RD_EEPROM?EEPROM
  +--> ?CO?PROG
  +--> ?PR?PRINTF?PRINTF
  +--> ?PR?_INGRESADATO?PROG
  +--> ?PR?_ATOI?ATOI
  +--> ?PR?_WR_EEPROM?EEPROM

?PR?TIPO_PANTALLA?PROG                           -----    -----      -----    -----      0046H    000CH
  +--> ?PR?_RD_EEPROM?EEPROM
  +--> ?CO?PROG
  +--> ?PR?PRINTF?PRINTF
  +--> ?PR?_INGRESADATO?PROG
  +--> ?PR?_ATOI?ATOI
  +--> ?PR?_WR_EEPROM?EEPROM

?PR?PROG_TARJETA_AUTOMATICA_O_BOTON?PROG         -----    -----      -----    -----      0046H    000CH
  +--> ?PR?_RD_EEPROM?EEPROM
  +--> ?CO?PROG
  +--> ?PR?PRINTF?PRINTF
  +--> ?PR?_INGRESADATO?PROG
  +--> ?PR?_ATOI?ATOI
  +--> ?PR?_WR_EEPROM?EEPROM

?PR?PROG_ANTIPASSBACK?PROG                       -----    -----      -----    -----      0046H    000CH
  +--> ?PR?_RD_EEPROM?EEPROM
  +--> ?CO?PROG
  +--> ?PR?PRINTF?PRINTF
  +--> ?PR?_INGRESADATO?PROG
  +--> ?PR?_ATOI?ATOI
  +--> ?PR?_WR_EEPROM?EEPROM

?PR?PROG_PLACA?PROG                              -----    -----      -----    -----      0046H    000CH
  +--> ?PR?_RD_EEPROM?EEPROM
  +--> ?CO?PROG
  +--> ?PR?PRINTF?PRINTF
  +--> ?PR?_INGRESADATO?PROG
  +--> ?PR?_ATOI?ATOI
  +--> ?PR?_WR_EEPROM?EEPROM

?PR?PROG_ADDRESS_HIGH_BOARD?PROG                 -----    -----      -----    -----      0046H    000CH
  +--> ?PR?_RD_EEPROM?EEPROM
  +--> ?CO?PROG
  +--> ?PR?PRINTF?PRINTF
  +--> ?PR?_INGRESADATO?PROG
  +--> ?PR?_ATOI?ATOI
  +--> ?PR?_WR_EEPROM?EEPROM

?PR?PROG_HORARIOS?PROG                           -----    -----      -----    -----      0046H    001BH
  +--> ?PR?ADDR_HORARIOS?PROG
BL51 BANKED LINKER/LOCATER V6.22.2.0                                                  11/19/2021  16:07:17  PAGE 12


  +--> ?CO?PROG
  +--> ?PR?PRINTF?PRINTF
  +--> ?PR?_INGRESADATO?PROG
  +--> ?PR?_ATOI?ATOI
  +--> ?PR?_PROG_HORARIOS_ON_OFF?PROG
  +--> ?PR?_WR_EEPROM?EEPROM
  +--> ?PR?_PROG_HORARIO_DIAS?PROG
  +--> ?PR?_PROG_HORARIO_DESDE_HASTA?PROG
  +--> ?PR?_RD_EEPROM?EEPROM

?PR?ADDR_HORARIOS?PROG                           -----    -----      -----    -----      0074H    000BH

?PR?_PROG_HORARIOS_ON_OFF?PROG                   -----    -----      -----    -----      0061H    0010H
  +--> ?PR?_RD_EEPROM?EEPROM
  +--> ?CO?PROG
  +--> ?PR?PRINTF?PRINTF
  +--> ?PR?_INGRESADATO?PROG
  +--> ?PR?_ATOI?ATOI
  +--> ?PR?_WR_EEPROM?EEPROM

?PR?_PROG_HORARIO_DIAS?PROG                      -----    -----      -----    -----      0061H    000FH
  +--> ?CO?PROG
  +--> ?PR?PRINTF?PRINTF
  +--> ?PR?_INGRESADATO?PROG
  +--> ?PR?_WR_EEPROM?EEPROM
  +--> ?PR?_RD_EEPROM?EEPROM

?PR?_PROG_HORARIO_DESDE_HASTA?PROG               -----    -----      -----    -----      0061H    000CH
  +--> ?CO?PROG
  +--> ?PR?PRINTF?PRINTF
  +--> ?PR?_INGRESADATO?PROG
  +--> ?PR?_WR_EEPROM?EEPROM
  +--> ?PR?_RD_EEPROM?EEPROM

?PR?PROG_VALIDAR_TIPO_VEHICULO_MENSUA...         -----    -----      -----    -----      0046H    000CH
  +--> ?PR?_RD_EEPROM?EEPROM
  +--> ?CO?PROG
  +--> ?PR?PRINTF?PRINTF
  +--> ?PR?_INGRESADATO?PROG
  +--> ?PR?_ATOI?ATOI
  +--> ?PR?_WR_EEPROM?EEPROM

?PR?PROG_APB_MENSUAL?PROG                        -----    -----      -----    -----      0046H    000CH
  +--> ?PR?_RD_EEPROM?EEPROM
  +--> ?CO?PROG
  +--> ?PR?PRINTF?PRINTF
  +--> ?PR?_INGRESADATO?PROG
  +--> ?PR?_ATOI?ATOI
  +--> ?PR?_WR_EEPROM?EEPROM

?PR?PROG_MENSUALES?PROG                          -----    -----      -----    -----      0046H    000CH
  +--> ?PR?_RD_EEPROM?EEPROM
  +--> ?CO?PROG
  +--> ?PR?PRINTF?PRINTF
  +--> ?PR?_INGRESADATO?PROG
  +--> ?PR?_ATOI?ATOI
  +--> ?PR?_WR_EEPROM?EEPROM
BL51 BANKED LINKER/LOCATER V6.22.2.0                                                  11/19/2021  16:07:17  PAGE 13



?PR?VER_PROG?PROG                                -----    -----      -----    -----      0046H    0013H
  +--> ?PR?_RD_EEPROM?EEPROM
  +--> ?CO?PROG
  +--> ?PR?PRINTF?PRINTF
  +--> ?PR?VER_HORARIO?PROG
  +--> ?PR?_LEERMEMORIA?EEPROM
  +--> ?PR?_HEX_ASCII?CLOCK
  +--> ?PR?LEE_NO_TICKET?EEPROM

?PR?VER_HORARIO?PROG                             -----    -----      -----    -----      0059H    001BH
  +--> ?PR?ADDR_HORARIOS?PROG
  +--> ?CO?PROG
  +--> ?PR?PRINTF?PRINTF
  +--> ?PR?_RD_EEPROM?EEPROM
  +--> ?PR?_VER_HORARIO_DIAS?PROG
  +--> ?PR?_VER_HORARIO_DESDE_HASTA?PROG

?PR?_VER_HORARIO_DIAS?PROG                       -----    -----      -----    -----      0074H    0003H
  +--> ?PR?_RD_EEPROM?EEPROM
  +--> ?CO?PROG
  +--> ?PR?PRINTF?PRINTF

?PR?_VER_HORARIO_DESDE_HASTA?PROG                -----    -----      -----    -----      0074H    0002H
  +--> ?CO?PROG
  +--> ?PR?PRINTF?PRINTF
  +--> ?PR?_RD_EEPROM?EEPROM

?PR?_HEX_ASCII?CLOCK                             -----    -----      -----    -----      005DH    0006H
  +--> ?PR?_HEX_BCD?CLOCK

?PR?LEE_NO_TICKET?EEPROM                         -----    -----      -----    -----      0059H    000BH
  +--> ?PR?READ_EEPROM_TICKET?EEPROM
  +--> ?CO?EEPROM
  +--> ?PR?PRINTF?PRINTF
  +--> ?PR?_STRLEN?STRLEN
  +--> ?PR?_DEBUG_TXT_TIBBO?TIBBO

?PR?READ_EEPROM_TICKET?EEPROM                    -----    -----      -----    -----      0064H    0007H
  +--> ?PR?_RD_EEPROM?EEPROM

?PR?_DEBUG_TXT_TIBBO?TIBBO                       -----    -----      -----    -----      0064H    0004H
  +--> ?PR?_DEBUG_CHR_TIBBO?TIBBO
  +--> ?CO?TIBBO
  +--> ?PR?_TX_AUX?TIBBO

?PR?_DEBUG_CHR_TIBBO?TIBBO                       -----    -----      -----    -----      -----    -----
  +--> ?PR?_TX_AUX?TIBBO

?PR?SHOW?PROG                                    -----    -----      -----    -----      -----    -----
  +--> ?CO?PROG
  +--> ?PR?PRINTF?PRINTF

?PR?PROG_FECHA_VENCIMIENTO?PROG                  -----    -----      -----    -----      0046H    0017H
  +--> ?PR?_LEERMEMORIA?EEPROM
  +--> ?PR?_HEX_ASCII?CLOCK
  +--> ?CO?PROG
BL51 BANKED LINKER/LOCATER V6.22.2.0                                                  11/19/2021  16:07:17  PAGE 14


  +--> ?PR?PRINTF?PRINTF
  +--> ?PR?_HASH_ID?PROG
  +--> ?PR?_INGRESADATO?PROG
  +--> ?PR?_GETCMD?PROG
  +--> ?PR?_ESCRIBIRMEMORIA?EEPROM
  +--> ?PR?_VALIDARCLAVE?PROG
  +--> ?PR?_ATOI?ATOI
  +--> ?PR?_WR_EEPROM?EEPROM

?PR?VARIABLE_INICIO?MAIN                         -----    -----      -----    -----      -----    -----
  +--> ?PR?_RD_EEPROM?EEPROM

?PR?SECUENCIA_INICIO_EXPEDIDOR?VERIFI...         -----    -----      -----    -----      0001H    0001H
  +--> ?PR?_INICIALIZA?LINTECH
  +--> ?PR?TRAMA_VALIDACION_P_N?VERIFICADOR
  +--> ?CO?VERIFICADOR
  +--> ?PR?_DEBUG_TXT_TIBBO?TIBBO
  +--> ?PR?_DEBUGBUFFERMF?TIBBO
  +--> ?PR?DWLOAD_EEPROM?LINTECH

?PR?_INICIALIZA?LINTECH                          -----    -----      -----    -----      0002H    000CH
  +--> ?CO?LINTECH
  +--> ?PR?_DEBUG_TXT_TIBBO?TIBBO
  +--> ?PR?_DEBUGBUFFERMF?TIBBO
  +--> ?PR?_ESCRIBIRCADENASOFT_BUFFER?MAIN

?PR?_DEBUGBUFFERMF?TIBBO                         -----    -----      -----    -----      0027H    0006H
  +--> ?CO?TIBBO
  +--> ?PR?_DEBUG_TXT_TIBBO?TIBBO
  +--> ?PR?_DEBUG_CHR_TIBBO?TIBBO
  +--> ?PR?_TX_AUX?TIBBO

?PR?_ESCRIBIRCADENASOFT_BUFFER?MAIN              -----    -----      -----    -----      0027H    0006H
  +--> ?PR?_PUTCHAR?MAIN

?PR?TRAMA_VALIDACION_P_N?VERIFICADOR             -----    -----      -----    -----      -----    -----
  +--> ?CO?VERIFICADOR
  +--> ?PR?_DEBUG_TXT_TIBBO?TIBBO

?PR?DWLOAD_EEPROM?LINTECH                        -----    -----      -----    -----      0002H    0016H
  +--> ?CO?LINTECH
  +--> ?PR?_DEBUG_TXT_TIBBO?TIBBO
  +--> ?PR?_DEBUGBUFFERMF?TIBBO
  +--> ?PR?_ESCRIBIRCADENASOFT_BUFFER?MAIN

?PR?RX_MONITOR?MONITOR                           -----    -----      -----    -----      0009H    000DH
  +--> ?PR?_RECIBE_CMD_MONITOR?MONITOR
  +--> ?PR?_DEBUG_MONITOR?TIBBO
  +--> ?PR?_VALIDA_TRAMA_MONITOR?MONITOR

?PR?_RECIBE_CMD_MONITOR?MONITOR                  -----    -----      -----    -----      0016H    0009H
  +--> ?PR?RX_DATA?TIBBO

?PR?RX_DATA?TIBBO                                -----    -----      -----    -----      -----    -----
  +--> ?PR?TIME_MBIT?TIBBO
  +--> ?PR?TIME_BIT?TIBBO

BL51 BANKED LINKER/LOCATER V6.22.2.0                                                  11/19/2021  16:07:17  PAGE 15


?PR?_DEBUG_MONITOR?TIBBO                         -----    -----      -----    -----      0016H    0004H
  +--> ?PR?DEBUG_DIVIDIR_TEXTO?TIBBO
  +--> ?CO?TIBBO
  +--> ?PR?_DEBUG_TXT_TIBBO?TIBBO

?PR?DEBUG_DIVIDIR_TEXTO?TIBBO                    -----    -----      -----    -----      -----    -----
  +--> ?CO?TIBBO
  +--> ?PR?_DEBUG_TXT_TIBBO?TIBBO

?PR?_VALIDA_TRAMA_MONITOR?MONITOR                -----    -----      -----    -----      0016H    0008H
  +--> ?CO?MONITOR
  +--> ?PR?_DEBUG_TXT_TIBBO?TIBBO
  +--> ?PR?_DEBUG_CHR_TIBBO?TIBBO
  +--> ?PR?_DELAY_10MS?DELAY
  +--> ?PR?_TX_AUX?TIBBO

?PR?_DELAY_10MS?DELAY                            -----    -----      -----    -----      001EH    0004H
  +--> ?PR?_DELAY_1MS?DELAY

?PR?_SECUENCIAEXPEDIDORMF?VERIFICADOR            -----    -----      -----    -----      0001H    0001H
  +--> ?PR?_CHECK_STATUS?LINTECH
  +--> ?PR?_LOAD_SECUENCIA_EXPEDIDOR?VERIFIC...
  +--> ?PR?RX_MONITOR?MONITOR
  +--> ?PR?_RTA_CMD_TRANSPORTE?VERIFICADOR
  +--> ?PR?_MOV_CARD?LINTECH
  +--> ?PR?_CARD_INSERCION?LINTECH
  +--> ?PR?AUT_CARD_CHECK_STATUS?LINTECH
  +--> ?PR?LOADVERIFY_EEPROM?LINTECH
  +--> ?PR?_RD_MF?LINTECH
  +--> ?PR?_WR_MF?LINTECH
  +--> ?PR?ANALIZA_CARD_MOUNT_RF?VERIFICADOR
  +--> ?PR?DWLOAD_EEPROM?LINTECH
  +--> ?PR?ENTREGA_CARD_CAPTURA?VERIFICADOR
  +--> ?PR?_SEND_PTO_PARALELO?VERIFICADOR
  +--> ?PR?_WAIT_PLACA?VERIFICADOR
  +--> ?PR?UNIQUE_IDENTIFIER_UID?LINTECH
  +--> ?PR?_PREGUNTA_LPR?VERIFICADOR
  +--> ?PR?PREGUNTA_PLACA?VERIFICADOR
  +--> ?PR?_VALIDA_TIPO_TARJETA?VERIFICADOR
  +--> ?PR?POWER_OFF?LINTECH
  +--> ?PR?CLAVE_SEGURIDAD_S2?LINTECH
  +--> ?PR?_RESPONDE_REELECTURA_TARJETA_SECT...
  +--> ?PR?RESPONDE_ESTADO_SENSORES_TRANSPOR...
  +--> ?PR?RESPONDE_TIPO_TARJETA?VERIFICADOR
  +--> ?PR?_RESPONDE_LECTURA_TARJETA_SECTOR1...
  +--> ?PR?_RESPONDE_LECTURA_TARJETA_SECTOR1...
  +--> ?PR?_RESPONDE_LECTURA_TARJETA_SECTOR1...
  +--> ?PR?_RESPONDE_WRITE_TARJETA_SECTOR1_B...
  +--> ?PR?_RESPONDE_WRITE_TARJETA_SECTOR2_B...
  +--> ?PR?_RESPONDE_WRITE_TARJETA_SECTOR1_B...
  +--> ?PR?_RESPONDE_WRITE_TARJETA_SECTOR1_B...
  +--> ?PR?_DISPARO_LOCK_ENTRADA_VEHICULO?VE...
  +--> ?PR?_RESPUESTA_SEGUNDA_CLAVE?VERIFICADOR
  +--> ?PR?ANALIZA_PRESENCIA_MENSUAL?VERIFIC...
  +--> ?PR?_ANALIZA_UID_CARD?VERIFICADOR
  +--> ?PR?ANALIZA_PRESENCIA_ROTACION?VERIFI...
  +--> ?CO?VERIFICADOR
BL51 BANKED LINKER/LOCATER V6.22.2.0                                                  11/19/2021  16:07:17  PAGE 16


  +--> ?PR?_DEBUG_TXT_TIBBO?TIBBO

?PR?_CHECK_STATUS?LINTECH                        -----    -----      -----    -----      0002H    000BH
  +--> ?CO?LINTECH
  +--> ?PR?_DEBUG_TXT_TIBBO?TIBBO
  +--> ?PR?_DEBUGBUFFERMF?TIBBO
  +--> ?PR?_ESCRIBIRCADENASOFT_BUFFER?MAIN

?PR?_LOAD_SECUENCIA_EXPEDIDOR?VERIFIC...         -----    -----      -----    -----      0002H    0009H

?PR?_RTA_CMD_TRANSPORTE?VERIFICADOR              -----    -----      -----    -----      0002H    0005H
  +--> ?PR?TRAMA_VALIDACION_P_N?VERIFICADOR
  +--> ?CO?VERIFICADOR
  +--> ?PR?_DEBUG_TXT_TIBBO?TIBBO
  +--> ?PR?_DEBUGBUFFERMF?TIBBO
  +--> ?PR?ERROR_RX_PTO?VERIFICADOR

?PR?ERROR_RX_PTO?VERIFICADOR                     -----    -----      -----    -----      0007H    0001H
  +--> ?CO?VERIFICADOR
  +--> ?PR?_DEBUG_TXT_TIBBO?TIBBO
  +--> ?PR?_DEBUG_CHR_TIBBO?TIBBO
  +--> ?PR?_DELAY_10MS?DELAY

?PR?_MOV_CARD?LINTECH                            -----    -----      -----    -----      0002H    000CH
  +--> ?CO?LINTECH
  +--> ?PR?_DEBUG_TXT_TIBBO?TIBBO
  +--> ?PR?_DEBUGBUFFERMF?TIBBO
  +--> ?PR?_ESCRIBIRCADENASOFT_BUFFER?MAIN

?PR?_CARD_INSERCION?LINTECH                      -----    -----      -----    -----      0002H    000AH
  +--> ?CO?LINTECH
  +--> ?PR?_DEBUG_TXT_TIBBO?TIBBO
  +--> ?PR?_DEBUGBUFFERMF?TIBBO
  +--> ?PR?_ESCRIBIRCADENASOFT_BUFFER?MAIN

?PR?AUT_CARD_CHECK_STATUS?LINTECH                -----    -----      -----    -----      0002H    000BH
  +--> ?CO?LINTECH
  +--> ?PR?_DEBUG_TXT_TIBBO?TIBBO
  +--> ?PR?_DEBUGBUFFERMF?TIBBO
  +--> ?PR?_ESCRIBIRCADENASOFT_BUFFER?MAIN

?PR?LOADVERIFY_EEPROM?LINTECH                    -----    -----      -----    -----      0002H    0010H
  +--> ?CO?LINTECH
  +--> ?PR?_DEBUG_TXT_TIBBO?TIBBO
  +--> ?PR?_DEBUGBUFFERMF?TIBBO
  +--> ?PR?_ESCRIBIRCADENASOFT_BUFFER?MAIN

?PR?_RD_MF?LINTECH                               -----    -----      -----    -----      0002H    0012H
  +--> ?CO?LINTECH
  +--> ?PR?_DEBUG_TXT_TIBBO?TIBBO
  +--> ?PR?_DEBUG_CHR_TIBBO?TIBBO
  +--> ?PR?_DEBUGBUFFERMF?TIBBO
  +--> ?PR?_ESCRIBIRCADENASOFT_BUFFER?MAIN

?PR?_WR_MF?LINTECH                               -----    -----      -----    -----      0002H    0025H
  +--> ?CO?LINTECH
  +--> ?PR?_DEBUG_TXT_TIBBO?TIBBO
BL51 BANKED LINKER/LOCATER V6.22.2.0                                                  11/19/2021  16:07:17  PAGE 17


  +--> ?PR?_DEBUG_CHR_TIBBO?TIBBO
  +--> ?PR?_DEBUGBUFFERMF?TIBBO
  +--> ?PR?_ESCRIBIRCADENASOFT_BUFFER?MAIN

?PR?ANALIZA_CARD_MOUNT_RF?VERIFICADOR            -----    -----      -----    -----      0002H    0001H
  +--> ?CO?VERIFICADOR
  +--> ?PR?_DEBUG_TXT_TIBBO?TIBBO

?PR?ENTREGA_CARD_CAPTURA?VERIFICADOR             -----    -----      -----    -----      0002H    0001H
  +--> ?CO?VERIFICADOR
  +--> ?PR?_DEBUG_TXT_TIBBO?TIBBO
  +--> ?PR?SEL_SENSOR2?IO_SENSORES
  +--> ?PR?VALIDASENSOR?IO_SENSORES
  +--> ?PR?VALIDA_SENSOR1_AUTO?IO_SENSORES

?PR?VALIDA_SENSOR1_AUTO?IO_SENSORES              -----    -----      -----    -----      0012H    0001H
  +--> ?PR?SEL_SENSOR1?IO_SENSORES
  +--> ?PR?SEL_AUTO?IO_SENSORES
  +--> ?CO?IO_SENSORES
  +--> ?PR?_DEBUG_TXT_TIBBO?TIBBO
  +--> ?PR?BOTTON?IO_SENSORES

?PR?BOTTON?IO_SENSORES                           -----    -----      -----    -----      -----    -----
  +--> ?PR?SEL_PULSA?IO_SENSORES
  +--> ?CO?IO_SENSORES
  +--> ?PR?_DEBUG_TXT_TIBBO?TIBBO

?PR?_SEND_PTO_PARALELO?VERIFICADOR               -----    -----      -----    -----      0002H    0007H
  +--> ?PR?_ARMAR_TRAMA_PTO_PARALELO_EXPEDID...
  +--> ?PR?_ARMAR_TRAMA_PTO_PARALELO_EXPEDID...
  +--> ?PR?INCREMENTE_TICKET?EEPROM
  +--> ?PR?_SEND_PORT?PTO_PARALELO
  +--> ?CO?VERIFICADOR
  +--> ?PR?_DEBUG_TXT_TIBBO?TIBBO
  +--> ?PR?_DEBUGBUFFERMF?TIBBO
  +--> ?PR?CLEAR_PLACA?MONITOR

?PR?_ARMAR_TRAMA_PTO_PARALELO_EXPEDID...         -----    -----      -----    -----      0009H    0006H
  +--> ?PR?_BCD_HEX?CLOCK
  +--> ?PR?_RD_EEPROM?EEPROM

?PR?_ARMAR_TRAMA_PTO_PARALELO_EXPEDID...         -----    -----      -----    -----      0009H    0012H
  +--> ?PR?LEE_NO_TICKET?EEPROM
  +--> ?PR?_STRCAT?STRCAT
  +--> ?PR?_STRLEN?STRLEN
  +--> ?PR?_BCD_HEX?CLOCK
  +--> ?PR?_RD_EEPROM?EEPROM

?PR?INCREMENTE_TICKET?EEPROM                     -----    -----      -----    -----      0009H    000BH
  +--> ?PR?READ_EEPROM_TICKET?EEPROM
  +--> ?CO?EEPROM
  +--> ?PR?PRINTF?PRINTF
  +--> ?PR?_WRITE_EEPROM_TICKET?EEPROM

?PR?_WRITE_EEPROM_TICKET?EEPROM                  -----    -----      -----    -----      0016H    000BH
  +--> ?CO?EEPROM
  +--> ?PR?_DEBUG_TXT_TIBBO?TIBBO
BL51 BANKED LINKER/LOCATER V6.22.2.0                                                  11/19/2021  16:07:17  PAGE 18


  +--> ?PR?_ATOL?ATOL
  +--> ?PR?_DEBUG_CHR_TIBBO?TIBBO
  +--> ?PR?_WR_EEPROM?EEPROM

?PR?_ATOL?ATOL                                   0020H.0  0000H.1    -----    -----      0021H    0007H
  +--> ?PR?_ISSPACE?ISSPACE
  +--> ?PR?_ISDIGIT?ISDIGIT

?PR?_SEND_PORT?PTO_PARALELO                      -----    -----      -----    -----      0016H    000AH
  +--> ?PR?PULSO_BUS?PTO_PARALELO
  +--> ?PR?_DELAY_20US?DELAY

?PR?PULSO_BUS?PTO_PARALELO                       -----    -----      -----    -----      -----    -----
  +--> ?PR?_DELAY_20US?DELAY

?PR?_WAIT_PLACA?VERIFICADOR                      -----    -----      -----    -----      0002H    0007H
  +--> ?CO?VERIFICADOR
  +--> ?PR?_DEBUG_TXT_TIBBO?TIBBO
  +--> ?PR?RX_MONITOR?MONITOR
  +--> ?PR?_RESPUESTA_PLACA_CANCEL?VERIFICADOR

?PR?_RESPUESTA_PLACA_CANCEL?VERIFICADOR          -----    -----      -----    -----      0009H    000AH
  +--> ?CO?VERIFICADOR
  +--> ?PR?_DEBUG_TXT_TIBBO?TIBBO
  +--> ?PR?_ARMAR_TRAMA_TARJETA_SECTOR1_BLOQ...

?PR?_ARMAR_TRAMA_TARJETA_SECTOR1_BLOQ...         -----    -----      -----    -----      0013H    0004H
  +--> ?PR?CLEAR_PLACA?MONITOR
  +--> ?PR?_RD_EEPROM?EEPROM

?PR?UNIQUE_IDENTIFIER_UID?LINTECH                -----    -----      -----    -----      0002H    000BH
  +--> ?CO?LINTECH
  +--> ?PR?_DEBUG_TXT_TIBBO?TIBBO
  +--> ?PR?_DEBUGBUFFERMF?TIBBO
  +--> ?PR?_ESCRIBIRCADENASOFT_BUFFER?MAIN

?PR?_PREGUNTA_LPR?VERIFICADOR                    -----    -----      -----    -----      0002H    0003H
  +--> ?CO?VERIFICADOR
  +--> ?PR?_DEBUG_TXT_TIBBO?TIBBO
  +--> ?PR?_HORA_ENTRADA_VEHICULO?CLOCK
  +--> ?PR?_RD_EEPROM?EEPROM
  +--> ?PR?_ARMAR_TRAMA_MONITOR?VERIFICADOR

?PR?_HORA_ENTRADA_VEHICULO?CLOCK                 -----    -----      -----    -----      0005H    0003H
  +--> ?PR?_LEE_CLK?CLOCK

?PR?_ARMAR_TRAMA_MONITOR?VERIFICADOR             -----    -----      -----    -----      0005H    000FH
  +--> ?PR?DIR_BOARD_MONITOR?IO_SENSORES
  +--> ?PR?LEE_NO_TICKET?EEPROM
  +--> ?PR?_STRCAT?STRCAT
  +--> ?PR?_BYTEHEX_DECIMAL?CLOCK
  +--> ?PR?_STRLEN?STRLEN
  +--> ?PR?_TWO_BYTEHEX_DECIMAL?CLOCK

?PR?DIR_BOARD_MONITOR?IO_SENSORES                -----    -----      -----    -----      -----    -----
  +--> ?PR?_RD_EEPROM?EEPROM

BL51 BANKED LINKER/LOCATER V6.22.2.0                                                  11/19/2021  16:07:17  PAGE 19


?PR?_BYTEHEX_DECIMAL?CLOCK                       -----    -----      -----    -----      0014H    0001H

?PR?_TWO_BYTEHEX_DECIMAL?CLOCK                   -----    -----      -----    -----      0014H    000CH
  +--> ?PR?_POW?POW

?PR?_POW?POW                                     -----    -----      -----    -----      0020H    000AH
  +--> ?PR?LOG?LOG
  +--> ?PR?EXP?EXP

?PR?LOG?LOG                                      0020H.0  0000H.1    -----    -----      002AH    0004H

?PR?PREGUNTA_PLACA?VERIFICADOR                   -----    -----      -----    -----      0002H    0001H
  +--> ?CO?VERIFICADOR
  +--> ?PR?_DEBUG_TXT_TIBBO?TIBBO
  +--> ?PR?_RD_EEPROM?EEPROM

?PR?_VALIDA_TIPO_TARJETA?VERIFICADOR             -----    -----      -----    -----      0002H    0007H
  +--> ?CO?VERIFICADOR
  +--> ?PR?_DEBUG_TXT_TIBBO?TIBBO
  +--> ?PR?_RD_EEPROM?EEPROM
  +--> ?PR?_TARJETA_MENSUAL?VERIFICADOR
  +--> ?PR?_SEND_PORTERR?PTO_PARALELO
  +--> ?PR?_PANTALLALCD?PANTALLAS
  +--> ?PR?CAPTURA_EXPULSA?VERIFICADOR
  +--> ?PR?_TARJETA_ROTACION?VERIFICADOR

?PR?_TARJETA_MENSUAL?VERIFICADOR                 -----    -----      -----    -----      0009H    0007H
  +--> ?PR?_HORARIOS?VERIFICADOR
  +--> ?PR?_CHECK_FECHAOUT?CLOCK
  +--> ?PR?_VALIDA_VEHICULO_CARD_MENSUAL?VER...
  +--> ?PR?CAPTURA_EXPULSA?VERIFICADOR
  +--> ?CO?VERIFICADOR
  +--> ?PR?_DEBUG_TXT_TIBBO?TIBBO
  +--> ?PR?_ARMAR_TRAMA_TARJETA_SECTOR1_BLOQ...
  +--> ?PR?_SEND_PORTERR?PTO_PARALELO
  +--> ?PR?_PANTALLALCD?PANTALLAS

?PR?_HORARIOS?VERIFICADOR                        -----    -----      -----    -----      0010H    0013H
  +--> ?PR?ADDR_HORARIOS?PROG
  +--> ?PR?_RD_EEPROM?EEPROM
  +--> ?PR?_LEE_CLK?CLOCK
  +--> ?CO?VERIFICADOR
  +--> ?PR?_DEBUG_TXT_TIBBO?TIBBO
  +--> ?PR?_DEBUG_CHR_TIBBO?TIBBO
  +--> ?PR?_BLOQUE_HORARIO?VERIFICADOR
  +--> ?PR?_PANTALLALCD?PANTALLAS

?PR?_BLOQUE_HORARIO?VERIFICADOR                  -----    -----      -----    -----      0023H    0007H
  +--> ?CO?VERIFICADOR
  +--> ?PR?_DEBUG_TXT_TIBBO?TIBBO
  +--> ?PR?_LEE_CLK?CLOCK
  +--> ?PR?_DEBUG_CHR_TIBBO?TIBBO
  +--> ?PR?_HORA_MAXIMA?VERIFICADOR
  +--> ?PR?_EN_HORARIO?VERIFICADOR
  +--> ?PR?_RD_EEPROM?EEPROM
  +--> ?PR?_SEND_PORTERR?PTO_PARALELO
  +--> ?PR?_PANTALLALCD?PANTALLAS
BL51 BANKED LINKER/LOCATER V6.22.2.0                                                  11/19/2021  16:07:17  PAGE 20



?PR?_HORA_MAXIMA?VERIFICADOR                     -----    -----      -----    -----      002FH    0008H
  +--> ?PR?_RD_EEPROM?EEPROM
  +--> ?PR?_DEBUG_CHR_TIBBO?TIBBO
  +--> ?CO?VERIFICADOR
  +--> ?PR?_DEBUG_TXT_TIBBO?TIBBO

?PR?_EN_HORARIO?VERIFICADOR                      -----    -----      -----    -----      002AH    0005H
  +--> ?CO?VERIFICADOR
  +--> ?PR?_DEBUG_TXT_TIBBO?TIBBO
  +--> ?PR?_HORA_MAXIMA?VERIFICADOR

?PR?_SEND_PORTERR?PTO_PARALELO                   -----    -----      -----    -----      002AH    0006H
  +--> ?PR?PULSO_BUS?PTO_PARALELO
  +--> ?PR?_DELAY_20US?DELAY

?PR?_PANTALLALCD?PANTALLAS                       -----    -----      -----    -----      002AH    000AH
  +--> ?CO?PANTALLAS
  +--> ?PR?_LCD_TXT?PANTALLAS
  +--> ?PR?_STRLEN?STRLEN
  +--> ?PR?_TX_CHRLCD?PANTALLAS
  +--> ?PR?_RASPBERRY_DATA?PANTALLAS

?PR?_LCD_TXT?PANTALLAS                           -----    -----      -----    -----      0044H    0005H
  +--> ?PR?_TX_CHRLCD?PANTALLAS

?PR?_TX_CHRLCD?PANTALLAS                         -----    -----      -----    -----      0049H    0002H
  +--> ?PR?_PUTCHAR?MAIN

?PR?_RASPBERRY_DATA?PANTALLAS                    -----    -----      -----    -----      0044H    0006H
  +--> ?PR?_STRLEN?STRLEN
  +--> ?PR?_PUTCHAR?MAIN

?PR?_VALIDA_VEHICULO_CARD_MENSUAL?VER...         -----    -----      -----    -----      0010H    0004H
  +--> ?CO?VERIFICADOR
  +--> ?PR?_DEBUG_TXT_TIBBO?TIBBO
  +--> ?PR?_RD_EEPROM?EEPROM
  +--> ?PR?_SEND_PORTERR?PTO_PARALELO

?PR?_ARMAR_TRAMA_TARJETA_SECTOR1_BLOQ...         -----    -----      -----    -----      0010H    0006H
  +--> ?PR?_BCD_HEX?CLOCK
  +--> ?PR?DIR_BOARD?IO_SENSORES

?PR?DIR_BOARD?IO_SENSORES                        -----    -----      -----    -----      0033H    0001H
  +--> ?PR?SEL_DIR1?IO_SENSORES
  +--> ?PR?SEL_DIR2?IO_SENSORES
  +--> ?PR?_RD_EEPROM?EEPROM

?PR?_TARJETA_ROTACION?VERIFICADOR                -----    -----      -----    -----      0009H    0006H
  +--> ?PR?_ARMAR_TRAMA_TARJETA_SECTOR1_BLOQ...

?PR?POWER_OFF?LINTECH                            -----    -----      -----    -----      0002H    000BH
  +--> ?CO?LINTECH
  +--> ?PR?_DEBUG_TXT_TIBBO?TIBBO
  +--> ?PR?_DEBUGBUFFERMF?TIBBO
  +--> ?PR?_ESCRIBIRCADENASOFT_BUFFER?MAIN

BL51 BANKED LINKER/LOCATER V6.22.2.0                                                  11/19/2021  16:07:17  PAGE 21


?PR?CLAVE_SEGURIDAD_S2?LINTECH                   -----    -----      -----    -----      0002H    0016H
  +--> ?CO?LINTECH
  +--> ?PR?_DEBUG_TXT_TIBBO?TIBBO
  +--> ?PR?_DEBUGBUFFERMF?TIBBO
  +--> ?PR?_ESCRIBIRCADENASOFT_BUFFER?MAIN

?PR?_RESPONDE_REELECTURA_TARJETA_SECT...         -----    -----      -----    -----      0002H    000AH
  +--> ?CO?VERIFICADOR
  +--> ?PR?_DEBUG_TXT_TIBBO?TIBBO
  +--> ?PR?_DEBUGBUFFERMF?TIBBO
  +--> ?PR?_ARMAR_TRAMA_TARJETA_SECTOR1_BLOQ...

?PR?_ARMAR_TRAMA_TARJETA_SECTOR1_BLOQ...         -----    -----      -----    -----      000CH    0003H
  +--> ?PR?LEE_NO_TICKET?EEPROM

?PR?RESPONDE_ESTADO_SENSORES_TRANSPOR...         -----    -----      -----    -----      0002H    0001H
  +--> ?CO?VERIFICADOR
  +--> ?PR?_DEBUG_TXT_TIBBO?TIBBO
  +--> ?PR?_SEND_PORTERR?PTO_PARALELO
  +--> ?PR?INGRESO_VEHICULO?VERIFICADOR

?PR?INGRESO_VEHICULO?VERIFICADOR                 -----    -----      -----    -----      -----    -----
  +--> ?PR?VALIDASENSORESPASO?IO_SENSORES
  +--> ?PR?_RD_EEPROM?EEPROM
  +--> ?CO?VERIFICADOR
  +--> ?PR?_DEBUG_TXT_TIBBO?TIBBO
  +--> ?PR?_SEND_PORTERR?PTO_PARALELO
  +--> ?PR?_PANTALLALCD?PANTALLAS
  +--> ?PR?BOTTON?IO_SENSORES

?PR?VALIDASENSORESPASO?IO_SENSORES               -----    -----      -----    -----      0011H    0001H
  +--> ?PR?SEL_SENSOR2?IO_SENSORES
  +--> ?PR?VALIDASENSOR?IO_SENSORES
  +--> ?PR?VALIDA_SENSOR1_AUTO?IO_SENSORES
  +--> ?CO?IO_SENSORES
  +--> ?PR?_DEBUG_TXT_TIBBO?TIBBO

?PR?RESPONDE_TIPO_TARJETA?VERIFICADOR            -----    -----      -----    -----      0002H    0001H
  +--> ?CO?VERIFICADOR
  +--> ?PR?_DEBUG_TXT_TIBBO?TIBBO
  +--> ?PR?_SEND_PORTERR?PTO_PARALELO
  +--> ?PR?_PANTALLALCD?PANTALLAS
  +--> ?PR?CAPTURA_EXPULSA?VERIFICADOR

?PR?_RESPONDE_LECTURA_TARJETA_SECTOR1...         -----    -----      -----    -----      0002H    0016H
  +--> ?CO?VERIFICADOR
  +--> ?PR?_DEBUG_TXT_TIBBO?TIBBO
  +--> ?PR?_DEBUGBUFFERMF?TIBBO
  +--> ?PR?_RD_EEPROM?EEPROM
  +--> ?PR?_DEBUG_HEXDEC?TIBBO
  +--> ?PR?_DEBUG_CHR_TIBBO?TIBBO
  +--> ?PR?_SEND_PORTERR?PTO_PARALELO
  +--> ?PR?_PANTALLALCD?PANTALLAS
  +--> ?PR?CAPTURA_EXPULSA?VERIFICADOR

?PR?_DEBUG_HEXDEC?TIBBO                          -----    -----      -----    -----      0018H    0002H
  +--> ?PR?_TX_AUX?TIBBO
BL51 BANKED LINKER/LOCATER V6.22.2.0                                                  11/19/2021  16:07:17  PAGE 22



?PR?_RESPONDE_LECTURA_TARJETA_SECTOR1...         -----    -----      -----    -----      0002H    0004H
  +--> ?CO?VERIFICADOR
  +--> ?PR?_DEBUG_TXT_TIBBO?TIBBO
  +--> ?PR?CAPTURA_EXPULSA?VERIFICADOR

?PR?_RESPONDE_LECTURA_TARJETA_SECTOR1...         -----    -----      -----    -----      0002H    0015H
  +--> ?CO?VERIFICADOR
  +--> ?PR?_DEBUG_TXT_TIBBO?TIBBO
  +--> ?PR?_DEBUGBUFFERMF?TIBBO
  +--> ?PR?_DEBUG_CHR_TIBBO?TIBBO
  +--> ?PR?CAPTURA_EXPULSA?VERIFICADOR

?PR?_RESPONDE_WRITE_TARJETA_SECTOR1_B...         -----    -----      -----    -----      0002H    0007H
  +--> ?CO?VERIFICADOR
  +--> ?PR?_DEBUG_TXT_TIBBO?TIBBO
  +--> ?PR?_DEBUGBUFFERMF?TIBBO

?PR?_RESPONDE_WRITE_TARJETA_SECTOR2_B...         -----    -----      -----    -----      0002H    0003H
  +--> ?CO?VERIFICADOR
  +--> ?PR?_DEBUG_TXT_TIBBO?TIBBO
  +--> ?PR?_DEBUGBUFFERMF?TIBBO

?PR?_RESPONDE_WRITE_TARJETA_SECTOR1_B...         -----    -----      -----    -----      0002H    0003H
  +--> ?CO?VERIFICADOR
  +--> ?PR?_DEBUG_TXT_TIBBO?TIBBO
  +--> ?PR?_DEBUGBUFFERMF?TIBBO

?PR?_RESPONDE_WRITE_TARJETA_SECTOR1_B...         -----    -----      -----    -----      0002H    0003H
  +--> ?CO?VERIFICADOR
  +--> ?PR?_DEBUG_TXT_TIBBO?TIBBO
  +--> ?PR?_DEBUGBUFFERMF?TIBBO

?PR?_DISPARO_LOCK_ENTRADA_VEHICULO?VE...         -----    -----      -----    -----      0002H    0004H
  +--> ?CO?VERIFICADOR
  +--> ?PR?_DEBUG_TXT_TIBBO?TIBBO
  +--> ?PR?_SEND_PORTERR?PTO_PARALELO
  +--> ?PR?_PANTALLALCD_LINEA_2?PANTALLAS
  +--> ?PR?VALIDA_SENSOR1_AUTO?IO_SENSORES
  +--> ?PR?_PANTALLALCD?PANTALLAS

?PR?_PANTALLALCD_LINEA_2?PANTALLAS               -----    -----      -----    -----      0011H    0033H
  +--> ?CO?PANTALLAS
  +--> ?PR?_LCD_TXT?PANTALLAS
  +--> ?PR?_STRLEN?STRLEN
  +--> ?PR?_TX_CHRLCD?PANTALLAS
  +--> ?PR?_RASPBERRY_DATA?PANTALLAS
  +--> ?PR?LEE_NO_TICKET?EEPROM
  +--> ?PR?_STRCAT?STRCAT

?PR?_RESPUESTA_SEGUNDA_CLAVE?VERIFICADOR         -----    -----      -----    -----      0002H    0006H
  +--> ?CO?VERIFICADOR
  +--> ?PR?_DEBUG_TXT_TIBBO?TIBBO
  +--> ?PR?_DEBUGBUFFERMF?TIBBO
  +--> ?PR?_ARMAR_TRAMA_PLACA?VERIFICADOR

?PR?_ARMAR_TRAMA_PLACA?VERIFICADOR               -----    -----      -----    -----      0008H    0003H
BL51 BANKED LINKER/LOCATER V6.22.2.0                                                  11/19/2021  16:07:17  PAGE 23


  +--> ?PR?_STRLEN?STRLEN

?PR?ANALIZA_PRESENCIA_MENSUAL?VERIFIC...         -----    -----      -----    -----      0002H    0001H
  +--> ?PR?VALIDASENSORESPASO?IO_SENSORES
  +--> ?PR?_RD_EEPROM?EEPROM
  +--> ?PR?_SEND_PORTERR?PTO_PARALELO
  +--> ?PR?_PANTALLALCD?PANTALLAS

?PR?_ANALIZA_UID_CARD?VERIFICADOR                -----    -----      -----    -----      0002H    0015H
  +--> ?CO?VERIFICADOR
  +--> ?PR?_DEBUG_TXT_TIBBO?TIBBO
  +--> ?PR?_DEBUGBUFFERMF?TIBBO
  +--> ?PR?_DEBUG_CHR_TIBBO?TIBBO

?PR?ANALIZA_PRESENCIA_ROTACION?VERIFI...         -----    -----      -----    -----      0002H    0001H
  +--> ?PR?VALIDASENSORESPASO?IO_SENSORES
  +--> ?PR?_SEND_PORTERR?PTO_PARALELO
  +--> ?PR?_PANTALLALCD?PANTALLAS

?PR?_RECIBE_PORT?PTO_PARALELO                    -----    -----      -----    -----      0001H    0008H
  +--> ?PR?OFF_TIMER0_INTERRUP?MAIN
  +--> ?PR?ON_TIMER0_INTERRUP?MAIN

?PR?_DEBUG_PTO_PARALELO?TIBBO                    -----    -----      -----    -----      0001H    0004H
  +--> ?CO?TIBBO
  +--> ?PR?_DEBUG_TXT_TIBBO?TIBBO
  +--> ?PR?_DEBUGBUFFERMF?TIBBO
  +--> ?PR?DEBUG_DIVIDIR_TEXTO?TIBBO

?PR?_VALIDA_TRAMA_PTO?ACCESCAN                   -----    -----      -----    -----      0001H    0010H
  +--> ?CO?ACCESCAN
  +--> ?PR?_DEBUG_TXT_TIBBO?TIBBO
  +--> ?PR?_DEBUG_CHR_TIBBO?TIBBO
  +--> ?PR?_VALIDAR_CLK?CLOCK
  +--> ?PR?_BLOCK_WRITE_CLOCK_ASCII?CLOCK
  +--> ?PR?RELOJ_PANTALLA_LCD?PANTALLAS
  +--> ?PR?_SEND_PORT?PTO_PARALELO
  +--> ?PR?_PANTALLALCD?PANTALLAS
  +--> ?PR?FORMATO_EEPROM?EEPROM
  +--> ?PR?_BYTEHEX_DECIMAL?CLOCK
  +--> ?PR?_TWO_BYTEHEX_DECIMAL?CLOCK
  +--> ?PR?VALIDASENSORESPASO?IO_SENSORES
  +--> ?PR?_CMD_LPR_SALIDA_WIEGAND?ACCESCAN
  +--> ?PR?_PANTALLALCD_LINEA_2?PANTALLAS
  +--> ?PR?_GRABA_SERIE?EEPROM

?PR?_BLOCK_WRITE_CLOCK_ASCII?CLOCK               -----    -----      -----    -----      0011H    0003H
  +--> ?CO?CLOCK
  +--> ?PR?_DEBUG_TXT_TIBBO?TIBBO
  +--> ?PR?_TWO_ONE?CLOCK
  +--> ?PR?_WR_CLK?CLOCK

?PR?_WR_CLK?CLOCK                                -----    -----      -----    -----      0014H    0002H
  +--> ?PR?_DELAY_20US?DELAY
  +--> ?PR?_EB_CLK?CLOCK

?PR?RELOJ_PANTALLA_LCD?PANTALLAS                 -----    -----      -----    -----      0011H    000DH
BL51 BANKED LINKER/LOCATER V6.22.2.0                                                  11/19/2021  16:07:17  PAGE 24


  +--> ?CO?PANTALLAS
  +--> ?PR?_BLOCK_READ_CLOCK?CLOCK
  +--> ?PR?_LCD_TXT_NUM_CHAR?PANTALLAS
  +--> ?PR?_BLOCK_READ_CLOCK_ASCII_RASBERRY?...
  +--> ?PR?_STRCAT?STRCAT
  +--> ?PR?_RASPBERRY_DATA?PANTALLAS

?PR?_BLOCK_READ_CLOCK?CLOCK                      -----    -----      -----    -----      001EH    0003H
  +--> ?PR?_LEE_CLK?CLOCK

?PR?_LCD_TXT_NUM_CHAR?PANTALLAS                  -----    -----      -----    -----      001EH    0006H
  +--> ?PR?_TX_CHRLCD?PANTALLAS

?PR?_BLOCK_READ_CLOCK_ASCII_RASBERRY?...         -----    -----      -----    -----      001EH    0003H
  +--> ?PR?_LEE_CLK?CLOCK

?PR?FORMATO_EEPROM?EEPROM                        -----    -----      -----    -----      0011H    0003H
  +--> ?PR?_WR_EEPROM?EEPROM

?PR?_CMD_LPR_SALIDA_WIEGAND?ACCESCAN             -----    -----      -----    -----      0011H    0022H
  +--> ?PR?DIR_BOARD?IO_SENSORES
  +--> ?PR?_BLOCK_READ_CLOCK_ASCII?CLOCK
  +--> ?PR?_MONITOR_CHR?ACCESCAN

?PR?_MONITOR_CHR?ACCESCAN                        -----    -----      -----    -----      0033H    0005H
  +--> ?PR?_TX_AUX?TIBBO

?PR?_GRABA_SERIE?EEPROM                          -----    -----      -----    -----      0011H    0005H
  +--> ?CO?EEPROM
  +--> ?PR?_DEBUG_TXT_TIBBO?TIBBO
  +--> ?PR?_WRITE_EEPROM_TICKET?EEPROM
  +--> ?PR?_WR_EEPROM?EEPROM

?PR?MSJ_LCD_INFORMATIVO?IO_SENSORES              -----    -----      -----    -----      0001H    0001H
  +--> ?PR?SEL_FUNCION?IO_SENSORES
  +--> ?PR?VALIDASENSOR_CERO?IO_SENSORES
  +--> ?CO?IO_SENSORES
  +--> ?PR?_DEBUG_TXT_TIBBO?TIBBO
  +--> ?PR?_DEBUG_CHR_TIBBO?TIBBO
  +--> ?PR?LOAD_AND_SEND_INFO_RELOJ?PTO_PARA...
  +--> ?PR?VALIDASENSOR?IO_SENSORES
  +--> ?PR?_DELAY_10MS?DELAY
  +--> ?PR?LOAD_AND_SEND_ID_COD?PTO_PARALELO

?PR?LOAD_AND_SEND_INFO_RELOJ?PTO_PARA...         -----    -----      -----    -----      0002H    000BH
  +--> ?PR?_BLOCK_READ_CLOCK?CLOCK
  +--> ?PR?_LEE_CLK?CLOCK
  +--> ?CO?PTO_PARALELO
  +--> ?PR?_DEBUG_TXT_TIBBO?TIBBO
  +--> ?PR?_DEBUGBUFFERMF?TIBBO
  +--> ?PR?DEBUG_DIVIDIR_TEXTO?TIBBO
  +--> ?PR?_SEND_PORT?PTO_PARALELO

?PR?LOAD_AND_SEND_ID_COD?PTO_PARALELO            -----    -----      -----    -----      0002H    0014H
  +--> ?PR?_RD_EEPROM?EEPROM
  +--> ?CO?PTO_PARALELO
  +--> ?PR?PRINTF?PRINTF
BL51 BANKED LINKER/LOCATER V6.22.2.0                                                  11/19/2021  16:07:17  PAGE 25


  +--> ?PR?_STRCAT?STRCAT
  +--> ?PR?_STRLEN?STRLEN
  +--> ?PR?_DEBUG_TXT_TIBBO?TIBBO
  +--> ?PR?_DEBUGBUFFERMF?TIBBO
  +--> ?PR?DEBUG_DIVIDIR_TEXTO?TIBBO
  +--> ?PR?_SEND_PORT?PTO_PARALELO



SYMBOL TABLE OF MODULE:  .\Objects\expedidor_v_105_raspberry_horarios (MAIN)

  VALUE           TYPE          NAME
  ----------------------------------

  -------         MODULE        MAIN
  C:0000H         SYMBOL        _ICE_DUMMY_
  D:0080H         PUBLIC        P0
  D:0090H         PUBLIC        P1
  C:C24AH         PUBLIC        timer0_int
  D:00B0H         PUBLIC        P3
  B:00A8H.7       PUBLIC        EA
  C:C665H         PUBLIC        off_Timer0_Interrup
  X:0171H         PUBLIC        ValTimeOutCom
  X:0172H         PUBLIC        Buffer_Rta_Lintech
  X:01A4H         PUBLIC        Timer_wait
  B:0021H.1       PUBLIC        pto_paraleo
  X:01A5H         PUBLIC        g_cContByteRx
  B:0080H.0       PUBLIC        rx_ip
  C:B0B3H         PUBLIC        main
  X:01A6H         PUBLIC        Timer_tivo
  B:0080H.3       PUBLIC        Atascado_GP0_PIN_3
  C:B821H         PUBLIC        variable_inicio
  B:0090H.7       PUBLIC        lock
  I:0023H         PUBLIC        rbuf
  C:C65BH         PUBLIC        on_Timer0_Interrup
  I:0055H         PUBLIC        tbuf
  B:0090H.1       PUBLIC        DataIn
  D:0089H         PUBLIC        TMOD
  X:01A8H         PUBLIC        USE_LPR
  X:01A9H         PUBLIC        Debug_Tibbo
  X:01AAH         PUBLIC        Raspberry
  X:01ABH         PUBLIC        SIN_COBRO
  X:01ADH         PUBLIC        Tipo_Vehiculo
  B:00B0H.3       PUBLIC        busy
  C:C5BCH         PUBLIC        ini_timer
  B:00A8H.1       PUBLIC        ET0
  B:0088H.5       PUBLIC        TF0
  D:008CH         PUBLIC        TH0
  X:01AEH         PUBLIC        ACK
  X:01AFH         PUBLIC        g_cEstadoComSoft
  D:008AH         PUBLIC        TL0
  B:0088H.4       PUBLIC        TR0
  C:C5CCH         PUBLIC        inicia_board
  X:01B0H         PUBLIC        T_GRACIA
  B:0080H.7       PUBLIC        sel_com
  X:01B2H         PUBLIC        STX_LINTECH
  C:C5EBH         PUBLIC        _getkey
BL51 BANKED LINKER/LOCATER V6.22.2.0                                                  11/19/2021  16:07:17  PAGE 26


  X:01B3H         PUBLIC        ETX
  C:BABDH         PUBLIC        _EscribirCadenaSoft_buffer
  B:0021H.2       PUBLIC        buffer_ready
  C:BDDEH         PUBLIC        _putchar
  B:0021H.3       PUBLIC        placa_ready
  -------         PROC          TIMER0_INT
  C:C24AH         LINE#         16
  C:C250H         LINE#         19
  C:C256H         LINE#         20
  C:C25BH         LINE#         21
  C:C25BH         LINE#         22
  C:C261H         LINE#         23
  C:C261H         LINE#         25
  C:C26FH         LINE#         26
  C:C271H         LINE#         28
  -------         ENDPROC       TIMER0_INT
  -------         PROC          INI_TIMER
  C:C5BCH         LINE#         31
  C:C5BCH         LINE#         32
  C:C5BCH         LINE#         34
  C:C5C4H         LINE#         36
  C:C5C7H         LINE#         37
  C:C5C9H         LINE#         38
  C:C5CBH         LINE#         40
  -------         ENDPROC       INI_TIMER
  -------         PROC          ON_TIMER0_INTERRUP
  C:C65BH         LINE#         43
  C:C65BH         LINE#         44
  C:C65BH         LINE#         45
  C:C65DH         LINE#         46
  C:C65FH         LINE#         48
  -------         ENDPROC       ON_TIMER0_INTERRUP
  -------         PROC          OFF_TIMER0_INTERRUP
  C:C665H         LINE#         51
  C:C665H         LINE#         52
  C:C665H         LINE#         53
  C:C667H         LINE#         55
  -------         ENDPROC       OFF_TIMER0_INTERRUP
  -------         PROC          _GETKEY
  -------         DO            
  D:0006H         SYMBOL        k
  -------         ENDDO         
  C:C5EBH         LINE#         63
  C:C5EBH         LINE#         64
  C:C5EBH         LINE#         68
  C:C5EBH         LINE#         69
  C:C5EEH         LINE#         70
  C:C5EEH         LINE#         71
  C:C5F6H         LINE#         73
  C:C5F6H         LINE#         74
  -------         ENDPROC       _GETKEY
  -------         PROC          _PUTCHAR
  X:00A7H         SYMBOL        c
  -------         DO            
  X:00A8H         SYMBOL        i
  -------         ENDDO         
  C:BDDEH         LINE#         78
BL51 BANKED LINKER/LOCATER V6.22.2.0                                                  11/19/2021  16:07:17  PAGE 27


  C:BDE3H         LINE#         79
  C:BDE3H         LINE#         82
  C:BDF2H         LINE#         83
  C:BDF2H         LINE#         84
  C:BE08H         LINE#         85
  C:BE08H         LINE#         87
  C:BE16H         LINE#         88
  C:BE16H         LINE#         90
  C:BE1BH         LINE#         91
  -------         ENDPROC       _PUTCHAR
  -------         PROC          _ESCRIBIRCADENASOFT_BUFFER
  X:0027H         SYMBOL        buffer
  X:002AH         SYMBOL        tamano_cadena
  -------         DO            
  X:002BH         SYMBOL        i
  X:002CH         SYMBOL        d
  -------         ENDDO         
  C:BABDH         LINE#         95
  C:BACBH         LINE#         96
  C:BACBH         LINE#         98
  C:BAD9H         LINE#         99
  C:BAD9H         LINE#         100
  C:BAF0H         LINE#         101
  C:BAFAH         LINE#         102
  C:BB02H         LINE#         103
  -------         ENDPROC       _ESCRIBIRCADENASOFT_BUFFER
  -------         PROC          INICIA_BOARD
  C:C5CCH         LINE#         108
  C:C5CCH         LINE#         109
  C:C5CCH         LINE#         110
  C:C5CFH         LINE#         111
  C:C5D2H         LINE#         112
  C:C5D5H         LINE#         113
  C:C5D7H         LINE#         114
  C:C5D9H         LINE#         115
  C:C5DBH         LINE#         117
  -------         ENDPROC       INICIA_BOARD
  -------         PROC          VARIABLE_INICIO
  C:B821H         LINE#         122
  C:B821H         LINE#         123
  C:B821H         LINE#         126
  C:B832H         LINE#         127
  C:B843H         LINE#         128
  C:B851H         LINE#         129
  C:B85FH         LINE#         130
  C:B86DH         LINE#         133
  -------         ENDPROC       VARIABLE_INICIO
  -------         PROC          MAIN
  -------         DO            
  X:0148H         SYMBOL        buffer
  X:0170H         SYMBOL        Estado_Comunicacion_Secuencia_MF
  X:0000H         SYMBOL        Length_trama
  -------         ENDDO         
  C:B0B3H         LINE#         141
  C:B0B3H         LINE#         142
  C:B0B3H         LINE#         149
  C:B0B6H         LINE#         150
BL51 BANKED LINKER/LOCATER V6.22.2.0                                                  11/19/2021  16:07:17  PAGE 28


  C:B0B9H         LINE#         151
  C:B0BCH         LINE#         152
  C:B0BFH         LINE#         153
  C:B0C2H         LINE#         154
  C:B0C4H         LINE#         156
  C:B0C7H         LINE#         157
  C:B0CEH         LINE#         158
  C:B0D1H         LINE#         160
  C:B0D6H         LINE#         162
  C:B0D9H         LINE#         164
  C:B0DCH         LINE#         165
  C:B0DCH         LINE#         166
  C:B0DFH         LINE#         167
  C:B0DFH         LINE#         170
  C:B0E2H         LINE#         171
  C:B0E8H         LINE#         172
  C:B0EEH         LINE#         174
  C:B0EEH         LINE#         175
  C:B0EEH         LINE#         178
  C:B0F1H         LINE#         179
  C:B0F1H         LINE#         180
  C:B0F4H         LINE#         181
  C:B0F4H         LINE#         185
  C:B101H         LINE#         190
  C:B107H         LINE#         191
  C:B107H         LINE#         193
  C:B116H         LINE#         196
  C:B11FH         LINE#         197
  C:B12DH         LINE#         202
  C:B12DH         LINE#         203
  C:B130H         LINE#         206
  -------         ENDPROC       MAIN
  -------         ENDMOD        MAIN

  -------         MODULE        ACCESCAN
  C:0000H         SYMBOL        _ICE_DUMMY_
  D:0080H         PUBLIC        P0
  D:0090H         PUBLIC        P1
  D:00B0H         PUBLIC        P3
  B:0080H.2       PUBLIC        led_err_imp
  C:BC9DH         PUBLIC        _Monitor_chr
  B:0080H.3       PUBLIC        Atascado_GP0_PIN_3
  B:0090H.7       PUBLIC        lock
  C:36DEH         PUBLIC        _Valida_Trama_Pto
  C:90F2H         PUBLIC        _Cmd_LPR_Salida_wiegand
  -------         PROC          _VALIDA_TRAMA_PTO
  X:0001H         SYMBOL        buffer
  X:0004H         SYMBOL        length_trama
  -------         DO            
  X:021BH         SYMBOL        cont
  X:0005H         SYMBOL        bcc
  D:0004H         SYMBOL        j
  X:0006H         SYMBOL        buff
  -------         ENDDO         
  C:36DEH         LINE#         113
  C:36ECH         LINE#         114
  C:36ECH         LINE#         117
BL51 BANKED LINKER/LOCATER V6.22.2.0                                                  11/19/2021  16:07:17  PAGE 29


  C:36EFH         LINE#         123
  C:3732H         LINE#         124
  C:3732H         LINE#         125
  C:373BH         LINE#         126
  C:3750H         LINE#         127
  C:3759H         LINE#         128
  C:3766H         LINE#         129
  C:3766H         LINE#         130
  C:3782H         LINE#         131
  C:3785H         LINE#         133
  C:378EH         LINE#         134
  C:3796H         LINE#         135
  C:379FH         LINE#         136
  C:37B8H         LINE#         137
  C:37B8H         LINE#         139
  C:37C8H         LINE#         140
  C:37C8H         LINE#         141
  C:37DBH         LINE#         143
  C:37DEH         LINE#         145
  C:37DEH         LINE#         148
  C:37DEH         LINE#         150
  C:37DEH         LINE#         152
  C:37E4H         LINE#         153
  C:37E8H         LINE#         154
  C:37ECH         LINE#         155
  C:37EFH         LINE#         156
  C:37FAH         LINE#         158
  C:3803H         LINE#         159
  C:380BH         LINE#         160
  C:3813H         LINE#         161
  C:381BH         LINE#         162
  C:3824H         LINE#         163
  C:3824H         LINE#         166
  C:3824H         LINE#         169
  C:3836H         LINE#         170
  C:3836H         LINE#         171
  C:3838H         LINE#         172
  C:383BH         LINE#         174
  C:384DH         LINE#         175
  C:384DH         LINE#         176
  C:384FH         LINE#         177
  C:3852H         LINE#         179
  C:3864H         LINE#         180
  C:3864H         LINE#         181
  C:3866H         LINE#         182
  C:3869H         LINE#         184
  C:3883H         LINE#         185
  C:3883H         LINE#         186
  C:3885H         LINE#         187
  C:3888H         LINE#         189
  C:38A2H         LINE#         190
  C:38A2H         LINE#         191
  C:38A4H         LINE#         192
  C:38A7H         LINE#         194
  C:38B9H         LINE#         195
  C:38B9H         LINE#         196
  C:38BFH         LINE#         197
BL51 BANKED LINKER/LOCATER V6.22.2.0                                                  11/19/2021  16:07:17  PAGE 30


  C:38CCH         LINE#         198
  C:38CCH         LINE#         199
  C:38D1H         LINE#         200
  C:38D3H         LINE#         201
  C:38D8H         LINE#         202
  C:38DAH         LINE#         203
  C:38DCH         LINE#         204
  C:38E0H         LINE#         205
  C:38E0H         LINE#         206
  C:38E1H         LINE#         208
  C:38F9H         LINE#         209
  C:38F9H         LINE#         211
  C:3906H         LINE#         212
  C:3906H         LINE#         213
  C:3908H         LINE#         214
  C:390AH         LINE#         215
  C:390CH         LINE#         216
  C:390EH         LINE#         217
  C:390EH         LINE#         219
  C:3934H         LINE#         220
  C:3934H         LINE#         221
  C:3938H         LINE#         222
  C:393DH         LINE#         223
  C:3946H         LINE#         224
  C:394BH         LINE#         225
  C:394BH         LINE#         228
  C:394CH         LINE#         230
  C:3966H         LINE#         231
  C:3966H         LINE#         232
  C:3968H         LINE#         233
  C:396BH         LINE#         235
  C:399BH         LINE#         236
  C:399BH         LINE#         237
  C:399EH         LINE#         238
  C:399EH         LINE#         240
  C:39B8H         LINE#         241
  C:39B8H         LINE#         242
  C:39BAH         LINE#         243
  C:39BDH         LINE#         245
  C:39D7H         LINE#         246
  C:39D7H         LINE#         247
  C:39D9H         LINE#         248
  C:39DBH         LINE#         250
  C:39F5H         LINE#         251
  C:39F5H         LINE#         252
  C:39F7H         LINE#         253
  C:39F9H         LINE#         256
  C:3A13H         LINE#         257
  C:3A13H         LINE#         258
  C:3A15H         LINE#         259
  C:3A17H         LINE#         263
  C:3A31H         LINE#         264
  C:3A31H         LINE#         265
  C:3A33H         LINE#         266
  C:3A35H         LINE#         269
  C:3A4FH         LINE#         270
  C:3A4FH         LINE#         271
BL51 BANKED LINKER/LOCATER V6.22.2.0                                                  11/19/2021  16:07:17  PAGE 31


  C:3A54H         LINE#         272
  C:3A54H         LINE#         275
  C:3A85H         LINE#         276
  C:3A85H         LINE#         277
  C:3A8DH         LINE#         278
  C:3A96H         LINE#         279
  C:3A99H         LINE#         282
  C:3ACAH         LINE#         283
  C:3ACAH         LINE#         285
  C:3AD2H         LINE#         286
  C:3ADBH         LINE#         287
  C:3ADEH         LINE#         290
  C:3B1EH         LINE#         291
  C:3B1EH         LINE#         293
  C:3B33H         LINE#         294
  C:3B39H         LINE#         295
  C:3B63H         LINE#         298
  C:3B6BH         LINE#         299
  C:3B6BH         LINE#         302
  C:3B72H         LINE#         303
  C:3B72H         LINE#         304
  C:3B77H         LINE#         305
  C:3B77H         LINE#         306
  C:3B79H         LINE#         308
  C:3B79H         LINE#         309
  C:3B82H         LINE#         310
  C:3B8AH         LINE#         311
  C:3B8AH         LINE#         315
  C:3B8CH         LINE#         318
  C:3B8CH         LINE#         326
  C:3B94H         LINE#         330
  C:3B94H         LINE#         331
  C:3B96H         LINE#         333
  C:3BCEH         LINE#         334
  C:3BCEH         LINE#         335
  C:3BD6H         LINE#         336
[...]
  C:3C9BH         LINE#         2503
  C:3CA0H         LINE#         2504
  C:3CA8H         LINE#         2505
  C:3CADH         LINE#         2506
  C:3CB0H         LINE#         2507
  C:3CB0H         LINE#         2508
  C:3CB6H         LINE#         2509
  C:3CB6H         LINE#         2510
  C:3CB9H         LINE#         2511
  C:3CB9H         LINE#         2512
  C:3CB9H         LINE#         2514
  C:3CBCH         LINE#         2515
  C:3CBCH         LINE#         2517
  C:3CC5H         LINE#         2518
  C:3CC8H         LINE#         2519
  C:3CC8H         LINE#         2520
  C:3CCDH         LINE#         2521
  C:3CEDH         LINE#         2522
  C:3CF0H         LINE#         2523
  C:3CF0H         LINE#         2524
  C:3CF5H         LINE#         2525
  C:3CFDH         LINE#         2526
  C:3D03H         LINE#         2527
  C:3D06H         LINE#         2528
  C:3D06H         LINE#         2529
  C:3D09H         LINE#         2530
  C:3D11H         LINE#         2531
  C:3D17H         LINE#         2532
  C:3D1AH         LINE#         2533
  C:3D1AH         LINE#         2534
  C:3D1DH         LINE#         2535
  C:3D42H         LINE#         2536
  C:3D48H         LINE#         2537
  C:3D4AH         LINE#         2538
  C:3D4DH         LINE#         2539
  C:3D4DH         LINE#         2540
  C:3D58H         LINE#         2541
  C:3D60H         LINE#         2542
  C:3D66H         LINE#         2543
  C:3D69H         LINE#         2544
  C:3D69H         LINE#         2545
  C:3D7AH         LINE#         2546
  C:3D82H         LINE#         2547
  C:3D88H         LINE#         2548
  C:3D8BH         LINE#         2549
  C:3D8BH         LINE#         2550
  C:3D90H         LINE#         2551
  C:3DAEH         LINE#         2552
  C:3DB1H         LINE#         2553
  C:3DB1H         LINE#         2554
  C:3DB6H         LINE#         2555
  C:3DD6H         LINE#         2556
  C:3DD9H         LINE#         2557
  C:3DD9H         LINE#         2558
  C:3DDEH         LINE#         2559
  C:3DE0H         LINE#         2560
BL51 BANKED LINKER/LOCATER V6.22.2.0                                                  11/19/2021  16:07:17  PAGE 136


  C:3DFEH         LINE#         2561
  C:3E01H         LINE#         2562
  C:3E01H         LINE#         2563
  C:3E06H         LINE#         2564
  C:3E26H         LINE#         2565
  C:3E29H         LINE#         2566
  C:3E29H         LINE#         2567
  C:3E3CH         LINE#         2568
  C:3E3CH         LINE#         2569
  C:3E41H         LINE#         2570
  C:3E49H         LINE#         2571
  C:3E4FH         LINE#         2572
  C:3E4FH         LINE#         2573
  C:3E52H         LINE#         2574
  C:3E52H         LINE#         2575
  C:3E65H         LINE#         2576
  C:3E65H         LINE#         2577
  C:3E6AH         LINE#         2578
  C:3E6DH         LINE#         2579
  C:3E6DH         LINE#         2580
  C:3E70H         LINE#         2581
  C:3E70H         LINE#         2582
  C:3E73H         LINE#         2583
  C:3E93H         LINE#         2584
  C:3E96H         LINE#         2585
  C:3E96H         LINE#         2586
  C:3E98H         LINE#         2587
  C:3E9BH         LINE#         2588
  C:3E9EH         LINE#         2589
  C:3E9EH         LINE#         2590
  C:3EA7H         LINE#         2591
  C:3EAAH         LINE#         2592
  C:3EAAH         LINE#         2593
  C:3EC1H         LINE#         2594
  C:3EC4H         LINE#         2595
  C:3EC4H         LINE#         2596
  C:3EC7H         LINE#         2597
  C:3ECFH         LINE#         2598
  C:3ED5H         LINE#         2599
  C:3ED8H         LINE#         2600
  C:3ED8H         LINE#         2601
  C:3EE1H         LINE#         2602
  C:3EE4H         LINE#         2603
  C:3EE4H         LINE#         2604
  C:3EE6H         LINE#         2605
  C:3EE9H         LINE#         2606
  C:3EECH         LINE#         2607
  C:3EECH         LINE#         2608
  C:3F03H         LINE#         2609
  C:3F06H         LINE#         2610
  C:3F06H         LINE#         2613
  C:3F0BH         LINE#         2614
  C:3F13H         LINE#         2615
  C:3F19H         LINE#         2617
  C:3F1CH         LINE#         2618
  C:3F1CH         LINE#         2619
  C:3F1FH         LINE#         2620
BL51 BANKED LINKER/LOCATER V6.22.2.0                                                  11/19/2021  16:07:17  PAGE 137


  C:3F3FH         LINE#         2621
  C:3F42H         LINE#         2622
  C:3F42H         LINE#         2623
  C:3F45H         LINE#         2624
  C:3F65H         LINE#         2625
  C:3F68H         LINE#         2626
  C:3F68H         LINE#         2627
  C:3F6BH         LINE#         2628
  C:3F73H         LINE#         2629
  C:3F76H         LINE#         2630
  C:3F78H         LINE#         2631
  C:3F78H         LINE#         2633
  C:3F83H         LINE#         2634
  C:3F8BH         LINE#         2635
  C:3F9FH         LINE#         2636
  C:3FA2H         LINE#         2640
  C:3FA2H         LINE#         2641
  C:3FA8H         LINE#         2642
  C:3FAEH         LINE#         2643
  C:3FAEH         LINE#         2644
  C:3FB6H         LINE#         2645
  C:3FBCH         LINE#         2647
  C:3FBFH         LINE#         2648
  C:3FC7H         LINE#         2649
  C:3FC7H         LINE#         2651
  C:3FCAH         LINE#         2652
  C:3FCDH         LINE#         2653
  C:3FD5H         LINE#         2654
  C:3FD5H         LINE#         2655
  C:3FE3H         LINE#         2656
  C:3FE3H         LINE#         2657
  C:3FECH         LINE#         2658
  C:3FEFH         LINE#         2659
  C:3FFBH         LINE#         2660
  C:3FFBH         LINE#         2661
  C:4004H         LINE#         2662
  C:4007H         LINE#         2664
  C:4007H         LINE#         2665
  C:4010H         LINE#         2666
  C:4010H         LINE#         2667
  C:4013H         LINE#         2668
  C:401BH         LINE#         2669
  C:401BH         LINE#         2670
  C:4029H         LINE#         2671
  C:4029H         LINE#         2672
  C:403FH         LINE#         2673
  C:4042H         LINE#         2674
  C:404EH         LINE#         2675
  C:404EH         LINE#         2676
  C:4057H         LINE#         2677
  C:405AH         LINE#         2678
  C:4068H         LINE#         2679
  C:4068H         LINE#         2680
  C:4071H         LINE#         2681
  C:4073H         LINE#         2683
  C:4073H         LINE#         2684
  C:407CH         LINE#         2685
BL51 BANKED LINKER/LOCATER V6.22.2.0                                                  11/19/2021  16:07:17  PAGE 138


  C:407CH         LINE#         2686
  C:407EH         LINE#         2687
  C:4086H         LINE#         2688
  C:4086H         LINE#         2689
  C:408FH         LINE#         2690
  C:4091H         LINE#         2691
  C:4099H         LINE#         2692
  C:4099H         LINE#         2693
  C:40AFH         LINE#         2694
  C:40B1H         LINE#         2695
  C:40B9H         LINE#         2696
  C:40B9H         LINE#         2697
  C:40BCH         LINE#         2698
  C:40BEH         LINE#         2700
  C:40C6H         LINE#         2701
  C:40C6H         LINE#         2702
  C:40CFH         LINE#         2703
  C:40D1H         LINE#         2706
  C:40D9H         LINE#         2707
  C:40D9H         LINE#         2708
  C:40E1H         LINE#         2709
  C:40E3H         LINE#         2711
  C:40E3H         LINE#         2712
  C:40ECH         LINE#         2713
  C:40ECH         LINE#         2714
  C:40EEH         LINE#         2715
  C:40EEH         LINE#         2716
  C:40F3H         LINE#         2717
  C:40F3H         LINE#         2719
  C:40F3H         LINE#         2720
  C:40F8H         LINE#         2721
  -------         ENDPROC       _SECUENCIAEXPEDIDORMF
  -------         ENDMOD        VERIFICADOR

  -------         MODULE        MONITOR
  C:0000H         SYMBOL        _ICE_DUMMY_
  D:0080H         PUBLIC        P0
  D:0090H         PUBLIC        P1
  I:0011H         PUBLIC        placa
  C:C367H         PUBLIC        Rx_Monitor
  B:0080H.0       PUBLIC        rx_ip
  B:0090H.7       PUBLIC        lock
  C:9734H         PUBLIC        _recibe_cmd_Monitor
  C:C4CCH         PUBLIC        clear_placa
  C:6931H         PUBLIC        _Valida_Trama_Monitor
  -------         PROC          _RECIBE_CMD_MONITOR
  X:0016H         SYMBOL        buffer_cmd
  -------         DO            
  X:0019H         SYMBOL        j
  X:001AH         SYMBOL        NumDatos
  X:001BH         SYMBOL        time_out
  X:001CH         SYMBOL        MaxChrRx
  X:001DH         SYMBOL        contador
  -------         ENDDO         
  C:9734H         LINE#         51
  C:973FH         LINE#         52
  C:973FH         LINE#         56
BL51 BANKED LINKER/LOCATER V6.22.2.0                                                  11/19/2021  16:07:17  PAGE 139


  C:9744H         LINE#         57
  C:974AH         LINE#         59
  C:9755H         LINE#         60
  C:9755H         LINE#         61
  C:9766H         LINE#         62
  C:9766H         LINE#         63
  C:976DH         LINE#         64
  C:9771H         LINE#         65
  C:977AH         LINE#         66
  C:977AH         LINE#         67
  C:9788H         LINE#         68
  C:979FH         LINE#         69
  C:979FH         LINE#         70
  C:97A5H         LINE#         71
  C:97ABH         LINE#         72
  C:97ABH         LINE#         73
  C:97ADH         LINE#         74
  C:97B5H         LINE#         75
  C:97BBH         LINE#         76
  C:97CDH         LINE#         77
  C:97D7H         LINE#         78
  C:97E0H         LINE#         80
  C:97EFH         LINE#         83
  C:97EFH         LINE#         84
  C:97F4H         LINE#         85
  -------         ENDPROC       _RECIBE_CMD_MONITOR
  -------         PROC          _VALIDA_TRAMA_MONITOR
  X:0016H         SYMBOL        buffer
  X:0019H         SYMBOL        length_trama
  -------         DO            
  X:001AH         SYMBOL        j
  X:001BH         SYMBOL        p
  X:001CH         SYMBOL        cont
  X:001DH         SYMBOL        bcc
  -------         ENDDO         
  C:6931H         LINE#         90
  C:693FH         LINE#         91
  C:693FH         LINE#         92
  C:6942H         LINE#         93
  C:6946H         LINE#         94
  C:6949H         LINE#         95
  C:694BH         LINE#         99
  C:697CH         LINE#         100
  C:697CH         LINE#         101
  C:6985H         LINE#         102
  C:699EH         LINE#         103
  C:69A7H         LINE#         104
  C:69B9H         LINE#         105
  C:69B9H         LINE#         106
  C:69D3H         LINE#         107
  C:69DBH         LINE#         109
  C:69E4H         LINE#         110
  C:69ECH         LINE#         111
  C:69F5H         LINE#         112
  C:6A12H         LINE#         113
  C:6A12H         LINE#         114
  C:6A14H         LINE#         115
BL51 BANKED LINKER/LOCATER V6.22.2.0                                                  11/19/2021  16:07:17  PAGE 140


  C:6A1BH         LINE#         116
  C:6A20H         LINE#         118
  C:6A20H         LINE#         120
  C:6A20H         LINE#         121
  C:6A25H         LINE#         122
  C:6A2EH         LINE#         123
  C:6A37H         LINE#         124
  C:6A37H         LINE#         128
  C:6A37H         LINE#         130
  C:6A52H         LINE#         131
  C:6A52H         LINE#         134
  C:6A52H         LINE#         135
  C:6A73H         LINE#         136
  C:6A77H         LINE#         137
  C:6A7DH         LINE#         138
  C:6A8FH         LINE#         139
  C:6AA7H         LINE#         140
  C:6AB0H         LINE#         141
  C:6AB2H         LINE#         142
  C:6AB8H         LINE#         145
  C:6AB8H         LINE#         148
  -------         ENDPROC       _VALIDA_TRAMA_MONITOR
  -------         PROC          CLEAR_PLACA
  -------         DO            
  D:0007H         SYMBOL        i
  -------         ENDDO         
  C:C4CCH         LINE#         149
  C:C4CCH         LINE#         150
  C:C4CCH         LINE#         152
  C:C4D8H         LINE#         153
  C:C4D8H         LINE#         154
  C:C4DEH         LINE#         155
  C:C4E1H         LINE#         156
  C:C4E3H         LINE#         157
  -------         ENDPROC       CLEAR_PLACA
  -------         PROC          RX_MONITOR
  -------         DO            
  X:0009H         SYMBOL        Length_trama
  X:000AH         SYMBOL        buffer1
  -------         ENDDO         
  C:C367H         LINE#         158
  C:C367H         LINE#         159
  C:C367H         LINE#         162
  C:C376H         LINE#         163
  C:C37FH         LINE#         164
  -------         ENDPROC       RX_MONITOR
  -------         ENDMOD        MONITOR

  -------         MODULE        ?C?FPADD
  C:1448H         PUBLIC        ?C?FPADD
  C:1444H         PUBLIC        ?C?FPSUB
  -------         ENDMOD        ?C?FPADD

  -------         MODULE        ?C?FPMUL
  C:1539H         PUBLIC        ?C?FPMUL
  -------         ENDMOD        ?C?FPMUL

BL51 BANKED LINKER/LOCATER V6.22.2.0                                                  11/19/2021  16:07:17  PAGE 141


  -------         MODULE        ?C?FCAST
  C:1649H         PUBLIC        ?C?FCASTC
  C:1644H         PUBLIC        ?C?FCASTI
  C:163FH         PUBLIC        ?C?FCASTL
  -------         ENDMOD        ?C?FCAST

  -------         MODULE        ?C?CASTF
  C:167DH         PUBLIC        ?C?CASTF
  -------         ENDMOD        ?C?CASTF

  -------         MODULE        PRINTF
  X:0077H         PUBLIC        ?_PRINTF?BYTE
  X:0077H         PUBLIC        ?_SPRINTF?BYTE
  C:4164H         PUBLIC        _PRINTF
  C:415EH         PUBLIC        _SPRINTF
  -------         ENDMOD        PRINTF

  -------         MODULE        POW
  X:0020H         PUBLIC        ?_pow?BYTE
  C:6C27H         PUBLIC        _pow
  -------         ENDMOD        POW

  -------         MODULE        ?C?CHKFLOAT
  C:16FEH         PUBLIC        ?C?CHKFLOAT
  -------         ENDMOD        ?C?CHKFLOAT

  -------         MODULE        ?C?FPCMP
  C:171AH         PUBLIC        ?C?FPCMP
  C:1718H         PUBLIC        ?C?FPCMP3
  -------         ENDMOD        ?C?FPCMP

  -------         MODULE        ?C?FPNEG
  C:1791H         PUBLIC        ?C?FPNEG
  -------         ENDMOD        ?C?FPNEG

  -------         MODULE        ?C?FPROUND
  C:17A2H         PUBLIC        ?C?FPROUND
  -------         ENDMOD        ?C?FPROUND

  -------         MODULE        ?C?FPCONVERT
  C:17DFH         PUBLIC        ?C?FPCONVERT
  -------         ENDMOD        ?C?FPCONVERT

  -------         MODULE        EXP
  C:A58BH         PUBLIC        _EXP
  -------         ENDMOD        EXP

  -------         MODULE        LOG
  C:77A5H         PUBLIC        _LOG
  C:77A1H         PUBLIC        _LOG10
  -------         ENDMOD        LOG

  -------         MODULE        ?C?FPDIV
  C:18E7H         PUBLIC        ?C?FPDIV
  -------         ENDMOD        ?C?FPDIV

  -------         MODULE        ?C?FTNPWR
BL51 BANKED LINKER/LOCATER V6.22.2.0                                                  11/19/2021  16:07:17  PAGE 142


  C:19B4H         PUBLIC        ?C?FTNPWR
  -------         ENDMOD        ?C?FTNPWR

  -------         MODULE        ?C?COPY
  C:1B11H         PUBLIC        ?C?COPY
  -------         ENDMOD        ?C?COPY

  -------         MODULE        ?C?CLDPTR
  C:1B37H         PUBLIC        ?C?CLDPTR
  -------         ENDMOD        ?C?CLDPTR

  -------         MODULE        ?C?CLDOPTR
  C:1B50H         PUBLIC        ?C?CLDOPTR
  -------         ENDMOD        ?C?CLDOPTR

  -------         MODULE        ?C?CSTPTR
  C:1B7DH         PUBLIC        ?C?CSTPTR
  -------         ENDMOD        ?C?CSTPTR

  -------         MODULE        ?C?CSTOPTR
  C:1B8FH         PUBLIC        ?C?CSTOPTR
  -------         ENDMOD        ?C?CSTOPTR

  -------         MODULE        ?C?IMUL
  C:1BB1H         PUBLIC        ?C?IMUL
  -------         ENDMOD        ?C?IMUL

  -------         MODULE        ?C?IILDX
  C:1BC3H         PUBLIC        ?C?IILDX
  -------         ENDMOD        ?C?IILDX

  -------         MODULE        ?C?LNEG
  C:1BD9H         PUBLIC        ?C?LNEG
  -------         ENDMOD        ?C?LNEG

  -------         MODULE        ?C?SLCMP
  C:1BE7H         PUBLIC        ?C?SLCMP
  -------         ENDMOD        ?C?SLCMP

  -------         MODULE        ?C?ULCMP
  C:1BFDH         PUBLIC        ?C?ULCMP
  -------         ENDMOD        ?C?ULCMP

  -------         MODULE        ?C?ULSHR
  C:1C0EH         PUBLIC        ?C?ULSHR
  -------         ENDMOD        ?C?ULSHR

  -------         MODULE        ?C?LSHL
  C:1C21H         PUBLIC        ?C?LSHL
  -------         ENDMOD        ?C?LSHL

  -------         MODULE        ?C?LLDCODE
  C:1C34H         PUBLIC        ?C?LLDCODE
  -------         ENDMOD        ?C?LLDCODE

  -------         MODULE        ?C?LLDXDATA0
  C:1C44H         PUBLIC        ?C?LLDXDATA0
BL51 BANKED LINKER/LOCATER V6.22.2.0                                                  11/19/2021  16:07:17  PAGE 143


  -------         ENDMOD        ?C?LLDXDATA0

  -------         MODULE        ?C?LLDCODE0
  C:1C50H         PUBLIC        ?C?LLDCODE0
  -------         ENDMOD        ?C?LLDCODE0

  -------         MODULE        ?C?LSTXDATA
  C:1C60H         PUBLIC        ?C?LSTXDATA
  -------         ENDMOD        ?C?LSTXDATA

  -------         MODULE        ?C?LSTKXDATA
  C:1C6CH         PUBLIC        ?C?LSTKXDATA
  -------         ENDMOD        ?C?LSTKXDATA

  -------         MODULE        ?C?PLDIXDATA
  C:1C9DH         PUBLIC        ?C?PLDIXDATA
  -------         ENDMOD        ?C?PLDIXDATA

  -------         MODULE        ?C?PSTXDATA
  C:1CB4H         PUBLIC        ?C?PSTXDATA
  -------         ENDMOD        ?C?PSTXDATA

  -------         MODULE        ?C?CCASE
  C:1CBDH         PUBLIC        ?C?CCASE
  -------         ENDMOD        ?C?CCASE

  -------         MODULE        STRCAT
  X:0046H         PUBLIC        ?_strcat?BYTE
  C:B4D2H         PUBLIC        _strcat
  -------         ENDMOD        STRCAT

  -------         MODULE        ?C?STRCMP
  C:1E61H         PUBLIC        ?C?STRCMP
  -------         ENDMOD        ?C?STRCMP

  -------         MODULE        ?C?STRCPY
  C:1F4AH         PUBLIC        ?C?STRCPY
  -------         ENDMOD        ?C?STRCPY

  -------         MODULE        STRLEN
  C:000EH         PUBLIC        _STRLEN
  -------         ENDMOD        STRLEN

  -------         MODULE        STRTOK
  X:0064H         PUBLIC        ?_strtok?BYTE
  C:8BCCH         PUBLIC        _strtok
  -------         ENDMOD        STRTOK

  -------         MODULE        ATOL
  C:7E19H         PUBLIC        _atol
  -------         ENDMOD        ATOL

  -------         MODULE        ATOI
  C:8E6AH         PUBLIC        _atoi
  -------         ENDMOD        ATOI

  -------         MODULE        ?C?ILDIX
BL51 BANKED LINKER/LOCATER V6.22.2.0                                                  11/19/2021  16:07:17  PAGE 144


  C:1F67H         PUBLIC        ?C?ILDIX
  -------         ENDMOD        ?C?ILDIX

  -------         MODULE        ?C?LMUL
  C:1F7DH         PUBLIC        ?C?LMUL
  -------         ENDMOD        ?C?LMUL

  -------         MODULE        ISDIGIT
  C:C5DCH         PUBLIC        _isdigit
  -------         ENDMOD        ISDIGIT

  -------         MODULE        ISSPACE
  C:C53CH         PUBLIC        _isspace
  -------         ENDMOD        ISSPACE

  -------         MODULE        STRSPN
  X:006AH         PUBLIC        ?_strspn?BYTE
  C:ADABH         PUBLIC        _strspn
  -------         ENDMOD        STRSPN

  -------         MODULE        STRPBRK
  X:006AH         PUBLIC        ?_strpbrk?BYTE
  C:AEB2H         PUBLIC        _strpbrk
  -------         ENDMOD        STRPBRK

Program Size: data=99.1 xdata=541 code=50793
LINK/LOCATE RUN COMPLETE.  0 WARNING(S),  0 ERROR(S)
