BL51 BANKED LINKER/LOCATER V6.22.2.0                                                    05/02/2021  15:24:53  PAGE 1


BL51 BANKED LINKER/LOCATER V6.22.2.0, INVOKED BY:
C:\KEIL_V5\C51\BIN\BL51.EXE .\Objects\main.obj, .\Objects\Accescan.obj, .\Objects\Clock.obj, .\Objects\delay.obj, .\Obje
>> cts\eeprom.obj, .\Objects\io_sensores.obj, .\Objects\pantallas.obj, .\Objects\prog.obj, .\Objects\pto_paralelo.obj, .
>> \Objects\tibbo.obj, .\Objects\uart.obj, .\Objects\lintech.obj, .\Objects\verificador.obj, .\Objects\Monitor.obj TO .\
>> Objects\expedidor_v_01_raspberry PRINT (.\Listings\expedidor_v_01_raspberry.m51) RAMSIZE (256)


MEMORY MODEL: LARGE WITH FLOATING POINT ARITHMETIC


INPUT MODULES INCLUDED:
  .\Objects\main.obj (MAIN)
  .\Objects\Accescan.obj (ACCESCAN)
  .\Objects\Clock.obj (CLOCK)
  .\Objects\delay.obj (DELAY)
  .\Objects\eeprom.obj (EEPROM)
  .\Objects\io_sensores.obj (IO_SENSORES)
  .\Objects\pantallas.obj (PANTALLAS)
  .\Objects\prog.obj (PROG)
  .\Objects\pto_paralelo.obj (PTO_PARALELO)
  .\Objects\tibbo.obj (TIBBO)
  .\Objects\uart.obj (UART)
  .\Objects\lintech.obj (LINTECH)
  .\Objects\verificador.obj (VERIFICADOR)
  .\Objects\Monitor.obj (MONITOR)
  C:\KEIL_V5\C51\LIB\C51FPL.LIB (?C?FPADD)
  C:\KEIL_V5\C51\LIB\C51FPL.LIB (?C?FPMUL)
  C:\KEIL_V5\C51\LIB\C51FPL.LIB (?C?FCAST)
  C:\KEIL_V5\C51\LIB\C51FPL.LIB (?C?CASTF)
  C:\KEIL_V5\C51\LIB\C51FPL.LIB (PRINTF)
  C:\KEIL_V5\C51\LIB\C51FPL.LIB (POW)
  C:\KEIL_V5\C51\LIB\C51FPL.LIB (?C?FPGETOPN)
  C:\KEIL_V5\C51\LIB\C51FPL.LIB (?C?CHKFLOAT)
  C:\KEIL_V5\C51\LIB\C51FPL.LIB (?C?FPCMP)
  C:\KEIL_V5\C51\LIB\C51FPL.LIB (?C?FPNEG)
  C:\KEIL_V5\C51\LIB\C51FPL.LIB (?C?FPROUND)
  C:\KEIL_V5\C51\LIB\C51FPL.LIB (?C?FPCONVERT)
  C:\KEIL_V5\C51\LIB\C51FPL.LIB (EXP)
  C:\KEIL_V5\C51\LIB\C51FPL.LIB (LOG)
  C:\KEIL_V5\C51\LIB\C51FPL.LIB (?C?FPDIV)
  C:\KEIL_V5\C51\LIB\C51FPL.LIB (?C?FTNPWR)
  C:\KEIL_V5\C51\LIB\C51FPL.LIB (?C?FPSERIES)
  C:\KEIL_V5\C51\LIB\C51L.LIB (?C_STARTUP)
  C:\KEIL_V5\C51\LIB\C51L.LIB (?C?COPY)
  C:\KEIL_V5\C51\LIB\C51L.LIB (?C?CLDPTR)
  C:\KEIL_V5\C51\LIB\C51L.LIB (?C?CLDOPTR)
  C:\KEIL_V5\C51\LIB\C51L.LIB (?C?CSTPTR)
  C:\KEIL_V5\C51\LIB\C51L.LIB (?C?CSTOPTR)
  C:\KEIL_V5\C51\LIB\C51L.LIB (?C?IMUL)
  C:\KEIL_V5\C51\LIB\C51L.LIB (?C?IILDX)
  C:\KEIL_V5\C51\LIB\C51L.LIB (?C?LNEG)
  C:\KEIL_V5\C51\LIB\C51L.LIB (?C?SLCMP)
  C:\KEIL_V5\C51\LIB\C51L.LIB (?C?ULCMP)
  C:\KEIL_V5\C51\LIB\C51L.LIB (?C?ULSHR)
  C:\KEIL_V5\C51\LIB\C51L.LIB (?C?LSHL)
  C:\KEIL_V5\C51\LIB\C51L.LIB (?C?LLDCODE)
  C:\KEIL_V5\C51\LIB\C51L.LIB (?C?LLDXDATA0)
  C:\KEIL_V5\C51\LIB\C51L.LIB (?C?LLDCODE0)
BL51 BANKED LINKER/LOCATER V6.22.2.0                                                  05/02/2021  15:24:53  PAGE 2


  C:\KEIL_V5\C51\LIB\C51L.LIB (?C?LSTXDATA)
  C:\KEIL_V5\C51\LIB\C51L.LIB (?C?LSTKXDATA)
  C:\KEIL_V5\C51\LIB\C51L.LIB (?C?PLDIXDATA)
  C:\KEIL_V5\C51\LIB\C51L.LIB (?C?PSTXDATA)
  C:\KEIL_V5\C51\LIB\C51L.LIB (?C?CCASE)
  C:\KEIL_V5\C51\LIB\C51L.LIB (STRCAT)
  C:\KEIL_V5\C51\LIB\C51L.LIB (?C?STRCMP)
  C:\KEIL_V5\C51\LIB\C51L.LIB (?C?STRCPY)
  C:\KEIL_V5\C51\LIB\C51L.LIB (STRLEN)
  C:\KEIL_V5\C51\LIB\C51L.LIB (STRTOK)
  C:\KEIL_V5\C51\LIB\C51L.LIB (ATOL)
  C:\KEIL_V5\C51\LIB\C51L.LIB (ATOI)
  C:\KEIL_V5\C51\LIB\C51L.LIB (?C_INIT)
  C:\KEIL_V5\C51\LIB\C51L.LIB (?C?ILDIX)
  C:\KEIL_V5\C51\LIB\C51L.LIB (?C?LMUL)
  C:\KEIL_V5\C51\LIB\C51L.LIB (ISDIGIT)
  C:\KEIL_V5\C51\LIB\C51L.LIB (ISSPACE)
  C:\KEIL_V5\C51\LIB\C51L.LIB (STRSPN)
  C:\KEIL_V5\C51\LIB\C51L.LIB (STRPBRK)


LINK MAP OF MODULE:  .\Objects\expedidor_v_01_raspberry (MAIN)


            TYPE    BASE      LENGTH    RELOCATION   SEGMENT NAME
            -----------------------------------------------------

            * * * * * * *   D A T A   M E M O R Y   * * * * * * *
            REG     0000H     0008H     ABSOLUTE     "REG BANK 0"
            DATA    0008H     0005H     UNIT         _DATA_GROUP_
            DATA    000DH     0004H     UNIT         ?DT?UART
            IDATA   0011H     0009H     UNIT         ?ID?MONITOR
                    001AH     0006H                  *** GAP ***
            BIT     0020H.0   0001H.1   UNIT         _BIT_GROUP_
            BIT     0021H.1   0000H.3   UNIT         ?BI?MAIN
            BIT     0021H.4   0000H.2   UNIT         ?BI?UART
            BIT     0021H.6   0000H.1   UNIT         ?BI?EEPROM
            BIT     0021H.7   0000H.1   UNIT         ?BI?IO_SENSORES
            BIT     0022H.0   0000H.1   UNIT         ?BI?VERIFICADOR
                    0022H.1   0000H.7                *** GAP ***
            IDATA   0023H     0046H     UNIT         ?ID?MAIN
            IDATA   0069H     0001H     UNIT         ?STACK

            * * * * * * *  X D A T A   M E M O R Y  * * * * * * *
            XDATA   0000H     00B7H     UNIT         _XDATA_GROUP_
            XDATA   00B7H     008AH     UNIT         ?XD?VERIFICADOR
            XDATA   0141H     006CH     UNIT         ?XD?MAIN
            XDATA   01ADH     0059H     UNIT         ?XD?PROG
            XDATA   0206H     0003H     UNIT         ?XD?EEPROM
            XDATA   0209H     0003H     UNIT         ?XD?UART
            XDATA   020CH     0003H     UNIT         ?XD?STRTOK
            XDATA   020FH     0002H     UNIT         ?XD?IO_SENSORES
            XDATA   0211H     0001H     UNIT         ?XD?ACCESCAN
            XDATA   0212H     0001H     UNIT         ?XD?CLOCK

            * * * * * * *   C O D E   M E M O R Y   * * * * * * *
            CODE    0000H     0003H     ABSOLUTE     
BL51 BANKED LINKER/LOCATER V6.22.2.0                                                  05/02/2021  15:24:53  PAGE 3


            CODE    0003H     0008H     UNIT         ?PR?P_CK?CLOCK
            CODE    000BH     0003H     ABSOLUTE     
            CODE    000EH     0015H     UNIT         ?PR?_STRLEN?STRLEN
            CODE    0023H     0003H     ABSOLUTE     
            CODE    0026H     1308H     UNIT         ?CO?PROG
            CODE    132EH     0B8BH     UNIT         ?C?LIB_CODE
            CODE    1EB9H     080DH     UNIT         ?CO?VERIFICADOR
            CODE    26C6H     0747H     UNIT         ?PR?_PANTALLALCD?PANTALLAS
            CODE    2E0DH     06EFH     UNIT         ?CO?PANTALLAS
            CODE    34FCH     0492H     UNIT         ?PR?_SECUENCIAEXPEDIDORMF?VERIFICADOR
            CODE    398EH     0483H     UNIT         ?PR?PRINTF?PRINTF
            CODE    3E11H     0437H     UNIT         ?PR?_VALIDA_TRAMA_PTO?ACCESCAN
            CODE    4248H     035CH     UNIT         ?PR?VER_PROG?PROG
            CODE    45A4H     02D0H     UNIT         ?PR?_TWO_BYTEHEX_DECIMAL?CLOCK
            CODE    4874H     02B7H     UNIT         ?PR?_PROG_HORARIO_DIAS?PROG
            CODE    4B2BH     02A5H     UNIT         ?PR?_PANTALLALCD_LINEA_2?PANTALLAS
            CODE    4DD0H     022CH     UNIT         ?PR?MENU?PROG
            CODE    4FFCH     0208H     UNIT         ?PR?_HASH_ID?PROG
            CODE    5204H     01FAH     UNIT         ?PR?_PROG_HORARIO_DESDE_HASTA?PROG
            CODE    53FEH     01F5H     UNIT         ?PR?PROG_FECHA_VENCIMIENTO?PROG
            CODE    55F3H     01DFH     UNIT         ?PR?_RESPONDE_LECTURA_TARJETA_SECTOR1_BLOQUE1?VERIFICADOR
            CODE    57D2H     01CFH     UNIT         ?PR?_BLOCK_READ_CLOCK_ASCII_RASBERRY?CLOCK
            CODE    59A1H     01B3H     UNIT         ?PR?COM_ISR?UART
            CODE    5B54H     01A9H     UNIT         ?PR?_ARMAR_TRAMA_PTO_PARALELO_EXPEDIDOR?VERIFICADOR
            CODE    5CFDH     01A4H     UNIT         ?PR?_VALIDA_TIPO_TARJETA?VERIFICADOR
            CODE    5EA1H     01A3H     UNIT         ?CO?LINTECH
            CODE    6044H     016FH     UNIT         ?PR?_BLOCK_READ_CLOCK_ASCII?CLOCK
            CODE    61B3H     0166H     UNIT         ?PR?_POW?POW
            CODE    6319H     0154H     UNIT         ?PR?_ARMAR_TRAMA_MONITOR?VERIFICADOR
            CODE    646DH     0145H     UNIT         ?PR?PROG_HORARIOS?PROG
            CODE    65B2H     0142H     UNIT         ?PR?_ARMAR_TRAMA_TARJETA_SECTOR1_BLOQUE2?VERIFICADOR
            CODE    66F4H     013EH     UNIT         ?PR?PROG_SIN_COBRO?PROG
            CODE    6832H     013EH     UNIT         ?PR?SECUENCIA_INICIO_EXPEDIDOR?VERIFICADOR
            CODE    6970H     013CH     UNIT         ?PR?LOAD_AND_SEND_ID_COD?PTO_PARALELO
            CODE    6AACH     0137H     UNIT         ?PR?VER_HORARIO?PROG
            CODE    6BE3H     012BH     UNIT         ?PR?_RESPONDE_LECTURA_TARJETA_SECTOR1_BLOQUE2?VERIFICADOR
            CODE    6D0EH     0129H     UNIT         ?PR?LOG?LOG
            CODE    6E37H     0128H     UNIT         ?PR?_VER_HORARIO_DIAS?PROG
            CODE    6F5FH     011AH     UNIT         ?PR?_PROG_HORARIOS_ON_OFF?PROG
            CODE    7079H     0119H     UNIT         ?PR?_VER_HORARIO_DESDE_HASTA?PROG
            CODE    7192H     0115H     UNIT         ?PR?_VALIDAR_CLK?CLOCK
            CODE    72A7H     010FH     UNIT         ?PR?_HORARIOS?VERIFICADOR
            CODE    73B6H     010CH     UNIT         ?PR?_ATOL?ATOL
            CODE    74C2H     0103H     UNIT         ?PR?_BLOQUE_HORARIO?VERIFICADOR
            CODE    75C5H     0100H     UNIT         ?PR?_WR_MF?LINTECH
            CODE    76C5H     00FCH     UNIT         ?PR?PROG_DEBUG?PROG
            CODE    77C1H     00FCH     UNIT         ?PR?PROG_USE_LPR?PROG
            CODE    78BDH     00FCH     UNIT         ?PR?TIPO_PANTALLA?PROG
            CODE    79B9H     00FCH     UNIT         ?PR?PROG_ANTIPASSBACK?PROG
            CODE    7AB5H     00FCH     UNIT         ?PR?PROG_PLACA?PROG
            CODE    7BB1H     00FCH     UNIT         ?PR?PROG_VALIDAR_TIPO_VEHICULO_MENSUAL?PROG
            CODE    7CADH     00FCH     UNIT         ?PR?PROG_APB_MENSUAL?PROG
            CODE    7DA9H     00F1H     UNIT         ?PR?_WRITE_EEPROM_TICKET?EEPROM
            CODE    7E9AH     00EAH     UNIT         ?PR?_MOV_CARD?LINTECH
            CODE    7F84H     00E4H     UNIT         ?PR?_STRTOK?STRTOK
            CODE    8068H     00DEH     UNIT         ?PR?PROG_ADDRESS_HIGH_BOARD?PROG
            CODE    8146H     00DBH     UNIT         ?PR?_ATOI?ATOI
BL51 BANKED LINKER/LOCATER V6.22.2.0                                                  05/02/2021  15:24:53  PAGE 4


            CODE    8221H     00D7H     UNIT         ?PR?_ANALIZA_UID_CARD?VERIFICADOR
            CODE    82F8H     00D6H     UNIT         ?PR?_CMD_LPR_SALIDA_WIEGAND?ACCESCAN
            CODE    83CEH     00D1H     UNIT         ?PR?_ARMAR_TRAMA_PTO_PARALELO_EXPEDIDOR_MENSUAL?VERIFICADOR
            CODE    849FH     00CCH     UNIT         ?PR?_GRABA_SERIE?EEPROM
            CODE    856BH     00CBH     UNIT         ?C_INITSEG
            CODE    8636H     00CBH     UNIT         ?PR?_RTA_CMD_TRANSPORTE?VERIFICADOR
            CODE    8701H     00CAH     UNIT         ?PR?READ_EEPROM_TICKET?EEPROM
            CODE    87CBH     00C9H     UNIT         ?PR?_CHECK_FECHAOUT?CLOCK
            CODE    8894H     00C5H     UNIT         ?PR?_BLOCK_READ_CLOCK?CLOCK
            CODE    8959H     00C4H     UNIT         ?PR?_TARJETA_MENSUAL?VERIFICADOR
            CODE    8A1DH     00C3H     UNIT         ?PR?_RD_MF?LINTECH
            CODE    8AE0H     00C2H     UNIT         ?PR?PROG_TARJETA_AUTOMATICA_O_BOTON?PROG
            CODE    8BA2H     00C1H     UNIT         ?PR?_RECIBE_CMD_MONITOR?MONITOR
            CODE    8C63H     00BFH     UNIT         ?CO?IO_SENSORES
            CODE    8D22H     00BEH     UNIT         ?PR?ERROR_RX_PTO?VERIFICADOR
            CODE    8DE0H     00BDH     UNIT         ?PR?PROG_COD_PARK?PROG
            CODE    8E9DH     00BDH     UNIT         ?PR?PROG_TIEMPO_GRACIA?PROG
            CODE    8F5AH     00BBH     UNIT         ?PR?_VALIDA_TRAMA_MONITOR?MONITOR
            CODE    9015H     00B9H     UNIT         ?CO?TIBBO
            CODE    90CEH     00B6H     UNIT         ?PR?PROG_ID_CLIENTE?PROG
            CODE    9184H     00B5H     UNIT         ?PR?_WAIT_PLACA?VERIFICADOR
            CODE    9239H     00B4H     UNIT         ?PR?_SEND_PORT?PTO_PARALELO
            CODE    92EDH     00ACH     UNIT         ?PR?_HORA_MAXIMA?VERIFICADOR
            CODE    9399H     00AAH     UNIT         ?PR?CLAVE_SEGURIDAD_S2?LINTECH
            CODE    9443H     00A9H     UNIT         ?PR?DWLOAD_EEPROM?LINTECH
            CODE    94ECH     00A7H     UNIT         ?PR?_BLOCK_READ_CLOCK_HEX?CLOCK
            CODE    9593H     00A4H     UNIT         ?PR?_ARMAR_TRAMA_TARJETA_SECTOR1_BLOQUE1_CAMCEL?VERIFICADOR
            CODE    9637H     009DH     UNIT         ?PR?_INICIALIZA?LINTECH
            CODE    96D4H     009CH     UNIT         ?PR?_RESPUESTA_PLACA_CANCEL?VERIFICADOR
            CODE    9770H     009AH     UNIT         ?PR?_RESPONDE_LECTURA_TARJETA_SECTOR1_BLOQUE0?VERIFICADOR
            CODE    980AH     009AH     UNIT         ?PR?EXP?EXP
            CODE    98A4H     0099H     UNIT         ?PR?SHOW?PROG
            CODE    993DH     0099H     UNIT         ?PR?_RECIBE_PORT?PTO_PARALELO
            CODE    99D6H     0098H     UNIT         ?PR?_VALIDA_VEHICULO_CARD_MENSUAL?VERIFICADOR
            CODE    9A6EH     0091H     UNIT         ?PR?_HEX_ASCII?CLOCK
            CODE    9AFFH     0091H     UNIT         ?PR?_CARD_INSERCION?LINTECH
            CODE    9B90H     0090H     UNIT         ?PR?_GETOPTION?PROG
            CODE    9C20H     0090H     UNIT         ?PR?ENTREGA_CARD_CAPTURA?VERIFICADOR
            CODE    9CB0H     008FH     UNIT         ?PR?_LEE_CLK?CLOCK
            CODE    9D3FH     008FH     UNIT         ?PR?_BLOCK_WRITE_CLOCK_ASCII?CLOCK
            CODE    9DCEH     008FH     UNIT         ?PR?_RESPONDE_WRITE_TARJETA_SECTOR1_BLOQUE2?VERIFICADOR
            CODE    9E5DH     008DH     UNIT         ?PR?LOADVERIFY_EEPROM?LINTECH
            CODE    9EEAH     008CH     UNIT         ?C_C51STARTUP
            CODE    9F76H     0088H     UNIT         ?PR?_SEND_PORTERR?PTO_PARALELO
            CODE    9FFEH     0088H     UNIT         ?PR?RX_DATA?TIBBO
            CODE    A086H     0088H     UNIT         ?PR?UNIQUE_IDENTIFIER_UID?LINTECH
            CODE    A10EH     0086H     UNIT         ?PR?_CHECK_STATUS?LINTECH
            CODE    A194H     0084H     UNIT         ?PR?MSJ_LCD_INFORMATIVO?IO_SENSORES
            CODE    A218H     0084H     UNIT         ?PR?_DEBUGBUFFERMF?TIBBO
            CODE    A29CH     0084H     UNIT         ?PR?_STRSPN?STRSPN
            CODE    A320H     0083H     UNIT         ?PR?_RASPBERRY_DATA?PANTALLAS
            CODE    A3A3H     0081H     UNIT         ?PR?_STRPBRK?STRPBRK
            CODE    A424H     0080H     UNIT         ?PR?_INGRESADATO?PROG
            CODE    A4A4H     0080H     UNIT         ?PR?AUT_CARD_CHECK_STATUS?LINTECH
            CODE    A524H     0080H     UNIT         ?PR?POWER_OFF?LINTECH
            CODE    A5A4H     007FH     UNIT         ?PR?MAIN?MAIN
            CODE    A623H     007DH     UNIT         ?PR?RELOJ_PANTALLA_LCD?PANTALLAS
BL51 BANKED LINKER/LOCATER V6.22.2.0                                                  05/02/2021  15:24:53  PAGE 5


            CODE    A6A0H     007CH     UNIT         ?PR?RESPONDE_ESTADO_SENSORES_TRANSPORTE?VERIFICADOR
            CODE    A71CH     007CH     UNIT         ?PR?_SEND_PTO_PARALELO?VERIFICADOR
            CODE    A798H     0077H     UNIT         ?PR?RESPONDE_TIPO_TARJETA?VERIFICADOR
            CODE    A80FH     0071H     UNIT         ?PR?_EN_HORARIO?VERIFICADOR
            CODE    A880H     006FH     UNIT         ?PR?_ESCRIBIRMEMORIA?EEPROM
            CODE    A8EFH     006FH     UNIT         ?PR?_DISPARO_LOCK_ENTRADA_VEHICULO?VERIFICADOR
            CODE    A95EH     006BH     UNIT         ?PR?_STRCAT?STRCAT
            CODE    A9C9H     0066H     UNIT         ?PR?_LEERMEMORIA?EEPROM
            CODE    AA2FH     0062H     UNIT         ?PR?_LISTACOMANDOS?PROG
            CODE    AA91H     005EH     UNIT         ?PR?_BYTEHEX_DECIMAL?CLOCK
            CODE    AAEFH     005EH     UNIT         ?PR?INGRESO_VEHICULO?VERIFICADOR
            CODE    AB4DH     005DH     UNIT         ?PR?_RESPUESTA_SEGUNDA_CLAVE?VERIFICADOR
            CODE    ABAAH     005CH     UNIT         ?PR?_ARMAR_TRAMA_PLACA?VERIFICADOR
            CODE    AC06H     005BH     UNIT         ?PR?VALIDA_SENSOR1_AUTO?IO_SENSORES
            CODE    AC61H     0056H     UNIT         ?PR?_WR_EEPROM?EEPROM
            CODE    ACB7H     004DH     UNIT         ?PR?VARIABLE_INICIO?MAIN
            CODE    AD04H     004DH     UNIT         ?PR?L_D_M?EEPROM
            CODE    AD51H     004CH     UNIT         ?PR?LEE_NO_TICKET?EEPROM
            CODE    AD9DH     004CH     UNIT         ?PR?LOAD_AND_SEND_INFO_RELOJ?PTO_PARALELO
            CODE    ADE9H     004BH     UNIT         ?PR?_TX_AUX?TIBBO
            CODE    AE34H     0049H     UNIT         ?PR?_DEBUG_TXT_TIBBO?TIBBO
            CODE    AE7DH     0048H     UNIT         ?PR?FIRST_CLAVE?PROG
            CODE    AEC5H     0047H     UNIT         ?PR?_DEBUG_CHR_TIBBO?TIBBO
            CODE    AF0CH     0047H     UNIT         ?PR?_RESPONDE_WRITE_TARJETA_SECTOR2_BLOQUE0?VERIFICADOR
            CODE    AF53H     0046H     UNIT         ?PR?_ESCRIBIRCADENASOFT_BUFFER?MAIN
            CODE    AF99H     0046H     UNIT         ?PR?_LCD_TXT_NUM_CHAR?PANTALLAS
            CODE    AFDFH     0046H     UNIT         ?PR?_DEBUG_HEXDEC?TIBBO
            CODE    B025H     0046H     UNIT         ?PR?_PREGUNTA_LPR?VERIFICADOR
            CODE    B06BH     0044H     UNIT         ?PR?_LCD_TXT?PANTALLAS
            CODE    B0AFH     0043H     UNIT         ?PR?DIR_BOARD?IO_SENSORES
            CODE    B0F2H     0042H     UNIT         ?PR?_VALIDARCLAVE?PROG
            CODE    B134H     0041H     UNIT         ?PR?_MONITOR_CHR?ACCESCAN
            CODE    B175H     0041H     UNIT         ?PR?_TWO_ONE?CLOCK
            CODE    B1B6H     0040H     UNIT         ?PR?_GETCMD?PROG
            CODE    B1F6H     0040H     UNIT         ?PR?_DEBUG_PTO_PARALELO?TIBBO
            CODE    B236H     003FH     UNIT         ?PR?_EB_CLK?CLOCK
            CODE    B275H     003EH     UNIT         ?PR?_PUTCHAR?MAIN
            CODE    B2B3H     003EH     UNIT         ?PR?TRAMA_VALIDACION_P_N?VERIFICADOR
            CODE    B2F1H     003DH     UNIT         ?PR?_HEX_BCD?CLOCK
            CODE    B32EH     003DH     UNIT         ?PR?_RD_EEPROM?EEPROM
            CODE    B36BH     003DH     UNIT         ?PR?_DEBUG_MONITOR?TIBBO
            CODE    B3A8H     003DH     UNIT         ?PR?_LOAD_SECUENCIA_EXPEDIDOR?VERIFICADOR
            CODE    B3E5H     003BH     UNIT         ?CO?EEPROM
            CODE    B420H     003BH     UNIT         ?PR?_COM_PUTCHAR?UART
            CODE    B45BH     003AH     UNIT         ?PR?_DELAY_10MS?DELAY
            CODE    B495H     0038H     UNIT         ?PR?VALIDASENSORESPASO?IO_SENSORES
            CODE    B4CDH     0036H     UNIT         ?PR?_RESPONDE_WRITE_TARJETA_SECTOR1_BLOQUE1?VERIFICADOR
            CODE    B503H     0036H     UNIT         ?PR?_RESPONDE_WRITE_TARJETA_SECTOR1_BLOQUE0?VERIFICADOR
            CODE    B539H     0034H     UNIT         ?PR?INCREMENTE_TICKET?EEPROM
            CODE    B56DH     0034H     UNIT         ?PR?ADDR_HORARIOS?PROG
            CODE    B5A1H     0031H     UNIT         ?PR?_TARJETA_ROTACION?VERIFICADOR
            CODE    B5D2H     0030H     UNIT         ?PR?PREGUNTA_PLACA?VERIFICADOR
            CODE    B602H     002EH     UNIT         ?PR?TIMER0_INT?MAIN
            CODE    B630H     002AH     UNIT         ?PR?COM_INITIALIZE?UART
            CODE    B65AH     0028H     UNIT         ?PR?_WR_CLK?CLOCK
            CODE    B682H     0028H     UNIT         ?PR?COM_BAUDRATE?UART
            CODE    B6AAH     0028H     UNIT         ?PR?_ARMAR_TRAMA_TARJETA_SECTOR1_BLOQUE0?VERIFICADOR
BL51 BANKED LINKER/LOCATER V6.22.2.0                                                  05/02/2021  15:24:53  PAGE 6


            CODE    B6D2H     0027H     UNIT         ?PR?_TX_CHRLCD?PANTALLAS
            CODE    B6F9H     0026H     UNIT         ?PR?COM_GETCHAR?UART
            CODE    B71FH     0026H     UNIT         ?PR?ANALIZA_PRESENCIA_MENSUAL?VERIFICADOR
            CODE    B745H     0026H     UNIT         ?PR?RX_MONITOR?MONITOR
            CODE    B76BH     0023H     UNIT         ?PR?ANALIZA_PRESENCIA_ROTACION?VERIFICADOR
            CODE    B78EH     0022H     UNIT         ?PR?_E_D_M?EEPROM
            CODE    B7B0H     0022H     UNIT         ?PR?VALIDASENSOR_CERO?IO_SENSORES
            CODE    B7D2H     0021H     UNIT         ?CO?PTO_PARALELO
            CODE    B7F3H     0020H     UNIT         ?PR?ACKD?EEPROM
            CODE    B813H     0020H     UNIT         ?PR?ACK_LECT?EEPROM
            CODE    B833H     001FH     UNIT         ?PR?VALIDASENSOR?IO_SENSORES
            CODE    B852H     001FH     UNIT         ?PR?TIME_BIT?TIBBO
            CODE    B871H     001EH     UNIT         ?PR?_BCD_HEX?CLOCK
            CODE    B88FH     001BH     UNIT         ?PR?_DELAY_1MS?DELAY
            CODE    B8AAH     0018H     UNIT         ?PR?CLEAR_PLACA?MONITOR
            CODE    B8C2H     0017H     UNIT         ?PR?DISPLAYCURSOR?PROG
            CODE    B8D9H     0017H     UNIT         ?PR?TIME_MBIT?TIBBO
            CODE    B8F0H     0016H     UNIT         ?PR?DIR_BOARD_MONITOR?IO_SENSORES
            CODE    B906H     0014H     UNIT         ?PR?_ISSPACE?ISSPACE
            CODE    B91AH     0012H     UNIT         ?PR?_DELAY_20US?DELAY
            CODE    B92CH     0012H     UNIT         ?PR?START?EEPROM
            CODE    B93EH     0012H     UNIT         ?PR?BOTTON?IO_SENSORES
            CODE    B950H     0012H     UNIT         ?PR?PULSO_BUS?PTO_PARALELO
            CODE    B962H     0012H     UNIT         ?PR?COM_RBUFLEN?UART
            CODE    B974H     0012H     UNIT         ?PR?COM_TBUFLEN?UART
            CODE    B986H     0010H     UNIT         ?PR?INI_TIMER?MAIN
            CODE    B996H     0010H     UNIT         ?PR?INICIA_BOARD?MAIN
            CODE    B9A6H     000FH     UNIT         ?PR?_ISDIGIT?ISDIGIT
            CODE    B9B5H     000CH     UNIT         ?PR?_GETKEY?MAIN
            CODE    B9C1H     000AH     UNIT         ?PR?STOP?EEPROM
            CODE    B9CBH     000AH     UNIT         ?PR?COND_INI_PTO?PTO_PARALELO
            CODE    B9D5H     0009H     UNIT         ?PR?DEBUG_DIVIDIR_TEXTO?TIBBO
            CODE    B9DEH     0009H     UNIT         ?PR?CAPTURA_EXPULSA?VERIFICADOR
            CODE    B9E7H     0007H     UNIT         ?PR?COND_INI_CLOCK?CLOCK
            CODE    B9EEH     0007H     UNIT         ?PR?SEL_FUNCION?IO_SENSORES
            CODE    B9F5H     0007H     UNIT         ?PR?SEL_AUTO?IO_SENSORES
            CODE    B9FCH     0007H     UNIT         ?PR?SEL_PULSA?IO_SENSORES
            CODE    BA03H     0007H     UNIT         ?PR?SEL_SENSOR2?IO_SENSORES
            CODE    BA0AH     0007H     UNIT         ?PR?SEL_SENSOR1?IO_SENSORES
            CODE    BA11H     0007H     UNIT         ?PR?SEL_DIR1?IO_SENSORES
            CODE    BA18H     0007H     UNIT         ?PR?SEL_DIR2?IO_SENSORES
            CODE    BA1FH     0006H     UNIT         ?PR?P_ME?EEPROM
            CODE    BA25H     0005H     UNIT         ?PR?ON_TIMER0_INTERRUP?MAIN
            CODE    BA2AH     0005H     UNIT         ?CO?ACCESCAN
            CODE    BA2FH     0005H     UNIT         ?PR?COND_INI_TIBBO?TIBBO
            CODE    BA34H     0003H     UNIT         ?PR?OFF_TIMER0_INTERRUP?MAIN
            CODE    BA37H     0001H     UNIT         ?PR?DELAY?DELAY



OVERLAY MAP OF MODULE:   .\Objects\expedidor_v_01_raspberry (MAIN)


SEGMENT                                             BIT_GROUP          DATA_GROUP          XDATA_GROUP
  +--> CALLED SEGMENT                            START    LENGTH     START    LENGTH     START    LENGTH
--------------------------------------------------------------------------------------------------------
?C_C51STARTUP                                    -----    -----      -----    -----      -----    -----
BL51 BANKED LINKER/LOCATER V6.22.2.0                                                  05/02/2021  15:24:53  PAGE 7


  +--> ?PR?MAIN?MAIN
  +--> ?C_INITSEG

?PR?MAIN?MAIN                                    -----    -----      -----    -----      0000H    0001H
  +--> ?PR?INI_TIMER?MAIN
  +--> ?PR?ON_TIMER0_INTERRUP?MAIN
  +--> ?PR?COM_INITIALIZE?UART
  +--> ?PR?COM_BAUDRATE?UART
  +--> ?PR?INICIA_BOARD?MAIN
  +--> ?PR?TIME_BIT?TIBBO
  +--> ?PR?_DELAY_20US?DELAY
  +--> ?PR?TIME_MBIT?TIBBO
  +--> ?PR?_TX_AUX?TIBBO
  +--> ?PR?SEL_FUNCION?IO_SENSORES
  +--> ?PR?MENU?PROG
  +--> ?PR?VARIABLE_INICIO?MAIN
  +--> ?PR?SECUENCIA_INICIO_EXPEDIDOR?VERIFI...
  +--> ?PR?RX_MONITOR?MONITOR
  +--> ?PR?_SECUENCIAEXPEDIDORMF?VERIFICADOR
  +--> ?PR?_RECIBE_PORT?PTO_PARALELO
  +--> ?PR?_DEBUG_PTO_PARALELO?TIBBO
  +--> ?PR?_VALIDA_TRAMA_PTO?ACCESCAN
  +--> ?PR?MSJ_LCD_INFORMATIVO?IO_SENSORES

?PR?COM_INITIALIZE?UART                          -----    -----      -----    -----      -----    -----
  +--> ?PR?COM_BAUDRATE?UART

?PR?INICIA_BOARD?MAIN                            -----    -----      -----    -----      -----    -----
  +--> ?PR?COND_INI_TIBBO?TIBBO
  +--> ?PR?COND_INI_CLOCK?CLOCK
  +--> ?PR?COND_INI_PTO?PTO_PARALELO

?PR?_TX_AUX?TIBBO                                -----    -----      -----    -----      -----    -----
  +--> ?PR?TIME_BIT?TIBBO

?PR?MENU?PROG                                    -----    -----      -----    -----      0001H    0045H
  +--> ?CO?PROG
  +--> ?PR?PRINTF?PRINTF
  +--> ?PR?_RD_EEPROM?EEPROM
  +--> ?PR?FIRST_CLAVE?PROG
  +--> ?PR?_WR_EEPROM?EEPROM
  +--> ?PR?_LEERMEMORIA?EEPROM
  +--> ?PR?_HASH_ID?PROG
  +--> ?PR?_INGRESADATO?PROG
  +--> ?PR?_GETCMD?PROG
  +--> ?PR?_ESCRIBIRMEMORIA?EEPROM
  +--> ?PR?_VALIDARCLAVE?PROG
  +--> ?PR?DISPLAYCURSOR?PROG
  +--> ?PR?_STRLEN?STRLEN
  +--> ?PR?_GETOPTION?PROG
  +--> ?PR?_STRCAT?STRCAT
  +--> ?PR?_LISTACOMANDOS?PROG
  +--> ?PR?PROG_ID_CLIENTE?PROG
  +--> ?PR?PROG_COD_PARK?PROG
  +--> ?PR?PROG_TIEMPO_GRACIA?PROG
  +--> ?PR?PROG_SIN_COBRO?PROG
  +--> ?PR?PROG_DEBUG?PROG
BL51 BANKED LINKER/LOCATER V6.22.2.0                                                  05/02/2021  15:24:53  PAGE 8


  +--> ?PR?PROG_USE_LPR?PROG
  +--> ?PR?TIPO_PANTALLA?PROG
  +--> ?PR?PROG_TARJETA_AUTOMATICA_O_BOTON?PROG
  +--> ?PR?PROG_ANTIPASSBACK?PROG
  +--> ?PR?PROG_PLACA?PROG
  +--> ?PR?PROG_ADDRESS_HIGH_BOARD?PROG
  +--> ?PR?PROG_HORARIOS?PROG
  +--> ?PR?PROG_VALIDAR_TIPO_VEHICULO_MENSUA...
  +--> ?PR?PROG_APB_MENSUAL?PROG
  +--> ?PR?VER_PROG?PROG
  +--> ?PR?SHOW?PROG
  +--> ?PR?PROG_FECHA_VENCIMIENTO?PROG

?PR?PRINTF?PRINTF                                0020H.0  0001H.1    0008H    0005H      0077H    0030H
  +--> ?PR?_PUTCHAR?MAIN

?PR?_PUTCHAR?MAIN                                -----    -----      -----    -----      00A7H    0003H
  +--> ?PR?_COM_PUTCHAR?UART

?PR?_COM_PUTCHAR?UART                            -----    -----      -----    -----      00AAH    0001H
  +--> ?PR?COM_TBUFLEN?UART

?PR?_RD_EEPROM?EEPROM                            -----    -----      -----    -----      -----    -----
  +--> ?PR?START?EEPROM
  +--> ?PR?ACK_LECT?EEPROM
  +--> ?PR?_E_D_M?EEPROM
  +--> ?PR?ACKD?EEPROM
  +--> ?PR?L_D_M?EEPROM
  +--> ?PR?STOP?EEPROM

?PR?ACK_LECT?EEPROM                              -----    -----      -----    -----      -----    -----
  +--> ?PR?_E_D_M?EEPROM

?PR?_E_D_M?EEPROM                                -----    -----      -----    -----      -----    -----
  +--> ?PR?P_ME?EEPROM

?PR?ACKD?EEPROM                                  -----    -----      -----    -----      -----    -----
  +--> ?PR?_E_D_M?EEPROM

?PR?FIRST_CLAVE?PROG                             -----    -----      -----    -----      0046H    000BH
  +--> ?PR?_BLOCK_READ_CLOCK_ASCII?CLOCK
  +--> ?PR?_HASH_ID?PROG
  +--> ?PR?_ESCRIBIRMEMORIA?EEPROM

?PR?_BLOCK_READ_CLOCK_ASCII?CLOCK                -----    -----      -----    -----      0051H    0003H
  +--> ?PR?_LEE_CLK?CLOCK

?PR?_LEE_CLK?CLOCK                               -----    -----      -----    -----      00B1H    0003H
  +--> ?PR?_DELAY_20US?DELAY
  +--> ?PR?_EB_CLK?CLOCK
  +--> ?PR?P_CK?CLOCK

?PR?_EB_CLK?CLOCK                                -----    -----      -----    -----      00B4H    0003H
  +--> ?PR?P_CK?CLOCK

?PR?P_CK?CLOCK                                   -----    -----      -----    -----      -----    -----
  +--> ?PR?DELAY?DELAY
BL51 BANKED LINKER/LOCATER V6.22.2.0                                                  05/02/2021  15:24:53  PAGE 9



?PR?_HASH_ID?PROG                                -----    -----      -----    -----      005DH    003FH
  +--> ?CO?PROG
  +--> ?PR?_LEERMEMORIA?EEPROM
  +--> ?PR?_CHECK_FECHAOUT?CLOCK
  +--> ?PR?_STRLEN?STRLEN

?PR?_LEERMEMORIA?EEPROM                          -----    -----      -----    -----      009CH    0005H
  +--> ?PR?_RD_EEPROM?EEPROM

?PR?_CHECK_FECHAOUT?CLOCK                        -----    -----      -----    -----      009CH    0012H
  +--> ?PR?_BLOCK_READ_CLOCK_HEX?CLOCK

?PR?_BLOCK_READ_CLOCK_HEX?CLOCK                  -----    -----      -----    -----      00AEH    0003H
  +--> ?PR?_LEE_CLK?CLOCK
  +--> ?PR?_BCD_HEX?CLOCK

?PR?_ESCRIBIRMEMORIA?EEPROM                      -----    -----      -----    -----      005DH    0005H
  +--> ?PR?_WR_EEPROM?EEPROM

?PR?_WR_EEPROM?EEPROM                            -----    -----      -----    -----      -----    -----
  +--> ?PR?START?EEPROM
  +--> ?PR?ACKD?EEPROM
  +--> ?PR?_E_D_M?EEPROM
  +--> ?PR?STOP?EEPROM
  +--> ?PR?_DELAY_1MS?DELAY
  +--> ?PR?_DELAY_20US?DELAY

?PR?_DELAY_1MS?DELAY                             -----    -----      -----    -----      -----    -----
  +--> ?PR?_DELAY_20US?DELAY

?PR?_INGRESADATO?PROG                            -----    -----      -----    -----      0071H    0004H
  +--> ?PR?_GETKEY?MAIN
  +--> ?CO?PROG
  +--> ?PR?PRINTF?PRINTF
  +--> ?PR?_PUTCHAR?MAIN

?PR?_GETKEY?MAIN                                 -----    -----      -----    -----      -----    -----
  +--> ?PR?COM_GETCHAR?UART

?PR?COM_GETCHAR?UART                             -----    -----      -----    -----      -----    -----
  +--> ?PR?COM_RBUFLEN?UART

?PR?_GETCMD?PROG                                 -----    -----      -----    -----      005DH    0007H
  +--> ?CO?PROG
  +--> ?PR?_STRTOK?STRTOK

?PR?_STRTOK?STRTOK                               -----    -----      -----    -----      0064H    0006H
  +--> ?PR?_STRSPN?STRSPN
  +--> ?PR?_STRPBRK?STRPBRK

?PR?_STRSPN?STRSPN                               -----    -----      -----    -----      006AH    0008H

?PR?_STRPBRK?STRPBRK                             -----    -----      -----    -----      006AH    0009H

?PR?_VALIDARCLAVE?PROG                           -----    -----      -----    -----      005DH    000EH

BL51 BANKED LINKER/LOCATER V6.22.2.0                                                  05/02/2021  15:24:53  PAGE 10


?PR?DISPLAYCURSOR?PROG                           -----    -----      -----    -----      -----    -----
  +--> ?CO?PROG
  +--> ?PR?PRINTF?PRINTF

?PR?_GETOPTION?PROG                              -----    -----      -----    -----      0046H    000BH
  +--> ?CO?PROG
  +--> ?PR?_STRTOK?STRTOK

?PR?_STRCAT?STRCAT                               -----    -----      -----    -----      0046H    0009H

?PR?_LISTACOMANDOS?PROG                          -----    -----      -----    -----      0046H    0007H

?PR?PROG_ID_CLIENTE?PROG                         -----    -----      -----    -----      0046H    000CH
  +--> ?PR?_RD_EEPROM?EEPROM
  +--> ?CO?PROG
  +--> ?PR?PRINTF?PRINTF
  +--> ?PR?_INGRESADATO?PROG
  +--> ?PR?_ATOI?ATOI
  +--> ?PR?_WR_EEPROM?EEPROM

?PR?_ATOI?ATOI                                   0020H.0  0000H.1    -----    -----      0071H    0005H
  +--> ?PR?_ISSPACE?ISSPACE
  +--> ?PR?_ISDIGIT?ISDIGIT

?PR?PROG_COD_PARK?PROG                           -----    -----      -----    -----      0046H    000CH
  +--> ?PR?_RD_EEPROM?EEPROM
  +--> ?CO?PROG
  +--> ?PR?PRINTF?PRINTF
  +--> ?PR?_INGRESADATO?PROG
  +--> ?PR?_ATOI?ATOI
  +--> ?PR?_WR_EEPROM?EEPROM

?PR?PROG_TIEMPO_GRACIA?PROG                      -----    -----      -----    -----      0046H    000CH
  +--> ?PR?_RD_EEPROM?EEPROM
  +--> ?CO?PROG
  +--> ?PR?PRINTF?PRINTF
  +--> ?PR?_INGRESADATO?PROG
  +--> ?PR?_ATOI?ATOI
  +--> ?PR?_WR_EEPROM?EEPROM

?PR?PROG_SIN_COBRO?PROG                          -----    -----      -----    -----      0046H    000CH
  +--> ?PR?_RD_EEPROM?EEPROM
  +--> ?CO?PROG
  +--> ?PR?PRINTF?PRINTF
  +--> ?PR?_INGRESADATO?PROG
  +--> ?PR?_ATOI?ATOI
  +--> ?PR?_WR_EEPROM?EEPROM

?PR?PROG_DEBUG?PROG                              -----    -----      -----    -----      0046H    000CH
  +--> ?PR?_RD_EEPROM?EEPROM
  +--> ?CO?PROG
  +--> ?PR?PRINTF?PRINTF
  +--> ?PR?_INGRESADATO?PROG
  +--> ?PR?_ATOI?ATOI
  +--> ?PR?_WR_EEPROM?EEPROM

?PR?PROG_USE_LPR?PROG                            -----    -----      -----    -----      0046H    000CH
BL51 BANKED LINKER/LOCATER V6.22.2.0                                                  05/02/2021  15:24:53  PAGE 11


  +--> ?PR?_RD_EEPROM?EEPROM
  +--> ?CO?PROG
  +--> ?PR?PRINTF?PRINTF
  +--> ?PR?_INGRESADATO?PROG
  +--> ?PR?_ATOI?ATOI
  +--> ?PR?_WR_EEPROM?EEPROM

?PR?TIPO_PANTALLA?PROG                           -----    -----      -----    -----      0046H    000CH
  +--> ?PR?_RD_EEPROM?EEPROM
  +--> ?CO?PROG
  +--> ?PR?PRINTF?PRINTF
  +--> ?PR?_INGRESADATO?PROG
  +--> ?PR?_ATOI?ATOI
  +--> ?PR?_WR_EEPROM?EEPROM

?PR?PROG_TARJETA_AUTOMATICA_O_BOTON?PROG         -----    -----      -----    -----      0046H    000CH
  +--> ?PR?_RD_EEPROM?EEPROM
  +--> ?CO?PROG
  +--> ?PR?PRINTF?PRINTF
  +--> ?PR?_INGRESADATO?PROG
  +--> ?PR?_ATOI?ATOI
  +--> ?PR?_WR_EEPROM?EEPROM

?PR?PROG_ANTIPASSBACK?PROG                       -----    -----      -----    -----      0046H    000CH
  +--> ?PR?_RD_EEPROM?EEPROM
  +--> ?CO?PROG
  +--> ?PR?PRINTF?PRINTF
  +--> ?PR?_INGRESADATO?PROG
  +--> ?PR?_ATOI?ATOI
  +--> ?PR?_WR_EEPROM?EEPROM

?PR?PROG_PLACA?PROG                              -----    -----      -----    -----      0046H    000CH
  +--> ?PR?_RD_EEPROM?EEPROM
  +--> ?CO?PROG
  +--> ?PR?PRINTF?PRINTF
  +--> ?PR?_INGRESADATO?PROG
  +--> ?PR?_ATOI?ATOI
  +--> ?PR?_WR_EEPROM?EEPROM

?PR?PROG_ADDRESS_HIGH_BOARD?PROG                 -----    -----      -----    -----      0046H    000CH
  +--> ?PR?_RD_EEPROM?EEPROM
  +--> ?CO?PROG
  +--> ?PR?PRINTF?PRINTF
  +--> ?PR?_INGRESADATO?PROG
  +--> ?PR?_ATOI?ATOI
  +--> ?PR?_WR_EEPROM?EEPROM

?PR?PROG_HORARIOS?PROG                           -----    -----      -----    -----      0046H    001BH
  +--> ?PR?ADDR_HORARIOS?PROG
  +--> ?CO?PROG
  +--> ?PR?PRINTF?PRINTF
  +--> ?PR?_INGRESADATO?PROG
  +--> ?PR?_ATOI?ATOI
  +--> ?PR?_PROG_HORARIOS_ON_OFF?PROG
  +--> ?PR?_WR_EEPROM?EEPROM
  +--> ?PR?_PROG_HORARIO_DIAS?PROG
  +--> ?PR?_PROG_HORARIO_DESDE_HASTA?PROG
BL51 BANKED LINKER/LOCATER V6.22.2.0                                                  05/02/2021  15:24:53  PAGE 12


  +--> ?PR?_RD_EEPROM?EEPROM

?PR?ADDR_HORARIOS?PROG                           -----    -----      -----    -----      0074H    000BH

?PR?_PROG_HORARIOS_ON_OFF?PROG                   -----    -----      -----    -----      0061H    0010H
  +--> ?PR?_RD_EEPROM?EEPROM
  +--> ?CO?PROG
  +--> ?PR?PRINTF?PRINTF
  +--> ?PR?_INGRESADATO?PROG
  +--> ?PR?_ATOI?ATOI
  +--> ?PR?_WR_EEPROM?EEPROM

?PR?_PROG_HORARIO_DIAS?PROG                      -----    -----      -----    -----      0061H    000FH
  +--> ?CO?PROG
  +--> ?PR?PRINTF?PRINTF
  +--> ?PR?_INGRESADATO?PROG
  +--> ?PR?_WR_EEPROM?EEPROM
  +--> ?PR?_RD_EEPROM?EEPROM

?PR?_PROG_HORARIO_DESDE_HASTA?PROG               -----    -----      -----    -----      0061H    000CH
  +--> ?CO?PROG
  +--> ?PR?PRINTF?PRINTF
  +--> ?PR?_INGRESADATO?PROG
  +--> ?PR?_WR_EEPROM?EEPROM
  +--> ?PR?_RD_EEPROM?EEPROM

?PR?PROG_VALIDAR_TIPO_VEHICULO_MENSUA...         -----    -----      -----    -----      0046H    000CH
  +--> ?PR?_RD_EEPROM?EEPROM
  +--> ?CO?PROG
  +--> ?PR?PRINTF?PRINTF
  +--> ?PR?_INGRESADATO?PROG
  +--> ?PR?_ATOI?ATOI
  +--> ?PR?_WR_EEPROM?EEPROM

?PR?PROG_APB_MENSUAL?PROG                        -----    -----      -----    -----      0046H    000CH
  +--> ?PR?_RD_EEPROM?EEPROM
  +--> ?CO?PROG
  +--> ?PR?PRINTF?PRINTF
  +--> ?PR?_INGRESADATO?PROG
  +--> ?PR?_ATOI?ATOI
  +--> ?PR?_WR_EEPROM?EEPROM

?PR?VER_PROG?PROG                                -----    -----      -----    -----      0046H    0013H
  +--> ?PR?_RD_EEPROM?EEPROM
  +--> ?CO?PROG
  +--> ?PR?PRINTF?PRINTF
  +--> ?PR?VER_HORARIO?PROG
  +--> ?PR?_LEERMEMORIA?EEPROM
  +--> ?PR?_HEX_ASCII?CLOCK

?PR?VER_HORARIO?PROG                             -----    -----      -----    -----      0059H    001BH
  +--> ?PR?ADDR_HORARIOS?PROG
  +--> ?CO?PROG
  +--> ?PR?PRINTF?PRINTF
  +--> ?PR?_RD_EEPROM?EEPROM
  +--> ?PR?_VER_HORARIO_DIAS?PROG
  +--> ?PR?_VER_HORARIO_DESDE_HASTA?PROG
BL51 BANKED LINKER/LOCATER V6.22.2.0                                                  05/02/2021  15:24:53  PAGE 13



?PR?_VER_HORARIO_DIAS?PROG                       -----    -----      -----    -----      0074H    0003H
  +--> ?PR?_RD_EEPROM?EEPROM
  +--> ?CO?PROG
  +--> ?PR?PRINTF?PRINTF

?PR?_VER_HORARIO_DESDE_HASTA?PROG                -----    -----      -----    -----      0074H    0002H
  +--> ?CO?PROG
  +--> ?PR?PRINTF?PRINTF
  +--> ?PR?_RD_EEPROM?EEPROM

?PR?_HEX_ASCII?CLOCK                             -----    -----      -----    -----      005DH    0006H
  +--> ?PR?_HEX_BCD?CLOCK

?PR?SHOW?PROG                                    -----    -----      -----    -----      -----    -----
  +--> ?CO?PROG
  +--> ?PR?PRINTF?PRINTF

?PR?PROG_FECHA_VENCIMIENTO?PROG                  -----    -----      -----    -----      0046H    0017H
  +--> ?PR?_LEERMEMORIA?EEPROM
  +--> ?PR?_HEX_ASCII?CLOCK
  +--> ?CO?PROG
  +--> ?PR?PRINTF?PRINTF
  +--> ?PR?_HASH_ID?PROG
  +--> ?PR?_INGRESADATO?PROG
  +--> ?PR?_GETCMD?PROG
  +--> ?PR?_ESCRIBIRMEMORIA?EEPROM
  +--> ?PR?_VALIDARCLAVE?PROG
  +--> ?PR?_ATOI?ATOI
  +--> ?PR?_WR_EEPROM?EEPROM

?PR?VARIABLE_INICIO?MAIN                         -----    -----      -----    -----      -----    -----
  +--> ?PR?_RD_EEPROM?EEPROM

?PR?SECUENCIA_INICIO_EXPEDIDOR?VERIFI...         -----    -----      -----    -----      0001H    0001H
  +--> ?PR?_INICIALIZA?LINTECH
  +--> ?PR?TRAMA_VALIDACION_P_N?VERIFICADOR
  +--> ?CO?VERIFICADOR
  +--> ?PR?_DEBUG_TXT_TIBBO?TIBBO
  +--> ?PR?_DEBUGBUFFERMF?TIBBO
  +--> ?PR?DWLOAD_EEPROM?LINTECH

?PR?_INICIALIZA?LINTECH                          -----    -----      -----    -----      0002H    000CH
  +--> ?CO?LINTECH
  +--> ?PR?_DEBUG_TXT_TIBBO?TIBBO
  +--> ?PR?_DEBUGBUFFERMF?TIBBO
  +--> ?PR?_ESCRIBIRCADENASOFT_BUFFER?MAIN

?PR?_DEBUG_TXT_TIBBO?TIBBO                       -----    -----      -----    -----      004EH    0004H
  +--> ?PR?_DEBUG_CHR_TIBBO?TIBBO
  +--> ?CO?TIBBO
  +--> ?PR?_TX_AUX?TIBBO

?PR?_DEBUG_CHR_TIBBO?TIBBO                       -----    -----      -----    -----      -----    -----
  +--> ?PR?_TX_AUX?TIBBO

?PR?_DEBUGBUFFERMF?TIBBO                         -----    -----      -----    -----      0027H    0006H
BL51 BANKED LINKER/LOCATER V6.22.2.0                                                  05/02/2021  15:24:53  PAGE 14


  +--> ?CO?TIBBO
  +--> ?PR?_DEBUG_TXT_TIBBO?TIBBO
  +--> ?PR?_DEBUG_CHR_TIBBO?TIBBO
  +--> ?PR?_TX_AUX?TIBBO

?PR?_ESCRIBIRCADENASOFT_BUFFER?MAIN              -----    -----      -----    -----      0027H    0006H
  +--> ?PR?_PUTCHAR?MAIN

?PR?TRAMA_VALIDACION_P_N?VERIFICADOR             -----    -----      -----    -----      -----    -----
  +--> ?CO?VERIFICADOR
  +--> ?PR?_DEBUG_TXT_TIBBO?TIBBO

?PR?DWLOAD_EEPROM?LINTECH                        -----    -----      -----    -----      0002H    0016H
  +--> ?CO?LINTECH
  +--> ?PR?_DEBUG_TXT_TIBBO?TIBBO
  +--> ?PR?_DEBUGBUFFERMF?TIBBO
  +--> ?PR?_ESCRIBIRCADENASOFT_BUFFER?MAIN

?PR?RX_MONITOR?MONITOR                           -----    -----      -----    -----      0009H    000DH
  +--> ?PR?_RECIBE_CMD_MONITOR?MONITOR
  +--> ?PR?_DEBUG_MONITOR?TIBBO
  +--> ?PR?_VALIDA_TRAMA_MONITOR?MONITOR

?PR?_RECIBE_CMD_MONITOR?MONITOR                  -----    -----      -----    -----      0016H    0009H
  +--> ?PR?RX_DATA?TIBBO

?PR?RX_DATA?TIBBO                                -----    -----      -----    -----      -----    -----
  +--> ?PR?TIME_MBIT?TIBBO
  +--> ?PR?TIME_BIT?TIBBO

?PR?_DEBUG_MONITOR?TIBBO                         -----    -----      -----    -----      0016H    0004H
  +--> ?PR?DEBUG_DIVIDIR_TEXTO?TIBBO
  +--> ?CO?TIBBO
  +--> ?PR?_DEBUG_TXT_TIBBO?TIBBO

?PR?DEBUG_DIVIDIR_TEXTO?TIBBO                    -----    -----      -----    -----      -----    -----
  +--> ?CO?TIBBO
  +--> ?PR?_DEBUG_TXT_TIBBO?TIBBO

?PR?_VALIDA_TRAMA_MONITOR?MONITOR                -----    -----      -----    -----      0016H    0006H
  +--> ?PR?_DELAY_10MS?DELAY
  +--> ?PR?_TX_AUX?TIBBO

?PR?_DELAY_10MS?DELAY                            -----    -----      -----    -----      001CH    0004H
  +--> ?PR?_DELAY_1MS?DELAY

?PR?_SECUENCIAEXPEDIDORMF?VERIFICADOR            -----    -----      -----    -----      0001H    0001H
  +--> ?PR?_CHECK_STATUS?LINTECH
  +--> ?PR?_LOAD_SECUENCIA_EXPEDIDOR?VERIFIC...
  +--> ?PR?RX_MONITOR?MONITOR
  +--> ?PR?_RTA_CMD_TRANSPORTE?VERIFICADOR
  +--> ?PR?_MOV_CARD?LINTECH
  +--> ?PR?_CARD_INSERCION?LINTECH
  +--> ?PR?AUT_CARD_CHECK_STATUS?LINTECH
  +--> ?PR?LOADVERIFY_EEPROM?LINTECH
  +--> ?PR?_RD_MF?LINTECH
  +--> ?PR?_WR_MF?LINTECH
BL51 BANKED LINKER/LOCATER V6.22.2.0                                                  05/02/2021  15:24:53  PAGE 15


  +--> ?PR?DWLOAD_EEPROM?LINTECH
  +--> ?PR?ENTREGA_CARD_CAPTURA?VERIFICADOR
  +--> ?PR?_SEND_PTO_PARALELO?VERIFICADOR
  +--> ?PR?_WAIT_PLACA?VERIFICADOR
  +--> ?PR?UNIQUE_IDENTIFIER_UID?LINTECH
  +--> ?PR?_PREGUNTA_LPR?VERIFICADOR
  +--> ?PR?PREGUNTA_PLACA?VERIFICADOR
  +--> ?PR?_VALIDA_TIPO_TARJETA?VERIFICADOR
  +--> ?PR?POWER_OFF?LINTECH
  +--> ?PR?CLAVE_SEGURIDAD_S2?LINTECH
  +--> ?PR?RESPONDE_ESTADO_SENSORES_TRANSPOR...
  +--> ?PR?RESPONDE_TIPO_TARJETA?VERIFICADOR
  +--> ?PR?_RESPONDE_LECTURA_TARJETA_SECTOR1...
  +--> ?PR?_RESPONDE_LECTURA_TARJETA_SECTOR1...
  +--> ?PR?_RESPONDE_LECTURA_TARJETA_SECTOR1...
  +--> ?PR?_RESPONDE_WRITE_TARJETA_SECTOR1_B...
  +--> ?PR?_RESPONDE_WRITE_TARJETA_SECTOR2_B...
  +--> ?PR?_RESPONDE_WRITE_TARJETA_SECTOR1_B...
  +--> ?PR?_RESPONDE_WRITE_TARJETA_SECTOR1_B...
  +--> ?PR?_DISPARO_LOCK_ENTRADA_VEHICULO?VE...
  +--> ?PR?_RESPUESTA_SEGUNDA_CLAVE?VERIFICADOR
  +--> ?PR?ANALIZA_PRESENCIA_MENSUAL?VERIFIC...
  +--> ?PR?_ANALIZA_UID_CARD?VERIFICADOR
  +--> ?PR?ANALIZA_PRESENCIA_ROTACION?VERIFI...
  +--> ?CO?VERIFICADOR
  +--> ?PR?_DEBUG_TXT_TIBBO?TIBBO

?PR?_CHECK_STATUS?LINTECH                        -----    -----      -----    -----      0002H    000BH
  +--> ?CO?LINTECH
  +--> ?PR?_DEBUG_TXT_TIBBO?TIBBO
  +--> ?PR?_DEBUGBUFFERMF?TIBBO
  +--> ?PR?_ESCRIBIRCADENASOFT_BUFFER?MAIN

?PR?_LOAD_SECUENCIA_EXPEDIDOR?VERIFIC...         -----    -----      -----    -----      0002H    0009H

?PR?_RTA_CMD_TRANSPORTE?VERIFICADOR              -----    -----      -----    -----      0002H    0005H
  +--> ?PR?TRAMA_VALIDACION_P_N?VERIFICADOR
  +--> ?CO?VERIFICADOR
  +--> ?PR?_DEBUG_TXT_TIBBO?TIBBO
  +--> ?PR?_DEBUGBUFFERMF?TIBBO
  +--> ?PR?ERROR_RX_PTO?VERIFICADOR

?PR?ERROR_RX_PTO?VERIFICADOR                     -----    -----      -----    -----      0007H    0001H
  +--> ?CO?VERIFICADOR
  +--> ?PR?_DEBUG_TXT_TIBBO?TIBBO
  +--> ?PR?_DEBUG_CHR_TIBBO?TIBBO
  +--> ?PR?_DELAY_10MS?DELAY

?PR?_MOV_CARD?LINTECH                            -----    -----      -----    -----      0002H    000CH
  +--> ?CO?LINTECH
  +--> ?PR?_DEBUG_TXT_TIBBO?TIBBO
  +--> ?PR?_DEBUGBUFFERMF?TIBBO
  +--> ?PR?_ESCRIBIRCADENASOFT_BUFFER?MAIN

?PR?_CARD_INSERCION?LINTECH                      -----    -----      -----    -----      0002H    000AH
  +--> ?CO?LINTECH
  +--> ?PR?_DEBUG_TXT_TIBBO?TIBBO
BL51 BANKED LINKER/LOCATER V6.22.2.0                                                  05/02/2021  15:24:53  PAGE 16


  +--> ?PR?_DEBUGBUFFERMF?TIBBO
  +--> ?PR?_ESCRIBIRCADENASOFT_BUFFER?MAIN

?PR?AUT_CARD_CHECK_STATUS?LINTECH                -----    -----      -----    -----      0002H    000BH
  +--> ?CO?LINTECH
  +--> ?PR?_DEBUG_TXT_TIBBO?TIBBO
  +--> ?PR?_DEBUGBUFFERMF?TIBBO
  +--> ?PR?_ESCRIBIRCADENASOFT_BUFFER?MAIN

?PR?LOADVERIFY_EEPROM?LINTECH                    -----    -----      -----    -----      0002H    0010H
  +--> ?CO?LINTECH
  +--> ?PR?_DEBUG_TXT_TIBBO?TIBBO
  +--> ?PR?_DEBUGBUFFERMF?TIBBO
  +--> ?PR?_ESCRIBIRCADENASOFT_BUFFER?MAIN

?PR?_RD_MF?LINTECH                               -----    -----      -----    -----      0002H    0012H
  +--> ?CO?LINTECH
  +--> ?PR?_DEBUG_TXT_TIBBO?TIBBO
  +--> ?PR?_DEBUG_CHR_TIBBO?TIBBO
  +--> ?PR?_DEBUGBUFFERMF?TIBBO
  +--> ?PR?_ESCRIBIRCADENASOFT_BUFFER?MAIN

?PR?_WR_MF?LINTECH                               -----    -----      -----    -----      0002H    0025H
  +--> ?CO?LINTECH
  +--> ?PR?_DEBUG_TXT_TIBBO?TIBBO
  +--> ?PR?_DEBUG_CHR_TIBBO?TIBBO
  +--> ?PR?_DEBUGBUFFERMF?TIBBO
  +--> ?PR?_ESCRIBIRCADENASOFT_BUFFER?MAIN

?PR?ENTREGA_CARD_CAPTURA?VERIFICADOR             -----    -----      -----    -----      0002H    0001H
  +--> ?CO?VERIFICADOR
  +--> ?PR?_DEBUG_TXT_TIBBO?TIBBO
  +--> ?PR?SEL_SENSOR2?IO_SENSORES
  +--> ?PR?VALIDASENSOR?IO_SENSORES
  +--> ?PR?VALIDA_SENSOR1_AUTO?IO_SENSORES

?PR?VALIDA_SENSOR1_AUTO?IO_SENSORES              -----    -----      -----    -----      0011H    0001H
  +--> ?PR?SEL_SENSOR1?IO_SENSORES
  +--> ?PR?SEL_AUTO?IO_SENSORES
  +--> ?CO?IO_SENSORES
  +--> ?PR?_DEBUG_TXT_TIBBO?TIBBO
  +--> ?PR?BOTTON?IO_SENSORES

?PR?BOTTON?IO_SENSORES                           -----    -----      -----    -----      -----    -----
  +--> ?PR?SEL_PULSA?IO_SENSORES
  +--> ?CO?IO_SENSORES
  +--> ?PR?_DEBUG_TXT_TIBBO?TIBBO

?PR?_SEND_PTO_PARALELO?VERIFICADOR               -----    -----      -----    -----      0002H    0004H
  +--> ?PR?_ARMAR_TRAMA_PTO_PARALELO_EXPEDID...
  +--> ?PR?_ARMAR_TRAMA_PTO_PARALELO_EXPEDID...
  +--> ?PR?INCREMENTE_TICKET?EEPROM
  +--> ?PR?_SEND_PORT?PTO_PARALELO
  +--> ?CO?VERIFICADOR
  +--> ?PR?_DEBUG_TXT_TIBBO?TIBBO
  +--> ?PR?_DEBUGBUFFERMF?TIBBO
  +--> ?PR?CLEAR_PLACA?MONITOR
BL51 BANKED LINKER/LOCATER V6.22.2.0                                                  05/02/2021  15:24:53  PAGE 17



?PR?_ARMAR_TRAMA_PTO_PARALELO_EXPEDID...         -----    -----      -----    -----      0006H    0006H
  +--> ?PR?_BLOCK_READ_CLOCK_HEX?CLOCK
  +--> ?PR?_RD_EEPROM?EEPROM

?PR?_ARMAR_TRAMA_PTO_PARALELO_EXPEDID...         -----    -----      -----    -----      0006H    000FH
  +--> ?PR?LEE_NO_TICKET?EEPROM
  +--> ?PR?_STRCAT?STRCAT
  +--> ?PR?_STRLEN?STRLEN
  +--> ?PR?_BLOCK_READ_CLOCK_HEX?CLOCK
  +--> ?PR?_RD_EEPROM?EEPROM

?PR?LEE_NO_TICKET?EEPROM                         -----    -----      -----    -----      0043H    000BH
  +--> ?PR?READ_EEPROM_TICKET?EEPROM
  +--> ?CO?EEPROM
  +--> ?PR?PRINTF?PRINTF
  +--> ?PR?_STRLEN?STRLEN
  +--> ?PR?_DEBUG_TXT_TIBBO?TIBBO

?PR?READ_EEPROM_TICKET?EEPROM                    -----    -----      -----    -----      004EH    0007H
  +--> ?PR?_RD_EEPROM?EEPROM

?PR?INCREMENTE_TICKET?EEPROM                     -----    -----      -----    -----      0006H    000BH
  +--> ?PR?READ_EEPROM_TICKET?EEPROM
  +--> ?CO?EEPROM
  +--> ?PR?PRINTF?PRINTF
  +--> ?PR?_WRITE_EEPROM_TICKET?EEPROM

?PR?_WRITE_EEPROM_TICKET?EEPROM                  -----    -----      -----    -----      0015H    000BH
  +--> ?CO?EEPROM
  +--> ?PR?_DEBUG_TXT_TIBBO?TIBBO
  +--> ?PR?_ATOL?ATOL
  +--> ?PR?_DEBUG_CHR_TIBBO?TIBBO
  +--> ?PR?_WR_EEPROM?EEPROM

?PR?_ATOL?ATOL                                   0020H.0  0000H.1    -----    -----      0020H    0007H
  +--> ?PR?_ISSPACE?ISSPACE
  +--> ?PR?_ISDIGIT?ISDIGIT

?PR?_SEND_PORT?PTO_PARALELO                      -----    -----      -----    -----      0016H    000AH
  +--> ?PR?PULSO_BUS?PTO_PARALELO
  +--> ?PR?_DELAY_20US?DELAY

?PR?PULSO_BUS?PTO_PARALELO                       -----    -----      -----    -----      -----    -----
  +--> ?PR?_DELAY_20US?DELAY

?PR?_WAIT_PLACA?VERIFICADOR                      -----    -----      -----    -----      0002H    0007H
  +--> ?CO?VERIFICADOR
  +--> ?PR?_DEBUG_TXT_TIBBO?TIBBO
  +--> ?PR?RX_MONITOR?MONITOR
  +--> ?PR?_RESPUESTA_PLACA_CANCEL?VERIFICADOR

?PR?_RESPUESTA_PLACA_CANCEL?VERIFICADOR          -----    -----      -----    -----      0009H    000AH
  +--> ?CO?VERIFICADOR
  +--> ?PR?_DEBUG_TXT_TIBBO?TIBBO
  +--> ?PR?_ARMAR_TRAMA_TARJETA_SECTOR1_BLOQ...

BL51 BANKED LINKER/LOCATER V6.22.2.0                                                  05/02/2021  15:24:53  PAGE 18


?PR?_ARMAR_TRAMA_TARJETA_SECTOR1_BLOQ...         -----    -----      -----    -----      0013H    0004H
  +--> ?PR?CLEAR_PLACA?MONITOR
  +--> ?PR?_RD_EEPROM?EEPROM

?PR?UNIQUE_IDENTIFIER_UID?LINTECH                -----    -----      -----    -----      0002H    000BH
  +--> ?CO?LINTECH
  +--> ?PR?_DEBUG_TXT_TIBBO?TIBBO
  +--> ?PR?_DEBUGBUFFERMF?TIBBO
  +--> ?PR?_ESCRIBIRCADENASOFT_BUFFER?MAIN

?PR?_PREGUNTA_LPR?VERIFICADOR                    -----    -----      -----    -----      0002H    0003H
  +--> ?CO?VERIFICADOR
  +--> ?PR?_DEBUG_TXT_TIBBO?TIBBO
  +--> ?PR?_RD_EEPROM?EEPROM
  +--> ?PR?_ARMAR_TRAMA_MONITOR?VERIFICADOR

?PR?_ARMAR_TRAMA_MONITOR?VERIFICADOR             -----    -----      -----    -----      0005H    000FH
  +--> ?PR?DIR_BOARD_MONITOR?IO_SENSORES
  +--> ?PR?LEE_NO_TICKET?EEPROM
  +--> ?PR?_STRCAT?STRCAT
  +--> ?PR?_BYTEHEX_DECIMAL?CLOCK
  +--> ?PR?_STRLEN?STRLEN
  +--> ?PR?_TWO_BYTEHEX_DECIMAL?CLOCK
  +--> ?PR?_BLOCK_READ_CLOCK_ASCII?CLOCK

?PR?DIR_BOARD_MONITOR?IO_SENSORES                -----    -----      -----    -----      -----    -----
  +--> ?PR?_RD_EEPROM?EEPROM

?PR?_BYTEHEX_DECIMAL?CLOCK                       -----    -----      -----    -----      0014H    0001H

?PR?_TWO_BYTEHEX_DECIMAL?CLOCK                   -----    -----      -----    -----      0014H    000CH
  +--> ?PR?_POW?POW

?PR?_POW?POW                                     -----    -----      -----    -----      0020H    000AH
  +--> ?PR?LOG?LOG
  +--> ?PR?EXP?EXP

?PR?LOG?LOG                                      0020H.0  0000H.1    -----    -----      002AH    0004H

?PR?PREGUNTA_PLACA?VERIFICADOR                   -----    -----      -----    -----      0002H    0001H
  +--> ?CO?VERIFICADOR
  +--> ?PR?_DEBUG_TXT_TIBBO?TIBBO
  +--> ?PR?_RD_EEPROM?EEPROM

?PR?_VALIDA_TIPO_TARJETA?VERIFICADOR             -----    -----      -----    -----      0002H    0007H
  +--> ?CO?VERIFICADOR
  +--> ?PR?_DEBUG_TXT_TIBBO?TIBBO
  +--> ?PR?_RD_EEPROM?EEPROM
  +--> ?PR?_TARJETA_MENSUAL?VERIFICADOR
  +--> ?PR?_SEND_PORTERR?PTO_PARALELO
  +--> ?PR?_PANTALLALCD?PANTALLAS
  +--> ?PR?CAPTURA_EXPULSA?VERIFICADOR
  +--> ?PR?_TARJETA_ROTACION?VERIFICADOR

?PR?_TARJETA_MENSUAL?VERIFICADOR                 -----    -----      -----    -----      0009H    0007H
  +--> ?PR?_HORARIOS?VERIFICADOR
  +--> ?PR?_CHECK_FECHAOUT?CLOCK
BL51 BANKED LINKER/LOCATER V6.22.2.0                                                  05/02/2021  15:24:53  PAGE 19


  +--> ?PR?_VALIDA_VEHICULO_CARD_MENSUAL?VER...
  +--> ?PR?CAPTURA_EXPULSA?VERIFICADOR
  +--> ?CO?VERIFICADOR
  +--> ?PR?_DEBUG_TXT_TIBBO?TIBBO
  +--> ?PR?_ARMAR_TRAMA_TARJETA_SECTOR1_BLOQ...
  +--> ?PR?_SEND_PORTERR?PTO_PARALELO
  +--> ?PR?_PANTALLALCD?PANTALLAS

?PR?_HORARIOS?VERIFICADOR                        -----    -----      -----    -----      0010H    0013H
  +--> ?PR?ADDR_HORARIOS?PROG
  +--> ?PR?_RD_EEPROM?EEPROM
  +--> ?PR?_LEE_CLK?CLOCK
  +--> ?CO?VERIFICADOR
  +--> ?PR?_DEBUG_TXT_TIBBO?TIBBO
  +--> ?PR?_DEBUG_CHR_TIBBO?TIBBO
  +--> ?PR?_BLOQUE_HORARIO?VERIFICADOR
  +--> ?PR?_PANTALLALCD?PANTALLAS

?PR?_BLOQUE_HORARIO?VERIFICADOR                  -----    -----      -----    -----      0023H    0007H
  +--> ?CO?VERIFICADOR
  +--> ?PR?_DEBUG_TXT_TIBBO?TIBBO
  +--> ?PR?_LEE_CLK?CLOCK
  +--> ?PR?_DEBUG_CHR_TIBBO?TIBBO
  +--> ?PR?_HORA_MAXIMA?VERIFICADOR
  +--> ?PR?_EN_HORARIO?VERIFICADOR
  +--> ?PR?_RD_EEPROM?EEPROM
  +--> ?PR?_SEND_PORTERR?PTO_PARALELO
  +--> ?PR?_PANTALLALCD?PANTALLAS

?PR?_HORA_MAXIMA?VERIFICADOR                     -----    -----      -----    -----      002FH    0008H
  +--> ?PR?_RD_EEPROM?EEPROM
  +--> ?PR?_DEBUG_CHR_TIBBO?TIBBO
  +--> ?CO?VERIFICADOR
  +--> ?PR?_DEBUG_TXT_TIBBO?TIBBO

?PR?_EN_HORARIO?VERIFICADOR                      -----    -----      -----    -----      002AH    0005H
  +--> ?CO?VERIFICADOR
  +--> ?PR?_DEBUG_TXT_TIBBO?TIBBO
  +--> ?PR?_HORA_MAXIMA?VERIFICADOR

?PR?_SEND_PORTERR?PTO_PARALELO                   -----    -----      -----    -----      002AH    0006H
  +--> ?PR?PULSO_BUS?PTO_PARALELO
  +--> ?PR?_DELAY_20US?DELAY

?PR?_PANTALLALCD?PANTALLAS                       -----    -----      -----    -----      002AH    000AH
  +--> ?CO?PANTALLAS
  +--> ?PR?_LCD_TXT?PANTALLAS
  +--> ?PR?_STRLEN?STRLEN
  +--> ?PR?_TX_CHRLCD?PANTALLAS
  +--> ?PR?_RASPBERRY_DATA?PANTALLAS

?PR?_LCD_TXT?PANTALLAS                           -----    -----      -----    -----      0043H    0005H
  +--> ?PR?_TX_CHRLCD?PANTALLAS

?PR?_TX_CHRLCD?PANTALLAS                         -----    -----      -----    -----      0048H    0002H
  +--> ?PR?_PUTCHAR?MAIN

BL51 BANKED LINKER/LOCATER V6.22.2.0                                                  05/02/2021  15:24:53  PAGE 20


?PR?_RASPBERRY_DATA?PANTALLAS                    -----    -----      -----    -----      0043H    0006H
  +--> ?PR?_STRLEN?STRLEN
  +--> ?PR?_PUTCHAR?MAIN

?PR?_VALIDA_VEHICULO_CARD_MENSUAL?VER...         -----    -----      -----    -----      0010H    0004H
  +--> ?CO?VERIFICADOR
  +--> ?PR?_DEBUG_TXT_TIBBO?TIBBO
  +--> ?PR?_RD_EEPROM?EEPROM
  +--> ?PR?_SEND_PORTERR?PTO_PARALELO

?PR?_ARMAR_TRAMA_TARJETA_SECTOR1_BLOQ...         -----    -----      -----    -----      0010H    0006H
  +--> ?PR?_BLOCK_READ_CLOCK_HEX?CLOCK
  +--> ?PR?DIR_BOARD?IO_SENSORES

?PR?DIR_BOARD?IO_SENSORES                        -----    -----      -----    -----      0032H    0001H
  +--> ?PR?SEL_DIR1?IO_SENSORES
  +--> ?PR?SEL_DIR2?IO_SENSORES
  +--> ?PR?_RD_EEPROM?EEPROM

?PR?_TARJETA_ROTACION?VERIFICADOR                -----    -----      -----    -----      0009H    0006H
  +--> ?PR?_ARMAR_TRAMA_TARJETA_SECTOR1_BLOQ...

?PR?POWER_OFF?LINTECH                            -----    -----      -----    -----      0002H    000BH
  +--> ?CO?LINTECH
  +--> ?PR?_DEBUG_TXT_TIBBO?TIBBO
  +--> ?PR?_DEBUGBUFFERMF?TIBBO
  +--> ?PR?_ESCRIBIRCADENASOFT_BUFFER?MAIN

?PR?CLAVE_SEGURIDAD_S2?LINTECH                   -----    -----      -----    -----      0002H    0016H
  +--> ?CO?LINTECH
  +--> ?PR?_DEBUG_TXT_TIBBO?TIBBO
  +--> ?PR?_DEBUGBUFFERMF?TIBBO
  +--> ?PR?_ESCRIBIRCADENASOFT_BUFFER?MAIN

?PR?RESPONDE_ESTADO_SENSORES_TRANSPOR...         -----    -----      -----    -----      0002H    0001H
  +--> ?CO?VERIFICADOR
  +--> ?PR?_DEBUG_TXT_TIBBO?TIBBO
  +--> ?PR?_SEND_PORTERR?PTO_PARALELO
  +--> ?PR?INGRESO_VEHICULO?VERIFICADOR

?PR?INGRESO_VEHICULO?VERIFICADOR                 -----    -----      -----    -----      -----    -----
  +--> ?PR?VALIDASENSORESPASO?IO_SENSORES
  +--> ?PR?_RD_EEPROM?EEPROM
  +--> ?CO?VERIFICADOR
  +--> ?PR?_DEBUG_TXT_TIBBO?TIBBO
  +--> ?PR?_PANTALLALCD?PANTALLAS
  +--> ?PR?BOTTON?IO_SENSORES

?PR?VALIDASENSORESPASO?IO_SENSORES               -----    -----      -----    -----      0010H    0001H
  +--> ?PR?SEL_SENSOR2?IO_SENSORES
  +--> ?PR?VALIDASENSOR?IO_SENSORES
  +--> ?PR?VALIDA_SENSOR1_AUTO?IO_SENSORES
  +--> ?CO?IO_SENSORES
  +--> ?PR?_DEBUG_TXT_TIBBO?TIBBO

?PR?RESPONDE_TIPO_TARJETA?VERIFICADOR            -----    -----      -----    -----      0002H    0001H
  +--> ?CO?VERIFICADOR
BL51 BANKED LINKER/LOCATER V6.22.2.0                                                  05/02/2021  15:24:53  PAGE 21


  +--> ?PR?_DEBUG_TXT_TIBBO?TIBBO
  +--> ?PR?_SEND_PORTERR?PTO_PARALELO
  +--> ?PR?_PANTALLALCD?PANTALLAS
  +--> ?PR?CAPTURA_EXPULSA?VERIFICADOR

?PR?_RESPONDE_LECTURA_TARJETA_SECTOR1...         -----    -----      -----    -----      0002H    0016H
  +--> ?CO?VERIFICADOR
  +--> ?PR?_DEBUG_TXT_TIBBO?TIBBO
  +--> ?PR?_DEBUGBUFFERMF?TIBBO
  +--> ?PR?_RD_EEPROM?EEPROM
  +--> ?PR?_DEBUG_HEXDEC?TIBBO
  +--> ?PR?_DEBUG_CHR_TIBBO?TIBBO
  +--> ?PR?_SEND_PORTERR?PTO_PARALELO
  +--> ?PR?_PANTALLALCD?PANTALLAS
  +--> ?PR?CAPTURA_EXPULSA?VERIFICADOR

?PR?_DEBUG_HEXDEC?TIBBO                          -----    -----      -----    -----      0018H    0002H
  +--> ?PR?_TX_AUX?TIBBO

?PR?_RESPONDE_LECTURA_TARJETA_SECTOR1...         -----    -----      -----    -----      0002H    0004H
  +--> ?CO?VERIFICADOR
  +--> ?PR?_DEBUG_TXT_TIBBO?TIBBO
  +--> ?PR?CAPTURA_EXPULSA?VERIFICADOR

?PR?_RESPONDE_LECTURA_TARJETA_SECTOR1...         -----    -----      -----    -----      0002H    0015H
  +--> ?CO?VERIFICADOR
  +--> ?PR?_DEBUG_TXT_TIBBO?TIBBO
  +--> ?PR?_DEBUGBUFFERMF?TIBBO
  +--> ?PR?_DEBUG_CHR_TIBBO?TIBBO
  +--> ?PR?CAPTURA_EXPULSA?VERIFICADOR

?PR?_RESPONDE_WRITE_TARJETA_SECTOR1_B...         -----    -----      -----    -----      0002H    0007H
  +--> ?CO?VERIFICADOR
  +--> ?PR?_DEBUG_TXT_TIBBO?TIBBO
  +--> ?PR?_DEBUGBUFFERMF?TIBBO
  +--> ?PR?_ARMAR_TRAMA_TARJETA_SECTOR1_BLOQ...

?PR?_ARMAR_TRAMA_TARJETA_SECTOR1_BLOQ...         -----    -----      -----    -----      0009H    0003H
  +--> ?PR?LEE_NO_TICKET?EEPROM

?PR?_RESPONDE_WRITE_TARJETA_SECTOR2_B...         -----    -----      -----    -----      0002H    0003H
  +--> ?CO?VERIFICADOR
  +--> ?PR?_DEBUG_TXT_TIBBO?TIBBO
  +--> ?PR?_DEBUGBUFFERMF?TIBBO

?PR?_RESPONDE_WRITE_TARJETA_SECTOR1_B...         -----    -----      -----    -----      0002H    0003H
  +--> ?CO?VERIFICADOR
  +--> ?PR?_DEBUG_TXT_TIBBO?TIBBO
  +--> ?PR?_DEBUGBUFFERMF?TIBBO

?PR?_RESPONDE_WRITE_TARJETA_SECTOR1_B...         -----    -----      -----    -----      0002H    0003H
  +--> ?CO?VERIFICADOR
  +--> ?PR?_DEBUG_TXT_TIBBO?TIBBO
  +--> ?PR?_DEBUGBUFFERMF?TIBBO

?PR?_DISPARO_LOCK_ENTRADA_VEHICULO?VE...         -----    -----      -----    -----      0002H    0004H
  +--> ?CO?VERIFICADOR
BL51 BANKED LINKER/LOCATER V6.22.2.0                                                  05/02/2021  15:24:53  PAGE 22


  +--> ?PR?_DEBUG_TXT_TIBBO?TIBBO
  +--> ?PR?_PANTALLALCD?PANTALLAS
  +--> ?PR?_SEND_PORTERR?PTO_PARALELO
  +--> ?PR?_PANTALLALCD_LINEA_2?PANTALLAS
  +--> ?PR?VALIDA_SENSOR1_AUTO?IO_SENSORES

?PR?_PANTALLALCD_LINEA_2?PANTALLAS               -----    -----      -----    -----      0010H    0033H
  +--> ?CO?PANTALLAS
  +--> ?PR?_LCD_TXT?PANTALLAS
  +--> ?PR?_STRLEN?STRLEN
  +--> ?PR?_TX_CHRLCD?PANTALLAS
  +--> ?PR?_RASPBERRY_DATA?PANTALLAS
  +--> ?PR?LEE_NO_TICKET?EEPROM
  +--> ?PR?_STRCAT?STRCAT

?PR?_RESPUESTA_SEGUNDA_CLAVE?VERIFICADOR         -----    -----      -----    -----      0002H    0006H
  +--> ?CO?VERIFICADOR
  +--> ?PR?_DEBUG_TXT_TIBBO?TIBBO
  +--> ?PR?_DEBUGBUFFERMF?TIBBO
  +--> ?PR?_ARMAR_TRAMA_PLACA?VERIFICADOR

?PR?_ARMAR_TRAMA_PLACA?VERIFICADOR               -----    -----      -----    -----      0008H    0003H
  +--> ?PR?_STRLEN?STRLEN

?PR?ANALIZA_PRESENCIA_MENSUAL?VERIFIC...         -----    -----      -----    -----      0002H    0001H
  +--> ?PR?VALIDASENSORESPASO?IO_SENSORES
  +--> ?PR?_SEND_PORTERR?PTO_PARALELO
  +--> ?PR?_PANTALLALCD?PANTALLAS

?PR?_ANALIZA_UID_CARD?VERIFICADOR                -----    -----      -----    -----      0002H    0015H
  +--> ?CO?VERIFICADOR
  +--> ?PR?_DEBUG_TXT_TIBBO?TIBBO
  +--> ?PR?_DEBUGBUFFERMF?TIBBO
  +--> ?PR?_DEBUG_CHR_TIBBO?TIBBO

?PR?ANALIZA_PRESENCIA_ROTACION?VERIFI...         -----    -----      -----    -----      0002H    0001H
  +--> ?PR?VALIDASENSORESPASO?IO_SENSORES
  +--> ?PR?_SEND_PORTERR?PTO_PARALELO
  +--> ?PR?_PANTALLALCD?PANTALLAS

?PR?_RECIBE_PORT?PTO_PARALELO                    -----    -----      -----    -----      0001H    0008H
  +--> ?PR?OFF_TIMER0_INTERRUP?MAIN
  +--> ?PR?ON_TIMER0_INTERRUP?MAIN

?PR?_DEBUG_PTO_PARALELO?TIBBO                    -----    -----      -----    -----      0001H    0004H
  +--> ?CO?TIBBO
  +--> ?PR?_DEBUG_TXT_TIBBO?TIBBO
  +--> ?PR?_DEBUGBUFFERMF?TIBBO
  +--> ?PR?DEBUG_DIVIDIR_TEXTO?TIBBO

?PR?_VALIDA_TRAMA_PTO?ACCESCAN                   -----    -----      -----    -----      0001H    000FH
  +--> ?PR?_VALIDAR_CLK?CLOCK
  +--> ?PR?_BLOCK_WRITE_CLOCK_ASCII?CLOCK
  +--> ?PR?RELOJ_PANTALLA_LCD?PANTALLAS
  +--> ?PR?_PANTALLALCD?PANTALLAS
  +--> ?CO?ACCESCAN
  +--> ?PR?_DEBUG_TXT_TIBBO?TIBBO
BL51 BANKED LINKER/LOCATER V6.22.2.0                                                  05/02/2021  15:24:53  PAGE 23


  +--> ?PR?_BYTEHEX_DECIMAL?CLOCK
  +--> ?PR?_TWO_BYTEHEX_DECIMAL?CLOCK
  +--> ?PR?VALIDASENSORESPASO?IO_SENSORES
  +--> ?PR?_CMD_LPR_SALIDA_WIEGAND?ACCESCAN
  +--> ?PR?_PANTALLALCD_LINEA_2?PANTALLAS
  +--> ?PR?_GRABA_SERIE?EEPROM

?PR?_BLOCK_WRITE_CLOCK_ASCII?CLOCK               -----    -----      -----    -----      0010H    0003H
  +--> ?PR?_TWO_ONE?CLOCK
  +--> ?PR?_WR_CLK?CLOCK

?PR?_WR_CLK?CLOCK                                -----    -----      -----    -----      0013H    0002H
  +--> ?PR?_DELAY_20US?DELAY
  +--> ?PR?_EB_CLK?CLOCK

?PR?RELOJ_PANTALLA_LCD?PANTALLAS                 -----    -----      -----    -----      0010H    000DH
  +--> ?CO?PANTALLAS
  +--> ?PR?_BLOCK_READ_CLOCK?CLOCK
  +--> ?PR?_LCD_TXT_NUM_CHAR?PANTALLAS
  +--> ?PR?_BLOCK_READ_CLOCK_ASCII_RASBERRY?...
  +--> ?PR?_STRCAT?STRCAT
  +--> ?PR?_RASPBERRY_DATA?PANTALLAS

?PR?_BLOCK_READ_CLOCK?CLOCK                      -----    -----      -----    -----      001DH    0003H
  +--> ?PR?_LEE_CLK?CLOCK

?PR?_LCD_TXT_NUM_CHAR?PANTALLAS                  -----    -----      -----    -----      001DH    0006H
  +--> ?PR?_TX_CHRLCD?PANTALLAS

?PR?_BLOCK_READ_CLOCK_ASCII_RASBERRY?...         -----    -----      -----    -----      001DH    0003H
  +--> ?PR?_LEE_CLK?CLOCK

?PR?_CMD_LPR_SALIDA_WIEGAND?ACCESCAN             -----    -----      -----    -----      0010H    0022H
  +--> ?PR?DIR_BOARD?IO_SENSORES
  +--> ?PR?_BLOCK_READ_CLOCK_ASCII?CLOCK
  +--> ?PR?_MONITOR_CHR?ACCESCAN

?PR?_MONITOR_CHR?ACCESCAN                        -----    -----      -----    -----      0032H    0005H
  +--> ?PR?_TX_AUX?TIBBO

?PR?_GRABA_SERIE?EEPROM                          -----    -----      -----    -----      0010H    0005H
  +--> ?CO?EEPROM
  +--> ?PR?_DEBUG_TXT_TIBBO?TIBBO
  +--> ?PR?_WRITE_EEPROM_TICKET?EEPROM
  +--> ?PR?_WR_EEPROM?EEPROM

?PR?MSJ_LCD_INFORMATIVO?IO_SENSORES              -----    -----      -----    -----      0001H    0001H
  +--> ?PR?SEL_FUNCION?IO_SENSORES
  +--> ?PR?VALIDASENSOR_CERO?IO_SENSORES
  +--> ?PR?LOAD_AND_SEND_INFO_RELOJ?PTO_PARA...
  +--> ?PR?VALIDASENSOR?IO_SENSORES
  +--> ?PR?_DELAY_10MS?DELAY
  +--> ?PR?LOAD_AND_SEND_ID_COD?PTO_PARALELO

?PR?LOAD_AND_SEND_INFO_RELOJ?PTO_PARA...         -----    -----      -----    -----      0002H    000BH
  +--> ?PR?_BLOCK_READ_CLOCK?CLOCK
  +--> ?PR?_LEE_CLK?CLOCK
BL51 BANKED LINKER/LOCATER V6.22.2.0                                                  05/02/2021  15:24:53  PAGE 24


  +--> ?CO?PTO_PARALELO
  +--> ?PR?_DEBUG_TXT_TIBBO?TIBBO
  +--> ?PR?_DEBUGBUFFERMF?TIBBO
  +--> ?PR?DEBUG_DIVIDIR_TEXTO?TIBBO
  +--> ?PR?_SEND_PORT?PTO_PARALELO

?PR?LOAD_AND_SEND_ID_COD?PTO_PARALELO            -----    -----      -----    -----      0002H    0014H
  +--> ?PR?_RD_EEPROM?EEPROM
  +--> ?CO?PTO_PARALELO
  +--> ?PR?PRINTF?PRINTF
  +--> ?PR?_STRCAT?STRCAT
  +--> ?PR?_STRLEN?STRLEN
  +--> ?PR?_DEBUG_TXT_TIBBO?TIBBO
  +--> ?PR?_DEBUGBUFFERMF?TIBBO
  +--> ?PR?DEBUG_DIVIDIR_TEXTO?TIBBO
  +--> ?PR?_SEND_PORT?PTO_PARALELO



SYMBOL TABLE OF MODULE:  .\Objects\expedidor_v_01_raspberry (MAIN)

  VALUE           TYPE          NAME
  ----------------------------------

  -------         MODULE        MAIN
  C:0000H         SYMBOL        _ICE_DUMMY_
  D:0080H         PUBLIC        P0
  D:0090H         PUBLIC        P1
  C:B602H         PUBLIC        timer0_int
  D:00B0H         PUBLIC        P3
  B:00A8H.7       PUBLIC        EA
  C:BA34H         PUBLIC        off_Timer0_Interrup
  X:016AH         PUBLIC        ValTimeOutCom
  X:016BH         PUBLIC        Buffer_Rta_Lintech
  X:019DH         PUBLIC        Timer_wait
  B:0021H.1       PUBLIC        pto_paraleo
  X:019EH         PUBLIC        g_cContByteRx
  B:0080H.0       PUBLIC        rx_ip
  C:A5A4H         PUBLIC        main
  X:019FH         PUBLIC        Timer_tivo
  B:0080H.3       PUBLIC        Atascado_GP0_PIN_3
  C:ACB7H         PUBLIC        variable_inicio
  B:0090H.7       PUBLIC        lock
  I:0023H         PUBLIC        rbuf
  C:BA25H         PUBLIC        on_Timer0_Interrup
  I:0055H         PUBLIC        tbuf
  B:0090H.1       PUBLIC        DataIn
  D:0089H         PUBLIC        TMOD
  X:01A1H         PUBLIC        USE_LPR
  X:01A2H         PUBLIC        Debug_Tibbo
  X:01A3H         PUBLIC        Raspberry
  X:01A4H         PUBLIC        SIN_COBRO
  X:01A6H         PUBLIC        Tipo_Vehiculo
  B:00B0H.3       PUBLIC        busy
  C:B986H         PUBLIC        ini_timer
  B:00A8H.1       PUBLIC        ET0
  B:0088H.5       PUBLIC        TF0
BL51 BANKED LINKER/LOCATER V6.22.2.0                                                  05/02/2021  15:24:53  PAGE 25


  D:008CH         PUBLIC        TH0
  X:01A7H         PUBLIC        ACK
  X:01A8H         PUBLIC        g_cEstadoComSoft
  D:008AH         PUBLIC        TL0
  B:0088H.4       PUBLIC        TR0
  C:B996H         PUBLIC        inicia_board
  X:01A9H         PUBLIC        T_GRACIA
  B:0080H.7       PUBLIC        sel_com
  X:01ABH         PUBLIC        STX_LINTECH
  C:B9B5H         PUBLIC        _getkey
  X:01ACH         PUBLIC        ETX
  C:AF53H         PUBLIC        _EscribirCadenaSoft_buffer
  B:0021H.2       PUBLIC        buffer_ready
  C:B275H         PUBLIC        _putchar
  B:0021H.3       PUBLIC        placa_ready
  -------         PROC          TIMER0_INT
  C:B602H         LINE#         16
  C:B608H         LINE#         19
  C:B60EH         LINE#         20
  C:B613H         LINE#         21
  C:B613H         LINE#         22
  C:B619H         LINE#         23
  C:B619H         LINE#         25
  C:B627H         LINE#         26
  C:B629H         LINE#         28
  -------         ENDPROC       TIMER0_INT
  -------         PROC          INI_TIMER
  C:B986H         LINE#         31
  C:B986H         LINE#         32
  C:B986H         LINE#         34
  C:B98EH         LINE#         36
  C:B991H         LINE#         37
  C:B993H         LINE#         38
  C:B995H         LINE#         40
  -------         ENDPROC       INI_TIMER
  -------         PROC          ON_TIMER0_INTERRUP
  C:BA25H         LINE#         43
  C:BA25H         LINE#         44
  C:BA25H         LINE#         45
  C:BA27H         LINE#         46
  C:BA29H         LINE#         48
  -------         ENDPROC       ON_TIMER0_INTERRUP
  -------         PROC          OFF_TIMER0_INTERRUP
  C:BA34H         LINE#         51
  C:BA34H         LINE#         52
  C:BA34H         LINE#         53
  C:BA36H         LINE#         55
  -------         ENDPROC       OFF_TIMER0_INTERRUP
  -------         PROC          _GETKEY
  -------         DO            
  D:0006H         SYMBOL        k
  -------         ENDDO         
  C:B9B5H         LINE#         63
  C:B9B5H         LINE#         64
  C:B9B5H         LINE#         68
  C:B9B5H         LINE#         69
  C:B9B8H         LINE#         70
BL51 BANKED LINKER/LOCATER V6.22.2.0                                                  05/02/2021  15:24:53  PAGE 26


  C:B9B8H         LINE#         71
  C:B9C0H         LINE#         73
  C:B9C0H         LINE#         74
  -------         ENDPROC       _GETKEY
  -------         PROC          _PUTCHAR
  X:00A7H         SYMBOL        c
  -------         DO            
  X:00A8H         SYMBOL        i
  -------         ENDDO         
  C:B275H         LINE#         78
  C:B27AH         LINE#         79
  C:B27AH         LINE#         82
  C:B289H         LINE#         83
  C:B289H         LINE#         84
  C:B29FH         LINE#         85
  C:B29FH         LINE#         87
  C:B2ADH         LINE#         88
  C:B2ADH         LINE#         90
  C:B2B2H         LINE#         91
  -------         ENDPROC       _PUTCHAR
  -------         PROC          _ESCRIBIRCADENASOFT_BUFFER
  X:0027H         SYMBOL        buffer
  X:002AH         SYMBOL        tamano_cadena
  -------         DO            
  X:002BH         SYMBOL        i
  X:002CH         SYMBOL        d
  -------         ENDDO         
  C:AF53H         LINE#         95
  C:AF61H         LINE#         96
  C:AF61H         LINE#         98
  C:AF6FH         LINE#         99
  C:AF6FH         LINE#         100
  C:AF86H         LINE#         101
  C:AF90H         LINE#         102
  C:AF98H         LINE#         103
  -------         ENDPROC       _ESCRIBIRCADENASOFT_BUFFER
  -------         PROC          INICIA_BOARD
  C:B996H         LINE#         108
  C:B996H         LINE#         109
  C:B996H         LINE#         110
  C:B999H         LINE#         111
  C:B99CH         LINE#         112
  C:B99FH         LINE#         113
  C:B9A1H         LINE#         114
  C:B9A3H         LINE#         115
  C:B9A5H         LINE#         117
  -------         ENDPROC       INICIA_BOARD
  -------         PROC          VARIABLE_INICIO
  C:ACB7H         LINE#         122
  C:ACB7H         LINE#         123
  C:ACB7H         LINE#         126
  C:ACC8H         LINE#         127
  C:ACD9H         LINE#         128
  C:ACE7H         LINE#         129
  C:ACF5H         LINE#         130
  C:AD03H         LINE#         132
  -------         ENDPROC       VARIABLE_INICIO
BL51 BANKED LINKER/LOCATER V6.22.2.0                                                  05/02/2021  15:24:53  PAGE 27


  -------         PROC          MAIN
  -------         DO            
  X:0141H         SYMBOL        buffer
  X:0169H         SYMBOL        Estado_Comunicacion_Secuencia_MF
  X:0000H         SYMBOL        Length_trama
  -------         ENDDO         
  C:A5A4H         LINE#         140
  C:A5A4H         LINE#         141
  C:A5A4H         LINE#         148
  C:A5A7H         LINE#         149
  C:A5AAH         LINE#         150
  C:A5ADH         LINE#         151
  C:A5B0H         LINE#         152
  C:A5B3H         LINE#         153
  C:A5B5H         LINE#         155
  C:A5B8H         LINE#         156
  C:A5BFH         LINE#         157
  C:A5C2H         LINE#         159
  C:A5C7H         LINE#         161
  C:A5CAH         LINE#         163
  C:A5CDH         LINE#         164
  C:A5CDH         LINE#         165
  C:A5D0H         LINE#         166
  C:A5D0H         LINE#         169
  C:A5D3H         LINE#         170
  C:A5D9H         LINE#         171
  C:A5DFH         LINE#         173
  C:A5DFH         LINE#         174
  C:A5DFH         LINE#         177
  C:A5E2H         LINE#         178
  C:A5E2H         LINE#         179
  C:A5E5H         LINE#         180
  C:A5E5H         LINE#         184
  C:A5F2H         LINE#         189
  C:A5F8H         LINE#         190
  C:A5F8H         LINE#         192
  C:A607H         LINE#         195
  C:A610H         LINE#         196
  C:A61EH         LINE#         201
  C:A61EH         LINE#         202
  C:A621H         LINE#         206
  -------         ENDPROC       MAIN
  -------         ENDMOD        MAIN

  -------         MODULE        ACCESCAN
  C:0000H         SYMBOL        _ICE_DUMMY_
  D:0080H         PUBLIC        P0
  D:0090H         PUBLIC        P1
  B:0080H.2       PUBLIC        led_err_imp
  C:B134H         PUBLIC        _Monitor_chr
  B:0080H.3       PUBLIC        Atascado_GP0_PIN_3
  B:0090H.7       PUBLIC        lock
  C:3E11H         PUBLIC        _Valida_Trama_Pto
  C:82F8H         PUBLIC        _Cmd_LPR_Salida_wiegand
  -------         PROC          _VALIDA_TRAMA_PTO
  X:0001H         SYMBOL        buffer
  X:0004H         SYMBOL        length_trama
BL51 BANKED LINKER/LOCATER V6.22.2.0                                                  05/02/2021  15:24:53  PAGE 28


  -------         DO            
  X:0211H         SYMBOL        cont
  X:0005H         SYMBOL        buff
  -------         ENDDO         
  C:3E11H         LINE#         106
  C:3E1FH         LINE#         107
  C:3E1FH         LINE#         113
  C:3E55H         LINE#         114
  C:3E55H         LINE#         115
  C:3E6AH         LINE#         116
  C:3E6AH         LINE#         117
  C:3E7DH         LINE#         119
  C:3E80H         LINE#         121
  C:3E80H         LINE#         123
  C:3E80H         LINE#         126
  C:3E92H         LINE#         127
  C:3E92H         LINE#         128
  C:3E94H         LINE#         129
  C:3E97H         LINE#         131
  C:3EA9H         LINE#         132
  C:3EA9H         LINE#         133
  C:3EABH         LINE#         134
  C:3EAEH         LINE#         136
  C:3EC0H         LINE#         137
  C:3EC0H         LINE#         138
  C:3EC2H         LINE#         139
  C:3EC5H         LINE#         141
  C:3EDFH         LINE#         142
  C:3EDFH         LINE#         143
  C:3EE1H         LINE#         144
  C:3EE4H         LINE#         146
  C:3EFEH         LINE#         147
  C:3EFEH         LINE#         148
  C:3F00H         LINE#         149
  C:3F03H         LINE#         151
  C:3F15H         LINE#         152
  C:3F15H         LINE#         153
  C:3F1BH         LINE#         154
  C:3F28H         LINE#         155
  C:3F28H         LINE#         156
  C:3F2DH         LINE#         157
  C:3F2FH         LINE#         158
  C:3F34H         LINE#         159
  C:3F36H         LINE#         160
  C:3F38H         LINE#         161
  C:3F3CH         LINE#         162
  C:3F3CH         LINE#         163
  C:3F3DH         LINE#         165
  C:3F55H         LINE#         166
  C:3F55H         LINE#         168
  C:3F62H         LINE#         169
  C:3F62H         LINE#         170
  C:3F64H         LINE#         171
  C:3F66H         LINE#         172
  C:3F68H         LINE#         173
  C:3F6AH         LINE#         174
  C:3F6AH         LINE#         176
BL51 BANKED LINKER/LOCATER V6.22.2.0                                                  05/02/2021  15:24:53  PAGE 29


  C:3F90H         LINE#         177
  C:3F90H         LINE#         178
  C:3F94H         LINE#         179
  C:3F99H         LINE#         180
  C:3FA2H         LINE#         181
  C:3FA7H         LINE#         182
  C:3FA7H         LINE#         185
  C:3FA8H         LINE#         187
  C:3FC2H         LINE#         188
  C:3FC2H         LINE#         189
  C:3FC4H         LINE#         190
  C:3FC7H         LINE#         192
  C:3FE1H         LINE#         193
  C:3FE1H         LINE#         194
  C:3FE3H         LINE#         195
  C:3FE6H         LINE#         197
  C:4000H         LINE#         198
  C:4000H         LINE#         199
  C:4002H         LINE#         200
  C:4004H         LINE#         202
  C:401EH         LINE#         203
  C:401EH         LINE#         204
  C:4020H         LINE#         205
  C:4022H         LINE#         208
  C:403CH         LINE#         209
  C:403CH         LINE#         210
  C:403EH         LINE#         211
  C:4040H         LINE#         215
  C:405AH         LINE#         216
  C:405AH         LINE#         217
  C:405CH         LINE#         218
  C:405EH         LINE#         221
  C:4078H         LINE#         222
  C:4078H         LINE#         223
  C:407DH         LINE#         224
  C:407DH         LINE#         227
  C:40AEH         LINE#         228
  C:40AEH         LINE#         229
  C:40B6H         LINE#         230
  C:40BFH         LINE#         231
  C:40C2H         LINE#         234
  C:40F3H         LINE#         235
  C:40F3H         LINE#         237
  C:40FBH         LINE#         238
  C:4104H         LINE#         239
  C:4107H         LINE#         242
  C:4147H         LINE#         243
  C:4147H         LINE#         245
  C:415CH         LINE#         246
  C:4162H         LINE#         247
  C:418CH         LINE#         250
  C:4194H         LINE#         251
  C:4194H         LINE#         254
  C:419BH         LINE#         255
  C:419BH         LINE#         256
  C:41A0H         LINE#         257
  C:41A0H         LINE#         258
BL51 BANKED LINKER/LOCATER V6.22.2.0                                                  05/02/2021  15:24:53  PAGE 30


  C:41A2H         LINE#         260
  C:41A2H         LINE#         261
  C:41ABH         LINE#         262
  C:41B3H         LINE#         263
  C:41B3H         LINE#         267
  C:41B5H         LINE#         270
  C:41B5H         LINE#         278
  C:41BDH         LINE#         282
  C:41BDH         LINE#         283
  C:41BFH         LINE#         285
  C:41F7H         LINE#         286
  C:41F7H         LINE#         287
  C:41FFH         LINE#         288
  C:420BH         LINE#         289
  C:420BH         LINE#         291
  C:4238H         LINE#         292
  C:4238H         LINE#         293
  C:4247H         LINE#         295
  C:4247H         LINE#         297
  -------         ENDPROC       _VALIDA_TRAMA_PTO
  -------         PROC          _MONITOR_CHR
  X:0032H         SYMBOL        str
  X:0035H         SYMBOL        num_char
  -------         DO            
  X:0036H         SYMBOL        j
  -------         ENDDO         
  C:B134H         LINE#         452
  C:B142H         LINE#         453
  C:B142H         LINE#         455
  C:B150H         LINE#         456
  C:B150H         LINE#         457
  C:B162H         LINE#         458
  C:B16CH         LINE#         459
  C:B174H         LINE#         460
  -------         ENDPROC       _MONITOR_CHR
  -------         PROC          _CMD_LPR_SALIDA_WIEGAND
  X:0010H         SYMBOL        buffer
  -------         DO            
  X:0013H         SYMBOL        Buffer_Lpr
  X:0031H         SYMBOL        j
  -------         ENDDO         
  C:82F8H         LINE#         465
  C:8303H         LINE#         466
  C:8303H         LINE#         468
  C:8309H         LINE#         469
  C:830EH         LINE#         470
  C:8316H         LINE#         471
  C:831AH         LINE#         472
  C:8323H         LINE#         473
  C:8323H         LINE#         474
  C:8334H         LINE#         475
  C:8336H         LINE#         477
  C:8336H         LINE#         478
  C:8347H         LINE#         479
  C:8347H         LINE#         483
  C:835EH         LINE#         484
  C:835EH         LINE#         485
BL51 BANKED LINKER/LOCATER V6.22.2.0                                                  05/02/2021  15:24:53  PAGE 31


  C:836DH         LINE#         486
  C:8377H         LINE#         488
  C:837FH         LINE#         489
  C:8393H         LINE#         491
  C:83A3H         LINE#         492
  C:83B4H         LINE#         493
  C:83C1H         LINE#         497
  -------         ENDPROC       _CMD_LPR_SALIDA_WIEGAND
  -------         ENDMOD        ACCESCAN

  -------         MODULE        CLOCK
  C:0000H         SYMBOL        _ICE_DUMMY_
  C:B1A9H         PUBLIC        _two_one
  D:0090H         PUBLIC        P1
  C:7192H         PUBLIC        _validar_clk
  C:B65AH         PUBLIC        _wr_clk
  C:87CBH         PUBLIC        _check_fechaOut
  C:57D2H         PUBLIC        _Block_read_clock_ascii_rasberry
  B:00D0H.7       PUBLIC        CY
  C:0003H         PUBLIC        p_ck
  C:9A6EH         PUBLIC        _hex_ascii
  X:0212H         PUBLIC        data_clk
  C:B9E7H         PUBLIC        cond_ini_clock
  C:8894H         PUBLIC        _Block_read_Clock
  B:0090H.4       PUBLIC        sck
  C:94ECH         PUBLIC        _Block_read_Clock_Hex
  C:6044H         PUBLIC        _Block_read_clock_ascii
  C:B30DH         PUBLIC        _hex_bcd
  C:B871H         PUBLIC        _bcd_hex
  C:AA91H         PUBLIC        _ByteHex_Decimal
  C:9CB9H         PUBLIC        _lee_clk
  B:0090H.5       PUBLIC        io
  C:9D3FH         PUBLIC        _Block_write_clock_ascii
  B:0090H.6       PUBLIC        rst
  C:B236H         PUBLIC        _eb_clk
  C:45A4H         PUBLIC        _Two_ByteHex_Decimal
  -------         PROC          P_CK
[...]
  C:6962H         LINE#         2292
  C:6968H         LINE#         2293
  C:6968H         LINE#         2296
  C:6968H         LINE#         2297
BL51 BANKED LINKER/LOCATER V6.22.2.0                                                  05/02/2021  15:24:53  PAGE 130


  C:696FH         LINE#         2298
  C:696FH         LINE#         2299
  C:696FH         LINE#         2300
  -------         ENDPROC       SECUENCIA_INICIO_EXPEDIDOR
  -------         PROC          _SECUENCIAEXPEDIDORMF
  X:0001H         SYMBOL        EstadoActivo
  -------         DO            
  X:010BH         SYMBOL        Buffer_Write_MF
  X:011CH         SYMBOL        Atributos_Expedidor
  X:012BH         SYMBOL        Secuencia_Expedidor
  X:012FH         SYMBOL        Nombre_Mensual
  -------         ENDDO         
  C:34FCH         LINE#         2310
  C:3501H         LINE#         2311
  C:3501H         LINE#         2317
  C:355EH         LINE#         2318
  C:355EH         LINE#         2321
  C:355EH         LINE#         2323
  C:3571H         LINE#         2324
  C:3571H         LINE#         2327
  C:3573H         LINE#         2328
  C:3575H         LINE#         2329
  C:357AH         LINE#         2330
  C:3582H         LINE#         2331
  C:3587H         LINE#         2332
  C:358AH         LINE#         2333
  C:358AH         LINE#         2334
  C:3590H         LINE#         2335
  C:3590H         LINE#         2336
  C:3593H         LINE#         2337
  C:3593H         LINE#         2338
  C:3593H         LINE#         2340
  C:3596H         LINE#         2341
  C:3596H         LINE#         2343
  C:359FH         LINE#         2344
  C:35A2H         LINE#         2345
  C:35A2H         LINE#         2346
  C:35A7H         LINE#         2347
  C:35C7H         LINE#         2348
  C:35CAH         LINE#         2349
  C:35CAH         LINE#         2350
  C:35CFH         LINE#         2351
  C:35D7H         LINE#         2352
  C:35DDH         LINE#         2353
  C:35E0H         LINE#         2354
  C:35E0H         LINE#         2355
  C:35E3H         LINE#         2356
  C:35EBH         LINE#         2357
  C:35F1H         LINE#         2358
  C:35F4H         LINE#         2359
  C:35F4H         LINE#         2360
  C:35F7H         LINE#         2361
  C:361CH         LINE#         2362
  C:3622H         LINE#         2363
  C:3624H         LINE#         2364
  C:3627H         LINE#         2365
  C:3627H         LINE#         2366
BL51 BANKED LINKER/LOCATER V6.22.2.0                                                  05/02/2021  15:24:53  PAGE 131


  C:3632H         LINE#         2367
  C:363AH         LINE#         2368
  C:3640H         LINE#         2369
  C:3643H         LINE#         2370
  C:3643H         LINE#         2371
  C:3654H         LINE#         2372
  C:365CH         LINE#         2373
  C:3662H         LINE#         2374
  C:3665H         LINE#         2375
  C:3665H         LINE#         2376
  C:366AH         LINE#         2377
  C:3688H         LINE#         2378
  C:368BH         LINE#         2379
  C:368BH         LINE#         2380
  C:3690H         LINE#         2381
  C:36B0H         LINE#         2382
  C:36B3H         LINE#         2383
  C:36B3H         LINE#         2384
  C:36B8H         LINE#         2385
  C:36BAH         LINE#         2386
  C:36D8H         LINE#         2387
  C:36DBH         LINE#         2388
  C:36DBH         LINE#         2389
  C:36E0H         LINE#         2390
  C:3700H         LINE#         2391
  C:3703H         LINE#         2392
  C:3703H         LINE#         2393
  C:3719H         LINE#         2394
  C:3719H         LINE#         2395
  C:371EH         LINE#         2396
  C:3726H         LINE#         2397
  C:372CH         LINE#         2398
  C:372CH         LINE#         2399
  C:372FH         LINE#         2400
  C:372FH         LINE#         2401
  C:3732H         LINE#         2402
  C:3752H         LINE#         2403
  C:3755H         LINE#         2404
  C:3755H         LINE#         2405
  C:3757H         LINE#         2406
  C:375AH         LINE#         2407
  C:375DH         LINE#         2408
  C:375DH         LINE#         2409
  C:3766H         LINE#         2410
  C:3769H         LINE#         2411
  C:3769H         LINE#         2412
  C:3780H         LINE#         2413
  C:3783H         LINE#         2414
  C:3783H         LINE#         2415
  C:3786H         LINE#         2416
  C:378EH         LINE#         2417
  C:3794H         LINE#         2418
  C:3797H         LINE#         2419
  C:3797H         LINE#         2420
  C:37A0H         LINE#         2421
  C:37A3H         LINE#         2422
  C:37A3H         LINE#         2423
BL51 BANKED LINKER/LOCATER V6.22.2.0                                                  05/02/2021  15:24:53  PAGE 132


  C:37A5H         LINE#         2424
  C:37A8H         LINE#         2425
  C:37ABH         LINE#         2426
  C:37ABH         LINE#         2427
  C:37C2H         LINE#         2428
  C:37C5H         LINE#         2429
  C:37C5H         LINE#         2430
  C:37CAH         LINE#         2431
  C:37D2H         LINE#         2432
  C:37D8H         LINE#         2433
  C:37DBH         LINE#         2434
  C:37DBH         LINE#         2435
  C:37DEH         LINE#         2436
  C:37FEH         LINE#         2437
  C:3801H         LINE#         2438
  C:3801H         LINE#         2439
  C:3804H         LINE#         2440
  C:3824H         LINE#         2441
  C:3827H         LINE#         2442
  C:3827H         LINE#         2443
  C:382AH         LINE#         2444
  C:3832H         LINE#         2445
  C:3835H         LINE#         2446
  C:3837H         LINE#         2450
  C:3837H         LINE#         2451
  C:383DH         LINE#         2452
  C:3843H         LINE#         2453
  C:3843H         LINE#         2454
  C:384BH         LINE#         2455
  C:3851H         LINE#         2457
  C:3854H         LINE#         2458
  C:385CH         LINE#         2459
  C:385CH         LINE#         2461
  C:385FH         LINE#         2462
  C:3862H         LINE#         2463
  C:386AH         LINE#         2464
  C:386AH         LINE#         2465
  C:3878H         LINE#         2466
  C:3878H         LINE#         2467
  C:3881H         LINE#         2468
  C:3884H         LINE#         2469
  C:3890H         LINE#         2470
  C:3890H         LINE#         2471
  C:3899H         LINE#         2472
  C:389CH         LINE#         2474
  C:389CH         LINE#         2475
  C:38A5H         LINE#         2476
  C:38A5H         LINE#         2477
  C:38A8H         LINE#         2478
  C:38B0H         LINE#         2479
  C:38B0H         LINE#         2480
  C:38BEH         LINE#         2481
  C:38BEH         LINE#         2482
  C:38D4H         LINE#         2483
  C:38D7H         LINE#         2484
  C:38E3H         LINE#         2485
  C:38E3H         LINE#         2486
BL51 BANKED LINKER/LOCATER V6.22.2.0                                                  05/02/2021  15:24:53  PAGE 133


  C:38ECH         LINE#         2487
  C:38EFH         LINE#         2488
  C:38FDH         LINE#         2489
  C:38FDH         LINE#         2490
  C:3906H         LINE#         2491
  C:3908H         LINE#         2493
  C:3908H         LINE#         2494
  C:3911H         LINE#         2495
  C:3911H         LINE#         2496
  C:3913H         LINE#         2497
  C:391BH         LINE#         2498
  C:391BH         LINE#         2499
  C:3924H         LINE#         2500
  C:3926H         LINE#         2501
  C:392EH         LINE#         2502
  C:392EH         LINE#         2503
  C:3944H         LINE#         2504
  C:3946H         LINE#         2505
  C:394EH         LINE#         2506
  C:394EH         LINE#         2507
  C:3951H         LINE#         2508
  C:3953H         LINE#         2510
  C:395BH         LINE#         2511
  C:395BH         LINE#         2512
  C:3964H         LINE#         2513
  C:3966H         LINE#         2516
  C:396EH         LINE#         2517
  C:396EH         LINE#         2518
  C:3976H         LINE#         2519
  C:3978H         LINE#         2521
  C:3978H         LINE#         2522
  C:3981H         LINE#         2523
  C:3981H         LINE#         2524
  C:3983H         LINE#         2525
  C:3983H         LINE#         2526
  C:3988H         LINE#         2527
  C:3988H         LINE#         2529
  C:3988H         LINE#         2530
  C:398DH         LINE#         2531
  -------         ENDPROC       _SECUENCIAEXPEDIDORMF
  -------         ENDMOD        VERIFICADOR

  -------         MODULE        MONITOR
  C:0000H         SYMBOL        _ICE_DUMMY_
  D:0080H         PUBLIC        P0
  D:0090H         PUBLIC        P1
  I:0011H         PUBLIC        placa
  C:B745H         PUBLIC        Rx_Monitor
  B:0080H.0       PUBLIC        rx_ip
  B:0090H.7       PUBLIC        lock
  C:8BA2H         PUBLIC        _recibe_cmd_Monitor
  C:B8AAH         PUBLIC        clear_placa
  C:8F5AH         PUBLIC        _Valida_Trama_Monitor
  -------         PROC          _RECIBE_CMD_MONITOR
  X:0016H         SYMBOL        buffer_cmd
  -------         DO            
  X:0019H         SYMBOL        j
BL51 BANKED LINKER/LOCATER V6.22.2.0                                                  05/02/2021  15:24:53  PAGE 134


  X:001AH         SYMBOL        NumDatos
  X:001BH         SYMBOL        time_out
  X:001CH         SYMBOL        MaxChrRx
  X:001DH         SYMBOL        contador
  -------         ENDDO         
  C:8BA2H         LINE#         50
  C:8BADH         LINE#         51
  C:8BADH         LINE#         55
  C:8BB2H         LINE#         56
  C:8BB8H         LINE#         58
  C:8BC3H         LINE#         59
  C:8BC3H         LINE#         60
  C:8BD4H         LINE#         61
  C:8BD4H         LINE#         62
  C:8BDBH         LINE#         63
  C:8BDFH         LINE#         64
  C:8BE8H         LINE#         65
  C:8BE8H         LINE#         66
  C:8BF6H         LINE#         67
  C:8C0DH         LINE#         68
  C:8C0DH         LINE#         69
  C:8C13H         LINE#         70
  C:8C19H         LINE#         71
  C:8C19H         LINE#         72
  C:8C1BH         LINE#         73
  C:8C23H         LINE#         74
  C:8C29H         LINE#         75
  C:8C3BH         LINE#         76
  C:8C45H         LINE#         77
  C:8C4EH         LINE#         79
  C:8C5DH         LINE#         82
  C:8C5DH         LINE#         83
  C:8C62H         LINE#         84
  -------         ENDPROC       _RECIBE_CMD_MONITOR
  -------         PROC          _VALIDA_TRAMA_MONITOR
  X:0016H         SYMBOL        buffer
  D:0005H         SYMBOL        length_trama
  -------         DO            
  X:0019H         SYMBOL        j
  X:001AH         SYMBOL        p
  X:001BH         SYMBOL        cont
  -------         ENDDO         
  C:8F5AH         LINE#         89
  C:8F65H         LINE#         90
  C:8F65H         LINE#         91
  C:8F68H         LINE#         92
  C:8F6CH         LINE#         93
  C:8F6FH         LINE#         94
  C:8F71H         LINE#         97
  C:8F85H         LINE#         98
  C:8F85H         LINE#         100
  C:8F87H         LINE#         102
  C:8F8EH         LINE#         103
  C:8F93H         LINE#         106
  C:8F93H         LINE#         108
  C:8FAEH         LINE#         109
  C:8FAEH         LINE#         112
BL51 BANKED LINKER/LOCATER V6.22.2.0                                                  05/02/2021  15:24:53  PAGE 135


  C:8FAEH         LINE#         113
  C:8FCFH         LINE#         114
  C:8FD3H         LINE#         115
  C:8FD9H         LINE#         116
  C:8FEBH         LINE#         117
  C:9003H         LINE#         118
  C:900CH         LINE#         119
  C:900EH         LINE#         120
  C:9014H         LINE#         123
  C:9014H         LINE#         126
  -------         ENDPROC       _VALIDA_TRAMA_MONITOR
  -------         PROC          CLEAR_PLACA
  -------         DO            
  D:0007H         SYMBOL        i
  -------         ENDDO         
  C:B8AAH         LINE#         127
  C:B8AAH         LINE#         128
  C:B8AAH         LINE#         130
  C:B8B6H         LINE#         131
  C:B8B6H         LINE#         132
  C:B8BCH         LINE#         133
  C:B8BFH         LINE#         134
  C:B8C1H         LINE#         135
  -------         ENDPROC       CLEAR_PLACA
  -------         PROC          RX_MONITOR
  -------         DO            
  X:0009H         SYMBOL        Length_trama
  X:000AH         SYMBOL        buffer1
  -------         ENDDO         
  C:B745H         LINE#         136
  C:B745H         LINE#         137
  C:B745H         LINE#         140
  C:B754H         LINE#         141
  C:B75DH         LINE#         142
  -------         ENDPROC       RX_MONITOR
  -------         ENDMOD        MONITOR

  -------         MODULE        ?C?FPADD
  C:1335H         PUBLIC        ?C?FPADD
  C:1331H         PUBLIC        ?C?FPSUB
  -------         ENDMOD        ?C?FPADD

  -------         MODULE        ?C?FPMUL
  C:1426H         PUBLIC        ?C?FPMUL
  -------         ENDMOD        ?C?FPMUL

  -------         MODULE        ?C?FCAST
  C:1536H         PUBLIC        ?C?FCASTC
  C:1531H         PUBLIC        ?C?FCASTI
  C:152CH         PUBLIC        ?C?FCASTL
  -------         ENDMOD        ?C?FCAST

  -------         MODULE        ?C?CASTF
  C:156AH         PUBLIC        ?C?CASTF
  -------         ENDMOD        ?C?CASTF

  -------         MODULE        PRINTF
BL51 BANKED LINKER/LOCATER V6.22.2.0                                                  05/02/2021  15:24:53  PAGE 136


  X:0077H         PUBLIC        ?_PRINTF?BYTE
  X:0077H         PUBLIC        ?_SPRINTF?BYTE
  C:39F9H         PUBLIC        _PRINTF
  C:39F3H         PUBLIC        _SPRINTF
  -------         ENDMOD        PRINTF

  -------         MODULE        POW
  X:0020H         PUBLIC        ?_pow?BYTE
  C:61B3H         PUBLIC        _pow
  -------         ENDMOD        POW

  -------         MODULE        ?C?CHKFLOAT
  C:15EBH         PUBLIC        ?C?CHKFLOAT
  -------         ENDMOD        ?C?CHKFLOAT

  -------         MODULE        ?C?FPCMP
  C:1607H         PUBLIC        ?C?FPCMP
  C:1605H         PUBLIC        ?C?FPCMP3
  -------         ENDMOD        ?C?FPCMP

  -------         MODULE        ?C?FPNEG
  C:167EH         PUBLIC        ?C?FPNEG
  -------         ENDMOD        ?C?FPNEG

  -------         MODULE        ?C?FPROUND
  C:168FH         PUBLIC        ?C?FPROUND
  -------         ENDMOD        ?C?FPROUND

  -------         MODULE        ?C?FPCONVERT
  C:16CCH         PUBLIC        ?C?FPCONVERT
  -------         ENDMOD        ?C?FPCONVERT

  -------         MODULE        EXP
  C:9842H         PUBLIC        _EXP
  -------         ENDMOD        EXP

  -------         MODULE        LOG
  C:6D42H         PUBLIC        _LOG
  C:6D3EH         PUBLIC        _LOG10
  -------         ENDMOD        LOG

  -------         MODULE        ?C?FPDIV
  C:17D4H         PUBLIC        ?C?FPDIV
  -------         ENDMOD        ?C?FPDIV

  -------         MODULE        ?C?FTNPWR
  C:18A1H         PUBLIC        ?C?FTNPWR
  -------         ENDMOD        ?C?FTNPWR

  -------         MODULE        ?C?COPY
  C:19FEH         PUBLIC        ?C?COPY
  -------         ENDMOD        ?C?COPY

  -------         MODULE        ?C?CLDPTR
  C:1A24H         PUBLIC        ?C?CLDPTR
  -------         ENDMOD        ?C?CLDPTR

BL51 BANKED LINKER/LOCATER V6.22.2.0                                                  05/02/2021  15:24:53  PAGE 137


  -------         MODULE        ?C?CLDOPTR
  C:1A3DH         PUBLIC        ?C?CLDOPTR
  -------         ENDMOD        ?C?CLDOPTR

  -------         MODULE        ?C?CSTPTR
  C:1A6AH         PUBLIC        ?C?CSTPTR
  -------         ENDMOD        ?C?CSTPTR

  -------         MODULE        ?C?CSTOPTR
  C:1A7CH         PUBLIC        ?C?CSTOPTR
  -------         ENDMOD        ?C?CSTOPTR

  -------         MODULE        ?C?IMUL
  C:1A9EH         PUBLIC        ?C?IMUL
  -------         ENDMOD        ?C?IMUL

  -------         MODULE        ?C?IILDX
  C:1AB0H         PUBLIC        ?C?IILDX
  -------         ENDMOD        ?C?IILDX

  -------         MODULE        ?C?LNEG
  C:1AC6H         PUBLIC        ?C?LNEG
  -------         ENDMOD        ?C?LNEG

  -------         MODULE        ?C?SLCMP
  C:1AD4H         PUBLIC        ?C?SLCMP
  -------         ENDMOD        ?C?SLCMP

  -------         MODULE        ?C?ULCMP
  C:1AEAH         PUBLIC        ?C?ULCMP
  -------         ENDMOD        ?C?ULCMP

  -------         MODULE        ?C?ULSHR
  C:1AFBH         PUBLIC        ?C?ULSHR
  -------         ENDMOD        ?C?ULSHR

  -------         MODULE        ?C?LSHL
  C:1B0EH         PUBLIC        ?C?LSHL
  -------         ENDMOD        ?C?LSHL

  -------         MODULE        ?C?LLDCODE
  C:1B21H         PUBLIC        ?C?LLDCODE
  -------         ENDMOD        ?C?LLDCODE

  -------         MODULE        ?C?LLDXDATA0
  C:1B31H         PUBLIC        ?C?LLDXDATA0
  -------         ENDMOD        ?C?LLDXDATA0

  -------         MODULE        ?C?LLDCODE0
  C:1B3DH         PUBLIC        ?C?LLDCODE0
  -------         ENDMOD        ?C?LLDCODE0

  -------         MODULE        ?C?LSTXDATA
  C:1B4DH         PUBLIC        ?C?LSTXDATA
  -------         ENDMOD        ?C?LSTXDATA

  -------         MODULE        ?C?LSTKXDATA
BL51 BANKED LINKER/LOCATER V6.22.2.0                                                  05/02/2021  15:24:53  PAGE 138


  C:1B59H         PUBLIC        ?C?LSTKXDATA
  -------         ENDMOD        ?C?LSTKXDATA

  -------         MODULE        ?C?PLDIXDATA
  C:1B8AH         PUBLIC        ?C?PLDIXDATA
  -------         ENDMOD        ?C?PLDIXDATA

  -------         MODULE        ?C?PSTXDATA
  C:1BA1H         PUBLIC        ?C?PSTXDATA
  -------         ENDMOD        ?C?PSTXDATA

  -------         MODULE        ?C?CCASE
  C:1BAAH         PUBLIC        ?C?CCASE
  -------         ENDMOD        ?C?CCASE

  -------         MODULE        STRCAT
  X:0046H         PUBLIC        ?_strcat?BYTE
  C:A95EH         PUBLIC        _strcat
  -------         ENDMOD        STRCAT

  -------         MODULE        ?C?STRCMP
  C:1D4EH         PUBLIC        ?C?STRCMP
  -------         ENDMOD        ?C?STRCMP

  -------         MODULE        ?C?STRCPY
  C:1E37H         PUBLIC        ?C?STRCPY
  -------         ENDMOD        ?C?STRCPY

  -------         MODULE        STRLEN
  C:000EH         PUBLIC        _STRLEN
  -------         ENDMOD        STRLEN

  -------         MODULE        STRTOK
  X:0064H         PUBLIC        ?_strtok?BYTE
  C:7F84H         PUBLIC        _strtok
  -------         ENDMOD        STRTOK

  -------         MODULE        ATOL
  C:73B6H         PUBLIC        _atol
  -------         ENDMOD        ATOL

  -------         MODULE        ATOI
  C:8146H         PUBLIC        _atoi
  -------         ENDMOD        ATOI

  -------         MODULE        ?C?ILDIX
  C:1E54H         PUBLIC        ?C?ILDIX
  -------         ENDMOD        ?C?ILDIX

  -------         MODULE        ?C?LMUL
  C:1E6AH         PUBLIC        ?C?LMUL
  -------         ENDMOD        ?C?LMUL

  -------         MODULE        ISDIGIT
  C:B9A6H         PUBLIC        _isdigit
  -------         ENDMOD        ISDIGIT

BL51 BANKED LINKER/LOCATER V6.22.2.0                                                  05/02/2021  15:24:53  PAGE 139


  -------         MODULE        ISSPACE
  C:B906H         PUBLIC        _isspace
  -------         ENDMOD        ISSPACE

  -------         MODULE        STRSPN
  X:006AH         PUBLIC        ?_strspn?BYTE
  C:A29CH         PUBLIC        _strspn
  -------         ENDMOD        STRSPN

  -------         MODULE        STRPBRK
  X:006AH         PUBLIC        ?_strpbrk?BYTE
  C:A3A3H         PUBLIC        _strpbrk
  -------         ENDMOD        STRPBRK

Program Size: data=99.1 xdata=531 code=47672
LINK/LOCATE RUN COMPLETE.  0 WARNING(S),  0 ERROR(S)
