BL51 BANKED LINKER/LOCATER V6.22.2.0                                                    11/11/2020  12:18:32  PAGE 1


BL51 BANKED LINKER/LOCATER V6.22.2.0, INVOKED BY:
C:\KEIL_V5\C51\BIN\BL51.EXE .\Objects\main.obj, .\Objects\Accescan.obj, .\Objects\Clock.obj, .\Objects\delay.obj, .\Obje
>> cts\eeprom.obj, .\Objects\io_sensores.obj, .\Objects\pantallas.obj, .\Objects\prog.obj, .\Objects\pto_paralelo.obj, .
>> \Objects\tibbo.obj, .\Objects\uart.obj, .\Objects\lintech.obj, .\Objects\verificador.obj, .\Objects\Monitor.obj TO .\
>> Objects\expedidor_v_01_raspberry PRINT (.\Listings\expedidor_v_01_raspberry.m51) RAMSIZE (256)


MEMORY MODEL: LARGE WITH FLOATING POINT ARITHMETIC


INPUT MODULES INCLUDED:
  .\Objects\main.obj (MAIN)
  .\Objects\Accescan.obj (ACCESCAN)
  .\Objects\Clock.obj (CLOCK)
  .\Objects\delay.obj (DELAY)
  .\Objects\eeprom.obj (EEPROM)
  .\Objects\io_sensores.obj (IO_SENSORES)
  .\Objects\pantallas.obj (PANTALLAS)
  .\Objects\prog.obj (PROG)
  .\Objects\pto_paralelo.obj (PTO_PARALELO)
  .\Objects\tibbo.obj (TIBBO)
  .\Objects\uart.obj (UART)
  .\Objects\lintech.obj (LINTECH)
  .\Objects\verificador.obj (VERIFICADOR)
  .\Objects\Monitor.obj (MONITOR)
  C:\KEIL_V5\C51\LIB\C51FPL.LIB (?C?FPADD)
  C:\KEIL_V5\C51\LIB\C51FPL.LIB (?C?FPMUL)
  C:\KEIL_V5\C51\LIB\C51FPL.LIB (?C?FCAST)
  C:\KEIL_V5\C51\LIB\C51FPL.LIB (?C?CASTF)
  C:\KEIL_V5\C51\LIB\C51FPL.LIB (PRINTF)
  C:\KEIL_V5\C51\LIB\C51FPL.LIB (POW)
  C:\KEIL_V5\C51\LIB\C51FPL.LIB (?C?FPGETOPN)
  C:\KEIL_V5\C51\LIB\C51FPL.LIB (?C?CHKFLOAT)
  C:\KEIL_V5\C51\LIB\C51FPL.LIB (?C?FPCMP)
  C:\KEIL_V5\C51\LIB\C51FPL.LIB (?C?FPNEG)
  C:\KEIL_V5\C51\LIB\C51FPL.LIB (?C?FPROUND)
  C:\KEIL_V5\C51\LIB\C51FPL.LIB (?C?FPCONVERT)
  C:\KEIL_V5\C51\LIB\C51FPL.LIB (EXP)
  C:\KEIL_V5\C51\LIB\C51FPL.LIB (LOG)
  C:\KEIL_V5\C51\LIB\C51FPL.LIB (?C?FPDIV)
  C:\KEIL_V5\C51\LIB\C51FPL.LIB (?C?FTNPWR)
  C:\KEIL_V5\C51\LIB\C51FPL.LIB (?C?FPSERIES)
  C:\KEIL_V5\C51\LIB\C51L.LIB (?C_STARTUP)
  C:\KEIL_V5\C51\LIB\C51L.LIB (?C?COPY)
  C:\KEIL_V5\C51\LIB\C51L.LIB (?C?CLDPTR)
  C:\KEIL_V5\C51\LIB\C51L.LIB (?C?CLDOPTR)
  C:\KEIL_V5\C51\LIB\C51L.LIB (?C?CSTPTR)
  C:\KEIL_V5\C51\LIB\C51L.LIB (?C?CSTOPTR)
  C:\KEIL_V5\C51\LIB\C51L.LIB (?C?IMUL)
  C:\KEIL_V5\C51\LIB\C51L.LIB (?C?IILDX)
  C:\KEIL_V5\C51\LIB\C51L.LIB (?C?LNEG)
  C:\KEIL_V5\C51\LIB\C51L.LIB (?C?SLCMP)
  C:\KEIL_V5\C51\LIB\C51L.LIB (?C?ULCMP)
  C:\KEIL_V5\C51\LIB\C51L.LIB (?C?ULSHR)
  C:\KEIL_V5\C51\LIB\C51L.LIB (?C?LSHL)
  C:\KEIL_V5\C51\LIB\C51L.LIB (?C?LLDCODE)
  C:\KEIL_V5\C51\LIB\C51L.LIB (?C?LLDXDATA0)
  C:\KEIL_V5\C51\LIB\C51L.LIB (?C?LLDCODE0)
BL51 BANKED LINKER/LOCATER V6.22.2.0                                                  11/11/2020  12:18:32  PAGE 2


  C:\KEIL_V5\C51\LIB\C51L.LIB (?C?LSTXDATA)
  C:\KEIL_V5\C51\LIB\C51L.LIB (?C?LSTKXDATA)
  C:\KEIL_V5\C51\LIB\C51L.LIB (?C?PLDIXDATA)
  C:\KEIL_V5\C51\LIB\C51L.LIB (?C?PSTXDATA)
  C:\KEIL_V5\C51\LIB\C51L.LIB (?C?CCASE)
  C:\KEIL_V5\C51\LIB\C51L.LIB (STRCAT)
  C:\KEIL_V5\C51\LIB\C51L.LIB (?C?STRCMP)
  C:\KEIL_V5\C51\LIB\C51L.LIB (?C?STRCPY)
  C:\KEIL_V5\C51\LIB\C51L.LIB (STRLEN)
  C:\KEIL_V5\C51\LIB\C51L.LIB (STRTOK)
  C:\KEIL_V5\C51\LIB\C51L.LIB (ATOL)
  C:\KEIL_V5\C51\LIB\C51L.LIB (ATOI)
  C:\KEIL_V5\C51\LIB\C51L.LIB (MALLOC)
  C:\KEIL_V5\C51\LIB\C51L.LIB (INIT_MEM)
  C:\KEIL_V5\C51\LIB\C51L.LIB (FREE)
  C:\KEIL_V5\C51\LIB\C51L.LIB (?C_INIT)
  C:\KEIL_V5\C51\LIB\C51L.LIB (?C?ILDIX)
  C:\KEIL_V5\C51\LIB\C51L.LIB (?C?LMUL)
  C:\KEIL_V5\C51\LIB\C51L.LIB (ISDIGIT)
  C:\KEIL_V5\C51\LIB\C51L.LIB (ISSPACE)
  C:\KEIL_V5\C51\LIB\C51L.LIB (STRSPN)
  C:\KEIL_V5\C51\LIB\C51L.LIB (STRPBRK)


LINK MAP OF MODULE:  .\Objects\expedidor_v_01_raspberry (MAIN)


            TYPE    BASE      LENGTH    RELOCATION   SEGMENT NAME
            -----------------------------------------------------

            * * * * * * *   D A T A   M E M O R Y   * * * * * * *
            REG     0000H     0008H     ABSOLUTE     "REG BANK 0"
            DATA    0008H     0005H     UNIT         _DATA_GROUP_
            DATA    000DH     0004H     UNIT         ?DT?UART
            IDATA   0011H     0009H     UNIT         ?ID?MONITOR
                    001AH     0006H                  *** GAP ***
            BIT     0020H.0   0001H.1   UNIT         _BIT_GROUP_
            BIT     0021H.1   0000H.2   UNIT         ?BI?MAIN
            BIT     0021H.3   0000H.2   UNIT         ?BI?UART
            BIT     0021H.5   0000H.1   UNIT         ?BI?EEPROM
            BIT     0021H.6   0000H.1   UNIT         ?BI?IO_SENSORES
            BIT     0021H.7   0000H.1   UNIT         ?BI?VERIFICADOR
            IDATA   0022H     0046H     UNIT         ?ID?MAIN
            IDATA   0068H     0001H     UNIT         ?STACK

            * * * * * * *  X D A T A   M E M O R Y  * * * * * * *
            XDATA   0000H     00B7H     UNIT         _XDATA_GROUP_
            XDATA   00B7H     008AH     UNIT         ?XD?VERIFICADOR
            XDATA   0141H     006CH     UNIT         ?XD?MAIN
            XDATA   01ADH     0059H     UNIT         ?XD?PROG
            XDATA   0206H     0050H     UNIT         ?XD?PANTALLAS
            XDATA   0256H     0008H     UNIT         ?XD?INIT_MEM
            XDATA   025EH     0003H     UNIT         ?XD?EEPROM
            XDATA   0261H     0003H     UNIT         ?XD?UART
            XDATA   0264H     0003H     UNIT         ?XD?STRTOK
            XDATA   0267H     0001H     UNIT         ?XD?ACCESCAN
            XDATA   0268H     0001H     UNIT         ?XD?CLOCK
BL51 BANKED LINKER/LOCATER V6.22.2.0                                                  11/11/2020  12:18:32  PAGE 3


            XDATA   0269H     0001H     UNIT         ?XD?IO_SENSORES

            * * * * * * *   C O D E   M E M O R Y   * * * * * * *
            CODE    0000H     0003H     ABSOLUTE     
            CODE    0003H     0008H     UNIT         ?PR?P_CK?CLOCK
            CODE    000BH     0003H     ABSOLUTE     
            CODE    000EH     0015H     UNIT         ?PR?_STRLEN?STRLEN
            CODE    0023H     0003H     ABSOLUTE     
            CODE    0026H     1308H     UNIT         ?CO?PROG
            CODE    132EH     0B8BH     UNIT         ?C?LIB_CODE
            CODE    1EB9H     07A3H     UNIT         ?CO?VERIFICADOR
            CODE    265CH     06F4H     UNIT         ?PR?_PANTALLALCD?PANTALLAS
            CODE    2D50H     0656H     UNIT         ?CO?PANTALLAS
            CODE    33A6H     0483H     UNIT         ?PR?PRINTF?PRINTF
            CODE    3829H     0475H     UNIT         ?PR?_SECUENCIAEXPEDIDORMF?VERIFICADOR
            CODE    3C9EH     035CH     UNIT         ?PR?VER_PROG?PROG
            CODE    3FFAH     033EH     UNIT         ?PR?_VALIDA_TRAMA_PTO?ACCESCAN
            CODE    4338H     02D0H     UNIT         ?PR?_TWO_BYTEHEX_DECIMAL?CLOCK
            CODE    4608H     02B7H     UNIT         ?PR?_PROG_HORARIO_DIAS?PROG
            CODE    48BFH     02B2H     UNIT         ?PR?_PANTALLALCD_LINEA_2?PANTALLAS
            CODE    4B71H     022CH     UNIT         ?PR?MENU?PROG
            CODE    4D9DH     0208H     UNIT         ?PR?_HASH_ID?PROG
            CODE    4FA5H     01FAH     UNIT         ?PR?_PROG_HORARIO_DESDE_HASTA?PROG
            CODE    519FH     01F5H     UNIT         ?PR?PROG_FECHA_VENCIMIENTO?PROG
            CODE    5394H     01DFH     UNIT         ?PR?_RESPONDE_LECTURA_TARJETA_SECTOR1_BLOQUE1?VERIFICADOR
            CODE    5573H     01B3H     UNIT         ?PR?COM_ISR?UART
            CODE    5726H     01A9H     UNIT         ?PR?_ARMAR_TRAMA_PTO_PARALELO_EXPEDIDOR?VERIFICADOR
            CODE    58CFH     01A4H     UNIT         ?PR?_VALIDA_TIPO_TARJETA?VERIFICADOR
            CODE    5A73H     017AH     UNIT         ?CO?LINTECH
            CODE    5BEDH     016EH     UNIT         ?PR?_BLOCK_READ_CLOCK_ASCII?CLOCK
            CODE    5D5BH     0166H     UNIT         ?PR?_POW?POW
            CODE    5EC1H     0154H     UNIT         ?PR?_ARMAR_TRAMA_MONITOR?VERIFICADOR
            CODE    6015H     0145H     UNIT         ?PR?PROG_HORARIOS?PROG
            CODE    615AH     0142H     UNIT         ?PR?_ARMAR_TRAMA_TARJETA_SECTOR1_BLOQUE2?VERIFICADOR
            CODE    629CH     013FH     UNIT         ?PR?_FREE?FREE
            CODE    63DBH     013EH     UNIT         ?PR?PROG_SIN_COBRO?PROG
            CODE    6519H     013EH     UNIT         ?PR?SECUENCIA_INICIO_EXPEDIDOR?VERIFICADOR
            CODE    6657H     0137H     UNIT         ?PR?VER_HORARIO?PROG
            CODE    678EH     012BH     UNIT         ?PR?_RESPONDE_LECTURA_TARJETA_SECTOR1_BLOQUE2?VERIFICADOR
            CODE    68B9H     0129H     UNIT         ?PR?LOG?LOG
            CODE    69E2H     0128H     UNIT         ?PR?_VER_HORARIO_DIAS?PROG
            CODE    6B0AH     011CH     UNIT         ?PR?LOAD_AND_SEND_ID_COD?PTO_PARALELO
            CODE    6C26H     011AH     UNIT         ?PR?_PROG_HORARIOS_ON_OFF?PROG
            CODE    6D40H     0119H     UNIT         ?PR?_VER_HORARIO_DESDE_HASTA?PROG
            CODE    6E59H     0115H     UNIT         ?PR?_VALIDAR_CLK?CLOCK
            CODE    6F6EH     010FH     UNIT         ?PR?_HORARIOS?VERIFICADOR
            CODE    707DH     010CH     UNIT         ?PR?_ATOL?ATOL
            CODE    7189H     0103H     UNIT         ?PR?_BLOQUE_HORARIO?VERIFICADOR
            CODE    728CH     0100H     UNIT         ?PR?_WR_MF?LINTECH
            CODE    738CH     00FCH     UNIT         ?PR?PROG_DEBUG?PROG
            CODE    7488H     00FCH     UNIT         ?PR?PROG_USE_LPR?PROG
            CODE    7584H     00FCH     UNIT         ?PR?TIPO_PANTALLA?PROG
            CODE    7680H     00FCH     UNIT         ?PR?PROG_ANTIPASSBACK?PROG
            CODE    777CH     00FCH     UNIT         ?PR?PROG_PLACA?PROG
            CODE    7878H     00FCH     UNIT         ?PR?PROG_VALIDAR_TIPO_VEHICULO_MENSUAL?PROG
            CODE    7974H     00FCH     UNIT         ?PR?PROG_APB_MENSUAL?PROG
            CODE    7A70H     00F1H     UNIT         ?PR?_WRITE_EEPROM_TICKET?EEPROM
BL51 BANKED LINKER/LOCATER V6.22.2.0                                                  11/11/2020  12:18:32  PAGE 4


            CODE    7B61H     00EAH     UNIT         ?PR?_MOV_CARD?LINTECH
            CODE    7C4BH     00E4H     UNIT         ?PR?_STRTOK?STRTOK
            CODE    7D2FH     00DEH     UNIT         ?PR?PROG_ADDRESS_HIGH_BOARD?PROG
            CODE    7E0DH     00DBH     UNIT         ?PR?_ATOI?ATOI
            CODE    7EE8H     00D7H     UNIT         ?PR?_ANALIZA_UID_CARD?VERIFICADOR
            CODE    7FBFH     00D6H     UNIT         ?PR?_CMD_LPR_SALIDA_WIEGAND?ACCESCAN
            CODE    8095H     00D1H     UNIT         ?PR?_ARMAR_TRAMA_PTO_PARALELO_EXPEDIDOR_MENSUAL?VERIFICADOR
            CODE    8166H     00D1H     UNIT         ?PR?_MALLOC?MALLOC
            CODE    8237H     00D0H     UNIT         ?C_INITSEG
            CODE    8307H     00CCH     UNIT         ?PR?_GRABA_SERIE?EEPROM
            CODE    83D3H     00CBH     UNIT         ?PR?_RTA_CMD_TRANSPORTE?VERIFICADOR
            CODE    849EH     00CAH     UNIT         ?PR?READ_EEPROM_TICKET?EEPROM
            CODE    8568H     00C9H     UNIT         ?PR?_CHECK_FECHAOUT?CLOCK
            CODE    8631H     00C4H     UNIT         ?PR?_BLOCK_READ_CLOCK?CLOCK
            CODE    86F5H     00C4H     UNIT         ?PR?_TARJETA_MENSUAL?VERIFICADOR
            CODE    87B9H     00C3H     UNIT         ?PR?_RD_MF?LINTECH
            CODE    887CH     00C2H     UNIT         ?PR?PROG_TARJETA_AUTOMATICA_O_BOTON?PROG
            CODE    893EH     00C1H     UNIT         ?PR?_RECIBE_CMD_MONITOR?MONITOR
            CODE    89FFH     00BFH     UNIT         ?CO?IO_SENSORES
            CODE    8ABEH     00BEH     UNIT         ?PR?ERROR_RX_PTO?VERIFICADOR
            CODE    8B7CH     00BDH     UNIT         ?PR?PROG_COD_PARK?PROG
            CODE    8C39H     00BDH     UNIT         ?PR?PROG_TIEMPO_GRACIA?PROG
            CODE    8CF6H     00BAH     UNIT         ?CO?TIBBO
            CODE    8DB0H     00B6H     UNIT         ?PR?PROG_ID_CLIENTE?PROG
            CODE    8E66H     00B5H     UNIT         ?PR?_WAIT_PLACA?VERIFICADOR
            CODE    8F1BH     00B4H     UNIT         ?PR?_SEND_PORT?PTO_PARALELO
            CODE    8FCFH     00ACH     UNIT         ?PR?_HORA_MAXIMA?VERIFICADOR
            CODE    907BH     00AAH     UNIT         ?PR?CLAVE_SEGURIDAD_S2?LINTECH
            CODE    9125H     00A9H     UNIT         ?PR?DWLOAD_EEPROM?LINTECH
            CODE    91CEH     00A6H     UNIT         ?PR?_BLOCK_READ_CLOCK_HEX?CLOCK
            CODE    9274H     00A5H     UNIT         ?PR?_VALIDA_TRAMA_MONITOR?MONITOR
            CODE    9319H     00A4H     UNIT         ?PR?_ARMAR_TRAMA_TARJETA_SECTOR1_BLOQUE1_CAMCEL?VERIFICADOR
            CODE    93BDH     009DH     UNIT         ?PR?_INICIALIZA?LINTECH
            CODE    945AH     009CH     UNIT         ?PR?_RESPUESTA_PLACA_CANCEL?VERIFICADOR
            CODE    94F6H     009AH     UNIT         ?PR?_RESPONDE_LECTURA_TARJETA_SECTOR1_BLOQUE0?VERIFICADOR
            CODE    9590H     009AH     UNIT         ?PR?EXP?EXP
            CODE    962AH     0099H     UNIT         ?PR?SHOW?PROG
            CODE    96C3H     0099H     UNIT         ?PR?_RECIBE_PORT?PTO_PARALELO
            CODE    975CH     0098H     UNIT         ?PR?_VALIDA_VEHICULO_CARD_MENSUAL?VERIFICADOR
            CODE    97F4H     0091H     UNIT         ?PR?_HEX_ASCII?CLOCK
            CODE    9885H     0091H     UNIT         ?PR?_CARD_INSERCION?LINTECH
            CODE    9916H     0090H     UNIT         ?PR?_LEE_CLK?CLOCK
            CODE    99A6H     0090H     UNIT         ?PR?_GETOPTION?PROG
            CODE    9A36H     008FH     UNIT         ?PR?_BLOCK_WRITE_CLOCK_ASCII?CLOCK
            CODE    9AC5H     008FH     UNIT         ?PR?_RESPONDE_WRITE_TARJETA_SECTOR1_BLOQUE2?VERIFICADOR
            CODE    9B54H     008DH     UNIT         ?PR?LOADVERIFY_EEPROM?LINTECH
            CODE    9BE1H     008CH     UNIT         ?C_C51STARTUP
            CODE    9C6DH     0089H     UNIT         ?PR?_RASPBERRY_DATA?PANTALLAS
            CODE    9CF6H     0088H     UNIT         ?PR?_SEND_PORTERR?PTO_PARALELO
            CODE    9D7EH     0088H     UNIT         ?PR?RX_DATA?TIBBO
            CODE    9E06H     0088H     UNIT         ?PR?UNIQUE_IDENTIFIER_UID?LINTECH
            CODE    9E8EH     0084H     UNIT         ?PR?_STRSPN?STRSPN
            CODE    9F12H     0082H     UNIT         ?PR?_SEND_PTO_PARALELO?VERIFICADOR
            CODE    9F94H     0081H     UNIT         ?PR?_STRPBRK?STRPBRK
            CODE    A015H     0080H     UNIT         ?PR?MSJ_LCD_INFORMATIVO?IO_SENSORES
            CODE    A095H     0080H     UNIT         ?PR?_INGRESADATO?PROG
            CODE    A115H     0080H     UNIT         ?PR?AUT_CARD_CHECK_STATUS?LINTECH
BL51 BANKED LINKER/LOCATER V6.22.2.0                                                  11/11/2020  12:18:32  PAGE 5


            CODE    A195H     0080H     UNIT         ?PR?POWER_OFF?LINTECH
            CODE    A215H     007CH     UNIT         ?PR?MAIN?MAIN
            CODE    A291H     007CH     UNIT         ?PR?_CHECK_STATUS?LINTECH
            CODE    A30DH     007CH     UNIT         ?PR?RESPONDE_ESTADO_SENSORES_TRANSPORTE?VERIFICADOR
            CODE    A389H     0079H     UNIT         ?PR?ENTREGA_CARD_CAPTURA?VERIFICADOR
            CODE    A402H     0077H     UNIT         ?PR?RESPONDE_TIPO_TARJETA?VERIFICADOR
            CODE    A479H     0073H     UNIT         ?PR?_DEBUGBUFFERMF?TIBBO
            CODE    A4ECH     0071H     UNIT         ?PR?_EN_HORARIO?VERIFICADOR
            CODE    A55DH     006FH     UNIT         ?PR?_ESCRIBIRMEMORIA?EEPROM
            CODE    A5CCH     006BH     UNIT         ?PR?_STRCAT?STRCAT
            CODE    A637H     0066H     UNIT         ?PR?_LEERMEMORIA?EEPROM
            CODE    A69DH     0066H     UNIT         ?PR?_DISPARO_LOCK_ENTRADA_VEHICULO?VERIFICADOR
            CODE    A703H     0062H     UNIT         ?PR?_LISTACOMANDOS?PROG
            CODE    A765H     005EH     UNIT         ?PR?_BYTEHEX_DECIMAL?CLOCK
            CODE    A7C3H     005DH     UNIT         ?PR?_RESPUESTA_SEGUNDA_CLAVE?VERIFICADOR
            CODE    A820H     005CH     UNIT         ?PR?_ARMAR_TRAMA_PLACA?VERIFICADOR
            CODE    A87CH     005BH     UNIT         ?PR?VALIDA_SENSOR1_AUTO?IO_SENSORES
            CODE    A8D7H     0056H     UNIT         ?PR?_WR_EEPROM?EEPROM
            CODE    A92DH     0052H     UNIT         ?PR?INGRESO_VEHICULO?VERIFICADOR
            CODE    A97FH     004EH     UNIT         ?PR?RELOJ_PANTALLA_LCD?PANTALLAS
            CODE    A9CDH     004DH     UNIT         ?PR?VARIABLE_INICIO?MAIN
            CODE    AA1AH     004DH     UNIT         ?PR?L_D_M?EEPROM
            CODE    AA67H     004CH     UNIT         ?PR?LEE_NO_TICKET?EEPROM
            CODE    AAB3H     004BH     UNIT         ?PR?_TX_AUX?TIBBO
            CODE    AAFEH     0049H     UNIT         ?PR?_DEBUG_TXT_TIBBO?TIBBO
            CODE    AB47H     0048H     UNIT         ?PR?FIRST_CLAVE?PROG
            CODE    AB8FH     0047H     UNIT         ?PR?_DEBUG_CHR_TIBBO?TIBBO
            CODE    ABD6H     0047H     UNIT         ?PR?_RESPONDE_WRITE_TARJETA_SECTOR2_BLOQUE0?VERIFICADOR
            CODE    AC1DH     0046H     UNIT         ?PR?_ESCRIBIRCADENASOFT_BUFFER?MAIN
            CODE    AC63H     0046H     UNIT         ?PR?_LCD_TXT_NUM_CHAR?PANTALLAS
            CODE    ACA9H     0046H     UNIT         ?PR?_DEBUG_HEXDEC?TIBBO
            CODE    ACEFH     0046H     UNIT         ?PR?_PREGUNTA_LPR?VERIFICADOR
            CODE    AD35H     0044H     UNIT         ?PR?_LCD_TXT?PANTALLAS
            CODE    AD79H     0043H     UNIT         ?PR?DIR_BOARD?IO_SENSORES
            CODE    ADBCH     0042H     UNIT         ?PR?_VALIDARCLAVE?PROG
            CODE    ADFEH     0041H     UNIT         ?PR?_MONITOR_CHR?ACCESCAN
            CODE    AE3FH     0041H     UNIT         ?PR?_TWO_ONE?CLOCK
            CODE    AE80H     0040H     UNIT         ?PR?_GETCMD?PROG
            CODE    AEC0H     003FH     UNIT         ?PR?_EB_CLK?CLOCK
            CODE    AEFFH     003EH     UNIT         ?PR?_PUTCHAR?MAIN
            CODE    AF3DH     003DH     UNIT         ?PR?_HEX_BCD?CLOCK
            CODE    AF7AH     003DH     UNIT         ?PR?_RD_EEPROM?EEPROM
            CODE    AFB7H     003DH     UNIT         ?PR?_LOAD_SECUENCIA_EXPEDIDOR?VERIFICADOR
            CODE    AFF4H     003CH     UNIT         ?PR?_INIT_MEMPOOL?INIT_MEM
            CODE    B030H     003BH     UNIT         ?CO?EEPROM
            CODE    B06BH     003BH     UNIT         ?PR?_DEBUG_PTO_PARALELO?TIBBO
            CODE    B0A6H     003BH     UNIT         ?PR?_COM_PUTCHAR?UART
            CODE    B0E1H     003AH     UNIT         ?PR?_DELAY_10MS?DELAY
            CODE    B11BH     0038H     UNIT         ?PR?VALIDASENSORESPASO?IO_SENSORES
            CODE    B153H     0036H     UNIT         ?PR?_RESPONDE_WRITE_TARJETA_SECTOR1_BLOQUE1?VERIFICADOR
            CODE    B189H     0036H     UNIT         ?PR?_RESPONDE_WRITE_TARJETA_SECTOR1_BLOQUE0?VERIFICADOR
            CODE    B1BFH     0034H     UNIT         ?PR?INCREMENTE_TICKET?EEPROM
            CODE    B1F3H     0034H     UNIT         ?PR?ADDR_HORARIOS?PROG
            CODE    B227H     0033H     UNIT         ?PR?TRAMA_VALIDACION_P_N?VERIFICADOR
            CODE    B25AH     0032H     UNIT         ?PR?_DEBUG_MONITOR?TIBBO
            CODE    B28CH     0031H     UNIT         ?PR?_TARJETA_ROTACION?VERIFICADOR
            CODE    B2BDH     0030H     UNIT         ?PR?PREGUNTA_PLACA?VERIFICADOR
BL51 BANKED LINKER/LOCATER V6.22.2.0                                                  11/11/2020  12:18:32  PAGE 6


            CODE    B2EDH     002EH     UNIT         ?PR?TIMER0_INT?MAIN
            CODE    B31BH     002CH     UNIT         ?PR?LOAD_AND_SEND_INFO_RELOJ?PTO_PARALELO
            CODE    B347H     002AH     UNIT         ?PR?COM_INITIALIZE?UART
            CODE    B371H     0028H     UNIT         ?PR?_WR_CLK?CLOCK
            CODE    B399H     0028H     UNIT         ?PR?COM_BAUDRATE?UART
            CODE    B3C1H     0028H     UNIT         ?PR?_ARMAR_TRAMA_TARJETA_SECTOR1_BLOQUE0?VERIFICADOR
            CODE    B3E9H     0027H     UNIT         ?PR?_TX_CHRLCD?PANTALLAS
            CODE    B410H     0026H     UNIT         ?PR?COM_GETCHAR?UART
            CODE    B436H     0026H     UNIT         ?PR?ANALIZA_PRESENCIA_MENSUAL?VERIFICADOR
            CODE    B45CH     0026H     UNIT         ?PR?RX_MONITOR?MONITOR
            CODE    B482H     0023H     UNIT         ?PR?ANALIZA_PRESENCIA_ROTACION?VERIFICADOR
            CODE    B4A5H     0022H     UNIT         ?PR?_E_D_M?EEPROM
            CODE    B4C7H     0020H     UNIT         ?PR?ACKD?EEPROM
            CODE    B4E7H     0020H     UNIT         ?PR?ACK_LECT?EEPROM
            CODE    B507H     001FH     UNIT         ?PR?VALIDASENSOR?IO_SENSORES
            CODE    B526H     001FH     UNIT         ?PR?TIME_BIT?TIBBO
            CODE    B545H     001EH     UNIT         ?PR?_BCD_HEX?CLOCK
            CODE    B563H     001BH     UNIT         ?PR?_DELAY_1MS?DELAY
            CODE    B57EH     0018H     UNIT         ?PR?CLEAR_PLACA?MONITOR
            CODE    B596H     0017H     UNIT         ?PR?DISPLAYCURSOR?PROG
            CODE    B5ADH     0017H     UNIT         ?PR?TIME_MBIT?TIBBO
            CODE    B5C4H     0016H     UNIT         ?PR?DIR_BOARD_MONITOR?IO_SENSORES
            CODE    B5DAH     0014H     UNIT         ?PR?DEBUG_DIVIDIR_TEXTO?TIBBO
            CODE    B5EEH     0014H     UNIT         ?PR?_ISSPACE?ISSPACE
            CODE    B602H     0012H     UNIT         ?PR?_DELAY_20US?DELAY
            CODE    B614H     0012H     UNIT         ?PR?START?EEPROM
            CODE    B626H     0012H     UNIT         ?PR?BOTTON?IO_SENSORES
            CODE    B638H     0012H     UNIT         ?PR?PULSO_BUS?PTO_PARALELO
            CODE    B64AH     0012H     UNIT         ?PR?COM_RBUFLEN?UART
            CODE    B65CH     0012H     UNIT         ?PR?COM_TBUFLEN?UART
            CODE    B66EH     0010H     UNIT         ?PR?INI_TIMER?MAIN
            CODE    B67EH     0010H     UNIT         ?PR?INICIA_BOARD?MAIN
            CODE    B68EH     000FH     UNIT         ?PR?_ISDIGIT?ISDIGIT
            CODE    B69DH     000CH     UNIT         ?PR?_GETKEY?MAIN
            CODE    B6A9H     000AH     UNIT         ?PR?COND_INI_PTO?PTO_PARALELO
            CODE    B6B3H     0009H     UNIT         ?PR?STOP?EEPROM
            CODE    B6BCH     0009H     UNIT         ?PR?CAPTURA_EXPULSA?VERIFICADOR
            CODE    B6C5H     0007H     UNIT         ?PR?COND_INI_CLOCK?CLOCK
            CODE    B6CCH     0007H     UNIT         ?PR?SEL_FUNCION?IO_SENSORES
            CODE    B6D3H     0007H     UNIT         ?PR?SEL_AUTO?IO_SENSORES
            CODE    B6DAH     0007H     UNIT         ?PR?SEL_PULSA?IO_SENSORES
            CODE    B6E1H     0007H     UNIT         ?PR?SEL_SENSOR2?IO_SENSORES
            CODE    B6E8H     0007H     UNIT         ?PR?SEL_SENSOR1?IO_SENSORES
            CODE    B6EFH     0007H     UNIT         ?PR?SEL_DIR1?IO_SENSORES
            CODE    B6F6H     0007H     UNIT         ?PR?SEL_DIR2?IO_SENSORES
            CODE    B6FDH     0006H     UNIT         ?PR?P_ME?EEPROM
            CODE    B703H     0005H     UNIT         ?PR?ON_TIMER0_INTERRUP?MAIN
            CODE    B708H     0005H     UNIT         ?CO?ACCESCAN
            CODE    B70DH     0005H     UNIT         ?PR?COND_INI_TIBBO?TIBBO
            CODE    B712H     0003H     UNIT         ?PR?OFF_TIMER0_INTERRUP?MAIN
            CODE    B715H     0003H     UNIT         ?CO?PTO_PARALELO
            CODE    B718H     0001H     UNIT         ?PR?DELAY?DELAY



OVERLAY MAP OF MODULE:   .\Objects\expedidor_v_01_raspberry (MAIN)

BL51 BANKED LINKER/LOCATER V6.22.2.0                                                  11/11/2020  12:18:32  PAGE 7



SEGMENT                                             BIT_GROUP          DATA_GROUP          XDATA_GROUP
  +--> CALLED SEGMENT                            START    LENGTH     START    LENGTH     START    LENGTH
--------------------------------------------------------------------------------------------------------
?C_C51STARTUP                                    -----    -----      -----    -----      -----    -----
  +--> ?PR?MAIN?MAIN
  +--> ?C_INITSEG

?PR?MAIN?MAIN                                    -----    -----      -----    -----      0000H    0001H
  +--> ?PR?INI_TIMER?MAIN
  +--> ?PR?ON_TIMER0_INTERRUP?MAIN
  +--> ?PR?COM_INITIALIZE?UART
  +--> ?PR?COM_BAUDRATE?UART
  +--> ?PR?INICIA_BOARD?MAIN
  +--> ?PR?TIME_BIT?TIBBO
  +--> ?PR?_DELAY_20US?DELAY
  +--> ?PR?TIME_MBIT?TIBBO
  +--> ?PR?_TX_AUX?TIBBO
  +--> ?PR?SEL_FUNCION?IO_SENSORES
  +--> ?PR?MENU?PROG
  +--> ?PR?VARIABLE_INICIO?MAIN
  +--> ?PR?SECUENCIA_INICIO_EXPEDIDOR?VERIFI...
  +--> ?PR?RX_MONITOR?MONITOR
  +--> ?PR?_SECUENCIAEXPEDIDORMF?VERIFICADOR
  +--> ?PR?_RECIBE_PORT?PTO_PARALELO
  +--> ?PR?_DEBUG_PTO_PARALELO?TIBBO
  +--> ?PR?_VALIDA_TRAMA_PTO?ACCESCAN
  +--> ?PR?MSJ_LCD_INFORMATIVO?IO_SENSORES

?PR?COM_INITIALIZE?UART                          -----    -----      -----    -----      -----    -----
  +--> ?PR?COM_BAUDRATE?UART

?PR?INICIA_BOARD?MAIN                            -----    -----      -----    -----      -----    -----
  +--> ?PR?COND_INI_TIBBO?TIBBO
  +--> ?PR?COND_INI_CLOCK?CLOCK
  +--> ?PR?COND_INI_PTO?PTO_PARALELO

?PR?_TX_AUX?TIBBO                                -----    -----      -----    -----      -----    -----
  +--> ?PR?TIME_BIT?TIBBO

?PR?MENU?PROG                                    -----    -----      -----    -----      0001H    0045H
  +--> ?CO?PROG
  +--> ?PR?PRINTF?PRINTF
  +--> ?PR?_RD_EEPROM?EEPROM
  +--> ?PR?FIRST_CLAVE?PROG
  +--> ?PR?_WR_EEPROM?EEPROM
  +--> ?PR?_LEERMEMORIA?EEPROM
  +--> ?PR?_HASH_ID?PROG
  +--> ?PR?_INGRESADATO?PROG
  +--> ?PR?_GETCMD?PROG
  +--> ?PR?_ESCRIBIRMEMORIA?EEPROM
  +--> ?PR?_VALIDARCLAVE?PROG
  +--> ?PR?DISPLAYCURSOR?PROG
  +--> ?PR?_STRLEN?STRLEN
  +--> ?PR?_GETOPTION?PROG
  +--> ?PR?_STRCAT?STRCAT
  +--> ?PR?_LISTACOMANDOS?PROG
BL51 BANKED LINKER/LOCATER V6.22.2.0                                                  11/11/2020  12:18:32  PAGE 8


  +--> ?PR?PROG_ID_CLIENTE?PROG
  +--> ?PR?PROG_COD_PARK?PROG
  +--> ?PR?PROG_TIEMPO_GRACIA?PROG
  +--> ?PR?PROG_SIN_COBRO?PROG
  +--> ?PR?PROG_DEBUG?PROG
  +--> ?PR?PROG_USE_LPR?PROG
  +--> ?PR?TIPO_PANTALLA?PROG
  +--> ?PR?PROG_TARJETA_AUTOMATICA_O_BOTON?PROG
  +--> ?PR?PROG_ANTIPASSBACK?PROG
  +--> ?PR?PROG_PLACA?PROG
  +--> ?PR?PROG_ADDRESS_HIGH_BOARD?PROG
  +--> ?PR?PROG_HORARIOS?PROG
  +--> ?PR?PROG_VALIDAR_TIPO_VEHICULO_MENSUA...
  +--> ?PR?PROG_APB_MENSUAL?PROG
  +--> ?PR?VER_PROG?PROG
  +--> ?PR?SHOW?PROG
  +--> ?PR?PROG_FECHA_VENCIMIENTO?PROG

?PR?PRINTF?PRINTF                                0020H.0  0001H.1    0008H    0005H      0077H    0030H
  +--> ?PR?_PUTCHAR?MAIN

?PR?_PUTCHAR?MAIN                                -----    -----      -----    -----      00A7H    0003H
  +--> ?PR?_COM_PUTCHAR?UART

?PR?_COM_PUTCHAR?UART                            -----    -----      -----    -----      00AAH    0001H
  +--> ?PR?COM_TBUFLEN?UART

?PR?_RD_EEPROM?EEPROM                            -----    -----      -----    -----      -----    -----
  +--> ?PR?START?EEPROM
  +--> ?PR?ACK_LECT?EEPROM
  +--> ?PR?_E_D_M?EEPROM
  +--> ?PR?ACKD?EEPROM
  +--> ?PR?L_D_M?EEPROM
  +--> ?PR?STOP?EEPROM

?PR?ACK_LECT?EEPROM                              -----    -----      -----    -----      -----    -----
  +--> ?PR?_E_D_M?EEPROM

?PR?_E_D_M?EEPROM                                -----    -----      -----    -----      -----    -----
  +--> ?PR?P_ME?EEPROM

?PR?ACKD?EEPROM                                  -----    -----      -----    -----      -----    -----
  +--> ?PR?_E_D_M?EEPROM

?PR?FIRST_CLAVE?PROG                             -----    -----      -----    -----      0046H    000BH
  +--> ?PR?_BLOCK_READ_CLOCK_ASCII?CLOCK
  +--> ?PR?_HASH_ID?PROG
  +--> ?PR?_ESCRIBIRMEMORIA?EEPROM

?PR?_BLOCK_READ_CLOCK_ASCII?CLOCK                -----    -----      -----    -----      0051H    0003H
  +--> ?PR?_LEE_CLK?CLOCK

?PR?_LEE_CLK?CLOCK                               -----    -----      -----    -----      00B1H    0003H
  +--> ?PR?_DELAY_20US?DELAY
  +--> ?PR?_EB_CLK?CLOCK
  +--> ?PR?P_CK?CLOCK

BL51 BANKED LINKER/LOCATER V6.22.2.0                                                  11/11/2020  12:18:32  PAGE 9


?PR?_EB_CLK?CLOCK                                -----    -----      -----    -----      00B4H    0003H
  +--> ?PR?P_CK?CLOCK

?PR?P_CK?CLOCK                                   -----    -----      -----    -----      -----    -----
  +--> ?PR?DELAY?DELAY

?PR?_HASH_ID?PROG                                -----    -----      -----    -----      005DH    003FH
  +--> ?CO?PROG
  +--> ?PR?_LEERMEMORIA?EEPROM
  +--> ?PR?_CHECK_FECHAOUT?CLOCK
  +--> ?PR?_STRLEN?STRLEN

?PR?_LEERMEMORIA?EEPROM                          -----    -----      -----    -----      009CH    0005H
  +--> ?PR?_RD_EEPROM?EEPROM

?PR?_CHECK_FECHAOUT?CLOCK                        -----    -----      -----    -----      009CH    0012H
  +--> ?PR?_BLOCK_READ_CLOCK_HEX?CLOCK

?PR?_BLOCK_READ_CLOCK_HEX?CLOCK                  -----    -----      -----    -----      00AEH    0003H
  +--> ?PR?_LEE_CLK?CLOCK
  +--> ?PR?_BCD_HEX?CLOCK

?PR?_ESCRIBIRMEMORIA?EEPROM                      -----    -----      -----    -----      005DH    0005H
  +--> ?PR?_WR_EEPROM?EEPROM

?PR?_WR_EEPROM?EEPROM                            -----    -----      -----    -----      -----    -----
  +--> ?PR?START?EEPROM
  +--> ?PR?ACKD?EEPROM
  +--> ?PR?_E_D_M?EEPROM
  +--> ?PR?STOP?EEPROM
  +--> ?PR?_DELAY_1MS?DELAY
  +--> ?PR?_DELAY_20US?DELAY

?PR?_DELAY_1MS?DELAY                             -----    -----      -----    -----      -----    -----
  +--> ?PR?_DELAY_20US?DELAY

?PR?_INGRESADATO?PROG                            -----    -----      -----    -----      0071H    0004H
  +--> ?PR?_GETKEY?MAIN
  +--> ?CO?PROG
  +--> ?PR?PRINTF?PRINTF
  +--> ?PR?_PUTCHAR?MAIN

?PR?_GETKEY?MAIN                                 -----    -----      -----    -----      -----    -----
  +--> ?PR?COM_GETCHAR?UART

?PR?COM_GETCHAR?UART                             -----    -----      -----    -----      -----    -----
  +--> ?PR?COM_RBUFLEN?UART

?PR?_GETCMD?PROG                                 -----    -----      -----    -----      005DH    0007H
  +--> ?CO?PROG
  +--> ?PR?_STRTOK?STRTOK

?PR?_STRTOK?STRTOK                               -----    -----      -----    -----      0064H    0006H
  +--> ?PR?_STRSPN?STRSPN
  +--> ?PR?_STRPBRK?STRPBRK

?PR?_STRSPN?STRSPN                               -----    -----      -----    -----      006AH    0008H
BL51 BANKED LINKER/LOCATER V6.22.2.0                                                  11/11/2020  12:18:32  PAGE 10



?PR?_STRPBRK?STRPBRK                             -----    -----      -----    -----      006AH    0009H

?PR?_VALIDARCLAVE?PROG                           -----    -----      -----    -----      005DH    000EH

?PR?DISPLAYCURSOR?PROG                           -----    -----      -----    -----      -----    -----
  +--> ?CO?PROG
  +--> ?PR?PRINTF?PRINTF

?PR?_GETOPTION?PROG                              -----    -----      -----    -----      0046H    000BH
  +--> ?CO?PROG
  +--> ?PR?_STRTOK?STRTOK

?PR?_STRCAT?STRCAT                               -----    -----      -----    -----      0046H    0009H

?PR?_LISTACOMANDOS?PROG                          -----    -----      -----    -----      0046H    0007H

?PR?PROG_ID_CLIENTE?PROG                         -----    -----      -----    -----      0046H    000CH
  +--> ?PR?_RD_EEPROM?EEPROM
  +--> ?CO?PROG
  +--> ?PR?PRINTF?PRINTF
  +--> ?PR?_INGRESADATO?PROG
  +--> ?PR?_ATOI?ATOI
  +--> ?PR?_WR_EEPROM?EEPROM

?PR?_ATOI?ATOI                                   0020H.0  0000H.1    -----    -----      0071H    0005H
  +--> ?PR?_ISSPACE?ISSPACE
  +--> ?PR?_ISDIGIT?ISDIGIT

?PR?PROG_COD_PARK?PROG                           -----    -----      -----    -----      0046H    000CH
  +--> ?PR?_RD_EEPROM?EEPROM
  +--> ?CO?PROG
  +--> ?PR?PRINTF?PRINTF
  +--> ?PR?_INGRESADATO?PROG
  +--> ?PR?_ATOI?ATOI
  +--> ?PR?_WR_EEPROM?EEPROM

?PR?PROG_TIEMPO_GRACIA?PROG                      -----    -----      -----    -----      0046H    000CH
  +--> ?PR?_RD_EEPROM?EEPROM
  +--> ?CO?PROG
  +--> ?PR?PRINTF?PRINTF
  +--> ?PR?_INGRESADATO?PROG
  +--> ?PR?_ATOI?ATOI
  +--> ?PR?_WR_EEPROM?EEPROM

?PR?PROG_SIN_COBRO?PROG                          -----    -----      -----    -----      0046H    000CH
  +--> ?PR?_RD_EEPROM?EEPROM
  +--> ?CO?PROG
  +--> ?PR?PRINTF?PRINTF
  +--> ?PR?_INGRESADATO?PROG
  +--> ?PR?_ATOI?ATOI
  +--> ?PR?_WR_EEPROM?EEPROM

?PR?PROG_DEBUG?PROG                              -----    -----      -----    -----      0046H    000CH
  +--> ?PR?_RD_EEPROM?EEPROM
  +--> ?CO?PROG
  +--> ?PR?PRINTF?PRINTF
BL51 BANKED LINKER/LOCATER V6.22.2.0                                                  11/11/2020  12:18:32  PAGE 11


  +--> ?PR?_INGRESADATO?PROG
  +--> ?PR?_ATOI?ATOI
  +--> ?PR?_WR_EEPROM?EEPROM

?PR?PROG_USE_LPR?PROG                            -----    -----      -----    -----      0046H    000CH
  +--> ?PR?_RD_EEPROM?EEPROM
  +--> ?CO?PROG
  +--> ?PR?PRINTF?PRINTF
  +--> ?PR?_INGRESADATO?PROG
  +--> ?PR?_ATOI?ATOI
  +--> ?PR?_WR_EEPROM?EEPROM

?PR?TIPO_PANTALLA?PROG                           -----    -----      -----    -----      0046H    000CH
  +--> ?PR?_RD_EEPROM?EEPROM
  +--> ?CO?PROG
  +--> ?PR?PRINTF?PRINTF
  +--> ?PR?_INGRESADATO?PROG
  +--> ?PR?_ATOI?ATOI
  +--> ?PR?_WR_EEPROM?EEPROM

?PR?PROG_TARJETA_AUTOMATICA_O_BOTON?PROG         -----    -----      -----    -----      0046H    000CH
  +--> ?PR?_RD_EEPROM?EEPROM
  +--> ?CO?PROG
  +--> ?PR?PRINTF?PRINTF
  +--> ?PR?_INGRESADATO?PROG
  +--> ?PR?_ATOI?ATOI
  +--> ?PR?_WR_EEPROM?EEPROM

?PR?PROG_ANTIPASSBACK?PROG                       -----    -----      -----    -----      0046H    000CH
  +--> ?PR?_RD_EEPROM?EEPROM
  +--> ?CO?PROG
  +--> ?PR?PRINTF?PRINTF
  +--> ?PR?_INGRESADATO?PROG
  +--> ?PR?_ATOI?ATOI
  +--> ?PR?_WR_EEPROM?EEPROM

?PR?PROG_PLACA?PROG                              -----    -----      -----    -----      0046H    000CH
  +--> ?PR?_RD_EEPROM?EEPROM
  +--> ?CO?PROG
  +--> ?PR?PRINTF?PRINTF
  +--> ?PR?_INGRESADATO?PROG
  +--> ?PR?_ATOI?ATOI
  +--> ?PR?_WR_EEPROM?EEPROM

?PR?PROG_ADDRESS_HIGH_BOARD?PROG                 -----    -----      -----    -----      0046H    000CH
  +--> ?PR?_RD_EEPROM?EEPROM
  +--> ?CO?PROG
  +--> ?PR?PRINTF?PRINTF
  +--> ?PR?_INGRESADATO?PROG
  +--> ?PR?_ATOI?ATOI
  +--> ?PR?_WR_EEPROM?EEPROM

?PR?PROG_HORARIOS?PROG                           -----    -----      -----    -----      0046H    001BH
  +--> ?PR?ADDR_HORARIOS?PROG
  +--> ?CO?PROG
  +--> ?PR?PRINTF?PRINTF
  +--> ?PR?_INGRESADATO?PROG
BL51 BANKED LINKER/LOCATER V6.22.2.0                                                  11/11/2020  12:18:32  PAGE 12


  +--> ?PR?_ATOI?ATOI
  +--> ?PR?_PROG_HORARIOS_ON_OFF?PROG
  +--> ?PR?_WR_EEPROM?EEPROM
  +--> ?PR?_PROG_HORARIO_DIAS?PROG
  +--> ?PR?_PROG_HORARIO_DESDE_HASTA?PROG
  +--> ?PR?_RD_EEPROM?EEPROM

?PR?ADDR_HORARIOS?PROG                           -----    -----      -----    -----      0074H    000BH

?PR?_PROG_HORARIOS_ON_OFF?PROG                   -----    -----      -----    -----      0061H    0010H
  +--> ?PR?_RD_EEPROM?EEPROM
  +--> ?CO?PROG
  +--> ?PR?PRINTF?PRINTF
  +--> ?PR?_INGRESADATO?PROG
  +--> ?PR?_ATOI?ATOI
  +--> ?PR?_WR_EEPROM?EEPROM

?PR?_PROG_HORARIO_DIAS?PROG                      -----    -----      -----    -----      0061H    000FH
  +--> ?CO?PROG
  +--> ?PR?PRINTF?PRINTF
  +--> ?PR?_INGRESADATO?PROG
  +--> ?PR?_WR_EEPROM?EEPROM
  +--> ?PR?_RD_EEPROM?EEPROM

?PR?_PROG_HORARIO_DESDE_HASTA?PROG               -----    -----      -----    -----      0061H    000CH
  +--> ?CO?PROG
  +--> ?PR?PRINTF?PRINTF
  +--> ?PR?_INGRESADATO?PROG
  +--> ?PR?_WR_EEPROM?EEPROM
  +--> ?PR?_RD_EEPROM?EEPROM

?PR?PROG_VALIDAR_TIPO_VEHICULO_MENSUA...         -----    -----      -----    -----      0046H    000CH
  +--> ?PR?_RD_EEPROM?EEPROM
  +--> ?CO?PROG
  +--> ?PR?PRINTF?PRINTF
  +--> ?PR?_INGRESADATO?PROG
  +--> ?PR?_ATOI?ATOI
  +--> ?PR?_WR_EEPROM?EEPROM

?PR?PROG_APB_MENSUAL?PROG                        -----    -----      -----    -----      0046H    000CH
  +--> ?PR?_RD_EEPROM?EEPROM
  +--> ?CO?PROG
  +--> ?PR?PRINTF?PRINTF
  +--> ?PR?_INGRESADATO?PROG
  +--> ?PR?_ATOI?ATOI
  +--> ?PR?_WR_EEPROM?EEPROM

?PR?VER_PROG?PROG                                -----    -----      -----    -----      0046H    0013H
  +--> ?PR?_RD_EEPROM?EEPROM
  +--> ?CO?PROG
  +--> ?PR?PRINTF?PRINTF
  +--> ?PR?VER_HORARIO?PROG
  +--> ?PR?_LEERMEMORIA?EEPROM
  +--> ?PR?_HEX_ASCII?CLOCK

?PR?VER_HORARIO?PROG                             -----    -----      -----    -----      0059H    001BH
  +--> ?PR?ADDR_HORARIOS?PROG
BL51 BANKED LINKER/LOCATER V6.22.2.0                                                  11/11/2020  12:18:32  PAGE 13


  +--> ?CO?PROG
  +--> ?PR?PRINTF?PRINTF
  +--> ?PR?_RD_EEPROM?EEPROM
  +--> ?PR?_VER_HORARIO_DIAS?PROG
  +--> ?PR?_VER_HORARIO_DESDE_HASTA?PROG

?PR?_VER_HORARIO_DIAS?PROG                       -----    -----      -----    -----      0074H    0003H
  +--> ?PR?_RD_EEPROM?EEPROM
  +--> ?CO?PROG
  +--> ?PR?PRINTF?PRINTF

?PR?_VER_HORARIO_DESDE_HASTA?PROG                -----    -----      -----    -----      0074H    0002H
  +--> ?CO?PROG
  +--> ?PR?PRINTF?PRINTF
  +--> ?PR?_RD_EEPROM?EEPROM

?PR?_HEX_ASCII?CLOCK                             -----    -----      -----    -----      005DH    0006H
  +--> ?PR?_HEX_BCD?CLOCK

?PR?SHOW?PROG                                    -----    -----      -----    -----      -----    -----
  +--> ?CO?PROG
  +--> ?PR?PRINTF?PRINTF

?PR?PROG_FECHA_VENCIMIENTO?PROG                  -----    -----      -----    -----      0046H    0017H
  +--> ?PR?_LEERMEMORIA?EEPROM
  +--> ?PR?_HEX_ASCII?CLOCK
  +--> ?CO?PROG
  +--> ?PR?PRINTF?PRINTF
  +--> ?PR?_HASH_ID?PROG
  +--> ?PR?_INGRESADATO?PROG
  +--> ?PR?_GETCMD?PROG
  +--> ?PR?_ESCRIBIRMEMORIA?EEPROM
  +--> ?PR?_VALIDARCLAVE?PROG
  +--> ?PR?_ATOI?ATOI
  +--> ?PR?_WR_EEPROM?EEPROM

?PR?VARIABLE_INICIO?MAIN                         -----    -----      -----    -----      -----    -----
  +--> ?PR?_RD_EEPROM?EEPROM

?PR?SECUENCIA_INICIO_EXPEDIDOR?VERIFI...         -----    -----      -----    -----      0001H    0001H
  +--> ?PR?_INICIALIZA?LINTECH
  +--> ?PR?TRAMA_VALIDACION_P_N?VERIFICADOR
  +--> ?CO?VERIFICADOR
  +--> ?PR?_DEBUG_TXT_TIBBO?TIBBO
  +--> ?PR?_DEBUGBUFFERMF?TIBBO
  +--> ?PR?DWLOAD_EEPROM?LINTECH

?PR?_INICIALIZA?LINTECH                          -----    -----      -----    -----      0002H    000CH
  +--> ?CO?LINTECH
  +--> ?PR?_DEBUG_TXT_TIBBO?TIBBO
  +--> ?PR?_DEBUGBUFFERMF?TIBBO
  +--> ?PR?_ESCRIBIRCADENASOFT_BUFFER?MAIN

?PR?_DEBUG_TXT_TIBBO?TIBBO                       -----    -----      -----    -----      0037H    0004H
  +--> ?PR?_DEBUG_CHR_TIBBO?TIBBO
  +--> ?CO?TIBBO
  +--> ?PR?_TX_AUX?TIBBO
BL51 BANKED LINKER/LOCATER V6.22.2.0                                                  11/11/2020  12:18:32  PAGE 14



?PR?_DEBUG_CHR_TIBBO?TIBBO                       -----    -----      -----    -----      -----    -----
  +--> ?PR?_TX_AUX?TIBBO

?PR?_DEBUGBUFFERMF?TIBBO                         -----    -----      -----    -----      0027H    0006H
  +--> ?CO?TIBBO
  +--> ?PR?_DEBUG_TXT_TIBBO?TIBBO
  +--> ?PR?_DEBUG_CHR_TIBBO?TIBBO
  +--> ?PR?_TX_AUX?TIBBO

?PR?_ESCRIBIRCADENASOFT_BUFFER?MAIN              -----    -----      -----    -----      0027H    0006H
  +--> ?PR?_PUTCHAR?MAIN

?PR?TRAMA_VALIDACION_P_N?VERIFICADOR             -----    -----      -----    -----      -----    -----
  +--> ?CO?VERIFICADOR
  +--> ?PR?_DEBUG_TXT_TIBBO?TIBBO

?PR?DWLOAD_EEPROM?LINTECH                        -----    -----      -----    -----      0002H    0016H
  +--> ?CO?LINTECH
  +--> ?PR?_DEBUG_TXT_TIBBO?TIBBO
  +--> ?PR?_DEBUGBUFFERMF?TIBBO
  +--> ?PR?_ESCRIBIRCADENASOFT_BUFFER?MAIN

?PR?RX_MONITOR?MONITOR                           -----    -----      -----    -----      0009H    000DH
  +--> ?PR?_RECIBE_CMD_MONITOR?MONITOR
  +--> ?PR?_DEBUG_MONITOR?TIBBO
  +--> ?PR?_VALIDA_TRAMA_MONITOR?MONITOR

?PR?_RECIBE_CMD_MONITOR?MONITOR                  -----    -----      -----    -----      0016H    0009H
  +--> ?PR?RX_DATA?TIBBO

?PR?RX_DATA?TIBBO                                -----    -----      -----    -----      -----    -----
  +--> ?PR?TIME_MBIT?TIBBO
  +--> ?PR?TIME_BIT?TIBBO

?PR?_DEBUG_MONITOR?TIBBO                         -----    -----      -----    -----      0016H    0004H
  +--> ?PR?DEBUG_DIVIDIR_TEXTO?TIBBO
  +--> ?CO?TIBBO
  +--> ?PR?_DEBUG_TXT_TIBBO?TIBBO

?PR?DEBUG_DIVIDIR_TEXTO?TIBBO                    -----    -----      -----    -----      -----    -----
  +--> ?CO?TIBBO
  +--> ?PR?_DEBUG_TXT_TIBBO?TIBBO

?PR?_VALIDA_TRAMA_MONITOR?MONITOR                -----    -----      -----    -----      0016H    0005H

?PR?_SECUENCIAEXPEDIDORMF?VERIFICADOR            -----    -----      -----    -----      0001H    0001H
  +--> ?PR?_CHECK_STATUS?LINTECH
  +--> ?PR?_LOAD_SECUENCIA_EXPEDIDOR?VERIFIC...
  +--> ?PR?_RTA_CMD_TRANSPORTE?VERIFICADOR
  +--> ?PR?_MOV_CARD?LINTECH
  +--> ?PR?_CARD_INSERCION?LINTECH
  +--> ?PR?AUT_CARD_CHECK_STATUS?LINTECH
  +--> ?PR?LOADVERIFY_EEPROM?LINTECH
  +--> ?PR?_RD_MF?LINTECH
  +--> ?PR?_WR_MF?LINTECH
  +--> ?PR?DWLOAD_EEPROM?LINTECH
BL51 BANKED LINKER/LOCATER V6.22.2.0                                                  11/11/2020  12:18:32  PAGE 15


  +--> ?PR?ENTREGA_CARD_CAPTURA?VERIFICADOR
  +--> ?PR?_SEND_PTO_PARALELO?VERIFICADOR
  +--> ?PR?_WAIT_PLACA?VERIFICADOR
  +--> ?PR?UNIQUE_IDENTIFIER_UID?LINTECH
  +--> ?PR?_PREGUNTA_LPR?VERIFICADOR
  +--> ?PR?PREGUNTA_PLACA?VERIFICADOR
  +--> ?PR?_VALIDA_TIPO_TARJETA?VERIFICADOR
  +--> ?PR?POWER_OFF?LINTECH
  +--> ?PR?CLAVE_SEGURIDAD_S2?LINTECH
  +--> ?PR?RESPONDE_ESTADO_SENSORES_TRANSPOR...
  +--> ?PR?RESPONDE_TIPO_TARJETA?VERIFICADOR
  +--> ?PR?_RESPONDE_LECTURA_TARJETA_SECTOR1...
  +--> ?PR?_RESPONDE_LECTURA_TARJETA_SECTOR1...
  +--> ?PR?_RESPONDE_LECTURA_TARJETA_SECTOR1...
  +--> ?PR?_RESPONDE_WRITE_TARJETA_SECTOR1_B...
  +--> ?PR?_RESPONDE_WRITE_TARJETA_SECTOR2_B...
  +--> ?PR?_RESPONDE_WRITE_TARJETA_SECTOR1_B...
  +--> ?PR?_RESPONDE_WRITE_TARJETA_SECTOR1_B...
  +--> ?PR?_DISPARO_LOCK_ENTRADA_VEHICULO?VE...
  +--> ?PR?_RESPUESTA_SEGUNDA_CLAVE?VERIFICADOR
  +--> ?PR?ANALIZA_PRESENCIA_MENSUAL?VERIFIC...
  +--> ?PR?_ANALIZA_UID_CARD?VERIFICADOR
  +--> ?PR?ANALIZA_PRESENCIA_ROTACION?VERIFI...
  +--> ?CO?VERIFICADOR
  +--> ?PR?_DEBUG_TXT_TIBBO?TIBBO

?PR?_CHECK_STATUS?LINTECH                        -----    -----      -----    -----      0002H    000BH
  +--> ?CO?LINTECH
  +--> ?PR?_DEBUG_TXT_TIBBO?TIBBO
  +--> ?PR?_DEBUGBUFFERMF?TIBBO
  +--> ?PR?_ESCRIBIRCADENASOFT_BUFFER?MAIN

?PR?_LOAD_SECUENCIA_EXPEDIDOR?VERIFIC...         -----    -----      -----    -----      0002H    0009H

?PR?_RTA_CMD_TRANSPORTE?VERIFICADOR              -----    -----      -----    -----      0002H    0005H
  +--> ?PR?TRAMA_VALIDACION_P_N?VERIFICADOR
  +--> ?CO?VERIFICADOR
  +--> ?PR?_DEBUG_TXT_TIBBO?TIBBO
  +--> ?PR?_DEBUGBUFFERMF?TIBBO
  +--> ?PR?ERROR_RX_PTO?VERIFICADOR

?PR?ERROR_RX_PTO?VERIFICADOR                     -----    -----      -----    -----      0007H    0001H
  +--> ?CO?VERIFICADOR
  +--> ?PR?_DEBUG_TXT_TIBBO?TIBBO
  +--> ?PR?_DEBUG_CHR_TIBBO?TIBBO
  +--> ?PR?_DELAY_10MS?DELAY

?PR?_DELAY_10MS?DELAY                            -----    -----      -----    -----      0008H    0004H
  +--> ?PR?_DELAY_1MS?DELAY

?PR?_MOV_CARD?LINTECH                            -----    -----      -----    -----      0002H    000CH
  +--> ?CO?LINTECH
  +--> ?PR?_DEBUG_TXT_TIBBO?TIBBO
  +--> ?PR?_DEBUGBUFFERMF?TIBBO
  +--> ?PR?_ESCRIBIRCADENASOFT_BUFFER?MAIN

?PR?_CARD_INSERCION?LINTECH                      -----    -----      -----    -----      0002H    000AH
BL51 BANKED LINKER/LOCATER V6.22.2.0                                                  11/11/2020  12:18:32  PAGE 16


  +--> ?CO?LINTECH
  +--> ?PR?_DEBUG_TXT_TIBBO?TIBBO
  +--> ?PR?_DEBUGBUFFERMF?TIBBO
  +--> ?PR?_ESCRIBIRCADENASOFT_BUFFER?MAIN

?PR?AUT_CARD_CHECK_STATUS?LINTECH                -----    -----      -----    -----      0002H    000BH
  +--> ?CO?LINTECH
  +--> ?PR?_DEBUG_TXT_TIBBO?TIBBO
  +--> ?PR?_DEBUGBUFFERMF?TIBBO
  +--> ?PR?_ESCRIBIRCADENASOFT_BUFFER?MAIN

?PR?LOADVERIFY_EEPROM?LINTECH                    -----    -----      -----    -----      0002H    0010H
  +--> ?CO?LINTECH
  +--> ?PR?_DEBUG_TXT_TIBBO?TIBBO
  +--> ?PR?_DEBUGBUFFERMF?TIBBO
  +--> ?PR?_ESCRIBIRCADENASOFT_BUFFER?MAIN

?PR?_RD_MF?LINTECH                               -----    -----      -----    -----      0002H    0012H
  +--> ?CO?LINTECH
  +--> ?PR?_DEBUG_TXT_TIBBO?TIBBO
  +--> ?PR?_DEBUG_CHR_TIBBO?TIBBO
  +--> ?PR?_DEBUGBUFFERMF?TIBBO
  +--> ?PR?_ESCRIBIRCADENASOFT_BUFFER?MAIN

?PR?_WR_MF?LINTECH                               -----    -----      -----    -----      0002H    0025H
  +--> ?CO?LINTECH
  +--> ?PR?_DEBUG_TXT_TIBBO?TIBBO
  +--> ?PR?_DEBUG_CHR_TIBBO?TIBBO
  +--> ?PR?_DEBUGBUFFERMF?TIBBO
  +--> ?PR?_ESCRIBIRCADENASOFT_BUFFER?MAIN

?PR?ENTREGA_CARD_CAPTURA?VERIFICADOR             -----    -----      -----    -----      0002H    0001H
  +--> ?CO?VERIFICADOR
  +--> ?PR?_DEBUG_TXT_TIBBO?TIBBO
  +--> ?PR?SEL_SENSOR2?IO_SENSORES
  +--> ?PR?VALIDASENSOR?IO_SENSORES
  +--> ?PR?VALIDA_SENSOR1_AUTO?IO_SENSORES

?PR?VALIDA_SENSOR1_AUTO?IO_SENSORES              -----    -----      -----    -----      0011H    0001H
  +--> ?PR?SEL_SENSOR1?IO_SENSORES
  +--> ?PR?SEL_AUTO?IO_SENSORES
  +--> ?CO?IO_SENSORES
  +--> ?PR?_DEBUG_TXT_TIBBO?TIBBO
  +--> ?PR?BOTTON?IO_SENSORES

?PR?BOTTON?IO_SENSORES                           -----    -----      -----    -----      -----    -----
  +--> ?PR?SEL_PULSA?IO_SENSORES
  +--> ?CO?IO_SENSORES
  +--> ?PR?_DEBUG_TXT_TIBBO?TIBBO

?PR?_SEND_PTO_PARALELO?VERIFICADOR               -----    -----      -----    -----      0002H    0004H
  +--> ?PR?_ARMAR_TRAMA_PTO_PARALELO_EXPEDID...
  +--> ?PR?_ARMAR_TRAMA_PTO_PARALELO_EXPEDID...
  +--> ?PR?INCREMENTE_TICKET?EEPROM
  +--> ?PR?_SEND_PORT?PTO_PARALELO
  +--> ?CO?VERIFICADOR
  +--> ?PR?_DEBUG_TXT_TIBBO?TIBBO
BL51 BANKED LINKER/LOCATER V6.22.2.0                                                  11/11/2020  12:18:32  PAGE 17


  +--> ?PR?_DEBUGBUFFERMF?TIBBO
  +--> ?PR?CLEAR_PLACA?MONITOR

?PR?_ARMAR_TRAMA_PTO_PARALELO_EXPEDID...         -----    -----      -----    -----      0006H    0006H
  +--> ?PR?_BLOCK_READ_CLOCK_HEX?CLOCK
  +--> ?PR?_RD_EEPROM?EEPROM

?PR?_ARMAR_TRAMA_PTO_PARALELO_EXPEDID...         -----    -----      -----    -----      0006H    000FH
  +--> ?PR?LEE_NO_TICKET?EEPROM
  +--> ?PR?_STRCAT?STRCAT
  +--> ?PR?_STRLEN?STRLEN
  +--> ?PR?_BLOCK_READ_CLOCK_HEX?CLOCK
  +--> ?PR?_RD_EEPROM?EEPROM

?PR?LEE_NO_TICKET?EEPROM                         -----    -----      -----    -----      001DH    000BH
  +--> ?PR?READ_EEPROM_TICKET?EEPROM
  +--> ?CO?EEPROM
  +--> ?PR?PRINTF?PRINTF
  +--> ?PR?_STRLEN?STRLEN
  +--> ?PR?_DEBUG_TXT_TIBBO?TIBBO

?PR?READ_EEPROM_TICKET?EEPROM                    -----    -----      -----    -----      0028H    0007H
  +--> ?PR?_RD_EEPROM?EEPROM

?PR?INCREMENTE_TICKET?EEPROM                     -----    -----      -----    -----      0006H    000BH
  +--> ?PR?READ_EEPROM_TICKET?EEPROM
  +--> ?CO?EEPROM
  +--> ?PR?PRINTF?PRINTF
  +--> ?PR?_WRITE_EEPROM_TICKET?EEPROM

?PR?_WRITE_EEPROM_TICKET?EEPROM                  -----    -----      -----    -----      0015H    000BH
  +--> ?CO?EEPROM
  +--> ?PR?_DEBUG_TXT_TIBBO?TIBBO
  +--> ?PR?_ATOL?ATOL
  +--> ?PR?_DEBUG_CHR_TIBBO?TIBBO
  +--> ?PR?_WR_EEPROM?EEPROM

?PR?_ATOL?ATOL                                   0020H.0  0000H.1    -----    -----      0020H    0007H
  +--> ?PR?_ISSPACE?ISSPACE
  +--> ?PR?_ISDIGIT?ISDIGIT

?PR?_SEND_PORT?PTO_PARALELO                      -----    -----      -----    -----      0015H    000AH
  +--> ?PR?PULSO_BUS?PTO_PARALELO
  +--> ?PR?_DELAY_20US?DELAY

?PR?PULSO_BUS?PTO_PARALELO                       -----    -----      -----    -----      -----    -----
  +--> ?PR?_DELAY_20US?DELAY

?PR?_WAIT_PLACA?VERIFICADOR                      -----    -----      -----    -----      0002H    0007H
  +--> ?CO?VERIFICADOR
  +--> ?PR?_DEBUG_TXT_TIBBO?TIBBO
  +--> ?PR?RX_MONITOR?MONITOR
  +--> ?PR?_RESPUESTA_PLACA_CANCEL?VERIFICADOR

?PR?_RESPUESTA_PLACA_CANCEL?VERIFICADOR          -----    -----      -----    -----      0009H    000AH
  +--> ?CO?VERIFICADOR
  +--> ?PR?_DEBUG_TXT_TIBBO?TIBBO
BL51 BANKED LINKER/LOCATER V6.22.2.0                                                  11/11/2020  12:18:32  PAGE 18


  +--> ?PR?_ARMAR_TRAMA_TARJETA_SECTOR1_BLOQ...

?PR?_ARMAR_TRAMA_TARJETA_SECTOR1_BLOQ...         -----    -----      -----    -----      0013H    0004H
  +--> ?PR?CLEAR_PLACA?MONITOR
  +--> ?PR?_RD_EEPROM?EEPROM

?PR?UNIQUE_IDENTIFIER_UID?LINTECH                -----    -----      -----    -----      0002H    000BH
  +--> ?CO?LINTECH
  +--> ?PR?_DEBUG_TXT_TIBBO?TIBBO
  +--> ?PR?_DEBUGBUFFERMF?TIBBO
  +--> ?PR?_ESCRIBIRCADENASOFT_BUFFER?MAIN

?PR?_PREGUNTA_LPR?VERIFICADOR                    -----    -----      -----    -----      0002H    0003H
  +--> ?CO?VERIFICADOR
  +--> ?PR?_DEBUG_TXT_TIBBO?TIBBO
  +--> ?PR?_RD_EEPROM?EEPROM
  +--> ?PR?_ARMAR_TRAMA_MONITOR?VERIFICADOR

?PR?_ARMAR_TRAMA_MONITOR?VERIFICADOR             -----    -----      -----    -----      0005H    000FH
  +--> ?PR?DIR_BOARD_MONITOR?IO_SENSORES
  +--> ?PR?LEE_NO_TICKET?EEPROM
  +--> ?PR?_STRCAT?STRCAT
  +--> ?PR?_BYTEHEX_DECIMAL?CLOCK
  +--> ?PR?_STRLEN?STRLEN
  +--> ?PR?_TWO_BYTEHEX_DECIMAL?CLOCK
  +--> ?PR?_BLOCK_READ_CLOCK_ASCII?CLOCK

?PR?DIR_BOARD_MONITOR?IO_SENSORES                -----    -----      -----    -----      -----    -----
  +--> ?PR?_RD_EEPROM?EEPROM

?PR?_BYTEHEX_DECIMAL?CLOCK                       -----    -----      -----    -----      0014H    0001H

?PR?_TWO_BYTEHEX_DECIMAL?CLOCK                   -----    -----      -----    -----      0014H    000CH
  +--> ?PR?_POW?POW

?PR?_POW?POW                                     -----    -----      -----    -----      0020H    000AH
  +--> ?PR?LOG?LOG
  +--> ?PR?EXP?EXP

?PR?LOG?LOG                                      0020H.0  0000H.1    -----    -----      002AH    0004H

?PR?PREGUNTA_PLACA?VERIFICADOR                   -----    -----      -----    -----      0002H    0001H
  +--> ?CO?VERIFICADOR
  +--> ?PR?_DEBUG_TXT_TIBBO?TIBBO
  +--> ?PR?_RD_EEPROM?EEPROM

?PR?_VALIDA_TIPO_TARJETA?VERIFICADOR             -----    -----      -----    -----      0002H    0007H
  +--> ?CO?VERIFICADOR
  +--> ?PR?_DEBUG_TXT_TIBBO?TIBBO
  +--> ?PR?_RD_EEPROM?EEPROM
  +--> ?PR?_TARJETA_MENSUAL?VERIFICADOR
  +--> ?PR?_SEND_PORTERR?PTO_PARALELO
  +--> ?PR?_PANTALLALCD?PANTALLAS
  +--> ?PR?CAPTURA_EXPULSA?VERIFICADOR
  +--> ?PR?_TARJETA_ROTACION?VERIFICADOR

?PR?_TARJETA_MENSUAL?VERIFICADOR                 -----    -----      -----    -----      0009H    0007H
BL51 BANKED LINKER/LOCATER V6.22.2.0                                                  11/11/2020  12:18:32  PAGE 19


  +--> ?PR?_HORARIOS?VERIFICADOR
  +--> ?PR?_CHECK_FECHAOUT?CLOCK
  +--> ?PR?_VALIDA_VEHICULO_CARD_MENSUAL?VER...
  +--> ?PR?CAPTURA_EXPULSA?VERIFICADOR
  +--> ?CO?VERIFICADOR
  +--> ?PR?_DEBUG_TXT_TIBBO?TIBBO
  +--> ?PR?_ARMAR_TRAMA_TARJETA_SECTOR1_BLOQ...
  +--> ?PR?_SEND_PORTERR?PTO_PARALELO
  +--> ?PR?_PANTALLALCD?PANTALLAS

?PR?_HORARIOS?VERIFICADOR                        -----    -----      -----    -----      0010H    0013H
  +--> ?PR?ADDR_HORARIOS?PROG
  +--> ?PR?_RD_EEPROM?EEPROM
  +--> ?PR?_LEE_CLK?CLOCK
  +--> ?CO?VERIFICADOR
  +--> ?PR?_DEBUG_TXT_TIBBO?TIBBO
  +--> ?PR?_DEBUG_CHR_TIBBO?TIBBO
  +--> ?PR?_BLOQUE_HORARIO?VERIFICADOR
  +--> ?PR?_PANTALLALCD?PANTALLAS

?PR?_BLOQUE_HORARIO?VERIFICADOR                  -----    -----      -----    -----      0023H    0007H
  +--> ?CO?VERIFICADOR
  +--> ?PR?_DEBUG_TXT_TIBBO?TIBBO
  +--> ?PR?_LEE_CLK?CLOCK
  +--> ?PR?_DEBUG_CHR_TIBBO?TIBBO
  +--> ?PR?_HORA_MAXIMA?VERIFICADOR
  +--> ?PR?_EN_HORARIO?VERIFICADOR
  +--> ?PR?_RD_EEPROM?EEPROM
  +--> ?PR?_SEND_PORTERR?PTO_PARALELO
  +--> ?PR?_PANTALLALCD?PANTALLAS

?PR?_HORA_MAXIMA?VERIFICADOR                     -----    -----      -----    -----      002FH    0008H
  +--> ?PR?_RD_EEPROM?EEPROM
  +--> ?PR?_DEBUG_CHR_TIBBO?TIBBO
  +--> ?CO?VERIFICADOR
  +--> ?PR?_DEBUG_TXT_TIBBO?TIBBO

?PR?_EN_HORARIO?VERIFICADOR                      -----    -----      -----    -----      002AH    0005H
  +--> ?CO?VERIFICADOR
  +--> ?PR?_DEBUG_TXT_TIBBO?TIBBO
  +--> ?PR?_HORA_MAXIMA?VERIFICADOR

?PR?_SEND_PORTERR?PTO_PARALELO                   -----    -----      -----    -----      002AH    0006H
  +--> ?PR?PULSO_BUS?PTO_PARALELO
  +--> ?PR?_DELAY_20US?DELAY

?PR?_PANTALLALCD?PANTALLAS                       -----    -----      -----    -----      002AH    000AH
  +--> ?CO?PANTALLAS
  +--> ?PR?_INIT_MEMPOOL?INIT_MEM
  +--> ?PR?_MALLOC?MALLOC
  +--> ?PR?_LCD_TXT?PANTALLAS
  +--> ?PR?_STRLEN?STRLEN
  +--> ?PR?_TX_CHRLCD?PANTALLAS
  +--> ?PR?_RASPBERRY_DATA?PANTALLAS
  +--> ?PR?_FREE?FREE

?PR?_MALLOC?MALLOC                               -----    -----      -----    -----      0034H    0006H
BL51 BANKED LINKER/LOCATER V6.22.2.0                                                  11/11/2020  12:18:32  PAGE 20



?PR?_LCD_TXT?PANTALLAS                           -----    -----      -----    -----      0034H    0005H
  +--> ?PR?_TX_CHRLCD?PANTALLAS

?PR?_TX_CHRLCD?PANTALLAS                         -----    -----      -----    -----      0039H    0002H
  +--> ?PR?_PUTCHAR?MAIN

?PR?_RASPBERRY_DATA?PANTALLAS                    -----    -----      -----    -----      0034H    0006H
  +--> ?PR?_STRLEN?STRLEN
  +--> ?PR?_PUTCHAR?MAIN

?PR?_FREE?FREE                                   -----    -----      -----    -----      0034H    0006H

?PR?_VALIDA_VEHICULO_CARD_MENSUAL?VER...         -----    -----      -----    -----      0010H    0004H
  +--> ?CO?VERIFICADOR
  +--> ?PR?_DEBUG_TXT_TIBBO?TIBBO
  +--> ?PR?_RD_EEPROM?EEPROM
  +--> ?PR?_SEND_PORTERR?PTO_PARALELO

?PR?_ARMAR_TRAMA_TARJETA_SECTOR1_BLOQ...         -----    -----      -----    -----      0010H    0006H
  +--> ?PR?_BLOCK_READ_CLOCK_HEX?CLOCK
  +--> ?PR?DIR_BOARD?IO_SENSORES

?PR?DIR_BOARD?IO_SENSORES                        -----    -----      -----    -----      0032H    0001H
  +--> ?PR?SEL_DIR1?IO_SENSORES
  +--> ?PR?SEL_DIR2?IO_SENSORES
  +--> ?PR?_RD_EEPROM?EEPROM

?PR?_TARJETA_ROTACION?VERIFICADOR                -----    -----      -----    -----      0009H    0006H
  +--> ?PR?_ARMAR_TRAMA_TARJETA_SECTOR1_BLOQ...

?PR?POWER_OFF?LINTECH                            -----    -----      -----    -----      0002H    000BH
  +--> ?CO?LINTECH
  +--> ?PR?_DEBUG_TXT_TIBBO?TIBBO
  +--> ?PR?_DEBUGBUFFERMF?TIBBO
  +--> ?PR?_ESCRIBIRCADENASOFT_BUFFER?MAIN

?PR?CLAVE_SEGURIDAD_S2?LINTECH                   -----    -----      -----    -----      0002H    0016H
  +--> ?CO?LINTECH
  +--> ?PR?_DEBUG_TXT_TIBBO?TIBBO
  +--> ?PR?_DEBUGBUFFERMF?TIBBO
  +--> ?PR?_ESCRIBIRCADENASOFT_BUFFER?MAIN

?PR?RESPONDE_ESTADO_SENSORES_TRANSPOR...         -----    -----      -----    -----      0002H    0001H
  +--> ?CO?VERIFICADOR
  +--> ?PR?_DEBUG_TXT_TIBBO?TIBBO
  +--> ?PR?_SEND_PORTERR?PTO_PARALELO
  +--> ?PR?INGRESO_VEHICULO?VERIFICADOR

?PR?INGRESO_VEHICULO?VERIFICADOR                 -----    -----      -----    -----      -----    -----
  +--> ?PR?VALIDASENSORESPASO?IO_SENSORES
  +--> ?PR?_RD_EEPROM?EEPROM
  +--> ?CO?VERIFICADOR
  +--> ?PR?_DEBUG_TXT_TIBBO?TIBBO
  +--> ?PR?_PANTALLALCD?PANTALLAS
  +--> ?PR?BOTTON?IO_SENSORES

BL51 BANKED LINKER/LOCATER V6.22.2.0                                                  11/11/2020  12:18:32  PAGE 21


?PR?VALIDASENSORESPASO?IO_SENSORES               -----    -----      -----    -----      0010H    0001H
  +--> ?PR?SEL_SENSOR2?IO_SENSORES
  +--> ?PR?VALIDASENSOR?IO_SENSORES
  +--> ?PR?VALIDA_SENSOR1_AUTO?IO_SENSORES
  +--> ?CO?IO_SENSORES
  +--> ?PR?_DEBUG_TXT_TIBBO?TIBBO

?PR?RESPONDE_TIPO_TARJETA?VERIFICADOR            -----    -----      -----    -----      0002H    0001H
  +--> ?CO?VERIFICADOR
  +--> ?PR?_DEBUG_TXT_TIBBO?TIBBO
  +--> ?PR?_SEND_PORTERR?PTO_PARALELO
  +--> ?PR?_PANTALLALCD?PANTALLAS
  +--> ?PR?CAPTURA_EXPULSA?VERIFICADOR

?PR?_RESPONDE_LECTURA_TARJETA_SECTOR1...         -----    -----      -----    -----      0002H    0016H
  +--> ?CO?VERIFICADOR
  +--> ?PR?_DEBUG_TXT_TIBBO?TIBBO
  +--> ?PR?_DEBUGBUFFERMF?TIBBO
  +--> ?PR?_RD_EEPROM?EEPROM
  +--> ?PR?_DEBUG_HEXDEC?TIBBO
  +--> ?PR?_DEBUG_CHR_TIBBO?TIBBO
  +--> ?PR?_SEND_PORTERR?PTO_PARALELO
  +--> ?PR?_PANTALLALCD?PANTALLAS
  +--> ?PR?CAPTURA_EXPULSA?VERIFICADOR

?PR?_DEBUG_HEXDEC?TIBBO                          -----    -----      -----    -----      0018H    0002H
  +--> ?PR?_TX_AUX?TIBBO

?PR?_RESPONDE_LECTURA_TARJETA_SECTOR1...         -----    -----      -----    -----      0002H    0004H
  +--> ?CO?VERIFICADOR
  +--> ?PR?_DEBUG_TXT_TIBBO?TIBBO
  +--> ?PR?CAPTURA_EXPULSA?VERIFICADOR

?PR?_RESPONDE_LECTURA_TARJETA_SECTOR1...         -----    -----      -----    -----      0002H    0015H
  +--> ?CO?VERIFICADOR
  +--> ?PR?_DEBUG_TXT_TIBBO?TIBBO
  +--> ?PR?_DEBUGBUFFERMF?TIBBO
  +--> ?PR?_DEBUG_CHR_TIBBO?TIBBO
  +--> ?PR?CAPTURA_EXPULSA?VERIFICADOR

?PR?_RESPONDE_WRITE_TARJETA_SECTOR1_B...         -----    -----      -----    -----      0002H    0007H
  +--> ?CO?VERIFICADOR
  +--> ?PR?_DEBUG_TXT_TIBBO?TIBBO
  +--> ?PR?_DEBUGBUFFERMF?TIBBO
  +--> ?PR?_ARMAR_TRAMA_TARJETA_SECTOR1_BLOQ...

?PR?_ARMAR_TRAMA_TARJETA_SECTOR1_BLOQ...         -----    -----      -----    -----      0009H    0003H
  +--> ?PR?LEE_NO_TICKET?EEPROM

?PR?_RESPONDE_WRITE_TARJETA_SECTOR2_B...         -----    -----      -----    -----      0002H    0003H
  +--> ?CO?VERIFICADOR
  +--> ?PR?_DEBUG_TXT_TIBBO?TIBBO
  +--> ?PR?_DEBUGBUFFERMF?TIBBO

?PR?_RESPONDE_WRITE_TARJETA_SECTOR1_B...         -----    -----      -----    -----      0002H    0003H
  +--> ?CO?VERIFICADOR
  +--> ?PR?_DEBUG_TXT_TIBBO?TIBBO
BL51 BANKED LINKER/LOCATER V6.22.2.0                                                  11/11/2020  12:18:32  PAGE 22


  +--> ?PR?_DEBUGBUFFERMF?TIBBO

?PR?_RESPONDE_WRITE_TARJETA_SECTOR1_B...         -----    -----      -----    -----      0002H    0003H
  +--> ?CO?VERIFICADOR
  +--> ?PR?_DEBUG_TXT_TIBBO?TIBBO
  +--> ?PR?_DEBUGBUFFERMF?TIBBO

?PR?_DISPARO_LOCK_ENTRADA_VEHICULO?VE...         -----    -----      -----    -----      0002H    0004H
  +--> ?CO?VERIFICADOR
  +--> ?PR?_DEBUG_TXT_TIBBO?TIBBO
  +--> ?PR?_PANTALLALCD?PANTALLAS
  +--> ?PR?_SEND_PORTERR?PTO_PARALELO
  +--> ?PR?_PANTALLALCD_LINEA_2?PANTALLAS
  +--> ?PR?VALIDA_SENSOR1_AUTO?IO_SENSORES

?PR?_PANTALLALCD_LINEA_2?PANTALLAS               -----    -----      -----    -----      0010H    000DH
  +--> ?CO?PANTALLAS
  +--> ?PR?_INIT_MEMPOOL?INIT_MEM
  +--> ?PR?_MALLOC?MALLOC
  +--> ?PR?_LCD_TXT?PANTALLAS
  +--> ?PR?_STRLEN?STRLEN
  +--> ?PR?_TX_CHRLCD?PANTALLAS
  +--> ?PR?_RASPBERRY_DATA?PANTALLAS
  +--> ?PR?LEE_NO_TICKET?EEPROM
  +--> ?PR?_STRCAT?STRCAT
  +--> ?PR?_FREE?FREE

?PR?_RESPUESTA_SEGUNDA_CLAVE?VERIFICADOR         -----    -----      -----    -----      0002H    0006H
  +--> ?CO?VERIFICADOR
  +--> ?PR?_DEBUG_TXT_TIBBO?TIBBO
  +--> ?PR?_DEBUGBUFFERMF?TIBBO
  +--> ?PR?_ARMAR_TRAMA_PLACA?VERIFICADOR

?PR?_ARMAR_TRAMA_PLACA?VERIFICADOR               -----    -----      -----    -----      0008H    0003H
  +--> ?PR?_STRLEN?STRLEN

?PR?ANALIZA_PRESENCIA_MENSUAL?VERIFIC...         -----    -----      -----    -----      0002H    0001H
  +--> ?PR?VALIDASENSORESPASO?IO_SENSORES
  +--> ?PR?_SEND_PORTERR?PTO_PARALELO
  +--> ?PR?_PANTALLALCD?PANTALLAS

?PR?_ANALIZA_UID_CARD?VERIFICADOR                -----    -----      -----    -----      0002H    0015H
  +--> ?CO?VERIFICADOR
  +--> ?PR?_DEBUG_TXT_TIBBO?TIBBO
  +--> ?PR?_DEBUGBUFFERMF?TIBBO
  +--> ?PR?_DEBUG_CHR_TIBBO?TIBBO

?PR?ANALIZA_PRESENCIA_ROTACION?VERIFI...         -----    -----      -----    -----      0002H    0001H
  +--> ?PR?VALIDASENSORESPASO?IO_SENSORES
  +--> ?PR?_SEND_PORTERR?PTO_PARALELO
  +--> ?PR?_PANTALLALCD?PANTALLAS

?PR?_RECIBE_PORT?PTO_PARALELO                    -----    -----      -----    -----      0001H    0008H
  +--> ?PR?OFF_TIMER0_INTERRUP?MAIN
  +--> ?PR?ON_TIMER0_INTERRUP?MAIN

?PR?_DEBUG_PTO_PARALELO?TIBBO                    -----    -----      -----    -----      0001H    0004H
BL51 BANKED LINKER/LOCATER V6.22.2.0                                                  11/11/2020  12:18:32  PAGE 23


  +--> ?PR?DEBUG_DIVIDIR_TEXTO?TIBBO
  +--> ?CO?TIBBO
  +--> ?PR?_DEBUG_TXT_TIBBO?TIBBO
  +--> ?PR?_DEBUGBUFFERMF?TIBBO

?PR?_VALIDA_TRAMA_PTO?ACCESCAN                   -----    -----      -----    -----      0001H    000FH
  +--> ?PR?_VALIDAR_CLK?CLOCK
  +--> ?PR?_BLOCK_WRITE_CLOCK_ASCII?CLOCK
  +--> ?PR?RELOJ_PANTALLA_LCD?PANTALLAS
  +--> ?PR?_PANTALLALCD?PANTALLAS
  +--> ?CO?ACCESCAN
  +--> ?PR?_DEBUG_TXT_TIBBO?TIBBO
  +--> ?PR?_BYTEHEX_DECIMAL?CLOCK
  +--> ?PR?_TWO_BYTEHEX_DECIMAL?CLOCK
  +--> ?PR?VALIDASENSORESPASO?IO_SENSORES
  +--> ?PR?_CMD_LPR_SALIDA_WIEGAND?ACCESCAN
  +--> ?PR?_PANTALLALCD_LINEA_2?PANTALLAS
  +--> ?PR?_GRABA_SERIE?EEPROM

?PR?_BLOCK_WRITE_CLOCK_ASCII?CLOCK               -----    -----      -----    -----      0010H    0003H
  +--> ?PR?_TWO_ONE?CLOCK
  +--> ?PR?_WR_CLK?CLOCK

?PR?_WR_CLK?CLOCK                                -----    -----      -----    -----      0013H    0002H
  +--> ?PR?_DELAY_20US?DELAY
  +--> ?PR?_EB_CLK?CLOCK

?PR?RELOJ_PANTALLA_LCD?PANTALLAS                 -----    -----      -----    -----      0010H    000DH
  +--> ?CO?PANTALLAS
  +--> ?PR?_BLOCK_READ_CLOCK?CLOCK
  +--> ?PR?_LCD_TXT_NUM_CHAR?PANTALLAS

?PR?_BLOCK_READ_CLOCK?CLOCK                      -----    -----      -----    -----      001DH    0003H
  +--> ?PR?_LEE_CLK?CLOCK

?PR?_LCD_TXT_NUM_CHAR?PANTALLAS                  -----    -----      -----    -----      001DH    0006H
  +--> ?PR?_TX_CHRLCD?PANTALLAS

?PR?_CMD_LPR_SALIDA_WIEGAND?ACCESCAN             -----    -----      -----    -----      0010H    0022H
  +--> ?PR?DIR_BOARD?IO_SENSORES
  +--> ?PR?_BLOCK_READ_CLOCK_ASCII?CLOCK
  +--> ?PR?_MONITOR_CHR?ACCESCAN

?PR?_MONITOR_CHR?ACCESCAN                        -----    -----      -----    -----      0032H    0005H
  +--> ?PR?_TX_AUX?TIBBO

?PR?_GRABA_SERIE?EEPROM                          -----    -----      -----    -----      0010H    0005H
  +--> ?CO?EEPROM
  +--> ?PR?_DEBUG_TXT_TIBBO?TIBBO
  +--> ?PR?_WRITE_EEPROM_TICKET?EEPROM
  +--> ?PR?_WR_EEPROM?EEPROM

?PR?MSJ_LCD_INFORMATIVO?IO_SENSORES              -----    -----      -----    -----      0001H    0001H
  +--> ?PR?SEL_FUNCION?IO_SENSORES
  +--> ?PR?LOAD_AND_SEND_INFO_RELOJ?PTO_PARA...
  +--> ?PR?LOAD_AND_SEND_ID_COD?PTO_PARALELO
  +--> ?PR?_RD_EEPROM?EEPROM
BL51 BANKED LINKER/LOCATER V6.22.2.0                                                  11/11/2020  12:18:32  PAGE 24


  +--> ?PR?_SEND_PORTERR?PTO_PARALELO

?PR?LOAD_AND_SEND_INFO_RELOJ?PTO_PARA...         -----    -----      -----    -----      0002H    000BH
  +--> ?PR?_BLOCK_READ_CLOCK?CLOCK
  +--> ?PR?_LEE_CLK?CLOCK
  +--> ?PR?_SEND_PORT?PTO_PARALELO

?PR?LOAD_AND_SEND_ID_COD?PTO_PARALELO            -----    -----      -----    -----      0002H    0013H
  +--> ?PR?_RD_EEPROM?EEPROM
  +--> ?CO?PTO_PARALELO
  +--> ?PR?PRINTF?PRINTF
  +--> ?PR?_SEND_PORT?PTO_PARALELO



SYMBOL TABLE OF MODULE:  .\Objects\expedidor_v_01_raspberry (MAIN)

  VALUE           TYPE          NAME
  ----------------------------------

  -------         MODULE        MAIN
  C:0000H         SYMBOL        _ICE_DUMMY_
  D:0080H         PUBLIC        P0
  D:0090H         PUBLIC        P1
  C:B2EDH         PUBLIC        timer0_int
  D:00B0H         PUBLIC        P3
  B:00A8H.7       PUBLIC        EA
  C:B712H         PUBLIC        off_Timer0_Interrup
  X:016AH         PUBLIC        ValTimeOutCom
  X:016BH         PUBLIC        Buffer_Rta_Lintech
  X:019DH         PUBLIC        Timer_wait
  X:019EH         PUBLIC        g_cContByteRx
  B:0080H.0       PUBLIC        rx_ip
  B:0080H.3       PUBLIC        Atascado
  C:A215H         PUBLIC        main
  X:019FH         PUBLIC        Timer_tivo
  C:A9CDH         PUBLIC        variable_inicio
  B:0090H.7       PUBLIC        lock
  I:0022H         PUBLIC        rbuf
  C:B703H         PUBLIC        on_Timer0_Interrup
  I:0054H         PUBLIC        tbuf
  B:0090H.1       PUBLIC        DataIn
  D:0089H         PUBLIC        TMOD
  X:01A1H         PUBLIC        USE_LPR
  X:01A2H         PUBLIC        Debug_Tibbo
  X:01A3H         PUBLIC        Raspberry
  X:01A4H         PUBLIC        SIN_COBRO
  X:01A6H         PUBLIC        Tipo_Vehiculo
  B:00B0H.3       PUBLIC        busy
  C:B66EH         PUBLIC        ini_timer
  B:00A8H.1       PUBLIC        ET0
  B:0088H.5       PUBLIC        TF0
  D:008CH         PUBLIC        TH0
  X:01A7H         PUBLIC        ACK
  X:01A8H         PUBLIC        g_cEstadoComSoft
  D:008AH         PUBLIC        TL0
  B:0088H.4       PUBLIC        TR0
BL51 BANKED LINKER/LOCATER V6.22.2.0                                                  11/11/2020  12:18:32  PAGE 25


  C:B67EH         PUBLIC        inicia_board
  X:01A9H         PUBLIC        T_GRACIA
  B:0080H.7       PUBLIC        sel_com
  X:01ABH         PUBLIC        STX_LINTECH
  C:B69DH         PUBLIC        _getkey
  X:01ACH         PUBLIC        ETX
  C:AC1DH         PUBLIC        _EscribirCadenaSoft_buffer
  B:0021H.1       PUBLIC        buffer_ready
  C:AEFFH         PUBLIC        _putchar
  B:0021H.2       PUBLIC        placa_ready
  -------         PROC          TIMER0_INT
  C:B2EDH         LINE#         16
  C:B2F3H         LINE#         19
  C:B2F9H         LINE#         20
  C:B2FEH         LINE#         21
  C:B2FEH         LINE#         22
  C:B304H         LINE#         23
  C:B304H         LINE#         25
  C:B312H         LINE#         26
  C:B314H         LINE#         28
  -------         ENDPROC       TIMER0_INT
  -------         PROC          INI_TIMER
  C:B66EH         LINE#         31
  C:B66EH         LINE#         32
  C:B66EH         LINE#         34
  C:B676H         LINE#         36
  C:B679H         LINE#         37
  C:B67BH         LINE#         38
  C:B67DH         LINE#         40
  -------         ENDPROC       INI_TIMER
  -------         PROC          ON_TIMER0_INTERRUP
  C:B703H         LINE#         43
  C:B703H         LINE#         44
  C:B703H         LINE#         45
  C:B705H         LINE#         46
  C:B707H         LINE#         48
  -------         ENDPROC       ON_TIMER0_INTERRUP
  -------         PROC          OFF_TIMER0_INTERRUP
  C:B712H         LINE#         51
  C:B712H         LINE#         52
  C:B712H         LINE#         53
  C:B714H         LINE#         55
  -------         ENDPROC       OFF_TIMER0_INTERRUP
  -------         PROC          _GETKEY
  -------         DO            
  D:0006H         SYMBOL        k
  -------         ENDDO         
  C:B69DH         LINE#         63
  C:B69DH         LINE#         64
  C:B69DH         LINE#         68
  C:B69DH         LINE#         69
  C:B6A0H         LINE#         70
  C:B6A0H         LINE#         71
  C:B6A8H         LINE#         73
  C:B6A8H         LINE#         74
  -------         ENDPROC       _GETKEY
  -------         PROC          _PUTCHAR
BL51 BANKED LINKER/LOCATER V6.22.2.0                                                  11/11/2020  12:18:32  PAGE 26


  X:00A7H         SYMBOL        c
  -------         DO            
  X:00A8H         SYMBOL        i
  -------         ENDDO         
  C:AEFFH         LINE#         78
  C:AF04H         LINE#         79
  C:AF04H         LINE#         82
  C:AF13H         LINE#         83
  C:AF13H         LINE#         84
  C:AF29H         LINE#         85
  C:AF29H         LINE#         87
  C:AF37H         LINE#         88
  C:AF37H         LINE#         90
  C:AF3CH         LINE#         91
  -------         ENDPROC       _PUTCHAR
  -------         PROC          _ESCRIBIRCADENASOFT_BUFFER
  X:0027H         SYMBOL        buffer
  X:002AH         SYMBOL        tamano_cadena
  -------         DO            
  X:002BH         SYMBOL        i
  X:002CH         SYMBOL        d
  -------         ENDDO         
  C:AC1DH         LINE#         95
  C:AC2BH         LINE#         96
  C:AC2BH         LINE#         98
  C:AC39H         LINE#         99
  C:AC39H         LINE#         100
  C:AC50H         LINE#         101
  C:AC5AH         LINE#         102
  C:AC62H         LINE#         103
  -------         ENDPROC       _ESCRIBIRCADENASOFT_BUFFER
  -------         PROC          INICIA_BOARD
  C:B67EH         LINE#         108
  C:B67EH         LINE#         109
  C:B67EH         LINE#         110
  C:B681H         LINE#         111
  C:B684H         LINE#         112
  C:B687H         LINE#         113
  C:B689H         LINE#         114
  C:B68BH         LINE#         115
  C:B68DH         LINE#         117
  -------         ENDPROC       INICIA_BOARD
  -------         PROC          VARIABLE_INICIO
  C:A9CDH         LINE#         122
  C:A9CDH         LINE#         123
  C:A9CDH         LINE#         126
  C:A9DEH         LINE#         127
  C:A9EFH         LINE#         128
  C:A9FDH         LINE#         129
  C:AA0BH         LINE#         130
  C:AA19H         LINE#         132
  -------         ENDPROC       VARIABLE_INICIO
  -------         PROC          MAIN
  -------         DO            
  X:0141H         SYMBOL        buffer
  X:0169H         SYMBOL        Estado_Comunicacion_Secuencia_MF
  X:0000H         SYMBOL        Length_trama
BL51 BANKED LINKER/LOCATER V6.22.2.0                                                  11/11/2020  12:18:32  PAGE 27


  -------         ENDDO         
  C:A215H         LINE#         140
  C:A215H         LINE#         141
  C:A215H         LINE#         148
  C:A218H         LINE#         149
  C:A21BH         LINE#         150
  C:A21EH         LINE#         151
  C:A221H         LINE#         152
  C:A224H         LINE#         153
  C:A226H         LINE#         155
  C:A229H         LINE#         156
  C:A230H         LINE#         157
  C:A233H         LINE#         159
  C:A238H         LINE#         161
  C:A23BH         LINE#         163
  C:A23EH         LINE#         164
  C:A23EH         LINE#         165
  C:A241H         LINE#         166
  C:A241H         LINE#         169
  C:A244H         LINE#         170
  C:A24AH         LINE#         171
  C:A250H         LINE#         173
  C:A250H         LINE#         174
  C:A250H         LINE#         177
  C:A253H         LINE#         178
  C:A253H         LINE#         179
  C:A256H         LINE#         180
  C:A256H         LINE#         184
  C:A263H         LINE#         189
  C:A266H         LINE#         190
  C:A266H         LINE#         192
  C:A275H         LINE#         194
  C:A27EH         LINE#         196
  C:A28CH         LINE#         198
  C:A28CH         LINE#         199
  C:A28FH         LINE#         203
  -------         ENDPROC       MAIN
  -------         ENDMOD        MAIN

  -------         MODULE        ACCESCAN
  C:0000H         SYMBOL        _ICE_DUMMY_
  D:0080H         PUBLIC        P0
  D:0090H         PUBLIC        P1
  B:0080H.2       PUBLIC        led_err_imp
  C:ADFEH         PUBLIC        _Monitor_chr
  B:0080H.3       PUBLIC        Atascado
  B:0090H.7       PUBLIC        lock
  C:3FFAH         PUBLIC        _Valida_Trama_Pto
  C:7FBFH         PUBLIC        _Cmd_LPR_Salida_wiegand
  -------         PROC          _VALIDA_TRAMA_PTO
  X:0001H         SYMBOL        buffer
  X:0004H         SYMBOL        length_trama
  -------         DO            
  X:0267H         SYMBOL        cont
  X:0005H         SYMBOL        buff
  -------         ENDDO         
  C:3FFAH         LINE#         85
BL51 BANKED LINKER/LOCATER V6.22.2.0                                                  11/11/2020  12:18:32  PAGE 28


  C:4008H         LINE#         86
  C:4008H         LINE#         92
  C:403EH         LINE#         93
  C:403EH         LINE#         94
  C:4053H         LINE#         95
  C:4053H         LINE#         96
  C:4066H         LINE#         98
  C:4069H         LINE#         100
  C:4069H         LINE#         102
  C:4069H         LINE#         104
  C:407BH         LINE#         105
  C:407BH         LINE#         106
  C:4081H         LINE#         107
  C:408EH         LINE#         108
  C:408EH         LINE#         109
  C:4093H         LINE#         110
  C:4095H         LINE#         111
  C:409AH         LINE#         112
  C:409CH         LINE#         113
  C:409EH         LINE#         114
  C:40A2H         LINE#         115
  C:40A2H         LINE#         116
  C:40A3H         LINE#         118
  C:40BBH         LINE#         119
  C:40BBH         LINE#         121
  C:40C8H         LINE#         122
  C:40C8H         LINE#         123
  C:40CAH         LINE#         124
  C:40CCH         LINE#         125
  C:40CEH         LINE#         126
  C:40D0H         LINE#         127
  C:40D0H         LINE#         129
  C:40F6H         LINE#         130
  C:40F6H         LINE#         131
  C:40FAH         LINE#         132
  C:40FFH         LINE#         133
  C:4108H         LINE#         134
  C:410DH         LINE#         135
  C:410DH         LINE#         138
  C:410EH         LINE#         141
  C:4120H         LINE#         142
  C:4120H         LINE#         143
  C:4122H         LINE#         144
  C:4125H         LINE#         146
  C:4137H         LINE#         147
  C:4137H         LINE#         148
  C:4139H         LINE#         149
  C:413CH         LINE#         151
  C:4156H         LINE#         152
  C:4156H         LINE#         153
  C:4158H         LINE#         154
  C:415BH         LINE#         157
  C:4175H         LINE#         158
  C:4175H         LINE#         159
  C:4177H         LINE#         160
  C:4179H         LINE#         163
  C:4193H         LINE#         164
BL51 BANKED LINKER/LOCATER V6.22.2.0                                                  11/11/2020  12:18:32  PAGE 29


  C:4193H         LINE#         165
  C:4195H         LINE#         166
  C:4197H         LINE#         170
  C:41B1H         LINE#         171
  C:41B1H         LINE#         172
  C:41B3H         LINE#         173
  C:41B5H         LINE#         176
  C:41CFH         LINE#         177
  C:41CFH         LINE#         178
  C:41D1H         LINE#         179
  C:41D3H         LINE#         181
  C:41EDH         LINE#         182
  C:41EDH         LINE#         183
  C:41F2H         LINE#         184
  C:41F2H         LINE#         186
  C:4222H         LINE#         187
  C:4222H         LINE#         188
  C:4230H         LINE#         189
  C:4233H         LINE#         192
  C:4276H         LINE#         193
  C:4276H         LINE#         195
  C:428BH         LINE#         196
  C:4291H         LINE#         197
  C:42BBH         LINE#         200
  C:42C3H         LINE#         201
  C:42C3H         LINE#         204
  C:42CAH         LINE#         205
  C:42CAH         LINE#         206
  C:42CFH         LINE#         207
  C:42CFH         LINE#         208
  C:42D1H         LINE#         210
  C:42D1H         LINE#         211
  C:42DAH         LINE#         212
  C:42E2H         LINE#         213
  C:42E2H         LINE#         218
  C:42E4H         LINE#         221
  C:42E4H         LINE#         224
  C:42EBH         LINE#         225
  C:42EBH         LINE#         226
  C:42F0H         LINE#         227
  C:42F0H         LINE#         228
  C:42FBH         LINE#         232
  C:42FBH         LINE#         233
  C:42FBH         LINE#         235
  C:4328H         LINE#         236
  C:4328H         LINE#         237
  C:4337H         LINE#         239
  C:4337H         LINE#         241
  -------         ENDPROC       _VALIDA_TRAMA_PTO
  -------         PROC          _MONITOR_CHR
  X:0032H         SYMBOL        str
  X:0035H         SYMBOL        num_char
  -------         DO            
  X:0036H         SYMBOL        j
  -------         ENDDO         
  C:ADFEH         LINE#         396
  C:AE0CH         LINE#         397
BL51 BANKED LINKER/LOCATER V6.22.2.0                                                  11/11/2020  12:18:32  PAGE 30


  C:AE0CH         LINE#         399
  C:AE1AH         LINE#         400
  C:AE1AH         LINE#         401
  C:AE2CH         LINE#         402
  C:AE36H         LINE#         403
  C:AE3EH         LINE#         404
  -------         ENDPROC       _MONITOR_CHR
  -------         PROC          _CMD_LPR_SALIDA_WIEGAND
  X:0010H         SYMBOL        buffer
  -------         DO            
  X:0013H         SYMBOL        Buffer_Lpr
  X:0031H         SYMBOL        j
  -------         ENDDO         
  C:7FBFH         LINE#         409
  C:7FCAH         LINE#         410
  C:7FCAH         LINE#         412
  C:7FD0H         LINE#         413
  C:7FD5H         LINE#         414
  C:7FDDH         LINE#         415
  C:7FE1H         LINE#         416
  C:7FEAH         LINE#         417
  C:7FEAH         LINE#         418
  C:7FFBH         LINE#         419
  C:7FFDH         LINE#         421
  C:7FFDH         LINE#         422
  C:800EH         LINE#         423
  C:800EH         LINE#         427
  C:8025H         LINE#         428
  C:8025H         LINE#         429
  C:8034H         LINE#         430
  C:803EH         LINE#         432
  C:8046H         LINE#         433
  C:805AH         LINE#         435
  C:806AH         LINE#         436
  C:807BH         LINE#         437
  C:8088H         LINE#         441
  -------         ENDPROC       _CMD_LPR_SALIDA_WIEGAND
  -------         ENDMOD        ACCESCAN

  -------         MODULE        CLOCK
  C:0000H         SYMBOL        _ICE_DUMMY_
  C:AE73H         PUBLIC        _two_one
  D:0090H         PUBLIC        P1
  C:6E59H         PUBLIC        _validar_clk
  C:B371H         PUBLIC        _wr_clk
  C:8568H         PUBLIC        _check_fechaOut
  B:00D0H.7       PUBLIC        CY
  C:0003H         PUBLIC        p_ck
  C:97F4H         PUBLIC        _hex_ascii
  X:0268H         PUBLIC        data_clk
  C:B6C5H         PUBLIC        cond_ini_clock
  C:8631H         PUBLIC        _Block_read_Clock
  B:0090H.4       PUBLIC        sck
  C:91CEH         PUBLIC        _Block_read_Clock_Hex
  C:5BEDH         PUBLIC        _Block_read_clock_ascii
  C:AF59H         PUBLIC        _hex_bcd
  C:B545H         PUBLIC        _bcd_hex
BL51 BANKED LINKER/LOCATER V6.22.2.0                                                  11/11/2020  12:18:32  PAGE 31


  C:A765H         PUBLIC        _ByteHex_Decimal
  C:9920H         PUBLIC        _lee_clk
  B:0090H.5       PUBLIC        io
  C:9A36H         PUBLIC        _Block_write_clock_ascii
  B:0090H.6       PUBLIC        rst
  C:AEC0H         PUBLIC        _eb_clk
  C:4338H         PUBLIC        _Two_ByteHex_Decimal
  -------         PROC          P_CK
  C:0003H         LINE#         48
  C:0003H         LINE#         49
  C:0003H         LINE#         50
  C:0005H         LINE#         51
  C:0008H         LINE#         52
  C:000AH         LINE#         53
  -------         ENDPROC       P_CK
  -------         PROC          _EB_CLK
  X:00B4H         SYMBOL        dir_clk
  -------         DO            
  X:00B5H         SYMBOL        nbits
  -------         ENDDO         
  C:AEC0H         LINE#         55
  C:AEC5H         LINE#         57
  C:AECAH         LINE#         58
  C:AECAH         LINE#         59
  C:AED3H         LINE#         60
  C:AED6H         LINE#         61
  C:AED6H         LINE#         62
  C:AED8H         LINE#         63
  C:AEDAH         LINE#         65
  C:AEDAH         LINE#         66
  C:AEDCH         LINE#         67
  C:AEDCH         LINE#         68
  C:AEDFH         LINE#         69
  C:AEFEH         LINE#         70
  -------         ENDPROC       _EB_CLK
  C:9916H         SYMBOL        L?0082
  -------         PROC          L?0081
[...]
  C:6649H         LINE#         2287
  C:664FH         LINE#         2288
  C:664FH         LINE#         2291
  C:664FH         LINE#         2292
  C:6656H         LINE#         2293
  C:6656H         LINE#         2294
  C:6656H         LINE#         2295
  -------         ENDPROC       SECUENCIA_INICIO_EXPEDIDOR
  -------         PROC          _SECUENCIAEXPEDIDORMF
  X:0001H         SYMBOL        EstadoActivo
  -------         DO            
  X:010BH         SYMBOL        Buffer_Write_MF
  X:011CH         SYMBOL        Atributos_Expedidor
  X:012BH         SYMBOL        Secuencia_Expedidor
  X:012FH         SYMBOL        Nombre_Mensual
  -------         ENDDO         
  C:3829H         LINE#         2305
BL51 BANKED LINKER/LOCATER V6.22.2.0                                                  11/11/2020  12:18:32  PAGE 128


  C:382EH         LINE#         2306
  C:382EH         LINE#         2312
  C:388BH         LINE#         2313
  C:388BH         LINE#         2316
  C:388BH         LINE#         2318
  C:38A1H         LINE#         2319
  C:38A1H         LINE#         2320
  C:38A3H         LINE#         2321
  C:38A5H         LINE#         2322
  C:38AAH         LINE#         2323
  C:38B2H         LINE#         2324
  C:38B7H         LINE#         2325
  C:38B7H         LINE#         2326
  C:38BAH         LINE#         2327
  C:38BAH         LINE#         2329
  C:38C3H         LINE#         2330
  C:38C6H         LINE#         2331
  C:38C6H         LINE#         2332
  C:38CBH         LINE#         2333
  C:38EBH         LINE#         2334
  C:38EEH         LINE#         2335
  C:38EEH         LINE#         2336
  C:38F3H         LINE#         2337
  C:38FBH         LINE#         2338
  C:3901H         LINE#         2339
  C:3904H         LINE#         2340
  C:3904H         LINE#         2341
  C:3907H         LINE#         2342
  C:390FH         LINE#         2343
  C:3915H         LINE#         2344
  C:3918H         LINE#         2345
  C:3918H         LINE#         2346
  C:391BH         LINE#         2347
  C:3940H         LINE#         2348
  C:3946H         LINE#         2349
  C:3948H         LINE#         2350
  C:394BH         LINE#         2351
  C:394BH         LINE#         2352
  C:3956H         LINE#         2353
  C:395EH         LINE#         2354
  C:3964H         LINE#         2355
  C:3967H         LINE#         2356
  C:3967H         LINE#         2357
  C:3978H         LINE#         2358
  C:3980H         LINE#         2359
  C:3986H         LINE#         2360
  C:3989H         LINE#         2361
  C:3989H         LINE#         2362
  C:398EH         LINE#         2363
  C:39ACH         LINE#         2364
  C:39AFH         LINE#         2365
  C:39AFH         LINE#         2366
  C:39B4H         LINE#         2367
  C:39D4H         LINE#         2368
  C:39D7H         LINE#         2369
  C:39D7H         LINE#         2370
  C:39DCH         LINE#         2371
BL51 BANKED LINKER/LOCATER V6.22.2.0                                                  11/11/2020  12:18:32  PAGE 129


  C:39DEH         LINE#         2372
  C:39FCH         LINE#         2373
  C:39FFH         LINE#         2374
  C:39FFH         LINE#         2375
  C:3A04H         LINE#         2376
  C:3A24H         LINE#         2377
  C:3A27H         LINE#         2378
  C:3A27H         LINE#         2379
  C:3A2CH         LINE#         2380
  C:3A34H         LINE#         2381
  C:3A3AH         LINE#         2382
  C:3A3DH         LINE#         2383
  C:3A3DH         LINE#         2384
  C:3A40H         LINE#         2385
  C:3A60H         LINE#         2386
  C:3A63H         LINE#         2387
  C:3A63H         LINE#         2388
  C:3A65H         LINE#         2389
  C:3A68H         LINE#         2390
  C:3A6BH         LINE#         2391
  C:3A6BH         LINE#         2392
  C:3A74H         LINE#         2394
  C:3A77H         LINE#         2395
  C:3A77H         LINE#         2396
  C:3A8EH         LINE#         2397
  C:3A91H         LINE#         2398
  C:3A91H         LINE#         2399
  C:3A94H         LINE#         2400
  C:3A9CH         LINE#         2401
  C:3AA2H         LINE#         2402
  C:3AA5H         LINE#         2403
  C:3AA5H         LINE#         2404
  C:3AAEH         LINE#         2405
  C:3AB1H         LINE#         2406
  C:3AB1H         LINE#         2407
  C:3AB4H         LINE#         2408
  C:3AB7H         LINE#         2409
  C:3AB7H         LINE#         2410
  C:3ACEH         LINE#         2411
  C:3AD1H         LINE#         2412
  C:3AD1H         LINE#         2413
  C:3AD6H         LINE#         2414
  C:3ADEH         LINE#         2415
  C:3AE4H         LINE#         2416
  C:3AE7H         LINE#         2417
  C:3AE7H         LINE#         2418
  C:3AEAH         LINE#         2419
  C:3B0AH         LINE#         2420
  C:3B0DH         LINE#         2421
  C:3B0DH         LINE#         2422
  C:3B10H         LINE#         2423
  C:3B30H         LINE#         2424
  C:3B33H         LINE#         2425
  C:3B33H         LINE#         2426
  C:3B36H         LINE#         2427
  C:3B3EH         LINE#         2428
  C:3B44H         LINE#         2429
BL51 BANKED LINKER/LOCATER V6.22.2.0                                                  11/11/2020  12:18:32  PAGE 130


  C:3B47H         LINE#         2433
  C:3B47H         LINE#         2434
  C:3B4DH         LINE#         2435
  C:3B53H         LINE#         2436
  C:3B53H         LINE#         2437
  C:3B5BH         LINE#         2438
  C:3B61H         LINE#         2440
  C:3B64H         LINE#         2441
  C:3B6CH         LINE#         2442
  C:3B6CH         LINE#         2444
  C:3B6FH         LINE#         2445
  C:3B72H         LINE#         2446
  C:3B7AH         LINE#         2447
  C:3B7AH         LINE#         2448
  C:3B88H         LINE#         2449
  C:3B88H         LINE#         2450
  C:3B91H         LINE#         2451
  C:3B94H         LINE#         2452
  C:3BA0H         LINE#         2453
  C:3BA0H         LINE#         2454
  C:3BA9H         LINE#         2455
  C:3BACH         LINE#         2457
  C:3BACH         LINE#         2458
  C:3BB5H         LINE#         2459
  C:3BB5H         LINE#         2460
  C:3BB8H         LINE#         2461
  C:3BC0H         LINE#         2462
  C:3BC0H         LINE#         2463
  C:3BCEH         LINE#         2464
  C:3BCEH         LINE#         2465
  C:3BE4H         LINE#         2466
  C:3BE7H         LINE#         2467
  C:3BF3H         LINE#         2468
  C:3BF3H         LINE#         2469
  C:3BFCH         LINE#         2470
  C:3BFFH         LINE#         2471
  C:3C0DH         LINE#         2472
  C:3C0DH         LINE#         2473
  C:3C16H         LINE#         2474
  C:3C18H         LINE#         2476
  C:3C18H         LINE#         2477
  C:3C21H         LINE#         2478
  C:3C21H         LINE#         2479
  C:3C23H         LINE#         2480
  C:3C2BH         LINE#         2481
  C:3C2BH         LINE#         2482
  C:3C34H         LINE#         2483
  C:3C36H         LINE#         2484
  C:3C3EH         LINE#         2485
  C:3C3EH         LINE#         2486
  C:3C54H         LINE#         2487
  C:3C56H         LINE#         2488
  C:3C5EH         LINE#         2489
  C:3C5EH         LINE#         2490
  C:3C61H         LINE#         2491
  C:3C63H         LINE#         2493
  C:3C6BH         LINE#         2494
BL51 BANKED LINKER/LOCATER V6.22.2.0                                                  11/11/2020  12:18:32  PAGE 131


  C:3C6BH         LINE#         2495
  C:3C74H         LINE#         2496
  C:3C76H         LINE#         2499
  C:3C7EH         LINE#         2500
  C:3C7EH         LINE#         2501
  C:3C86H         LINE#         2502
  C:3C88H         LINE#         2504
  C:3C88H         LINE#         2505
  C:3C91H         LINE#         2506
  C:3C91H         LINE#         2507
  C:3C93H         LINE#         2508
  C:3C93H         LINE#         2509
  C:3C98H         LINE#         2510
  C:3C98H         LINE#         2512
  C:3C98H         LINE#         2513
  C:3C9DH         LINE#         2514
  -------         ENDPROC       _SECUENCIAEXPEDIDORMF
  -------         ENDMOD        VERIFICADOR

  -------         MODULE        MONITOR
  C:0000H         SYMBOL        _ICE_DUMMY_
  D:0080H         PUBLIC        P0
  D:0090H         PUBLIC        P1
  I:0011H         PUBLIC        placa
  C:B45CH         PUBLIC        Rx_Monitor
  B:0080H.0       PUBLIC        rx_ip
  B:0090H.7       PUBLIC        lock
  C:893EH         PUBLIC        _recibe_cmd_Monitor
  C:B57EH         PUBLIC        clear_placa
  C:9274H         PUBLIC        _Valida_Trama_Monitor
  -------         PROC          _RECIBE_CMD_MONITOR
  X:0016H         SYMBOL        buffer_cmd
  -------         DO            
  X:0019H         SYMBOL        j
  X:001AH         SYMBOL        NumDatos
  X:001BH         SYMBOL        time_out
  X:001CH         SYMBOL        MaxChrRx
  X:001DH         SYMBOL        contador
  -------         ENDDO         
  C:893EH         LINE#         44
  C:8949H         LINE#         45
  C:8949H         LINE#         49
  C:894EH         LINE#         50
  C:8954H         LINE#         52
  C:895FH         LINE#         53
  C:895FH         LINE#         54
  C:8970H         LINE#         55
  C:8970H         LINE#         56
  C:8977H         LINE#         57
  C:897BH         LINE#         58
  C:8984H         LINE#         59
  C:8984H         LINE#         60
  C:8992H         LINE#         61
  C:89A9H         LINE#         62
  C:89A9H         LINE#         63
  C:89AFH         LINE#         64
  C:89B5H         LINE#         65
BL51 BANKED LINKER/LOCATER V6.22.2.0                                                  11/11/2020  12:18:32  PAGE 132


  C:89B5H         LINE#         66
  C:89B7H         LINE#         67
  C:89BFH         LINE#         68
  C:89C5H         LINE#         69
  C:89D7H         LINE#         70
  C:89E1H         LINE#         71
  C:89EAH         LINE#         73
  C:89F9H         LINE#         76
  C:89F9H         LINE#         77
  C:89FEH         LINE#         78
  -------         ENDPROC       _RECIBE_CMD_MONITOR
  -------         PROC          _VALIDA_TRAMA_MONITOR
  X:0016H         SYMBOL        buffer
  X:0019H         SYMBOL        length_trama
  -------         DO            
  D:0007H         SYMBOL        j
  D:0006H         SYMBOL        p
  X:001AH         SYMBOL        cont
  -------         ENDDO         
  C:9274H         LINE#         83
  C:9282H         LINE#         84
  C:9282H         LINE#         85
  C:9284H         LINE#         86
  C:9286H         LINE#         87
  C:9288H         LINE#         88
  C:928DH         LINE#         91
  C:92B3H         LINE#         92
  C:92B3H         LINE#         93
  C:92B5H         LINE#         94
  C:92B9H         LINE#         95
  C:92BAH         LINE#         97
  C:92CAH         LINE#         98
  C:92CAH         LINE#         101
  C:92CAH         LINE#         102
  C:92E4H         LINE#         103
  C:92E5H         LINE#         104
  C:92E6H         LINE#         105
  C:92F6H         LINE#         106
  C:930AH         LINE#         107
  C:9310H         LINE#         108
  C:9312H         LINE#         109
  C:9318H         LINE#         112
  C:9318H         LINE#         115
  -------         ENDPROC       _VALIDA_TRAMA_MONITOR
  -------         PROC          CLEAR_PLACA
  -------         DO            
  D:0007H         SYMBOL        i
  -------         ENDDO         
  C:B57EH         LINE#         116
  C:B57EH         LINE#         117
  C:B57EH         LINE#         119
  C:B58AH         LINE#         120
  C:B58AH         LINE#         121
  C:B590H         LINE#         122
  C:B593H         LINE#         123
  C:B595H         LINE#         124
  -------         ENDPROC       CLEAR_PLACA
BL51 BANKED LINKER/LOCATER V6.22.2.0                                                  11/11/2020  12:18:32  PAGE 133


  -------         PROC          RX_MONITOR
  -------         DO            
  X:0009H         SYMBOL        Length_trama
  X:000AH         SYMBOL        buffer1
  -------         ENDDO         
  C:B45CH         LINE#         125
  C:B45CH         LINE#         126
  C:B45CH         LINE#         129
  C:B46BH         LINE#         130
  C:B474H         LINE#         131
  -------         ENDPROC       RX_MONITOR
  -------         ENDMOD        MONITOR

  -------         MODULE        ?C?FPADD
  C:1335H         PUBLIC        ?C?FPADD
  C:1331H         PUBLIC        ?C?FPSUB
  -------         ENDMOD        ?C?FPADD

  -------         MODULE        ?C?FPMUL
  C:1426H         PUBLIC        ?C?FPMUL
  -------         ENDMOD        ?C?FPMUL

  -------         MODULE        ?C?FCAST
  C:1536H         PUBLIC        ?C?FCASTC
  C:1531H         PUBLIC        ?C?FCASTI
  C:152CH         PUBLIC        ?C?FCASTL
  -------         ENDMOD        ?C?FCAST

  -------         MODULE        ?C?CASTF
  C:156AH         PUBLIC        ?C?CASTF
  -------         ENDMOD        ?C?CASTF

  -------         MODULE        PRINTF
  X:0077H         PUBLIC        ?_PRINTF?BYTE
  X:0077H         PUBLIC        ?_SPRINTF?BYTE
  C:3411H         PUBLIC        _PRINTF
  C:340BH         PUBLIC        _SPRINTF
  -------         ENDMOD        PRINTF

  -------         MODULE        POW
  X:0020H         PUBLIC        ?_pow?BYTE
  C:5D5BH         PUBLIC        _pow
  -------         ENDMOD        POW

  -------         MODULE        ?C?CHKFLOAT
  C:15EBH         PUBLIC        ?C?CHKFLOAT
  -------         ENDMOD        ?C?CHKFLOAT

  -------         MODULE        ?C?FPCMP
  C:1607H         PUBLIC        ?C?FPCMP
  C:1605H         PUBLIC        ?C?FPCMP3
  -------         ENDMOD        ?C?FPCMP

  -------         MODULE        ?C?FPNEG
  C:167EH         PUBLIC        ?C?FPNEG
  -------         ENDMOD        ?C?FPNEG

BL51 BANKED LINKER/LOCATER V6.22.2.0                                                  11/11/2020  12:18:32  PAGE 134


  -------         MODULE        ?C?FPROUND
  C:168FH         PUBLIC        ?C?FPROUND
  -------         ENDMOD        ?C?FPROUND

  -------         MODULE        ?C?FPCONVERT
  C:16CCH         PUBLIC        ?C?FPCONVERT
  -------         ENDMOD        ?C?FPCONVERT

  -------         MODULE        EXP
  C:95C8H         PUBLIC        _EXP
  -------         ENDMOD        EXP

  -------         MODULE        LOG
  C:68EDH         PUBLIC        _LOG
  C:68E9H         PUBLIC        _LOG10
  -------         ENDMOD        LOG

  -------         MODULE        ?C?FPDIV
  C:17D4H         PUBLIC        ?C?FPDIV
  -------         ENDMOD        ?C?FPDIV

  -------         MODULE        ?C?FTNPWR
  C:18A1H         PUBLIC        ?C?FTNPWR
  -------         ENDMOD        ?C?FTNPWR

  -------         MODULE        ?C?COPY
  C:19FEH         PUBLIC        ?C?COPY
  -------         ENDMOD        ?C?COPY

  -------         MODULE        ?C?CLDPTR
  C:1A24H         PUBLIC        ?C?CLDPTR
  -------         ENDMOD        ?C?CLDPTR

  -------         MODULE        ?C?CLDOPTR
  C:1A3DH         PUBLIC        ?C?CLDOPTR
  -------         ENDMOD        ?C?CLDOPTR

  -------         MODULE        ?C?CSTPTR
  C:1A6AH         PUBLIC        ?C?CSTPTR
  -------         ENDMOD        ?C?CSTPTR

  -------         MODULE        ?C?CSTOPTR
  C:1A7CH         PUBLIC        ?C?CSTOPTR
  -------         ENDMOD        ?C?CSTOPTR

  -------         MODULE        ?C?IMUL
  C:1A9EH         PUBLIC        ?C?IMUL
  -------         ENDMOD        ?C?IMUL

  -------         MODULE        ?C?IILDX
  C:1AB0H         PUBLIC        ?C?IILDX
  -------         ENDMOD        ?C?IILDX

  -------         MODULE        ?C?LNEG
  C:1AC6H         PUBLIC        ?C?LNEG
  -------         ENDMOD        ?C?LNEG

BL51 BANKED LINKER/LOCATER V6.22.2.0                                                  11/11/2020  12:18:32  PAGE 135


  -------         MODULE        ?C?SLCMP
  C:1AD4H         PUBLIC        ?C?SLCMP
  -------         ENDMOD        ?C?SLCMP

  -------         MODULE        ?C?ULCMP
  C:1AEAH         PUBLIC        ?C?ULCMP
  -------         ENDMOD        ?C?ULCMP

  -------         MODULE        ?C?ULSHR
  C:1AFBH         PUBLIC        ?C?ULSHR
  -------         ENDMOD        ?C?ULSHR

  -------         MODULE        ?C?LSHL
  C:1B0EH         PUBLIC        ?C?LSHL
  -------         ENDMOD        ?C?LSHL

  -------         MODULE        ?C?LLDCODE
  C:1B21H         PUBLIC        ?C?LLDCODE
  -------         ENDMOD        ?C?LLDCODE

  -------         MODULE        ?C?LLDXDATA0
  C:1B31H         PUBLIC        ?C?LLDXDATA0
  -------         ENDMOD        ?C?LLDXDATA0

  -------         MODULE        ?C?LLDCODE0
  C:1B3DH         PUBLIC        ?C?LLDCODE0
  -------         ENDMOD        ?C?LLDCODE0

  -------         MODULE        ?C?LSTXDATA
  C:1B4DH         PUBLIC        ?C?LSTXDATA
  -------         ENDMOD        ?C?LSTXDATA

  -------         MODULE        ?C?LSTKXDATA
  C:1B59H         PUBLIC        ?C?LSTKXDATA
  -------         ENDMOD        ?C?LSTKXDATA

  -------         MODULE        ?C?PLDIXDATA
  C:1B8AH         PUBLIC        ?C?PLDIXDATA
  -------         ENDMOD        ?C?PLDIXDATA

  -------         MODULE        ?C?PSTXDATA
  C:1BA1H         PUBLIC        ?C?PSTXDATA
  -------         ENDMOD        ?C?PSTXDATA

  -------         MODULE        ?C?CCASE
  C:1BAAH         PUBLIC        ?C?CCASE
  -------         ENDMOD        ?C?CCASE

  -------         MODULE        STRCAT
  X:0046H         PUBLIC        ?_strcat?BYTE
  C:A5CCH         PUBLIC        _strcat
  -------         ENDMOD        STRCAT

  -------         MODULE        ?C?STRCMP
  C:1D4EH         PUBLIC        ?C?STRCMP
  -------         ENDMOD        ?C?STRCMP

BL51 BANKED LINKER/LOCATER V6.22.2.0                                                  11/11/2020  12:18:32  PAGE 136


  -------         MODULE        ?C?STRCPY
  C:1E37H         PUBLIC        ?C?STRCPY
  -------         ENDMOD        ?C?STRCPY

  -------         MODULE        STRLEN
  C:000EH         PUBLIC        _STRLEN
  -------         ENDMOD        STRLEN

  -------         MODULE        STRTOK
  X:0064H         PUBLIC        ?_strtok?BYTE
  C:7C4BH         PUBLIC        _strtok
  -------         ENDMOD        STRTOK

  -------         MODULE        ATOL
  C:707DH         PUBLIC        _atol
  -------         ENDMOD        ATOL

  -------         MODULE        ATOI
  C:7E0DH         PUBLIC        _atoi
  -------         ENDMOD        ATOI

  -------         MODULE        MALLOC
  C:8166H         PUBLIC        _malloc
  -------         ENDMOD        MALLOC

  -------         MODULE        INIT_MEM
  X:0256H         PUBLIC        __mem_avail__
  C:AFF4H         PUBLIC        _init_mempool
  -------         ENDMOD        INIT_MEM

  -------         MODULE        FREE
  C:629CH         PUBLIC        _free
  -------         ENDMOD        FREE

  -------         MODULE        ?C?ILDIX
  C:1E54H         PUBLIC        ?C?ILDIX
  -------         ENDMOD        ?C?ILDIX

  -------         MODULE        ?C?LMUL
  C:1E6AH         PUBLIC        ?C?LMUL
  -------         ENDMOD        ?C?LMUL

  -------         MODULE        ISDIGIT
  C:B68EH         PUBLIC        _isdigit
  -------         ENDMOD        ISDIGIT

  -------         MODULE        ISSPACE
  C:B5EEH         PUBLIC        _isspace
  -------         ENDMOD        ISSPACE

  -------         MODULE        STRSPN
  X:006AH         PUBLIC        ?_strspn?BYTE
  C:9E8EH         PUBLIC        _strspn
  -------         ENDMOD        STRSPN

  -------         MODULE        STRPBRK
  X:006AH         PUBLIC        ?_strpbrk?BYTE
BL51 BANKED LINKER/LOCATER V6.22.2.0                                                  11/11/2020  12:18:32  PAGE 137


  C:9F94H         PUBLIC        _strpbrk
  -------         ENDMOD        STRPBRK

Program Size: data=99.0 xdata=618 code=46873
LINK/LOCATE RUN COMPLETE.  0 WARNING(S),  0 ERROR(S)
