BL51 BANKED LINKER/LOCATER V6.22.2.0                                                    05/31/2021  13:02:58  PAGE 1


BL51 BANKED LINKER/LOCATER V6.22.2.0, INVOKED BY:
C:\KEIL_V5\C51\BIN\BL51.EXE .\Objects\main.obj, .\Objects\Accescan.obj, .\Objects\Clock.obj, .\Objects\delay.obj, .\Obje
>> cts\eeprom.obj, .\Objects\io_sensores.obj, .\Objects\pantallas.obj, .\Objects\prog.obj, .\Objects\pto_paralelo.obj, .
>> \Objects\tibbo.obj, .\Objects\uart.obj, .\Objects\lintech.obj, .\Objects\verificador.obj, .\Objects\Monitor.obj TO .\
>> Objects\expedidor_v_01_raspberry PRINT (.\Listings\expedidor_v_01_raspberry.m51) RAMSIZE (256)


MEMORY MODEL: LARGE WITH FLOATING POINT ARITHMETIC


INPUT MODULES INCLUDED:
  .\Objects\main.obj (MAIN)
  .\Objects\Accescan.obj (ACCESCAN)
  .\Objects\Clock.obj (CLOCK)
  .\Objects\delay.obj (DELAY)
  .\Objects\eeprom.obj (EEPROM)
  .\Objects\io_sensores.obj (IO_SENSORES)
  .\Objects\pantallas.obj (PANTALLAS)
  .\Objects\prog.obj (PROG)
  .\Objects\pto_paralelo.obj (PTO_PARALELO)
  .\Objects\tibbo.obj (TIBBO)
  .\Objects\uart.obj (UART)
  .\Objects\lintech.obj (LINTECH)
  .\Objects\verificador.obj (VERIFICADOR)
  .\Objects\Monitor.obj (MONITOR)
  C:\KEIL_V5\C51\LIB\C51FPL.LIB (?C?FPADD)
  C:\KEIL_V5\C51\LIB\C51FPL.LIB (?C?FPMUL)
  C:\KEIL_V5\C51\LIB\C51FPL.LIB (?C?FCAST)
  C:\KEIL_V5\C51\LIB\C51FPL.LIB (?C?CASTF)
  C:\KEIL_V5\C51\LIB\C51FPL.LIB (PRINTF)
  C:\KEIL_V5\C51\LIB\C51FPL.LIB (POW)
  C:\KEIL_V5\C51\LIB\C51FPL.LIB (?C?FPGETOPN)
  C:\KEIL_V5\C51\LIB\C51FPL.LIB (?C?CHKFLOAT)
  C:\KEIL_V5\C51\LIB\C51FPL.LIB (?C?FPCMP)
  C:\KEIL_V5\C51\LIB\C51FPL.LIB (?C?FPNEG)
  C:\KEIL_V5\C51\LIB\C51FPL.LIB (?C?FPROUND)
  C:\KEIL_V5\C51\LIB\C51FPL.LIB (?C?FPCONVERT)
  C:\KEIL_V5\C51\LIB\C51FPL.LIB (EXP)
  C:\KEIL_V5\C51\LIB\C51FPL.LIB (LOG)
  C:\KEIL_V5\C51\LIB\C51FPL.LIB (?C?FPDIV)
  C:\KEIL_V5\C51\LIB\C51FPL.LIB (?C?FTNPWR)
  C:\KEIL_V5\C51\LIB\C51FPL.LIB (?C?FPSERIES)
  C:\KEIL_V5\C51\LIB\C51L.LIB (?C_STARTUP)
  C:\KEIL_V5\C51\LIB\C51L.LIB (?C?COPY)
  C:\KEIL_V5\C51\LIB\C51L.LIB (?C?CLDPTR)
  C:\KEIL_V5\C51\LIB\C51L.LIB (?C?CLDOPTR)
  C:\KEIL_V5\C51\LIB\C51L.LIB (?C?CSTPTR)
  C:\KEIL_V5\C51\LIB\C51L.LIB (?C?CSTOPTR)
  C:\KEIL_V5\C51\LIB\C51L.LIB (?C?IMUL)
  C:\KEIL_V5\C51\LIB\C51L.LIB (?C?IILDX)
  C:\KEIL_V5\C51\LIB\C51L.LIB (?C?LNEG)
  C:\KEIL_V5\C51\LIB\C51L.LIB (?C?SLCMP)
  C:\KEIL_V5\C51\LIB\C51L.LIB (?C?ULCMP)
  C:\KEIL_V5\C51\LIB\C51L.LIB (?C?ULSHR)
  C:\KEIL_V5\C51\LIB\C51L.LIB (?C?LSHL)
  C:\KEIL_V5\C51\LIB\C51L.LIB (?C?LLDCODE)
  C:\KEIL_V5\C51\LIB\C51L.LIB (?C?LLDXDATA0)
  C:\KEIL_V5\C51\LIB\C51L.LIB (?C?LLDCODE0)
BL51 BANKED LINKER/LOCATER V6.22.2.0                                                  05/31/2021  13:02:58  PAGE 2


  C:\KEIL_V5\C51\LIB\C51L.LIB (?C?LSTXDATA)
  C:\KEIL_V5\C51\LIB\C51L.LIB (?C?LSTKXDATA)
  C:\KEIL_V5\C51\LIB\C51L.LIB (?C?PLDIXDATA)
  C:\KEIL_V5\C51\LIB\C51L.LIB (?C?PSTXDATA)
  C:\KEIL_V5\C51\LIB\C51L.LIB (?C?CCASE)
  C:\KEIL_V5\C51\LIB\C51L.LIB (STRCAT)
  C:\KEIL_V5\C51\LIB\C51L.LIB (?C?STRCMP)
  C:\KEIL_V5\C51\LIB\C51L.LIB (?C?STRCPY)
  C:\KEIL_V5\C51\LIB\C51L.LIB (STRLEN)
  C:\KEIL_V5\C51\LIB\C51L.LIB (STRTOK)
  C:\KEIL_V5\C51\LIB\C51L.LIB (ATOL)
  C:\KEIL_V5\C51\LIB\C51L.LIB (ATOI)
  C:\KEIL_V5\C51\LIB\C51L.LIB (?C_INIT)
  C:\KEIL_V5\C51\LIB\C51L.LIB (?C?ILDIX)
  C:\KEIL_V5\C51\LIB\C51L.LIB (?C?LMUL)
  C:\KEIL_V5\C51\LIB\C51L.LIB (ISDIGIT)
  C:\KEIL_V5\C51\LIB\C51L.LIB (ISSPACE)
  C:\KEIL_V5\C51\LIB\C51L.LIB (STRSPN)
  C:\KEIL_V5\C51\LIB\C51L.LIB (STRPBRK)


LINK MAP OF MODULE:  .\Objects\expedidor_v_01_raspberry (MAIN)


            TYPE    BASE      LENGTH    RELOCATION   SEGMENT NAME
            -----------------------------------------------------

            * * * * * * *   D A T A   M E M O R Y   * * * * * * *
            REG     0000H     0008H     ABSOLUTE     "REG BANK 0"
            DATA    0008H     0005H     UNIT         _DATA_GROUP_
            DATA    000DH     0004H     UNIT         ?DT?UART
            IDATA   0011H     0009H     UNIT         ?ID?MONITOR
                    001AH     0006H                  *** GAP ***
            BIT     0020H.0   0001H.1   UNIT         _BIT_GROUP_
            BIT     0021H.1   0000H.3   UNIT         ?BI?MAIN
            BIT     0021H.4   0000H.2   UNIT         ?BI?UART
            BIT     0021H.6   0000H.1   UNIT         ?BI?EEPROM
            BIT     0021H.7   0000H.1   UNIT         ?BI?IO_SENSORES
            BIT     0022H.0   0000H.1   UNIT         ?BI?VERIFICADOR
                    0022H.1   0000H.7                *** GAP ***
            IDATA   0023H     0046H     UNIT         ?ID?MAIN
            IDATA   0069H     0001H     UNIT         ?STACK

            * * * * * * *  X D A T A   M E M O R Y  * * * * * * *
            XDATA   0000H     00B7H     UNIT         _XDATA_GROUP_
            XDATA   00B7H     0091H     UNIT         ?XD?VERIFICADOR
            XDATA   0148H     006CH     UNIT         ?XD?MAIN
            XDATA   01B4H     0059H     UNIT         ?XD?PROG
            XDATA   020DH     0003H     UNIT         ?XD?EEPROM
            XDATA   0210H     0003H     UNIT         ?XD?UART
            XDATA   0213H     0003H     UNIT         ?XD?STRTOK
            XDATA   0216H     0002H     UNIT         ?XD?IO_SENSORES
            XDATA   0218H     0001H     UNIT         ?XD?ACCESCAN
            XDATA   0219H     0001H     UNIT         ?XD?CLOCK

            * * * * * * *   C O D E   M E M O R Y   * * * * * * *
            CODE    0000H     0003H     ABSOLUTE     
BL51 BANKED LINKER/LOCATER V6.22.2.0                                                  05/31/2021  13:02:58  PAGE 3


            CODE    0003H     0008H     UNIT         ?PR?P_CK?CLOCK
            CODE    000BH     0003H     ABSOLUTE     
            CODE    000EH     0015H     UNIT         ?PR?_STRLEN?STRLEN
            CODE    0023H     0003H     ABSOLUTE     
            CODE    0026H     1308H     UNIT         ?CO?PROG
            CODE    132EH     0B8BH     UNIT         ?C?LIB_CODE
            CODE    1EB9H     08BDH     UNIT         ?CO?VERIFICADOR
            CODE    2776H     0747H     UNIT         ?PR?_PANTALLALCD?PANTALLAS
            CODE    2EBDH     06EFH     UNIT         ?CO?PANTALLAS
            CODE    35ACH     04DAH     UNIT         ?PR?_SECUENCIAEXPEDIDORMF?VERIFICADOR
            CODE    3A86H     0483H     UNIT         ?PR?PRINTF?PRINTF
            CODE    3F09H     0437H     UNIT         ?PR?_VALIDA_TRAMA_PTO?ACCESCAN
            CODE    4340H     035CH     UNIT         ?PR?VER_PROG?PROG
            CODE    469CH     02D0H     UNIT         ?PR?_TWO_BYTEHEX_DECIMAL?CLOCK
            CODE    496CH     02B7H     UNIT         ?PR?_PROG_HORARIO_DIAS?PROG
            CODE    4C23H     02A5H     UNIT         ?PR?_PANTALLALCD_LINEA_2?PANTALLAS
            CODE    4EC8H     02A3H     UNIT         ?PR?_ARMAR_TRAMA_MONITOR?VERIFICADOR
            CODE    516BH     0256H     UNIT         ?PR?_ARMAR_TRAMA_PTO_PARALELO_EXPEDIDOR?VERIFICADOR
            CODE    53C1H     022CH     UNIT         ?PR?MENU?PROG
            CODE    55EDH     0208H     UNIT         ?PR?_HASH_ID?PROG
            CODE    57F5H     01FAH     UNIT         ?PR?_PROG_HORARIO_DESDE_HASTA?PROG
            CODE    59EFH     01F5H     UNIT         ?PR?PROG_FECHA_VENCIMIENTO?PROG
            CODE    5BE4H     01EBH     UNIT         ?PR?_ARMAR_TRAMA_TARJETA_SECTOR1_BLOQUE2?VERIFICADOR
            CODE    5DCFH     01DFH     UNIT         ?PR?_RESPONDE_LECTURA_TARJETA_SECTOR1_BLOQUE1?VERIFICADOR
            CODE    5FAEH     01D8H     UNIT         ?PR?_BLOCK_READ_CLOCK_ASCII_RASBERRY?CLOCK
            CODE    6186H     01B3H     UNIT         ?PR?COM_ISR?UART
            CODE    6339H     01A4H     UNIT         ?PR?_VALIDA_TIPO_TARJETA?VERIFICADOR
            CODE    64DDH     01A3H     UNIT         ?CO?LINTECH
            CODE    6680H     016EH     UNIT         ?PR?_BLOCK_READ_CLOCK_ASCII?CLOCK
            CODE    67EEH     0166H     UNIT         ?PR?_POW?POW
            CODE    6954H     0157H     UNIT         ?PR?_RESPONDE_REELECTURA_TARJETA_SECTOR1_BLOQUE2?VERIFICADOR
            CODE    6AABH     0145H     UNIT         ?PR?PROG_HORARIOS?PROG
            CODE    6BF0H     013EH     UNIT         ?PR?PROG_SIN_COBRO?PROG
            CODE    6D2EH     013EH     UNIT         ?PR?SECUENCIA_INICIO_EXPEDIDOR?VERIFICADOR
            CODE    6E6CH     013CH     UNIT         ?PR?LOAD_AND_SEND_ID_COD?PTO_PARALELO
            CODE    6FA8H     0137H     UNIT         ?PR?VER_HORARIO?PROG
            CODE    70DFH     012EH     UNIT         ?PR?_ARMAR_TRAMA_PTO_PARALELO_EXPEDIDOR_MENSUAL?VERIFICADOR
            CODE    720DH     012BH     UNIT         ?PR?_RESPONDE_LECTURA_TARJETA_SECTOR1_BLOQUE2?VERIFICADOR
            CODE    7338H     0129H     UNIT         ?PR?LOG?LOG
            CODE    7461H     0128H     UNIT         ?PR?_VER_HORARIO_DIAS?PROG
            CODE    7589H     011AH     UNIT         ?PR?_PROG_HORARIOS_ON_OFF?PROG
            CODE    76A3H     0119H     UNIT         ?PR?_VER_HORARIO_DESDE_HASTA?PROG
            CODE    77BCH     0115H     UNIT         ?PR?_VALIDAR_CLK?CLOCK
            CODE    78D1H     010FH     UNIT         ?PR?_HORARIOS?VERIFICADOR
            CODE    79E0H     010CH     UNIT         ?PR?_ATOL?ATOL
            CODE    7AECH     0103H     UNIT         ?PR?_BLOQUE_HORARIO?VERIFICADOR
            CODE    7BEFH     0100H     UNIT         ?PR?_WR_MF?LINTECH
            CODE    7CEFH     00FCH     UNIT         ?PR?PROG_DEBUG?PROG
            CODE    7DEBH     00FCH     UNIT         ?PR?PROG_USE_LPR?PROG
            CODE    7EE7H     00FCH     UNIT         ?PR?TIPO_PANTALLA?PROG
            CODE    7FE3H     00FCH     UNIT         ?PR?PROG_ANTIPASSBACK?PROG
            CODE    80DFH     00FCH     UNIT         ?PR?PROG_PLACA?PROG
            CODE    81DBH     00FCH     UNIT         ?PR?PROG_VALIDAR_TIPO_VEHICULO_MENSUAL?PROG
            CODE    82D7H     00FCH     UNIT         ?PR?PROG_APB_MENSUAL?PROG
            CODE    83D3H     00F1H     UNIT         ?PR?_WRITE_EEPROM_TICKET?EEPROM
            CODE    84C4H     00EAH     UNIT         ?PR?_MOV_CARD?LINTECH
            CODE    85AEH     00E4H     UNIT         ?PR?_STRTOK?STRTOK
BL51 BANKED LINKER/LOCATER V6.22.2.0                                                  05/31/2021  13:02:58  PAGE 4


            CODE    8692H     00DEH     UNIT         ?PR?PROG_ADDRESS_HIGH_BOARD?PROG
            CODE    8770H     00DBH     UNIT         ?PR?_ATOI?ATOI
            CODE    884BH     00D7H     UNIT         ?PR?_ANALIZA_UID_CARD?VERIFICADOR
            CODE    8922H     00D6H     UNIT         ?PR?_CMD_LPR_SALIDA_WIEGAND?ACCESCAN
            CODE    89F8H     00D3H     UNIT         ?C_INITSEG
            CODE    8ACBH     00CCH     UNIT         ?PR?_GRABA_SERIE?EEPROM
            CODE    8B97H     00CBH     UNIT         ?PR?_RTA_CMD_TRANSPORTE?VERIFICADOR
            CODE    8C62H     00CAH     UNIT         ?PR?READ_EEPROM_TICKET?EEPROM
            CODE    8D2CH     00C9H     UNIT         ?PR?_CHECK_FECHAOUT?CLOCK
            CODE    8DF5H     00C4H     UNIT         ?PR?_BLOCK_READ_CLOCK?CLOCK
            CODE    8EB9H     00C4H     UNIT         ?PR?_TARJETA_MENSUAL?VERIFICADOR
            CODE    8F7DH     00C3H     UNIT         ?PR?_RD_MF?LINTECH
            CODE    9040H     00C2H     UNIT         ?PR?PROG_TARJETA_AUTOMATICA_O_BOTON?PROG
            CODE    9102H     00C1H     UNIT         ?PR?_RECIBE_CMD_MONITOR?MONITOR
            CODE    91C3H     00BFH     UNIT         ?CO?IO_SENSORES
            CODE    9282H     00BEH     UNIT         ?PR?ERROR_RX_PTO?VERIFICADOR
            CODE    9340H     00BDH     UNIT         ?PR?PROG_COD_PARK?PROG
            CODE    93FDH     00BDH     UNIT         ?PR?PROG_TIEMPO_GRACIA?PROG
            CODE    94BAH     00BBH     UNIT         ?PR?_VALIDA_TRAMA_MONITOR?MONITOR
            CODE    9575H     00B9H     UNIT         ?CO?TIBBO
            CODE    962EH     00B6H     UNIT         ?PR?PROG_ID_CLIENTE?PROG
            CODE    96E4H     00B5H     UNIT         ?PR?_WAIT_PLACA?VERIFICADOR
            CODE    9799H     00B4H     UNIT         ?PR?_SEND_PORT?PTO_PARALELO
            CODE    984DH     00ACH     UNIT         ?PR?_HORA_MAXIMA?VERIFICADOR
            CODE    98F9H     00AAH     UNIT         ?PR?CLAVE_SEGURIDAD_S2?LINTECH
            CODE    99A3H     00A9H     UNIT         ?PR?DWLOAD_EEPROM?LINTECH
            CODE    9A4CH     00A6H     UNIT         ?PR?_BLOCK_READ_CLOCK_HEX?CLOCK
            CODE    9AF2H     00A5H     UNIT         ?PR?_SEND_PTO_PARALELO?VERIFICADOR
            CODE    9B97H     00A4H     UNIT         ?PR?_ARMAR_TRAMA_TARJETA_SECTOR1_BLOQUE1_CAMCEL?VERIFICADOR
            CODE    9C3BH     00A1H     UNIT         ?PR?_BLOCK_WRITE_CLOCK_ASCII?CLOCK
            CODE    9CDCH     009DH     UNIT         ?PR?_INICIALIZA?LINTECH
            CODE    9D79H     009CH     UNIT         ?PR?_RESPUESTA_PLACA_CANCEL?VERIFICADOR
            CODE    9E15H     009AH     UNIT         ?PR?_RESPONDE_LECTURA_TARJETA_SECTOR1_BLOQUE0?VERIFICADOR
            CODE    9EAFH     009AH     UNIT         ?PR?EXP?EXP
            CODE    9F49H     0099H     UNIT         ?PR?SHOW?PROG
            CODE    9FE2H     0099H     UNIT         ?PR?_RECIBE_PORT?PTO_PARALELO
            CODE    A07BH     0098H     UNIT         ?PR?_VALIDA_VEHICULO_CARD_MENSUAL?VERIFICADOR
            CODE    A113H     0091H     UNIT         ?PR?_HEX_ASCII?CLOCK
            CODE    A1A4H     0091H     UNIT         ?PR?_CARD_INSERCION?LINTECH
            CODE    A235H     0090H     UNIT         ?PR?_LEE_CLK?CLOCK
            CODE    A2C5H     0090H     UNIT         ?PR?_GETOPTION?PROG
            CODE    A355H     0090H     UNIT         ?PR?_DISPARO_LOCK_ENTRADA_VEHICULO?VERIFICADOR
            CODE    A3E5H     0090H     UNIT         ?PR?ENTREGA_CARD_CAPTURA?VERIFICADOR
            CODE    A475H     008DH     UNIT         ?PR?LOADVERIFY_EEPROM?LINTECH
            CODE    A502H     008CH     UNIT         ?C_C51STARTUP
            CODE    A58EH     0088H     UNIT         ?PR?_SEND_PORTERR?PTO_PARALELO
            CODE    A616H     0088H     UNIT         ?PR?RX_DATA?TIBBO
            CODE    A69EH     0088H     UNIT         ?PR?UNIQUE_IDENTIFIER_UID?LINTECH
            CODE    A726H     0086H     UNIT         ?PR?_CHECK_STATUS?LINTECH
            CODE    A7ACH     0084H     UNIT         ?PR?MSJ_LCD_INFORMATIVO?IO_SENSORES
            CODE    A830H     0084H     UNIT         ?PR?_DEBUGBUFFERMF?TIBBO
            CODE    A8B4H     0084H     UNIT         ?PR?_STRSPN?STRSPN
            CODE    A938H     0083H     UNIT         ?PR?_RASPBERRY_DATA?PANTALLAS
            CODE    A9BBH     0081H     UNIT         ?PR?_STRPBRK?STRPBRK
            CODE    AA3CH     0080H     UNIT         ?PR?_INGRESADATO?PROG
            CODE    AABCH     0080H     UNIT         ?PR?AUT_CARD_CHECK_STATUS?LINTECH
            CODE    AB3CH     0080H     UNIT         ?PR?POWER_OFF?LINTECH
BL51 BANKED LINKER/LOCATER V6.22.2.0                                                  05/31/2021  13:02:58  PAGE 5


            CODE    ABBCH     007FH     UNIT         ?PR?MAIN?MAIN
            CODE    AC3BH     007DH     UNIT         ?PR?RELOJ_PANTALLA_LCD?PANTALLAS
            CODE    ACB8H     007CH     UNIT         ?PR?RESPONDE_ESTADO_SENSORES_TRANSPORTE?VERIFICADOR
            CODE    AD34H     0077H     UNIT         ?PR?RESPONDE_TIPO_TARJETA?VERIFICADOR
            CODE    ADABH     0074H     UNIT         ?PR?_HORA_ENTRADA_VEHICULO?CLOCK
            CODE    AE1FH     0071H     UNIT         ?PR?_EN_HORARIO?VERIFICADOR
            CODE    AE90H     006FH     UNIT         ?PR?_ESCRIBIRMEMORIA?EEPROM
            CODE    AEFFH     006CH     UNIT         ?PR?_RESPONDE_WRITE_TARJETA_SECTOR1_BLOQUE2?VERIFICADOR
            CODE    AF6BH     006BH     UNIT         ?PR?INGRESO_VEHICULO?VERIFICADOR
            CODE    AFD6H     006BH     UNIT         ?PR?_STRCAT?STRCAT
            CODE    B041H     0066H     UNIT         ?PR?_LEERMEMORIA?EEPROM
            CODE    B0A7H     0062H     UNIT         ?PR?_LISTACOMANDOS?PROG
            CODE    B109H     005EH     UNIT         ?PR?_BYTEHEX_DECIMAL?CLOCK
            CODE    B167H     005DH     UNIT         ?PR?_RESPUESTA_SEGUNDA_CLAVE?VERIFICADOR
            CODE    B1C4H     005CH     UNIT         ?PR?_ARMAR_TRAMA_PLACA?VERIFICADOR
            CODE    B220H     005BH     UNIT         ?PR?VALIDA_SENSOR1_AUTO?IO_SENSORES
            CODE    B27BH     0056H     UNIT         ?PR?_WR_EEPROM?EEPROM
            CODE    B2D1H     0054H     UNIT         ?PR?_PREGUNTA_LPR?VERIFICADOR
            CODE    B325H     004DH     UNIT         ?PR?VARIABLE_INICIO?MAIN
            CODE    B372H     004DH     UNIT         ?PR?L_D_M?EEPROM
            CODE    B3BFH     004CH     UNIT         ?PR?LEE_NO_TICKET?EEPROM
            CODE    B40BH     004CH     UNIT         ?PR?LOAD_AND_SEND_INFO_RELOJ?PTO_PARALELO
            CODE    B457H     004BH     UNIT         ?PR?_TX_AUX?TIBBO
            CODE    B4A2H     0049H     UNIT         ?PR?_DEBUG_TXT_TIBBO?TIBBO
            CODE    B4EBH     0048H     UNIT         ?PR?FIRST_CLAVE?PROG
            CODE    B533H     0047H     UNIT         ?PR?_DEBUG_CHR_TIBBO?TIBBO
            CODE    B57AH     0047H     UNIT         ?PR?_RESPONDE_WRITE_TARJETA_SECTOR2_BLOQUE0?VERIFICADOR
            CODE    B5C1H     0046H     UNIT         ?PR?_ESCRIBIRCADENASOFT_BUFFER?MAIN
            CODE    B607H     0046H     UNIT         ?PR?_LCD_TXT_NUM_CHAR?PANTALLAS
            CODE    B64DH     0046H     UNIT         ?PR?_DEBUG_HEXDEC?TIBBO
            CODE    B693H     0044H     UNIT         ?PR?_LCD_TXT?PANTALLAS
            CODE    B6D7H     0043H     UNIT         ?PR?DIR_BOARD?IO_SENSORES
            CODE    B71AH     0042H     UNIT         ?PR?_VALIDARCLAVE?PROG
            CODE    B75CH     0041H     UNIT         ?PR?_MONITOR_CHR?ACCESCAN
            CODE    B79DH     0041H     UNIT         ?PR?_TWO_ONE?CLOCK
            CODE    B7DEH     0040H     UNIT         ?PR?_GETCMD?PROG
            CODE    B81EH     0040H     UNIT         ?PR?_DEBUG_PTO_PARALELO?TIBBO
            CODE    B85EH     003FH     UNIT         ?PR?_EB_CLK?CLOCK
            CODE    B89DH     003EH     UNIT         ?PR?_PUTCHAR?MAIN
            CODE    B8DBH     003EH     UNIT         ?PR?TRAMA_VALIDACION_P_N?VERIFICADOR
            CODE    B919H     003DH     UNIT         ?PR?_HEX_BCD?CLOCK
            CODE    B956H     003DH     UNIT         ?PR?_RD_EEPROM?EEPROM
            CODE    B993H     003DH     UNIT         ?PR?_DEBUG_MONITOR?TIBBO
            CODE    B9D0H     003DH     UNIT         ?PR?_LOAD_SECUENCIA_EXPEDIDOR?VERIFICADOR
            CODE    BA0DH     003BH     UNIT         ?CO?EEPROM
            CODE    BA48H     003BH     UNIT         ?PR?_COM_PUTCHAR?UART
            CODE    BA83H     003AH     UNIT         ?PR?_DELAY_10MS?DELAY
            CODE    BABDH     003AH     UNIT         ?PR?ANALIZA_CARD_MOUNT_RF?VERIFICADOR
            CODE    BAF7H     0038H     UNIT         ?PR?VALIDASENSORESPASO?IO_SENSORES
            CODE    BB2FH     0036H     UNIT         ?PR?_RESPONDE_WRITE_TARJETA_SECTOR1_BLOQUE1?VERIFICADOR
            CODE    BB65H     0036H     UNIT         ?PR?_RESPONDE_WRITE_TARJETA_SECTOR1_BLOQUE0?VERIFICADOR
            CODE    BB9BH     0034H     UNIT         ?PR?INCREMENTE_TICKET?EEPROM
            CODE    BBCFH     0034H     UNIT         ?PR?ADDR_HORARIOS?PROG
            CODE    BC03H     0031H     UNIT         ?PR?_TARJETA_ROTACION?VERIFICADOR
            CODE    BC34H     0030H     UNIT         ?PR?PREGUNTA_PLACA?VERIFICADOR
            CODE    BC64H     002EH     UNIT         ?PR?TIMER0_INT?MAIN
            CODE    BC92H     002AH     UNIT         ?PR?COM_INITIALIZE?UART
BL51 BANKED LINKER/LOCATER V6.22.2.0                                                  05/31/2021  13:02:58  PAGE 6


            CODE    BCBCH     0028H     UNIT         ?PR?_WR_CLK?CLOCK
            CODE    BCE4H     0028H     UNIT         ?PR?COM_BAUDRATE?UART
            CODE    BD0CH     0028H     UNIT         ?PR?_ARMAR_TRAMA_TARJETA_SECTOR1_BLOQUE0?VERIFICADOR
            CODE    BD34H     0027H     UNIT         ?PR?_TX_CHRLCD?PANTALLAS
            CODE    BD5BH     0026H     UNIT         ?PR?COM_GETCHAR?UART
            CODE    BD81H     0026H     UNIT         ?PR?ANALIZA_PRESENCIA_MENSUAL?VERIFICADOR
            CODE    BDA7H     0026H     UNIT         ?PR?RX_MONITOR?MONITOR
            CODE    BDCDH     0023H     UNIT         ?PR?ANALIZA_PRESENCIA_ROTACION?VERIFICADOR
            CODE    BDF0H     0022H     UNIT         ?PR?_E_D_M?EEPROM
            CODE    BE12H     0022H     UNIT         ?PR?VALIDASENSOR_CERO?IO_SENSORES
            CODE    BE34H     0021H     UNIT         ?CO?PTO_PARALELO
            CODE    BE55H     0020H     UNIT         ?PR?ACKD?EEPROM
            CODE    BE75H     0020H     UNIT         ?PR?ACK_LECT?EEPROM
            CODE    BE95H     001FH     UNIT         ?PR?VALIDASENSOR?IO_SENSORES
            CODE    BEB4H     001FH     UNIT         ?PR?TIME_BIT?TIBBO
            CODE    BED3H     001EH     UNIT         ?PR?_BCD_HEX?CLOCK
            CODE    BEF1H     001BH     UNIT         ?PR?_DELAY_1MS?DELAY
            CODE    BF0CH     0018H     UNIT         ?PR?CLEAR_PLACA?MONITOR
            CODE    BF24H     0017H     UNIT         ?PR?DISPLAYCURSOR?PROG
            CODE    BF3BH     0017H     UNIT         ?PR?TIME_MBIT?TIBBO
            CODE    BF52H     0016H     UNIT         ?PR?DIR_BOARD_MONITOR?IO_SENSORES
            CODE    BF68H     0014H     UNIT         ?CO?CLOCK
            CODE    BF7CH     0014H     UNIT         ?PR?_ISSPACE?ISSPACE
            CODE    BF90H     0012H     UNIT         ?PR?_DELAY_20US?DELAY
            CODE    BFA2H     0012H     UNIT         ?PR?START?EEPROM
            CODE    BFB4H     0012H     UNIT         ?PR?BOTTON?IO_SENSORES
            CODE    BFC6H     0012H     UNIT         ?PR?PULSO_BUS?PTO_PARALELO
            CODE    BFD8H     0012H     UNIT         ?PR?COM_RBUFLEN?UART
            CODE    BFEAH     0012H     UNIT         ?PR?COM_TBUFLEN?UART
            CODE    BFFCH     0010H     UNIT         ?PR?INI_TIMER?MAIN
            CODE    C00CH     0010H     UNIT         ?PR?INICIA_BOARD?MAIN
            CODE    C01CH     000FH     UNIT         ?PR?_ISDIGIT?ISDIGIT
            CODE    C02BH     000CH     UNIT         ?PR?_GETKEY?MAIN
            CODE    C037H     000AH     UNIT         ?PR?STOP?EEPROM
            CODE    C041H     000AH     UNIT         ?PR?COND_INI_PTO?PTO_PARALELO
            CODE    C04BH     0009H     UNIT         ?PR?DEBUG_DIVIDIR_TEXTO?TIBBO
            CODE    C054H     0009H     UNIT         ?PR?CAPTURA_EXPULSA?VERIFICADOR
            CODE    C05DH     0007H     UNIT         ?PR?COND_INI_CLOCK?CLOCK
            CODE    C064H     0007H     UNIT         ?PR?SEL_FUNCION?IO_SENSORES
            CODE    C06BH     0007H     UNIT         ?PR?SEL_AUTO?IO_SENSORES
            CODE    C072H     0007H     UNIT         ?PR?SEL_PULSA?IO_SENSORES
            CODE    C079H     0007H     UNIT         ?PR?SEL_SENSOR2?IO_SENSORES
            CODE    C080H     0007H     UNIT         ?PR?SEL_SENSOR1?IO_SENSORES
            CODE    C087H     0007H     UNIT         ?PR?SEL_DIR1?IO_SENSORES
            CODE    C08EH     0007H     UNIT         ?PR?SEL_DIR2?IO_SENSORES
            CODE    C095H     0006H     UNIT         ?PR?P_ME?EEPROM
            CODE    C09BH     0005H     UNIT         ?PR?ON_TIMER0_INTERRUP?MAIN
            CODE    C0A0H     0005H     UNIT         ?CO?ACCESCAN
            CODE    C0A5H     0005H     UNIT         ?PR?COND_INI_TIBBO?TIBBO
            CODE    C0AAH     0003H     UNIT         ?PR?OFF_TIMER0_INTERRUP?MAIN
            CODE    C0ADH     0001H     UNIT         ?PR?DELAY?DELAY



OVERLAY MAP OF MODULE:   .\Objects\expedidor_v_01_raspberry (MAIN)


BL51 BANKED LINKER/LOCATER V6.22.2.0                                                  05/31/2021  13:02:58  PAGE 7


SEGMENT                                             BIT_GROUP          DATA_GROUP          XDATA_GROUP
  +--> CALLED SEGMENT                            START    LENGTH     START    LENGTH     START    LENGTH
--------------------------------------------------------------------------------------------------------
?C_C51STARTUP                                    -----    -----      -----    -----      -----    -----
  +--> ?PR?MAIN?MAIN
  +--> ?C_INITSEG

?PR?MAIN?MAIN                                    -----    -----      -----    -----      0000H    0001H
  +--> ?PR?INI_TIMER?MAIN
  +--> ?PR?ON_TIMER0_INTERRUP?MAIN
  +--> ?PR?COM_INITIALIZE?UART
  +--> ?PR?COM_BAUDRATE?UART
  +--> ?PR?INICIA_BOARD?MAIN
  +--> ?PR?TIME_BIT?TIBBO
  +--> ?PR?_DELAY_20US?DELAY
  +--> ?PR?TIME_MBIT?TIBBO
  +--> ?PR?_TX_AUX?TIBBO
  +--> ?PR?SEL_FUNCION?IO_SENSORES
  +--> ?PR?MENU?PROG
  +--> ?PR?VARIABLE_INICIO?MAIN
  +--> ?PR?SECUENCIA_INICIO_EXPEDIDOR?VERIFI...
  +--> ?PR?RX_MONITOR?MONITOR
  +--> ?PR?_SECUENCIAEXPEDIDORMF?VERIFICADOR
  +--> ?PR?_RECIBE_PORT?PTO_PARALELO
  +--> ?PR?_DEBUG_PTO_PARALELO?TIBBO
  +--> ?PR?_VALIDA_TRAMA_PTO?ACCESCAN
  +--> ?PR?MSJ_LCD_INFORMATIVO?IO_SENSORES

?PR?COM_INITIALIZE?UART                          -----    -----      -----    -----      -----    -----
  +--> ?PR?COM_BAUDRATE?UART

?PR?INICIA_BOARD?MAIN                            -----    -----      -----    -----      -----    -----
  +--> ?PR?COND_INI_TIBBO?TIBBO
  +--> ?PR?COND_INI_CLOCK?CLOCK
  +--> ?PR?COND_INI_PTO?PTO_PARALELO

?PR?_TX_AUX?TIBBO                                -----    -----      -----    -----      -----    -----
  +--> ?PR?TIME_BIT?TIBBO

?PR?MENU?PROG                                    -----    -----      -----    -----      0001H    0045H
  +--> ?CO?PROG
  +--> ?PR?PRINTF?PRINTF
  +--> ?PR?_RD_EEPROM?EEPROM
  +--> ?PR?FIRST_CLAVE?PROG
  +--> ?PR?_WR_EEPROM?EEPROM
  +--> ?PR?_LEERMEMORIA?EEPROM
  +--> ?PR?_HASH_ID?PROG
  +--> ?PR?_INGRESADATO?PROG
  +--> ?PR?_GETCMD?PROG
  +--> ?PR?_ESCRIBIRMEMORIA?EEPROM
  +--> ?PR?_VALIDARCLAVE?PROG
  +--> ?PR?DISPLAYCURSOR?PROG
  +--> ?PR?_STRLEN?STRLEN
  +--> ?PR?_GETOPTION?PROG
  +--> ?PR?_STRCAT?STRCAT
  +--> ?PR?_LISTACOMANDOS?PROG
  +--> ?PR?PROG_ID_CLIENTE?PROG
BL51 BANKED LINKER/LOCATER V6.22.2.0                                                  05/31/2021  13:02:58  PAGE 8


  +--> ?PR?PROG_COD_PARK?PROG
  +--> ?PR?PROG_TIEMPO_GRACIA?PROG
  +--> ?PR?PROG_SIN_COBRO?PROG
  +--> ?PR?PROG_DEBUG?PROG
  +--> ?PR?PROG_USE_LPR?PROG
  +--> ?PR?TIPO_PANTALLA?PROG
  +--> ?PR?PROG_TARJETA_AUTOMATICA_O_BOTON?PROG
  +--> ?PR?PROG_ANTIPASSBACK?PROG
  +--> ?PR?PROG_PLACA?PROG
  +--> ?PR?PROG_ADDRESS_HIGH_BOARD?PROG
  +--> ?PR?PROG_HORARIOS?PROG
  +--> ?PR?PROG_VALIDAR_TIPO_VEHICULO_MENSUA...
  +--> ?PR?PROG_APB_MENSUAL?PROG
  +--> ?PR?VER_PROG?PROG
  +--> ?PR?SHOW?PROG
  +--> ?PR?PROG_FECHA_VENCIMIENTO?PROG

?PR?PRINTF?PRINTF                                0020H.0  0001H.1    0008H    0005H      0077H    0030H
  +--> ?PR?_PUTCHAR?MAIN

?PR?_PUTCHAR?MAIN                                -----    -----      -----    -----      00A7H    0003H
  +--> ?PR?_COM_PUTCHAR?UART

?PR?_COM_PUTCHAR?UART                            -----    -----      -----    -----      00AAH    0001H
  +--> ?PR?COM_TBUFLEN?UART

?PR?_RD_EEPROM?EEPROM                            -----    -----      -----    -----      -----    -----
  +--> ?PR?START?EEPROM
  +--> ?PR?ACK_LECT?EEPROM
  +--> ?PR?_E_D_M?EEPROM
  +--> ?PR?ACKD?EEPROM
  +--> ?PR?L_D_M?EEPROM
  +--> ?PR?STOP?EEPROM

?PR?ACK_LECT?EEPROM                              -----    -----      -----    -----      -----    -----
  +--> ?PR?_E_D_M?EEPROM

?PR?_E_D_M?EEPROM                                -----    -----      -----    -----      -----    -----
  +--> ?PR?P_ME?EEPROM

?PR?ACKD?EEPROM                                  -----    -----      -----    -----      -----    -----
  +--> ?PR?_E_D_M?EEPROM

?PR?FIRST_CLAVE?PROG                             -----    -----      -----    -----      0046H    000BH
  +--> ?PR?_BLOCK_READ_CLOCK_ASCII?CLOCK
  +--> ?PR?_HASH_ID?PROG
  +--> ?PR?_ESCRIBIRMEMORIA?EEPROM

?PR?_BLOCK_READ_CLOCK_ASCII?CLOCK                -----    -----      -----    -----      0051H    0003H
  +--> ?PR?_LEE_CLK?CLOCK

?PR?_LEE_CLK?CLOCK                               -----    -----      -----    -----      00B1H    0003H
  +--> ?PR?_DELAY_20US?DELAY
  +--> ?PR?_EB_CLK?CLOCK
  +--> ?PR?P_CK?CLOCK

?PR?_EB_CLK?CLOCK                                -----    -----      -----    -----      00B4H    0003H
BL51 BANKED LINKER/LOCATER V6.22.2.0                                                  05/31/2021  13:02:58  PAGE 9


  +--> ?PR?P_CK?CLOCK

?PR?P_CK?CLOCK                                   -----    -----      -----    -----      -----    -----
  +--> ?PR?DELAY?DELAY

?PR?_HASH_ID?PROG                                -----    -----      -----    -----      005DH    003FH
  +--> ?CO?PROG
  +--> ?PR?_LEERMEMORIA?EEPROM
  +--> ?PR?_CHECK_FECHAOUT?CLOCK
  +--> ?PR?_STRLEN?STRLEN

?PR?_LEERMEMORIA?EEPROM                          -----    -----      -----    -----      009CH    0005H
  +--> ?PR?_RD_EEPROM?EEPROM

?PR?_CHECK_FECHAOUT?CLOCK                        -----    -----      -----    -----      009CH    0012H
  +--> ?PR?_BLOCK_READ_CLOCK_HEX?CLOCK

?PR?_BLOCK_READ_CLOCK_HEX?CLOCK                  -----    -----      -----    -----      00AEH    0003H
  +--> ?PR?_LEE_CLK?CLOCK
  +--> ?PR?_BCD_HEX?CLOCK

?PR?_ESCRIBIRMEMORIA?EEPROM                      -----    -----      -----    -----      005DH    0005H
  +--> ?PR?_WR_EEPROM?EEPROM

?PR?_WR_EEPROM?EEPROM                            -----    -----      -----    -----      -----    -----
  +--> ?PR?START?EEPROM
  +--> ?PR?ACKD?EEPROM
  +--> ?PR?_E_D_M?EEPROM
  +--> ?PR?STOP?EEPROM
  +--> ?PR?_DELAY_1MS?DELAY
  +--> ?PR?_DELAY_20US?DELAY

?PR?_DELAY_1MS?DELAY                             -----    -----      -----    -----      -----    -----
  +--> ?PR?_DELAY_20US?DELAY

?PR?_INGRESADATO?PROG                            -----    -----      -----    -----      0071H    0004H
  +--> ?PR?_GETKEY?MAIN
  +--> ?CO?PROG
  +--> ?PR?PRINTF?PRINTF
  +--> ?PR?_PUTCHAR?MAIN

?PR?_GETKEY?MAIN                                 -----    -----      -----    -----      -----    -----
  +--> ?PR?COM_GETCHAR?UART

?PR?COM_GETCHAR?UART                             -----    -----      -----    -----      -----    -----
  +--> ?PR?COM_RBUFLEN?UART

?PR?_GETCMD?PROG                                 -----    -----      -----    -----      005DH    0007H
  +--> ?CO?PROG
  +--> ?PR?_STRTOK?STRTOK

?PR?_STRTOK?STRTOK                               -----    -----      -----    -----      0064H    0006H
  +--> ?PR?_STRSPN?STRSPN
  +--> ?PR?_STRPBRK?STRPBRK

?PR?_STRSPN?STRSPN                               -----    -----      -----    -----      006AH    0008H

BL51 BANKED LINKER/LOCATER V6.22.2.0                                                  05/31/2021  13:02:58  PAGE 10


?PR?_STRPBRK?STRPBRK                             -----    -----      -----    -----      006AH    0009H

?PR?_VALIDARCLAVE?PROG                           -----    -----      -----    -----      005DH    000EH

?PR?DISPLAYCURSOR?PROG                           -----    -----      -----    -----      -----    -----
  +--> ?CO?PROG
  +--> ?PR?PRINTF?PRINTF

?PR?_GETOPTION?PROG                              -----    -----      -----    -----      0046H    000BH
  +--> ?CO?PROG
  +--> ?PR?_STRTOK?STRTOK

?PR?_STRCAT?STRCAT                               -----    -----      -----    -----      0046H    0009H

?PR?_LISTACOMANDOS?PROG                          -----    -----      -----    -----      0046H    0007H

?PR?PROG_ID_CLIENTE?PROG                         -----    -----      -----    -----      0046H    000CH
  +--> ?PR?_RD_EEPROM?EEPROM
  +--> ?CO?PROG
  +--> ?PR?PRINTF?PRINTF
  +--> ?PR?_INGRESADATO?PROG
  +--> ?PR?_ATOI?ATOI
  +--> ?PR?_WR_EEPROM?EEPROM

?PR?_ATOI?ATOI                                   0020H.0  0000H.1    -----    -----      0071H    0005H
  +--> ?PR?_ISSPACE?ISSPACE
  +--> ?PR?_ISDIGIT?ISDIGIT

?PR?PROG_COD_PARK?PROG                           -----    -----      -----    -----      0046H    000CH
  +--> ?PR?_RD_EEPROM?EEPROM
  +--> ?CO?PROG
  +--> ?PR?PRINTF?PRINTF
  +--> ?PR?_INGRESADATO?PROG
  +--> ?PR?_ATOI?ATOI
  +--> ?PR?_WR_EEPROM?EEPROM

?PR?PROG_TIEMPO_GRACIA?PROG                      -----    -----      -----    -----      0046H    000CH
  +--> ?PR?_RD_EEPROM?EEPROM
  +--> ?CO?PROG
  +--> ?PR?PRINTF?PRINTF
  +--> ?PR?_INGRESADATO?PROG
  +--> ?PR?_ATOI?ATOI
  +--> ?PR?_WR_EEPROM?EEPROM

?PR?PROG_SIN_COBRO?PROG                          -----    -----      -----    -----      0046H    000CH
  +--> ?PR?_RD_EEPROM?EEPROM
  +--> ?CO?PROG
  +--> ?PR?PRINTF?PRINTF
  +--> ?PR?_INGRESADATO?PROG
  +--> ?PR?_ATOI?ATOI
  +--> ?PR?_WR_EEPROM?EEPROM

?PR?PROG_DEBUG?PROG                              -----    -----      -----    -----      0046H    000CH
  +--> ?PR?_RD_EEPROM?EEPROM
  +--> ?CO?PROG
  +--> ?PR?PRINTF?PRINTF
  +--> ?PR?_INGRESADATO?PROG
BL51 BANKED LINKER/LOCATER V6.22.2.0                                                  05/31/2021  13:02:58  PAGE 11


  +--> ?PR?_ATOI?ATOI
  +--> ?PR?_WR_EEPROM?EEPROM

?PR?PROG_USE_LPR?PROG                            -----    -----      -----    -----      0046H    000CH
  +--> ?PR?_RD_EEPROM?EEPROM
  +--> ?CO?PROG
  +--> ?PR?PRINTF?PRINTF
  +--> ?PR?_INGRESADATO?PROG
  +--> ?PR?_ATOI?ATOI
  +--> ?PR?_WR_EEPROM?EEPROM

?PR?TIPO_PANTALLA?PROG                           -----    -----      -----    -----      0046H    000CH
  +--> ?PR?_RD_EEPROM?EEPROM
  +--> ?CO?PROG
  +--> ?PR?PRINTF?PRINTF
  +--> ?PR?_INGRESADATO?PROG
  +--> ?PR?_ATOI?ATOI
  +--> ?PR?_WR_EEPROM?EEPROM

?PR?PROG_TARJETA_AUTOMATICA_O_BOTON?PROG         -----    -----      -----    -----      0046H    000CH
  +--> ?PR?_RD_EEPROM?EEPROM
  +--> ?CO?PROG
  +--> ?PR?PRINTF?PRINTF
  +--> ?PR?_INGRESADATO?PROG
  +--> ?PR?_ATOI?ATOI
  +--> ?PR?_WR_EEPROM?EEPROM

?PR?PROG_ANTIPASSBACK?PROG                       -----    -----      -----    -----      0046H    000CH
  +--> ?PR?_RD_EEPROM?EEPROM
  +--> ?CO?PROG
  +--> ?PR?PRINTF?PRINTF
  +--> ?PR?_INGRESADATO?PROG
  +--> ?PR?_ATOI?ATOI
  +--> ?PR?_WR_EEPROM?EEPROM

?PR?PROG_PLACA?PROG                              -----    -----      -----    -----      0046H    000CH
  +--> ?PR?_RD_EEPROM?EEPROM
  +--> ?CO?PROG
  +--> ?PR?PRINTF?PRINTF
  +--> ?PR?_INGRESADATO?PROG
  +--> ?PR?_ATOI?ATOI
  +--> ?PR?_WR_EEPROM?EEPROM

?PR?PROG_ADDRESS_HIGH_BOARD?PROG                 -----    -----      -----    -----      0046H    000CH
  +--> ?PR?_RD_EEPROM?EEPROM
  +--> ?CO?PROG
  +--> ?PR?PRINTF?PRINTF
  +--> ?PR?_INGRESADATO?PROG
  +--> ?PR?_ATOI?ATOI
  +--> ?PR?_WR_EEPROM?EEPROM

?PR?PROG_HORARIOS?PROG                           -----    -----      -----    -----      0046H    001BH
  +--> ?PR?ADDR_HORARIOS?PROG
  +--> ?CO?PROG
  +--> ?PR?PRINTF?PRINTF
  +--> ?PR?_INGRESADATO?PROG
  +--> ?PR?_ATOI?ATOI
BL51 BANKED LINKER/LOCATER V6.22.2.0                                                  05/31/2021  13:02:58  PAGE 12


  +--> ?PR?_PROG_HORARIOS_ON_OFF?PROG
  +--> ?PR?_WR_EEPROM?EEPROM
  +--> ?PR?_PROG_HORARIO_DIAS?PROG
  +--> ?PR?_PROG_HORARIO_DESDE_HASTA?PROG
  +--> ?PR?_RD_EEPROM?EEPROM

?PR?ADDR_HORARIOS?PROG                           -----    -----      -----    -----      0074H    000BH

?PR?_PROG_HORARIOS_ON_OFF?PROG                   -----    -----      -----    -----      0061H    0010H
  +--> ?PR?_RD_EEPROM?EEPROM
  +--> ?CO?PROG
  +--> ?PR?PRINTF?PRINTF
  +--> ?PR?_INGRESADATO?PROG
  +--> ?PR?_ATOI?ATOI
  +--> ?PR?_WR_EEPROM?EEPROM

?PR?_PROG_HORARIO_DIAS?PROG                      -----    -----      -----    -----      0061H    000FH
  +--> ?CO?PROG
  +--> ?PR?PRINTF?PRINTF
  +--> ?PR?_INGRESADATO?PROG
  +--> ?PR?_WR_EEPROM?EEPROM
  +--> ?PR?_RD_EEPROM?EEPROM

?PR?_PROG_HORARIO_DESDE_HASTA?PROG               -----    -----      -----    -----      0061H    000CH
  +--> ?CO?PROG
  +--> ?PR?PRINTF?PRINTF
  +--> ?PR?_INGRESADATO?PROG
  +--> ?PR?_WR_EEPROM?EEPROM
  +--> ?PR?_RD_EEPROM?EEPROM

?PR?PROG_VALIDAR_TIPO_VEHICULO_MENSUA...         -----    -----      -----    -----      0046H    000CH
  +--> ?PR?_RD_EEPROM?EEPROM
  +--> ?CO?PROG
  +--> ?PR?PRINTF?PRINTF
  +--> ?PR?_INGRESADATO?PROG
  +--> ?PR?_ATOI?ATOI
  +--> ?PR?_WR_EEPROM?EEPROM

?PR?PROG_APB_MENSUAL?PROG                        -----    -----      -----    -----      0046H    000CH
  +--> ?PR?_RD_EEPROM?EEPROM
  +--> ?CO?PROG
  +--> ?PR?PRINTF?PRINTF
  +--> ?PR?_INGRESADATO?PROG
  +--> ?PR?_ATOI?ATOI
  +--> ?PR?_WR_EEPROM?EEPROM

?PR?VER_PROG?PROG                                -----    -----      -----    -----      0046H    0013H
  +--> ?PR?_RD_EEPROM?EEPROM
  +--> ?CO?PROG
  +--> ?PR?PRINTF?PRINTF
  +--> ?PR?VER_HORARIO?PROG
  +--> ?PR?_LEERMEMORIA?EEPROM
  +--> ?PR?_HEX_ASCII?CLOCK

?PR?VER_HORARIO?PROG                             -----    -----      -----    -----      0059H    001BH
  +--> ?PR?ADDR_HORARIOS?PROG
  +--> ?CO?PROG
BL51 BANKED LINKER/LOCATER V6.22.2.0                                                  05/31/2021  13:02:58  PAGE 13


  +--> ?PR?PRINTF?PRINTF
  +--> ?PR?_RD_EEPROM?EEPROM
  +--> ?PR?_VER_HORARIO_DIAS?PROG
  +--> ?PR?_VER_HORARIO_DESDE_HASTA?PROG

?PR?_VER_HORARIO_DIAS?PROG                       -----    -----      -----    -----      0074H    0003H
  +--> ?PR?_RD_EEPROM?EEPROM
  +--> ?CO?PROG
  +--> ?PR?PRINTF?PRINTF

?PR?_VER_HORARIO_DESDE_HASTA?PROG                -----    -----      -----    -----      0074H    0002H
  +--> ?CO?PROG
  +--> ?PR?PRINTF?PRINTF
  +--> ?PR?_RD_EEPROM?EEPROM

?PR?_HEX_ASCII?CLOCK                             -----    -----      -----    -----      005DH    0006H
  +--> ?PR?_HEX_BCD?CLOCK

?PR?SHOW?PROG                                    -----    -----      -----    -----      -----    -----
  +--> ?CO?PROG
  +--> ?PR?PRINTF?PRINTF

?PR?PROG_FECHA_VENCIMIENTO?PROG                  -----    -----      -----    -----      0046H    0017H
  +--> ?PR?_LEERMEMORIA?EEPROM
  +--> ?PR?_HEX_ASCII?CLOCK
  +--> ?CO?PROG
  +--> ?PR?PRINTF?PRINTF
  +--> ?PR?_HASH_ID?PROG
  +--> ?PR?_INGRESADATO?PROG
  +--> ?PR?_GETCMD?PROG
  +--> ?PR?_ESCRIBIRMEMORIA?EEPROM
  +--> ?PR?_VALIDARCLAVE?PROG
  +--> ?PR?_ATOI?ATOI
  +--> ?PR?_WR_EEPROM?EEPROM

?PR?VARIABLE_INICIO?MAIN                         -----    -----      -----    -----      -----    -----
  +--> ?PR?_RD_EEPROM?EEPROM

?PR?SECUENCIA_INICIO_EXPEDIDOR?VERIFI...         -----    -----      -----    -----      0001H    0001H
  +--> ?PR?_INICIALIZA?LINTECH
  +--> ?PR?TRAMA_VALIDACION_P_N?VERIFICADOR
  +--> ?CO?VERIFICADOR
  +--> ?PR?_DEBUG_TXT_TIBBO?TIBBO
  +--> ?PR?_DEBUGBUFFERMF?TIBBO
  +--> ?PR?DWLOAD_EEPROM?LINTECH

?PR?_INICIALIZA?LINTECH                          -----    -----      -----    -----      0002H    000CH
  +--> ?CO?LINTECH
  +--> ?PR?_DEBUG_TXT_TIBBO?TIBBO
  +--> ?PR?_DEBUGBUFFERMF?TIBBO
  +--> ?PR?_ESCRIBIRCADENASOFT_BUFFER?MAIN

?PR?_DEBUG_TXT_TIBBO?TIBBO                       -----    -----      -----    -----      004EH    0004H
  +--> ?PR?_DEBUG_CHR_TIBBO?TIBBO
  +--> ?CO?TIBBO
  +--> ?PR?_TX_AUX?TIBBO

BL51 BANKED LINKER/LOCATER V6.22.2.0                                                  05/31/2021  13:02:58  PAGE 14


?PR?_DEBUG_CHR_TIBBO?TIBBO                       -----    -----      -----    -----      -----    -----
  +--> ?PR?_TX_AUX?TIBBO

?PR?_DEBUGBUFFERMF?TIBBO                         -----    -----      -----    -----      0027H    0006H
  +--> ?CO?TIBBO
  +--> ?PR?_DEBUG_TXT_TIBBO?TIBBO
  +--> ?PR?_DEBUG_CHR_TIBBO?TIBBO
  +--> ?PR?_TX_AUX?TIBBO

?PR?_ESCRIBIRCADENASOFT_BUFFER?MAIN              -----    -----      -----    -----      0027H    0006H
  +--> ?PR?_PUTCHAR?MAIN

?PR?TRAMA_VALIDACION_P_N?VERIFICADOR             -----    -----      -----    -----      -----    -----
  +--> ?CO?VERIFICADOR
  +--> ?PR?_DEBUG_TXT_TIBBO?TIBBO

?PR?DWLOAD_EEPROM?LINTECH                        -----    -----      -----    -----      0002H    0016H
  +--> ?CO?LINTECH
  +--> ?PR?_DEBUG_TXT_TIBBO?TIBBO
  +--> ?PR?_DEBUGBUFFERMF?TIBBO
  +--> ?PR?_ESCRIBIRCADENASOFT_BUFFER?MAIN

?PR?RX_MONITOR?MONITOR                           -----    -----      -----    -----      0009H    000DH
  +--> ?PR?_RECIBE_CMD_MONITOR?MONITOR
  +--> ?PR?_DEBUG_MONITOR?TIBBO
  +--> ?PR?_VALIDA_TRAMA_MONITOR?MONITOR

?PR?_RECIBE_CMD_MONITOR?MONITOR                  -----    -----      -----    -----      0016H    0009H
  +--> ?PR?RX_DATA?TIBBO

?PR?RX_DATA?TIBBO                                -----    -----      -----    -----      -----    -----
  +--> ?PR?TIME_MBIT?TIBBO
  +--> ?PR?TIME_BIT?TIBBO

?PR?_DEBUG_MONITOR?TIBBO                         -----    -----      -----    -----      0016H    0004H
  +--> ?PR?DEBUG_DIVIDIR_TEXTO?TIBBO
  +--> ?CO?TIBBO
  +--> ?PR?_DEBUG_TXT_TIBBO?TIBBO

?PR?DEBUG_DIVIDIR_TEXTO?TIBBO                    -----    -----      -----    -----      -----    -----
  +--> ?CO?TIBBO
  +--> ?PR?_DEBUG_TXT_TIBBO?TIBBO

?PR?_VALIDA_TRAMA_MONITOR?MONITOR                -----    -----      -----    -----      0016H    0006H
  +--> ?PR?_DELAY_10MS?DELAY
  +--> ?PR?_TX_AUX?TIBBO

?PR?_DELAY_10MS?DELAY                            -----    -----      -----    -----      001CH    0004H
  +--> ?PR?_DELAY_1MS?DELAY

?PR?_SECUENCIAEXPEDIDORMF?VERIFICADOR            -----    -----      -----    -----      0001H    0001H
  +--> ?PR?_CHECK_STATUS?LINTECH
  +--> ?PR?_LOAD_SECUENCIA_EXPEDIDOR?VERIFIC...
  +--> ?PR?RX_MONITOR?MONITOR
  +--> ?PR?_RTA_CMD_TRANSPORTE?VERIFICADOR
  +--> ?PR?_MOV_CARD?LINTECH
  +--> ?PR?_CARD_INSERCION?LINTECH
BL51 BANKED LINKER/LOCATER V6.22.2.0                                                  05/31/2021  13:02:58  PAGE 15


  +--> ?PR?AUT_CARD_CHECK_STATUS?LINTECH
  +--> ?PR?LOADVERIFY_EEPROM?LINTECH
  +--> ?PR?_RD_MF?LINTECH
  +--> ?PR?_WR_MF?LINTECH
  +--> ?PR?ANALIZA_CARD_MOUNT_RF?VERIFICADOR
  +--> ?PR?DWLOAD_EEPROM?LINTECH
  +--> ?PR?ENTREGA_CARD_CAPTURA?VERIFICADOR
  +--> ?PR?_SEND_PTO_PARALELO?VERIFICADOR
  +--> ?PR?_WAIT_PLACA?VERIFICADOR
  +--> ?PR?UNIQUE_IDENTIFIER_UID?LINTECH
  +--> ?PR?_PREGUNTA_LPR?VERIFICADOR
  +--> ?PR?PREGUNTA_PLACA?VERIFICADOR
  +--> ?PR?_VALIDA_TIPO_TARJETA?VERIFICADOR
  +--> ?PR?POWER_OFF?LINTECH
  +--> ?PR?CLAVE_SEGURIDAD_S2?LINTECH
  +--> ?PR?_RESPONDE_REELECTURA_TARJETA_SECT...
  +--> ?PR?RESPONDE_ESTADO_SENSORES_TRANSPOR...
  +--> ?PR?RESPONDE_TIPO_TARJETA?VERIFICADOR
  +--> ?PR?_RESPONDE_LECTURA_TARJETA_SECTOR1...
  +--> ?PR?_RESPONDE_LECTURA_TARJETA_SECTOR1...
  +--> ?PR?_RESPONDE_LECTURA_TARJETA_SECTOR1...
  +--> ?PR?_RESPONDE_WRITE_TARJETA_SECTOR1_B...
  +--> ?PR?_RESPONDE_WRITE_TARJETA_SECTOR2_B...
  +--> ?PR?_RESPONDE_WRITE_TARJETA_SECTOR1_B...
  +--> ?PR?_RESPONDE_WRITE_TARJETA_SECTOR1_B...
  +--> ?PR?_DISPARO_LOCK_ENTRADA_VEHICULO?VE...
  +--> ?PR?_RESPUESTA_SEGUNDA_CLAVE?VERIFICADOR
  +--> ?PR?ANALIZA_PRESENCIA_MENSUAL?VERIFIC...
  +--> ?PR?_ANALIZA_UID_CARD?VERIFICADOR
  +--> ?PR?ANALIZA_PRESENCIA_ROTACION?VERIFI...
  +--> ?CO?VERIFICADOR
  +--> ?PR?_DEBUG_TXT_TIBBO?TIBBO

?PR?_CHECK_STATUS?LINTECH                        -----    -----      -----    -----      0002H    000BH
  +--> ?CO?LINTECH
  +--> ?PR?_DEBUG_TXT_TIBBO?TIBBO
  +--> ?PR?_DEBUGBUFFERMF?TIBBO
  +--> ?PR?_ESCRIBIRCADENASOFT_BUFFER?MAIN

?PR?_LOAD_SECUENCIA_EXPEDIDOR?VERIFIC...         -----    -----      -----    -----      0002H    0009H

?PR?_RTA_CMD_TRANSPORTE?VERIFICADOR              -----    -----      -----    -----      0002H    0005H
  +--> ?PR?TRAMA_VALIDACION_P_N?VERIFICADOR
  +--> ?CO?VERIFICADOR
  +--> ?PR?_DEBUG_TXT_TIBBO?TIBBO
  +--> ?PR?_DEBUGBUFFERMF?TIBBO
  +--> ?PR?ERROR_RX_PTO?VERIFICADOR

?PR?ERROR_RX_PTO?VERIFICADOR                     -----    -----      -----    -----      0007H    0001H
  +--> ?CO?VERIFICADOR
  +--> ?PR?_DEBUG_TXT_TIBBO?TIBBO
  +--> ?PR?_DEBUG_CHR_TIBBO?TIBBO
  +--> ?PR?_DELAY_10MS?DELAY

?PR?_MOV_CARD?LINTECH                            -----    -----      -----    -----      0002H    000CH
  +--> ?CO?LINTECH
  +--> ?PR?_DEBUG_TXT_TIBBO?TIBBO
BL51 BANKED LINKER/LOCATER V6.22.2.0                                                  05/31/2021  13:02:58  PAGE 16


  +--> ?PR?_DEBUGBUFFERMF?TIBBO
  +--> ?PR?_ESCRIBIRCADENASOFT_BUFFER?MAIN

?PR?_CARD_INSERCION?LINTECH                      -----    -----      -----    -----      0002H    000AH
  +--> ?CO?LINTECH
  +--> ?PR?_DEBUG_TXT_TIBBO?TIBBO
  +--> ?PR?_DEBUGBUFFERMF?TIBBO
  +--> ?PR?_ESCRIBIRCADENASOFT_BUFFER?MAIN

?PR?AUT_CARD_CHECK_STATUS?LINTECH                -----    -----      -----    -----      0002H    000BH
  +--> ?CO?LINTECH
  +--> ?PR?_DEBUG_TXT_TIBBO?TIBBO
  +--> ?PR?_DEBUGBUFFERMF?TIBBO
  +--> ?PR?_ESCRIBIRCADENASOFT_BUFFER?MAIN

?PR?LOADVERIFY_EEPROM?LINTECH                    -----    -----      -----    -----      0002H    0010H
  +--> ?CO?LINTECH
  +--> ?PR?_DEBUG_TXT_TIBBO?TIBBO
  +--> ?PR?_DEBUGBUFFERMF?TIBBO
  +--> ?PR?_ESCRIBIRCADENASOFT_BUFFER?MAIN

?PR?_RD_MF?LINTECH                               -----    -----      -----    -----      0002H    0012H
  +--> ?CO?LINTECH
  +--> ?PR?_DEBUG_TXT_TIBBO?TIBBO
  +--> ?PR?_DEBUG_CHR_TIBBO?TIBBO
  +--> ?PR?_DEBUGBUFFERMF?TIBBO
  +--> ?PR?_ESCRIBIRCADENASOFT_BUFFER?MAIN

?PR?_WR_MF?LINTECH                               -----    -----      -----    -----      0002H    0025H
  +--> ?CO?LINTECH
  +--> ?PR?_DEBUG_TXT_TIBBO?TIBBO
  +--> ?PR?_DEBUG_CHR_TIBBO?TIBBO
  +--> ?PR?_DEBUGBUFFERMF?TIBBO
  +--> ?PR?_ESCRIBIRCADENASOFT_BUFFER?MAIN

?PR?ANALIZA_CARD_MOUNT_RF?VERIFICADOR            -----    -----      -----    -----      0002H    0001H
  +--> ?CO?VERIFICADOR
  +--> ?PR?_DEBUG_TXT_TIBBO?TIBBO

?PR?ENTREGA_CARD_CAPTURA?VERIFICADOR             -----    -----      -----    -----      0002H    0001H
  +--> ?CO?VERIFICADOR
  +--> ?PR?_DEBUG_TXT_TIBBO?TIBBO
  +--> ?PR?SEL_SENSOR2?IO_SENSORES
  +--> ?PR?VALIDASENSOR?IO_SENSORES
  +--> ?PR?VALIDA_SENSOR1_AUTO?IO_SENSORES

?PR?VALIDA_SENSOR1_AUTO?IO_SENSORES              -----    -----      -----    -----      0011H    0001H
  +--> ?PR?SEL_SENSOR1?IO_SENSORES
  +--> ?PR?SEL_AUTO?IO_SENSORES
  +--> ?CO?IO_SENSORES
  +--> ?PR?_DEBUG_TXT_TIBBO?TIBBO
  +--> ?PR?BOTTON?IO_SENSORES

?PR?BOTTON?IO_SENSORES                           -----    -----      -----    -----      -----    -----
  +--> ?PR?SEL_PULSA?IO_SENSORES
  +--> ?CO?IO_SENSORES
  +--> ?PR?_DEBUG_TXT_TIBBO?TIBBO
BL51 BANKED LINKER/LOCATER V6.22.2.0                                                  05/31/2021  13:02:58  PAGE 17



?PR?_SEND_PTO_PARALELO?VERIFICADOR               -----    -----      -----    -----      0002H    0007H
  +--> ?PR?_ARMAR_TRAMA_PTO_PARALELO_EXPEDID...
  +--> ?PR?_ARMAR_TRAMA_PTO_PARALELO_EXPEDID...
  +--> ?PR?INCREMENTE_TICKET?EEPROM
  +--> ?PR?_SEND_PORT?PTO_PARALELO
  +--> ?CO?VERIFICADOR
  +--> ?PR?_DEBUG_TXT_TIBBO?TIBBO
  +--> ?PR?_DEBUGBUFFERMF?TIBBO
  +--> ?PR?CLEAR_PLACA?MONITOR

?PR?_ARMAR_TRAMA_PTO_PARALELO_EXPEDID...         -----    -----      -----    -----      0009H    0006H
  +--> ?PR?_BCD_HEX?CLOCK
  +--> ?PR?_RD_EEPROM?EEPROM

?PR?_ARMAR_TRAMA_PTO_PARALELO_EXPEDID...         -----    -----      -----    -----      0009H    0012H
  +--> ?PR?LEE_NO_TICKET?EEPROM
  +--> ?PR?_STRCAT?STRCAT
  +--> ?PR?_STRLEN?STRLEN
  +--> ?PR?_BCD_HEX?CLOCK
  +--> ?PR?_RD_EEPROM?EEPROM

?PR?LEE_NO_TICKET?EEPROM                         -----    -----      -----    -----      0043H    000BH
  +--> ?PR?READ_EEPROM_TICKET?EEPROM
  +--> ?CO?EEPROM
  +--> ?PR?PRINTF?PRINTF
  +--> ?PR?_STRLEN?STRLEN
  +--> ?PR?_DEBUG_TXT_TIBBO?TIBBO

?PR?READ_EEPROM_TICKET?EEPROM                    -----    -----      -----    -----      004EH    0007H
  +--> ?PR?_RD_EEPROM?EEPROM

?PR?INCREMENTE_TICKET?EEPROM                     -----    -----      -----    -----      0009H    000BH
  +--> ?PR?READ_EEPROM_TICKET?EEPROM
  +--> ?CO?EEPROM
  +--> ?PR?PRINTF?PRINTF
  +--> ?PR?_WRITE_EEPROM_TICKET?EEPROM

?PR?_WRITE_EEPROM_TICKET?EEPROM                  -----    -----      -----    -----      0015H    000BH
  +--> ?CO?EEPROM
  +--> ?PR?_DEBUG_TXT_TIBBO?TIBBO
  +--> ?PR?_ATOL?ATOL
  +--> ?PR?_DEBUG_CHR_TIBBO?TIBBO
  +--> ?PR?_WR_EEPROM?EEPROM

?PR?_ATOL?ATOL                                   0020H.0  0000H.1    -----    -----      0020H    0007H
  +--> ?PR?_ISSPACE?ISSPACE
  +--> ?PR?_ISDIGIT?ISDIGIT

?PR?_SEND_PORT?PTO_PARALELO                      -----    -----      -----    -----      0016H    000AH
  +--> ?PR?PULSO_BUS?PTO_PARALELO
  +--> ?PR?_DELAY_20US?DELAY

?PR?PULSO_BUS?PTO_PARALELO                       -----    -----      -----    -----      -----    -----
  +--> ?PR?_DELAY_20US?DELAY

?PR?_WAIT_PLACA?VERIFICADOR                      -----    -----      -----    -----      0002H    0007H
BL51 BANKED LINKER/LOCATER V6.22.2.0                                                  05/31/2021  13:02:58  PAGE 18


  +--> ?CO?VERIFICADOR
  +--> ?PR?_DEBUG_TXT_TIBBO?TIBBO
  +--> ?PR?RX_MONITOR?MONITOR
  +--> ?PR?_RESPUESTA_PLACA_CANCEL?VERIFICADOR

?PR?_RESPUESTA_PLACA_CANCEL?VERIFICADOR          -----    -----      -----    -----      0009H    000AH
  +--> ?CO?VERIFICADOR
  +--> ?PR?_DEBUG_TXT_TIBBO?TIBBO
  +--> ?PR?_ARMAR_TRAMA_TARJETA_SECTOR1_BLOQ...

?PR?_ARMAR_TRAMA_TARJETA_SECTOR1_BLOQ...         -----    -----      -----    -----      0013H    0004H
  +--> ?PR?CLEAR_PLACA?MONITOR
  +--> ?PR?_RD_EEPROM?EEPROM

?PR?UNIQUE_IDENTIFIER_UID?LINTECH                -----    -----      -----    -----      0002H    000BH
  +--> ?CO?LINTECH
  +--> ?PR?_DEBUG_TXT_TIBBO?TIBBO
  +--> ?PR?_DEBUGBUFFERMF?TIBBO
  +--> ?PR?_ESCRIBIRCADENASOFT_BUFFER?MAIN

?PR?_PREGUNTA_LPR?VERIFICADOR                    -----    -----      -----    -----      0002H    0003H
  +--> ?CO?VERIFICADOR
  +--> ?PR?_DEBUG_TXT_TIBBO?TIBBO
  +--> ?PR?_HORA_ENTRADA_VEHICULO?CLOCK
  +--> ?PR?_RD_EEPROM?EEPROM
  +--> ?PR?_ARMAR_TRAMA_MONITOR?VERIFICADOR

?PR?_HORA_ENTRADA_VEHICULO?CLOCK                 -----    -----      -----    -----      0005H    0003H
  +--> ?PR?_LEE_CLK?CLOCK

?PR?_ARMAR_TRAMA_MONITOR?VERIFICADOR             -----    -----      -----    -----      0005H    000FH
  +--> ?PR?DIR_BOARD_MONITOR?IO_SENSORES
  +--> ?PR?LEE_NO_TICKET?EEPROM
  +--> ?PR?_STRCAT?STRCAT
  +--> ?PR?_BYTEHEX_DECIMAL?CLOCK
  +--> ?PR?_STRLEN?STRLEN
  +--> ?PR?_TWO_BYTEHEX_DECIMAL?CLOCK

?PR?DIR_BOARD_MONITOR?IO_SENSORES                -----    -----      -----    -----      -----    -----
  +--> ?PR?_RD_EEPROM?EEPROM

?PR?_BYTEHEX_DECIMAL?CLOCK                       -----    -----      -----    -----      0014H    0001H

?PR?_TWO_BYTEHEX_DECIMAL?CLOCK                   -----    -----      -----    -----      0014H    000CH
  +--> ?PR?_POW?POW

?PR?_POW?POW                                     -----    -----      -----    -----      0020H    000AH
  +--> ?PR?LOG?LOG
  +--> ?PR?EXP?EXP

?PR?LOG?LOG                                      0020H.0  0000H.1    -----    -----      002AH    0004H

?PR?PREGUNTA_PLACA?VERIFICADOR                   -----    -----      -----    -----      0002H    0001H
  +--> ?CO?VERIFICADOR
  +--> ?PR?_DEBUG_TXT_TIBBO?TIBBO
  +--> ?PR?_RD_EEPROM?EEPROM

BL51 BANKED LINKER/LOCATER V6.22.2.0                                                  05/31/2021  13:02:58  PAGE 19


?PR?_VALIDA_TIPO_TARJETA?VERIFICADOR             -----    -----      -----    -----      0002H    0007H
  +--> ?CO?VERIFICADOR
  +--> ?PR?_DEBUG_TXT_TIBBO?TIBBO
  +--> ?PR?_RD_EEPROM?EEPROM
  +--> ?PR?_TARJETA_MENSUAL?VERIFICADOR
  +--> ?PR?_SEND_PORTERR?PTO_PARALELO
  +--> ?PR?_PANTALLALCD?PANTALLAS
  +--> ?PR?CAPTURA_EXPULSA?VERIFICADOR
  +--> ?PR?_TARJETA_ROTACION?VERIFICADOR

?PR?_TARJETA_MENSUAL?VERIFICADOR                 -----    -----      -----    -----      0009H    0007H
  +--> ?PR?_HORARIOS?VERIFICADOR
  +--> ?PR?_CHECK_FECHAOUT?CLOCK
  +--> ?PR?_VALIDA_VEHICULO_CARD_MENSUAL?VER...
  +--> ?PR?CAPTURA_EXPULSA?VERIFICADOR
  +--> ?CO?VERIFICADOR
  +--> ?PR?_DEBUG_TXT_TIBBO?TIBBO
  +--> ?PR?_ARMAR_TRAMA_TARJETA_SECTOR1_BLOQ...
  +--> ?PR?_SEND_PORTERR?PTO_PARALELO
  +--> ?PR?_PANTALLALCD?PANTALLAS

?PR?_HORARIOS?VERIFICADOR                        -----    -----      -----    -----      0010H    0013H
  +--> ?PR?ADDR_HORARIOS?PROG
  +--> ?PR?_RD_EEPROM?EEPROM
  +--> ?PR?_LEE_CLK?CLOCK
  +--> ?CO?VERIFICADOR
  +--> ?PR?_DEBUG_TXT_TIBBO?TIBBO
  +--> ?PR?_DEBUG_CHR_TIBBO?TIBBO
  +--> ?PR?_BLOQUE_HORARIO?VERIFICADOR
  +--> ?PR?_PANTALLALCD?PANTALLAS

?PR?_BLOQUE_HORARIO?VERIFICADOR                  -----    -----      -----    -----      0023H    0007H
  +--> ?CO?VERIFICADOR
  +--> ?PR?_DEBUG_TXT_TIBBO?TIBBO
  +--> ?PR?_LEE_CLK?CLOCK
  +--> ?PR?_DEBUG_CHR_TIBBO?TIBBO
  +--> ?PR?_HORA_MAXIMA?VERIFICADOR
  +--> ?PR?_EN_HORARIO?VERIFICADOR
  +--> ?PR?_RD_EEPROM?EEPROM
  +--> ?PR?_SEND_PORTERR?PTO_PARALELO
  +--> ?PR?_PANTALLALCD?PANTALLAS

?PR?_HORA_MAXIMA?VERIFICADOR                     -----    -----      -----    -----      002FH    0008H
  +--> ?PR?_RD_EEPROM?EEPROM
  +--> ?PR?_DEBUG_CHR_TIBBO?TIBBO
  +--> ?CO?VERIFICADOR
  +--> ?PR?_DEBUG_TXT_TIBBO?TIBBO

?PR?_EN_HORARIO?VERIFICADOR                      -----    -----      -----    -----      002AH    0005H
  +--> ?CO?VERIFICADOR
  +--> ?PR?_DEBUG_TXT_TIBBO?TIBBO
  +--> ?PR?_HORA_MAXIMA?VERIFICADOR

?PR?_SEND_PORTERR?PTO_PARALELO                   -----    -----      -----    -----      002AH    0006H
  +--> ?PR?PULSO_BUS?PTO_PARALELO
  +--> ?PR?_DELAY_20US?DELAY

BL51 BANKED LINKER/LOCATER V6.22.2.0                                                  05/31/2021  13:02:58  PAGE 20


?PR?_PANTALLALCD?PANTALLAS                       -----    -----      -----    -----      002AH    000AH
  +--> ?CO?PANTALLAS
  +--> ?PR?_LCD_TXT?PANTALLAS
  +--> ?PR?_STRLEN?STRLEN
  +--> ?PR?_TX_CHRLCD?PANTALLAS
  +--> ?PR?_RASPBERRY_DATA?PANTALLAS

?PR?_LCD_TXT?PANTALLAS                           -----    -----      -----    -----      0043H    0005H
  +--> ?PR?_TX_CHRLCD?PANTALLAS

?PR?_TX_CHRLCD?PANTALLAS                         -----    -----      -----    -----      0048H    0002H
  +--> ?PR?_PUTCHAR?MAIN

?PR?_RASPBERRY_DATA?PANTALLAS                    -----    -----      -----    -----      0043H    0006H
  +--> ?PR?_STRLEN?STRLEN
  +--> ?PR?_PUTCHAR?MAIN

?PR?_VALIDA_VEHICULO_CARD_MENSUAL?VER...         -----    -----      -----    -----      0010H    0004H
  +--> ?CO?VERIFICADOR
  +--> ?PR?_DEBUG_TXT_TIBBO?TIBBO
  +--> ?PR?_RD_EEPROM?EEPROM
  +--> ?PR?_SEND_PORTERR?PTO_PARALELO

?PR?_ARMAR_TRAMA_TARJETA_SECTOR1_BLOQ...         -----    -----      -----    -----      0010H    0006H
  +--> ?PR?_BCD_HEX?CLOCK
  +--> ?PR?DIR_BOARD?IO_SENSORES

?PR?DIR_BOARD?IO_SENSORES                        -----    -----      -----    -----      0032H    0001H
  +--> ?PR?SEL_DIR1?IO_SENSORES
  +--> ?PR?SEL_DIR2?IO_SENSORES
  +--> ?PR?_RD_EEPROM?EEPROM

?PR?_TARJETA_ROTACION?VERIFICADOR                -----    -----      -----    -----      0009H    0006H
  +--> ?PR?_ARMAR_TRAMA_TARJETA_SECTOR1_BLOQ...

?PR?POWER_OFF?LINTECH                            -----    -----      -----    -----      0002H    000BH
  +--> ?CO?LINTECH
  +--> ?PR?_DEBUG_TXT_TIBBO?TIBBO
  +--> ?PR?_DEBUGBUFFERMF?TIBBO
  +--> ?PR?_ESCRIBIRCADENASOFT_BUFFER?MAIN

?PR?CLAVE_SEGURIDAD_S2?LINTECH                   -----    -----      -----    -----      0002H    0016H
  +--> ?CO?LINTECH
  +--> ?PR?_DEBUG_TXT_TIBBO?TIBBO
  +--> ?PR?_DEBUGBUFFERMF?TIBBO
  +--> ?PR?_ESCRIBIRCADENASOFT_BUFFER?MAIN

?PR?_RESPONDE_REELECTURA_TARJETA_SECT...         -----    -----      -----    -----      0002H    000AH
  +--> ?CO?VERIFICADOR
  +--> ?PR?_DEBUG_TXT_TIBBO?TIBBO
  +--> ?PR?_DEBUGBUFFERMF?TIBBO
  +--> ?PR?_ARMAR_TRAMA_TARJETA_SECTOR1_BLOQ...

?PR?_ARMAR_TRAMA_TARJETA_SECTOR1_BLOQ...         -----    -----      -----    -----      000CH    0003H
  +--> ?PR?LEE_NO_TICKET?EEPROM

?PR?RESPONDE_ESTADO_SENSORES_TRANSPOR...         -----    -----      -----    -----      0002H    0001H
BL51 BANKED LINKER/LOCATER V6.22.2.0                                                  05/31/2021  13:02:58  PAGE 21


  +--> ?CO?VERIFICADOR
  +--> ?PR?_DEBUG_TXT_TIBBO?TIBBO
  +--> ?PR?_SEND_PORTERR?PTO_PARALELO
  +--> ?PR?INGRESO_VEHICULO?VERIFICADOR

?PR?INGRESO_VEHICULO?VERIFICADOR                 -----    -----      -----    -----      -----    -----
  +--> ?PR?VALIDASENSORESPASO?IO_SENSORES
  +--> ?PR?_RD_EEPROM?EEPROM
  +--> ?CO?VERIFICADOR
  +--> ?PR?_DEBUG_TXT_TIBBO?TIBBO
  +--> ?PR?_PANTALLALCD?PANTALLAS
  +--> ?PR?BOTTON?IO_SENSORES

?PR?VALIDASENSORESPASO?IO_SENSORES               -----    -----      -----    -----      0010H    0001H
  +--> ?PR?SEL_SENSOR2?IO_SENSORES
  +--> ?PR?VALIDASENSOR?IO_SENSORES
  +--> ?PR?VALIDA_SENSOR1_AUTO?IO_SENSORES
  +--> ?CO?IO_SENSORES
  +--> ?PR?_DEBUG_TXT_TIBBO?TIBBO

?PR?RESPONDE_TIPO_TARJETA?VERIFICADOR            -----    -----      -----    -----      0002H    0001H
  +--> ?CO?VERIFICADOR
  +--> ?PR?_DEBUG_TXT_TIBBO?TIBBO
  +--> ?PR?_SEND_PORTERR?PTO_PARALELO
  +--> ?PR?_PANTALLALCD?PANTALLAS
  +--> ?PR?CAPTURA_EXPULSA?VERIFICADOR

?PR?_RESPONDE_LECTURA_TARJETA_SECTOR1...         -----    -----      -----    -----      0002H    0016H
  +--> ?CO?VERIFICADOR
  +--> ?PR?_DEBUG_TXT_TIBBO?TIBBO
  +--> ?PR?_DEBUGBUFFERMF?TIBBO
  +--> ?PR?_RD_EEPROM?EEPROM
  +--> ?PR?_DEBUG_HEXDEC?TIBBO
  +--> ?PR?_DEBUG_CHR_TIBBO?TIBBO
  +--> ?PR?_SEND_PORTERR?PTO_PARALELO
  +--> ?PR?_PANTALLALCD?PANTALLAS
  +--> ?PR?CAPTURA_EXPULSA?VERIFICADOR

?PR?_DEBUG_HEXDEC?TIBBO                          -----    -----      -----    -----      0018H    0002H
  +--> ?PR?_TX_AUX?TIBBO

?PR?_RESPONDE_LECTURA_TARJETA_SECTOR1...         -----    -----      -----    -----      0002H    0004H
  +--> ?CO?VERIFICADOR
  +--> ?PR?_DEBUG_TXT_TIBBO?TIBBO
  +--> ?PR?CAPTURA_EXPULSA?VERIFICADOR

?PR?_RESPONDE_LECTURA_TARJETA_SECTOR1...         -----    -----      -----    -----      0002H    0015H
  +--> ?CO?VERIFICADOR
  +--> ?PR?_DEBUG_TXT_TIBBO?TIBBO
  +--> ?PR?_DEBUGBUFFERMF?TIBBO
  +--> ?PR?_DEBUG_CHR_TIBBO?TIBBO
  +--> ?PR?CAPTURA_EXPULSA?VERIFICADOR

?PR?_RESPONDE_WRITE_TARJETA_SECTOR1_B...         -----    -----      -----    -----      0002H    0007H
  +--> ?CO?VERIFICADOR
  +--> ?PR?_DEBUG_TXT_TIBBO?TIBBO
  +--> ?PR?_DEBUGBUFFERMF?TIBBO
BL51 BANKED LINKER/LOCATER V6.22.2.0                                                  05/31/2021  13:02:58  PAGE 22



?PR?_RESPONDE_WRITE_TARJETA_SECTOR2_B...         -----    -----      -----    -----      0002H    0003H
  +--> ?CO?VERIFICADOR
  +--> ?PR?_DEBUG_TXT_TIBBO?TIBBO
  +--> ?PR?_DEBUGBUFFERMF?TIBBO

?PR?_RESPONDE_WRITE_TARJETA_SECTOR1_B...         -----    -----      -----    -----      0002H    0003H
  +--> ?CO?VERIFICADOR
  +--> ?PR?_DEBUG_TXT_TIBBO?TIBBO
  +--> ?PR?_DEBUGBUFFERMF?TIBBO

?PR?_RESPONDE_WRITE_TARJETA_SECTOR1_B...         -----    -----      -----    -----      0002H    0003H
  +--> ?CO?VERIFICADOR
  +--> ?PR?_DEBUG_TXT_TIBBO?TIBBO
  +--> ?PR?_DEBUGBUFFERMF?TIBBO

?PR?_DISPARO_LOCK_ENTRADA_VEHICULO?VE...         -----    -----      -----    -----      0002H    0004H
  +--> ?CO?VERIFICADOR
  +--> ?PR?_DEBUG_TXT_TIBBO?TIBBO
  +--> ?PR?_SEND_PORTERR?PTO_PARALELO
  +--> ?PR?_PANTALLALCD_LINEA_2?PANTALLAS
  +--> ?PR?VALIDA_SENSOR1_AUTO?IO_SENSORES
  +--> ?PR?_PANTALLALCD?PANTALLAS

?PR?_PANTALLALCD_LINEA_2?PANTALLAS               -----    -----      -----    -----      0010H    0033H
  +--> ?CO?PANTALLAS
  +--> ?PR?_LCD_TXT?PANTALLAS
  +--> ?PR?_STRLEN?STRLEN
  +--> ?PR?_TX_CHRLCD?PANTALLAS
  +--> ?PR?_RASPBERRY_DATA?PANTALLAS
  +--> ?PR?LEE_NO_TICKET?EEPROM
  +--> ?PR?_STRCAT?STRCAT

?PR?_RESPUESTA_SEGUNDA_CLAVE?VERIFICADOR         -----    -----      -----    -----      0002H    0006H
  +--> ?CO?VERIFICADOR
  +--> ?PR?_DEBUG_TXT_TIBBO?TIBBO
  +--> ?PR?_DEBUGBUFFERMF?TIBBO
  +--> ?PR?_ARMAR_TRAMA_PLACA?VERIFICADOR

?PR?_ARMAR_TRAMA_PLACA?VERIFICADOR               -----    -----      -----    -----      0008H    0003H
  +--> ?PR?_STRLEN?STRLEN

?PR?ANALIZA_PRESENCIA_MENSUAL?VERIFIC...         -----    -----      -----    -----      0002H    0001H
  +--> ?PR?VALIDASENSORESPASO?IO_SENSORES
  +--> ?PR?_SEND_PORTERR?PTO_PARALELO
  +--> ?PR?_PANTALLALCD?PANTALLAS

?PR?_ANALIZA_UID_CARD?VERIFICADOR                -----    -----      -----    -----      0002H    0015H
  +--> ?CO?VERIFICADOR
  +--> ?PR?_DEBUG_TXT_TIBBO?TIBBO
  +--> ?PR?_DEBUGBUFFERMF?TIBBO
  +--> ?PR?_DEBUG_CHR_TIBBO?TIBBO

?PR?ANALIZA_PRESENCIA_ROTACION?VERIFI...         -----    -----      -----    -----      0002H    0001H
  +--> ?PR?VALIDASENSORESPASO?IO_SENSORES
  +--> ?PR?_SEND_PORTERR?PTO_PARALELO
  +--> ?PR?_PANTALLALCD?PANTALLAS
BL51 BANKED LINKER/LOCATER V6.22.2.0                                                  05/31/2021  13:02:58  PAGE 23



?PR?_RECIBE_PORT?PTO_PARALELO                    -----    -----      -----    -----      0001H    0008H
  +--> ?PR?OFF_TIMER0_INTERRUP?MAIN
  +--> ?PR?ON_TIMER0_INTERRUP?MAIN

?PR?_DEBUG_PTO_PARALELO?TIBBO                    -----    -----      -----    -----      0001H    0004H
  +--> ?CO?TIBBO
  +--> ?PR?_DEBUG_TXT_TIBBO?TIBBO
  +--> ?PR?_DEBUGBUFFERMF?TIBBO
  +--> ?PR?DEBUG_DIVIDIR_TEXTO?TIBBO

?PR?_VALIDA_TRAMA_PTO?ACCESCAN                   -----    -----      -----    -----      0001H    000FH
  +--> ?PR?_VALIDAR_CLK?CLOCK
  +--> ?PR?_BLOCK_WRITE_CLOCK_ASCII?CLOCK
  +--> ?PR?RELOJ_PANTALLA_LCD?PANTALLAS
  +--> ?PR?_PANTALLALCD?PANTALLAS
  +--> ?CO?ACCESCAN
  +--> ?PR?_DEBUG_TXT_TIBBO?TIBBO
  +--> ?PR?_BYTEHEX_DECIMAL?CLOCK
  +--> ?PR?_TWO_BYTEHEX_DECIMAL?CLOCK
  +--> ?PR?VALIDASENSORESPASO?IO_SENSORES
  +--> ?PR?_CMD_LPR_SALIDA_WIEGAND?ACCESCAN
  +--> ?PR?_PANTALLALCD_LINEA_2?PANTALLAS
  +--> ?PR?_GRABA_SERIE?EEPROM

?PR?_BLOCK_WRITE_CLOCK_ASCII?CLOCK               -----    -----      -----    -----      0010H    0003H
  +--> ?CO?CLOCK
  +--> ?PR?_DEBUG_TXT_TIBBO?TIBBO
  +--> ?PR?_TWO_ONE?CLOCK
  +--> ?PR?_WR_CLK?CLOCK

?PR?_WR_CLK?CLOCK                                -----    -----      -----    -----      0013H    0002H
  +--> ?PR?_DELAY_20US?DELAY
  +--> ?PR?_EB_CLK?CLOCK

?PR?RELOJ_PANTALLA_LCD?PANTALLAS                 -----    -----      -----    -----      0010H    000DH
  +--> ?CO?PANTALLAS
  +--> ?PR?_BLOCK_READ_CLOCK?CLOCK
  +--> ?PR?_LCD_TXT_NUM_CHAR?PANTALLAS
  +--> ?PR?_BLOCK_READ_CLOCK_ASCII_RASBERRY?...
  +--> ?PR?_STRCAT?STRCAT
  +--> ?PR?_RASPBERRY_DATA?PANTALLAS

?PR?_BLOCK_READ_CLOCK?CLOCK                      -----    -----      -----    -----      001DH    0003H
  +--> ?PR?_LEE_CLK?CLOCK

?PR?_LCD_TXT_NUM_CHAR?PANTALLAS                  -----    -----      -----    -----      001DH    0006H
  +--> ?PR?_TX_CHRLCD?PANTALLAS

?PR?_BLOCK_READ_CLOCK_ASCII_RASBERRY?...         -----    -----      -----    -----      001DH    0003H
  +--> ?PR?_LEE_CLK?CLOCK

?PR?_CMD_LPR_SALIDA_WIEGAND?ACCESCAN             -----    -----      -----    -----      0010H    0022H
  +--> ?PR?DIR_BOARD?IO_SENSORES
  +--> ?PR?_BLOCK_READ_CLOCK_ASCII?CLOCK
  +--> ?PR?_MONITOR_CHR?ACCESCAN

BL51 BANKED LINKER/LOCATER V6.22.2.0                                                  05/31/2021  13:02:58  PAGE 24


?PR?_MONITOR_CHR?ACCESCAN                        -----    -----      -----    -----      0032H    0005H
  +--> ?PR?_TX_AUX?TIBBO

?PR?_GRABA_SERIE?EEPROM                          -----    -----      -----    -----      0010H    0005H
  +--> ?CO?EEPROM
  +--> ?PR?_DEBUG_TXT_TIBBO?TIBBO
  +--> ?PR?_WRITE_EEPROM_TICKET?EEPROM
  +--> ?PR?_WR_EEPROM?EEPROM

?PR?MSJ_LCD_INFORMATIVO?IO_SENSORES              -----    -----      -----    -----      0001H    0001H
  +--> ?PR?SEL_FUNCION?IO_SENSORES
  +--> ?PR?VALIDASENSOR_CERO?IO_SENSORES
  +--> ?PR?LOAD_AND_SEND_INFO_RELOJ?PTO_PARA...
  +--> ?PR?VALIDASENSOR?IO_SENSORES
  +--> ?PR?_DELAY_10MS?DELAY
  +--> ?PR?LOAD_AND_SEND_ID_COD?PTO_PARALELO

?PR?LOAD_AND_SEND_INFO_RELOJ?PTO_PARA...         -----    -----      -----    -----      0002H    000BH
  +--> ?PR?_BLOCK_READ_CLOCK?CLOCK
  +--> ?PR?_LEE_CLK?CLOCK
  +--> ?CO?PTO_PARALELO
  +--> ?PR?_DEBUG_TXT_TIBBO?TIBBO
  +--> ?PR?_DEBUGBUFFERMF?TIBBO
  +--> ?PR?DEBUG_DIVIDIR_TEXTO?TIBBO
  +--> ?PR?_SEND_PORT?PTO_PARALELO

?PR?LOAD_AND_SEND_ID_COD?PTO_PARALELO            -----    -----      -----    -----      0002H    0014H
  +--> ?PR?_RD_EEPROM?EEPROM
  +--> ?CO?PTO_PARALELO
  +--> ?PR?PRINTF?PRINTF
  +--> ?PR?_STRCAT?STRCAT
  +--> ?PR?_STRLEN?STRLEN
  +--> ?PR?_DEBUG_TXT_TIBBO?TIBBO
  +--> ?PR?_DEBUGBUFFERMF?TIBBO
  +--> ?PR?DEBUG_DIVIDIR_TEXTO?TIBBO
  +--> ?PR?_SEND_PORT?PTO_PARALELO



SYMBOL TABLE OF MODULE:  .\Objects\expedidor_v_01_raspberry (MAIN)

  VALUE           TYPE          NAME
  ----------------------------------

  -------         MODULE        MAIN
  C:0000H         SYMBOL        _ICE_DUMMY_
  D:0080H         PUBLIC        P0
  D:0090H         PUBLIC        P1
  C:BC64H         PUBLIC        timer0_int
  D:00B0H         PUBLIC        P3
  B:00A8H.7       PUBLIC        EA
  C:C0AAH         PUBLIC        off_Timer0_Interrup
  X:0171H         PUBLIC        ValTimeOutCom
  X:0172H         PUBLIC        Buffer_Rta_Lintech
  X:01A4H         PUBLIC        Timer_wait
  B:0021H.1       PUBLIC        pto_paraleo
  X:01A5H         PUBLIC        g_cContByteRx
BL51 BANKED LINKER/LOCATER V6.22.2.0                                                  05/31/2021  13:02:58  PAGE 25


  B:0080H.0       PUBLIC        rx_ip
  C:ABBCH         PUBLIC        main
  X:01A6H         PUBLIC        Timer_tivo
  B:0080H.3       PUBLIC        Atascado_GP0_PIN_3
  C:B325H         PUBLIC        variable_inicio
  B:0090H.7       PUBLIC        lock
  I:0023H         PUBLIC        rbuf
  C:C09BH         PUBLIC        on_Timer0_Interrup
  I:0055H         PUBLIC        tbuf
  B:0090H.1       PUBLIC        DataIn
  D:0089H         PUBLIC        TMOD
  X:01A8H         PUBLIC        USE_LPR
  X:01A9H         PUBLIC        Debug_Tibbo
  X:01AAH         PUBLIC        Raspberry
  X:01ABH         PUBLIC        SIN_COBRO
  X:01ADH         PUBLIC        Tipo_Vehiculo
  B:00B0H.3       PUBLIC        busy
  C:BFFCH         PUBLIC        ini_timer
  B:00A8H.1       PUBLIC        ET0
  B:0088H.5       PUBLIC        TF0
  D:008CH         PUBLIC        TH0
  X:01AEH         PUBLIC        ACK
  X:01AFH         PUBLIC        g_cEstadoComSoft
  D:008AH         PUBLIC        TL0
  B:0088H.4       PUBLIC        TR0
  C:C00CH         PUBLIC        inicia_board
  X:01B0H         PUBLIC        T_GRACIA
  B:0080H.7       PUBLIC        sel_com
  X:01B2H         PUBLIC        STX_LINTECH
  C:C02BH         PUBLIC        _getkey
  X:01B3H         PUBLIC        ETX
  C:B5C1H         PUBLIC        _EscribirCadenaSoft_buffer
  B:0021H.2       PUBLIC        buffer_ready
  C:B89DH         PUBLIC        _putchar
  B:0021H.3       PUBLIC        placa_ready
  -------         PROC          TIMER0_INT
  C:BC64H         LINE#         16
  C:BC6AH         LINE#         19
  C:BC70H         LINE#         20
  C:BC75H         LINE#         21
  C:BC75H         LINE#         22
  C:BC7BH         LINE#         23
  C:BC7BH         LINE#         25
  C:BC89H         LINE#         26
  C:BC8BH         LINE#         28
  -------         ENDPROC       TIMER0_INT
  -------         PROC          INI_TIMER
  C:BFFCH         LINE#         31
  C:BFFCH         LINE#         32
  C:BFFCH         LINE#         34
  C:C004H         LINE#         36
  C:C007H         LINE#         37
  C:C009H         LINE#         38
  C:C00BH         LINE#         40
  -------         ENDPROC       INI_TIMER
  -------         PROC          ON_TIMER0_INTERRUP
  C:C09BH         LINE#         43
BL51 BANKED LINKER/LOCATER V6.22.2.0                                                  05/31/2021  13:02:58  PAGE 26


  C:C09BH         LINE#         44
  C:C09BH         LINE#         45
  C:C09DH         LINE#         46
  C:C09FH         LINE#         48
  -------         ENDPROC       ON_TIMER0_INTERRUP
  -------         PROC          OFF_TIMER0_INTERRUP
  C:C0AAH         LINE#         51
  C:C0AAH         LINE#         52
  C:C0AAH         LINE#         53
  C:C0ACH         LINE#         55
  -------         ENDPROC       OFF_TIMER0_INTERRUP
  -------         PROC          _GETKEY
  -------         DO            
  D:0006H         SYMBOL        k
  -------         ENDDO         
  C:C02BH         LINE#         63
  C:C02BH         LINE#         64
  C:C02BH         LINE#         68
  C:C02BH         LINE#         69
  C:C02EH         LINE#         70
  C:C02EH         LINE#         71
  C:C036H         LINE#         73
  C:C036H         LINE#         74
  -------         ENDPROC       _GETKEY
  -------         PROC          _PUTCHAR
  X:00A7H         SYMBOL        c
  -------         DO            
  X:00A8H         SYMBOL        i
  -------         ENDDO         
  C:B89DH         LINE#         78
  C:B8A2H         LINE#         79
  C:B8A2H         LINE#         82
  C:B8B1H         LINE#         83
  C:B8B1H         LINE#         84
  C:B8C7H         LINE#         85
  C:B8C7H         LINE#         87
  C:B8D5H         LINE#         88
  C:B8D5H         LINE#         90
  C:B8DAH         LINE#         91
  -------         ENDPROC       _PUTCHAR
  -------         PROC          _ESCRIBIRCADENASOFT_BUFFER
  X:0027H         SYMBOL        buffer
  X:002AH         SYMBOL        tamano_cadena
  -------         DO            
  X:002BH         SYMBOL        i
  X:002CH         SYMBOL        d
  -------         ENDDO         
  C:B5C1H         LINE#         95
  C:B5CFH         LINE#         96
  C:B5CFH         LINE#         98
  C:B5DDH         LINE#         99
  C:B5DDH         LINE#         100
  C:B5F4H         LINE#         101
  C:B5FEH         LINE#         102
  C:B606H         LINE#         103
  -------         ENDPROC       _ESCRIBIRCADENASOFT_BUFFER
  -------         PROC          INICIA_BOARD
BL51 BANKED LINKER/LOCATER V6.22.2.0                                                  05/31/2021  13:02:58  PAGE 27


  C:C00CH         LINE#         108
  C:C00CH         LINE#         109
  C:C00CH         LINE#         110
  C:C00FH         LINE#         111
  C:C012H         LINE#         112
  C:C015H         LINE#         113
  C:C017H         LINE#         114
  C:C019H         LINE#         115
  C:C01BH         LINE#         117
  -------         ENDPROC       INICIA_BOARD
  -------         PROC          VARIABLE_INICIO
  C:B325H         LINE#         122
  C:B325H         LINE#         123
  C:B325H         LINE#         126
  C:B336H         LINE#         127
  C:B347H         LINE#         128
  C:B355H         LINE#         129
  C:B363H         LINE#         130
  C:B371H         LINE#         132
  -------         ENDPROC       VARIABLE_INICIO
  -------         PROC          MAIN
  -------         DO            
  X:0148H         SYMBOL        buffer
  X:0170H         SYMBOL        Estado_Comunicacion_Secuencia_MF
  X:0000H         SYMBOL        Length_trama
  -------         ENDDO         
  C:ABBCH         LINE#         140
  C:ABBCH         LINE#         141
  C:ABBCH         LINE#         148
  C:ABBFH         LINE#         149
  C:ABC2H         LINE#         150
  C:ABC5H         LINE#         151
  C:ABC8H         LINE#         152
  C:ABCBH         LINE#         153
  C:ABCDH         LINE#         155
  C:ABD0H         LINE#         156
  C:ABD7H         LINE#         157
  C:ABDAH         LINE#         159
  C:ABDFH         LINE#         161
  C:ABE2H         LINE#         163
  C:ABE5H         LINE#         164
  C:ABE5H         LINE#         165
  C:ABE8H         LINE#         166
  C:ABE8H         LINE#         169
  C:ABEBH         LINE#         170
  C:ABF1H         LINE#         171
  C:ABF7H         LINE#         173
  C:ABF7H         LINE#         174
  C:ABF7H         LINE#         177
  C:ABFAH         LINE#         178
  C:ABFAH         LINE#         179
  C:ABFDH         LINE#         180
  C:ABFDH         LINE#         184
  C:AC0AH         LINE#         189
  C:AC10H         LINE#         190
  C:AC10H         LINE#         192
  C:AC1FH         LINE#         195
BL51 BANKED LINKER/LOCATER V6.22.2.0                                                  05/31/2021  13:02:58  PAGE 28


  C:AC28H         LINE#         196
  C:AC36H         LINE#         201
  C:AC36H         LINE#         202
  C:AC39H         LINE#         206
  -------         ENDPROC       MAIN
  -------         ENDMOD        MAIN

  -------         MODULE        ACCESCAN
  C:0000H         SYMBOL        _ICE_DUMMY_
  D:0080H         PUBLIC        P0
  D:0090H         PUBLIC        P1
  B:0080H.2       PUBLIC        led_err_imp
  C:B75CH         PUBLIC        _Monitor_chr
  B:0080H.3       PUBLIC        Atascado_GP0_PIN_3
  B:0090H.7       PUBLIC        lock
  C:3F09H         PUBLIC        _Valida_Trama_Pto
  C:8922H         PUBLIC        _Cmd_LPR_Salida_wiegand
  -------         PROC          _VALIDA_TRAMA_PTO
  X:0001H         SYMBOL        buffer
  X:0004H         SYMBOL        length_trama
  -------         DO            
  X:0218H         SYMBOL        cont
  X:0005H         SYMBOL        buff
  -------         ENDDO         
  C:3F09H         LINE#         106
  C:3F17H         LINE#         107
  C:3F17H         LINE#         113
  C:3F4DH         LINE#         114
  C:3F4DH         LINE#         115
  C:3F62H         LINE#         116
  C:3F62H         LINE#         117
  C:3F75H         LINE#         119
  C:3F78H         LINE#         121
  C:3F78H         LINE#         123
  C:3F78H         LINE#         126
  C:3F8AH         LINE#         127
  C:3F8AH         LINE#         128
  C:3F8CH         LINE#         129
  C:3F8FH         LINE#         131
  C:3FA1H         LINE#         132
  C:3FA1H         LINE#         133
  C:3FA3H         LINE#         134
  C:3FA6H         LINE#         136
  C:3FB8H         LINE#         137
  C:3FB8H         LINE#         138
  C:3FBAH         LINE#         139
  C:3FBDH         LINE#         141
  C:3FD7H         LINE#         142
  C:3FD7H         LINE#         143
  C:3FD9H         LINE#         144
  C:3FDCH         LINE#         146
  C:3FF6H         LINE#         147
  C:3FF6H         LINE#         148
  C:3FF8H         LINE#         149
  C:3FFBH         LINE#         151
  C:400DH         LINE#         152
  C:400DH         LINE#         153
BL51 BANKED LINKER/LOCATER V6.22.2.0                                                  05/31/2021  13:02:58  PAGE 29


  C:4013H         LINE#         154
  C:4020H         LINE#         155
  C:4020H         LINE#         156
  C:4025H         LINE#         157
  C:4027H         LINE#         158
  C:402CH         LINE#         159
  C:402EH         LINE#         160
  C:4030H         LINE#         161
  C:4034H         LINE#         162
  C:4034H         LINE#         163
  C:4035H         LINE#         165
  C:404DH         LINE#         166
  C:404DH         LINE#         168
  C:405AH         LINE#         169
  C:405AH         LINE#         170
  C:405CH         LINE#         171
  C:405EH         LINE#         172
  C:4060H         LINE#         173
  C:4062H         LINE#         174
  C:4062H         LINE#         176
  C:4088H         LINE#         177
  C:4088H         LINE#         178
  C:408CH         LINE#         179
  C:4091H         LINE#         180
  C:409AH         LINE#         181
  C:409FH         LINE#         182
  C:409FH         LINE#         185
  C:40A0H         LINE#         187
  C:40BAH         LINE#         188
  C:40BAH         LINE#         189
  C:40BCH         LINE#         190
  C:40BFH         LINE#         192
  C:40D9H         LINE#         193
  C:40D9H         LINE#         194
  C:40DBH         LINE#         195
  C:40DEH         LINE#         197
  C:40F8H         LINE#         198
  C:40F8H         LINE#         199
  C:40FAH         LINE#         200
  C:40FCH         LINE#         202
  C:4116H         LINE#         203
  C:4116H         LINE#         204
  C:4118H         LINE#         205
  C:411AH         LINE#         208
  C:4134H         LINE#         209
  C:4134H         LINE#         210
  C:4136H         LINE#         211
  C:4138H         LINE#         215
  C:4152H         LINE#         216
  C:4152H         LINE#         217
  C:4154H         LINE#         218
  C:4156H         LINE#         221
  C:4170H         LINE#         222
  C:4170H         LINE#         223
  C:4175H         LINE#         224
  C:4175H         LINE#         227
  C:41A6H         LINE#         228
BL51 BANKED LINKER/LOCATER V6.22.2.0                                                  05/31/2021  13:02:58  PAGE 30


  C:41A6H         LINE#         229
  C:41AEH         LINE#         230
  C:41B7H         LINE#         231
  C:41BAH         LINE#         234
  C:41EBH         LINE#         235
  C:41EBH         LINE#         237
  C:41F3H         LINE#         238
  C:41FCH         LINE#         239
  C:41FFH         LINE#         242
  C:423FH         LINE#         243
  C:423FH         LINE#         245
  C:4254H         LINE#         246
  C:425AH         LINE#         247
  C:4284H         LINE#         250
  C:428CH         LINE#         251
  C:428CH         LINE#         254
  C:4293H         LINE#         255
  C:4293H         LINE#         256
  C:4298H         LINE#         257
  C:4298H         LINE#         258
  C:429AH         LINE#         260
  C:429AH         LINE#         261
  C:42A3H         LINE#         262
  C:42ABH         LINE#         263
  C:42ABH         LINE#         267
  C:42ADH         LINE#         270
  C:42ADH         LINE#         278
  C:42B5H         LINE#         282
  C:42B5H         LINE#         283
  C:42B7H         LINE#         285
  C:42EFH         LINE#         286
  C:42EFH         LINE#         287
  C:42F7H         LINE#         288
  C:4303H         LINE#         289
  C:4303H         LINE#         291
  C:4330H         LINE#         292
  C:4330H         LINE#         293
  C:433FH         LINE#         295
  C:433FH         LINE#         297
  -------         ENDPROC       _VALIDA_TRAMA_PTO
  -------         PROC          _MONITOR_CHR
  X:0032H         SYMBOL        str
  X:0035H         SYMBOL        num_char
  -------         DO            
  X:0036H         SYMBOL        j
  -------         ENDDO         
  C:B75CH         LINE#         452
  C:B76AH         LINE#         453
  C:B76AH         LINE#         455
  C:B778H         LINE#         456
  C:B778H         LINE#         457
  C:B78AH         LINE#         458
  C:B794H         LINE#         459
  C:B79CH         LINE#         460
  -------         ENDPROC       _MONITOR_CHR
  -------         PROC          _CMD_LPR_SALIDA_WIEGAND
  X:0010H         SYMBOL        buffer
BL51 BANKED LINKER/LOCATER V6.22.2.0                                                  05/31/2021  13:02:58  PAGE 31


  -------         DO            
  X:0013H         SYMBOL        Buffer_Lpr
  X:0031H         SYMBOL        j
  -------         ENDDO         
  C:8922H         LINE#         465
  C:892DH         LINE#         466
  C:892DH         LINE#         468
  C:8933H         LINE#         469
  C:8938H         LINE#         470
  C:8940H         LINE#         471
  C:8944H         LINE#         472
  C:894DH         LINE#         473
  C:894DH         LINE#         474
  C:895EH         LINE#         475
  C:8960H         LINE#         477
  C:8960H         LINE#         478
  C:8971H         LINE#         479
  C:8971H         LINE#         483
  C:8988H         LINE#         484
  C:8988H         LINE#         485
  C:8997H         LINE#         486
  C:89A1H         LINE#         488
  C:89A9H         LINE#         489
  C:89BDH         LINE#         491
  C:89CDH         LINE#         492
  C:89DEH         LINE#         493
  C:89EBH         LINE#         497
  -------         ENDPROC       _CMD_LPR_SALIDA_WIEGAND
  -------         ENDMOD        ACCESCAN

  -------         MODULE        CLOCK
  C:0000H         SYMBOL        _ICE_DUMMY_
  C:B7D1H         PUBLIC        _two_one
  D:0090H         PUBLIC        P1
  C:77BCH         PUBLIC        _validar_clk
  C:BCBCH         PUBLIC        _wr_clk
[...]
  -------         PROC          _SECUENCIAEXPEDIDORMF
  X:0001H         SYMBOL        EstadoActivo
  -------         DO            
  X:010DH         SYMBOL        Buffer_Write_MF
  X:011EH         SYMBOL        Atributos_Expedidor
  X:0132H         SYMBOL        Secuencia_Expedidor
  X:0136H         SYMBOL        Nombre_Mensual
  -------         ENDDO         
  C:35ACH         LINE#         2463
  C:35B1H         LINE#         2464
  C:35B1H         LINE#         2470
  C:3614H         LINE#         2471
  C:3614H         LINE#         2474
  C:3614H         LINE#         2476
  C:3624H         LINE#         2477
  C:3624H         LINE#         2480
  C:3626H         LINE#         2481
  C:3628H         LINE#         2482
  C:362DH         LINE#         2483
  C:3635H         LINE#         2484
  C:363AH         LINE#         2485
  C:363DH         LINE#         2486
  C:363DH         LINE#         2487
  C:3643H         LINE#         2488
  C:3643H         LINE#         2489
  C:3646H         LINE#         2490
  C:3646H         LINE#         2491
  C:3646H         LINE#         2493
  C:3649H         LINE#         2494
  C:3649H         LINE#         2496
  C:3652H         LINE#         2497
  C:3655H         LINE#         2498
  C:3655H         LINE#         2499
  C:365AH         LINE#         2500
  C:367AH         LINE#         2501
  C:367DH         LINE#         2502
BL51 BANKED LINKER/LOCATER V6.22.2.0                                                  05/31/2021  13:02:58  PAGE 133


  C:367DH         LINE#         2503
  C:3682H         LINE#         2504
  C:368AH         LINE#         2505
  C:3690H         LINE#         2506
  C:3693H         LINE#         2507
  C:3693H         LINE#         2508
  C:3696H         LINE#         2509
  C:369EH         LINE#         2510
  C:36A4H         LINE#         2511
  C:36A7H         LINE#         2512
  C:36A7H         LINE#         2513
  C:36AAH         LINE#         2514
  C:36CFH         LINE#         2515
  C:36D5H         LINE#         2516
  C:36D7H         LINE#         2517
  C:36DAH         LINE#         2518
  C:36DAH         LINE#         2519
  C:36E5H         LINE#         2520
  C:36EDH         LINE#         2521
  C:36F3H         LINE#         2522
  C:36F6H         LINE#         2523
  C:36F6H         LINE#         2524
  C:3707H         LINE#         2525
  C:370FH         LINE#         2526
  C:3715H         LINE#         2527
  C:3718H         LINE#         2528
  C:3718H         LINE#         2529
  C:371DH         LINE#         2530
  C:373BH         LINE#         2531
  C:373EH         LINE#         2532
  C:373EH         LINE#         2533
  C:3743H         LINE#         2534
  C:3763H         LINE#         2535
  C:3766H         LINE#         2536
  C:3766H         LINE#         2537
  C:376BH         LINE#         2538
  C:376DH         LINE#         2539
  C:378BH         LINE#         2540
  C:378EH         LINE#         2541
  C:378EH         LINE#         2542
  C:3793H         LINE#         2543
  C:37B3H         LINE#         2544
  C:37B6H         LINE#         2545
  C:37B6H         LINE#         2546
  C:37C9H         LINE#         2547
  C:37C9H         LINE#         2548
  C:37CEH         LINE#         2549
  C:37D6H         LINE#         2550
  C:37DCH         LINE#         2551
  C:37DCH         LINE#         2552
  C:37DFH         LINE#         2553
  C:37DFH         LINE#         2554
  C:37F2H         LINE#         2555
  C:37F2H         LINE#         2556
  C:37F7H         LINE#         2557
  C:37FAH         LINE#         2558
  C:37FAH         LINE#         2559
BL51 BANKED LINKER/LOCATER V6.22.2.0                                                  05/31/2021  13:02:58  PAGE 134


  C:37FDH         LINE#         2560
  C:37FDH         LINE#         2561
  C:3800H         LINE#         2562
  C:3820H         LINE#         2563
  C:3823H         LINE#         2564
  C:3823H         LINE#         2565
  C:3825H         LINE#         2566
  C:3828H         LINE#         2567
  C:382BH         LINE#         2568
  C:382BH         LINE#         2569
  C:3834H         LINE#         2570
  C:3837H         LINE#         2571
  C:3837H         LINE#         2572
  C:384EH         LINE#         2573
  C:3851H         LINE#         2574
  C:3851H         LINE#         2575
  C:3854H         LINE#         2576
  C:385CH         LINE#         2577
  C:3862H         LINE#         2578
  C:3865H         LINE#         2579
  C:3865H         LINE#         2580
  C:386EH         LINE#         2581
  C:3871H         LINE#         2582
  C:3871H         LINE#         2583
  C:3873H         LINE#         2584
  C:3876H         LINE#         2585
  C:3879H         LINE#         2586
  C:3879H         LINE#         2587
  C:3890H         LINE#         2588
  C:3893H         LINE#         2589
  C:3893H         LINE#         2590
  C:3898H         LINE#         2591
  C:38A0H         LINE#         2592
  C:38A6H         LINE#         2593
  C:38A9H         LINE#         2594
  C:38A9H         LINE#         2595
  C:38ACH         LINE#         2596
  C:38CCH         LINE#         2597
  C:38CFH         LINE#         2598
  C:38CFH         LINE#         2599
  C:38D2H         LINE#         2600
  C:38F2H         LINE#         2601
  C:38F5H         LINE#         2602
  C:38F5H         LINE#         2603
  C:38F8H         LINE#         2604
  C:3900H         LINE#         2605
  C:3903H         LINE#         2606
  C:3905H         LINE#         2607
  C:3905H         LINE#         2609
  C:3910H         LINE#         2610
  C:3918H         LINE#         2611
  C:392CH         LINE#         2612
  C:392FH         LINE#         2616
  C:392FH         LINE#         2617
  C:3935H         LINE#         2618
  C:393BH         LINE#         2619
  C:393BH         LINE#         2620
BL51 BANKED LINKER/LOCATER V6.22.2.0                                                  05/31/2021  13:02:58  PAGE 135


  C:3943H         LINE#         2621
  C:3949H         LINE#         2623
  C:394CH         LINE#         2624
  C:3954H         LINE#         2625
  C:3954H         LINE#         2627
  C:3957H         LINE#         2628
  C:395AH         LINE#         2629
  C:3962H         LINE#         2630
  C:3962H         LINE#         2631
  C:3970H         LINE#         2632
  C:3970H         LINE#         2633
  C:3979H         LINE#         2634
  C:397CH         LINE#         2635
  C:3988H         LINE#         2636
  C:3988H         LINE#         2637
  C:3991H         LINE#         2638
  C:3994H         LINE#         2640
  C:3994H         LINE#         2641
  C:399DH         LINE#         2642
  C:399DH         LINE#         2643
  C:39A0H         LINE#         2644
  C:39A8H         LINE#         2645
  C:39A8H         LINE#         2646
  C:39B6H         LINE#         2647
  C:39B6H         LINE#         2648
  C:39CCH         LINE#         2649
  C:39CFH         LINE#         2650
  C:39DBH         LINE#         2651
  C:39DBH         LINE#         2652
  C:39E4H         LINE#         2653
  C:39E7H         LINE#         2654
  C:39F5H         LINE#         2655
  C:39F5H         LINE#         2656
  C:39FEH         LINE#         2657
  C:3A00H         LINE#         2659
  C:3A00H         LINE#         2660
  C:3A09H         LINE#         2661
  C:3A09H         LINE#         2662
  C:3A0BH         LINE#         2663
  C:3A13H         LINE#         2664
  C:3A13H         LINE#         2665
  C:3A1CH         LINE#         2666
  C:3A1EH         LINE#         2667
  C:3A26H         LINE#         2668
  C:3A26H         LINE#         2669
  C:3A3CH         LINE#         2670
  C:3A3EH         LINE#         2671
  C:3A46H         LINE#         2672
  C:3A46H         LINE#         2673
  C:3A49H         LINE#         2674
  C:3A4BH         LINE#         2676
  C:3A53H         LINE#         2677
  C:3A53H         LINE#         2678
  C:3A5CH         LINE#         2679
  C:3A5EH         LINE#         2682
  C:3A66H         LINE#         2683
  C:3A66H         LINE#         2684
BL51 BANKED LINKER/LOCATER V6.22.2.0                                                  05/31/2021  13:02:58  PAGE 136


  C:3A6EH         LINE#         2685
  C:3A70H         LINE#         2687
  C:3A70H         LINE#         2688
  C:3A79H         LINE#         2689
  C:3A79H         LINE#         2690
  C:3A7BH         LINE#         2691
  C:3A7BH         LINE#         2692
  C:3A80H         LINE#         2693
  C:3A80H         LINE#         2695
  C:3A80H         LINE#         2696
  C:3A85H         LINE#         2697
  -------         ENDPROC       _SECUENCIAEXPEDIDORMF
  -------         ENDMOD        VERIFICADOR

  -------         MODULE        MONITOR
  C:0000H         SYMBOL        _ICE_DUMMY_
  D:0080H         PUBLIC        P0
  D:0090H         PUBLIC        P1
  I:0011H         PUBLIC        placa
  C:BDA7H         PUBLIC        Rx_Monitor
  B:0080H.0       PUBLIC        rx_ip
  B:0090H.7       PUBLIC        lock
  C:9102H         PUBLIC        _recibe_cmd_Monitor
  C:BF0CH         PUBLIC        clear_placa
  C:94BAH         PUBLIC        _Valida_Trama_Monitor
  -------         PROC          _RECIBE_CMD_MONITOR
  X:0016H         SYMBOL        buffer_cmd
  -------         DO            
  X:0019H         SYMBOL        j
  X:001AH         SYMBOL        NumDatos
  X:001BH         SYMBOL        time_out
  X:001CH         SYMBOL        MaxChrRx
  X:001DH         SYMBOL        contador
  -------         ENDDO         
  C:9102H         LINE#         50
  C:910DH         LINE#         51
  C:910DH         LINE#         55
  C:9112H         LINE#         56
  C:9118H         LINE#         58
  C:9123H         LINE#         59
  C:9123H         LINE#         60
  C:9134H         LINE#         61
  C:9134H         LINE#         62
  C:913BH         LINE#         63
  C:913FH         LINE#         64
  C:9148H         LINE#         65
  C:9148H         LINE#         66
  C:9156H         LINE#         67
  C:916DH         LINE#         68
  C:916DH         LINE#         69
  C:9173H         LINE#         70
  C:9179H         LINE#         71
  C:9179H         LINE#         72
  C:917BH         LINE#         73
  C:9183H         LINE#         74
  C:9189H         LINE#         75
  C:919BH         LINE#         76
BL51 BANKED LINKER/LOCATER V6.22.2.0                                                  05/31/2021  13:02:58  PAGE 137


  C:91A5H         LINE#         77
  C:91AEH         LINE#         79
  C:91BDH         LINE#         82
  C:91BDH         LINE#         83
  C:91C2H         LINE#         84
  -------         ENDPROC       _RECIBE_CMD_MONITOR
  -------         PROC          _VALIDA_TRAMA_MONITOR
  X:0016H         SYMBOL        buffer
  D:0005H         SYMBOL        length_trama
  -------         DO            
  X:0019H         SYMBOL        j
  X:001AH         SYMBOL        p
  X:001BH         SYMBOL        cont
  -------         ENDDO         
  C:94BAH         LINE#         89
  C:94C5H         LINE#         90
  C:94C5H         LINE#         91
  C:94C8H         LINE#         92
  C:94CCH         LINE#         93
  C:94CFH         LINE#         94
  C:94D1H         LINE#         97
  C:94E5H         LINE#         98
  C:94E5H         LINE#         100
  C:94E7H         LINE#         102
  C:94EEH         LINE#         103
  C:94F3H         LINE#         106
  C:94F3H         LINE#         108
  C:950EH         LINE#         109
  C:950EH         LINE#         112
  C:950EH         LINE#         113
  C:952FH         LINE#         114
  C:9533H         LINE#         115
  C:9539H         LINE#         116
  C:954BH         LINE#         117
  C:9563H         LINE#         118
  C:956CH         LINE#         119
  C:956EH         LINE#         120
  C:9574H         LINE#         123
  C:9574H         LINE#         126
  -------         ENDPROC       _VALIDA_TRAMA_MONITOR
  -------         PROC          CLEAR_PLACA
  -------         DO            
  D:0007H         SYMBOL        i
  -------         ENDDO         
  C:BF0CH         LINE#         127
  C:BF0CH         LINE#         128
  C:BF0CH         LINE#         130
  C:BF18H         LINE#         131
  C:BF18H         LINE#         132
  C:BF1EH         LINE#         133
  C:BF21H         LINE#         134
  C:BF23H         LINE#         135
  -------         ENDPROC       CLEAR_PLACA
  -------         PROC          RX_MONITOR
  -------         DO            
  X:0009H         SYMBOL        Length_trama
  X:000AH         SYMBOL        buffer1
BL51 BANKED LINKER/LOCATER V6.22.2.0                                                  05/31/2021  13:02:58  PAGE 138


  -------         ENDDO         
  C:BDA7H         LINE#         136
  C:BDA7H         LINE#         137
  C:BDA7H         LINE#         140
  C:BDB6H         LINE#         141
  C:BDBFH         LINE#         142
  -------         ENDPROC       RX_MONITOR
  -------         ENDMOD        MONITOR

  -------         MODULE        ?C?FPADD
  C:1335H         PUBLIC        ?C?FPADD
  C:1331H         PUBLIC        ?C?FPSUB
  -------         ENDMOD        ?C?FPADD

  -------         MODULE        ?C?FPMUL
  C:1426H         PUBLIC        ?C?FPMUL
  -------         ENDMOD        ?C?FPMUL

  -------         MODULE        ?C?FCAST
  C:1536H         PUBLIC        ?C?FCASTC
  C:1531H         PUBLIC        ?C?FCASTI
  C:152CH         PUBLIC        ?C?FCASTL
  -------         ENDMOD        ?C?FCAST

  -------         MODULE        ?C?CASTF
  C:156AH         PUBLIC        ?C?CASTF
  -------         ENDMOD        ?C?CASTF

  -------         MODULE        PRINTF
  X:0077H         PUBLIC        ?_PRINTF?BYTE
  X:0077H         PUBLIC        ?_SPRINTF?BYTE
  C:3AF1H         PUBLIC        _PRINTF
  C:3AEBH         PUBLIC        _SPRINTF
  -------         ENDMOD        PRINTF

  -------         MODULE        POW
  X:0020H         PUBLIC        ?_pow?BYTE
  C:67EEH         PUBLIC        _pow
  -------         ENDMOD        POW

  -------         MODULE        ?C?CHKFLOAT
  C:15EBH         PUBLIC        ?C?CHKFLOAT
  -------         ENDMOD        ?C?CHKFLOAT

  -------         MODULE        ?C?FPCMP
  C:1607H         PUBLIC        ?C?FPCMP
  C:1605H         PUBLIC        ?C?FPCMP3
  -------         ENDMOD        ?C?FPCMP

  -------         MODULE        ?C?FPNEG
  C:167EH         PUBLIC        ?C?FPNEG
  -------         ENDMOD        ?C?FPNEG

  -------         MODULE        ?C?FPROUND
  C:168FH         PUBLIC        ?C?FPROUND
  -------         ENDMOD        ?C?FPROUND

BL51 BANKED LINKER/LOCATER V6.22.2.0                                                  05/31/2021  13:02:58  PAGE 139


  -------         MODULE        ?C?FPCONVERT
  C:16CCH         PUBLIC        ?C?FPCONVERT
  -------         ENDMOD        ?C?FPCONVERT

  -------         MODULE        EXP
  C:9EE7H         PUBLIC        _EXP
  -------         ENDMOD        EXP

  -------         MODULE        LOG
  C:736CH         PUBLIC        _LOG
  C:7368H         PUBLIC        _LOG10
  -------         ENDMOD        LOG

  -------         MODULE        ?C?FPDIV
  C:17D4H         PUBLIC        ?C?FPDIV
  -------         ENDMOD        ?C?FPDIV

  -------         MODULE        ?C?FTNPWR
  C:18A1H         PUBLIC        ?C?FTNPWR
  -------         ENDMOD        ?C?FTNPWR

  -------         MODULE        ?C?COPY
  C:19FEH         PUBLIC        ?C?COPY
  -------         ENDMOD        ?C?COPY

  -------         MODULE        ?C?CLDPTR
  C:1A24H         PUBLIC        ?C?CLDPTR
  -------         ENDMOD        ?C?CLDPTR

  -------         MODULE        ?C?CLDOPTR
  C:1A3DH         PUBLIC        ?C?CLDOPTR
  -------         ENDMOD        ?C?CLDOPTR

  -------         MODULE        ?C?CSTPTR
  C:1A6AH         PUBLIC        ?C?CSTPTR
  -------         ENDMOD        ?C?CSTPTR

  -------         MODULE        ?C?CSTOPTR
  C:1A7CH         PUBLIC        ?C?CSTOPTR
  -------         ENDMOD        ?C?CSTOPTR

  -------         MODULE        ?C?IMUL
  C:1A9EH         PUBLIC        ?C?IMUL
  -------         ENDMOD        ?C?IMUL

  -------         MODULE        ?C?IILDX
  C:1AB0H         PUBLIC        ?C?IILDX
  -------         ENDMOD        ?C?IILDX

  -------         MODULE        ?C?LNEG
  C:1AC6H         PUBLIC        ?C?LNEG
  -------         ENDMOD        ?C?LNEG

  -------         MODULE        ?C?SLCMP
  C:1AD4H         PUBLIC        ?C?SLCMP
  -------         ENDMOD        ?C?SLCMP

BL51 BANKED LINKER/LOCATER V6.22.2.0                                                  05/31/2021  13:02:58  PAGE 140


  -------         MODULE        ?C?ULCMP
  C:1AEAH         PUBLIC        ?C?ULCMP
  -------         ENDMOD        ?C?ULCMP

  -------         MODULE        ?C?ULSHR
  C:1AFBH         PUBLIC        ?C?ULSHR
  -------         ENDMOD        ?C?ULSHR

  -------         MODULE        ?C?LSHL
  C:1B0EH         PUBLIC        ?C?LSHL
  -------         ENDMOD        ?C?LSHL

  -------         MODULE        ?C?LLDCODE
  C:1B21H         PUBLIC        ?C?LLDCODE
  -------         ENDMOD        ?C?LLDCODE

  -------         MODULE        ?C?LLDXDATA0
  C:1B31H         PUBLIC        ?C?LLDXDATA0
  -------         ENDMOD        ?C?LLDXDATA0

  -------         MODULE        ?C?LLDCODE0
  C:1B3DH         PUBLIC        ?C?LLDCODE0
  -------         ENDMOD        ?C?LLDCODE0

  -------         MODULE        ?C?LSTXDATA
  C:1B4DH         PUBLIC        ?C?LSTXDATA
  -------         ENDMOD        ?C?LSTXDATA

  -------         MODULE        ?C?LSTKXDATA
  C:1B59H         PUBLIC        ?C?LSTKXDATA
  -------         ENDMOD        ?C?LSTKXDATA

  -------         MODULE        ?C?PLDIXDATA
  C:1B8AH         PUBLIC        ?C?PLDIXDATA
  -------         ENDMOD        ?C?PLDIXDATA

  -------         MODULE        ?C?PSTXDATA
  C:1BA1H         PUBLIC        ?C?PSTXDATA
  -------         ENDMOD        ?C?PSTXDATA

  -------         MODULE        ?C?CCASE
  C:1BAAH         PUBLIC        ?C?CCASE
  -------         ENDMOD        ?C?CCASE

  -------         MODULE        STRCAT
  X:0046H         PUBLIC        ?_strcat?BYTE
  C:AFD6H         PUBLIC        _strcat
  -------         ENDMOD        STRCAT

  -------         MODULE        ?C?STRCMP
  C:1D4EH         PUBLIC        ?C?STRCMP
  -------         ENDMOD        ?C?STRCMP

  -------         MODULE        ?C?STRCPY
  C:1E37H         PUBLIC        ?C?STRCPY
  -------         ENDMOD        ?C?STRCPY

BL51 BANKED LINKER/LOCATER V6.22.2.0                                                  05/31/2021  13:02:58  PAGE 141


  -------         MODULE        STRLEN
  C:000EH         PUBLIC        _STRLEN
  -------         ENDMOD        STRLEN

  -------         MODULE        STRTOK
  X:0064H         PUBLIC        ?_strtok?BYTE
  C:85AEH         PUBLIC        _strtok
  -------         ENDMOD        STRTOK

  -------         MODULE        ATOL
  C:79E0H         PUBLIC        _atol
  -------         ENDMOD        ATOL

  -------         MODULE        ATOI
  C:8770H         PUBLIC        _atoi
  -------         ENDMOD        ATOI

  -------         MODULE        ?C?ILDIX
  C:1E54H         PUBLIC        ?C?ILDIX
  -------         ENDMOD        ?C?ILDIX

  -------         MODULE        ?C?LMUL
  C:1E6AH         PUBLIC        ?C?LMUL
  -------         ENDMOD        ?C?LMUL

  -------         MODULE        ISDIGIT
  C:C01CH         PUBLIC        _isdigit
  -------         ENDMOD        ISDIGIT

  -------         MODULE        ISSPACE
  C:BF7CH         PUBLIC        _isspace
  -------         ENDMOD        ISSPACE

  -------         MODULE        STRSPN
  X:006AH         PUBLIC        ?_strspn?BYTE
  C:A8B4H         PUBLIC        _strspn
  -------         ENDMOD        STRSPN

  -------         MODULE        STRPBRK
  X:006AH         PUBLIC        ?_strpbrk?BYTE
  C:A9BBH         PUBLIC        _strpbrk
  -------         ENDMOD        STRPBRK

Program Size: data=99.1 xdata=538 code=49326
LINK/LOCATE RUN COMPLETE.  0 WARNING(S),  0 ERROR(S)
