BL51 BANKED LINKER/LOCATER V6.22.2.0                                                    11/05/2020  12:20:06  PAGE 1


BL51 BANKED LINKER/LOCATER V6.22.2.0, INVOKED BY:
C:\KEIL_V5\C51\BIN\BL51.EXE .\Objects\main.obj, .\Objects\Accescan.obj, .\Objects\Clock.obj, .\Objects\delay.obj, .\Obje
>> cts\eeprom.obj, .\Objects\io_sensores.obj, .\Objects\pantallas.obj, .\Objects\prog.obj, .\Objects\pto_paralelo.obj, .
>> \Objects\tibbo.obj, .\Objects\uart.obj, .\Objects\lintech.obj, .\Objects\verificador.obj, .\Objects\Monitor.obj TO .\
>> Objects\expedidor_v_01_raspberry PRINT (.\Listings\expedidor_v_01_raspberry.m51) RAMSIZE (256)


MEMORY MODEL: LARGE WITH FLOATING POINT ARITHMETIC


INPUT MODULES INCLUDED:
  .\Objects\main.obj (MAIN)
  .\Objects\Accescan.obj (ACCESCAN)
  .\Objects\Clock.obj (CLOCK)
  .\Objects\delay.obj (DELAY)
  .\Objects\eeprom.obj (EEPROM)
  .\Objects\io_sensores.obj (IO_SENSORES)
  .\Objects\pantallas.obj (PANTALLAS)
  .\Objects\prog.obj (PROG)
  .\Objects\pto_paralelo.obj (PTO_PARALELO)
  .\Objects\tibbo.obj (TIBBO)
  .\Objects\uart.obj (UART)
  .\Objects\lintech.obj (LINTECH)
  .\Objects\verificador.obj (VERIFICADOR)
  .\Objects\Monitor.obj (MONITOR)
  C:\KEIL_V5\C51\LIB\C51FPL.LIB (?C?FPADD)
  C:\KEIL_V5\C51\LIB\C51FPL.LIB (?C?FPMUL)
  C:\KEIL_V5\C51\LIB\C51FPL.LIB (?C?FCAST)
  C:\KEIL_V5\C51\LIB\C51FPL.LIB (?C?CASTF)
  C:\KEIL_V5\C51\LIB\C51FPL.LIB (PRINTF)
  C:\KEIL_V5\C51\LIB\C51FPL.LIB (POW)
  C:\KEIL_V5\C51\LIB\C51FPL.LIB (?C?FPGETOPN)
  C:\KEIL_V5\C51\LIB\C51FPL.LIB (?C?CHKFLOAT)
  C:\KEIL_V5\C51\LIB\C51FPL.LIB (?C?FPCMP)
  C:\KEIL_V5\C51\LIB\C51FPL.LIB (?C?FPNEG)
  C:\KEIL_V5\C51\LIB\C51FPL.LIB (?C?FPROUND)
  C:\KEIL_V5\C51\LIB\C51FPL.LIB (?C?FPCONVERT)
  C:\KEIL_V5\C51\LIB\C51FPL.LIB (EXP)
  C:\KEIL_V5\C51\LIB\C51FPL.LIB (LOG)
  C:\KEIL_V5\C51\LIB\C51FPL.LIB (?C?FPDIV)
  C:\KEIL_V5\C51\LIB\C51FPL.LIB (?C?FTNPWR)
  C:\KEIL_V5\C51\LIB\C51FPL.LIB (?C?FPSERIES)
  C:\KEIL_V5\C51\LIB\C51L.LIB (?C_STARTUP)
  C:\KEIL_V5\C51\LIB\C51L.LIB (?C?COPY)
  C:\KEIL_V5\C51\LIB\C51L.LIB (?C?CLDPTR)
  C:\KEIL_V5\C51\LIB\C51L.LIB (?C?CLDOPTR)
  C:\KEIL_V5\C51\LIB\C51L.LIB (?C?CSTPTR)
  C:\KEIL_V5\C51\LIB\C51L.LIB (?C?CSTOPTR)
  C:\KEIL_V5\C51\LIB\C51L.LIB (?C?IMUL)
  C:\KEIL_V5\C51\LIB\C51L.LIB (?C?IILDX)
  C:\KEIL_V5\C51\LIB\C51L.LIB (?C?LNEG)
  C:\KEIL_V5\C51\LIB\C51L.LIB (?C?SLCMP)
  C:\KEIL_V5\C51\LIB\C51L.LIB (?C?ULCMP)
  C:\KEIL_V5\C51\LIB\C51L.LIB (?C?ULSHR)
  C:\KEIL_V5\C51\LIB\C51L.LIB (?C?LSHL)
  C:\KEIL_V5\C51\LIB\C51L.LIB (?C?LLDCODE)
  C:\KEIL_V5\C51\LIB\C51L.LIB (?C?LLDXDATA0)
  C:\KEIL_V5\C51\LIB\C51L.LIB (?C?LLDCODE0)
BL51 BANKED LINKER/LOCATER V6.22.2.0                                                  11/05/2020  12:20:06  PAGE 2


  C:\KEIL_V5\C51\LIB\C51L.LIB (?C?LSTXDATA)
  C:\KEIL_V5\C51\LIB\C51L.LIB (?C?LSTKXDATA)
  C:\KEIL_V5\C51\LIB\C51L.LIB (?C?PLDIXDATA)
  C:\KEIL_V5\C51\LIB\C51L.LIB (?C?PSTXDATA)
  C:\KEIL_V5\C51\LIB\C51L.LIB (?C?CCASE)
  C:\KEIL_V5\C51\LIB\C51L.LIB (STRCAT)
  C:\KEIL_V5\C51\LIB\C51L.LIB (?C?STRCMP)
  C:\KEIL_V5\C51\LIB\C51L.LIB (?C?STRCPY)
  C:\KEIL_V5\C51\LIB\C51L.LIB (STRLEN)
  C:\KEIL_V5\C51\LIB\C51L.LIB (STRTOK)
  C:\KEIL_V5\C51\LIB\C51L.LIB (ATOL)
  C:\KEIL_V5\C51\LIB\C51L.LIB (ATOI)
  C:\KEIL_V5\C51\LIB\C51L.LIB (MALLOC)
  C:\KEIL_V5\C51\LIB\C51L.LIB (INIT_MEM)
  C:\KEIL_V5\C51\LIB\C51L.LIB (FREE)
  C:\KEIL_V5\C51\LIB\C51L.LIB (?C_INIT)
  C:\KEIL_V5\C51\LIB\C51L.LIB (?C?ILDIX)
  C:\KEIL_V5\C51\LIB\C51L.LIB (?C?LMUL)
  C:\KEIL_V5\C51\LIB\C51L.LIB (ISDIGIT)
  C:\KEIL_V5\C51\LIB\C51L.LIB (ISSPACE)
  C:\KEIL_V5\C51\LIB\C51L.LIB (STRSPN)
  C:\KEIL_V5\C51\LIB\C51L.LIB (STRPBRK)


LINK MAP OF MODULE:  .\Objects\expedidor_v_01_raspberry (MAIN)


            TYPE    BASE      LENGTH    RELOCATION   SEGMENT NAME
            -----------------------------------------------------

            * * * * * * *   D A T A   M E M O R Y   * * * * * * *
            REG     0000H     0008H     ABSOLUTE     "REG BANK 0"
            DATA    0008H     0005H     UNIT         _DATA_GROUP_
            DATA    000DH     0004H     UNIT         ?DT?UART
            IDATA   0011H     0009H     UNIT         ?ID?MONITOR
                    001AH     0006H                  *** GAP ***
            BIT     0020H.0   0001H.1   UNIT         _BIT_GROUP_
            BIT     0021H.1   0000H.2   UNIT         ?BI?MAIN
            BIT     0021H.3   0000H.2   UNIT         ?BI?UART
            BIT     0021H.5   0000H.1   UNIT         ?BI?EEPROM
            BIT     0021H.6   0000H.1   UNIT         ?BI?VERIFICADOR
                    0021H.7   0000H.1                *** GAP ***
            IDATA   0022H     0046H     UNIT         ?ID?MAIN
            IDATA   0068H     0001H     UNIT         ?STACK

            * * * * * * *  X D A T A   M E M O R Y  * * * * * * *
            XDATA   0000H     00B7H     UNIT         _XDATA_GROUP_
            XDATA   00B7H     008AH     UNIT         ?XD?VERIFICADOR
            XDATA   0141H     006CH     UNIT         ?XD?MAIN
            XDATA   01ADH     0059H     UNIT         ?XD?PROG
            XDATA   0206H     0050H     UNIT         ?XD?PANTALLAS
            XDATA   0256H     0008H     UNIT         ?XD?INIT_MEM
            XDATA   025EH     0003H     UNIT         ?XD?EEPROM
            XDATA   0261H     0003H     UNIT         ?XD?UART
            XDATA   0264H     0003H     UNIT         ?XD?STRTOK
            XDATA   0267H     0001H     UNIT         ?XD?ACCESCAN
            XDATA   0268H     0001H     UNIT         ?XD?CLOCK
BL51 BANKED LINKER/LOCATER V6.22.2.0                                                  11/05/2020  12:20:06  PAGE 3


            XDATA   0269H     0001H     UNIT         ?XD?IO_SENSORES

            * * * * * * *   C O D E   M E M O R Y   * * * * * * *
            CODE    0000H     0003H     ABSOLUTE     
            CODE    0003H     0008H     UNIT         ?PR?P_CK?CLOCK
            CODE    000BH     0003H     ABSOLUTE     
            CODE    000EH     0015H     UNIT         ?PR?_STRLEN?STRLEN
            CODE    0023H     0003H     ABSOLUTE     
            CODE    0026H     1308H     UNIT         ?CO?PROG
            CODE    132EH     0B8BH     UNIT         ?C?LIB_CODE
            CODE    1EB9H     0795H     UNIT         ?CO?VERIFICADOR
            CODE    264EH     06F4H     UNIT         ?PR?_PANTALLALCD?PANTALLAS
            CODE    2D42H     0656H     UNIT         ?CO?PANTALLAS
            CODE    3398H     0483H     UNIT         ?PR?PRINTF?PRINTF
            CODE    381BH     046CH     UNIT         ?PR?_SECUENCIAEXPEDIDORMF?VERIFICADOR
            CODE    3C87H     035CH     UNIT         ?PR?VER_PROG?PROG
            CODE    3FE3H     033EH     UNIT         ?PR?_VALIDA_TRAMA_PTO?ACCESCAN
            CODE    4321H     02D0H     UNIT         ?PR?_TWO_BYTEHEX_DECIMAL?CLOCK
            CODE    45F1H     02B7H     UNIT         ?PR?_PROG_HORARIO_DIAS?PROG
            CODE    48A8H     02B2H     UNIT         ?PR?_PANTALLALCD_LINEA_2?PANTALLAS
            CODE    4B5AH     022CH     UNIT         ?PR?MENU?PROG
            CODE    4D86H     0208H     UNIT         ?PR?_HASH_ID?PROG
            CODE    4F8EH     01FAH     UNIT         ?PR?_PROG_HORARIO_DESDE_HASTA?PROG
            CODE    5188H     01F5H     UNIT         ?PR?PROG_FECHA_VENCIMIENTO?PROG
            CODE    537DH     01DFH     UNIT         ?PR?_RESPONDE_LECTURA_TARJETA_SECTOR1_BLOQUE1?VERIFICADOR
            CODE    555CH     01B3H     UNIT         ?PR?COM_ISR?UART
            CODE    570FH     01A9H     UNIT         ?PR?_ARMAR_TRAMA_PTO_PARALELO_EXPEDIDOR?VERIFICADOR
            CODE    58B8H     01A4H     UNIT         ?PR?_VALIDA_TIPO_TARJETA?VERIFICADOR
            CODE    5A5CH     017AH     UNIT         ?CO?LINTECH
            CODE    5BD6H     016EH     UNIT         ?PR?_BLOCK_READ_CLOCK_ASCII?CLOCK
            CODE    5D44H     0166H     UNIT         ?PR?_POW?POW
            CODE    5EAAH     0154H     UNIT         ?PR?_ARMAR_TRAMA_MONITOR?VERIFICADOR
            CODE    5FFEH     0145H     UNIT         ?PR?PROG_HORARIOS?PROG
            CODE    6143H     0142H     UNIT         ?PR?_ARMAR_TRAMA_TARJETA_SECTOR1_BLOQUE2?VERIFICADOR
            CODE    6285H     013FH     UNIT         ?PR?_FREE?FREE
            CODE    63C4H     013EH     UNIT         ?PR?PROG_SIN_COBRO?PROG
            CODE    6502H     013EH     UNIT         ?PR?SECUENCIA_INICIO_EXPEDIDOR?VERIFICADOR
            CODE    6640H     0137H     UNIT         ?PR?VER_HORARIO?PROG
            CODE    6777H     012BH     UNIT         ?PR?_RESPONDE_LECTURA_TARJETA_SECTOR1_BLOQUE2?VERIFICADOR
            CODE    68A2H     0129H     UNIT         ?PR?LOG?LOG
            CODE    69CBH     0128H     UNIT         ?PR?_VER_HORARIO_DIAS?PROG
            CODE    6AF3H     011CH     UNIT         ?PR?LOAD_AND_SEND_ID_COD?PTO_PARALELO
            CODE    6C0FH     011AH     UNIT         ?PR?_PROG_HORARIOS_ON_OFF?PROG
            CODE    6D29H     0119H     UNIT         ?PR?_VER_HORARIO_DESDE_HASTA?PROG
            CODE    6E42H     0115H     UNIT         ?PR?_VALIDAR_CLK?CLOCK
            CODE    6F57H     010FH     UNIT         ?PR?_HORARIOS?VERIFICADOR
            CODE    7066H     010CH     UNIT         ?PR?_ATOL?ATOL
            CODE    7172H     0103H     UNIT         ?PR?_BLOQUE_HORARIO?VERIFICADOR
            CODE    7275H     0100H     UNIT         ?PR?_WR_MF?LINTECH
            CODE    7375H     00FCH     UNIT         ?PR?PROG_DEBUG?PROG
            CODE    7471H     00FCH     UNIT         ?PR?PROG_USE_LPR?PROG
            CODE    756DH     00FCH     UNIT         ?PR?TIPO_PANTALLA?PROG
            CODE    7669H     00FCH     UNIT         ?PR?PROG_ANTIPASSBACK?PROG
            CODE    7765H     00FCH     UNIT         ?PR?PROG_PLACA?PROG
            CODE    7861H     00FCH     UNIT         ?PR?PROG_VALIDAR_TIPO_VEHICULO_MENSUAL?PROG
            CODE    795DH     00FCH     UNIT         ?PR?PROG_APB_MENSUAL?PROG
            CODE    7A59H     00F1H     UNIT         ?PR?_WRITE_EEPROM_TICKET?EEPROM
BL51 BANKED LINKER/LOCATER V6.22.2.0                                                  11/05/2020  12:20:06  PAGE 4


            CODE    7B4AH     00EAH     UNIT         ?PR?_MOV_CARD?LINTECH
            CODE    7C34H     00E4H     UNIT         ?PR?_STRTOK?STRTOK
            CODE    7D18H     00DEH     UNIT         ?PR?PROG_ADDRESS_HIGH_BOARD?PROG
            CODE    7DF6H     00DBH     UNIT         ?PR?_ATOI?ATOI
            CODE    7ED1H     00D7H     UNIT         ?PR?_ANALIZA_UID_CARD?VERIFICADOR
            CODE    7FA8H     00D6H     UNIT         ?PR?_CMD_LPR_SALIDA_WIEGAND?ACCESCAN
            CODE    807EH     00D1H     UNIT         ?PR?_ARMAR_TRAMA_PTO_PARALELO_EXPEDIDOR_MENSUAL?VERIFICADOR
            CODE    814FH     00D1H     UNIT         ?PR?_MALLOC?MALLOC
            CODE    8220H     00CEH     UNIT         ?C_INITSEG
            CODE    82EEH     00CCH     UNIT         ?PR?_GRABA_SERIE?EEPROM
            CODE    83BAH     00CBH     UNIT         ?PR?_RTA_CMD_TRANSPORTE?VERIFICADOR
            CODE    8485H     00CAH     UNIT         ?PR?READ_EEPROM_TICKET?EEPROM
            CODE    854FH     00C9H     UNIT         ?PR?_CHECK_FECHAOUT?CLOCK
            CODE    8618H     00C4H     UNIT         ?PR?_BLOCK_READ_CLOCK?CLOCK
            CODE    86DCH     00C4H     UNIT         ?PR?_TARJETA_MENSUAL?VERIFICADOR
            CODE    87A0H     00C3H     UNIT         ?PR?_RD_MF?LINTECH
            CODE    8863H     00C2H     UNIT         ?PR?PROG_TARJETA_AUTOMATICA_O_BOTON?PROG
            CODE    8925H     00C1H     UNIT         ?PR?_RECIBE_CMD_MONITOR?MONITOR
            CODE    89E6H     00BEH     UNIT         ?PR?ERROR_RX_PTO?VERIFICADOR
            CODE    8AA4H     00BDH     UNIT         ?PR?PROG_COD_PARK?PROG
            CODE    8B61H     00BDH     UNIT         ?PR?PROG_TIEMPO_GRACIA?PROG
            CODE    8C1EH     00BAH     UNIT         ?CO?TIBBO
            CODE    8CD8H     00B6H     UNIT         ?PR?PROG_ID_CLIENTE?PROG
            CODE    8D8EH     00B5H     UNIT         ?PR?_WAIT_PLACA?VERIFICADOR
            CODE    8E43H     00B4H     UNIT         ?PR?_SEND_PORT?PTO_PARALELO
            CODE    8EF7H     00ADH     UNIT         ?CO?IO_SENSORES
            CODE    8FA4H     00ACH     UNIT         ?PR?_HORA_MAXIMA?VERIFICADOR
            CODE    9050H     00AAH     UNIT         ?PR?CLAVE_SEGURIDAD_S2?LINTECH
            CODE    90FAH     00A9H     UNIT         ?PR?DWLOAD_EEPROM?LINTECH
            CODE    91A3H     00A6H     UNIT         ?PR?_BLOCK_READ_CLOCK_HEX?CLOCK
            CODE    9249H     00A4H     UNIT         ?PR?_ARMAR_TRAMA_TARJETA_SECTOR1_BLOQUE1_CAMCEL?VERIFICADOR
            CODE    92EDH     009DH     UNIT         ?PR?_INICIALIZA?LINTECH
            CODE    938AH     009CH     UNIT         ?PR?_RESPUESTA_PLACA_CANCEL?VERIFICADOR
            CODE    9426H     009BH     UNIT         ?PR?_VALIDA_TRAMA_MONITOR?MONITOR
            CODE    94C1H     009AH     UNIT         ?PR?_RESPONDE_LECTURA_TARJETA_SECTOR1_BLOQUE0?VERIFICADOR
            CODE    955BH     009AH     UNIT         ?PR?EXP?EXP
            CODE    95F5H     0099H     UNIT         ?PR?SHOW?PROG
            CODE    968EH     0099H     UNIT         ?PR?_RECIBE_PORT?PTO_PARALELO
            CODE    9727H     0098H     UNIT         ?PR?_VALIDA_VEHICULO_CARD_MENSUAL?VERIFICADOR
            CODE    97BFH     0091H     UNIT         ?PR?_HEX_ASCII?CLOCK
            CODE    9850H     0091H     UNIT         ?PR?_CARD_INSERCION?LINTECH
            CODE    98E1H     0090H     UNIT         ?PR?_LEE_CLK?CLOCK
            CODE    9971H     0090H     UNIT         ?PR?_GETOPTION?PROG
            CODE    9A01H     008FH     UNIT         ?PR?_BLOCK_WRITE_CLOCK_ASCII?CLOCK
            CODE    9A90H     008FH     UNIT         ?PR?_RESPONDE_WRITE_TARJETA_SECTOR1_BLOQUE2?VERIFICADOR
            CODE    9B1FH     008DH     UNIT         ?PR?LOADVERIFY_EEPROM?LINTECH
            CODE    9BACH     008CH     UNIT         ?C_C51STARTUP
            CODE    9C38H     0089H     UNIT         ?PR?_RASPBERRY_DATA?PANTALLAS
            CODE    9CC1H     0088H     UNIT         ?PR?_SEND_PORTERR?PTO_PARALELO
            CODE    9D49H     0088H     UNIT         ?PR?RX_DATA?TIBBO
            CODE    9DD1H     0088H     UNIT         ?PR?UNIQUE_IDENTIFIER_UID?LINTECH
            CODE    9E59H     0084H     UNIT         ?PR?_STRSPN?STRSPN
            CODE    9EDDH     0082H     UNIT         ?PR?_SEND_PTO_PARALELO?VERIFICADOR
            CODE    9F5FH     0081H     UNIT         ?PR?_STRPBRK?STRPBRK
            CODE    9FE0H     0080H     UNIT         ?PR?MSJ_LCD_INFORMATIVO?IO_SENSORES
            CODE    A060H     0080H     UNIT         ?PR?_INGRESADATO?PROG
            CODE    A0E0H     0080H     UNIT         ?PR?AUT_CARD_CHECK_STATUS?LINTECH
BL51 BANKED LINKER/LOCATER V6.22.2.0                                                  11/05/2020  12:20:06  PAGE 5


            CODE    A160H     0080H     UNIT         ?PR?POWER_OFF?LINTECH
            CODE    A1E0H     007CH     UNIT         ?PR?MAIN?MAIN
            CODE    A25CH     007CH     UNIT         ?PR?_CHECK_STATUS?LINTECH
            CODE    A2D8H     007CH     UNIT         ?PR?RESPONDE_ESTADO_SENSORES_TRANSPORTE?VERIFICADOR
            CODE    A354H     0079H     UNIT         ?PR?ENTREGA_CARD_CAPTURA?VERIFICADOR
            CODE    A3CDH     0077H     UNIT         ?PR?RESPONDE_TIPO_TARJETA?VERIFICADOR
            CODE    A444H     0073H     UNIT         ?PR?_DEBUGBUFFERMF?TIBBO
            CODE    A4B7H     0071H     UNIT         ?PR?_EN_HORARIO?VERIFICADOR
            CODE    A528H     006FH     UNIT         ?PR?_ESCRIBIRMEMORIA?EEPROM
            CODE    A597H     006BH     UNIT         ?PR?_STRCAT?STRCAT
            CODE    A602H     0066H     UNIT         ?PR?_LEERMEMORIA?EEPROM
            CODE    A668H     0066H     UNIT         ?PR?_DISPARO_LOCK_ENTRADA_VEHICULO?VERIFICADOR
            CODE    A6CEH     0062H     UNIT         ?PR?_LISTACOMANDOS?PROG
            CODE    A730H     0061H     UNIT         ?PR?_PREGUNTA_LPR?VERIFICADOR
            CODE    A791H     005EH     UNIT         ?PR?_BYTEHEX_DECIMAL?CLOCK
            CODE    A7EFH     005DH     UNIT         ?PR?_RESPUESTA_SEGUNDA_CLAVE?VERIFICADOR
            CODE    A84CH     0059H     UNIT         ?PR?INGRESO_VEHICULO?VERIFICADOR
            CODE    A8A5H     0058H     UNIT         ?PR?VALIDA_SENSOR1_AUTO?IO_SENSORES
            CODE    A8FDH     0058H     UNIT         ?PR?_ARMAR_TRAMA_PLACA?VERIFICADOR
            CODE    A955H     0056H     UNIT         ?PR?_WR_EEPROM?EEPROM
            CODE    A9ABH     004EH     UNIT         ?PR?RELOJ_PANTALLA_LCD?PANTALLAS
            CODE    A9F9H     004DH     UNIT         ?PR?VARIABLE_INICIO?MAIN
            CODE    AA46H     004DH     UNIT         ?PR?L_D_M?EEPROM
            CODE    AA93H     004CH     UNIT         ?PR?LEE_NO_TICKET?EEPROM
            CODE    AADFH     004BH     UNIT         ?PR?_TX_AUX?TIBBO
            CODE    AB2AH     0049H     UNIT         ?PR?_DEBUG_TXT_TIBBO?TIBBO
            CODE    AB73H     0048H     UNIT         ?PR?FIRST_CLAVE?PROG
            CODE    ABBBH     0047H     UNIT         ?PR?_DEBUG_CHR_TIBBO?TIBBO
            CODE    AC02H     0047H     UNIT         ?PR?_RESPONDE_WRITE_TARJETA_SECTOR2_BLOQUE0?VERIFICADOR
            CODE    AC49H     0046H     UNIT         ?PR?_ESCRIBIRCADENASOFT_BUFFER?MAIN
            CODE    AC8FH     0046H     UNIT         ?PR?_LCD_TXT_NUM_CHAR?PANTALLAS
            CODE    ACD5H     0046H     UNIT         ?PR?_DEBUG_HEXDEC?TIBBO
            CODE    AD1BH     0044H     UNIT         ?PR?_LCD_TXT?PANTALLAS
            CODE    AD5FH     0043H     UNIT         ?PR?DIR_BOARD?IO_SENSORES
            CODE    ADA2H     0042H     UNIT         ?PR?_VALIDARCLAVE?PROG
            CODE    ADE4H     0041H     UNIT         ?PR?_MONITOR_CHR?ACCESCAN
            CODE    AE25H     0041H     UNIT         ?PR?_TWO_ONE?CLOCK
            CODE    AE66H     0040H     UNIT         ?PR?_GETCMD?PROG
            CODE    AEA6H     003FH     UNIT         ?PR?_EB_CLK?CLOCK
            CODE    AEE5H     003EH     UNIT         ?PR?_PUTCHAR?MAIN
            CODE    AF23H     003DH     UNIT         ?PR?_HEX_BCD?CLOCK
            CODE    AF60H     003DH     UNIT         ?PR?_RD_EEPROM?EEPROM
            CODE    AF9DH     003DH     UNIT         ?PR?_LOAD_SECUENCIA_EXPEDIDOR?VERIFICADOR
            CODE    AFDAH     003CH     UNIT         ?PR?_INIT_MEMPOOL?INIT_MEM
            CODE    B016H     003BH     UNIT         ?CO?EEPROM
            CODE    B051H     003BH     UNIT         ?PR?_DEBUG_PTO_PARALELO?TIBBO
            CODE    B08CH     003BH     UNIT         ?PR?_COM_PUTCHAR?UART
            CODE    B0C7H     003AH     UNIT         ?PR?_DELAY_10MS?DELAY
            CODE    B101H     0038H     UNIT         ?PR?VALIDASENSORESPASO?IO_SENSORES
            CODE    B139H     0036H     UNIT         ?PR?_RESPONDE_WRITE_TARJETA_SECTOR1_BLOQUE1?VERIFICADOR
            CODE    B16FH     0036H     UNIT         ?PR?_RESPONDE_WRITE_TARJETA_SECTOR1_BLOQUE0?VERIFICADOR
            CODE    B1A5H     0034H     UNIT         ?PR?INCREMENTE_TICKET?EEPROM
            CODE    B1D9H     0034H     UNIT         ?PR?ADDR_HORARIOS?PROG
            CODE    B20DH     0033H     UNIT         ?PR?TRAMA_VALIDACION_P_N?VERIFICADOR
            CODE    B240H     0032H     UNIT         ?PR?_DEBUG_MONITOR?TIBBO
            CODE    B272H     0031H     UNIT         ?PR?_TARJETA_ROTACION?VERIFICADOR
            CODE    B2A3H     002EH     UNIT         ?PR?TIMER0_INT?MAIN
BL51 BANKED LINKER/LOCATER V6.22.2.0                                                  11/05/2020  12:20:06  PAGE 6


            CODE    B2D1H     002CH     UNIT         ?PR?LOAD_AND_SEND_INFO_RELOJ?PTO_PARALELO
            CODE    B2FDH     002AH     UNIT         ?PR?COM_INITIALIZE?UART
            CODE    B327H     0028H     UNIT         ?PR?_WR_CLK?CLOCK
            CODE    B34FH     0028H     UNIT         ?PR?COM_BAUDRATE?UART
            CODE    B377H     0028H     UNIT         ?PR?_ARMAR_TRAMA_TARJETA_SECTOR1_BLOQUE0?VERIFICADOR
            CODE    B39FH     0027H     UNIT         ?PR?_TX_CHRLCD?PANTALLAS
            CODE    B3C6H     0026H     UNIT         ?PR?COM_GETCHAR?UART
            CODE    B3ECH     0026H     UNIT         ?PR?ANALIZA_PRESENCIA_MENSUAL?VERIFICADOR
            CODE    B412H     0026H     UNIT         ?PR?RX_MONITOR?MONITOR
            CODE    B438H     0023H     UNIT         ?PR?ANALIZA_PRESENCIA_ROTACION?VERIFICADOR
            CODE    B45BH     0022H     UNIT         ?PR?_E_D_M?EEPROM
            CODE    B47DH     0020H     UNIT         ?PR?ACKD?EEPROM
            CODE    B49DH     0020H     UNIT         ?PR?ACK_LECT?EEPROM
            CODE    B4BDH     001FH     UNIT         ?PR?VALIDASENSOR?IO_SENSORES
            CODE    B4DCH     001FH     UNIT         ?PR?TIME_BIT?TIBBO
            CODE    B4FBH     001EH     UNIT         ?PR?_BCD_HEX?CLOCK
            CODE    B519H     001BH     UNIT         ?PR?_DELAY_1MS?DELAY
            CODE    B534H     0018H     UNIT         ?PR?CLEAR_PLACA?MONITOR
            CODE    B54CH     0017H     UNIT         ?PR?DISPLAYCURSOR?PROG
            CODE    B563H     0017H     UNIT         ?PR?TIME_MBIT?TIBBO
            CODE    B57AH     0016H     UNIT         ?PR?DIR_BOARD_MONITOR?IO_SENSORES
            CODE    B590H     0014H     UNIT         ?PR?DEBUG_DIVIDIR_TEXTO?TIBBO
            CODE    B5A4H     0014H     UNIT         ?PR?_ISSPACE?ISSPACE
            CODE    B5B8H     0012H     UNIT         ?PR?_DELAY_20US?DELAY
            CODE    B5CAH     0012H     UNIT         ?PR?START?EEPROM
            CODE    B5DCH     0012H     UNIT         ?PR?PULSO_BUS?PTO_PARALELO
            CODE    B5EEH     0012H     UNIT         ?PR?COM_RBUFLEN?UART
            CODE    B600H     0012H     UNIT         ?PR?COM_TBUFLEN?UART
            CODE    B612H     0010H     UNIT         ?PR?INI_TIMER?MAIN
            CODE    B622H     0010H     UNIT         ?PR?INICIA_BOARD?MAIN
            CODE    B632H     000FH     UNIT         ?PR?_ISDIGIT?ISDIGIT
            CODE    B641H     000CH     UNIT         ?PR?_GETKEY?MAIN
            CODE    B64DH     000AH     UNIT         ?PR?COND_INI_PTO?PTO_PARALELO
            CODE    B657H     0009H     UNIT         ?PR?STOP?EEPROM
            CODE    B660H     0009H     UNIT         ?PR?CAPTURA_EXPULSA?VERIFICADOR
            CODE    B669H     0007H     UNIT         ?PR?COND_INI_CLOCK?CLOCK
            CODE    B670H     0007H     UNIT         ?PR?SEL_FUNCION?IO_SENSORES
            CODE    B677H     0007H     UNIT         ?PR?SEL_AUTO?IO_SENSORES
            CODE    B67EH     0007H     UNIT         ?PR?SEL_PULSA?IO_SENSORES
            CODE    B685H     0007H     UNIT         ?PR?SEL_SENSOR2?IO_SENSORES
            CODE    B68CH     0007H     UNIT         ?PR?SEL_SENSOR1?IO_SENSORES
            CODE    B693H     0007H     UNIT         ?PR?SEL_DIR1?IO_SENSORES
            CODE    B69AH     0007H     UNIT         ?PR?SEL_DIR2?IO_SENSORES
            CODE    B6A1H     0006H     UNIT         ?PR?P_ME?EEPROM
            CODE    B6A7H     0005H     UNIT         ?PR?ON_TIMER0_INTERRUP?MAIN
            CODE    B6ACH     0005H     UNIT         ?CO?ACCESCAN
            CODE    B6B1H     0005H     UNIT         ?PR?COND_INI_TIBBO?TIBBO
            CODE    B6B6H     0003H     UNIT         ?PR?OFF_TIMER0_INTERRUP?MAIN
            CODE    B6B9H     0003H     UNIT         ?CO?PTO_PARALELO
            CODE    B6BCH     0001H     UNIT         ?PR?DELAY?DELAY



OVERLAY MAP OF MODULE:   .\Objects\expedidor_v_01_raspberry (MAIN)


SEGMENT                                             BIT_GROUP          DATA_GROUP          XDATA_GROUP
BL51 BANKED LINKER/LOCATER V6.22.2.0                                                  11/05/2020  12:20:06  PAGE 7


  +--> CALLED SEGMENT                            START    LENGTH     START    LENGTH     START    LENGTH
--------------------------------------------------------------------------------------------------------
?C_C51STARTUP                                    -----    -----      -----    -----      -----    -----
  +--> ?PR?MAIN?MAIN
  +--> ?C_INITSEG

?PR?MAIN?MAIN                                    -----    -----      -----    -----      0000H    0001H
  +--> ?PR?INI_TIMER?MAIN
  +--> ?PR?ON_TIMER0_INTERRUP?MAIN
  +--> ?PR?COM_INITIALIZE?UART
  +--> ?PR?COM_BAUDRATE?UART
  +--> ?PR?INICIA_BOARD?MAIN
  +--> ?PR?TIME_BIT?TIBBO
  +--> ?PR?_DELAY_20US?DELAY
  +--> ?PR?TIME_MBIT?TIBBO
  +--> ?PR?_TX_AUX?TIBBO
  +--> ?PR?SEL_FUNCION?IO_SENSORES
  +--> ?PR?MENU?PROG
  +--> ?PR?VARIABLE_INICIO?MAIN
  +--> ?PR?SECUENCIA_INICIO_EXPEDIDOR?VERIFI...
  +--> ?PR?RX_MONITOR?MONITOR
  +--> ?PR?_SECUENCIAEXPEDIDORMF?VERIFICADOR
  +--> ?PR?_RECIBE_PORT?PTO_PARALELO
  +--> ?PR?_DEBUG_PTO_PARALELO?TIBBO
  +--> ?PR?_VALIDA_TRAMA_PTO?ACCESCAN
  +--> ?PR?MSJ_LCD_INFORMATIVO?IO_SENSORES

?PR?COM_INITIALIZE?UART                          -----    -----      -----    -----      -----    -----
  +--> ?PR?COM_BAUDRATE?UART

?PR?INICIA_BOARD?MAIN                            -----    -----      -----    -----      -----    -----
  +--> ?PR?COND_INI_TIBBO?TIBBO
  +--> ?PR?COND_INI_CLOCK?CLOCK
  +--> ?PR?COND_INI_PTO?PTO_PARALELO

?PR?_TX_AUX?TIBBO                                -----    -----      -----    -----      -----    -----
  +--> ?PR?TIME_BIT?TIBBO

?PR?MENU?PROG                                    -----    -----      -----    -----      0001H    0045H
  +--> ?CO?PROG
  +--> ?PR?PRINTF?PRINTF
  +--> ?PR?_RD_EEPROM?EEPROM
  +--> ?PR?FIRST_CLAVE?PROG
  +--> ?PR?_WR_EEPROM?EEPROM
  +--> ?PR?_LEERMEMORIA?EEPROM
  +--> ?PR?_HASH_ID?PROG
  +--> ?PR?_INGRESADATO?PROG
  +--> ?PR?_GETCMD?PROG
  +--> ?PR?_ESCRIBIRMEMORIA?EEPROM
  +--> ?PR?_VALIDARCLAVE?PROG
  +--> ?PR?DISPLAYCURSOR?PROG
  +--> ?PR?_STRLEN?STRLEN
  +--> ?PR?_GETOPTION?PROG
  +--> ?PR?_STRCAT?STRCAT
  +--> ?PR?_LISTACOMANDOS?PROG
  +--> ?PR?PROG_ID_CLIENTE?PROG
  +--> ?PR?PROG_COD_PARK?PROG
BL51 BANKED LINKER/LOCATER V6.22.2.0                                                  11/05/2020  12:20:06  PAGE 8


  +--> ?PR?PROG_TIEMPO_GRACIA?PROG
  +--> ?PR?PROG_SIN_COBRO?PROG
  +--> ?PR?PROG_DEBUG?PROG
  +--> ?PR?PROG_USE_LPR?PROG
  +--> ?PR?TIPO_PANTALLA?PROG
  +--> ?PR?PROG_TARJETA_AUTOMATICA_O_BOTON?PROG
  +--> ?PR?PROG_ANTIPASSBACK?PROG
  +--> ?PR?PROG_PLACA?PROG
  +--> ?PR?PROG_ADDRESS_HIGH_BOARD?PROG
  +--> ?PR?PROG_HORARIOS?PROG
  +--> ?PR?PROG_VALIDAR_TIPO_VEHICULO_MENSUA...
  +--> ?PR?PROG_APB_MENSUAL?PROG
  +--> ?PR?VER_PROG?PROG
  +--> ?PR?SHOW?PROG
  +--> ?PR?PROG_FECHA_VENCIMIENTO?PROG

?PR?PRINTF?PRINTF                                0020H.0  0001H.1    0008H    0005H      0077H    0030H
  +--> ?PR?_PUTCHAR?MAIN

?PR?_PUTCHAR?MAIN                                -----    -----      -----    -----      00A7H    0003H
  +--> ?PR?_COM_PUTCHAR?UART

?PR?_COM_PUTCHAR?UART                            -----    -----      -----    -----      00AAH    0001H
  +--> ?PR?COM_TBUFLEN?UART

?PR?_RD_EEPROM?EEPROM                            -----    -----      -----    -----      -----    -----
  +--> ?PR?START?EEPROM
  +--> ?PR?ACK_LECT?EEPROM
  +--> ?PR?_E_D_M?EEPROM
  +--> ?PR?ACKD?EEPROM
  +--> ?PR?L_D_M?EEPROM
  +--> ?PR?STOP?EEPROM

?PR?ACK_LECT?EEPROM                              -----    -----      -----    -----      -----    -----
  +--> ?PR?_E_D_M?EEPROM

?PR?_E_D_M?EEPROM                                -----    -----      -----    -----      -----    -----
  +--> ?PR?P_ME?EEPROM

?PR?ACKD?EEPROM                                  -----    -----      -----    -----      -----    -----
  +--> ?PR?_E_D_M?EEPROM

?PR?FIRST_CLAVE?PROG                             -----    -----      -----    -----      0046H    000BH
  +--> ?PR?_BLOCK_READ_CLOCK_ASCII?CLOCK
  +--> ?PR?_HASH_ID?PROG
  +--> ?PR?_ESCRIBIRMEMORIA?EEPROM

?PR?_BLOCK_READ_CLOCK_ASCII?CLOCK                -----    -----      -----    -----      0051H    0003H
  +--> ?PR?_LEE_CLK?CLOCK

?PR?_LEE_CLK?CLOCK                               -----    -----      -----    -----      00B1H    0003H
  +--> ?PR?_DELAY_20US?DELAY
  +--> ?PR?_EB_CLK?CLOCK
  +--> ?PR?P_CK?CLOCK

?PR?_EB_CLK?CLOCK                                -----    -----      -----    -----      00B4H    0003H
  +--> ?PR?P_CK?CLOCK
BL51 BANKED LINKER/LOCATER V6.22.2.0                                                  11/05/2020  12:20:06  PAGE 9



?PR?P_CK?CLOCK                                   -----    -----      -----    -----      -----    -----
  +--> ?PR?DELAY?DELAY

?PR?_HASH_ID?PROG                                -----    -----      -----    -----      005DH    003FH
  +--> ?CO?PROG
  +--> ?PR?_LEERMEMORIA?EEPROM
  +--> ?PR?_CHECK_FECHAOUT?CLOCK
  +--> ?PR?_STRLEN?STRLEN

?PR?_LEERMEMORIA?EEPROM                          -----    -----      -----    -----      009CH    0005H
  +--> ?PR?_RD_EEPROM?EEPROM

?PR?_CHECK_FECHAOUT?CLOCK                        -----    -----      -----    -----      009CH    0012H
  +--> ?PR?_BLOCK_READ_CLOCK_HEX?CLOCK

?PR?_BLOCK_READ_CLOCK_HEX?CLOCK                  -----    -----      -----    -----      00AEH    0003H
  +--> ?PR?_LEE_CLK?CLOCK
  +--> ?PR?_BCD_HEX?CLOCK

?PR?_ESCRIBIRMEMORIA?EEPROM                      -----    -----      -----    -----      005DH    0005H
  +--> ?PR?_WR_EEPROM?EEPROM

?PR?_WR_EEPROM?EEPROM                            -----    -----      -----    -----      -----    -----
  +--> ?PR?START?EEPROM
  +--> ?PR?ACKD?EEPROM
  +--> ?PR?_E_D_M?EEPROM
  +--> ?PR?STOP?EEPROM
  +--> ?PR?_DELAY_1MS?DELAY
  +--> ?PR?_DELAY_20US?DELAY

?PR?_DELAY_1MS?DELAY                             -----    -----      -----    -----      -----    -----
  +--> ?PR?_DELAY_20US?DELAY

?PR?_INGRESADATO?PROG                            -----    -----      -----    -----      0071H    0004H
  +--> ?PR?_GETKEY?MAIN
  +--> ?CO?PROG
  +--> ?PR?PRINTF?PRINTF
  +--> ?PR?_PUTCHAR?MAIN

?PR?_GETKEY?MAIN                                 -----    -----      -----    -----      -----    -----
  +--> ?PR?COM_GETCHAR?UART

?PR?COM_GETCHAR?UART                             -----    -----      -----    -----      -----    -----
  +--> ?PR?COM_RBUFLEN?UART

?PR?_GETCMD?PROG                                 -----    -----      -----    -----      005DH    0007H
  +--> ?CO?PROG
  +--> ?PR?_STRTOK?STRTOK

?PR?_STRTOK?STRTOK                               -----    -----      -----    -----      0064H    0006H
  +--> ?PR?_STRSPN?STRSPN
  +--> ?PR?_STRPBRK?STRPBRK

?PR?_STRSPN?STRSPN                               -----    -----      -----    -----      006AH    0008H

?PR?_STRPBRK?STRPBRK                             -----    -----      -----    -----      006AH    0009H
BL51 BANKED LINKER/LOCATER V6.22.2.0                                                  11/05/2020  12:20:06  PAGE 10



?PR?_VALIDARCLAVE?PROG                           -----    -----      -----    -----      005DH    000EH

?PR?DISPLAYCURSOR?PROG                           -----    -----      -----    -----      -----    -----
  +--> ?CO?PROG
  +--> ?PR?PRINTF?PRINTF

?PR?_GETOPTION?PROG                              -----    -----      -----    -----      0046H    000BH
  +--> ?CO?PROG
  +--> ?PR?_STRTOK?STRTOK

?PR?_STRCAT?STRCAT                               -----    -----      -----    -----      0046H    0009H

?PR?_LISTACOMANDOS?PROG                          -----    -----      -----    -----      0046H    0007H

?PR?PROG_ID_CLIENTE?PROG                         -----    -----      -----    -----      0046H    000CH
  +--> ?PR?_RD_EEPROM?EEPROM
  +--> ?CO?PROG
  +--> ?PR?PRINTF?PRINTF
  +--> ?PR?_INGRESADATO?PROG
  +--> ?PR?_ATOI?ATOI
  +--> ?PR?_WR_EEPROM?EEPROM

?PR?_ATOI?ATOI                                   0020H.0  0000H.1    -----    -----      0071H    0005H
  +--> ?PR?_ISSPACE?ISSPACE
  +--> ?PR?_ISDIGIT?ISDIGIT

?PR?PROG_COD_PARK?PROG                           -----    -----      -----    -----      0046H    000CH
  +--> ?PR?_RD_EEPROM?EEPROM
  +--> ?CO?PROG
  +--> ?PR?PRINTF?PRINTF
  +--> ?PR?_INGRESADATO?PROG
  +--> ?PR?_ATOI?ATOI
  +--> ?PR?_WR_EEPROM?EEPROM

?PR?PROG_TIEMPO_GRACIA?PROG                      -----    -----      -----    -----      0046H    000CH
  +--> ?PR?_RD_EEPROM?EEPROM
  +--> ?CO?PROG
  +--> ?PR?PRINTF?PRINTF
  +--> ?PR?_INGRESADATO?PROG
  +--> ?PR?_ATOI?ATOI
  +--> ?PR?_WR_EEPROM?EEPROM

?PR?PROG_SIN_COBRO?PROG                          -----    -----      -----    -----      0046H    000CH
  +--> ?PR?_RD_EEPROM?EEPROM
  +--> ?CO?PROG
  +--> ?PR?PRINTF?PRINTF
  +--> ?PR?_INGRESADATO?PROG
  +--> ?PR?_ATOI?ATOI
  +--> ?PR?_WR_EEPROM?EEPROM

?PR?PROG_DEBUG?PROG                              -----    -----      -----    -----      0046H    000CH
  +--> ?PR?_RD_EEPROM?EEPROM
  +--> ?CO?PROG
  +--> ?PR?PRINTF?PRINTF
  +--> ?PR?_INGRESADATO?PROG
  +--> ?PR?_ATOI?ATOI
BL51 BANKED LINKER/LOCATER V6.22.2.0                                                  11/05/2020  12:20:06  PAGE 11


  +--> ?PR?_WR_EEPROM?EEPROM

?PR?PROG_USE_LPR?PROG                            -----    -----      -----    -----      0046H    000CH
  +--> ?PR?_RD_EEPROM?EEPROM
  +--> ?CO?PROG
  +--> ?PR?PRINTF?PRINTF
  +--> ?PR?_INGRESADATO?PROG
  +--> ?PR?_ATOI?ATOI
  +--> ?PR?_WR_EEPROM?EEPROM

?PR?TIPO_PANTALLA?PROG                           -----    -----      -----    -----      0046H    000CH
  +--> ?PR?_RD_EEPROM?EEPROM
  +--> ?CO?PROG
  +--> ?PR?PRINTF?PRINTF
  +--> ?PR?_INGRESADATO?PROG
  +--> ?PR?_ATOI?ATOI
  +--> ?PR?_WR_EEPROM?EEPROM

?PR?PROG_TARJETA_AUTOMATICA_O_BOTON?PROG         -----    -----      -----    -----      0046H    000CH
  +--> ?PR?_RD_EEPROM?EEPROM
  +--> ?CO?PROG
  +--> ?PR?PRINTF?PRINTF
  +--> ?PR?_INGRESADATO?PROG
  +--> ?PR?_ATOI?ATOI
  +--> ?PR?_WR_EEPROM?EEPROM

?PR?PROG_ANTIPASSBACK?PROG                       -----    -----      -----    -----      0046H    000CH
  +--> ?PR?_RD_EEPROM?EEPROM
  +--> ?CO?PROG
  +--> ?PR?PRINTF?PRINTF
  +--> ?PR?_INGRESADATO?PROG
  +--> ?PR?_ATOI?ATOI
  +--> ?PR?_WR_EEPROM?EEPROM

?PR?PROG_PLACA?PROG                              -----    -----      -----    -----      0046H    000CH
  +--> ?PR?_RD_EEPROM?EEPROM
  +--> ?CO?PROG
  +--> ?PR?PRINTF?PRINTF
  +--> ?PR?_INGRESADATO?PROG
  +--> ?PR?_ATOI?ATOI
  +--> ?PR?_WR_EEPROM?EEPROM

?PR?PROG_ADDRESS_HIGH_BOARD?PROG                 -----    -----      -----    -----      0046H    000CH
  +--> ?PR?_RD_EEPROM?EEPROM
  +--> ?CO?PROG
  +--> ?PR?PRINTF?PRINTF
  +--> ?PR?_INGRESADATO?PROG
  +--> ?PR?_ATOI?ATOI
  +--> ?PR?_WR_EEPROM?EEPROM

?PR?PROG_HORARIOS?PROG                           -----    -----      -----    -----      0046H    001BH
  +--> ?PR?ADDR_HORARIOS?PROG
  +--> ?CO?PROG
  +--> ?PR?PRINTF?PRINTF
  +--> ?PR?_INGRESADATO?PROG
  +--> ?PR?_ATOI?ATOI
  +--> ?PR?_PROG_HORARIOS_ON_OFF?PROG
BL51 BANKED LINKER/LOCATER V6.22.2.0                                                  11/05/2020  12:20:06  PAGE 12


  +--> ?PR?_WR_EEPROM?EEPROM
  +--> ?PR?_PROG_HORARIO_DIAS?PROG
  +--> ?PR?_PROG_HORARIO_DESDE_HASTA?PROG
  +--> ?PR?_RD_EEPROM?EEPROM

?PR?ADDR_HORARIOS?PROG                           -----    -----      -----    -----      0074H    000BH

?PR?_PROG_HORARIOS_ON_OFF?PROG                   -----    -----      -----    -----      0061H    0010H
  +--> ?PR?_RD_EEPROM?EEPROM
  +--> ?CO?PROG
  +--> ?PR?PRINTF?PRINTF
  +--> ?PR?_INGRESADATO?PROG
  +--> ?PR?_ATOI?ATOI
  +--> ?PR?_WR_EEPROM?EEPROM

?PR?_PROG_HORARIO_DIAS?PROG                      -----    -----      -----    -----      0061H    000FH
  +--> ?CO?PROG
  +--> ?PR?PRINTF?PRINTF
  +--> ?PR?_INGRESADATO?PROG
  +--> ?PR?_WR_EEPROM?EEPROM
  +--> ?PR?_RD_EEPROM?EEPROM

?PR?_PROG_HORARIO_DESDE_HASTA?PROG               -----    -----      -----    -----      0061H    000CH
  +--> ?CO?PROG
  +--> ?PR?PRINTF?PRINTF
  +--> ?PR?_INGRESADATO?PROG
  +--> ?PR?_WR_EEPROM?EEPROM
  +--> ?PR?_RD_EEPROM?EEPROM

?PR?PROG_VALIDAR_TIPO_VEHICULO_MENSUA...         -----    -----      -----    -----      0046H    000CH
  +--> ?PR?_RD_EEPROM?EEPROM
  +--> ?CO?PROG
  +--> ?PR?PRINTF?PRINTF
  +--> ?PR?_INGRESADATO?PROG
  +--> ?PR?_ATOI?ATOI
  +--> ?PR?_WR_EEPROM?EEPROM

?PR?PROG_APB_MENSUAL?PROG                        -----    -----      -----    -----      0046H    000CH
  +--> ?PR?_RD_EEPROM?EEPROM
  +--> ?CO?PROG
  +--> ?PR?PRINTF?PRINTF
  +--> ?PR?_INGRESADATO?PROG
  +--> ?PR?_ATOI?ATOI
  +--> ?PR?_WR_EEPROM?EEPROM

?PR?VER_PROG?PROG                                -----    -----      -----    -----      0046H    0013H
  +--> ?PR?_RD_EEPROM?EEPROM
  +--> ?CO?PROG
  +--> ?PR?PRINTF?PRINTF
  +--> ?PR?VER_HORARIO?PROG
  +--> ?PR?_LEERMEMORIA?EEPROM
  +--> ?PR?_HEX_ASCII?CLOCK

?PR?VER_HORARIO?PROG                             -----    -----      -----    -----      0059H    001BH
  +--> ?PR?ADDR_HORARIOS?PROG
  +--> ?CO?PROG
  +--> ?PR?PRINTF?PRINTF
BL51 BANKED LINKER/LOCATER V6.22.2.0                                                  11/05/2020  12:20:06  PAGE 13


  +--> ?PR?_RD_EEPROM?EEPROM
  +--> ?PR?_VER_HORARIO_DIAS?PROG
  +--> ?PR?_VER_HORARIO_DESDE_HASTA?PROG

?PR?_VER_HORARIO_DIAS?PROG                       -----    -----      -----    -----      0074H    0003H
  +--> ?PR?_RD_EEPROM?EEPROM
  +--> ?CO?PROG
  +--> ?PR?PRINTF?PRINTF

?PR?_VER_HORARIO_DESDE_HASTA?PROG                -----    -----      -----    -----      0074H    0002H
  +--> ?CO?PROG
  +--> ?PR?PRINTF?PRINTF
  +--> ?PR?_RD_EEPROM?EEPROM

?PR?_HEX_ASCII?CLOCK                             -----    -----      -----    -----      005DH    0006H
  +--> ?PR?_HEX_BCD?CLOCK

?PR?SHOW?PROG                                    -----    -----      -----    -----      -----    -----
  +--> ?CO?PROG
  +--> ?PR?PRINTF?PRINTF

?PR?PROG_FECHA_VENCIMIENTO?PROG                  -----    -----      -----    -----      0046H    0017H
  +--> ?PR?_LEERMEMORIA?EEPROM
  +--> ?PR?_HEX_ASCII?CLOCK
  +--> ?CO?PROG
  +--> ?PR?PRINTF?PRINTF
  +--> ?PR?_HASH_ID?PROG
  +--> ?PR?_INGRESADATO?PROG
  +--> ?PR?_GETCMD?PROG
  +--> ?PR?_ESCRIBIRMEMORIA?EEPROM
  +--> ?PR?_VALIDARCLAVE?PROG
  +--> ?PR?_ATOI?ATOI
  +--> ?PR?_WR_EEPROM?EEPROM

?PR?VARIABLE_INICIO?MAIN                         -----    -----      -----    -----      -----    -----
  +--> ?PR?_RD_EEPROM?EEPROM

?PR?SECUENCIA_INICIO_EXPEDIDOR?VERIFI...         -----    -----      -----    -----      0001H    0001H
  +--> ?PR?_INICIALIZA?LINTECH
  +--> ?PR?TRAMA_VALIDACION_P_N?VERIFICADOR
  +--> ?CO?VERIFICADOR
  +--> ?PR?_DEBUG_TXT_TIBBO?TIBBO
  +--> ?PR?_DEBUGBUFFERMF?TIBBO
  +--> ?PR?DWLOAD_EEPROM?LINTECH

?PR?_INICIALIZA?LINTECH                          -----    -----      -----    -----      0002H    000CH
  +--> ?CO?LINTECH
  +--> ?PR?_DEBUG_TXT_TIBBO?TIBBO
  +--> ?PR?_DEBUGBUFFERMF?TIBBO
  +--> ?PR?_ESCRIBIRCADENASOFT_BUFFER?MAIN

?PR?_DEBUG_TXT_TIBBO?TIBBO                       -----    -----      -----    -----      0037H    0004H
  +--> ?PR?_DEBUG_CHR_TIBBO?TIBBO
  +--> ?CO?TIBBO
  +--> ?PR?_TX_AUX?TIBBO

?PR?_DEBUG_CHR_TIBBO?TIBBO                       -----    -----      -----    -----      -----    -----
BL51 BANKED LINKER/LOCATER V6.22.2.0                                                  11/05/2020  12:20:06  PAGE 14


  +--> ?PR?_TX_AUX?TIBBO

?PR?_DEBUGBUFFERMF?TIBBO                         -----    -----      -----    -----      0027H    0006H
  +--> ?CO?TIBBO
  +--> ?PR?_DEBUG_TXT_TIBBO?TIBBO
  +--> ?PR?_DEBUG_CHR_TIBBO?TIBBO
  +--> ?PR?_TX_AUX?TIBBO

?PR?_ESCRIBIRCADENASOFT_BUFFER?MAIN              -----    -----      -----    -----      0027H    0006H
  +--> ?PR?_PUTCHAR?MAIN

?PR?TRAMA_VALIDACION_P_N?VERIFICADOR             -----    -----      -----    -----      -----    -----
  +--> ?CO?VERIFICADOR
  +--> ?PR?_DEBUG_TXT_TIBBO?TIBBO

?PR?DWLOAD_EEPROM?LINTECH                        -----    -----      -----    -----      0002H    0016H
  +--> ?CO?LINTECH
  +--> ?PR?_DEBUG_TXT_TIBBO?TIBBO
  +--> ?PR?_DEBUGBUFFERMF?TIBBO
  +--> ?PR?_ESCRIBIRCADENASOFT_BUFFER?MAIN

?PR?RX_MONITOR?MONITOR                           -----    -----      -----    -----      0009H    000DH
  +--> ?PR?_RECIBE_CMD_MONITOR?MONITOR
  +--> ?PR?_DEBUG_MONITOR?TIBBO
  +--> ?PR?_VALIDA_TRAMA_MONITOR?MONITOR

?PR?_RECIBE_CMD_MONITOR?MONITOR                  -----    -----      -----    -----      0016H    0009H
  +--> ?PR?RX_DATA?TIBBO

?PR?RX_DATA?TIBBO                                -----    -----      -----    -----      -----    -----
  +--> ?PR?TIME_MBIT?TIBBO
  +--> ?PR?TIME_BIT?TIBBO

?PR?_DEBUG_MONITOR?TIBBO                         -----    -----      -----    -----      0016H    0004H
  +--> ?PR?DEBUG_DIVIDIR_TEXTO?TIBBO
  +--> ?CO?TIBBO
  +--> ?PR?_DEBUG_TXT_TIBBO?TIBBO

?PR?DEBUG_DIVIDIR_TEXTO?TIBBO                    -----    -----      -----    -----      -----    -----
  +--> ?CO?TIBBO
  +--> ?PR?_DEBUG_TXT_TIBBO?TIBBO

?PR?_VALIDA_TRAMA_MONITOR?MONITOR                -----    -----      -----    -----      0016H    0003H

?PR?_SECUENCIAEXPEDIDORMF?VERIFICADOR            -----    -----      -----    -----      0001H    0001H
  +--> ?PR?_CHECK_STATUS?LINTECH
  +--> ?PR?_LOAD_SECUENCIA_EXPEDIDOR?VERIFIC...
  +--> ?PR?_RTA_CMD_TRANSPORTE?VERIFICADOR
  +--> ?PR?_MOV_CARD?LINTECH
  +--> ?PR?_CARD_INSERCION?LINTECH
  +--> ?PR?AUT_CARD_CHECK_STATUS?LINTECH
  +--> ?PR?LOADVERIFY_EEPROM?LINTECH
  +--> ?PR?_RD_MF?LINTECH
  +--> ?PR?_WR_MF?LINTECH
  +--> ?PR?DWLOAD_EEPROM?LINTECH
  +--> ?PR?ENTREGA_CARD_CAPTURA?VERIFICADOR
  +--> ?PR?_SEND_PTO_PARALELO?VERIFICADOR
BL51 BANKED LINKER/LOCATER V6.22.2.0                                                  11/05/2020  12:20:06  PAGE 15


  +--> ?PR?_WAIT_PLACA?VERIFICADOR
  +--> ?PR?UNIQUE_IDENTIFIER_UID?LINTECH
  +--> ?PR?_PREGUNTA_LPR?VERIFICADOR
  +--> ?PR?_VALIDA_TIPO_TARJETA?VERIFICADOR
  +--> ?PR?POWER_OFF?LINTECH
  +--> ?PR?CLAVE_SEGURIDAD_S2?LINTECH
  +--> ?PR?RESPONDE_ESTADO_SENSORES_TRANSPOR...
  +--> ?PR?RESPONDE_TIPO_TARJETA?VERIFICADOR
  +--> ?PR?_RESPONDE_LECTURA_TARJETA_SECTOR1...
  +--> ?PR?_RESPONDE_LECTURA_TARJETA_SECTOR1...
  +--> ?PR?_RESPONDE_LECTURA_TARJETA_SECTOR1...
  +--> ?PR?_RESPONDE_WRITE_TARJETA_SECTOR1_B...
  +--> ?PR?_RESPONDE_WRITE_TARJETA_SECTOR2_B...
  +--> ?PR?_RESPONDE_WRITE_TARJETA_SECTOR1_B...
  +--> ?PR?_RESPONDE_WRITE_TARJETA_SECTOR1_B...
  +--> ?PR?_DISPARO_LOCK_ENTRADA_VEHICULO?VE...
  +--> ?PR?_RESPUESTA_SEGUNDA_CLAVE?VERIFICADOR
  +--> ?PR?ANALIZA_PRESENCIA_MENSUAL?VERIFIC...
  +--> ?PR?_ANALIZA_UID_CARD?VERIFICADOR
  +--> ?PR?ANALIZA_PRESENCIA_ROTACION?VERIFI...
  +--> ?CO?VERIFICADOR
  +--> ?PR?_DEBUG_TXT_TIBBO?TIBBO

?PR?_CHECK_STATUS?LINTECH                        -----    -----      -----    -----      0002H    000BH
  +--> ?CO?LINTECH
  +--> ?PR?_DEBUG_TXT_TIBBO?TIBBO
  +--> ?PR?_DEBUGBUFFERMF?TIBBO
  +--> ?PR?_ESCRIBIRCADENASOFT_BUFFER?MAIN

?PR?_LOAD_SECUENCIA_EXPEDIDOR?VERIFIC...         -----    -----      -----    -----      0002H    0009H

?PR?_RTA_CMD_TRANSPORTE?VERIFICADOR              -----    -----      -----    -----      0002H    0005H
  +--> ?PR?TRAMA_VALIDACION_P_N?VERIFICADOR
  +--> ?CO?VERIFICADOR
  +--> ?PR?_DEBUG_TXT_TIBBO?TIBBO
  +--> ?PR?_DEBUGBUFFERMF?TIBBO
  +--> ?PR?ERROR_RX_PTO?VERIFICADOR

?PR?ERROR_RX_PTO?VERIFICADOR                     -----    -----      -----    -----      0007H    0001H
  +--> ?CO?VERIFICADOR
  +--> ?PR?_DEBUG_TXT_TIBBO?TIBBO
  +--> ?PR?_DEBUG_CHR_TIBBO?TIBBO
  +--> ?PR?_DELAY_10MS?DELAY

?PR?_DELAY_10MS?DELAY                            -----    -----      -----    -----      0008H    0004H
  +--> ?PR?_DELAY_1MS?DELAY

?PR?_MOV_CARD?LINTECH                            -----    -----      -----    -----      0002H    000CH
  +--> ?CO?LINTECH
  +--> ?PR?_DEBUG_TXT_TIBBO?TIBBO
  +--> ?PR?_DEBUGBUFFERMF?TIBBO
  +--> ?PR?_ESCRIBIRCADENASOFT_BUFFER?MAIN

?PR?_CARD_INSERCION?LINTECH                      -----    -----      -----    -----      0002H    000AH
  +--> ?CO?LINTECH
  +--> ?PR?_DEBUG_TXT_TIBBO?TIBBO
  +--> ?PR?_DEBUGBUFFERMF?TIBBO
BL51 BANKED LINKER/LOCATER V6.22.2.0                                                  11/05/2020  12:20:06  PAGE 16


  +--> ?PR?_ESCRIBIRCADENASOFT_BUFFER?MAIN

?PR?AUT_CARD_CHECK_STATUS?LINTECH                -----    -----      -----    -----      0002H    000BH
  +--> ?CO?LINTECH
  +--> ?PR?_DEBUG_TXT_TIBBO?TIBBO
  +--> ?PR?_DEBUGBUFFERMF?TIBBO
  +--> ?PR?_ESCRIBIRCADENASOFT_BUFFER?MAIN

?PR?LOADVERIFY_EEPROM?LINTECH                    -----    -----      -----    -----      0002H    0010H
  +--> ?CO?LINTECH
  +--> ?PR?_DEBUG_TXT_TIBBO?TIBBO
  +--> ?PR?_DEBUGBUFFERMF?TIBBO
  +--> ?PR?_ESCRIBIRCADENASOFT_BUFFER?MAIN

?PR?_RD_MF?LINTECH                               -----    -----      -----    -----      0002H    0012H
  +--> ?CO?LINTECH
  +--> ?PR?_DEBUG_TXT_TIBBO?TIBBO
  +--> ?PR?_DEBUG_CHR_TIBBO?TIBBO
  +--> ?PR?_DEBUGBUFFERMF?TIBBO
  +--> ?PR?_ESCRIBIRCADENASOFT_BUFFER?MAIN

?PR?_WR_MF?LINTECH                               -----    -----      -----    -----      0002H    0025H
  +--> ?CO?LINTECH
  +--> ?PR?_DEBUG_TXT_TIBBO?TIBBO
  +--> ?PR?_DEBUG_CHR_TIBBO?TIBBO
  +--> ?PR?_DEBUGBUFFERMF?TIBBO
  +--> ?PR?_ESCRIBIRCADENASOFT_BUFFER?MAIN

?PR?ENTREGA_CARD_CAPTURA?VERIFICADOR             -----    -----      -----    -----      0002H    0001H
  +--> ?CO?VERIFICADOR
  +--> ?PR?_DEBUG_TXT_TIBBO?TIBBO
  +--> ?PR?SEL_SENSOR2?IO_SENSORES
  +--> ?PR?VALIDASENSOR?IO_SENSORES
  +--> ?PR?VALIDA_SENSOR1_AUTO?IO_SENSORES

?PR?VALIDA_SENSOR1_AUTO?IO_SENSORES              -----    -----      -----    -----      0011H    0001H
  +--> ?PR?SEL_SENSOR1?IO_SENSORES
  +--> ?PR?SEL_AUTO?IO_SENSORES
  +--> ?CO?IO_SENSORES
  +--> ?PR?_DEBUG_TXT_TIBBO?TIBBO

?PR?_SEND_PTO_PARALELO?VERIFICADOR               -----    -----      -----    -----      0002H    0004H
  +--> ?PR?_ARMAR_TRAMA_PTO_PARALELO_EXPEDID...
  +--> ?PR?_ARMAR_TRAMA_PTO_PARALELO_EXPEDID...
  +--> ?PR?INCREMENTE_TICKET?EEPROM
  +--> ?PR?_SEND_PORT?PTO_PARALELO
  +--> ?CO?VERIFICADOR
  +--> ?PR?_DEBUG_TXT_TIBBO?TIBBO
  +--> ?PR?_DEBUGBUFFERMF?TIBBO
  +--> ?PR?CLEAR_PLACA?MONITOR

?PR?_ARMAR_TRAMA_PTO_PARALELO_EXPEDID...         -----    -----      -----    -----      0006H    0006H
  +--> ?PR?_BLOCK_READ_CLOCK_HEX?CLOCK
  +--> ?PR?_RD_EEPROM?EEPROM

?PR?_ARMAR_TRAMA_PTO_PARALELO_EXPEDID...         -----    -----      -----    -----      0006H    000FH
  +--> ?PR?LEE_NO_TICKET?EEPROM
BL51 BANKED LINKER/LOCATER V6.22.2.0                                                  11/05/2020  12:20:06  PAGE 17


  +--> ?PR?_STRCAT?STRCAT
  +--> ?PR?_STRLEN?STRLEN
  +--> ?PR?_BLOCK_READ_CLOCK_HEX?CLOCK
  +--> ?PR?_RD_EEPROM?EEPROM

?PR?LEE_NO_TICKET?EEPROM                         -----    -----      -----    -----      001DH    000BH
  +--> ?PR?READ_EEPROM_TICKET?EEPROM
  +--> ?CO?EEPROM
  +--> ?PR?PRINTF?PRINTF
  +--> ?PR?_STRLEN?STRLEN
  +--> ?PR?_DEBUG_TXT_TIBBO?TIBBO

?PR?READ_EEPROM_TICKET?EEPROM                    -----    -----      -----    -----      0028H    0007H
  +--> ?PR?_RD_EEPROM?EEPROM

?PR?INCREMENTE_TICKET?EEPROM                     -----    -----      -----    -----      0006H    000BH
  +--> ?PR?READ_EEPROM_TICKET?EEPROM
  +--> ?CO?EEPROM
  +--> ?PR?PRINTF?PRINTF
  +--> ?PR?_WRITE_EEPROM_TICKET?EEPROM

?PR?_WRITE_EEPROM_TICKET?EEPROM                  -----    -----      -----    -----      0015H    000BH
  +--> ?CO?EEPROM
  +--> ?PR?_DEBUG_TXT_TIBBO?TIBBO
  +--> ?PR?_ATOL?ATOL
  +--> ?PR?_DEBUG_CHR_TIBBO?TIBBO
  +--> ?PR?_WR_EEPROM?EEPROM

?PR?_ATOL?ATOL                                   0020H.0  0000H.1    -----    -----      0020H    0007H
  +--> ?PR?_ISSPACE?ISSPACE
  +--> ?PR?_ISDIGIT?ISDIGIT

?PR?_SEND_PORT?PTO_PARALELO                      -----    -----      -----    -----      0015H    000AH
  +--> ?PR?PULSO_BUS?PTO_PARALELO
  +--> ?PR?_DELAY_20US?DELAY

?PR?PULSO_BUS?PTO_PARALELO                       -----    -----      -----    -----      -----    -----
  +--> ?PR?_DELAY_20US?DELAY

?PR?_WAIT_PLACA?VERIFICADOR                      -----    -----      -----    -----      0002H    0007H
  +--> ?CO?VERIFICADOR
  +--> ?PR?_DEBUG_TXT_TIBBO?TIBBO
  +--> ?PR?RX_MONITOR?MONITOR
  +--> ?PR?_RESPUESTA_PLACA_CANCEL?VERIFICADOR

?PR?_RESPUESTA_PLACA_CANCEL?VERIFICADOR          -----    -----      -----    -----      0009H    000AH
  +--> ?CO?VERIFICADOR
  +--> ?PR?_DEBUG_TXT_TIBBO?TIBBO
  +--> ?PR?_ARMAR_TRAMA_TARJETA_SECTOR1_BLOQ...

?PR?_ARMAR_TRAMA_TARJETA_SECTOR1_BLOQ...         -----    -----      -----    -----      0013H    0004H
  +--> ?PR?CLEAR_PLACA?MONITOR
  +--> ?PR?_RD_EEPROM?EEPROM

?PR?UNIQUE_IDENTIFIER_UID?LINTECH                -----    -----      -----    -----      0002H    000BH
  +--> ?CO?LINTECH
  +--> ?PR?_DEBUG_TXT_TIBBO?TIBBO
BL51 BANKED LINKER/LOCATER V6.22.2.0                                                  11/05/2020  12:20:06  PAGE 18


  +--> ?PR?_DEBUGBUFFERMF?TIBBO
  +--> ?PR?_ESCRIBIRCADENASOFT_BUFFER?MAIN

?PR?_PREGUNTA_LPR?VERIFICADOR                    -----    -----      -----    -----      0002H    0004H
  +--> ?PR?_RD_EEPROM?EEPROM
  +--> ?PR?_ARMAR_TRAMA_MONITOR?VERIFICADOR
  +--> ?PR?_DEBUG_TXT_TIBBO?TIBBO

?PR?_ARMAR_TRAMA_MONITOR?VERIFICADOR             -----    -----      -----    -----      0006H    000FH
  +--> ?PR?DIR_BOARD_MONITOR?IO_SENSORES
  +--> ?PR?LEE_NO_TICKET?EEPROM
  +--> ?PR?_STRCAT?STRCAT
  +--> ?PR?_BYTEHEX_DECIMAL?CLOCK
  +--> ?PR?_STRLEN?STRLEN
  +--> ?PR?_TWO_BYTEHEX_DECIMAL?CLOCK
  +--> ?PR?_BLOCK_READ_CLOCK_ASCII?CLOCK

?PR?DIR_BOARD_MONITOR?IO_SENSORES                -----    -----      -----    -----      -----    -----
  +--> ?PR?_RD_EEPROM?EEPROM

?PR?_BYTEHEX_DECIMAL?CLOCK                       -----    -----      -----    -----      0015H    0001H

?PR?_TWO_BYTEHEX_DECIMAL?CLOCK                   -----    -----      -----    -----      0015H    000CH
  +--> ?PR?_POW?POW

?PR?_POW?POW                                     -----    -----      -----    -----      0021H    000AH
  +--> ?PR?LOG?LOG
  +--> ?PR?EXP?EXP

?PR?LOG?LOG                                      0020H.0  0000H.1    -----    -----      002BH    0004H

?PR?_VALIDA_TIPO_TARJETA?VERIFICADOR             -----    -----      -----    -----      0002H    0007H
  +--> ?CO?VERIFICADOR
  +--> ?PR?_DEBUG_TXT_TIBBO?TIBBO
  +--> ?PR?_RD_EEPROM?EEPROM
  +--> ?PR?_TARJETA_MENSUAL?VERIFICADOR
  +--> ?PR?_SEND_PORTERR?PTO_PARALELO
  +--> ?PR?_PANTALLALCD?PANTALLAS
  +--> ?PR?CAPTURA_EXPULSA?VERIFICADOR
  +--> ?PR?_TARJETA_ROTACION?VERIFICADOR

?PR?_TARJETA_MENSUAL?VERIFICADOR                 -----    -----      -----    -----      0009H    0007H
  +--> ?PR?_HORARIOS?VERIFICADOR
  +--> ?PR?_CHECK_FECHAOUT?CLOCK
  +--> ?PR?_VALIDA_VEHICULO_CARD_MENSUAL?VER...
  +--> ?PR?CAPTURA_EXPULSA?VERIFICADOR
  +--> ?CO?VERIFICADOR
  +--> ?PR?_DEBUG_TXT_TIBBO?TIBBO
  +--> ?PR?_ARMAR_TRAMA_TARJETA_SECTOR1_BLOQ...
  +--> ?PR?_SEND_PORTERR?PTO_PARALELO
  +--> ?PR?_PANTALLALCD?PANTALLAS

?PR?_HORARIOS?VERIFICADOR                        -----    -----      -----    -----      0010H    0013H
  +--> ?PR?ADDR_HORARIOS?PROG
  +--> ?PR?_RD_EEPROM?EEPROM
  +--> ?PR?_LEE_CLK?CLOCK
  +--> ?CO?VERIFICADOR
BL51 BANKED LINKER/LOCATER V6.22.2.0                                                  11/05/2020  12:20:06  PAGE 19


  +--> ?PR?_DEBUG_TXT_TIBBO?TIBBO
  +--> ?PR?_DEBUG_CHR_TIBBO?TIBBO
  +--> ?PR?_BLOQUE_HORARIO?VERIFICADOR
  +--> ?PR?_PANTALLALCD?PANTALLAS

?PR?_BLOQUE_HORARIO?VERIFICADOR                  -----    -----      -----    -----      0023H    0007H
  +--> ?CO?VERIFICADOR
  +--> ?PR?_DEBUG_TXT_TIBBO?TIBBO
  +--> ?PR?_LEE_CLK?CLOCK
  +--> ?PR?_DEBUG_CHR_TIBBO?TIBBO
  +--> ?PR?_HORA_MAXIMA?VERIFICADOR
  +--> ?PR?_EN_HORARIO?VERIFICADOR
  +--> ?PR?_RD_EEPROM?EEPROM
  +--> ?PR?_SEND_PORTERR?PTO_PARALELO
  +--> ?PR?_PANTALLALCD?PANTALLAS

?PR?_HORA_MAXIMA?VERIFICADOR                     -----    -----      -----    -----      002FH    0008H
  +--> ?PR?_RD_EEPROM?EEPROM
  +--> ?PR?_DEBUG_CHR_TIBBO?TIBBO
  +--> ?CO?VERIFICADOR
  +--> ?PR?_DEBUG_TXT_TIBBO?TIBBO

?PR?_EN_HORARIO?VERIFICADOR                      -----    -----      -----    -----      002AH    0005H
  +--> ?CO?VERIFICADOR
  +--> ?PR?_DEBUG_TXT_TIBBO?TIBBO
  +--> ?PR?_HORA_MAXIMA?VERIFICADOR

?PR?_SEND_PORTERR?PTO_PARALELO                   -----    -----      -----    -----      002AH    0006H
  +--> ?PR?PULSO_BUS?PTO_PARALELO
  +--> ?PR?_DELAY_20US?DELAY

?PR?_PANTALLALCD?PANTALLAS                       -----    -----      -----    -----      002AH    000AH
  +--> ?CO?PANTALLAS
  +--> ?PR?_INIT_MEMPOOL?INIT_MEM
  +--> ?PR?_MALLOC?MALLOC
  +--> ?PR?_LCD_TXT?PANTALLAS
  +--> ?PR?_STRLEN?STRLEN
  +--> ?PR?_TX_CHRLCD?PANTALLAS
  +--> ?PR?_RASPBERRY_DATA?PANTALLAS
  +--> ?PR?_FREE?FREE

?PR?_MALLOC?MALLOC                               -----    -----      -----    -----      0034H    0006H

?PR?_LCD_TXT?PANTALLAS                           -----    -----      -----    -----      0034H    0005H
  +--> ?PR?_TX_CHRLCD?PANTALLAS

?PR?_TX_CHRLCD?PANTALLAS                         -----    -----      -----    -----      0039H    0002H
  +--> ?PR?_PUTCHAR?MAIN

?PR?_RASPBERRY_DATA?PANTALLAS                    -----    -----      -----    -----      0034H    0006H
  +--> ?PR?_STRLEN?STRLEN
  +--> ?PR?_PUTCHAR?MAIN

?PR?_FREE?FREE                                   -----    -----      -----    -----      0034H    0006H

?PR?_VALIDA_VEHICULO_CARD_MENSUAL?VER...         -----    -----      -----    -----      0010H    0004H
  +--> ?CO?VERIFICADOR
BL51 BANKED LINKER/LOCATER V6.22.2.0                                                  11/05/2020  12:20:06  PAGE 20


  +--> ?PR?_DEBUG_TXT_TIBBO?TIBBO
  +--> ?PR?_RD_EEPROM?EEPROM
  +--> ?PR?_SEND_PORTERR?PTO_PARALELO

?PR?_ARMAR_TRAMA_TARJETA_SECTOR1_BLOQ...         -----    -----      -----    -----      0010H    0006H
  +--> ?PR?_BLOCK_READ_CLOCK_HEX?CLOCK
  +--> ?PR?DIR_BOARD?IO_SENSORES

?PR?DIR_BOARD?IO_SENSORES                        -----    -----      -----    -----      0032H    0001H
  +--> ?PR?SEL_DIR1?IO_SENSORES
  +--> ?PR?SEL_DIR2?IO_SENSORES
  +--> ?PR?_RD_EEPROM?EEPROM

?PR?_TARJETA_ROTACION?VERIFICADOR                -----    -----      -----    -----      0009H    0006H
  +--> ?PR?_ARMAR_TRAMA_TARJETA_SECTOR1_BLOQ...

?PR?POWER_OFF?LINTECH                            -----    -----      -----    -----      0002H    000BH
  +--> ?CO?LINTECH
  +--> ?PR?_DEBUG_TXT_TIBBO?TIBBO
  +--> ?PR?_DEBUGBUFFERMF?TIBBO
  +--> ?PR?_ESCRIBIRCADENASOFT_BUFFER?MAIN

?PR?CLAVE_SEGURIDAD_S2?LINTECH                   -----    -----      -----    -----      0002H    0016H
  +--> ?CO?LINTECH
  +--> ?PR?_DEBUG_TXT_TIBBO?TIBBO
  +--> ?PR?_DEBUGBUFFERMF?TIBBO
  +--> ?PR?_ESCRIBIRCADENASOFT_BUFFER?MAIN

?PR?RESPONDE_ESTADO_SENSORES_TRANSPOR...         -----    -----      -----    -----      0002H    0001H
  +--> ?CO?VERIFICADOR
  +--> ?PR?_DEBUG_TXT_TIBBO?TIBBO
  +--> ?PR?_SEND_PORTERR?PTO_PARALELO
  +--> ?PR?INGRESO_VEHICULO?VERIFICADOR

?PR?INGRESO_VEHICULO?VERIFICADOR                 -----    -----      -----    -----      -----    -----
  +--> ?PR?VALIDASENSORESPASO?IO_SENSORES
  +--> ?PR?_RD_EEPROM?EEPROM
  +--> ?CO?VERIFICADOR
  +--> ?PR?_DEBUG_TXT_TIBBO?TIBBO
  +--> ?PR?_PANTALLALCD?PANTALLAS
  +--> ?PR?SEL_PULSA?IO_SENSORES

?PR?VALIDASENSORESPASO?IO_SENSORES               -----    -----      -----    -----      0010H    0001H
  +--> ?PR?SEL_SENSOR2?IO_SENSORES
  +--> ?PR?VALIDASENSOR?IO_SENSORES
  +--> ?PR?VALIDA_SENSOR1_AUTO?IO_SENSORES
  +--> ?CO?IO_SENSORES
  +--> ?PR?_DEBUG_TXT_TIBBO?TIBBO

?PR?RESPONDE_TIPO_TARJETA?VERIFICADOR            -----    -----      -----    -----      0002H    0001H
  +--> ?CO?VERIFICADOR
  +--> ?PR?_DEBUG_TXT_TIBBO?TIBBO
  +--> ?PR?_SEND_PORTERR?PTO_PARALELO
  +--> ?PR?_PANTALLALCD?PANTALLAS
  +--> ?PR?CAPTURA_EXPULSA?VERIFICADOR

?PR?_RESPONDE_LECTURA_TARJETA_SECTOR1...         -----    -----      -----    -----      0002H    0016H
BL51 BANKED LINKER/LOCATER V6.22.2.0                                                  11/05/2020  12:20:06  PAGE 21


  +--> ?CO?VERIFICADOR
  +--> ?PR?_DEBUG_TXT_TIBBO?TIBBO
  +--> ?PR?_DEBUGBUFFERMF?TIBBO
  +--> ?PR?_RD_EEPROM?EEPROM
  +--> ?PR?_DEBUG_HEXDEC?TIBBO
  +--> ?PR?_DEBUG_CHR_TIBBO?TIBBO
  +--> ?PR?_SEND_PORTERR?PTO_PARALELO
  +--> ?PR?_PANTALLALCD?PANTALLAS
  +--> ?PR?CAPTURA_EXPULSA?VERIFICADOR

?PR?_DEBUG_HEXDEC?TIBBO                          -----    -----      -----    -----      0018H    0002H
  +--> ?PR?_TX_AUX?TIBBO

?PR?_RESPONDE_LECTURA_TARJETA_SECTOR1...         -----    -----      -----    -----      0002H    0004H
  +--> ?CO?VERIFICADOR
  +--> ?PR?_DEBUG_TXT_TIBBO?TIBBO
  +--> ?PR?CAPTURA_EXPULSA?VERIFICADOR

?PR?_RESPONDE_LECTURA_TARJETA_SECTOR1...         -----    -----      -----    -----      0002H    0015H
  +--> ?CO?VERIFICADOR
  +--> ?PR?_DEBUG_TXT_TIBBO?TIBBO
  +--> ?PR?_DEBUGBUFFERMF?TIBBO
  +--> ?PR?_DEBUG_CHR_TIBBO?TIBBO
  +--> ?PR?CAPTURA_EXPULSA?VERIFICADOR

?PR?_RESPONDE_WRITE_TARJETA_SECTOR1_B...         -----    -----      -----    -----      0002H    0007H
  +--> ?CO?VERIFICADOR
  +--> ?PR?_DEBUG_TXT_TIBBO?TIBBO
  +--> ?PR?_DEBUGBUFFERMF?TIBBO
  +--> ?PR?_ARMAR_TRAMA_TARJETA_SECTOR1_BLOQ...

?PR?_ARMAR_TRAMA_TARJETA_SECTOR1_BLOQ...         -----    -----      -----    -----      0009H    0003H
  +--> ?PR?LEE_NO_TICKET?EEPROM

?PR?_RESPONDE_WRITE_TARJETA_SECTOR2_B...         -----    -----      -----    -----      0002H    0003H
  +--> ?CO?VERIFICADOR
  +--> ?PR?_DEBUG_TXT_TIBBO?TIBBO
  +--> ?PR?_DEBUGBUFFERMF?TIBBO

?PR?_RESPONDE_WRITE_TARJETA_SECTOR1_B...         -----    -----      -----    -----      0002H    0003H
  +--> ?CO?VERIFICADOR
  +--> ?PR?_DEBUG_TXT_TIBBO?TIBBO
  +--> ?PR?_DEBUGBUFFERMF?TIBBO

?PR?_RESPONDE_WRITE_TARJETA_SECTOR1_B...         -----    -----      -----    -----      0002H    0003H
  +--> ?CO?VERIFICADOR
  +--> ?PR?_DEBUG_TXT_TIBBO?TIBBO
  +--> ?PR?_DEBUGBUFFERMF?TIBBO

?PR?_DISPARO_LOCK_ENTRADA_VEHICULO?VE...         -----    -----      -----    -----      0002H    0004H
  +--> ?CO?VERIFICADOR
  +--> ?PR?_DEBUG_TXT_TIBBO?TIBBO
  +--> ?PR?_PANTALLALCD?PANTALLAS
  +--> ?PR?_SEND_PORTERR?PTO_PARALELO
  +--> ?PR?_PANTALLALCD_LINEA_2?PANTALLAS
  +--> ?PR?VALIDA_SENSOR1_AUTO?IO_SENSORES

BL51 BANKED LINKER/LOCATER V6.22.2.0                                                  11/05/2020  12:20:06  PAGE 22


?PR?_PANTALLALCD_LINEA_2?PANTALLAS               -----    -----      -----    -----      0010H    000DH
  +--> ?CO?PANTALLAS
  +--> ?PR?_INIT_MEMPOOL?INIT_MEM
  +--> ?PR?_MALLOC?MALLOC
  +--> ?PR?_LCD_TXT?PANTALLAS
  +--> ?PR?_STRLEN?STRLEN
  +--> ?PR?_TX_CHRLCD?PANTALLAS
  +--> ?PR?_RASPBERRY_DATA?PANTALLAS
  +--> ?PR?LEE_NO_TICKET?EEPROM
  +--> ?PR?_STRCAT?STRCAT
  +--> ?PR?_FREE?FREE

?PR?_RESPUESTA_SEGUNDA_CLAVE?VERIFICADOR         -----    -----      -----    -----      0002H    0006H
  +--> ?CO?VERIFICADOR
  +--> ?PR?_DEBUG_TXT_TIBBO?TIBBO
  +--> ?PR?_DEBUGBUFFERMF?TIBBO
  +--> ?PR?_ARMAR_TRAMA_PLACA?VERIFICADOR

?PR?_ARMAR_TRAMA_PLACA?VERIFICADOR               -----    -----      -----    -----      0008H    0003H

?PR?ANALIZA_PRESENCIA_MENSUAL?VERIFIC...         -----    -----      -----    -----      0002H    0001H
  +--> ?PR?VALIDASENSORESPASO?IO_SENSORES
  +--> ?PR?_SEND_PORTERR?PTO_PARALELO
  +--> ?PR?_PANTALLALCD?PANTALLAS

?PR?_ANALIZA_UID_CARD?VERIFICADOR                -----    -----      -----    -----      0002H    0015H
  +--> ?CO?VERIFICADOR
  +--> ?PR?_DEBUG_TXT_TIBBO?TIBBO
  +--> ?PR?_DEBUGBUFFERMF?TIBBO
  +--> ?PR?_DEBUG_CHR_TIBBO?TIBBO

?PR?ANALIZA_PRESENCIA_ROTACION?VERIFI...         -----    -----      -----    -----      0002H    0001H
  +--> ?PR?VALIDASENSORESPASO?IO_SENSORES
  +--> ?PR?_SEND_PORTERR?PTO_PARALELO
  +--> ?PR?_PANTALLALCD?PANTALLAS

?PR?_RECIBE_PORT?PTO_PARALELO                    -----    -----      -----    -----      0001H    0008H
  +--> ?PR?OFF_TIMER0_INTERRUP?MAIN
  +--> ?PR?ON_TIMER0_INTERRUP?MAIN

?PR?_DEBUG_PTO_PARALELO?TIBBO                    -----    -----      -----    -----      0001H    0004H
  +--> ?PR?DEBUG_DIVIDIR_TEXTO?TIBBO
  +--> ?CO?TIBBO
  +--> ?PR?_DEBUG_TXT_TIBBO?TIBBO
  +--> ?PR?_DEBUGBUFFERMF?TIBBO

?PR?_VALIDA_TRAMA_PTO?ACCESCAN                   -----    -----      -----    -----      0001H    000FH
  +--> ?PR?_VALIDAR_CLK?CLOCK
  +--> ?PR?_BLOCK_WRITE_CLOCK_ASCII?CLOCK
  +--> ?PR?RELOJ_PANTALLA_LCD?PANTALLAS
  +--> ?PR?_PANTALLALCD?PANTALLAS
  +--> ?CO?ACCESCAN
  +--> ?PR?_DEBUG_TXT_TIBBO?TIBBO
  +--> ?PR?_BYTEHEX_DECIMAL?CLOCK
  +--> ?PR?_TWO_BYTEHEX_DECIMAL?CLOCK
  +--> ?PR?VALIDASENSORESPASO?IO_SENSORES
  +--> ?PR?_CMD_LPR_SALIDA_WIEGAND?ACCESCAN
BL51 BANKED LINKER/LOCATER V6.22.2.0                                                  11/05/2020  12:20:06  PAGE 23


  +--> ?PR?_PANTALLALCD_LINEA_2?PANTALLAS
  +--> ?PR?_GRABA_SERIE?EEPROM

?PR?_BLOCK_WRITE_CLOCK_ASCII?CLOCK               -----    -----      -----    -----      0010H    0003H
  +--> ?PR?_TWO_ONE?CLOCK
  +--> ?PR?_WR_CLK?CLOCK

?PR?_WR_CLK?CLOCK                                -----    -----      -----    -----      0013H    0002H
  +--> ?PR?_DELAY_20US?DELAY
  +--> ?PR?_EB_CLK?CLOCK

?PR?RELOJ_PANTALLA_LCD?PANTALLAS                 -----    -----      -----    -----      0010H    000DH
  +--> ?CO?PANTALLAS
  +--> ?PR?_BLOCK_READ_CLOCK?CLOCK
  +--> ?PR?_LCD_TXT_NUM_CHAR?PANTALLAS

?PR?_BLOCK_READ_CLOCK?CLOCK                      -----    -----      -----    -----      001DH    0003H
  +--> ?PR?_LEE_CLK?CLOCK

?PR?_LCD_TXT_NUM_CHAR?PANTALLAS                  -----    -----      -----    -----      001DH    0006H
  +--> ?PR?_TX_CHRLCD?PANTALLAS

?PR?_CMD_LPR_SALIDA_WIEGAND?ACCESCAN             -----    -----      -----    -----      0010H    0022H
  +--> ?PR?DIR_BOARD?IO_SENSORES
  +--> ?PR?_BLOCK_READ_CLOCK_ASCII?CLOCK
  +--> ?PR?_MONITOR_CHR?ACCESCAN

?PR?_MONITOR_CHR?ACCESCAN                        -----    -----      -----    -----      0032H    0005H
  +--> ?PR?_TX_AUX?TIBBO

?PR?_GRABA_SERIE?EEPROM                          -----    -----      -----    -----      0010H    0005H
  +--> ?CO?EEPROM
  +--> ?PR?_DEBUG_TXT_TIBBO?TIBBO
  +--> ?PR?_WRITE_EEPROM_TICKET?EEPROM
  +--> ?PR?_WR_EEPROM?EEPROM

?PR?MSJ_LCD_INFORMATIVO?IO_SENSORES              -----    -----      -----    -----      0001H    0001H
  +--> ?PR?SEL_FUNCION?IO_SENSORES
  +--> ?PR?LOAD_AND_SEND_INFO_RELOJ?PTO_PARA...
  +--> ?PR?LOAD_AND_SEND_ID_COD?PTO_PARALELO
  +--> ?PR?_RD_EEPROM?EEPROM
  +--> ?PR?_SEND_PORTERR?PTO_PARALELO

?PR?LOAD_AND_SEND_INFO_RELOJ?PTO_PARA...         -----    -----      -----    -----      0002H    000BH
  +--> ?PR?_BLOCK_READ_CLOCK?CLOCK
  +--> ?PR?_LEE_CLK?CLOCK
  +--> ?PR?_SEND_PORT?PTO_PARALELO

?PR?LOAD_AND_SEND_ID_COD?PTO_PARALELO            -----    -----      -----    -----      0002H    0013H
  +--> ?PR?_RD_EEPROM?EEPROM
  +--> ?CO?PTO_PARALELO
  +--> ?PR?PRINTF?PRINTF
  +--> ?PR?_SEND_PORT?PTO_PARALELO



SYMBOL TABLE OF MODULE:  .\Objects\expedidor_v_01_raspberry (MAIN)
BL51 BANKED LINKER/LOCATER V6.22.2.0                                                  11/05/2020  12:20:06  PAGE 24



  VALUE           TYPE          NAME
  ----------------------------------

  -------         MODULE        MAIN
  C:0000H         SYMBOL        _ICE_DUMMY_
  D:0080H         PUBLIC        P0
  D:0090H         PUBLIC        P1
  C:B2A3H         PUBLIC        timer0_int
  D:00B0H         PUBLIC        P3
  B:00A8H.7       PUBLIC        EA
  C:B6B6H         PUBLIC        off_Timer0_Interrup
  X:016AH         PUBLIC        ValTimeOutCom
  X:016BH         PUBLIC        Buffer_Rta_Lintech
  X:019DH         PUBLIC        Timer_wait
  X:019EH         PUBLIC        g_cContByteRx
  B:0080H.0       PUBLIC        rx_ip
  B:0080H.3       PUBLIC        Atascado
  C:A1E0H         PUBLIC        main
  X:019FH         PUBLIC        Timer_tivo
  C:A9F9H         PUBLIC        variable_inicio
  B:0090H.7       PUBLIC        lock
  I:0022H         PUBLIC        rbuf
  C:B6A7H         PUBLIC        on_Timer0_Interrup
  I:0054H         PUBLIC        tbuf
  B:0090H.1       PUBLIC        DataIn
  D:0089H         PUBLIC        TMOD
  X:01A1H         PUBLIC        USE_LPR
  X:01A2H         PUBLIC        Debug_Tibbo
  X:01A3H         PUBLIC        Raspberry
  X:01A4H         PUBLIC        SIN_COBRO
  X:01A6H         PUBLIC        Tipo_Vehiculo
  B:00B0H.3       PUBLIC        busy
  C:B612H         PUBLIC        ini_timer
  B:00A8H.1       PUBLIC        ET0
  B:0088H.5       PUBLIC        TF0
  D:008CH         PUBLIC        TH0
  X:01A7H         PUBLIC        ACK
  X:01A8H         PUBLIC        g_cEstadoComSoft
  D:008AH         PUBLIC        TL0
  B:0088H.4       PUBLIC        TR0
  C:B622H         PUBLIC        inicia_board
  X:01A9H         PUBLIC        T_GRACIA
  B:0080H.7       PUBLIC        sel_com
  X:01ABH         PUBLIC        STX_LINTECH
  C:B641H         PUBLIC        _getkey
  X:01ACH         PUBLIC        ETX
  C:AC49H         PUBLIC        _EscribirCadenaSoft_buffer
  B:0021H.1       PUBLIC        buffer_ready
  C:AEE5H         PUBLIC        _putchar
  B:0021H.2       PUBLIC        placa_ready
  -------         PROC          TIMER0_INT
  C:B2A3H         LINE#         16
  C:B2A9H         LINE#         19
  C:B2AFH         LINE#         20
  C:B2B4H         LINE#         21
  C:B2B4H         LINE#         22
BL51 BANKED LINKER/LOCATER V6.22.2.0                                                  11/05/2020  12:20:06  PAGE 25


  C:B2BAH         LINE#         23
  C:B2BAH         LINE#         25
  C:B2C8H         LINE#         26
  C:B2CAH         LINE#         28
  -------         ENDPROC       TIMER0_INT
  -------         PROC          INI_TIMER
  C:B612H         LINE#         31
  C:B612H         LINE#         32
  C:B612H         LINE#         34
  C:B61AH         LINE#         36
  C:B61DH         LINE#         37
  C:B61FH         LINE#         38
  C:B621H         LINE#         40
  -------         ENDPROC       INI_TIMER
  -------         PROC          ON_TIMER0_INTERRUP
  C:B6A7H         LINE#         43
  C:B6A7H         LINE#         44
  C:B6A7H         LINE#         45
  C:B6A9H         LINE#         46
  C:B6ABH         LINE#         48
  -------         ENDPROC       ON_TIMER0_INTERRUP
  -------         PROC          OFF_TIMER0_INTERRUP
  C:B6B6H         LINE#         51
  C:B6B6H         LINE#         52
  C:B6B6H         LINE#         53
  C:B6B8H         LINE#         55
  -------         ENDPROC       OFF_TIMER0_INTERRUP
  -------         PROC          _GETKEY
  -------         DO            
  D:0006H         SYMBOL        k
  -------         ENDDO         
  C:B641H         LINE#         63
  C:B641H         LINE#         64
  C:B641H         LINE#         68
  C:B641H         LINE#         69
  C:B644H         LINE#         70
  C:B644H         LINE#         71
  C:B64CH         LINE#         73
  C:B64CH         LINE#         74
  -------         ENDPROC       _GETKEY
  -------         PROC          _PUTCHAR
  X:00A7H         SYMBOL        c
  -------         DO            
  X:00A8H         SYMBOL        i
  -------         ENDDO         
  C:AEE5H         LINE#         78
  C:AEEAH         LINE#         79
  C:AEEAH         LINE#         82
  C:AEF9H         LINE#         83
  C:AEF9H         LINE#         84
  C:AF0FH         LINE#         85
  C:AF0FH         LINE#         87
  C:AF1DH         LINE#         88
  C:AF1DH         LINE#         90
  C:AF22H         LINE#         91
  -------         ENDPROC       _PUTCHAR
  -------         PROC          _ESCRIBIRCADENASOFT_BUFFER
BL51 BANKED LINKER/LOCATER V6.22.2.0                                                  11/05/2020  12:20:06  PAGE 26


  X:0027H         SYMBOL        buffer
  X:002AH         SYMBOL        tamano_cadena
  -------         DO            
  X:002BH         SYMBOL        i
  X:002CH         SYMBOL        d
  -------         ENDDO         
  C:AC49H         LINE#         95
  C:AC57H         LINE#         96
  C:AC57H         LINE#         98
  C:AC65H         LINE#         99
  C:AC65H         LINE#         100
  C:AC7CH         LINE#         101
  C:AC86H         LINE#         102
  C:AC8EH         LINE#         103
  -------         ENDPROC       _ESCRIBIRCADENASOFT_BUFFER
  -------         PROC          INICIA_BOARD
  C:B622H         LINE#         108
  C:B622H         LINE#         109
  C:B622H         LINE#         110
  C:B625H         LINE#         111
  C:B628H         LINE#         112
  C:B62BH         LINE#         113
  C:B62DH         LINE#         114
  C:B62FH         LINE#         115
  C:B631H         LINE#         117
  -------         ENDPROC       INICIA_BOARD
  -------         PROC          VARIABLE_INICIO
  C:A9F9H         LINE#         122
  C:A9F9H         LINE#         123
  C:A9F9H         LINE#         126
  C:AA0AH         LINE#         127
  C:AA1BH         LINE#         128
  C:AA29H         LINE#         129
  C:AA37H         LINE#         130
  C:AA45H         LINE#         132
  -------         ENDPROC       VARIABLE_INICIO
  -------         PROC          MAIN
  -------         DO            
  X:0141H         SYMBOL        buffer
  X:0169H         SYMBOL        Estado_Comunicacion_Secuencia_MF
  X:0000H         SYMBOL        Length_trama
  -------         ENDDO         
  C:A1E0H         LINE#         140
  C:A1E0H         LINE#         141
  C:A1E0H         LINE#         148
  C:A1E3H         LINE#         149
  C:A1E6H         LINE#         150
  C:A1E9H         LINE#         151
  C:A1ECH         LINE#         152
  C:A1EFH         LINE#         153
  C:A1F1H         LINE#         155
  C:A1F4H         LINE#         156
  C:A1FBH         LINE#         157
  C:A1FEH         LINE#         159
  C:A203H         LINE#         161
  C:A206H         LINE#         163
  C:A209H         LINE#         164
BL51 BANKED LINKER/LOCATER V6.22.2.0                                                  11/05/2020  12:20:06  PAGE 27


  C:A209H         LINE#         165
  C:A20CH         LINE#         166
  C:A20CH         LINE#         169
  C:A20FH         LINE#         170
  C:A215H         LINE#         171
  C:A21BH         LINE#         173
  C:A21BH         LINE#         174
  C:A21BH         LINE#         177
  C:A21EH         LINE#         178
  C:A21EH         LINE#         179
  C:A221H         LINE#         180
  C:A221H         LINE#         184
  C:A22EH         LINE#         189
  C:A231H         LINE#         190
  C:A231H         LINE#         192
  C:A240H         LINE#         194
  C:A249H         LINE#         196
  C:A257H         LINE#         198
  C:A257H         LINE#         199
  C:A25AH         LINE#         203
  -------         ENDPROC       MAIN
  -------         ENDMOD        MAIN

  -------         MODULE        ACCESCAN
  C:0000H         SYMBOL        _ICE_DUMMY_
  D:0080H         PUBLIC        P0
  D:0090H         PUBLIC        P1
  B:0080H.2       PUBLIC        led_err_imp
  C:ADE4H         PUBLIC        _Monitor_chr
  B:0080H.3       PUBLIC        Atascado
  B:0090H.7       PUBLIC        lock
  C:3FE3H         PUBLIC        _Valida_Trama_Pto
  C:7FA8H         PUBLIC        _Cmd_LPR_Salida_wiegand
  -------         PROC          _VALIDA_TRAMA_PTO
  X:0001H         SYMBOL        buffer
  X:0004H         SYMBOL        length_trama
  -------         DO            
  X:0267H         SYMBOL        cont
  X:0005H         SYMBOL        buff
  -------         ENDDO         
  C:3FE3H         LINE#         85
  C:3FF1H         LINE#         86
  C:3FF1H         LINE#         92
  C:4027H         LINE#         93
  C:4027H         LINE#         94
  C:403CH         LINE#         95
  C:403CH         LINE#         96
  C:404FH         LINE#         98
  C:4052H         LINE#         100
  C:4052H         LINE#         102
  C:4052H         LINE#         104
  C:4064H         LINE#         105
  C:4064H         LINE#         106
  C:406AH         LINE#         107
  C:4077H         LINE#         108
  C:4077H         LINE#         109
  C:407CH         LINE#         110
BL51 BANKED LINKER/LOCATER V6.22.2.0                                                  11/05/2020  12:20:06  PAGE 28


  C:407EH         LINE#         111
  C:4083H         LINE#         112
  C:4085H         LINE#         113
  C:4087H         LINE#         114
  C:408BH         LINE#         115
  C:408BH         LINE#         116
  C:408CH         LINE#         118
  C:40A4H         LINE#         119
  C:40A4H         LINE#         121
  C:40B1H         LINE#         122
  C:40B1H         LINE#         123
  C:40B3H         LINE#         124
  C:40B5H         LINE#         125
  C:40B7H         LINE#         126
  C:40B9H         LINE#         127
  C:40B9H         LINE#         129
  C:40DFH         LINE#         130
  C:40DFH         LINE#         131
  C:40E3H         LINE#         132
  C:40E8H         LINE#         133
  C:40F1H         LINE#         134
  C:40F6H         LINE#         135
  C:40F6H         LINE#         138
  C:40F7H         LINE#         141
  C:4109H         LINE#         142
  C:4109H         LINE#         143
  C:410BH         LINE#         144
  C:410EH         LINE#         146
  C:4120H         LINE#         147
  C:4120H         LINE#         148
  C:4122H         LINE#         149
  C:4125H         LINE#         151
  C:413FH         LINE#         152
  C:413FH         LINE#         153
  C:4141H         LINE#         154
  C:4144H         LINE#         157
  C:415EH         LINE#         158
  C:415EH         LINE#         159
  C:4160H         LINE#         160
  C:4162H         LINE#         163
  C:417CH         LINE#         164
  C:417CH         LINE#         165
  C:417EH         LINE#         166
  C:4180H         LINE#         170
  C:419AH         LINE#         171
  C:419AH         LINE#         172
  C:419CH         LINE#         173
  C:419EH         LINE#         176
  C:41B8H         LINE#         177
  C:41B8H         LINE#         178
  C:41BAH         LINE#         179
  C:41BCH         LINE#         181
  C:41D6H         LINE#         182
  C:41D6H         LINE#         183
  C:41DBH         LINE#         184
  C:41DBH         LINE#         186
  C:420BH         LINE#         187
BL51 BANKED LINKER/LOCATER V6.22.2.0                                                  11/05/2020  12:20:06  PAGE 29


  C:420BH         LINE#         188
  C:4219H         LINE#         189
  C:421CH         LINE#         192
  C:425FH         LINE#         193
  C:425FH         LINE#         195
  C:4274H         LINE#         196
  C:427AH         LINE#         197
  C:42A4H         LINE#         200
  C:42ACH         LINE#         201
  C:42ACH         LINE#         204
  C:42B3H         LINE#         205
  C:42B3H         LINE#         206
  C:42B8H         LINE#         207
  C:42B8H         LINE#         208
  C:42BAH         LINE#         210
  C:42BAH         LINE#         211
  C:42C3H         LINE#         212
  C:42CBH         LINE#         213
  C:42CBH         LINE#         218
  C:42CDH         LINE#         221
  C:42CDH         LINE#         224
  C:42D4H         LINE#         225
  C:42D4H         LINE#         226
  C:42D9H         LINE#         227
  C:42D9H         LINE#         228
  C:42E4H         LINE#         232
  C:42E4H         LINE#         233
  C:42E4H         LINE#         235
  C:4311H         LINE#         236
  C:4311H         LINE#         237
  C:4320H         LINE#         239
  C:4320H         LINE#         241
  -------         ENDPROC       _VALIDA_TRAMA_PTO
  -------         PROC          _MONITOR_CHR
  X:0032H         SYMBOL        str
  X:0035H         SYMBOL        num_char
  -------         DO            
  X:0036H         SYMBOL        j
  -------         ENDDO         
  C:ADE4H         LINE#         396
  C:ADF2H         LINE#         397
  C:ADF2H         LINE#         399
  C:AE00H         LINE#         400
  C:AE00H         LINE#         401
  C:AE12H         LINE#         402
  C:AE1CH         LINE#         403
  C:AE24H         LINE#         404
  -------         ENDPROC       _MONITOR_CHR
  -------         PROC          _CMD_LPR_SALIDA_WIEGAND
  X:0010H         SYMBOL        buffer
  -------         DO            
  X:0013H         SYMBOL        Buffer_Lpr
  X:0031H         SYMBOL        j
  -------         ENDDO         
  C:7FA8H         LINE#         409
  C:7FB3H         LINE#         410
  C:7FB3H         LINE#         412
BL51 BANKED LINKER/LOCATER V6.22.2.0                                                  11/05/2020  12:20:06  PAGE 30


  C:7FB9H         LINE#         413
  C:7FBEH         LINE#         414
  C:7FC6H         LINE#         415
  C:7FCAH         LINE#         416
  C:7FD3H         LINE#         417
  C:7FD3H         LINE#         418
  C:7FE4H         LINE#         419
  C:7FE6H         LINE#         421
  C:7FE6H         LINE#         422
  C:7FF7H         LINE#         423
  C:7FF7H         LINE#         427
  C:800EH         LINE#         428
  C:800EH         LINE#         429
  C:801DH         LINE#         430
  C:8027H         LINE#         432
  C:802FH         LINE#         433
  C:8043H         LINE#         435
  C:8053H         LINE#         436
  C:8064H         LINE#         437
  C:8071H         LINE#         441
  -------         ENDPROC       _CMD_LPR_SALIDA_WIEGAND
  -------         ENDMOD        ACCESCAN

  -------         MODULE        CLOCK
  C:0000H         SYMBOL        _ICE_DUMMY_
  C:AE59H         PUBLIC        _two_one
  D:0090H         PUBLIC        P1
  C:6E42H         PUBLIC        _validar_clk
  C:B327H         PUBLIC        _wr_clk
  C:854FH         PUBLIC        _check_fechaOut
  B:00D0H.7       PUBLIC        CY
  C:0003H         PUBLIC        p_ck
  C:97BFH         PUBLIC        _hex_ascii
  X:0268H         PUBLIC        data_clk
  C:B669H         PUBLIC        cond_ini_clock
  C:8618H         PUBLIC        _Block_read_Clock
  B:0090H.4       PUBLIC        sck
  C:91A3H         PUBLIC        _Block_read_Clock_Hex
  C:5BD6H         PUBLIC        _Block_read_clock_ascii
  C:AF3FH         PUBLIC        _hex_bcd
  C:B4FBH         PUBLIC        _bcd_hex
  C:A791H         PUBLIC        _ByteHex_Decimal
  C:98EBH         PUBLIC        _lee_clk
  B:0090H.5       PUBLIC        io
  C:9A01H         PUBLIC        _Block_write_clock_ascii
  B:0090H.6       PUBLIC        rst
  C:AEA6H         PUBLIC        _eb_clk
  C:4321H         PUBLIC        _Two_ByteHex_Decimal
  -------         PROC          P_CK
  C:0003H         LINE#         48
  C:0003H         LINE#         49
  C:0003H         LINE#         50
  C:0005H         LINE#         51
  C:0008H         LINE#         52
  C:000AH         LINE#         53
  -------         ENDPROC       P_CK
  -------         PROC          _EB_CLK
BL51 BANKED LINKER/LOCATER V6.22.2.0                                                  11/05/2020  12:20:06  PAGE 31


  X:00B4H         SYMBOL        dir_clk
  -------         DO            
  X:00B5H         SYMBOL        nbits
  -------         ENDDO         
  C:AEA6H         LINE#         55
  C:AEABH         LINE#         57
  C:AEB0H         LINE#         58
  C:AEB0H         LINE#         59
  C:AEB9H         LINE#         60
  C:AEBCH         LINE#         61
  C:AEBCH         LINE#         62
  C:AEBEH         LINE#         63
  C:AEC0H         LINE#         65
  C:AEC0H         LINE#         66
  C:AEC2H         LINE#         67
  C:AEC2H         LINE#         68
  C:AEC5H         LINE#         69
  C:AEE4H         LINE#         70
  -------         ENDPROC       _EB_CLK
  C:98E1H         SYMBOL        L?0082
  -------         PROC          L?0081
  -------         ENDPROC       L?0081
  C:98E1H         SYMBOL        L?0082
  -------         PROC          _LEE_CLK
  X:00B1H         SYMBOL        dir_clk
  -------         DO            
  X:00B2H         SYMBOL        nbits
  -------         ENDDO         
  C:98EBH         LINE#         72
  C:98F0H         LINE#         74
  C:98F2H         LINE#         75
  C:98F9H         LINE#         76
  C:9901H         LINE#         77
  C:991AH         LINE#         78
  C:991AH         LINE#         79
  C:991DH         LINE#         80
  C:991DH         LINE#         81
  C:9924H         LINE#         82
  C:992EH         LINE#         83
[...]
  C:662BH         LINE#         2246
  C:6630H         LINE#         2247
  C:6630H         LINE#         2249
  C:6632H         LINE#         2250
  C:6632H         LINE#         2256
  C:6632H         LINE#         2258
  C:6638H         LINE#         2259
  C:6638H         LINE#         2262
  C:6638H         LINE#         2263
  C:663FH         LINE#         2264
  C:663FH         LINE#         2265
  C:663FH         LINE#         2266
BL51 BANKED LINKER/LOCATER V6.22.2.0                                                  11/05/2020  12:20:06  PAGE 127


  -------         ENDPROC       SECUENCIA_INICIO_EXPEDIDOR
  -------         PROC          _SECUENCIAEXPEDIDORMF
  X:0001H         SYMBOL        EstadoActivo
  -------         DO            
  X:010BH         SYMBOL        Buffer_Write_MF
  X:011CH         SYMBOL        Atributos_Expedidor
  X:012BH         SYMBOL        Secuencia_Expedidor
  X:012FH         SYMBOL        Nombre_Mensual
  -------         ENDDO         
  C:381BH         LINE#         2276
  C:3820H         LINE#         2277
  C:3820H         LINE#         2283
  C:387AH         LINE#         2284
  C:387AH         LINE#         2287
  C:387AH         LINE#         2289
  C:3890H         LINE#         2290
  C:3890H         LINE#         2291
  C:3892H         LINE#         2292
  C:3894H         LINE#         2293
  C:3899H         LINE#         2294
  C:38A1H         LINE#         2295
  C:38A6H         LINE#         2296
  C:38A6H         LINE#         2297
  C:38A9H         LINE#         2298
  C:38A9H         LINE#         2300
  C:38B2H         LINE#         2301
  C:38B5H         LINE#         2302
  C:38B5H         LINE#         2303
  C:38BAH         LINE#         2304
  C:38DAH         LINE#         2305
  C:38DDH         LINE#         2306
  C:38DDH         LINE#         2307
  C:38E2H         LINE#         2308
  C:38EAH         LINE#         2309
  C:38F0H         LINE#         2310
  C:38F3H         LINE#         2311
  C:38F3H         LINE#         2312
  C:38F6H         LINE#         2313
  C:38FEH         LINE#         2314
  C:3904H         LINE#         2315
  C:3907H         LINE#         2316
  C:3907H         LINE#         2317
  C:390AH         LINE#         2318
  C:392FH         LINE#         2319
  C:3935H         LINE#         2320
  C:3937H         LINE#         2321
  C:393AH         LINE#         2322
  C:393AH         LINE#         2323
  C:3945H         LINE#         2324
  C:394DH         LINE#         2325
  C:3953H         LINE#         2326
  C:3956H         LINE#         2327
  C:3956H         LINE#         2328
  C:3967H         LINE#         2329
  C:396FH         LINE#         2330
  C:3975H         LINE#         2331
  C:3978H         LINE#         2332
BL51 BANKED LINKER/LOCATER V6.22.2.0                                                  11/05/2020  12:20:06  PAGE 128


  C:3978H         LINE#         2333
  C:397DH         LINE#         2334
  C:399BH         LINE#         2335
  C:399EH         LINE#         2336
  C:399EH         LINE#         2337
  C:39A3H         LINE#         2338
  C:39C3H         LINE#         2339
  C:39C6H         LINE#         2340
  C:39C6H         LINE#         2341
  C:39CBH         LINE#         2342
  C:39CDH         LINE#         2343
  C:39EBH         LINE#         2344
  C:39EEH         LINE#         2345
  C:39EEH         LINE#         2346
  C:39F3H         LINE#         2347
  C:3A13H         LINE#         2348
  C:3A16H         LINE#         2349
  C:3A16H         LINE#         2350
  C:3A1BH         LINE#         2351
  C:3A23H         LINE#         2352
  C:3A29H         LINE#         2353
  C:3A2CH         LINE#         2354
  C:3A2CH         LINE#         2355
  C:3A2FH         LINE#         2356
  C:3A4FH         LINE#         2357
  C:3A52H         LINE#         2358
  C:3A52H         LINE#         2359
  C:3A54H         LINE#         2360
  C:3A57H         LINE#         2361
  C:3A5AH         LINE#         2362
  C:3A5AH         LINE#         2363
  C:3A63H         LINE#         2365
  C:3A66H         LINE#         2366
  C:3A66H         LINE#         2367
  C:3A7DH         LINE#         2368
  C:3A80H         LINE#         2369
  C:3A80H         LINE#         2370
  C:3A83H         LINE#         2371
  C:3A8BH         LINE#         2372
  C:3A91H         LINE#         2373
  C:3A94H         LINE#         2374
  C:3A94H         LINE#         2375
  C:3A9DH         LINE#         2376
  C:3AA0H         LINE#         2377
  C:3AA0H         LINE#         2378
  C:3AB7H         LINE#         2379
  C:3ABAH         LINE#         2380
  C:3ABAH         LINE#         2381
  C:3ABFH         LINE#         2382
  C:3AC7H         LINE#         2383
  C:3ACDH         LINE#         2384
  C:3AD0H         LINE#         2385
  C:3AD0H         LINE#         2386
  C:3AD3H         LINE#         2387
  C:3AF3H         LINE#         2388
  C:3AF6H         LINE#         2389
  C:3AF6H         LINE#         2390
BL51 BANKED LINKER/LOCATER V6.22.2.0                                                  11/05/2020  12:20:06  PAGE 129


  C:3AF9H         LINE#         2391
  C:3B19H         LINE#         2392
  C:3B1CH         LINE#         2393
  C:3B1CH         LINE#         2394
  C:3B1FH         LINE#         2395
  C:3B27H         LINE#         2396
  C:3B2DH         LINE#         2397
  C:3B30H         LINE#         2401
  C:3B30H         LINE#         2402
  C:3B36H         LINE#         2403
  C:3B3CH         LINE#         2404
  C:3B3CH         LINE#         2405
  C:3B44H         LINE#         2406
  C:3B4AH         LINE#         2408
  C:3B4DH         LINE#         2409
  C:3B55H         LINE#         2410
  C:3B55H         LINE#         2412
  C:3B58H         LINE#         2413
  C:3B5BH         LINE#         2414
  C:3B63H         LINE#         2415
  C:3B63H         LINE#         2416
  C:3B71H         LINE#         2417
  C:3B71H         LINE#         2418
  C:3B7AH         LINE#         2419
  C:3B7DH         LINE#         2420
  C:3B89H         LINE#         2421
  C:3B89H         LINE#         2422
  C:3B92H         LINE#         2423
  C:3B95H         LINE#         2425
  C:3B95H         LINE#         2426
  C:3B9EH         LINE#         2427
  C:3B9EH         LINE#         2428
  C:3BA1H         LINE#         2429
  C:3BA9H         LINE#         2430
  C:3BA9H         LINE#         2431
  C:3BB7H         LINE#         2432
  C:3BB7H         LINE#         2433
  C:3BCDH         LINE#         2434
  C:3BD0H         LINE#         2435
  C:3BDCH         LINE#         2436
  C:3BDCH         LINE#         2437
  C:3BE5H         LINE#         2438
  C:3BE8H         LINE#         2439
  C:3BF6H         LINE#         2440
  C:3BF6H         LINE#         2441
  C:3BFFH         LINE#         2442
  C:3C01H         LINE#         2444
  C:3C01H         LINE#         2445
  C:3C0AH         LINE#         2446
  C:3C0AH         LINE#         2447
  C:3C0CH         LINE#         2448
  C:3C14H         LINE#         2449
  C:3C14H         LINE#         2450
  C:3C1DH         LINE#         2451
  C:3C1FH         LINE#         2452
  C:3C27H         LINE#         2453
  C:3C27H         LINE#         2454
BL51 BANKED LINKER/LOCATER V6.22.2.0                                                  11/05/2020  12:20:06  PAGE 130


  C:3C3DH         LINE#         2455
  C:3C3FH         LINE#         2456
  C:3C47H         LINE#         2457
  C:3C47H         LINE#         2458
  C:3C4AH         LINE#         2459
  C:3C4CH         LINE#         2461
  C:3C54H         LINE#         2462
  C:3C54H         LINE#         2463
  C:3C5DH         LINE#         2464
  C:3C5FH         LINE#         2467
  C:3C67H         LINE#         2468
  C:3C67H         LINE#         2469
  C:3C6FH         LINE#         2470
  C:3C71H         LINE#         2472
  C:3C71H         LINE#         2473
  C:3C7AH         LINE#         2474
  C:3C7AH         LINE#         2475
  C:3C7CH         LINE#         2476
  C:3C7CH         LINE#         2477
  C:3C81H         LINE#         2478
  C:3C81H         LINE#         2480
  C:3C81H         LINE#         2481
  C:3C86H         LINE#         2482
  -------         ENDPROC       _SECUENCIAEXPEDIDORMF
  -------         ENDMOD        VERIFICADOR

  -------         MODULE        MONITOR
  C:0000H         SYMBOL        _ICE_DUMMY_
  D:0080H         PUBLIC        P0
  D:0090H         PUBLIC        P1
  I:0011H         PUBLIC        placa
  C:B412H         PUBLIC        Rx_Monitor
  B:0080H.0       PUBLIC        rx_ip
  B:0090H.7       PUBLIC        lock
  C:8925H         PUBLIC        _recibe_cmd_Monitor
  C:B534H         PUBLIC        clear_placa
  C:9426H         PUBLIC        _Valida_Trama_Monitor
  -------         PROC          _RECIBE_CMD_MONITOR
  X:0016H         SYMBOL        buffer_cmd
  -------         DO            
  X:0019H         SYMBOL        j
  X:001AH         SYMBOL        NumDatos
  X:001BH         SYMBOL        time_out
  X:001CH         SYMBOL        MaxChrRx
  X:001DH         SYMBOL        contador
  -------         ENDDO         
  C:8925H         LINE#         44
  C:8930H         LINE#         45
  C:8930H         LINE#         49
  C:8935H         LINE#         50
  C:893BH         LINE#         52
  C:8946H         LINE#         53
  C:8946H         LINE#         54
  C:8957H         LINE#         55
  C:8957H         LINE#         56
  C:895EH         LINE#         57
  C:8962H         LINE#         58
BL51 BANKED LINKER/LOCATER V6.22.2.0                                                  11/05/2020  12:20:06  PAGE 131


  C:896BH         LINE#         59
  C:896BH         LINE#         60
  C:8979H         LINE#         61
  C:8990H         LINE#         62
  C:8990H         LINE#         63
  C:8996H         LINE#         64
  C:899CH         LINE#         65
  C:899CH         LINE#         66
  C:899EH         LINE#         67
  C:89A6H         LINE#         68
  C:89ACH         LINE#         69
  C:89BEH         LINE#         70
  C:89C8H         LINE#         71
  C:89D1H         LINE#         73
  C:89E0H         LINE#         76
  C:89E0H         LINE#         77
  C:89E5H         LINE#         78
  -------         ENDPROC       _RECIBE_CMD_MONITOR
  -------         PROC          _VALIDA_TRAMA_MONITOR
  X:0016H         SYMBOL        buffer
  D:0005H         SYMBOL        length_trama
  -------         DO            
  D:0007H         SYMBOL        j
  D:0006H         SYMBOL        p
  -------         ENDDO         
  C:9426H         LINE#         83
  C:9431H         LINE#         84
  C:9431H         LINE#         85
  C:9433H         LINE#         86
  C:9435H         LINE#         87
  C:9435H         LINE#         89
  C:9453H         LINE#         90
  C:9453H         LINE#         91
  C:9455H         LINE#         92
  C:945AH         LINE#         93
  C:945BH         LINE#         95
  C:9476H         LINE#         96
  C:9476H         LINE#         99
  C:9476H         LINE#         100
  C:9490H         LINE#         101
  C:9491H         LINE#         102
  C:9492H         LINE#         103
  C:949EH         LINE#         104
  C:94B2H         LINE#         105
  C:94B8H         LINE#         106
  C:94BAH         LINE#         107
  C:94C0H         LINE#         110
  C:94C0H         LINE#         113
  -------         ENDPROC       _VALIDA_TRAMA_MONITOR
  -------         PROC          CLEAR_PLACA
  -------         DO            
  D:0007H         SYMBOL        i
  -------         ENDDO         
  C:B534H         LINE#         114
  C:B534H         LINE#         115
  C:B534H         LINE#         117
  C:B540H         LINE#         118
BL51 BANKED LINKER/LOCATER V6.22.2.0                                                  11/05/2020  12:20:06  PAGE 132


  C:B540H         LINE#         119
  C:B546H         LINE#         120
  C:B549H         LINE#         121
  C:B54BH         LINE#         122
  -------         ENDPROC       CLEAR_PLACA
  -------         PROC          RX_MONITOR
  -------         DO            
  X:0009H         SYMBOL        Length_trama
  X:000AH         SYMBOL        buffer1
  -------         ENDDO         
  C:B412H         LINE#         123
  C:B412H         LINE#         124
  C:B412H         LINE#         127
  C:B421H         LINE#         128
  C:B42AH         LINE#         129
  -------         ENDPROC       RX_MONITOR
  -------         ENDMOD        MONITOR

  -------         MODULE        ?C?FPADD
  C:1335H         PUBLIC        ?C?FPADD
  C:1331H         PUBLIC        ?C?FPSUB
  -------         ENDMOD        ?C?FPADD

  -------         MODULE        ?C?FPMUL
  C:1426H         PUBLIC        ?C?FPMUL
  -------         ENDMOD        ?C?FPMUL

  -------         MODULE        ?C?FCAST
  C:1536H         PUBLIC        ?C?FCASTC
  C:1531H         PUBLIC        ?C?FCASTI
  C:152CH         PUBLIC        ?C?FCASTL
  -------         ENDMOD        ?C?FCAST

  -------         MODULE        ?C?CASTF
  C:156AH         PUBLIC        ?C?CASTF
  -------         ENDMOD        ?C?CASTF

  -------         MODULE        PRINTF
  X:0077H         PUBLIC        ?_PRINTF?BYTE
  X:0077H         PUBLIC        ?_SPRINTF?BYTE
  C:3403H         PUBLIC        _PRINTF
  C:33FDH         PUBLIC        _SPRINTF
  -------         ENDMOD        PRINTF

  -------         MODULE        POW
  X:0021H         PUBLIC        ?_pow?BYTE
  C:5D44H         PUBLIC        _pow
  -------         ENDMOD        POW

  -------         MODULE        ?C?CHKFLOAT
  C:15EBH         PUBLIC        ?C?CHKFLOAT
  -------         ENDMOD        ?C?CHKFLOAT

  -------         MODULE        ?C?FPCMP
  C:1607H         PUBLIC        ?C?FPCMP
  C:1605H         PUBLIC        ?C?FPCMP3
  -------         ENDMOD        ?C?FPCMP
BL51 BANKED LINKER/LOCATER V6.22.2.0                                                  11/05/2020  12:20:06  PAGE 133



  -------         MODULE        ?C?FPNEG
  C:167EH         PUBLIC        ?C?FPNEG
  -------         ENDMOD        ?C?FPNEG

  -------         MODULE        ?C?FPROUND
  C:168FH         PUBLIC        ?C?FPROUND
  -------         ENDMOD        ?C?FPROUND

  -------         MODULE        ?C?FPCONVERT
  C:16CCH         PUBLIC        ?C?FPCONVERT
  -------         ENDMOD        ?C?FPCONVERT

  -------         MODULE        EXP
  C:9593H         PUBLIC        _EXP
  -------         ENDMOD        EXP

  -------         MODULE        LOG
  C:68D6H         PUBLIC        _LOG
  C:68D2H         PUBLIC        _LOG10
  -------         ENDMOD        LOG

  -------         MODULE        ?C?FPDIV
  C:17D4H         PUBLIC        ?C?FPDIV
  -------         ENDMOD        ?C?FPDIV

  -------         MODULE        ?C?FTNPWR
  C:18A1H         PUBLIC        ?C?FTNPWR
  -------         ENDMOD        ?C?FTNPWR

  -------         MODULE        ?C?COPY
  C:19FEH         PUBLIC        ?C?COPY
  -------         ENDMOD        ?C?COPY

  -------         MODULE        ?C?CLDPTR
  C:1A24H         PUBLIC        ?C?CLDPTR
  -------         ENDMOD        ?C?CLDPTR

  -------         MODULE        ?C?CLDOPTR
  C:1A3DH         PUBLIC        ?C?CLDOPTR
  -------         ENDMOD        ?C?CLDOPTR

  -------         MODULE        ?C?CSTPTR
  C:1A6AH         PUBLIC        ?C?CSTPTR
  -------         ENDMOD        ?C?CSTPTR

  -------         MODULE        ?C?CSTOPTR
  C:1A7CH         PUBLIC        ?C?CSTOPTR
  -------         ENDMOD        ?C?CSTOPTR

  -------         MODULE        ?C?IMUL
  C:1A9EH         PUBLIC        ?C?IMUL
  -------         ENDMOD        ?C?IMUL

  -------         MODULE        ?C?IILDX
  C:1AB0H         PUBLIC        ?C?IILDX
  -------         ENDMOD        ?C?IILDX
BL51 BANKED LINKER/LOCATER V6.22.2.0                                                  11/05/2020  12:20:06  PAGE 134



  -------         MODULE        ?C?LNEG
  C:1AC6H         PUBLIC        ?C?LNEG
  -------         ENDMOD        ?C?LNEG

  -------         MODULE        ?C?SLCMP
  C:1AD4H         PUBLIC        ?C?SLCMP
  -------         ENDMOD        ?C?SLCMP

  -------         MODULE        ?C?ULCMP
  C:1AEAH         PUBLIC        ?C?ULCMP
  -------         ENDMOD        ?C?ULCMP

  -------         MODULE        ?C?ULSHR
  C:1AFBH         PUBLIC        ?C?ULSHR
  -------         ENDMOD        ?C?ULSHR

  -------         MODULE        ?C?LSHL
  C:1B0EH         PUBLIC        ?C?LSHL
  -------         ENDMOD        ?C?LSHL

  -------         MODULE        ?C?LLDCODE
  C:1B21H         PUBLIC        ?C?LLDCODE
  -------         ENDMOD        ?C?LLDCODE

  -------         MODULE        ?C?LLDXDATA0
  C:1B31H         PUBLIC        ?C?LLDXDATA0
  -------         ENDMOD        ?C?LLDXDATA0

  -------         MODULE        ?C?LLDCODE0
  C:1B3DH         PUBLIC        ?C?LLDCODE0
  -------         ENDMOD        ?C?LLDCODE0

  -------         MODULE        ?C?LSTXDATA
  C:1B4DH         PUBLIC        ?C?LSTXDATA
  -------         ENDMOD        ?C?LSTXDATA

  -------         MODULE        ?C?LSTKXDATA
  C:1B59H         PUBLIC        ?C?LSTKXDATA
  -------         ENDMOD        ?C?LSTKXDATA

  -------         MODULE        ?C?PLDIXDATA
  C:1B8AH         PUBLIC        ?C?PLDIXDATA
  -------         ENDMOD        ?C?PLDIXDATA

  -------         MODULE        ?C?PSTXDATA
  C:1BA1H         PUBLIC        ?C?PSTXDATA
  -------         ENDMOD        ?C?PSTXDATA

  -------         MODULE        ?C?CCASE
  C:1BAAH         PUBLIC        ?C?CCASE
  -------         ENDMOD        ?C?CCASE

  -------         MODULE        STRCAT
  X:0046H         PUBLIC        ?_strcat?BYTE
  C:A597H         PUBLIC        _strcat
  -------         ENDMOD        STRCAT
BL51 BANKED LINKER/LOCATER V6.22.2.0                                                  11/05/2020  12:20:06  PAGE 135



  -------         MODULE        ?C?STRCMP
  C:1D4EH         PUBLIC        ?C?STRCMP
  -------         ENDMOD        ?C?STRCMP

  -------         MODULE        ?C?STRCPY
  C:1E37H         PUBLIC        ?C?STRCPY
  -------         ENDMOD        ?C?STRCPY

  -------         MODULE        STRLEN
  C:000EH         PUBLIC        _STRLEN
  -------         ENDMOD        STRLEN

  -------         MODULE        STRTOK
  X:0064H         PUBLIC        ?_strtok?BYTE
  C:7C34H         PUBLIC        _strtok
  -------         ENDMOD        STRTOK

  -------         MODULE        ATOL
  C:7066H         PUBLIC        _atol
  -------         ENDMOD        ATOL

  -------         MODULE        ATOI
  C:7DF6H         PUBLIC        _atoi
  -------         ENDMOD        ATOI

  -------         MODULE        MALLOC
  C:814FH         PUBLIC        _malloc
  -------         ENDMOD        MALLOC

  -------         MODULE        INIT_MEM
  X:0256H         PUBLIC        __mem_avail__
  C:AFDAH         PUBLIC        _init_mempool
  -------         ENDMOD        INIT_MEM

  -------         MODULE        FREE
  C:6285H         PUBLIC        _free
  -------         ENDMOD        FREE

  -------         MODULE        ?C?ILDIX
  C:1E54H         PUBLIC        ?C?ILDIX
  -------         ENDMOD        ?C?ILDIX

  -------         MODULE        ?C?LMUL
  C:1E6AH         PUBLIC        ?C?LMUL
  -------         ENDMOD        ?C?LMUL

  -------         MODULE        ISDIGIT
  C:B632H         PUBLIC        _isdigit
  -------         ENDMOD        ISDIGIT

  -------         MODULE        ISSPACE
  C:B5A4H         PUBLIC        _isspace
  -------         ENDMOD        ISSPACE

  -------         MODULE        STRSPN
  X:006AH         PUBLIC        ?_strspn?BYTE
BL51 BANKED LINKER/LOCATER V6.22.2.0                                                  11/05/2020  12:20:06  PAGE 136


  C:9E59H         PUBLIC        _strspn
  -------         ENDMOD        STRSPN

  -------         MODULE        STRPBRK
  X:006AH         PUBLIC        ?_strpbrk?BYTE
  C:9F5FH         PUBLIC        _strpbrk
  -------         ENDMOD        STRPBRK

Program Size: data=98.7 xdata=618 code=46781
LINK/LOCATE RUN COMPLETE.  0 WARNING(S),  0 ERROR(S)
