BL51 BANKED LINKER/LOCATER V6.22.2.0                                                    07/26/2021  14:55:02  PAGE 1


BL51 BANKED LINKER/LOCATER V6.22.2.0, INVOKED BY:
C:\KEIL_V5\C51\BIN\BL51.EXE .\Objects\main.obj, .\Objects\Accescan.obj, .\Objects\Clock.obj, .\Objects\delay.obj, .\Obje
>> cts\eeprom.obj, .\Objects\io_sensores.obj, .\Objects\pantallas.obj, .\Objects\prog.obj, .\Objects\pto_paralelo.obj, .
>> \Objects\tibbo.obj, .\Objects\uart.obj, .\Objects\lintech.obj, .\Objects\verificador.obj, .\Objects\Monitor.obj TO .\
>> Objects\expedidor_v_01_raspberry PRINT (.\Listings\expedidor_v_01_raspberry.m51) RAMSIZE (256)


MEMORY MODEL: LARGE WITH FLOATING POINT ARITHMETIC


INPUT MODULES INCLUDED:
  .\Objects\main.obj (MAIN)
  .\Objects\Accescan.obj (ACCESCAN)
  .\Objects\Clock.obj (CLOCK)
  .\Objects\delay.obj (DELAY)
  .\Objects\eeprom.obj (EEPROM)
  .\Objects\io_sensores.obj (IO_SENSORES)
  .\Objects\pantallas.obj (PANTALLAS)
  .\Objects\prog.obj (PROG)
  .\Objects\pto_paralelo.obj (PTO_PARALELO)
  .\Objects\tibbo.obj (TIBBO)
  .\Objects\uart.obj (UART)
  .\Objects\lintech.obj (LINTECH)
  .\Objects\verificador.obj (VERIFICADOR)
  .\Objects\Monitor.obj (MONITOR)
  C:\KEIL_V5\C51\LIB\C51FPL.LIB (?C?FPADD)
  C:\KEIL_V5\C51\LIB\C51FPL.LIB (?C?FPMUL)
  C:\KEIL_V5\C51\LIB\C51FPL.LIB (?C?FCAST)
  C:\KEIL_V5\C51\LIB\C51FPL.LIB (?C?CASTF)
  C:\KEIL_V5\C51\LIB\C51FPL.LIB (PRINTF)
  C:\KEIL_V5\C51\LIB\C51FPL.LIB (POW)
  C:\KEIL_V5\C51\LIB\C51FPL.LIB (?C?FPGETOPN)
  C:\KEIL_V5\C51\LIB\C51FPL.LIB (?C?CHKFLOAT)
  C:\KEIL_V5\C51\LIB\C51FPL.LIB (?C?FPCMP)
  C:\KEIL_V5\C51\LIB\C51FPL.LIB (?C?FPNEG)
  C:\KEIL_V5\C51\LIB\C51FPL.LIB (?C?FPROUND)
  C:\KEIL_V5\C51\LIB\C51FPL.LIB (?C?FPCONVERT)
  C:\KEIL_V5\C51\LIB\C51FPL.LIB (EXP)
  C:\KEIL_V5\C51\LIB\C51FPL.LIB (LOG)
  C:\KEIL_V5\C51\LIB\C51FPL.LIB (?C?FPDIV)
  C:\KEIL_V5\C51\LIB\C51FPL.LIB (?C?FTNPWR)
  C:\KEIL_V5\C51\LIB\C51FPL.LIB (?C?FPSERIES)
  C:\KEIL_V5\C51\LIB\C51L.LIB (?C_STARTUP)
  C:\KEIL_V5\C51\LIB\C51L.LIB (?C?COPY)
  C:\KEIL_V5\C51\LIB\C51L.LIB (?C?CLDPTR)
  C:\KEIL_V5\C51\LIB\C51L.LIB (?C?CLDOPTR)
  C:\KEIL_V5\C51\LIB\C51L.LIB (?C?CSTPTR)
  C:\KEIL_V5\C51\LIB\C51L.LIB (?C?CSTOPTR)
  C:\KEIL_V5\C51\LIB\C51L.LIB (?C?IMUL)
  C:\KEIL_V5\C51\LIB\C51L.LIB (?C?IILDX)
  C:\KEIL_V5\C51\LIB\C51L.LIB (?C?LNEG)
  C:\KEIL_V5\C51\LIB\C51L.LIB (?C?SLCMP)
  C:\KEIL_V5\C51\LIB\C51L.LIB (?C?ULCMP)
  C:\KEIL_V5\C51\LIB\C51L.LIB (?C?ULSHR)
  C:\KEIL_V5\C51\LIB\C51L.LIB (?C?LSHL)
  C:\KEIL_V5\C51\LIB\C51L.LIB (?C?LLDCODE)
  C:\KEIL_V5\C51\LIB\C51L.LIB (?C?LLDXDATA0)
  C:\KEIL_V5\C51\LIB\C51L.LIB (?C?LLDCODE0)
BL51 BANKED LINKER/LOCATER V6.22.2.0                                                  07/26/2021  14:55:02  PAGE 2


  C:\KEIL_V5\C51\LIB\C51L.LIB (?C?LSTXDATA)
  C:\KEIL_V5\C51\LIB\C51L.LIB (?C?LSTKXDATA)
  C:\KEIL_V5\C51\LIB\C51L.LIB (?C?PLDIXDATA)
  C:\KEIL_V5\C51\LIB\C51L.LIB (?C?PSTXDATA)
  C:\KEIL_V5\C51\LIB\C51L.LIB (?C?CCASE)
  C:\KEIL_V5\C51\LIB\C51L.LIB (STRCAT)
  C:\KEIL_V5\C51\LIB\C51L.LIB (?C?STRCMP)
  C:\KEIL_V5\C51\LIB\C51L.LIB (?C?STRCPY)
  C:\KEIL_V5\C51\LIB\C51L.LIB (STRLEN)
  C:\KEIL_V5\C51\LIB\C51L.LIB (STRTOK)
  C:\KEIL_V5\C51\LIB\C51L.LIB (ATOL)
  C:\KEIL_V5\C51\LIB\C51L.LIB (ATOI)
  C:\KEIL_V5\C51\LIB\C51L.LIB (?C_INIT)
  C:\KEIL_V5\C51\LIB\C51L.LIB (?C?ILDIX)
  C:\KEIL_V5\C51\LIB\C51L.LIB (?C?LMUL)
  C:\KEIL_V5\C51\LIB\C51L.LIB (ISDIGIT)
  C:\KEIL_V5\C51\LIB\C51L.LIB (ISSPACE)
  C:\KEIL_V5\C51\LIB\C51L.LIB (STRSPN)
  C:\KEIL_V5\C51\LIB\C51L.LIB (STRPBRK)


LINK MAP OF MODULE:  .\Objects\expedidor_v_01_raspberry (MAIN)


            TYPE    BASE      LENGTH    RELOCATION   SEGMENT NAME
            -----------------------------------------------------

            * * * * * * *   D A T A   M E M O R Y   * * * * * * *
            REG     0000H     0008H     ABSOLUTE     "REG BANK 0"
            DATA    0008H     0005H     UNIT         _DATA_GROUP_
            DATA    000DH     0004H     UNIT         ?DT?UART
            IDATA   0011H     0009H     UNIT         ?ID?MONITOR
                    001AH     0006H                  *** GAP ***
            BIT     0020H.0   0001H.1   UNIT         _BIT_GROUP_
            BIT     0021H.1   0000H.3   UNIT         ?BI?MAIN
            BIT     0021H.4   0000H.2   UNIT         ?BI?UART
            BIT     0021H.6   0000H.1   UNIT         ?BI?EEPROM
            BIT     0021H.7   0000H.1   UNIT         ?BI?IO_SENSORES
            BIT     0022H.0   0000H.1   UNIT         ?BI?VERIFICADOR
                    0022H.1   0000H.7                *** GAP ***
            IDATA   0023H     0046H     UNIT         ?ID?MAIN
            IDATA   0069H     0001H     UNIT         ?STACK

            * * * * * * *  X D A T A   M E M O R Y  * * * * * * *
            XDATA   0000H     00B7H     UNIT         _XDATA_GROUP_
            XDATA   00B7H     008CH     UNIT         ?XD?VERIFICADOR
            XDATA   0143H     006CH     UNIT         ?XD?MAIN
            XDATA   01AFH     0059H     UNIT         ?XD?PROG
            XDATA   0208H     0003H     UNIT         ?XD?EEPROM
            XDATA   020BH     0003H     UNIT         ?XD?UART
            XDATA   020EH     0003H     UNIT         ?XD?STRTOK
            XDATA   0211H     0002H     UNIT         ?XD?IO_SENSORES
            XDATA   0213H     0001H     UNIT         ?XD?ACCESCAN
            XDATA   0214H     0001H     UNIT         ?XD?CLOCK

            * * * * * * *   C O D E   M E M O R Y   * * * * * * *
            CODE    0000H     0003H     ABSOLUTE     
BL51 BANKED LINKER/LOCATER V6.22.2.0                                                  07/26/2021  14:55:02  PAGE 3


            CODE    0003H     0008H     UNIT         ?PR?P_CK?CLOCK
            CODE    000BH     0003H     ABSOLUTE     
            CODE    000EH     0015H     UNIT         ?PR?_STRLEN?STRLEN
            CODE    0023H     0003H     ABSOLUTE     
            CODE    0026H     1308H     UNIT         ?CO?PROG
            CODE    132EH     0B8BH     UNIT         ?C?LIB_CODE
            CODE    1EB9H     08E5H     UNIT         ?CO?VERIFICADOR
            CODE    279EH     0747H     UNIT         ?PR?_PANTALLALCD?PANTALLAS
            CODE    2EE5H     06EFH     UNIT         ?CO?PANTALLAS
            CODE    35D4H     04DAH     UNIT         ?PR?_SECUENCIAEXPEDIDORMF?VERIFICADOR
            CODE    3AAEH     0483H     UNIT         ?PR?PRINTF?PRINTF
            CODE    3F31H     0437H     UNIT         ?PR?_VALIDA_TRAMA_PTO?ACCESCAN
            CODE    4368H     035CH     UNIT         ?PR?VER_PROG?PROG
            CODE    46C4H     02D0H     UNIT         ?PR?_TWO_BYTEHEX_DECIMAL?CLOCK
            CODE    4994H     02B7H     UNIT         ?PR?_PROG_HORARIO_DIAS?PROG
            CODE    4C4BH     02A5H     UNIT         ?PR?_PANTALLALCD_LINEA_2?PANTALLAS
            CODE    4EF0H     023FH     UNIT         ?PR?_ARMAR_TRAMA_PTO_PARALELO_EXPEDIDOR?VERIFICADOR
            CODE    512FH     022CH     UNIT         ?PR?MENU?PROG
            CODE    535BH     0208H     UNIT         ?PR?_HASH_ID?PROG
            CODE    5563H     01FAH     UNIT         ?PR?_PROG_HORARIO_DESDE_HASTA?PROG
            CODE    575DH     01F5H     UNIT         ?PR?PROG_FECHA_VENCIMIENTO?PROG
            CODE    5952H     01F3H     UNIT         ?PR?_ARMAR_TRAMA_TARJETA_SECTOR1_BLOQUE2?VERIFICADOR
            CODE    5B45H     01DFH     UNIT         ?PR?_RESPONDE_LECTURA_TARJETA_SECTOR1_BLOQUE1?VERIFICADOR
            CODE    5D24H     01CFH     UNIT         ?PR?_BLOCK_READ_CLOCK_ASCII_RASBERRY?CLOCK
            CODE    5EF3H     01B3H     UNIT         ?PR?COM_ISR?UART
            CODE    60A6H     01A4H     UNIT         ?PR?_VALIDA_TIPO_TARJETA?VERIFICADOR
            CODE    624AH     01A3H     UNIT         ?CO?LINTECH
            CODE    63EDH     016FH     UNIT         ?PR?_BLOCK_READ_CLOCK_ASCII?CLOCK
            CODE    655CH     0166H     UNIT         ?PR?_POW?POW
            CODE    66C2H     0157H     UNIT         ?PR?_RESPONDE_REELECTURA_TARJETA_SECTOR1_BLOQUE2?VERIFICADOR
            CODE    6819H     0154H     UNIT         ?PR?_ARMAR_TRAMA_MONITOR?VERIFICADOR
            CODE    696DH     0145H     UNIT         ?PR?PROG_HORARIOS?PROG
            CODE    6AB2H     013EH     UNIT         ?PR?PROG_SIN_COBRO?PROG
            CODE    6BF0H     013EH     UNIT         ?PR?SECUENCIA_INICIO_EXPEDIDOR?VERIFICADOR
            CODE    6D2EH     013CH     UNIT         ?PR?LOAD_AND_SEND_ID_COD?PTO_PARALELO
            CODE    6E6AH     0137H     UNIT         ?PR?VER_HORARIO?PROG
            CODE    6FA1H     012BH     UNIT         ?PR?_RESPONDE_LECTURA_TARJETA_SECTOR1_BLOQUE2?VERIFICADOR
            CODE    70CCH     0129H     UNIT         ?PR?LOG?LOG
            CODE    71F5H     0128H     UNIT         ?PR?_VER_HORARIO_DIAS?PROG
            CODE    731DH     011AH     UNIT         ?PR?_PROG_HORARIOS_ON_OFF?PROG
            CODE    7437H     0119H     UNIT         ?PR?_VER_HORARIO_DESDE_HASTA?PROG
            CODE    7550H     0115H     UNIT         ?PR?_VALIDAR_CLK?CLOCK
            CODE    7665H     010FH     UNIT         ?PR?_HORARIOS?VERIFICADOR
            CODE    7774H     010CH     UNIT         ?PR?_ATOL?ATOL
            CODE    7880H     0103H     UNIT         ?PR?_BLOQUE_HORARIO?VERIFICADOR
            CODE    7983H     0100H     UNIT         ?PR?_WR_MF?LINTECH
            CODE    7A83H     00FCH     UNIT         ?PR?PROG_DEBUG?PROG
            CODE    7B7FH     00FCH     UNIT         ?PR?PROG_USE_LPR?PROG
            CODE    7C7BH     00FCH     UNIT         ?PR?TIPO_PANTALLA?PROG
            CODE    7D77H     00FCH     UNIT         ?PR?PROG_ANTIPASSBACK?PROG
            CODE    7E73H     00FCH     UNIT         ?PR?PROG_PLACA?PROG
            CODE    7F6FH     00FCH     UNIT         ?PR?PROG_VALIDAR_TIPO_VEHICULO_MENSUAL?PROG
            CODE    806BH     00FCH     UNIT         ?PR?PROG_APB_MENSUAL?PROG
            CODE    8167H     00F1H     UNIT         ?PR?_WRITE_EEPROM_TICKET?EEPROM
            CODE    8258H     00EAH     UNIT         ?PR?_MOV_CARD?LINTECH
            CODE    8342H     00E9H     UNIT         ?PR?_ARMAR_TRAMA_PTO_PARALELO_EXPEDIDOR_MENSUAL?VERIFICADOR
            CODE    842BH     00E4H     UNIT         ?PR?_STRTOK?STRTOK
BL51 BANKED LINKER/LOCATER V6.22.2.0                                                  07/26/2021  14:55:02  PAGE 4


            CODE    850FH     00DEH     UNIT         ?PR?PROG_ADDRESS_HIGH_BOARD?PROG
            CODE    85EDH     00DCH     UNIT         ?PR?_RTA_CMD_TRANSPORTE?VERIFICADOR
            CODE    86C9H     00DBH     UNIT         ?PR?_ATOI?ATOI
            CODE    87A4H     00D7H     UNIT         ?PR?_ANALIZA_UID_CARD?VERIFICADOR
            CODE    887BH     00D6H     UNIT         ?PR?_CMD_LPR_SALIDA_WIEGAND?ACCESCAN
            CODE    8951H     00D3H     UNIT         ?C_INITSEG
            CODE    8A24H     00CCH     UNIT         ?PR?_GRABA_SERIE?EEPROM
            CODE    8AF0H     00CAH     UNIT         ?PR?READ_EEPROM_TICKET?EEPROM
            CODE    8BBAH     00C9H     UNIT         ?PR?_CHECK_FECHAOUT?CLOCK
            CODE    8C83H     00C5H     UNIT         ?PR?_BLOCK_READ_CLOCK?CLOCK
            CODE    8D48H     00C4H     UNIT         ?PR?_TARJETA_MENSUAL?VERIFICADOR
            CODE    8E0CH     00C3H     UNIT         ?PR?_RD_MF?LINTECH
            CODE    8ECFH     00C2H     UNIT         ?PR?PROG_TARJETA_AUTOMATICA_O_BOTON?PROG
            CODE    8F91H     00C1H     UNIT         ?PR?_RECIBE_CMD_MONITOR?MONITOR
            CODE    9052H     00BFH     UNIT         ?CO?IO_SENSORES
            CODE    9111H     00BEH     UNIT         ?PR?ERROR_RX_PTO?VERIFICADOR
            CODE    91CFH     00BDH     UNIT         ?PR?PROG_COD_PARK?PROG
            CODE    928CH     00BDH     UNIT         ?PR?PROG_TIEMPO_GRACIA?PROG
            CODE    9349H     00BBH     UNIT         ?PR?_VALIDA_TRAMA_MONITOR?MONITOR
            CODE    9404H     00B9H     UNIT         ?CO?TIBBO
            CODE    94BDH     00B6H     UNIT         ?PR?PROG_ID_CLIENTE?PROG
            CODE    9573H     00B5H     UNIT         ?PR?_WAIT_PLACA?VERIFICADOR
            CODE    9628H     00B4H     UNIT         ?PR?_SEND_PORT?PTO_PARALELO
            CODE    96DCH     00ACH     UNIT         ?PR?_HORA_MAXIMA?VERIFICADOR
            CODE    9788H     00AAH     UNIT         ?PR?CLAVE_SEGURIDAD_S2?LINTECH
            CODE    9832H     00A9H     UNIT         ?PR?DWLOAD_EEPROM?LINTECH
            CODE    98DBH     00A7H     UNIT         ?PR?_BLOCK_READ_CLOCK_HEX?CLOCK
            CODE    9982H     00A5H     UNIT         ?PR?_SEND_PTO_PARALELO?VERIFICADOR
            CODE    9A27H     00A4H     UNIT         ?PR?_ARMAR_TRAMA_TARJETA_SECTOR1_BLOQUE1_CAMCEL?VERIFICADOR
            CODE    9ACBH     00A1H     UNIT         ?PR?_BLOCK_WRITE_CLOCK_ASCII?CLOCK
            CODE    9B6CH     009DH     UNIT         ?PR?_INICIALIZA?LINTECH
            CODE    9C09H     009CH     UNIT         ?PR?_RESPUESTA_PLACA_CANCEL?VERIFICADOR
            CODE    9CA5H     009BH     UNIT         ?PR?ENTREGA_CARD_CAPTURA?VERIFICADOR
            CODE    9D40H     009AH     UNIT         ?PR?_RESPONDE_LECTURA_TARJETA_SECTOR1_BLOQUE0?VERIFICADOR
            CODE    9DDAH     009AH     UNIT         ?PR?EXP?EXP
            CODE    9E74H     0099H     UNIT         ?PR?SHOW?PROG
            CODE    9F0DH     0099H     UNIT         ?PR?_RECIBE_PORT?PTO_PARALELO
            CODE    9FA6H     0098H     UNIT         ?PR?_VALIDA_VEHICULO_CARD_MENSUAL?VERIFICADOR
            CODE    A03EH     0096H     UNIT         ?PR?_DISPARO_LOCK_ENTRADA_VEHICULO?VERIFICADOR
            CODE    A0D4H     0091H     UNIT         ?PR?_HEX_ASCII?CLOCK
            CODE    A165H     0091H     UNIT         ?PR?_CARD_INSERCION?LINTECH
            CODE    A1F6H     0090H     UNIT         ?PR?_GETOPTION?PROG
            CODE    A286H     008FH     UNIT         ?PR?_LEE_CLK?CLOCK
            CODE    A315H     008DH     UNIT         ?PR?LOADVERIFY_EEPROM?LINTECH
            CODE    A3A2H     008CH     UNIT         ?C_C51STARTUP
            CODE    A42EH     0088H     UNIT         ?PR?_SEND_PORTERR?PTO_PARALELO
            CODE    A4B6H     0088H     UNIT         ?PR?RX_DATA?TIBBO
            CODE    A53EH     0088H     UNIT         ?PR?UNIQUE_IDENTIFIER_UID?LINTECH
            CODE    A5C6H     0086H     UNIT         ?PR?_CHECK_STATUS?LINTECH
            CODE    A64CH     0084H     UNIT         ?PR?MSJ_LCD_INFORMATIVO?IO_SENSORES
            CODE    A6D0H     0084H     UNIT         ?PR?_DEBUGBUFFERMF?TIBBO
            CODE    A754H     0084H     UNIT         ?PR?_STRSPN?STRSPN
            CODE    A7D8H     0083H     UNIT         ?PR?_RASPBERRY_DATA?PANTALLAS
            CODE    A85BH     0081H     UNIT         ?PR?_STRPBRK?STRPBRK
            CODE    A8DCH     0080H     UNIT         ?PR?_INGRESADATO?PROG
            CODE    A95CH     0080H     UNIT         ?PR?AUT_CARD_CHECK_STATUS?LINTECH
            CODE    A9DCH     0080H     UNIT         ?PR?POWER_OFF?LINTECH
BL51 BANKED LINKER/LOCATER V6.22.2.0                                                  07/26/2021  14:55:02  PAGE 5


            CODE    AA5CH     007FH     UNIT         ?PR?MAIN?MAIN
            CODE    AADBH     007DH     UNIT         ?PR?RELOJ_PANTALLA_LCD?PANTALLAS
            CODE    AB58H     007CH     UNIT         ?PR?RESPONDE_ESTADO_SENSORES_TRANSPORTE?VERIFICADOR
            CODE    ABD4H     0077H     UNIT         ?PR?RESPONDE_TIPO_TARJETA?VERIFICADOR
            CODE    AC4BH     0071H     UNIT         ?PR?_EN_HORARIO?VERIFICADOR
            CODE    ACBCH     006FH     UNIT         ?PR?_ESCRIBIRMEMORIA?EEPROM
            CODE    AD2BH     006CH     UNIT         ?PR?_RESPONDE_WRITE_TARJETA_SECTOR1_BLOQUE2?VERIFICADOR
            CODE    AD97H     006BH     UNIT         ?PR?INGRESO_VEHICULO?VERIFICADOR
            CODE    AE02H     006BH     UNIT         ?PR?_STRCAT?STRCAT
            CODE    AE6DH     0066H     UNIT         ?PR?_LEERMEMORIA?EEPROM
            CODE    AED3H     0062H     UNIT         ?PR?_LISTACOMANDOS?PROG
            CODE    AF35H     005EH     UNIT         ?PR?_BYTEHEX_DECIMAL?CLOCK
            CODE    AF93H     005DH     UNIT         ?PR?_RESPUESTA_SEGUNDA_CLAVE?VERIFICADOR
            CODE    AFF0H     005CH     UNIT         ?PR?_ARMAR_TRAMA_PLACA?VERIFICADOR
            CODE    B04CH     005BH     UNIT         ?PR?VALIDA_SENSOR1_AUTO?IO_SENSORES
            CODE    B0A7H     0056H     UNIT         ?PR?_WR_EEPROM?EEPROM
            CODE    B0FDH     004DH     UNIT         ?PR?VARIABLE_INICIO?MAIN
            CODE    B14AH     004DH     UNIT         ?PR?L_D_M?EEPROM
            CODE    B197H     004CH     UNIT         ?PR?LEE_NO_TICKET?EEPROM
            CODE    B1E3H     004CH     UNIT         ?PR?LOAD_AND_SEND_INFO_RELOJ?PTO_PARALELO
            CODE    B22FH     004BH     UNIT         ?PR?_TX_AUX?TIBBO
            CODE    B27AH     0049H     UNIT         ?PR?_DEBUG_TXT_TIBBO?TIBBO
            CODE    B2C3H     0048H     UNIT         ?PR?FIRST_CLAVE?PROG
            CODE    B30BH     0047H     UNIT         ?PR?_DEBUG_CHR_TIBBO?TIBBO
            CODE    B352H     0047H     UNIT         ?PR?_RESPONDE_WRITE_TARJETA_SECTOR2_BLOQUE0?VERIFICADOR
            CODE    B399H     0046H     UNIT         ?PR?_ESCRIBIRCADENASOFT_BUFFER?MAIN
            CODE    B3DFH     0046H     UNIT         ?PR?_LCD_TXT_NUM_CHAR?PANTALLAS
            CODE    B425H     0046H     UNIT         ?PR?_DEBUG_HEXDEC?TIBBO
            CODE    B46BH     0046H     UNIT         ?PR?_PREGUNTA_LPR?VERIFICADOR
            CODE    B4B1H     0044H     UNIT         ?PR?_LCD_TXT?PANTALLAS
            CODE    B4F5H     0043H     UNIT         ?PR?DIR_BOARD?IO_SENSORES
            CODE    B538H     0042H     UNIT         ?PR?_VALIDARCLAVE?PROG
            CODE    B57AH     0041H     UNIT         ?PR?_MONITOR_CHR?ACCESCAN
            CODE    B5BBH     0041H     UNIT         ?PR?_TWO_ONE?CLOCK
            CODE    B5FCH     0040H     UNIT         ?PR?_GETCMD?PROG
            CODE    B63CH     0040H     UNIT         ?PR?_DEBUG_PTO_PARALELO?TIBBO
            CODE    B67CH     003FH     UNIT         ?PR?_EB_CLK?CLOCK
            CODE    B6BBH     003EH     UNIT         ?PR?_PUTCHAR?MAIN
            CODE    B6F9H     003EH     UNIT         ?PR?TRAMA_VALIDACION_P_N?VERIFICADOR
            CODE    B737H     003DH     UNIT         ?PR?_HEX_BCD?CLOCK
            CODE    B774H     003DH     UNIT         ?PR?_RD_EEPROM?EEPROM
            CODE    B7B1H     003DH     UNIT         ?PR?_DEBUG_MONITOR?TIBBO
            CODE    B7EEH     003DH     UNIT         ?PR?_LOAD_SECUENCIA_EXPEDIDOR?VERIFICADOR
            CODE    B82BH     003BH     UNIT         ?CO?EEPROM
            CODE    B866H     003BH     UNIT         ?PR?_COM_PUTCHAR?UART
            CODE    B8A1H     003AH     UNIT         ?PR?_DELAY_10MS?DELAY
            CODE    B8DBH     003AH     UNIT         ?PR?ANALIZA_CARD_MOUNT_RF?VERIFICADOR
            CODE    B915H     0038H     UNIT         ?PR?VALIDASENSORESPASO?IO_SENSORES
            CODE    B94DH     0036H     UNIT         ?PR?_RESPONDE_WRITE_TARJETA_SECTOR1_BLOQUE1?VERIFICADOR
            CODE    B983H     0036H     UNIT         ?PR?_RESPONDE_WRITE_TARJETA_SECTOR1_BLOQUE0?VERIFICADOR
            CODE    B9B9H     0034H     UNIT         ?PR?INCREMENTE_TICKET?EEPROM
            CODE    B9EDH     0034H     UNIT         ?PR?ADDR_HORARIOS?PROG
            CODE    BA21H     0031H     UNIT         ?PR?_TARJETA_ROTACION?VERIFICADOR
            CODE    BA52H     0030H     UNIT         ?PR?PREGUNTA_PLACA?VERIFICADOR
            CODE    BA82H     002EH     UNIT         ?PR?TIMER0_INT?MAIN
            CODE    BAB0H     002AH     UNIT         ?PR?COM_INITIALIZE?UART
            CODE    BADAH     0028H     UNIT         ?PR?_WR_CLK?CLOCK
BL51 BANKED LINKER/LOCATER V6.22.2.0                                                  07/26/2021  14:55:02  PAGE 6


            CODE    BB02H     0028H     UNIT         ?PR?COM_BAUDRATE?UART
            CODE    BB2AH     0028H     UNIT         ?PR?_ARMAR_TRAMA_TARJETA_SECTOR1_BLOQUE0?VERIFICADOR
            CODE    BB52H     0027H     UNIT         ?PR?_TX_CHRLCD?PANTALLAS
            CODE    BB79H     0026H     UNIT         ?PR?COM_GETCHAR?UART
            CODE    BB9FH     0026H     UNIT         ?PR?ANALIZA_PRESENCIA_MENSUAL?VERIFICADOR
            CODE    BBC5H     0026H     UNIT         ?PR?RX_MONITOR?MONITOR
            CODE    BBEBH     0023H     UNIT         ?PR?ANALIZA_PRESENCIA_ROTACION?VERIFICADOR
            CODE    BC0EH     0022H     UNIT         ?PR?_E_D_M?EEPROM
            CODE    BC30H     0022H     UNIT         ?PR?VALIDASENSOR_CERO?IO_SENSORES
            CODE    BC52H     0021H     UNIT         ?CO?PTO_PARALELO
            CODE    BC73H     0020H     UNIT         ?PR?ACKD?EEPROM
            CODE    BC93H     0020H     UNIT         ?PR?ACK_LECT?EEPROM
            CODE    BCB3H     001FH     UNIT         ?PR?VALIDASENSOR?IO_SENSORES
            CODE    BCD2H     001FH     UNIT         ?PR?TIME_BIT?TIBBO
            CODE    BCF1H     001EH     UNIT         ?PR?_BCD_HEX?CLOCK
            CODE    BD0FH     001BH     UNIT         ?PR?_DELAY_1MS?DELAY
            CODE    BD2AH     0018H     UNIT         ?PR?CLEAR_PLACA?MONITOR
            CODE    BD42H     0017H     UNIT         ?PR?DISPLAYCURSOR?PROG
            CODE    BD59H     0017H     UNIT         ?PR?TIME_MBIT?TIBBO
            CODE    BD70H     0016H     UNIT         ?PR?DIR_BOARD_MONITOR?IO_SENSORES
            CODE    BD86H     0014H     UNIT         ?CO?CLOCK
            CODE    BD9AH     0014H     UNIT         ?PR?_ISSPACE?ISSPACE
            CODE    BDAEH     0012H     UNIT         ?PR?_DELAY_20US?DELAY
            CODE    BDC0H     0012H     UNIT         ?PR?START?EEPROM
            CODE    BDD2H     0012H     UNIT         ?PR?BOTTON?IO_SENSORES
            CODE    BDE4H     0012H     UNIT         ?PR?PULSO_BUS?PTO_PARALELO
            CODE    BDF6H     0012H     UNIT         ?PR?COM_RBUFLEN?UART
            CODE    BE08H     0012H     UNIT         ?PR?COM_TBUFLEN?UART
            CODE    BE1AH     0010H     UNIT         ?PR?INI_TIMER?MAIN
            CODE    BE2AH     0010H     UNIT         ?PR?INICIA_BOARD?MAIN
            CODE    BE3AH     000FH     UNIT         ?PR?_ISDIGIT?ISDIGIT
            CODE    BE49H     000CH     UNIT         ?PR?_GETKEY?MAIN
            CODE    BE55H     000AH     UNIT         ?PR?STOP?EEPROM
            CODE    BE5FH     000AH     UNIT         ?PR?COND_INI_PTO?PTO_PARALELO
            CODE    BE69H     0009H     UNIT         ?PR?DEBUG_DIVIDIR_TEXTO?TIBBO
            CODE    BE72H     0009H     UNIT         ?PR?CAPTURA_EXPULSA?VERIFICADOR
            CODE    BE7BH     0007H     UNIT         ?PR?COND_INI_CLOCK?CLOCK
            CODE    BE82H     0007H     UNIT         ?PR?SEL_FUNCION?IO_SENSORES
            CODE    BE89H     0007H     UNIT         ?PR?SEL_AUTO?IO_SENSORES
            CODE    BE90H     0007H     UNIT         ?PR?SEL_PULSA?IO_SENSORES
            CODE    BE97H     0007H     UNIT         ?PR?SEL_SENSOR2?IO_SENSORES
            CODE    BE9EH     0007H     UNIT         ?PR?SEL_SENSOR1?IO_SENSORES
            CODE    BEA5H     0007H     UNIT         ?PR?SEL_DIR1?IO_SENSORES
            CODE    BEACH     0007H     UNIT         ?PR?SEL_DIR2?IO_SENSORES
            CODE    BEB3H     0006H     UNIT         ?PR?P_ME?EEPROM
            CODE    BEB9H     0005H     UNIT         ?PR?ON_TIMER0_INTERRUP?MAIN
            CODE    BEBEH     0005H     UNIT         ?CO?ACCESCAN
            CODE    BEC3H     0005H     UNIT         ?PR?COND_INI_TIBBO?TIBBO
            CODE    BEC8H     0003H     UNIT         ?PR?OFF_TIMER0_INTERRUP?MAIN
            CODE    BECBH     0001H     UNIT         ?PR?DELAY?DELAY



OVERLAY MAP OF MODULE:   .\Objects\expedidor_v_01_raspberry (MAIN)


SEGMENT                                             BIT_GROUP          DATA_GROUP          XDATA_GROUP
BL51 BANKED LINKER/LOCATER V6.22.2.0                                                  07/26/2021  14:55:02  PAGE 7


  +--> CALLED SEGMENT                            START    LENGTH     START    LENGTH     START    LENGTH
--------------------------------------------------------------------------------------------------------
?C_C51STARTUP                                    -----    -----      -----    -----      -----    -----
  +--> ?PR?MAIN?MAIN
  +--> ?C_INITSEG

?PR?MAIN?MAIN                                    -----    -----      -----    -----      0000H    0001H
  +--> ?PR?INI_TIMER?MAIN
  +--> ?PR?ON_TIMER0_INTERRUP?MAIN
  +--> ?PR?COM_INITIALIZE?UART
  +--> ?PR?COM_BAUDRATE?UART
  +--> ?PR?INICIA_BOARD?MAIN
  +--> ?PR?TIME_BIT?TIBBO
  +--> ?PR?_DELAY_20US?DELAY
  +--> ?PR?TIME_MBIT?TIBBO
  +--> ?PR?_TX_AUX?TIBBO
  +--> ?PR?SEL_FUNCION?IO_SENSORES
  +--> ?PR?MENU?PROG
  +--> ?PR?VARIABLE_INICIO?MAIN
  +--> ?PR?SECUENCIA_INICIO_EXPEDIDOR?VERIFI...
  +--> ?PR?RX_MONITOR?MONITOR
  +--> ?PR?_SECUENCIAEXPEDIDORMF?VERIFICADOR
  +--> ?PR?_RECIBE_PORT?PTO_PARALELO
  +--> ?PR?_DEBUG_PTO_PARALELO?TIBBO
  +--> ?PR?_VALIDA_TRAMA_PTO?ACCESCAN
  +--> ?PR?MSJ_LCD_INFORMATIVO?IO_SENSORES

?PR?COM_INITIALIZE?UART                          -----    -----      -----    -----      -----    -----
  +--> ?PR?COM_BAUDRATE?UART

?PR?INICIA_BOARD?MAIN                            -----    -----      -----    -----      -----    -----
  +--> ?PR?COND_INI_TIBBO?TIBBO
  +--> ?PR?COND_INI_CLOCK?CLOCK
  +--> ?PR?COND_INI_PTO?PTO_PARALELO

?PR?_TX_AUX?TIBBO                                -----    -----      -----    -----      -----    -----
  +--> ?PR?TIME_BIT?TIBBO

?PR?MENU?PROG                                    -----    -----      -----    -----      0001H    0045H
  +--> ?CO?PROG
  +--> ?PR?PRINTF?PRINTF
  +--> ?PR?_RD_EEPROM?EEPROM
  +--> ?PR?FIRST_CLAVE?PROG
  +--> ?PR?_WR_EEPROM?EEPROM
  +--> ?PR?_LEERMEMORIA?EEPROM
  +--> ?PR?_HASH_ID?PROG
  +--> ?PR?_INGRESADATO?PROG
  +--> ?PR?_GETCMD?PROG
  +--> ?PR?_ESCRIBIRMEMORIA?EEPROM
  +--> ?PR?_VALIDARCLAVE?PROG
  +--> ?PR?DISPLAYCURSOR?PROG
  +--> ?PR?_STRLEN?STRLEN
  +--> ?PR?_GETOPTION?PROG
  +--> ?PR?_STRCAT?STRCAT
  +--> ?PR?_LISTACOMANDOS?PROG
  +--> ?PR?PROG_ID_CLIENTE?PROG
  +--> ?PR?PROG_COD_PARK?PROG
BL51 BANKED LINKER/LOCATER V6.22.2.0                                                  07/26/2021  14:55:02  PAGE 8


  +--> ?PR?PROG_TIEMPO_GRACIA?PROG
  +--> ?PR?PROG_SIN_COBRO?PROG
  +--> ?PR?PROG_DEBUG?PROG
  +--> ?PR?PROG_USE_LPR?PROG
  +--> ?PR?TIPO_PANTALLA?PROG
  +--> ?PR?PROG_TARJETA_AUTOMATICA_O_BOTON?PROG
  +--> ?PR?PROG_ANTIPASSBACK?PROG
  +--> ?PR?PROG_PLACA?PROG
  +--> ?PR?PROG_ADDRESS_HIGH_BOARD?PROG
  +--> ?PR?PROG_HORARIOS?PROG
  +--> ?PR?PROG_VALIDAR_TIPO_VEHICULO_MENSUA...
  +--> ?PR?PROG_APB_MENSUAL?PROG
  +--> ?PR?VER_PROG?PROG
  +--> ?PR?SHOW?PROG
  +--> ?PR?PROG_FECHA_VENCIMIENTO?PROG

?PR?PRINTF?PRINTF                                0020H.0  0001H.1    0008H    0005H      0077H    0030H
  +--> ?PR?_PUTCHAR?MAIN

?PR?_PUTCHAR?MAIN                                -----    -----      -----    -----      00A7H    0003H
  +--> ?PR?_COM_PUTCHAR?UART

?PR?_COM_PUTCHAR?UART                            -----    -----      -----    -----      00AAH    0001H
  +--> ?PR?COM_TBUFLEN?UART

?PR?_RD_EEPROM?EEPROM                            -----    -----      -----    -----      -----    -----
  +--> ?PR?START?EEPROM
  +--> ?PR?ACK_LECT?EEPROM
  +--> ?PR?_E_D_M?EEPROM
  +--> ?PR?ACKD?EEPROM
  +--> ?PR?L_D_M?EEPROM
  +--> ?PR?STOP?EEPROM

?PR?ACK_LECT?EEPROM                              -----    -----      -----    -----      -----    -----
  +--> ?PR?_E_D_M?EEPROM

?PR?_E_D_M?EEPROM                                -----    -----      -----    -----      -----    -----
  +--> ?PR?P_ME?EEPROM

?PR?ACKD?EEPROM                                  -----    -----      -----    -----      -----    -----
  +--> ?PR?_E_D_M?EEPROM

?PR?FIRST_CLAVE?PROG                             -----    -----      -----    -----      0046H    000BH
  +--> ?PR?_BLOCK_READ_CLOCK_ASCII?CLOCK
  +--> ?PR?_HASH_ID?PROG
  +--> ?PR?_ESCRIBIRMEMORIA?EEPROM

?PR?_BLOCK_READ_CLOCK_ASCII?CLOCK                -----    -----      -----    -----      0051H    0003H
  +--> ?PR?_LEE_CLK?CLOCK

?PR?_LEE_CLK?CLOCK                               -----    -----      -----    -----      00B1H    0003H
  +--> ?PR?_DELAY_20US?DELAY
  +--> ?PR?_EB_CLK?CLOCK
  +--> ?PR?P_CK?CLOCK

?PR?_EB_CLK?CLOCK                                -----    -----      -----    -----      00B4H    0003H
  +--> ?PR?P_CK?CLOCK
BL51 BANKED LINKER/LOCATER V6.22.2.0                                                  07/26/2021  14:55:02  PAGE 9



?PR?P_CK?CLOCK                                   -----    -----      -----    -----      -----    -----
  +--> ?PR?DELAY?DELAY

?PR?_HASH_ID?PROG                                -----    -----      -----    -----      005DH    003FH
  +--> ?CO?PROG
  +--> ?PR?_LEERMEMORIA?EEPROM
  +--> ?PR?_CHECK_FECHAOUT?CLOCK
  +--> ?PR?_STRLEN?STRLEN

?PR?_LEERMEMORIA?EEPROM                          -----    -----      -----    -----      009CH    0005H
  +--> ?PR?_RD_EEPROM?EEPROM

?PR?_CHECK_FECHAOUT?CLOCK                        -----    -----      -----    -----      009CH    0012H
  +--> ?PR?_BLOCK_READ_CLOCK_HEX?CLOCK

?PR?_BLOCK_READ_CLOCK_HEX?CLOCK                  -----    -----      -----    -----      00AEH    0003H
  +--> ?PR?_LEE_CLK?CLOCK
  +--> ?PR?_BCD_HEX?CLOCK

?PR?_ESCRIBIRMEMORIA?EEPROM                      -----    -----      -----    -----      005DH    0005H
  +--> ?PR?_WR_EEPROM?EEPROM

?PR?_WR_EEPROM?EEPROM                            -----    -----      -----    -----      -----    -----
  +--> ?PR?START?EEPROM
  +--> ?PR?ACKD?EEPROM
  +--> ?PR?_E_D_M?EEPROM
  +--> ?PR?STOP?EEPROM
  +--> ?PR?_DELAY_1MS?DELAY
  +--> ?PR?_DELAY_20US?DELAY

?PR?_DELAY_1MS?DELAY                             -----    -----      -----    -----      -----    -----
  +--> ?PR?_DELAY_20US?DELAY

?PR?_INGRESADATO?PROG                            -----    -----      -----    -----      0071H    0004H
  +--> ?PR?_GETKEY?MAIN
  +--> ?CO?PROG
  +--> ?PR?PRINTF?PRINTF
  +--> ?PR?_PUTCHAR?MAIN

?PR?_GETKEY?MAIN                                 -----    -----      -----    -----      -----    -----
  +--> ?PR?COM_GETCHAR?UART

?PR?COM_GETCHAR?UART                             -----    -----      -----    -----      -----    -----
  +--> ?PR?COM_RBUFLEN?UART

?PR?_GETCMD?PROG                                 -----    -----      -----    -----      005DH    0007H
  +--> ?CO?PROG
  +--> ?PR?_STRTOK?STRTOK

?PR?_STRTOK?STRTOK                               -----    -----      -----    -----      0064H    0006H
  +--> ?PR?_STRSPN?STRSPN
  +--> ?PR?_STRPBRK?STRPBRK

?PR?_STRSPN?STRSPN                               -----    -----      -----    -----      006AH    0008H

?PR?_STRPBRK?STRPBRK                             -----    -----      -----    -----      006AH    0009H
BL51 BANKED LINKER/LOCATER V6.22.2.0                                                  07/26/2021  14:55:02  PAGE 10



?PR?_VALIDARCLAVE?PROG                           -----    -----      -----    -----      005DH    000EH

?PR?DISPLAYCURSOR?PROG                           -----    -----      -----    -----      -----    -----
  +--> ?CO?PROG
  +--> ?PR?PRINTF?PRINTF

?PR?_GETOPTION?PROG                              -----    -----      -----    -----      0046H    000BH
  +--> ?CO?PROG
  +--> ?PR?_STRTOK?STRTOK

?PR?_STRCAT?STRCAT                               -----    -----      -----    -----      0046H    0009H

?PR?_LISTACOMANDOS?PROG                          -----    -----      -----    -----      0046H    0007H

?PR?PROG_ID_CLIENTE?PROG                         -----    -----      -----    -----      0046H    000CH
  +--> ?PR?_RD_EEPROM?EEPROM
  +--> ?CO?PROG
  +--> ?PR?PRINTF?PRINTF
  +--> ?PR?_INGRESADATO?PROG
  +--> ?PR?_ATOI?ATOI
  +--> ?PR?_WR_EEPROM?EEPROM

?PR?_ATOI?ATOI                                   0020H.0  0000H.1    -----    -----      0071H    0005H
  +--> ?PR?_ISSPACE?ISSPACE
  +--> ?PR?_ISDIGIT?ISDIGIT

?PR?PROG_COD_PARK?PROG                           -----    -----      -----    -----      0046H    000CH
  +--> ?PR?_RD_EEPROM?EEPROM
  +--> ?CO?PROG
  +--> ?PR?PRINTF?PRINTF
  +--> ?PR?_INGRESADATO?PROG
  +--> ?PR?_ATOI?ATOI
  +--> ?PR?_WR_EEPROM?EEPROM

?PR?PROG_TIEMPO_GRACIA?PROG                      -----    -----      -----    -----      0046H    000CH
  +--> ?PR?_RD_EEPROM?EEPROM
  +--> ?CO?PROG
  +--> ?PR?PRINTF?PRINTF
  +--> ?PR?_INGRESADATO?PROG
  +--> ?PR?_ATOI?ATOI
  +--> ?PR?_WR_EEPROM?EEPROM

?PR?PROG_SIN_COBRO?PROG                          -----    -----      -----    -----      0046H    000CH
  +--> ?PR?_RD_EEPROM?EEPROM
  +--> ?CO?PROG
  +--> ?PR?PRINTF?PRINTF
  +--> ?PR?_INGRESADATO?PROG
  +--> ?PR?_ATOI?ATOI
  +--> ?PR?_WR_EEPROM?EEPROM

?PR?PROG_DEBUG?PROG                              -----    -----      -----    -----      0046H    000CH
  +--> ?PR?_RD_EEPROM?EEPROM
  +--> ?CO?PROG
  +--> ?PR?PRINTF?PRINTF
  +--> ?PR?_INGRESADATO?PROG
  +--> ?PR?_ATOI?ATOI
BL51 BANKED LINKER/LOCATER V6.22.2.0                                                  07/26/2021  14:55:02  PAGE 11


  +--> ?PR?_WR_EEPROM?EEPROM

?PR?PROG_USE_LPR?PROG                            -----    -----      -----    -----      0046H    000CH
  +--> ?PR?_RD_EEPROM?EEPROM
  +--> ?CO?PROG
  +--> ?PR?PRINTF?PRINTF
  +--> ?PR?_INGRESADATO?PROG
  +--> ?PR?_ATOI?ATOI
  +--> ?PR?_WR_EEPROM?EEPROM

?PR?TIPO_PANTALLA?PROG                           -----    -----      -----    -----      0046H    000CH
  +--> ?PR?_RD_EEPROM?EEPROM
  +--> ?CO?PROG
  +--> ?PR?PRINTF?PRINTF
  +--> ?PR?_INGRESADATO?PROG
  +--> ?PR?_ATOI?ATOI
  +--> ?PR?_WR_EEPROM?EEPROM

?PR?PROG_TARJETA_AUTOMATICA_O_BOTON?PROG         -----    -----      -----    -----      0046H    000CH
  +--> ?PR?_RD_EEPROM?EEPROM
  +--> ?CO?PROG
  +--> ?PR?PRINTF?PRINTF
  +--> ?PR?_INGRESADATO?PROG
  +--> ?PR?_ATOI?ATOI
  +--> ?PR?_WR_EEPROM?EEPROM

?PR?PROG_ANTIPASSBACK?PROG                       -----    -----      -----    -----      0046H    000CH
  +--> ?PR?_RD_EEPROM?EEPROM
  +--> ?CO?PROG
  +--> ?PR?PRINTF?PRINTF
  +--> ?PR?_INGRESADATO?PROG
  +--> ?PR?_ATOI?ATOI
  +--> ?PR?_WR_EEPROM?EEPROM

?PR?PROG_PLACA?PROG                              -----    -----      -----    -----      0046H    000CH
  +--> ?PR?_RD_EEPROM?EEPROM
  +--> ?CO?PROG
  +--> ?PR?PRINTF?PRINTF
  +--> ?PR?_INGRESADATO?PROG
  +--> ?PR?_ATOI?ATOI
  +--> ?PR?_WR_EEPROM?EEPROM

?PR?PROG_ADDRESS_HIGH_BOARD?PROG                 -----    -----      -----    -----      0046H    000CH
  +--> ?PR?_RD_EEPROM?EEPROM
  +--> ?CO?PROG
  +--> ?PR?PRINTF?PRINTF
  +--> ?PR?_INGRESADATO?PROG
  +--> ?PR?_ATOI?ATOI
  +--> ?PR?_WR_EEPROM?EEPROM

?PR?PROG_HORARIOS?PROG                           -----    -----      -----    -----      0046H    001BH
  +--> ?PR?ADDR_HORARIOS?PROG
  +--> ?CO?PROG
  +--> ?PR?PRINTF?PRINTF
  +--> ?PR?_INGRESADATO?PROG
  +--> ?PR?_ATOI?ATOI
  +--> ?PR?_PROG_HORARIOS_ON_OFF?PROG
BL51 BANKED LINKER/LOCATER V6.22.2.0                                                  07/26/2021  14:55:02  PAGE 12


  +--> ?PR?_WR_EEPROM?EEPROM
  +--> ?PR?_PROG_HORARIO_DIAS?PROG
  +--> ?PR?_PROG_HORARIO_DESDE_HASTA?PROG
  +--> ?PR?_RD_EEPROM?EEPROM

?PR?ADDR_HORARIOS?PROG                           -----    -----      -----    -----      0074H    000BH

?PR?_PROG_HORARIOS_ON_OFF?PROG                   -----    -----      -----    -----      0061H    0010H
  +--> ?PR?_RD_EEPROM?EEPROM
  +--> ?CO?PROG
  +--> ?PR?PRINTF?PRINTF
  +--> ?PR?_INGRESADATO?PROG
  +--> ?PR?_ATOI?ATOI
  +--> ?PR?_WR_EEPROM?EEPROM

?PR?_PROG_HORARIO_DIAS?PROG                      -----    -----      -----    -----      0061H    000FH
  +--> ?CO?PROG
  +--> ?PR?PRINTF?PRINTF
  +--> ?PR?_INGRESADATO?PROG
  +--> ?PR?_WR_EEPROM?EEPROM
  +--> ?PR?_RD_EEPROM?EEPROM

?PR?_PROG_HORARIO_DESDE_HASTA?PROG               -----    -----      -----    -----      0061H    000CH
  +--> ?CO?PROG
  +--> ?PR?PRINTF?PRINTF
  +--> ?PR?_INGRESADATO?PROG
  +--> ?PR?_WR_EEPROM?EEPROM
  +--> ?PR?_RD_EEPROM?EEPROM

?PR?PROG_VALIDAR_TIPO_VEHICULO_MENSUA...         -----    -----      -----    -----      0046H    000CH
  +--> ?PR?_RD_EEPROM?EEPROM
  +--> ?CO?PROG
  +--> ?PR?PRINTF?PRINTF
  +--> ?PR?_INGRESADATO?PROG
  +--> ?PR?_ATOI?ATOI
  +--> ?PR?_WR_EEPROM?EEPROM

?PR?PROG_APB_MENSUAL?PROG                        -----    -----      -----    -----      0046H    000CH
  +--> ?PR?_RD_EEPROM?EEPROM
  +--> ?CO?PROG
  +--> ?PR?PRINTF?PRINTF
  +--> ?PR?_INGRESADATO?PROG
  +--> ?PR?_ATOI?ATOI
  +--> ?PR?_WR_EEPROM?EEPROM

?PR?VER_PROG?PROG                                -----    -----      -----    -----      0046H    0013H
  +--> ?PR?_RD_EEPROM?EEPROM
  +--> ?CO?PROG
  +--> ?PR?PRINTF?PRINTF
  +--> ?PR?VER_HORARIO?PROG
  +--> ?PR?_LEERMEMORIA?EEPROM
  +--> ?PR?_HEX_ASCII?CLOCK

?PR?VER_HORARIO?PROG                             -----    -----      -----    -----      0059H    001BH
  +--> ?PR?ADDR_HORARIOS?PROG
  +--> ?CO?PROG
  +--> ?PR?PRINTF?PRINTF
BL51 BANKED LINKER/LOCATER V6.22.2.0                                                  07/26/2021  14:55:02  PAGE 13


  +--> ?PR?_RD_EEPROM?EEPROM
  +--> ?PR?_VER_HORARIO_DIAS?PROG
  +--> ?PR?_VER_HORARIO_DESDE_HASTA?PROG

?PR?_VER_HORARIO_DIAS?PROG                       -----    -----      -----    -----      0074H    0003H
  +--> ?PR?_RD_EEPROM?EEPROM
  +--> ?CO?PROG
  +--> ?PR?PRINTF?PRINTF

?PR?_VER_HORARIO_DESDE_HASTA?PROG                -----    -----      -----    -----      0074H    0002H
  +--> ?CO?PROG
  +--> ?PR?PRINTF?PRINTF
  +--> ?PR?_RD_EEPROM?EEPROM

?PR?_HEX_ASCII?CLOCK                             -----    -----      -----    -----      005DH    0006H
  +--> ?PR?_HEX_BCD?CLOCK

?PR?SHOW?PROG                                    -----    -----      -----    -----      -----    -----
  +--> ?CO?PROG
  +--> ?PR?PRINTF?PRINTF

?PR?PROG_FECHA_VENCIMIENTO?PROG                  -----    -----      -----    -----      0046H    0017H
  +--> ?PR?_LEERMEMORIA?EEPROM
  +--> ?PR?_HEX_ASCII?CLOCK
  +--> ?CO?PROG
  +--> ?PR?PRINTF?PRINTF
  +--> ?PR?_HASH_ID?PROG
  +--> ?PR?_INGRESADATO?PROG
  +--> ?PR?_GETCMD?PROG
  +--> ?PR?_ESCRIBIRMEMORIA?EEPROM
  +--> ?PR?_VALIDARCLAVE?PROG
  +--> ?PR?_ATOI?ATOI
  +--> ?PR?_WR_EEPROM?EEPROM

?PR?VARIABLE_INICIO?MAIN                         -----    -----      -----    -----      -----    -----
  +--> ?PR?_RD_EEPROM?EEPROM

?PR?SECUENCIA_INICIO_EXPEDIDOR?VERIFI...         -----    -----      -----    -----      0001H    0001H
  +--> ?PR?_INICIALIZA?LINTECH
  +--> ?PR?TRAMA_VALIDACION_P_N?VERIFICADOR
  +--> ?CO?VERIFICADOR
  +--> ?PR?_DEBUG_TXT_TIBBO?TIBBO
  +--> ?PR?_DEBUGBUFFERMF?TIBBO
  +--> ?PR?DWLOAD_EEPROM?LINTECH

?PR?_INICIALIZA?LINTECH                          -----    -----      -----    -----      0002H    000CH
  +--> ?CO?LINTECH
  +--> ?PR?_DEBUG_TXT_TIBBO?TIBBO
  +--> ?PR?_DEBUGBUFFERMF?TIBBO
  +--> ?PR?_ESCRIBIRCADENASOFT_BUFFER?MAIN

?PR?_DEBUG_TXT_TIBBO?TIBBO                       -----    -----      -----    -----      004EH    0004H
  +--> ?PR?_DEBUG_CHR_TIBBO?TIBBO
  +--> ?CO?TIBBO
  +--> ?PR?_TX_AUX?TIBBO

?PR?_DEBUG_CHR_TIBBO?TIBBO                       -----    -----      -----    -----      -----    -----
BL51 BANKED LINKER/LOCATER V6.22.2.0                                                  07/26/2021  14:55:02  PAGE 14


  +--> ?PR?_TX_AUX?TIBBO

?PR?_DEBUGBUFFERMF?TIBBO                         -----    -----      -----    -----      0027H    0006H
  +--> ?CO?TIBBO
  +--> ?PR?_DEBUG_TXT_TIBBO?TIBBO
  +--> ?PR?_DEBUG_CHR_TIBBO?TIBBO
  +--> ?PR?_TX_AUX?TIBBO

?PR?_ESCRIBIRCADENASOFT_BUFFER?MAIN              -----    -----      -----    -----      0027H    0006H
  +--> ?PR?_PUTCHAR?MAIN

?PR?TRAMA_VALIDACION_P_N?VERIFICADOR             -----    -----      -----    -----      -----    -----
  +--> ?CO?VERIFICADOR
  +--> ?PR?_DEBUG_TXT_TIBBO?TIBBO

?PR?DWLOAD_EEPROM?LINTECH                        -----    -----      -----    -----      0002H    0016H
  +--> ?CO?LINTECH
  +--> ?PR?_DEBUG_TXT_TIBBO?TIBBO
  +--> ?PR?_DEBUGBUFFERMF?TIBBO
  +--> ?PR?_ESCRIBIRCADENASOFT_BUFFER?MAIN

?PR?RX_MONITOR?MONITOR                           -----    -----      -----    -----      0009H    000DH
  +--> ?PR?_RECIBE_CMD_MONITOR?MONITOR
  +--> ?PR?_DEBUG_MONITOR?TIBBO
  +--> ?PR?_VALIDA_TRAMA_MONITOR?MONITOR

?PR?_RECIBE_CMD_MONITOR?MONITOR                  -----    -----      -----    -----      0016H    0009H
  +--> ?PR?RX_DATA?TIBBO

?PR?RX_DATA?TIBBO                                -----    -----      -----    -----      -----    -----
  +--> ?PR?TIME_MBIT?TIBBO
  +--> ?PR?TIME_BIT?TIBBO

?PR?_DEBUG_MONITOR?TIBBO                         -----    -----      -----    -----      0016H    0004H
  +--> ?PR?DEBUG_DIVIDIR_TEXTO?TIBBO
  +--> ?CO?TIBBO
  +--> ?PR?_DEBUG_TXT_TIBBO?TIBBO

?PR?DEBUG_DIVIDIR_TEXTO?TIBBO                    -----    -----      -----    -----      -----    -----
  +--> ?CO?TIBBO
  +--> ?PR?_DEBUG_TXT_TIBBO?TIBBO

?PR?_VALIDA_TRAMA_MONITOR?MONITOR                -----    -----      -----    -----      0016H    0006H
  +--> ?PR?_DELAY_10MS?DELAY
  +--> ?PR?_TX_AUX?TIBBO

?PR?_DELAY_10MS?DELAY                            -----    -----      -----    -----      001CH    0004H
  +--> ?PR?_DELAY_1MS?DELAY

?PR?_SECUENCIAEXPEDIDORMF?VERIFICADOR            -----    -----      -----    -----      0001H    0001H
  +--> ?PR?_CHECK_STATUS?LINTECH
  +--> ?PR?_LOAD_SECUENCIA_EXPEDIDOR?VERIFIC...
  +--> ?PR?RX_MONITOR?MONITOR
  +--> ?PR?_RTA_CMD_TRANSPORTE?VERIFICADOR
  +--> ?PR?_MOV_CARD?LINTECH
  +--> ?PR?_CARD_INSERCION?LINTECH
  +--> ?PR?AUT_CARD_CHECK_STATUS?LINTECH
BL51 BANKED LINKER/LOCATER V6.22.2.0                                                  07/26/2021  14:55:02  PAGE 15


  +--> ?PR?LOADVERIFY_EEPROM?LINTECH
  +--> ?PR?_RD_MF?LINTECH
  +--> ?PR?_WR_MF?LINTECH
  +--> ?PR?ANALIZA_CARD_MOUNT_RF?VERIFICADOR
  +--> ?PR?DWLOAD_EEPROM?LINTECH
  +--> ?PR?ENTREGA_CARD_CAPTURA?VERIFICADOR
  +--> ?PR?_SEND_PTO_PARALELO?VERIFICADOR
  +--> ?PR?_WAIT_PLACA?VERIFICADOR
  +--> ?PR?UNIQUE_IDENTIFIER_UID?LINTECH
  +--> ?PR?_PREGUNTA_LPR?VERIFICADOR
  +--> ?PR?PREGUNTA_PLACA?VERIFICADOR
  +--> ?PR?_VALIDA_TIPO_TARJETA?VERIFICADOR
  +--> ?PR?POWER_OFF?LINTECH
  +--> ?PR?CLAVE_SEGURIDAD_S2?LINTECH
  +--> ?PR?_RESPONDE_REELECTURA_TARJETA_SECT...
  +--> ?PR?RESPONDE_ESTADO_SENSORES_TRANSPOR...
  +--> ?PR?RESPONDE_TIPO_TARJETA?VERIFICADOR
  +--> ?PR?_RESPONDE_LECTURA_TARJETA_SECTOR1...
  +--> ?PR?_RESPONDE_LECTURA_TARJETA_SECTOR1...
  +--> ?PR?_RESPONDE_LECTURA_TARJETA_SECTOR1...
  +--> ?PR?_RESPONDE_WRITE_TARJETA_SECTOR1_B...
  +--> ?PR?_RESPONDE_WRITE_TARJETA_SECTOR2_B...
  +--> ?PR?_RESPONDE_WRITE_TARJETA_SECTOR1_B...
  +--> ?PR?_RESPONDE_WRITE_TARJETA_SECTOR1_B...
  +--> ?PR?_DISPARO_LOCK_ENTRADA_VEHICULO?VE...
  +--> ?PR?_RESPUESTA_SEGUNDA_CLAVE?VERIFICADOR
  +--> ?PR?ANALIZA_PRESENCIA_MENSUAL?VERIFIC...
  +--> ?PR?_ANALIZA_UID_CARD?VERIFICADOR
  +--> ?PR?ANALIZA_PRESENCIA_ROTACION?VERIFI...
  +--> ?CO?VERIFICADOR
  +--> ?PR?_DEBUG_TXT_TIBBO?TIBBO

?PR?_CHECK_STATUS?LINTECH                        -----    -----      -----    -----      0002H    000BH
  +--> ?CO?LINTECH
  +--> ?PR?_DEBUG_TXT_TIBBO?TIBBO
  +--> ?PR?_DEBUGBUFFERMF?TIBBO
  +--> ?PR?_ESCRIBIRCADENASOFT_BUFFER?MAIN

?PR?_LOAD_SECUENCIA_EXPEDIDOR?VERIFIC...         -----    -----      -----    -----      0002H    0009H

?PR?_RTA_CMD_TRANSPORTE?VERIFICADOR              -----    -----      -----    -----      0002H    0005H
  +--> ?PR?TRAMA_VALIDACION_P_N?VERIFICADOR
  +--> ?CO?VERIFICADOR
  +--> ?PR?_DEBUG_TXT_TIBBO?TIBBO
  +--> ?PR?_DEBUGBUFFERMF?TIBBO
  +--> ?PR?ERROR_RX_PTO?VERIFICADOR

?PR?ERROR_RX_PTO?VERIFICADOR                     -----    -----      -----    -----      0007H    0001H
  +--> ?CO?VERIFICADOR
  +--> ?PR?_DEBUG_TXT_TIBBO?TIBBO
  +--> ?PR?_DEBUG_CHR_TIBBO?TIBBO
  +--> ?PR?_DELAY_10MS?DELAY

?PR?_MOV_CARD?LINTECH                            -----    -----      -----    -----      0002H    000CH
  +--> ?CO?LINTECH
  +--> ?PR?_DEBUG_TXT_TIBBO?TIBBO
  +--> ?PR?_DEBUGBUFFERMF?TIBBO
BL51 BANKED LINKER/LOCATER V6.22.2.0                                                  07/26/2021  14:55:02  PAGE 16


  +--> ?PR?_ESCRIBIRCADENASOFT_BUFFER?MAIN

?PR?_CARD_INSERCION?LINTECH                      -----    -----      -----    -----      0002H    000AH
  +--> ?CO?LINTECH
  +--> ?PR?_DEBUG_TXT_TIBBO?TIBBO
  +--> ?PR?_DEBUGBUFFERMF?TIBBO
  +--> ?PR?_ESCRIBIRCADENASOFT_BUFFER?MAIN

?PR?AUT_CARD_CHECK_STATUS?LINTECH                -----    -----      -----    -----      0002H    000BH
  +--> ?CO?LINTECH
  +--> ?PR?_DEBUG_TXT_TIBBO?TIBBO
  +--> ?PR?_DEBUGBUFFERMF?TIBBO
  +--> ?PR?_ESCRIBIRCADENASOFT_BUFFER?MAIN

?PR?LOADVERIFY_EEPROM?LINTECH                    -----    -----      -----    -----      0002H    0010H
  +--> ?CO?LINTECH
  +--> ?PR?_DEBUG_TXT_TIBBO?TIBBO
  +--> ?PR?_DEBUGBUFFERMF?TIBBO
  +--> ?PR?_ESCRIBIRCADENASOFT_BUFFER?MAIN

?PR?_RD_MF?LINTECH                               -----    -----      -----    -----      0002H    0012H
  +--> ?CO?LINTECH
  +--> ?PR?_DEBUG_TXT_TIBBO?TIBBO
  +--> ?PR?_DEBUG_CHR_TIBBO?TIBBO
  +--> ?PR?_DEBUGBUFFERMF?TIBBO
  +--> ?PR?_ESCRIBIRCADENASOFT_BUFFER?MAIN

?PR?_WR_MF?LINTECH                               -----    -----      -----    -----      0002H    0025H
  +--> ?CO?LINTECH
  +--> ?PR?_DEBUG_TXT_TIBBO?TIBBO
  +--> ?PR?_DEBUG_CHR_TIBBO?TIBBO
  +--> ?PR?_DEBUGBUFFERMF?TIBBO
  +--> ?PR?_ESCRIBIRCADENASOFT_BUFFER?MAIN

?PR?ANALIZA_CARD_MOUNT_RF?VERIFICADOR            -----    -----      -----    -----      0002H    0001H
  +--> ?CO?VERIFICADOR
  +--> ?PR?_DEBUG_TXT_TIBBO?TIBBO

?PR?ENTREGA_CARD_CAPTURA?VERIFICADOR             -----    -----      -----    -----      0002H    0001H
  +--> ?CO?VERIFICADOR
  +--> ?PR?_DEBUG_TXT_TIBBO?TIBBO
  +--> ?PR?SEL_SENSOR2?IO_SENSORES
  +--> ?PR?VALIDASENSOR?IO_SENSORES
  +--> ?PR?VALIDA_SENSOR1_AUTO?IO_SENSORES

?PR?VALIDA_SENSOR1_AUTO?IO_SENSORES              -----    -----      -----    -----      0011H    0001H
  +--> ?PR?SEL_SENSOR1?IO_SENSORES
  +--> ?PR?SEL_AUTO?IO_SENSORES
  +--> ?CO?IO_SENSORES
  +--> ?PR?_DEBUG_TXT_TIBBO?TIBBO
  +--> ?PR?BOTTON?IO_SENSORES

?PR?BOTTON?IO_SENSORES                           -----    -----      -----    -----      -----    -----
  +--> ?PR?SEL_PULSA?IO_SENSORES
  +--> ?CO?IO_SENSORES
  +--> ?PR?_DEBUG_TXT_TIBBO?TIBBO

BL51 BANKED LINKER/LOCATER V6.22.2.0                                                  07/26/2021  14:55:02  PAGE 17


?PR?_SEND_PTO_PARALELO?VERIFICADOR               -----    -----      -----    -----      0002H    0007H
  +--> ?PR?_ARMAR_TRAMA_PTO_PARALELO_EXPEDID...
  +--> ?PR?_ARMAR_TRAMA_PTO_PARALELO_EXPEDID...
  +--> ?PR?INCREMENTE_TICKET?EEPROM
  +--> ?PR?_SEND_PORT?PTO_PARALELO
  +--> ?CO?VERIFICADOR
  +--> ?PR?_DEBUG_TXT_TIBBO?TIBBO
  +--> ?PR?_DEBUGBUFFERMF?TIBBO
  +--> ?PR?CLEAR_PLACA?MONITOR

?PR?_ARMAR_TRAMA_PTO_PARALELO_EXPEDID...         -----    -----      -----    -----      0009H    0006H
  +--> ?PR?_RD_EEPROM?EEPROM

?PR?_ARMAR_TRAMA_PTO_PARALELO_EXPEDID...         -----    -----      -----    -----      0009H    0012H
  +--> ?PR?LEE_NO_TICKET?EEPROM
  +--> ?PR?_STRCAT?STRCAT
  +--> ?PR?_STRLEN?STRLEN
  +--> ?PR?_RD_EEPROM?EEPROM

?PR?LEE_NO_TICKET?EEPROM                         -----    -----      -----    -----      0043H    000BH
  +--> ?PR?READ_EEPROM_TICKET?EEPROM
  +--> ?CO?EEPROM
  +--> ?PR?PRINTF?PRINTF
  +--> ?PR?_STRLEN?STRLEN
  +--> ?PR?_DEBUG_TXT_TIBBO?TIBBO

?PR?READ_EEPROM_TICKET?EEPROM                    -----    -----      -----    -----      004EH    0007H
  +--> ?PR?_RD_EEPROM?EEPROM

?PR?INCREMENTE_TICKET?EEPROM                     -----    -----      -----    -----      0009H    000BH
  +--> ?PR?READ_EEPROM_TICKET?EEPROM
  +--> ?CO?EEPROM
  +--> ?PR?PRINTF?PRINTF
  +--> ?PR?_WRITE_EEPROM_TICKET?EEPROM

?PR?_WRITE_EEPROM_TICKET?EEPROM                  -----    -----      -----    -----      0015H    000BH
  +--> ?CO?EEPROM
  +--> ?PR?_DEBUG_TXT_TIBBO?TIBBO
  +--> ?PR?_ATOL?ATOL
  +--> ?PR?_DEBUG_CHR_TIBBO?TIBBO
  +--> ?PR?_WR_EEPROM?EEPROM

?PR?_ATOL?ATOL                                   0020H.0  0000H.1    -----    -----      0020H    0007H
  +--> ?PR?_ISSPACE?ISSPACE
  +--> ?PR?_ISDIGIT?ISDIGIT

?PR?_SEND_PORT?PTO_PARALELO                      -----    -----      -----    -----      0016H    000AH
  +--> ?PR?PULSO_BUS?PTO_PARALELO
  +--> ?PR?_DELAY_20US?DELAY

?PR?PULSO_BUS?PTO_PARALELO                       -----    -----      -----    -----      -----    -----
  +--> ?PR?_DELAY_20US?DELAY

?PR?_WAIT_PLACA?VERIFICADOR                      -----    -----      -----    -----      0002H    0007H
  +--> ?CO?VERIFICADOR
  +--> ?PR?_DEBUG_TXT_TIBBO?TIBBO
  +--> ?PR?RX_MONITOR?MONITOR
BL51 BANKED LINKER/LOCATER V6.22.2.0                                                  07/26/2021  14:55:02  PAGE 18


  +--> ?PR?_RESPUESTA_PLACA_CANCEL?VERIFICADOR

?PR?_RESPUESTA_PLACA_CANCEL?VERIFICADOR          -----    -----      -----    -----      0009H    000AH
  +--> ?CO?VERIFICADOR
  +--> ?PR?_DEBUG_TXT_TIBBO?TIBBO
  +--> ?PR?_ARMAR_TRAMA_TARJETA_SECTOR1_BLOQ...

?PR?_ARMAR_TRAMA_TARJETA_SECTOR1_BLOQ...         -----    -----      -----    -----      0013H    0004H
  +--> ?PR?CLEAR_PLACA?MONITOR
  +--> ?PR?_RD_EEPROM?EEPROM

?PR?UNIQUE_IDENTIFIER_UID?LINTECH                -----    -----      -----    -----      0002H    000BH
  +--> ?CO?LINTECH
  +--> ?PR?_DEBUG_TXT_TIBBO?TIBBO
  +--> ?PR?_DEBUGBUFFERMF?TIBBO
  +--> ?PR?_ESCRIBIRCADENASOFT_BUFFER?MAIN

?PR?_PREGUNTA_LPR?VERIFICADOR                    -----    -----      -----    -----      0002H    0003H
  +--> ?CO?VERIFICADOR
  +--> ?PR?_DEBUG_TXT_TIBBO?TIBBO
  +--> ?PR?_RD_EEPROM?EEPROM
  +--> ?PR?_ARMAR_TRAMA_MONITOR?VERIFICADOR

?PR?_ARMAR_TRAMA_MONITOR?VERIFICADOR             -----    -----      -----    -----      0005H    000FH
  +--> ?PR?DIR_BOARD_MONITOR?IO_SENSORES
  +--> ?PR?LEE_NO_TICKET?EEPROM
  +--> ?PR?_STRCAT?STRCAT
  +--> ?PR?_BYTEHEX_DECIMAL?CLOCK
  +--> ?PR?_STRLEN?STRLEN
  +--> ?PR?_TWO_BYTEHEX_DECIMAL?CLOCK
  +--> ?PR?_BLOCK_READ_CLOCK_ASCII?CLOCK

?PR?DIR_BOARD_MONITOR?IO_SENSORES                -----    -----      -----    -----      -----    -----
  +--> ?PR?_RD_EEPROM?EEPROM

?PR?_BYTEHEX_DECIMAL?CLOCK                       -----    -----      -----    -----      0014H    0001H

?PR?_TWO_BYTEHEX_DECIMAL?CLOCK                   -----    -----      -----    -----      0014H    000CH
  +--> ?PR?_POW?POW

?PR?_POW?POW                                     -----    -----      -----    -----      0020H    000AH
  +--> ?PR?LOG?LOG
  +--> ?PR?EXP?EXP

?PR?LOG?LOG                                      0020H.0  0000H.1    -----    -----      002AH    0004H

?PR?PREGUNTA_PLACA?VERIFICADOR                   -----    -----      -----    -----      0002H    0001H
  +--> ?CO?VERIFICADOR
  +--> ?PR?_DEBUG_TXT_TIBBO?TIBBO
  +--> ?PR?_RD_EEPROM?EEPROM

?PR?_VALIDA_TIPO_TARJETA?VERIFICADOR             -----    -----      -----    -----      0002H    0007H
  +--> ?CO?VERIFICADOR
  +--> ?PR?_DEBUG_TXT_TIBBO?TIBBO
  +--> ?PR?_RD_EEPROM?EEPROM
  +--> ?PR?_TARJETA_MENSUAL?VERIFICADOR
  +--> ?PR?_SEND_PORTERR?PTO_PARALELO
BL51 BANKED LINKER/LOCATER V6.22.2.0                                                  07/26/2021  14:55:02  PAGE 19


  +--> ?PR?_PANTALLALCD?PANTALLAS
  +--> ?PR?CAPTURA_EXPULSA?VERIFICADOR
  +--> ?PR?_TARJETA_ROTACION?VERIFICADOR

?PR?_TARJETA_MENSUAL?VERIFICADOR                 -----    -----      -----    -----      0009H    0007H
  +--> ?PR?_HORARIOS?VERIFICADOR
  +--> ?PR?_CHECK_FECHAOUT?CLOCK
  +--> ?PR?_VALIDA_VEHICULO_CARD_MENSUAL?VER...
  +--> ?PR?CAPTURA_EXPULSA?VERIFICADOR
  +--> ?CO?VERIFICADOR
  +--> ?PR?_DEBUG_TXT_TIBBO?TIBBO
  +--> ?PR?_ARMAR_TRAMA_TARJETA_SECTOR1_BLOQ...
  +--> ?PR?_SEND_PORTERR?PTO_PARALELO
  +--> ?PR?_PANTALLALCD?PANTALLAS

?PR?_HORARIOS?VERIFICADOR                        -----    -----      -----    -----      0010H    0013H
  +--> ?PR?ADDR_HORARIOS?PROG
  +--> ?PR?_RD_EEPROM?EEPROM
  +--> ?PR?_LEE_CLK?CLOCK
  +--> ?CO?VERIFICADOR
  +--> ?PR?_DEBUG_TXT_TIBBO?TIBBO
  +--> ?PR?_DEBUG_CHR_TIBBO?TIBBO
  +--> ?PR?_BLOQUE_HORARIO?VERIFICADOR
  +--> ?PR?_PANTALLALCD?PANTALLAS

?PR?_BLOQUE_HORARIO?VERIFICADOR                  -----    -----      -----    -----      0023H    0007H
  +--> ?CO?VERIFICADOR
  +--> ?PR?_DEBUG_TXT_TIBBO?TIBBO
  +--> ?PR?_LEE_CLK?CLOCK
  +--> ?PR?_DEBUG_CHR_TIBBO?TIBBO
  +--> ?PR?_HORA_MAXIMA?VERIFICADOR
  +--> ?PR?_EN_HORARIO?VERIFICADOR
  +--> ?PR?_RD_EEPROM?EEPROM
  +--> ?PR?_SEND_PORTERR?PTO_PARALELO
  +--> ?PR?_PANTALLALCD?PANTALLAS

?PR?_HORA_MAXIMA?VERIFICADOR                     -----    -----      -----    -----      002FH    0008H
  +--> ?PR?_RD_EEPROM?EEPROM
  +--> ?PR?_DEBUG_CHR_TIBBO?TIBBO
  +--> ?CO?VERIFICADOR
  +--> ?PR?_DEBUG_TXT_TIBBO?TIBBO

?PR?_EN_HORARIO?VERIFICADOR                      -----    -----      -----    -----      002AH    0005H
  +--> ?CO?VERIFICADOR
  +--> ?PR?_DEBUG_TXT_TIBBO?TIBBO
  +--> ?PR?_HORA_MAXIMA?VERIFICADOR

?PR?_SEND_PORTERR?PTO_PARALELO                   -----    -----      -----    -----      002AH    0006H
  +--> ?PR?PULSO_BUS?PTO_PARALELO
  +--> ?PR?_DELAY_20US?DELAY

?PR?_PANTALLALCD?PANTALLAS                       -----    -----      -----    -----      002AH    000AH
  +--> ?CO?PANTALLAS
  +--> ?PR?_LCD_TXT?PANTALLAS
  +--> ?PR?_STRLEN?STRLEN
  +--> ?PR?_TX_CHRLCD?PANTALLAS
  +--> ?PR?_RASPBERRY_DATA?PANTALLAS
BL51 BANKED LINKER/LOCATER V6.22.2.0                                                  07/26/2021  14:55:02  PAGE 20



?PR?_LCD_TXT?PANTALLAS                           -----    -----      -----    -----      0043H    0005H
  +--> ?PR?_TX_CHRLCD?PANTALLAS

?PR?_TX_CHRLCD?PANTALLAS                         -----    -----      -----    -----      0048H    0002H
  +--> ?PR?_PUTCHAR?MAIN

?PR?_RASPBERRY_DATA?PANTALLAS                    -----    -----      -----    -----      0043H    0006H
  +--> ?PR?_STRLEN?STRLEN
  +--> ?PR?_PUTCHAR?MAIN

?PR?_VALIDA_VEHICULO_CARD_MENSUAL?VER...         -----    -----      -----    -----      0010H    0004H
  +--> ?CO?VERIFICADOR
  +--> ?PR?_DEBUG_TXT_TIBBO?TIBBO
  +--> ?PR?_RD_EEPROM?EEPROM
  +--> ?PR?_SEND_PORTERR?PTO_PARALELO

?PR?_ARMAR_TRAMA_TARJETA_SECTOR1_BLOQ...         -----    -----      -----    -----      0010H    0006H
  +--> ?PR?_BLOCK_READ_CLOCK_HEX?CLOCK
  +--> ?PR?DIR_BOARD?IO_SENSORES

?PR?DIR_BOARD?IO_SENSORES                        -----    -----      -----    -----      0032H    0001H
  +--> ?PR?SEL_DIR1?IO_SENSORES
  +--> ?PR?SEL_DIR2?IO_SENSORES
  +--> ?PR?_RD_EEPROM?EEPROM

?PR?_TARJETA_ROTACION?VERIFICADOR                -----    -----      -----    -----      0009H    0006H
  +--> ?PR?_ARMAR_TRAMA_TARJETA_SECTOR1_BLOQ...

?PR?POWER_OFF?LINTECH                            -----    -----      -----    -----      0002H    000BH
  +--> ?CO?LINTECH
  +--> ?PR?_DEBUG_TXT_TIBBO?TIBBO
  +--> ?PR?_DEBUGBUFFERMF?TIBBO
  +--> ?PR?_ESCRIBIRCADENASOFT_BUFFER?MAIN

?PR?CLAVE_SEGURIDAD_S2?LINTECH                   -----    -----      -----    -----      0002H    0016H
  +--> ?CO?LINTECH
  +--> ?PR?_DEBUG_TXT_TIBBO?TIBBO
  +--> ?PR?_DEBUGBUFFERMF?TIBBO
  +--> ?PR?_ESCRIBIRCADENASOFT_BUFFER?MAIN

?PR?_RESPONDE_REELECTURA_TARJETA_SECT...         -----    -----      -----    -----      0002H    000AH
  +--> ?CO?VERIFICADOR
  +--> ?PR?_DEBUG_TXT_TIBBO?TIBBO
  +--> ?PR?_DEBUGBUFFERMF?TIBBO
  +--> ?PR?_ARMAR_TRAMA_TARJETA_SECTOR1_BLOQ...

?PR?_ARMAR_TRAMA_TARJETA_SECTOR1_BLOQ...         -----    -----      -----    -----      000CH    0003H
  +--> ?PR?LEE_NO_TICKET?EEPROM

?PR?RESPONDE_ESTADO_SENSORES_TRANSPOR...         -----    -----      -----    -----      0002H    0001H
  +--> ?CO?VERIFICADOR
  +--> ?PR?_DEBUG_TXT_TIBBO?TIBBO
  +--> ?PR?_SEND_PORTERR?PTO_PARALELO
  +--> ?PR?INGRESO_VEHICULO?VERIFICADOR

?PR?INGRESO_VEHICULO?VERIFICADOR                 -----    -----      -----    -----      -----    -----
BL51 BANKED LINKER/LOCATER V6.22.2.0                                                  07/26/2021  14:55:02  PAGE 21


  +--> ?PR?VALIDASENSORESPASO?IO_SENSORES
  +--> ?PR?_RD_EEPROM?EEPROM
  +--> ?CO?VERIFICADOR
  +--> ?PR?_DEBUG_TXT_TIBBO?TIBBO
  +--> ?PR?_PANTALLALCD?PANTALLAS
  +--> ?PR?BOTTON?IO_SENSORES

?PR?VALIDASENSORESPASO?IO_SENSORES               -----    -----      -----    -----      0010H    0001H
  +--> ?PR?SEL_SENSOR2?IO_SENSORES
  +--> ?PR?VALIDASENSOR?IO_SENSORES
  +--> ?PR?VALIDA_SENSOR1_AUTO?IO_SENSORES
  +--> ?CO?IO_SENSORES
  +--> ?PR?_DEBUG_TXT_TIBBO?TIBBO

?PR?RESPONDE_TIPO_TARJETA?VERIFICADOR            -----    -----      -----    -----      0002H    0001H
  +--> ?CO?VERIFICADOR
  +--> ?PR?_DEBUG_TXT_TIBBO?TIBBO
  +--> ?PR?_SEND_PORTERR?PTO_PARALELO
  +--> ?PR?_PANTALLALCD?PANTALLAS
  +--> ?PR?CAPTURA_EXPULSA?VERIFICADOR

?PR?_RESPONDE_LECTURA_TARJETA_SECTOR1...         -----    -----      -----    -----      0002H    0016H
  +--> ?CO?VERIFICADOR
  +--> ?PR?_DEBUG_TXT_TIBBO?TIBBO
  +--> ?PR?_DEBUGBUFFERMF?TIBBO
  +--> ?PR?_RD_EEPROM?EEPROM
  +--> ?PR?_DEBUG_HEXDEC?TIBBO
  +--> ?PR?_DEBUG_CHR_TIBBO?TIBBO
  +--> ?PR?_SEND_PORTERR?PTO_PARALELO
  +--> ?PR?_PANTALLALCD?PANTALLAS
  +--> ?PR?CAPTURA_EXPULSA?VERIFICADOR

?PR?_DEBUG_HEXDEC?TIBBO                          -----    -----      -----    -----      0018H    0002H
  +--> ?PR?_TX_AUX?TIBBO

?PR?_RESPONDE_LECTURA_TARJETA_SECTOR1...         -----    -----      -----    -----      0002H    0004H
  +--> ?CO?VERIFICADOR
  +--> ?PR?_DEBUG_TXT_TIBBO?TIBBO
  +--> ?PR?CAPTURA_EXPULSA?VERIFICADOR

?PR?_RESPONDE_LECTURA_TARJETA_SECTOR1...         -----    -----      -----    -----      0002H    0015H
  +--> ?CO?VERIFICADOR
  +--> ?PR?_DEBUG_TXT_TIBBO?TIBBO
  +--> ?PR?_DEBUGBUFFERMF?TIBBO
  +--> ?PR?_DEBUG_CHR_TIBBO?TIBBO
  +--> ?PR?CAPTURA_EXPULSA?VERIFICADOR

?PR?_RESPONDE_WRITE_TARJETA_SECTOR1_B...         -----    -----      -----    -----      0002H    0007H
  +--> ?CO?VERIFICADOR
  +--> ?PR?_DEBUG_TXT_TIBBO?TIBBO
  +--> ?PR?_DEBUGBUFFERMF?TIBBO

?PR?_RESPONDE_WRITE_TARJETA_SECTOR2_B...         -----    -----      -----    -----      0002H    0003H
  +--> ?CO?VERIFICADOR
  +--> ?PR?_DEBUG_TXT_TIBBO?TIBBO
  +--> ?PR?_DEBUGBUFFERMF?TIBBO

BL51 BANKED LINKER/LOCATER V6.22.2.0                                                  07/26/2021  14:55:02  PAGE 22


?PR?_RESPONDE_WRITE_TARJETA_SECTOR1_B...         -----    -----      -----    -----      0002H    0003H
  +--> ?CO?VERIFICADOR
  +--> ?PR?_DEBUG_TXT_TIBBO?TIBBO
  +--> ?PR?_DEBUGBUFFERMF?TIBBO

?PR?_RESPONDE_WRITE_TARJETA_SECTOR1_B...         -----    -----      -----    -----      0002H    0003H
  +--> ?CO?VERIFICADOR
  +--> ?PR?_DEBUG_TXT_TIBBO?TIBBO
  +--> ?PR?_DEBUGBUFFERMF?TIBBO

?PR?_DISPARO_LOCK_ENTRADA_VEHICULO?VE...         -----    -----      -----    -----      0002H    0004H
  +--> ?CO?VERIFICADOR
  +--> ?PR?_DEBUG_TXT_TIBBO?TIBBO
  +--> ?PR?_SEND_PORTERR?PTO_PARALELO
  +--> ?PR?_PANTALLALCD_LINEA_2?PANTALLAS
  +--> ?PR?VALIDA_SENSOR1_AUTO?IO_SENSORES
  +--> ?PR?_PANTALLALCD?PANTALLAS

?PR?_PANTALLALCD_LINEA_2?PANTALLAS               -----    -----      -----    -----      0010H    0033H
  +--> ?CO?PANTALLAS
  +--> ?PR?_LCD_TXT?PANTALLAS
  +--> ?PR?_STRLEN?STRLEN
  +--> ?PR?_TX_CHRLCD?PANTALLAS
  +--> ?PR?_RASPBERRY_DATA?PANTALLAS
  +--> ?PR?LEE_NO_TICKET?EEPROM
  +--> ?PR?_STRCAT?STRCAT

?PR?_RESPUESTA_SEGUNDA_CLAVE?VERIFICADOR         -----    -----      -----    -----      0002H    0006H
  +--> ?CO?VERIFICADOR
  +--> ?PR?_DEBUG_TXT_TIBBO?TIBBO
  +--> ?PR?_DEBUGBUFFERMF?TIBBO
  +--> ?PR?_ARMAR_TRAMA_PLACA?VERIFICADOR

?PR?_ARMAR_TRAMA_PLACA?VERIFICADOR               -----    -----      -----    -----      0008H    0003H
  +--> ?PR?_STRLEN?STRLEN

?PR?ANALIZA_PRESENCIA_MENSUAL?VERIFIC...         -----    -----      -----    -----      0002H    0001H
  +--> ?PR?VALIDASENSORESPASO?IO_SENSORES
  +--> ?PR?_SEND_PORTERR?PTO_PARALELO
  +--> ?PR?_PANTALLALCD?PANTALLAS

?PR?_ANALIZA_UID_CARD?VERIFICADOR                -----    -----      -----    -----      0002H    0015H
  +--> ?CO?VERIFICADOR
  +--> ?PR?_DEBUG_TXT_TIBBO?TIBBO
  +--> ?PR?_DEBUGBUFFERMF?TIBBO
  +--> ?PR?_DEBUG_CHR_TIBBO?TIBBO

?PR?ANALIZA_PRESENCIA_ROTACION?VERIFI...         -----    -----      -----    -----      0002H    0001H
  +--> ?PR?VALIDASENSORESPASO?IO_SENSORES
  +--> ?PR?_SEND_PORTERR?PTO_PARALELO
  +--> ?PR?_PANTALLALCD?PANTALLAS

?PR?_RECIBE_PORT?PTO_PARALELO                    -----    -----      -----    -----      0001H    0008H
  +--> ?PR?OFF_TIMER0_INTERRUP?MAIN
  +--> ?PR?ON_TIMER0_INTERRUP?MAIN

?PR?_DEBUG_PTO_PARALELO?TIBBO                    -----    -----      -----    -----      0001H    0004H
BL51 BANKED LINKER/LOCATER V6.22.2.0                                                  07/26/2021  14:55:02  PAGE 23


  +--> ?CO?TIBBO
  +--> ?PR?_DEBUG_TXT_TIBBO?TIBBO
  +--> ?PR?_DEBUGBUFFERMF?TIBBO
  +--> ?PR?DEBUG_DIVIDIR_TEXTO?TIBBO

?PR?_VALIDA_TRAMA_PTO?ACCESCAN                   -----    -----      -----    -----      0001H    000FH
  +--> ?PR?_VALIDAR_CLK?CLOCK
  +--> ?PR?_BLOCK_WRITE_CLOCK_ASCII?CLOCK
  +--> ?PR?RELOJ_PANTALLA_LCD?PANTALLAS
  +--> ?PR?_PANTALLALCD?PANTALLAS
  +--> ?CO?ACCESCAN
  +--> ?PR?_DEBUG_TXT_TIBBO?TIBBO
  +--> ?PR?_BYTEHEX_DECIMAL?CLOCK
  +--> ?PR?_TWO_BYTEHEX_DECIMAL?CLOCK
  +--> ?PR?VALIDASENSORESPASO?IO_SENSORES
  +--> ?PR?_CMD_LPR_SALIDA_WIEGAND?ACCESCAN
  +--> ?PR?_PANTALLALCD_LINEA_2?PANTALLAS
  +--> ?PR?_GRABA_SERIE?EEPROM

?PR?_BLOCK_WRITE_CLOCK_ASCII?CLOCK               -----    -----      -----    -----      0010H    0003H
  +--> ?CO?CLOCK
  +--> ?PR?_DEBUG_TXT_TIBBO?TIBBO
  +--> ?PR?_TWO_ONE?CLOCK
  +--> ?PR?_WR_CLK?CLOCK

?PR?_WR_CLK?CLOCK                                -----    -----      -----    -----      0013H    0002H
  +--> ?PR?_DELAY_20US?DELAY
  +--> ?PR?_EB_CLK?CLOCK

?PR?RELOJ_PANTALLA_LCD?PANTALLAS                 -----    -----      -----    -----      0010H    000DH
  +--> ?CO?PANTALLAS
  +--> ?PR?_BLOCK_READ_CLOCK?CLOCK
  +--> ?PR?_LCD_TXT_NUM_CHAR?PANTALLAS
  +--> ?PR?_BLOCK_READ_CLOCK_ASCII_RASBERRY?...
  +--> ?PR?_STRCAT?STRCAT
  +--> ?PR?_RASPBERRY_DATA?PANTALLAS

?PR?_BLOCK_READ_CLOCK?CLOCK                      -----    -----      -----    -----      001DH    0003H
  +--> ?PR?_LEE_CLK?CLOCK

?PR?_LCD_TXT_NUM_CHAR?PANTALLAS                  -----    -----      -----    -----      001DH    0006H
  +--> ?PR?_TX_CHRLCD?PANTALLAS

?PR?_BLOCK_READ_CLOCK_ASCII_RASBERRY?...         -----    -----      -----    -----      001DH    0003H
  +--> ?PR?_LEE_CLK?CLOCK

?PR?_CMD_LPR_SALIDA_WIEGAND?ACCESCAN             -----    -----      -----    -----      0010H    0022H
  +--> ?PR?DIR_BOARD?IO_SENSORES
  +--> ?PR?_BLOCK_READ_CLOCK_ASCII?CLOCK
  +--> ?PR?_MONITOR_CHR?ACCESCAN

?PR?_MONITOR_CHR?ACCESCAN                        -----    -----      -----    -----      0032H    0005H
  +--> ?PR?_TX_AUX?TIBBO

?PR?_GRABA_SERIE?EEPROM                          -----    -----      -----    -----      0010H    0005H
  +--> ?CO?EEPROM
  +--> ?PR?_DEBUG_TXT_TIBBO?TIBBO
BL51 BANKED LINKER/LOCATER V6.22.2.0                                                  07/26/2021  14:55:02  PAGE 24


  +--> ?PR?_WRITE_EEPROM_TICKET?EEPROM
  +--> ?PR?_WR_EEPROM?EEPROM

?PR?MSJ_LCD_INFORMATIVO?IO_SENSORES              -----    -----      -----    -----      0001H    0001H
  +--> ?PR?SEL_FUNCION?IO_SENSORES
  +--> ?PR?VALIDASENSOR_CERO?IO_SENSORES
  +--> ?PR?LOAD_AND_SEND_INFO_RELOJ?PTO_PARA...
  +--> ?PR?VALIDASENSOR?IO_SENSORES
  +--> ?PR?_DELAY_10MS?DELAY
  +--> ?PR?LOAD_AND_SEND_ID_COD?PTO_PARALELO

?PR?LOAD_AND_SEND_INFO_RELOJ?PTO_PARA...         -----    -----      -----    -----      0002H    000BH
  +--> ?PR?_BLOCK_READ_CLOCK?CLOCK
  +--> ?PR?_LEE_CLK?CLOCK
  +--> ?CO?PTO_PARALELO
  +--> ?PR?_DEBUG_TXT_TIBBO?TIBBO
  +--> ?PR?_DEBUGBUFFERMF?TIBBO
  +--> ?PR?DEBUG_DIVIDIR_TEXTO?TIBBO
  +--> ?PR?_SEND_PORT?PTO_PARALELO

?PR?LOAD_AND_SEND_ID_COD?PTO_PARALELO            -----    -----      -----    -----      0002H    0014H
  +--> ?PR?_RD_EEPROM?EEPROM
  +--> ?CO?PTO_PARALELO
  +--> ?PR?PRINTF?PRINTF
  +--> ?PR?_STRCAT?STRCAT
  +--> ?PR?_STRLEN?STRLEN
  +--> ?PR?_DEBUG_TXT_TIBBO?TIBBO
  +--> ?PR?_DEBUGBUFFERMF?TIBBO
  +--> ?PR?DEBUG_DIVIDIR_TEXTO?TIBBO
  +--> ?PR?_SEND_PORT?PTO_PARALELO



SYMBOL TABLE OF MODULE:  .\Objects\expedidor_v_01_raspberry (MAIN)

  VALUE           TYPE          NAME
  ----------------------------------

  -------         MODULE        MAIN
  C:0000H         SYMBOL        _ICE_DUMMY_
  D:0080H         PUBLIC        P0
  D:0090H         PUBLIC        P1
  C:BA82H         PUBLIC        timer0_int
  D:00B0H         PUBLIC        P3
  B:00A8H.7       PUBLIC        EA
  C:BEC8H         PUBLIC        off_Timer0_Interrup
  X:016CH         PUBLIC        ValTimeOutCom
  X:016DH         PUBLIC        Buffer_Rta_Lintech
  X:019FH         PUBLIC        Timer_wait
  B:0021H.1       PUBLIC        pto_paraleo
  X:01A0H         PUBLIC        g_cContByteRx
  B:0080H.0       PUBLIC        rx_ip
  C:AA5CH         PUBLIC        main
  X:01A1H         PUBLIC        Timer_tivo
  B:0080H.3       PUBLIC        Atascado_GP0_PIN_3
  C:B0FDH         PUBLIC        variable_inicio
  B:0090H.7       PUBLIC        lock
BL51 BANKED LINKER/LOCATER V6.22.2.0                                                  07/26/2021  14:55:02  PAGE 25


  I:0023H         PUBLIC        rbuf
  C:BEB9H         PUBLIC        on_Timer0_Interrup
  I:0055H         PUBLIC        tbuf
  B:0090H.1       PUBLIC        DataIn
  D:0089H         PUBLIC        TMOD
  X:01A3H         PUBLIC        USE_LPR
  X:01A4H         PUBLIC        Debug_Tibbo
  X:01A5H         PUBLIC        Raspberry
  X:01A6H         PUBLIC        SIN_COBRO
  X:01A8H         PUBLIC        Tipo_Vehiculo
  B:00B0H.3       PUBLIC        busy
  C:BE1AH         PUBLIC        ini_timer
  B:00A8H.1       PUBLIC        ET0
  B:0088H.5       PUBLIC        TF0
  D:008CH         PUBLIC        TH0
  X:01A9H         PUBLIC        ACK
  X:01AAH         PUBLIC        g_cEstadoComSoft
  D:008AH         PUBLIC        TL0
  B:0088H.4       PUBLIC        TR0
  C:BE2AH         PUBLIC        inicia_board
  X:01ABH         PUBLIC        T_GRACIA
  B:0080H.7       PUBLIC        sel_com
  X:01ADH         PUBLIC        STX_LINTECH
  C:BE49H         PUBLIC        _getkey
  X:01AEH         PUBLIC        ETX
  C:B399H         PUBLIC        _EscribirCadenaSoft_buffer
  B:0021H.2       PUBLIC        buffer_ready
  C:B6BBH         PUBLIC        _putchar
  B:0021H.3       PUBLIC        placa_ready
  -------         PROC          TIMER0_INT
  C:BA82H         LINE#         16
  C:BA88H         LINE#         19
  C:BA8EH         LINE#         20
  C:BA93H         LINE#         21
  C:BA93H         LINE#         22
  C:BA99H         LINE#         23
  C:BA99H         LINE#         25
  C:BAA7H         LINE#         26
  C:BAA9H         LINE#         28
  -------         ENDPROC       TIMER0_INT
  -------         PROC          INI_TIMER
  C:BE1AH         LINE#         31
  C:BE1AH         LINE#         32
  C:BE1AH         LINE#         34
  C:BE22H         LINE#         36
  C:BE25H         LINE#         37
  C:BE27H         LINE#         38
  C:BE29H         LINE#         40
  -------         ENDPROC       INI_TIMER
  -------         PROC          ON_TIMER0_INTERRUP
  C:BEB9H         LINE#         43
  C:BEB9H         LINE#         44
  C:BEB9H         LINE#         45
  C:BEBBH         LINE#         46
  C:BEBDH         LINE#         48
  -------         ENDPROC       ON_TIMER0_INTERRUP
  -------         PROC          OFF_TIMER0_INTERRUP
BL51 BANKED LINKER/LOCATER V6.22.2.0                                                  07/26/2021  14:55:02  PAGE 26


  C:BEC8H         LINE#         51
  C:BEC8H         LINE#         52
  C:BEC8H         LINE#         53
  C:BECAH         LINE#         55
  -------         ENDPROC       OFF_TIMER0_INTERRUP
  -------         PROC          _GETKEY
  -------         DO            
  D:0006H         SYMBOL        k
  -------         ENDDO         
  C:BE49H         LINE#         63
  C:BE49H         LINE#         64
  C:BE49H         LINE#         68
  C:BE49H         LINE#         69
  C:BE4CH         LINE#         70
  C:BE4CH         LINE#         71
  C:BE54H         LINE#         73
  C:BE54H         LINE#         74
  -------         ENDPROC       _GETKEY
  -------         PROC          _PUTCHAR
  X:00A7H         SYMBOL        c
  -------         DO            
  X:00A8H         SYMBOL        i
  -------         ENDDO         
  C:B6BBH         LINE#         78
  C:B6C0H         LINE#         79
  C:B6C0H         LINE#         82
  C:B6CFH         LINE#         83
  C:B6CFH         LINE#         84
  C:B6E5H         LINE#         85
  C:B6E5H         LINE#         87
  C:B6F3H         LINE#         88
  C:B6F3H         LINE#         90
  C:B6F8H         LINE#         91
  -------         ENDPROC       _PUTCHAR
  -------         PROC          _ESCRIBIRCADENASOFT_BUFFER
  X:0027H         SYMBOL        buffer
  X:002AH         SYMBOL        tamano_cadena
  -------         DO            
  X:002BH         SYMBOL        i
  X:002CH         SYMBOL        d
  -------         ENDDO         
  C:B399H         LINE#         95
  C:B3A7H         LINE#         96
  C:B3A7H         LINE#         98
  C:B3B5H         LINE#         99
  C:B3B5H         LINE#         100
  C:B3CCH         LINE#         101
  C:B3D6H         LINE#         102
  C:B3DEH         LINE#         103
  -------         ENDPROC       _ESCRIBIRCADENASOFT_BUFFER
  -------         PROC          INICIA_BOARD
  C:BE2AH         LINE#         108
  C:BE2AH         LINE#         109
  C:BE2AH         LINE#         110
  C:BE2DH         LINE#         111
  C:BE30H         LINE#         112
  C:BE33H         LINE#         113
BL51 BANKED LINKER/LOCATER V6.22.2.0                                                  07/26/2021  14:55:02  PAGE 27


  C:BE35H         LINE#         114
  C:BE37H         LINE#         115
  C:BE39H         LINE#         117
  -------         ENDPROC       INICIA_BOARD
  -------         PROC          VARIABLE_INICIO
  C:B0FDH         LINE#         122
  C:B0FDH         LINE#         123
  C:B0FDH         LINE#         126
  C:B10EH         LINE#         127
  C:B11FH         LINE#         128
  C:B12DH         LINE#         129
  C:B13BH         LINE#         130
  C:B149H         LINE#         132
  -------         ENDPROC       VARIABLE_INICIO
  -------         PROC          MAIN
  -------         DO            
  X:0143H         SYMBOL        buffer
  X:016BH         SYMBOL        Estado_Comunicacion_Secuencia_MF
  X:0000H         SYMBOL        Length_trama
  -------         ENDDO         
  C:AA5CH         LINE#         140
  C:AA5CH         LINE#         141
  C:AA5CH         LINE#         148
  C:AA5FH         LINE#         149
  C:AA62H         LINE#         150
  C:AA65H         LINE#         151
  C:AA68H         LINE#         152
  C:AA6BH         LINE#         153
  C:AA6DH         LINE#         155
  C:AA70H         LINE#         156
  C:AA77H         LINE#         157
  C:AA7AH         LINE#         159
  C:AA7FH         LINE#         161
  C:AA82H         LINE#         163
  C:AA85H         LINE#         164
  C:AA85H         LINE#         165
  C:AA88H         LINE#         166
  C:AA88H         LINE#         169
  C:AA8BH         LINE#         170
  C:AA91H         LINE#         171
  C:AA97H         LINE#         173
  C:AA97H         LINE#         174
  C:AA97H         LINE#         177
  C:AA9AH         LINE#         178
  C:AA9AH         LINE#         179
  C:AA9DH         LINE#         180
  C:AA9DH         LINE#         184
  C:AAAAH         LINE#         189
  C:AAB0H         LINE#         190
  C:AAB0H         LINE#         192
  C:AABFH         LINE#         195
  C:AAC8H         LINE#         196
  C:AAD6H         LINE#         201
  C:AAD6H         LINE#         202
  C:AAD9H         LINE#         206
  -------         ENDPROC       MAIN
  -------         ENDMOD        MAIN
BL51 BANKED LINKER/LOCATER V6.22.2.0                                                  07/26/2021  14:55:02  PAGE 28



  -------         MODULE        ACCESCAN
  C:0000H         SYMBOL        _ICE_DUMMY_
  D:0080H         PUBLIC        P0
  D:0090H         PUBLIC        P1
  B:0080H.2       PUBLIC        led_err_imp
  C:B57AH         PUBLIC        _Monitor_chr
  B:0080H.3       PUBLIC        Atascado_GP0_PIN_3
  B:0090H.7       PUBLIC        lock
  C:3F31H         PUBLIC        _Valida_Trama_Pto
  C:887BH         PUBLIC        _Cmd_LPR_Salida_wiegand
  -------         PROC          _VALIDA_TRAMA_PTO
  X:0001H         SYMBOL        buffer
  X:0004H         SYMBOL        length_trama
  -------         DO            
  X:0213H         SYMBOL        cont
  X:0005H         SYMBOL        buff
  -------         ENDDO         
  C:3F31H         LINE#         106
  C:3F3FH         LINE#         107
  C:3F3FH         LINE#         113
  C:3F75H         LINE#         114
  C:3F75H         LINE#         115
  C:3F8AH         LINE#         116
  C:3F8AH         LINE#         117
  C:3F9DH         LINE#         119
  C:3FA0H         LINE#         121
  C:3FA0H         LINE#         123
  C:3FA0H         LINE#         126
  C:3FB2H         LINE#         127
  C:3FB2H         LINE#         128
  C:3FB4H         LINE#         129
  C:3FB7H         LINE#         131
  C:3FC9H         LINE#         132
  C:3FC9H         LINE#         133
  C:3FCBH         LINE#         134
  C:3FCEH         LINE#         136
  C:3FE0H         LINE#         137
  C:3FE0H         LINE#         138
  C:3FE2H         LINE#         139
  C:3FE5H         LINE#         141
  C:3FFFH         LINE#         142
  C:3FFFH         LINE#         143
  C:4001H         LINE#         144
  C:4004H         LINE#         146
  C:401EH         LINE#         147
  C:401EH         LINE#         148
  C:4020H         LINE#         149
  C:4023H         LINE#         151
  C:4035H         LINE#         152
  C:4035H         LINE#         153
  C:403BH         LINE#         154
  C:4048H         LINE#         155
  C:4048H         LINE#         156
  C:404DH         LINE#         157
  C:404FH         LINE#         158
  C:4054H         LINE#         159
BL51 BANKED LINKER/LOCATER V6.22.2.0                                                  07/26/2021  14:55:02  PAGE 29


  C:4056H         LINE#         160
  C:4058H         LINE#         161
  C:405CH         LINE#         162
  C:405CH         LINE#         163
  C:405DH         LINE#         165
  C:4075H         LINE#         166
  C:4075H         LINE#         168
  C:4082H         LINE#         169
  C:4082H         LINE#         170
  C:4084H         LINE#         171
  C:4086H         LINE#         172
  C:4088H         LINE#         173
  C:408AH         LINE#         174
  C:408AH         LINE#         176
  C:40B0H         LINE#         177
  C:40B0H         LINE#         178
  C:40B4H         LINE#         179
  C:40B9H         LINE#         180
  C:40C2H         LINE#         181
  C:40C7H         LINE#         182
  C:40C7H         LINE#         185
  C:40C8H         LINE#         187
  C:40E2H         LINE#         188
  C:40E2H         LINE#         189
  C:40E4H         LINE#         190
  C:40E7H         LINE#         192
  C:4101H         LINE#         193
  C:4101H         LINE#         194
  C:4103H         LINE#         195
  C:4106H         LINE#         197
  C:4120H         LINE#         198
  C:4120H         LINE#         199
  C:4122H         LINE#         200
  C:4124H         LINE#         202
  C:413EH         LINE#         203
  C:413EH         LINE#         204
  C:4140H         LINE#         205
  C:4142H         LINE#         208
  C:415CH         LINE#         209
  C:415CH         LINE#         210
  C:415EH         LINE#         211
  C:4160H         LINE#         215
  C:417AH         LINE#         216
  C:417AH         LINE#         217
  C:417CH         LINE#         218
  C:417EH         LINE#         221
  C:4198H         LINE#         222
  C:4198H         LINE#         223
  C:419DH         LINE#         224
  C:419DH         LINE#         227
  C:41CEH         LINE#         228
  C:41CEH         LINE#         229
  C:41D6H         LINE#         230
  C:41DFH         LINE#         231
  C:41E2H         LINE#         234
  C:4213H         LINE#         235
  C:4213H         LINE#         237
BL51 BANKED LINKER/LOCATER V6.22.2.0                                                  07/26/2021  14:55:02  PAGE 30


  C:421BH         LINE#         238
  C:4224H         LINE#         239
  C:4227H         LINE#         242
  C:4267H         LINE#         243
  C:4267H         LINE#         245
  C:427CH         LINE#         246
  C:4282H         LINE#         247
  C:42ACH         LINE#         250
  C:42B4H         LINE#         251
  C:42B4H         LINE#         254
  C:42BBH         LINE#         255
  C:42BBH         LINE#         256
  C:42C0H         LINE#         257
  C:42C0H         LINE#         258
  C:42C2H         LINE#         260
  C:42C2H         LINE#         261
  C:42CBH         LINE#         262
  C:42D3H         LINE#         263
  C:42D3H         LINE#         267
  C:42D5H         LINE#         270
  C:42D5H         LINE#         278
  C:42DDH         LINE#         282
  C:42DDH         LINE#         283
  C:42DFH         LINE#         285
  C:4317H         LINE#         286
  C:4317H         LINE#         287
  C:431FH         LINE#         288
  C:432BH         LINE#         289
  C:432BH         LINE#         291
  C:4358H         LINE#         292
  C:4358H         LINE#         293
  C:4367H         LINE#         295
  C:4367H         LINE#         297
  -------         ENDPROC       _VALIDA_TRAMA_PTO
  -------         PROC          _MONITOR_CHR
  X:0032H         SYMBOL        str
  X:0035H         SYMBOL        num_char
  -------         DO            
  X:0036H         SYMBOL        j
  -------         ENDDO         
  C:B57AH         LINE#         452
  C:B588H         LINE#         453
  C:B588H         LINE#         455
  C:B596H         LINE#         456
  C:B596H         LINE#         457
  C:B5A8H         LINE#         458
  C:B5B2H         LINE#         459
  C:B5BAH         LINE#         460
  -------         ENDPROC       _MONITOR_CHR
  -------         PROC          _CMD_LPR_SALIDA_WIEGAND
  X:0010H         SYMBOL        buffer
  -------         DO            
  X:0013H         SYMBOL        Buffer_Lpr
  X:0031H         SYMBOL        j
  -------         ENDDO         
  C:887BH         LINE#         465
  C:8886H         LINE#         466
BL51 BANKED LINKER/LOCATER V6.22.2.0                                                  07/26/2021  14:55:02  PAGE 31


  C:8886H         LINE#         468
  C:888CH         LINE#         469
  C:8891H         LINE#         470
  C:8899H         LINE#         471
  C:889DH         LINE#         472
  C:88A6H         LINE#         473
  C:88A6H         LINE#         474
  C:88B7H         LINE#         475
  C:88B9H         LINE#         477
  C:88B9H         LINE#         478
  C:88CAH         LINE#         479
  C:88CAH         LINE#         483
  C:88E1H         LINE#         484
  C:88E1H         LINE#         485
  C:88F0H         LINE#         486
  C:88FAH         LINE#         488
  C:8902H         LINE#         489
  C:8916H         LINE#         491
  C:8926H         LINE#         492
  C:8937H         LINE#         493
  C:8944H         LINE#         497
  -------         ENDPROC       _CMD_LPR_SALIDA_WIEGAND
  -------         ENDMOD        ACCESCAN

  -------         MODULE        CLOCK
  C:0000H         SYMBOL        _ICE_DUMMY_
  C:B5EFH         PUBLIC        _two_one
  D:0090H         PUBLIC        P1
  C:7550H         PUBLIC        _validar_clk
  C:BADAH         PUBLIC        _wr_clk
  C:8BBAH         PUBLIC        _check_fechaOut
  C:5D24H         PUBLIC        _Block_read_clock_ascii_rasberry
  B:00D0H.7       PUBLIC        CY
  C:0003H         PUBLIC        p_ck
  C:A0D4H         PUBLIC        _hex_ascii
  X:0214H         PUBLIC        data_clk
[...]
  -------         PROC          _SECUENCIAEXPEDIDORMF
  X:0001H         SYMBOL        EstadoActivo
  -------         DO            
  X:010DH         SYMBOL        Buffer_Write_MF
  X:011EH         SYMBOL        Atributos_Expedidor
  X:012DH         SYMBOL        Secuencia_Expedidor
  X:0131H         SYMBOL        Nombre_Mensual
  -------         ENDDO         
  C:35D4H         LINE#         2454
  C:35D9H         LINE#         2455
  C:35D9H         LINE#         2461
  C:363CH         LINE#         2462
  C:363CH         LINE#         2465
  C:363CH         LINE#         2467
  C:364CH         LINE#         2468
  C:364CH         LINE#         2471
  C:364EH         LINE#         2472
  C:3650H         LINE#         2473
  C:3655H         LINE#         2474
  C:365DH         LINE#         2475
  C:3662H         LINE#         2476
  C:3665H         LINE#         2477
  C:3665H         LINE#         2478
  C:366BH         LINE#         2479
  C:366BH         LINE#         2480
  C:366EH         LINE#         2481
  C:366EH         LINE#         2482
  C:366EH         LINE#         2484
  C:3671H         LINE#         2485
  C:3671H         LINE#         2487
  C:367AH         LINE#         2488
  C:367DH         LINE#         2489
  C:367DH         LINE#         2490
  C:3682H         LINE#         2491
  C:36A2H         LINE#         2492
  C:36A5H         LINE#         2493
  C:36A5H         LINE#         2494
  C:36AAH         LINE#         2495
  C:36B2H         LINE#         2496
  C:36B8H         LINE#         2497
  C:36BBH         LINE#         2498
  C:36BBH         LINE#         2499
  C:36BEH         LINE#         2500
  C:36C6H         LINE#         2501
  C:36CCH         LINE#         2502
  C:36CFH         LINE#         2503
  C:36CFH         LINE#         2504
  C:36D2H         LINE#         2505
BL51 BANKED LINKER/LOCATER V6.22.2.0                                                  07/26/2021  14:55:02  PAGE 133


  C:36F7H         LINE#         2506
  C:36FDH         LINE#         2507
  C:36FFH         LINE#         2508
  C:3702H         LINE#         2509
  C:3702H         LINE#         2510
  C:370DH         LINE#         2511
  C:3715H         LINE#         2512
  C:371BH         LINE#         2513
  C:371EH         LINE#         2514
  C:371EH         LINE#         2515
  C:372FH         LINE#         2516
  C:3737H         LINE#         2517
  C:373DH         LINE#         2518
  C:3740H         LINE#         2519
  C:3740H         LINE#         2521
  C:3745H         LINE#         2522
  C:3763H         LINE#         2524
  C:3766H         LINE#         2525
  C:3766H         LINE#         2526
  C:376BH         LINE#         2527
  C:378BH         LINE#         2528
  C:378EH         LINE#         2529
  C:378EH         LINE#         2530
  C:3793H         LINE#         2531
  C:3795H         LINE#         2532
  C:37B3H         LINE#         2533
  C:37B6H         LINE#         2534
  C:37B6H         LINE#         2535
  C:37BBH         LINE#         2536
  C:37DBH         LINE#         2537
  C:37DEH         LINE#         2538
  C:37DEH         LINE#         2539
  C:37F1H         LINE#         2540
  C:37F1H         LINE#         2541
  C:37F6H         LINE#         2542
  C:37FEH         LINE#         2543
  C:3804H         LINE#         2544
  C:3804H         LINE#         2545
  C:3807H         LINE#         2546
  C:3807H         LINE#         2547
  C:381AH         LINE#         2548
  C:381AH         LINE#         2549
  C:381FH         LINE#         2550
  C:3822H         LINE#         2551
  C:3822H         LINE#         2552
  C:3825H         LINE#         2553
  C:3825H         LINE#         2554
  C:3828H         LINE#         2555
  C:3848H         LINE#         2556
  C:384BH         LINE#         2557
  C:384BH         LINE#         2558
  C:384DH         LINE#         2559
  C:3850H         LINE#         2560
  C:3853H         LINE#         2561
  C:3853H         LINE#         2562
  C:385CH         LINE#         2563
  C:385FH         LINE#         2564
BL51 BANKED LINKER/LOCATER V6.22.2.0                                                  07/26/2021  14:55:02  PAGE 134


  C:385FH         LINE#         2565
  C:3876H         LINE#         2566
  C:3879H         LINE#         2567
  C:3879H         LINE#         2568
  C:387CH         LINE#         2569
  C:3884H         LINE#         2570
  C:388AH         LINE#         2571
  C:388DH         LINE#         2572
  C:388DH         LINE#         2573
  C:3896H         LINE#         2574
  C:3899H         LINE#         2575
  C:3899H         LINE#         2576
  C:389BH         LINE#         2577
  C:389EH         LINE#         2578
  C:38A1H         LINE#         2579
  C:38A1H         LINE#         2580
  C:38B8H         LINE#         2581
  C:38BBH         LINE#         2582
  C:38BBH         LINE#         2583
  C:38C0H         LINE#         2584
  C:38C8H         LINE#         2585
  C:38CEH         LINE#         2586
  C:38D1H         LINE#         2587
  C:38D1H         LINE#         2588
  C:38D4H         LINE#         2589
  C:38F4H         LINE#         2590
  C:38F7H         LINE#         2591
  C:38F7H         LINE#         2592
  C:38FAH         LINE#         2593
  C:391AH         LINE#         2594
  C:391DH         LINE#         2595
  C:391DH         LINE#         2596
  C:3920H         LINE#         2597
  C:3928H         LINE#         2598
  C:392BH         LINE#         2599
  C:392DH         LINE#         2600
  C:392DH         LINE#         2602
  C:3938H         LINE#         2603
  C:3940H         LINE#         2604
  C:3954H         LINE#         2605
  C:3957H         LINE#         2609
  C:3957H         LINE#         2610
  C:395DH         LINE#         2611
  C:3963H         LINE#         2612
  C:3963H         LINE#         2613
  C:396BH         LINE#         2614
  C:3971H         LINE#         2616
  C:3974H         LINE#         2617
  C:397CH         LINE#         2618
  C:397CH         LINE#         2620
  C:397FH         LINE#         2621
  C:3982H         LINE#         2622
  C:398AH         LINE#         2623
  C:398AH         LINE#         2624
  C:3998H         LINE#         2625
  C:3998H         LINE#         2626
  C:39A1H         LINE#         2627
BL51 BANKED LINKER/LOCATER V6.22.2.0                                                  07/26/2021  14:55:02  PAGE 135


  C:39A4H         LINE#         2628
  C:39B0H         LINE#         2629
  C:39B0H         LINE#         2630
  C:39B9H         LINE#         2631
  C:39BCH         LINE#         2633
  C:39BCH         LINE#         2634
  C:39C5H         LINE#         2635
  C:39C5H         LINE#         2636
  C:39C8H         LINE#         2637
  C:39D0H         LINE#         2638
  C:39D0H         LINE#         2639
  C:39DEH         LINE#         2640
  C:39DEH         LINE#         2641
  C:39F4H         LINE#         2642
  C:39F7H         LINE#         2643
  C:3A03H         LINE#         2644
  C:3A03H         LINE#         2645
  C:3A0CH         LINE#         2646
  C:3A0FH         LINE#         2647
  C:3A1DH         LINE#         2648
  C:3A1DH         LINE#         2649
  C:3A26H         LINE#         2650
  C:3A28H         LINE#         2652
  C:3A28H         LINE#         2653
  C:3A31H         LINE#         2654
  C:3A31H         LINE#         2655
  C:3A33H         LINE#         2656
  C:3A3BH         LINE#         2657
  C:3A3BH         LINE#         2658
  C:3A44H         LINE#         2659
  C:3A46H         LINE#         2660
  C:3A4EH         LINE#         2661
  C:3A4EH         LINE#         2662
  C:3A64H         LINE#         2663
  C:3A66H         LINE#         2664
  C:3A6EH         LINE#         2665
  C:3A6EH         LINE#         2666
  C:3A71H         LINE#         2667
  C:3A73H         LINE#         2669
  C:3A7BH         LINE#         2670
  C:3A7BH         LINE#         2671
  C:3A84H         LINE#         2672
  C:3A86H         LINE#         2675
  C:3A8EH         LINE#         2676
  C:3A8EH         LINE#         2677
  C:3A96H         LINE#         2678
  C:3A98H         LINE#         2680
  C:3A98H         LINE#         2681
  C:3AA1H         LINE#         2682
  C:3AA1H         LINE#         2683
  C:3AA3H         LINE#         2684
  C:3AA3H         LINE#         2685
  C:3AA8H         LINE#         2686
  C:3AA8H         LINE#         2688
  C:3AA8H         LINE#         2689
  C:3AADH         LINE#         2690
  -------         ENDPROC       _SECUENCIAEXPEDIDORMF
BL51 BANKED LINKER/LOCATER V6.22.2.0                                                  07/26/2021  14:55:02  PAGE 136


  -------         ENDMOD        VERIFICADOR

  -------         MODULE        MONITOR
  C:0000H         SYMBOL        _ICE_DUMMY_
  D:0080H         PUBLIC        P0
  D:0090H         PUBLIC        P1
  I:0011H         PUBLIC        placa
  C:BBC5H         PUBLIC        Rx_Monitor
  B:0080H.0       PUBLIC        rx_ip
  B:0090H.7       PUBLIC        lock
  C:8F91H         PUBLIC        _recibe_cmd_Monitor
  C:BD2AH         PUBLIC        clear_placa
  C:9349H         PUBLIC        _Valida_Trama_Monitor
  -------         PROC          _RECIBE_CMD_MONITOR
  X:0016H         SYMBOL        buffer_cmd
  -------         DO            
  X:0019H         SYMBOL        j
  X:001AH         SYMBOL        NumDatos
  X:001BH         SYMBOL        time_out
  X:001CH         SYMBOL        MaxChrRx
  X:001DH         SYMBOL        contador
  -------         ENDDO         
  C:8F91H         LINE#         50
  C:8F9CH         LINE#         51
  C:8F9CH         LINE#         55
  C:8FA1H         LINE#         56
  C:8FA7H         LINE#         58
  C:8FB2H         LINE#         59
  C:8FB2H         LINE#         60
  C:8FC3H         LINE#         61
  C:8FC3H         LINE#         62
  C:8FCAH         LINE#         63
  C:8FCEH         LINE#         64
  C:8FD7H         LINE#         65
  C:8FD7H         LINE#         66
  C:8FE5H         LINE#         67
  C:8FFCH         LINE#         68
  C:8FFCH         LINE#         69
  C:9002H         LINE#         70
  C:9008H         LINE#         71
  C:9008H         LINE#         72
  C:900AH         LINE#         73
  C:9012H         LINE#         74
  C:9018H         LINE#         75
  C:902AH         LINE#         76
  C:9034H         LINE#         77
  C:903DH         LINE#         79
  C:904CH         LINE#         82
  C:904CH         LINE#         83
  C:9051H         LINE#         84
  -------         ENDPROC       _RECIBE_CMD_MONITOR
  -------         PROC          _VALIDA_TRAMA_MONITOR
  X:0016H         SYMBOL        buffer
  D:0005H         SYMBOL        length_trama
  -------         DO            
  X:0019H         SYMBOL        j
  X:001AH         SYMBOL        p
BL51 BANKED LINKER/LOCATER V6.22.2.0                                                  07/26/2021  14:55:02  PAGE 137


  X:001BH         SYMBOL        cont
  -------         ENDDO         
  C:9349H         LINE#         89
  C:9354H         LINE#         90
  C:9354H         LINE#         91
  C:9357H         LINE#         92
  C:935BH         LINE#         93
  C:935EH         LINE#         94
  C:9360H         LINE#         97
  C:9374H         LINE#         98
  C:9374H         LINE#         100
  C:9376H         LINE#         102
  C:937DH         LINE#         103
  C:9382H         LINE#         106
  C:9382H         LINE#         108
  C:939DH         LINE#         109
  C:939DH         LINE#         112
  C:939DH         LINE#         113
  C:93BEH         LINE#         114
  C:93C2H         LINE#         115
  C:93C8H         LINE#         116
  C:93DAH         LINE#         117
  C:93F2H         LINE#         118
  C:93FBH         LINE#         119
  C:93FDH         LINE#         120
  C:9403H         LINE#         123
  C:9403H         LINE#         126
  -------         ENDPROC       _VALIDA_TRAMA_MONITOR
  -------         PROC          CLEAR_PLACA
  -------         DO            
  D:0007H         SYMBOL        i
  -------         ENDDO         
  C:BD2AH         LINE#         127
  C:BD2AH         LINE#         128
  C:BD2AH         LINE#         130
  C:BD36H         LINE#         131
  C:BD36H         LINE#         132
  C:BD3CH         LINE#         133
  C:BD3FH         LINE#         134
  C:BD41H         LINE#         135
  -------         ENDPROC       CLEAR_PLACA
  -------         PROC          RX_MONITOR
  -------         DO            
  X:0009H         SYMBOL        Length_trama
  X:000AH         SYMBOL        buffer1
  -------         ENDDO         
  C:BBC5H         LINE#         136
  C:BBC5H         LINE#         137
  C:BBC5H         LINE#         140
  C:BBD4H         LINE#         141
  C:BBDDH         LINE#         142
  -------         ENDPROC       RX_MONITOR
  -------         ENDMOD        MONITOR

  -------         MODULE        ?C?FPADD
  C:1335H         PUBLIC        ?C?FPADD
  C:1331H         PUBLIC        ?C?FPSUB
BL51 BANKED LINKER/LOCATER V6.22.2.0                                                  07/26/2021  14:55:02  PAGE 138


  -------         ENDMOD        ?C?FPADD

  -------         MODULE        ?C?FPMUL
  C:1426H         PUBLIC        ?C?FPMUL
  -------         ENDMOD        ?C?FPMUL

  -------         MODULE        ?C?FCAST
  C:1536H         PUBLIC        ?C?FCASTC
  C:1531H         PUBLIC        ?C?FCASTI
  C:152CH         PUBLIC        ?C?FCASTL
  -------         ENDMOD        ?C?FCAST

  -------         MODULE        ?C?CASTF
  C:156AH         PUBLIC        ?C?CASTF
  -------         ENDMOD        ?C?CASTF

  -------         MODULE        PRINTF
  X:0077H         PUBLIC        ?_PRINTF?BYTE
  X:0077H         PUBLIC        ?_SPRINTF?BYTE
  C:3B19H         PUBLIC        _PRINTF
  C:3B13H         PUBLIC        _SPRINTF
  -------         ENDMOD        PRINTF

  -------         MODULE        POW
  X:0020H         PUBLIC        ?_pow?BYTE
  C:655CH         PUBLIC        _pow
  -------         ENDMOD        POW

  -------         MODULE        ?C?CHKFLOAT
  C:15EBH         PUBLIC        ?C?CHKFLOAT
  -------         ENDMOD        ?C?CHKFLOAT

  -------         MODULE        ?C?FPCMP
  C:1607H         PUBLIC        ?C?FPCMP
  C:1605H         PUBLIC        ?C?FPCMP3
  -------         ENDMOD        ?C?FPCMP

  -------         MODULE        ?C?FPNEG
  C:167EH         PUBLIC        ?C?FPNEG
  -------         ENDMOD        ?C?FPNEG

  -------         MODULE        ?C?FPROUND
  C:168FH         PUBLIC        ?C?FPROUND
  -------         ENDMOD        ?C?FPROUND

  -------         MODULE        ?C?FPCONVERT
  C:16CCH         PUBLIC        ?C?FPCONVERT
  -------         ENDMOD        ?C?FPCONVERT

  -------         MODULE        EXP
  C:9E12H         PUBLIC        _EXP
  -------         ENDMOD        EXP

  -------         MODULE        LOG
  C:7100H         PUBLIC        _LOG
  C:70FCH         PUBLIC        _LOG10
  -------         ENDMOD        LOG
BL51 BANKED LINKER/LOCATER V6.22.2.0                                                  07/26/2021  14:55:02  PAGE 139



  -------         MODULE        ?C?FPDIV
  C:17D4H         PUBLIC        ?C?FPDIV
  -------         ENDMOD        ?C?FPDIV

  -------         MODULE        ?C?FTNPWR
  C:18A1H         PUBLIC        ?C?FTNPWR
  -------         ENDMOD        ?C?FTNPWR

  -------         MODULE        ?C?COPY
  C:19FEH         PUBLIC        ?C?COPY
  -------         ENDMOD        ?C?COPY

  -------         MODULE        ?C?CLDPTR
  C:1A24H         PUBLIC        ?C?CLDPTR
  -------         ENDMOD        ?C?CLDPTR

  -------         MODULE        ?C?CLDOPTR
  C:1A3DH         PUBLIC        ?C?CLDOPTR
  -------         ENDMOD        ?C?CLDOPTR

  -------         MODULE        ?C?CSTPTR
  C:1A6AH         PUBLIC        ?C?CSTPTR
  -------         ENDMOD        ?C?CSTPTR

  -------         MODULE        ?C?CSTOPTR
  C:1A7CH         PUBLIC        ?C?CSTOPTR
  -------         ENDMOD        ?C?CSTOPTR

  -------         MODULE        ?C?IMUL
  C:1A9EH         PUBLIC        ?C?IMUL
  -------         ENDMOD        ?C?IMUL

  -------         MODULE        ?C?IILDX
  C:1AB0H         PUBLIC        ?C?IILDX
  -------         ENDMOD        ?C?IILDX

  -------         MODULE        ?C?LNEG
  C:1AC6H         PUBLIC        ?C?LNEG
  -------         ENDMOD        ?C?LNEG

  -------         MODULE        ?C?SLCMP
  C:1AD4H         PUBLIC        ?C?SLCMP
  -------         ENDMOD        ?C?SLCMP

  -------         MODULE        ?C?ULCMP
  C:1AEAH         PUBLIC        ?C?ULCMP
  -------         ENDMOD        ?C?ULCMP

  -------         MODULE        ?C?ULSHR
  C:1AFBH         PUBLIC        ?C?ULSHR
  -------         ENDMOD        ?C?ULSHR

  -------         MODULE        ?C?LSHL
  C:1B0EH         PUBLIC        ?C?LSHL
  -------         ENDMOD        ?C?LSHL

BL51 BANKED LINKER/LOCATER V6.22.2.0                                                  07/26/2021  14:55:02  PAGE 140


  -------         MODULE        ?C?LLDCODE
  C:1B21H         PUBLIC        ?C?LLDCODE
  -------         ENDMOD        ?C?LLDCODE

  -------         MODULE        ?C?LLDXDATA0
  C:1B31H         PUBLIC        ?C?LLDXDATA0
  -------         ENDMOD        ?C?LLDXDATA0

  -------         MODULE        ?C?LLDCODE0
  C:1B3DH         PUBLIC        ?C?LLDCODE0
  -------         ENDMOD        ?C?LLDCODE0

  -------         MODULE        ?C?LSTXDATA
  C:1B4DH         PUBLIC        ?C?LSTXDATA
  -------         ENDMOD        ?C?LSTXDATA

  -------         MODULE        ?C?LSTKXDATA
  C:1B59H         PUBLIC        ?C?LSTKXDATA
  -------         ENDMOD        ?C?LSTKXDATA

  -------         MODULE        ?C?PLDIXDATA
  C:1B8AH         PUBLIC        ?C?PLDIXDATA
  -------         ENDMOD        ?C?PLDIXDATA

  -------         MODULE        ?C?PSTXDATA
  C:1BA1H         PUBLIC        ?C?PSTXDATA
  -------         ENDMOD        ?C?PSTXDATA

  -------         MODULE        ?C?CCASE
  C:1BAAH         PUBLIC        ?C?CCASE
  -------         ENDMOD        ?C?CCASE

  -------         MODULE        STRCAT
  X:0046H         PUBLIC        ?_strcat?BYTE
  C:AE02H         PUBLIC        _strcat
  -------         ENDMOD        STRCAT

  -------         MODULE        ?C?STRCMP
  C:1D4EH         PUBLIC        ?C?STRCMP
  -------         ENDMOD        ?C?STRCMP

  -------         MODULE        ?C?STRCPY
  C:1E37H         PUBLIC        ?C?STRCPY
  -------         ENDMOD        ?C?STRCPY

  -------         MODULE        STRLEN
  C:000EH         PUBLIC        _STRLEN
  -------         ENDMOD        STRLEN

  -------         MODULE        STRTOK
  X:0064H         PUBLIC        ?_strtok?BYTE
  C:842BH         PUBLIC        _strtok
  -------         ENDMOD        STRTOK

  -------         MODULE        ATOL
  C:7774H         PUBLIC        _atol
  -------         ENDMOD        ATOL
BL51 BANKED LINKER/LOCATER V6.22.2.0                                                  07/26/2021  14:55:02  PAGE 141



  -------         MODULE        ATOI
  C:86C9H         PUBLIC        _atoi
  -------         ENDMOD        ATOI

  -------         MODULE        ?C?ILDIX
  C:1E54H         PUBLIC        ?C?ILDIX
  -------         ENDMOD        ?C?ILDIX

  -------         MODULE        ?C?LMUL
  C:1E6AH         PUBLIC        ?C?LMUL
  -------         ENDMOD        ?C?LMUL

  -------         MODULE        ISDIGIT
  C:BE3AH         PUBLIC        _isdigit
  -------         ENDMOD        ISDIGIT

  -------         MODULE        ISSPACE
  C:BD9AH         PUBLIC        _isspace
  -------         ENDMOD        ISSPACE

  -------         MODULE        STRSPN
  X:006AH         PUBLIC        ?_strspn?BYTE
  C:A754H         PUBLIC        _strspn
  -------         ENDMOD        STRSPN

  -------         MODULE        STRPBRK
  X:006AH         PUBLIC        ?_strpbrk?BYTE
  C:A85BH         PUBLIC        _strpbrk
  -------         ENDMOD        STRPBRK

Program Size: data=99.1 xdata=533 code=48844
LINK/LOCATE RUN COMPLETE.  0 WARNING(S),  0 ERROR(S)
