BL51 BANKED LINKER/LOCATER V6.22.2.0                                                    05/25/2021  12:30:00  PAGE 1


BL51 BANKED LINKER/LOCATER V6.22.2.0, INVOKED BY:
C:\KEIL_V5\C51\BIN\BL51.EXE .\Objects\main.obj, .\Objects\Accescan.obj, .\Objects\Clock.obj, .\Objects\delay.obj, .\Obje
>> cts\eeprom.obj, .\Objects\io_sensores.obj, .\Objects\pantallas.obj, .\Objects\prog.obj, .\Objects\pto_paralelo.obj, .
>> \Objects\tibbo.obj, .\Objects\uart.obj, .\Objects\lintech.obj, .\Objects\verificador.obj, .\Objects\Monitor.obj TO .\
>> Objects\expedidor_v_01_raspberry PRINT (.\Listings\expedidor_v_01_raspberry.m51) RAMSIZE (256)


MEMORY MODEL: LARGE WITH FLOATING POINT ARITHMETIC


INPUT MODULES INCLUDED:
  .\Objects\main.obj (MAIN)
  .\Objects\Accescan.obj (ACCESCAN)
  .\Objects\Clock.obj (CLOCK)
  .\Objects\delay.obj (DELAY)
  .\Objects\eeprom.obj (EEPROM)
  .\Objects\io_sensores.obj (IO_SENSORES)
  .\Objects\pantallas.obj (PANTALLAS)
  .\Objects\prog.obj (PROG)
  .\Objects\pto_paralelo.obj (PTO_PARALELO)
  .\Objects\tibbo.obj (TIBBO)
  .\Objects\uart.obj (UART)
  .\Objects\lintech.obj (LINTECH)
  .\Objects\verificador.obj (VERIFICADOR)
  .\Objects\Monitor.obj (MONITOR)
  C:\KEIL_V5\C51\LIB\C51FPL.LIB (?C?FPADD)
  C:\KEIL_V5\C51\LIB\C51FPL.LIB (?C?FPMUL)
  C:\KEIL_V5\C51\LIB\C51FPL.LIB (?C?FCAST)
  C:\KEIL_V5\C51\LIB\C51FPL.LIB (?C?CASTF)
  C:\KEIL_V5\C51\LIB\C51FPL.LIB (PRINTF)
  C:\KEIL_V5\C51\LIB\C51FPL.LIB (POW)
  C:\KEIL_V5\C51\LIB\C51FPL.LIB (?C?FPGETOPN)
  C:\KEIL_V5\C51\LIB\C51FPL.LIB (?C?CHKFLOAT)
  C:\KEIL_V5\C51\LIB\C51FPL.LIB (?C?FPCMP)
  C:\KEIL_V5\C51\LIB\C51FPL.LIB (?C?FPNEG)
  C:\KEIL_V5\C51\LIB\C51FPL.LIB (?C?FPROUND)
  C:\KEIL_V5\C51\LIB\C51FPL.LIB (?C?FPCONVERT)
  C:\KEIL_V5\C51\LIB\C51FPL.LIB (EXP)
  C:\KEIL_V5\C51\LIB\C51FPL.LIB (LOG)
  C:\KEIL_V5\C51\LIB\C51FPL.LIB (?C?FPDIV)
  C:\KEIL_V5\C51\LIB\C51FPL.LIB (?C?FTNPWR)
  C:\KEIL_V5\C51\LIB\C51FPL.LIB (?C?FPSERIES)
  C:\KEIL_V5\C51\LIB\C51L.LIB (?C_STARTUP)
  C:\KEIL_V5\C51\LIB\C51L.LIB (?C?COPY)
  C:\KEIL_V5\C51\LIB\C51L.LIB (?C?CLDPTR)
  C:\KEIL_V5\C51\LIB\C51L.LIB (?C?CLDOPTR)
  C:\KEIL_V5\C51\LIB\C51L.LIB (?C?CSTPTR)
  C:\KEIL_V5\C51\LIB\C51L.LIB (?C?CSTOPTR)
  C:\KEIL_V5\C51\LIB\C51L.LIB (?C?IMUL)
  C:\KEIL_V5\C51\LIB\C51L.LIB (?C?IILDX)
  C:\KEIL_V5\C51\LIB\C51L.LIB (?C?LNEG)
  C:\KEIL_V5\C51\LIB\C51L.LIB (?C?SLCMP)
  C:\KEIL_V5\C51\LIB\C51L.LIB (?C?ULCMP)
  C:\KEIL_V5\C51\LIB\C51L.LIB (?C?ULSHR)
  C:\KEIL_V5\C51\LIB\C51L.LIB (?C?LSHL)
  C:\KEIL_V5\C51\LIB\C51L.LIB (?C?LLDCODE)
  C:\KEIL_V5\C51\LIB\C51L.LIB (?C?LLDXDATA0)
  C:\KEIL_V5\C51\LIB\C51L.LIB (?C?LLDCODE0)
BL51 BANKED LINKER/LOCATER V6.22.2.0                                                  05/25/2021  12:30:00  PAGE 2


  C:\KEIL_V5\C51\LIB\C51L.LIB (?C?LSTXDATA)
  C:\KEIL_V5\C51\LIB\C51L.LIB (?C?LSTKXDATA)
  C:\KEIL_V5\C51\LIB\C51L.LIB (?C?PLDIXDATA)
  C:\KEIL_V5\C51\LIB\C51L.LIB (?C?PSTXDATA)
  C:\KEIL_V5\C51\LIB\C51L.LIB (?C?CCASE)
  C:\KEIL_V5\C51\LIB\C51L.LIB (STRCAT)
  C:\KEIL_V5\C51\LIB\C51L.LIB (?C?STRCMP)
  C:\KEIL_V5\C51\LIB\C51L.LIB (?C?STRCPY)
  C:\KEIL_V5\C51\LIB\C51L.LIB (STRLEN)
  C:\KEIL_V5\C51\LIB\C51L.LIB (STRTOK)
  C:\KEIL_V5\C51\LIB\C51L.LIB (ATOL)
  C:\KEIL_V5\C51\LIB\C51L.LIB (ATOI)
  C:\KEIL_V5\C51\LIB\C51L.LIB (?C_INIT)
  C:\KEIL_V5\C51\LIB\C51L.LIB (?C?ILDIX)
  C:\KEIL_V5\C51\LIB\C51L.LIB (?C?LMUL)
  C:\KEIL_V5\C51\LIB\C51L.LIB (ISDIGIT)
  C:\KEIL_V5\C51\LIB\C51L.LIB (ISSPACE)
  C:\KEIL_V5\C51\LIB\C51L.LIB (STRSPN)
  C:\KEIL_V5\C51\LIB\C51L.LIB (STRPBRK)


LINK MAP OF MODULE:  .\Objects\expedidor_v_01_raspberry (MAIN)


            TYPE    BASE      LENGTH    RELOCATION   SEGMENT NAME
            -----------------------------------------------------

            * * * * * * *   D A T A   M E M O R Y   * * * * * * *
            REG     0000H     0008H     ABSOLUTE     "REG BANK 0"
            DATA    0008H     0005H     UNIT         _DATA_GROUP_
            DATA    000DH     0004H     UNIT         ?DT?UART
            IDATA   0011H     0009H     UNIT         ?ID?MONITOR
                    001AH     0006H                  *** GAP ***
            BIT     0020H.0   0001H.1   UNIT         _BIT_GROUP_
            BIT     0021H.1   0000H.3   UNIT         ?BI?MAIN
            BIT     0021H.4   0000H.2   UNIT         ?BI?UART
            BIT     0021H.6   0000H.1   UNIT         ?BI?EEPROM
            BIT     0021H.7   0000H.1   UNIT         ?BI?IO_SENSORES
            BIT     0022H.0   0000H.1   UNIT         ?BI?VERIFICADOR
                    0022H.1   0000H.7                *** GAP ***
            IDATA   0023H     0046H     UNIT         ?ID?MAIN
            IDATA   0069H     0001H     UNIT         ?STACK

            * * * * * * *  X D A T A   M E M O R Y  * * * * * * *
            XDATA   0000H     00B7H     UNIT         _XDATA_GROUP_
            XDATA   00B7H     008CH     UNIT         ?XD?VERIFICADOR
            XDATA   0143H     006CH     UNIT         ?XD?MAIN
            XDATA   01AFH     0059H     UNIT         ?XD?PROG
            XDATA   0208H     0003H     UNIT         ?XD?EEPROM
            XDATA   020BH     0003H     UNIT         ?XD?UART
            XDATA   020EH     0003H     UNIT         ?XD?STRTOK
            XDATA   0211H     0002H     UNIT         ?XD?IO_SENSORES
            XDATA   0213H     0001H     UNIT         ?XD?ACCESCAN
            XDATA   0214H     0001H     UNIT         ?XD?CLOCK

            * * * * * * *   C O D E   M E M O R Y   * * * * * * *
            CODE    0000H     0003H     ABSOLUTE     
BL51 BANKED LINKER/LOCATER V6.22.2.0                                                  05/25/2021  12:30:00  PAGE 3


            CODE    0003H     0008H     UNIT         ?PR?P_CK?CLOCK
            CODE    000BH     0003H     ABSOLUTE     
            CODE    000EH     0015H     UNIT         ?PR?_STRLEN?STRLEN
            CODE    0023H     0003H     ABSOLUTE     
            CODE    0026H     1308H     UNIT         ?CO?PROG
            CODE    132EH     0B8BH     UNIT         ?C?LIB_CODE
            CODE    1EB9H     08BDH     UNIT         ?CO?VERIFICADOR
            CODE    2776H     0747H     UNIT         ?PR?_PANTALLALCD?PANTALLAS
            CODE    2EBDH     06EFH     UNIT         ?CO?PANTALLAS
            CODE    35ACH     04DAH     UNIT         ?PR?_SECUENCIAEXPEDIDORMF?VERIFICADOR
            CODE    3A86H     0483H     UNIT         ?PR?PRINTF?PRINTF
            CODE    3F09H     0437H     UNIT         ?PR?_VALIDA_TRAMA_PTO?ACCESCAN
            CODE    4340H     035CH     UNIT         ?PR?VER_PROG?PROG
            CODE    469CH     02D0H     UNIT         ?PR?_TWO_BYTEHEX_DECIMAL?CLOCK
            CODE    496CH     02B7H     UNIT         ?PR?_PROG_HORARIO_DIAS?PROG
            CODE    4C23H     02A5H     UNIT         ?PR?_PANTALLALCD_LINEA_2?PANTALLAS
            CODE    4EC8H     022CH     UNIT         ?PR?MENU?PROG
            CODE    50F4H     0208H     UNIT         ?PR?_HASH_ID?PROG
            CODE    52FCH     01FAH     UNIT         ?PR?_PROG_HORARIO_DESDE_HASTA?PROG
            CODE    54F6H     01F5H     UNIT         ?PR?PROG_FECHA_VENCIMIENTO?PROG
            CODE    56EBH     01DFH     UNIT         ?PR?_RESPONDE_LECTURA_TARJETA_SECTOR1_BLOQUE1?VERIFICADOR
            CODE    58CAH     01CFH     UNIT         ?PR?_BLOCK_READ_CLOCK_ASCII_RASBERRY?CLOCK
            CODE    5A99H     01B3H     UNIT         ?PR?COM_ISR?UART
            CODE    5C4CH     01A9H     UNIT         ?PR?_ARMAR_TRAMA_PTO_PARALELO_EXPEDIDOR?VERIFICADOR
            CODE    5DF5H     01A4H     UNIT         ?PR?_VALIDA_TIPO_TARJETA?VERIFICADOR
            CODE    5F99H     01A3H     UNIT         ?CO?LINTECH
            CODE    613CH     016FH     UNIT         ?PR?_BLOCK_READ_CLOCK_ASCII?CLOCK
            CODE    62ABH     0166H     UNIT         ?PR?_POW?POW
            CODE    6411H     0157H     UNIT         ?PR?_RESPONDE_REELECTURA_TARJETA_SECTOR1_BLOQUE2?VERIFICADOR
            CODE    6568H     0154H     UNIT         ?PR?_ARMAR_TRAMA_MONITOR?VERIFICADOR
            CODE    66BCH     0145H     UNIT         ?PR?PROG_HORARIOS?PROG
            CODE    6801H     0142H     UNIT         ?PR?_ARMAR_TRAMA_TARJETA_SECTOR1_BLOQUE2?VERIFICADOR
            CODE    6943H     013EH     UNIT         ?PR?PROG_SIN_COBRO?PROG
            CODE    6A81H     013EH     UNIT         ?PR?SECUENCIA_INICIO_EXPEDIDOR?VERIFICADOR
            CODE    6BBFH     013CH     UNIT         ?PR?LOAD_AND_SEND_ID_COD?PTO_PARALELO
            CODE    6CFBH     0137H     UNIT         ?PR?VER_HORARIO?PROG
            CODE    6E32H     012BH     UNIT         ?PR?_RESPONDE_LECTURA_TARJETA_SECTOR1_BLOQUE2?VERIFICADOR
            CODE    6F5DH     0129H     UNIT         ?PR?LOG?LOG
            CODE    7086H     0128H     UNIT         ?PR?_VER_HORARIO_DIAS?PROG
            CODE    71AEH     011AH     UNIT         ?PR?_PROG_HORARIOS_ON_OFF?PROG
            CODE    72C8H     0119H     UNIT         ?PR?_VER_HORARIO_DESDE_HASTA?PROG
            CODE    73E1H     0115H     UNIT         ?PR?_VALIDAR_CLK?CLOCK
            CODE    74F6H     010FH     UNIT         ?PR?_HORARIOS?VERIFICADOR
            CODE    7605H     010CH     UNIT         ?PR?_ATOL?ATOL
            CODE    7711H     0103H     UNIT         ?PR?_BLOQUE_HORARIO?VERIFICADOR
            CODE    7814H     0100H     UNIT         ?PR?_WR_MF?LINTECH
            CODE    7914H     00FCH     UNIT         ?PR?PROG_DEBUG?PROG
            CODE    7A10H     00FCH     UNIT         ?PR?PROG_USE_LPR?PROG
            CODE    7B0CH     00FCH     UNIT         ?PR?TIPO_PANTALLA?PROG
            CODE    7C08H     00FCH     UNIT         ?PR?PROG_ANTIPASSBACK?PROG
            CODE    7D04H     00FCH     UNIT         ?PR?PROG_PLACA?PROG
            CODE    7E00H     00FCH     UNIT         ?PR?PROG_VALIDAR_TIPO_VEHICULO_MENSUAL?PROG
            CODE    7EFCH     00FCH     UNIT         ?PR?PROG_APB_MENSUAL?PROG
            CODE    7FF8H     00F1H     UNIT         ?PR?_WRITE_EEPROM_TICKET?EEPROM
            CODE    80E9H     00EAH     UNIT         ?PR?_MOV_CARD?LINTECH
            CODE    81D3H     00E4H     UNIT         ?PR?_STRTOK?STRTOK
            CODE    82B7H     00DEH     UNIT         ?PR?PROG_ADDRESS_HIGH_BOARD?PROG
BL51 BANKED LINKER/LOCATER V6.22.2.0                                                  05/25/2021  12:30:00  PAGE 4


            CODE    8395H     00DBH     UNIT         ?PR?_ATOI?ATOI
            CODE    8470H     00D7H     UNIT         ?PR?_ANALIZA_UID_CARD?VERIFICADOR
            CODE    8547H     00D6H     UNIT         ?PR?_CMD_LPR_SALIDA_WIEGAND?ACCESCAN
            CODE    861DH     00D3H     UNIT         ?C_INITSEG
            CODE    86F0H     00D1H     UNIT         ?PR?_ARMAR_TRAMA_PTO_PARALELO_EXPEDIDOR_MENSUAL?VERIFICADOR
            CODE    87C1H     00CCH     UNIT         ?PR?_GRABA_SERIE?EEPROM
            CODE    888DH     00CBH     UNIT         ?PR?_RTA_CMD_TRANSPORTE?VERIFICADOR
            CODE    8958H     00CAH     UNIT         ?PR?READ_EEPROM_TICKET?EEPROM
            CODE    8A22H     00C9H     UNIT         ?PR?_CHECK_FECHAOUT?CLOCK
            CODE    8AEBH     00C5H     UNIT         ?PR?_BLOCK_READ_CLOCK?CLOCK
            CODE    8BB0H     00C4H     UNIT         ?PR?_TARJETA_MENSUAL?VERIFICADOR
            CODE    8C74H     00C3H     UNIT         ?PR?_RD_MF?LINTECH
            CODE    8D37H     00C2H     UNIT         ?PR?PROG_TARJETA_AUTOMATICA_O_BOTON?PROG
            CODE    8DF9H     00C1H     UNIT         ?PR?_RECIBE_CMD_MONITOR?MONITOR
            CODE    8EBAH     00BFH     UNIT         ?CO?IO_SENSORES
            CODE    8F79H     00BEH     UNIT         ?PR?ERROR_RX_PTO?VERIFICADOR
            CODE    9037H     00BDH     UNIT         ?PR?PROG_COD_PARK?PROG
            CODE    90F4H     00BDH     UNIT         ?PR?PROG_TIEMPO_GRACIA?PROG
            CODE    91B1H     00BBH     UNIT         ?PR?_VALIDA_TRAMA_MONITOR?MONITOR
            CODE    926CH     00B9H     UNIT         ?CO?TIBBO
            CODE    9325H     00B6H     UNIT         ?PR?PROG_ID_CLIENTE?PROG
            CODE    93DBH     00B5H     UNIT         ?PR?_WAIT_PLACA?VERIFICADOR
            CODE    9490H     00B4H     UNIT         ?PR?_SEND_PORT?PTO_PARALELO
            CODE    9544H     00ACH     UNIT         ?PR?_HORA_MAXIMA?VERIFICADOR
            CODE    95F0H     00AAH     UNIT         ?PR?CLAVE_SEGURIDAD_S2?LINTECH
            CODE    969AH     00A9H     UNIT         ?PR?DWLOAD_EEPROM?LINTECH
            CODE    9743H     00A7H     UNIT         ?PR?_BLOCK_READ_CLOCK_HEX?CLOCK
            CODE    97EAH     00A4H     UNIT         ?PR?_ARMAR_TRAMA_TARJETA_SECTOR1_BLOQUE1_CAMCEL?VERIFICADOR
            CODE    988EH     00A1H     UNIT         ?PR?_BLOCK_WRITE_CLOCK_ASCII?CLOCK
            CODE    992FH     009DH     UNIT         ?PR?_INICIALIZA?LINTECH
            CODE    99CCH     009CH     UNIT         ?PR?_RESPUESTA_PLACA_CANCEL?VERIFICADOR
            CODE    9A68H     009AH     UNIT         ?PR?_RESPONDE_LECTURA_TARJETA_SECTOR1_BLOQUE0?VERIFICADOR
            CODE    9B02H     009AH     UNIT         ?PR?EXP?EXP
            CODE    9B9CH     0099H     UNIT         ?PR?SHOW?PROG
            CODE    9C35H     0099H     UNIT         ?PR?_RECIBE_PORT?PTO_PARALELO
            CODE    9CCEH     0098H     UNIT         ?PR?_VALIDA_VEHICULO_CARD_MENSUAL?VERIFICADOR
            CODE    9D66H     0091H     UNIT         ?PR?_HEX_ASCII?CLOCK
            CODE    9DF7H     0091H     UNIT         ?PR?_CARD_INSERCION?LINTECH
            CODE    9E88H     0090H     UNIT         ?PR?_GETOPTION?PROG
            CODE    9F18H     0090H     UNIT         ?PR?_DISPARO_LOCK_ENTRADA_VEHICULO?VERIFICADOR
            CODE    9FA8H     0090H     UNIT         ?PR?ENTREGA_CARD_CAPTURA?VERIFICADOR
            CODE    A038H     008FH     UNIT         ?PR?_LEE_CLK?CLOCK
            CODE    A0C7H     008DH     UNIT         ?PR?LOADVERIFY_EEPROM?LINTECH
            CODE    A154H     008CH     UNIT         ?C_C51STARTUP
            CODE    A1E0H     0088H     UNIT         ?PR?_SEND_PORTERR?PTO_PARALELO
            CODE    A268H     0088H     UNIT         ?PR?RX_DATA?TIBBO
            CODE    A2F0H     0088H     UNIT         ?PR?UNIQUE_IDENTIFIER_UID?LINTECH
            CODE    A378H     0086H     UNIT         ?PR?_CHECK_STATUS?LINTECH
            CODE    A3FEH     0084H     UNIT         ?PR?MSJ_LCD_INFORMATIVO?IO_SENSORES
            CODE    A482H     0084H     UNIT         ?PR?_DEBUGBUFFERMF?TIBBO
            CODE    A506H     0084H     UNIT         ?PR?_STRSPN?STRSPN
            CODE    A58AH     0083H     UNIT         ?PR?_RASPBERRY_DATA?PANTALLAS
            CODE    A60DH     0081H     UNIT         ?PR?_STRPBRK?STRPBRK
            CODE    A68EH     0080H     UNIT         ?PR?_INGRESADATO?PROG
            CODE    A70EH     0080H     UNIT         ?PR?AUT_CARD_CHECK_STATUS?LINTECH
            CODE    A78EH     0080H     UNIT         ?PR?POWER_OFF?LINTECH
            CODE    A80EH     007FH     UNIT         ?PR?MAIN?MAIN
BL51 BANKED LINKER/LOCATER V6.22.2.0                                                  05/25/2021  12:30:00  PAGE 5


            CODE    A88DH     007DH     UNIT         ?PR?RELOJ_PANTALLA_LCD?PANTALLAS
            CODE    A90AH     007CH     UNIT         ?PR?RESPONDE_ESTADO_SENSORES_TRANSPORTE?VERIFICADOR
            CODE    A986H     007CH     UNIT         ?PR?_SEND_PTO_PARALELO?VERIFICADOR
            CODE    AA02H     0077H     UNIT         ?PR?RESPONDE_TIPO_TARJETA?VERIFICADOR
            CODE    AA79H     0071H     UNIT         ?PR?_EN_HORARIO?VERIFICADOR
            CODE    AAEAH     006FH     UNIT         ?PR?_ESCRIBIRMEMORIA?EEPROM
            CODE    AB59H     006CH     UNIT         ?PR?_RESPONDE_WRITE_TARJETA_SECTOR1_BLOQUE2?VERIFICADOR
            CODE    ABC5H     006BH     UNIT         ?PR?INGRESO_VEHICULO?VERIFICADOR
            CODE    AC30H     006BH     UNIT         ?PR?_STRCAT?STRCAT
            CODE    AC9BH     0066H     UNIT         ?PR?_LEERMEMORIA?EEPROM
            CODE    AD01H     0062H     UNIT         ?PR?_LISTACOMANDOS?PROG
            CODE    AD63H     005EH     UNIT         ?PR?_BYTEHEX_DECIMAL?CLOCK
            CODE    ADC1H     005DH     UNIT         ?PR?_RESPUESTA_SEGUNDA_CLAVE?VERIFICADOR
            CODE    AE1EH     005CH     UNIT         ?PR?_ARMAR_TRAMA_PLACA?VERIFICADOR
            CODE    AE7AH     005BH     UNIT         ?PR?VALIDA_SENSOR1_AUTO?IO_SENSORES
            CODE    AED5H     0056H     UNIT         ?PR?_WR_EEPROM?EEPROM
            CODE    AF2BH     004DH     UNIT         ?PR?VARIABLE_INICIO?MAIN
            CODE    AF78H     004DH     UNIT         ?PR?L_D_M?EEPROM
            CODE    AFC5H     004CH     UNIT         ?PR?LEE_NO_TICKET?EEPROM
            CODE    B011H     004CH     UNIT         ?PR?LOAD_AND_SEND_INFO_RELOJ?PTO_PARALELO
            CODE    B05DH     004BH     UNIT         ?PR?_TX_AUX?TIBBO
            CODE    B0A8H     0049H     UNIT         ?PR?_DEBUG_TXT_TIBBO?TIBBO
            CODE    B0F1H     0048H     UNIT         ?PR?FIRST_CLAVE?PROG
            CODE    B139H     0047H     UNIT         ?PR?_DEBUG_CHR_TIBBO?TIBBO
            CODE    B180H     0047H     UNIT         ?PR?_RESPONDE_WRITE_TARJETA_SECTOR2_BLOQUE0?VERIFICADOR
            CODE    B1C7H     0046H     UNIT         ?PR?_ESCRIBIRCADENASOFT_BUFFER?MAIN
            CODE    B20DH     0046H     UNIT         ?PR?_LCD_TXT_NUM_CHAR?PANTALLAS
            CODE    B253H     0046H     UNIT         ?PR?_DEBUG_HEXDEC?TIBBO
            CODE    B299H     0046H     UNIT         ?PR?_PREGUNTA_LPR?VERIFICADOR
            CODE    B2DFH     0044H     UNIT         ?PR?_LCD_TXT?PANTALLAS
            CODE    B323H     0043H     UNIT         ?PR?DIR_BOARD?IO_SENSORES
            CODE    B366H     0042H     UNIT         ?PR?_VALIDARCLAVE?PROG
            CODE    B3A8H     0041H     UNIT         ?PR?_MONITOR_CHR?ACCESCAN
            CODE    B3E9H     0041H     UNIT         ?PR?_TWO_ONE?CLOCK
            CODE    B42AH     0040H     UNIT         ?PR?_GETCMD?PROG
            CODE    B46AH     0040H     UNIT         ?PR?_DEBUG_PTO_PARALELO?TIBBO
            CODE    B4AAH     003FH     UNIT         ?PR?_EB_CLK?CLOCK
            CODE    B4E9H     003EH     UNIT         ?PR?_PUTCHAR?MAIN
            CODE    B527H     003EH     UNIT         ?PR?TRAMA_VALIDACION_P_N?VERIFICADOR
            CODE    B565H     003DH     UNIT         ?PR?_HEX_BCD?CLOCK
            CODE    B5A2H     003DH     UNIT         ?PR?_RD_EEPROM?EEPROM
            CODE    B5DFH     003DH     UNIT         ?PR?_DEBUG_MONITOR?TIBBO
            CODE    B61CH     003DH     UNIT         ?PR?_LOAD_SECUENCIA_EXPEDIDOR?VERIFICADOR
            CODE    B659H     003BH     UNIT         ?CO?EEPROM
            CODE    B694H     003BH     UNIT         ?PR?_COM_PUTCHAR?UART
            CODE    B6CFH     003AH     UNIT         ?PR?_DELAY_10MS?DELAY
            CODE    B709H     003AH     UNIT         ?PR?ANALIZA_CARD_MOUNT_RF?VERIFICADOR
            CODE    B743H     0038H     UNIT         ?PR?VALIDASENSORESPASO?IO_SENSORES
            CODE    B77BH     0036H     UNIT         ?PR?_RESPONDE_WRITE_TARJETA_SECTOR1_BLOQUE1?VERIFICADOR
            CODE    B7B1H     0036H     UNIT         ?PR?_RESPONDE_WRITE_TARJETA_SECTOR1_BLOQUE0?VERIFICADOR
            CODE    B7E7H     0034H     UNIT         ?PR?INCREMENTE_TICKET?EEPROM
            CODE    B81BH     0034H     UNIT         ?PR?ADDR_HORARIOS?PROG
            CODE    B84FH     0031H     UNIT         ?PR?_TARJETA_ROTACION?VERIFICADOR
            CODE    B880H     0030H     UNIT         ?PR?PREGUNTA_PLACA?VERIFICADOR
            CODE    B8B0H     002EH     UNIT         ?PR?TIMER0_INT?MAIN
            CODE    B8DEH     002AH     UNIT         ?PR?COM_INITIALIZE?UART
            CODE    B908H     0028H     UNIT         ?PR?_WR_CLK?CLOCK
BL51 BANKED LINKER/LOCATER V6.22.2.0                                                  05/25/2021  12:30:00  PAGE 6


            CODE    B930H     0028H     UNIT         ?PR?COM_BAUDRATE?UART
            CODE    B958H     0028H     UNIT         ?PR?_ARMAR_TRAMA_TARJETA_SECTOR1_BLOQUE0?VERIFICADOR
            CODE    B980H     0027H     UNIT         ?PR?_TX_CHRLCD?PANTALLAS
            CODE    B9A7H     0026H     UNIT         ?PR?COM_GETCHAR?UART
            CODE    B9CDH     0026H     UNIT         ?PR?ANALIZA_PRESENCIA_MENSUAL?VERIFICADOR
            CODE    B9F3H     0026H     UNIT         ?PR?RX_MONITOR?MONITOR
            CODE    BA19H     0023H     UNIT         ?PR?ANALIZA_PRESENCIA_ROTACION?VERIFICADOR
            CODE    BA3CH     0022H     UNIT         ?PR?_E_D_M?EEPROM
            CODE    BA5EH     0022H     UNIT         ?PR?VALIDASENSOR_CERO?IO_SENSORES
            CODE    BA80H     0021H     UNIT         ?CO?PTO_PARALELO
            CODE    BAA1H     0020H     UNIT         ?PR?ACKD?EEPROM
            CODE    BAC1H     0020H     UNIT         ?PR?ACK_LECT?EEPROM
            CODE    BAE1H     001FH     UNIT         ?PR?VALIDASENSOR?IO_SENSORES
            CODE    BB00H     001FH     UNIT         ?PR?TIME_BIT?TIBBO
            CODE    BB1FH     001EH     UNIT         ?PR?_BCD_HEX?CLOCK
            CODE    BB3DH     001BH     UNIT         ?PR?_DELAY_1MS?DELAY
            CODE    BB58H     0018H     UNIT         ?PR?CLEAR_PLACA?MONITOR
            CODE    BB70H     0017H     UNIT         ?PR?DISPLAYCURSOR?PROG
            CODE    BB87H     0017H     UNIT         ?PR?TIME_MBIT?TIBBO
            CODE    BB9EH     0016H     UNIT         ?PR?DIR_BOARD_MONITOR?IO_SENSORES
            CODE    BBB4H     0014H     UNIT         ?CO?CLOCK
            CODE    BBC8H     0014H     UNIT         ?PR?_ISSPACE?ISSPACE
            CODE    BBDCH     0012H     UNIT         ?PR?_DELAY_20US?DELAY
            CODE    BBEEH     0012H     UNIT         ?PR?START?EEPROM
            CODE    BC00H     0012H     UNIT         ?PR?BOTTON?IO_SENSORES
            CODE    BC12H     0012H     UNIT         ?PR?PULSO_BUS?PTO_PARALELO
            CODE    BC24H     0012H     UNIT         ?PR?COM_RBUFLEN?UART
            CODE    BC36H     0012H     UNIT         ?PR?COM_TBUFLEN?UART
            CODE    BC48H     0010H     UNIT         ?PR?INI_TIMER?MAIN
            CODE    BC58H     0010H     UNIT         ?PR?INICIA_BOARD?MAIN
            CODE    BC68H     000FH     UNIT         ?PR?_ISDIGIT?ISDIGIT
            CODE    BC77H     000CH     UNIT         ?PR?_GETKEY?MAIN
            CODE    BC83H     000AH     UNIT         ?PR?STOP?EEPROM
            CODE    BC8DH     000AH     UNIT         ?PR?COND_INI_PTO?PTO_PARALELO
            CODE    BC97H     0009H     UNIT         ?PR?DEBUG_DIVIDIR_TEXTO?TIBBO
            CODE    BCA0H     0009H     UNIT         ?PR?CAPTURA_EXPULSA?VERIFICADOR
            CODE    BCA9H     0007H     UNIT         ?PR?COND_INI_CLOCK?CLOCK
            CODE    BCB0H     0007H     UNIT         ?PR?SEL_FUNCION?IO_SENSORES
            CODE    BCB7H     0007H     UNIT         ?PR?SEL_AUTO?IO_SENSORES
            CODE    BCBEH     0007H     UNIT         ?PR?SEL_PULSA?IO_SENSORES
            CODE    BCC5H     0007H     UNIT         ?PR?SEL_SENSOR2?IO_SENSORES
            CODE    BCCCH     0007H     UNIT         ?PR?SEL_SENSOR1?IO_SENSORES
            CODE    BCD3H     0007H     UNIT         ?PR?SEL_DIR1?IO_SENSORES
            CODE    BCDAH     0007H     UNIT         ?PR?SEL_DIR2?IO_SENSORES
            CODE    BCE1H     0006H     UNIT         ?PR?P_ME?EEPROM
            CODE    BCE7H     0005H     UNIT         ?PR?ON_TIMER0_INTERRUP?MAIN
            CODE    BCECH     0005H     UNIT         ?CO?ACCESCAN
            CODE    BCF1H     0005H     UNIT         ?PR?COND_INI_TIBBO?TIBBO
            CODE    BCF6H     0003H     UNIT         ?PR?OFF_TIMER0_INTERRUP?MAIN
            CODE    BCF9H     0001H     UNIT         ?PR?DELAY?DELAY



OVERLAY MAP OF MODULE:   .\Objects\expedidor_v_01_raspberry (MAIN)


SEGMENT                                             BIT_GROUP          DATA_GROUP          XDATA_GROUP
BL51 BANKED LINKER/LOCATER V6.22.2.0                                                  05/25/2021  12:30:00  PAGE 7


  +--> CALLED SEGMENT                            START    LENGTH     START    LENGTH     START    LENGTH
--------------------------------------------------------------------------------------------------------
?C_C51STARTUP                                    -----    -----      -----    -----      -----    -----
  +--> ?PR?MAIN?MAIN
  +--> ?C_INITSEG

?PR?MAIN?MAIN                                    -----    -----      -----    -----      0000H    0001H
  +--> ?PR?INI_TIMER?MAIN
  +--> ?PR?ON_TIMER0_INTERRUP?MAIN
  +--> ?PR?COM_INITIALIZE?UART
  +--> ?PR?COM_BAUDRATE?UART
  +--> ?PR?INICIA_BOARD?MAIN
  +--> ?PR?TIME_BIT?TIBBO
  +--> ?PR?_DELAY_20US?DELAY
  +--> ?PR?TIME_MBIT?TIBBO
  +--> ?PR?_TX_AUX?TIBBO
  +--> ?PR?SEL_FUNCION?IO_SENSORES
  +--> ?PR?MENU?PROG
  +--> ?PR?VARIABLE_INICIO?MAIN
  +--> ?PR?SECUENCIA_INICIO_EXPEDIDOR?VERIFI...
  +--> ?PR?RX_MONITOR?MONITOR
  +--> ?PR?_SECUENCIAEXPEDIDORMF?VERIFICADOR
  +--> ?PR?_RECIBE_PORT?PTO_PARALELO
  +--> ?PR?_DEBUG_PTO_PARALELO?TIBBO
  +--> ?PR?_VALIDA_TRAMA_PTO?ACCESCAN
  +--> ?PR?MSJ_LCD_INFORMATIVO?IO_SENSORES

?PR?COM_INITIALIZE?UART                          -----    -----      -----    -----      -----    -----
  +--> ?PR?COM_BAUDRATE?UART

?PR?INICIA_BOARD?MAIN                            -----    -----      -----    -----      -----    -----
  +--> ?PR?COND_INI_TIBBO?TIBBO
  +--> ?PR?COND_INI_CLOCK?CLOCK
  +--> ?PR?COND_INI_PTO?PTO_PARALELO

?PR?_TX_AUX?TIBBO                                -----    -----      -----    -----      -----    -----
  +--> ?PR?TIME_BIT?TIBBO

?PR?MENU?PROG                                    -----    -----      -----    -----      0001H    0045H
  +--> ?CO?PROG
  +--> ?PR?PRINTF?PRINTF
  +--> ?PR?_RD_EEPROM?EEPROM
  +--> ?PR?FIRST_CLAVE?PROG
  +--> ?PR?_WR_EEPROM?EEPROM
  +--> ?PR?_LEERMEMORIA?EEPROM
  +--> ?PR?_HASH_ID?PROG
  +--> ?PR?_INGRESADATO?PROG
  +--> ?PR?_GETCMD?PROG
  +--> ?PR?_ESCRIBIRMEMORIA?EEPROM
  +--> ?PR?_VALIDARCLAVE?PROG
  +--> ?PR?DISPLAYCURSOR?PROG
  +--> ?PR?_STRLEN?STRLEN
  +--> ?PR?_GETOPTION?PROG
  +--> ?PR?_STRCAT?STRCAT
  +--> ?PR?_LISTACOMANDOS?PROG
  +--> ?PR?PROG_ID_CLIENTE?PROG
  +--> ?PR?PROG_COD_PARK?PROG
BL51 BANKED LINKER/LOCATER V6.22.2.0                                                  05/25/2021  12:30:00  PAGE 8


  +--> ?PR?PROG_TIEMPO_GRACIA?PROG
  +--> ?PR?PROG_SIN_COBRO?PROG
  +--> ?PR?PROG_DEBUG?PROG
  +--> ?PR?PROG_USE_LPR?PROG
  +--> ?PR?TIPO_PANTALLA?PROG
  +--> ?PR?PROG_TARJETA_AUTOMATICA_O_BOTON?PROG
  +--> ?PR?PROG_ANTIPASSBACK?PROG
  +--> ?PR?PROG_PLACA?PROG
  +--> ?PR?PROG_ADDRESS_HIGH_BOARD?PROG
  +--> ?PR?PROG_HORARIOS?PROG
  +--> ?PR?PROG_VALIDAR_TIPO_VEHICULO_MENSUA...
  +--> ?PR?PROG_APB_MENSUAL?PROG
  +--> ?PR?VER_PROG?PROG
  +--> ?PR?SHOW?PROG
  +--> ?PR?PROG_FECHA_VENCIMIENTO?PROG

?PR?PRINTF?PRINTF                                0020H.0  0001H.1    0008H    0005H      0077H    0030H
  +--> ?PR?_PUTCHAR?MAIN

?PR?_PUTCHAR?MAIN                                -----    -----      -----    -----      00A7H    0003H
  +--> ?PR?_COM_PUTCHAR?UART

?PR?_COM_PUTCHAR?UART                            -----    -----      -----    -----      00AAH    0001H
  +--> ?PR?COM_TBUFLEN?UART

?PR?_RD_EEPROM?EEPROM                            -----    -----      -----    -----      -----    -----
  +--> ?PR?START?EEPROM
  +--> ?PR?ACK_LECT?EEPROM
  +--> ?PR?_E_D_M?EEPROM
  +--> ?PR?ACKD?EEPROM
  +--> ?PR?L_D_M?EEPROM
  +--> ?PR?STOP?EEPROM

?PR?ACK_LECT?EEPROM                              -----    -----      -----    -----      -----    -----
  +--> ?PR?_E_D_M?EEPROM

?PR?_E_D_M?EEPROM                                -----    -----      -----    -----      -----    -----
  +--> ?PR?P_ME?EEPROM

?PR?ACKD?EEPROM                                  -----    -----      -----    -----      -----    -----
  +--> ?PR?_E_D_M?EEPROM

?PR?FIRST_CLAVE?PROG                             -----    -----      -----    -----      0046H    000BH
  +--> ?PR?_BLOCK_READ_CLOCK_ASCII?CLOCK
  +--> ?PR?_HASH_ID?PROG
  +--> ?PR?_ESCRIBIRMEMORIA?EEPROM

?PR?_BLOCK_READ_CLOCK_ASCII?CLOCK                -----    -----      -----    -----      0051H    0003H
  +--> ?PR?_LEE_CLK?CLOCK

?PR?_LEE_CLK?CLOCK                               -----    -----      -----    -----      00B1H    0003H
  +--> ?PR?_DELAY_20US?DELAY
  +--> ?PR?_EB_CLK?CLOCK
  +--> ?PR?P_CK?CLOCK

?PR?_EB_CLK?CLOCK                                -----    -----      -----    -----      00B4H    0003H
  +--> ?PR?P_CK?CLOCK
BL51 BANKED LINKER/LOCATER V6.22.2.0                                                  05/25/2021  12:30:00  PAGE 9



?PR?P_CK?CLOCK                                   -----    -----      -----    -----      -----    -----
  +--> ?PR?DELAY?DELAY

?PR?_HASH_ID?PROG                                -----    -----      -----    -----      005DH    003FH
  +--> ?CO?PROG
  +--> ?PR?_LEERMEMORIA?EEPROM
  +--> ?PR?_CHECK_FECHAOUT?CLOCK
  +--> ?PR?_STRLEN?STRLEN

?PR?_LEERMEMORIA?EEPROM                          -----    -----      -----    -----      009CH    0005H
  +--> ?PR?_RD_EEPROM?EEPROM

?PR?_CHECK_FECHAOUT?CLOCK                        -----    -----      -----    -----      009CH    0012H
  +--> ?PR?_BLOCK_READ_CLOCK_HEX?CLOCK

?PR?_BLOCK_READ_CLOCK_HEX?CLOCK                  -----    -----      -----    -----      00AEH    0003H
  +--> ?PR?_LEE_CLK?CLOCK
  +--> ?PR?_BCD_HEX?CLOCK

?PR?_ESCRIBIRMEMORIA?EEPROM                      -----    -----      -----    -----      005DH    0005H
  +--> ?PR?_WR_EEPROM?EEPROM

?PR?_WR_EEPROM?EEPROM                            -----    -----      -----    -----      -----    -----
  +--> ?PR?START?EEPROM
  +--> ?PR?ACKD?EEPROM
  +--> ?PR?_E_D_M?EEPROM
  +--> ?PR?STOP?EEPROM
  +--> ?PR?_DELAY_1MS?DELAY
  +--> ?PR?_DELAY_20US?DELAY

?PR?_DELAY_1MS?DELAY                             -----    -----      -----    -----      -----    -----
  +--> ?PR?_DELAY_20US?DELAY

?PR?_INGRESADATO?PROG                            -----    -----      -----    -----      0071H    0004H
  +--> ?PR?_GETKEY?MAIN
  +--> ?CO?PROG
  +--> ?PR?PRINTF?PRINTF
  +--> ?PR?_PUTCHAR?MAIN

?PR?_GETKEY?MAIN                                 -----    -----      -----    -----      -----    -----
  +--> ?PR?COM_GETCHAR?UART

?PR?COM_GETCHAR?UART                             -----    -----      -----    -----      -----    -----
  +--> ?PR?COM_RBUFLEN?UART

?PR?_GETCMD?PROG                                 -----    -----      -----    -----      005DH    0007H
  +--> ?CO?PROG
  +--> ?PR?_STRTOK?STRTOK

?PR?_STRTOK?STRTOK                               -----    -----      -----    -----      0064H    0006H
  +--> ?PR?_STRSPN?STRSPN
  +--> ?PR?_STRPBRK?STRPBRK

?PR?_STRSPN?STRSPN                               -----    -----      -----    -----      006AH    0008H

?PR?_STRPBRK?STRPBRK                             -----    -----      -----    -----      006AH    0009H
BL51 BANKED LINKER/LOCATER V6.22.2.0                                                  05/25/2021  12:30:00  PAGE 10



?PR?_VALIDARCLAVE?PROG                           -----    -----      -----    -----      005DH    000EH

?PR?DISPLAYCURSOR?PROG                           -----    -----      -----    -----      -----    -----
  +--> ?CO?PROG
  +--> ?PR?PRINTF?PRINTF

?PR?_GETOPTION?PROG                              -----    -----      -----    -----      0046H    000BH
  +--> ?CO?PROG
  +--> ?PR?_STRTOK?STRTOK

?PR?_STRCAT?STRCAT                               -----    -----      -----    -----      0046H    0009H

?PR?_LISTACOMANDOS?PROG                          -----    -----      -----    -----      0046H    0007H

?PR?PROG_ID_CLIENTE?PROG                         -----    -----      -----    -----      0046H    000CH
  +--> ?PR?_RD_EEPROM?EEPROM
  +--> ?CO?PROG
  +--> ?PR?PRINTF?PRINTF
  +--> ?PR?_INGRESADATO?PROG
  +--> ?PR?_ATOI?ATOI
  +--> ?PR?_WR_EEPROM?EEPROM

?PR?_ATOI?ATOI                                   0020H.0  0000H.1    -----    -----      0071H    0005H
  +--> ?PR?_ISSPACE?ISSPACE
  +--> ?PR?_ISDIGIT?ISDIGIT

?PR?PROG_COD_PARK?PROG                           -----    -----      -----    -----      0046H    000CH
  +--> ?PR?_RD_EEPROM?EEPROM
  +--> ?CO?PROG
  +--> ?PR?PRINTF?PRINTF
  +--> ?PR?_INGRESADATO?PROG
  +--> ?PR?_ATOI?ATOI
  +--> ?PR?_WR_EEPROM?EEPROM

?PR?PROG_TIEMPO_GRACIA?PROG                      -----    -----      -----    -----      0046H    000CH
  +--> ?PR?_RD_EEPROM?EEPROM
  +--> ?CO?PROG
  +--> ?PR?PRINTF?PRINTF
  +--> ?PR?_INGRESADATO?PROG
  +--> ?PR?_ATOI?ATOI
  +--> ?PR?_WR_EEPROM?EEPROM

?PR?PROG_SIN_COBRO?PROG                          -----    -----      -----    -----      0046H    000CH
  +--> ?PR?_RD_EEPROM?EEPROM
  +--> ?CO?PROG
  +--> ?PR?PRINTF?PRINTF
  +--> ?PR?_INGRESADATO?PROG
  +--> ?PR?_ATOI?ATOI
  +--> ?PR?_WR_EEPROM?EEPROM

?PR?PROG_DEBUG?PROG                              -----    -----      -----    -----      0046H    000CH
  +--> ?PR?_RD_EEPROM?EEPROM
  +--> ?CO?PROG
  +--> ?PR?PRINTF?PRINTF
  +--> ?PR?_INGRESADATO?PROG
  +--> ?PR?_ATOI?ATOI
BL51 BANKED LINKER/LOCATER V6.22.2.0                                                  05/25/2021  12:30:00  PAGE 11


  +--> ?PR?_WR_EEPROM?EEPROM

?PR?PROG_USE_LPR?PROG                            -----    -----      -----    -----      0046H    000CH
  +--> ?PR?_RD_EEPROM?EEPROM
  +--> ?CO?PROG
  +--> ?PR?PRINTF?PRINTF
  +--> ?PR?_INGRESADATO?PROG
  +--> ?PR?_ATOI?ATOI
  +--> ?PR?_WR_EEPROM?EEPROM

?PR?TIPO_PANTALLA?PROG                           -----    -----      -----    -----      0046H    000CH
  +--> ?PR?_RD_EEPROM?EEPROM
  +--> ?CO?PROG
  +--> ?PR?PRINTF?PRINTF
  +--> ?PR?_INGRESADATO?PROG
  +--> ?PR?_ATOI?ATOI
  +--> ?PR?_WR_EEPROM?EEPROM

?PR?PROG_TARJETA_AUTOMATICA_O_BOTON?PROG         -----    -----      -----    -----      0046H    000CH
  +--> ?PR?_RD_EEPROM?EEPROM
  +--> ?CO?PROG
  +--> ?PR?PRINTF?PRINTF
  +--> ?PR?_INGRESADATO?PROG
  +--> ?PR?_ATOI?ATOI
  +--> ?PR?_WR_EEPROM?EEPROM

?PR?PROG_ANTIPASSBACK?PROG                       -----    -----      -----    -----      0046H    000CH
  +--> ?PR?_RD_EEPROM?EEPROM
  +--> ?CO?PROG
  +--> ?PR?PRINTF?PRINTF
  +--> ?PR?_INGRESADATO?PROG
  +--> ?PR?_ATOI?ATOI
  +--> ?PR?_WR_EEPROM?EEPROM

?PR?PROG_PLACA?PROG                              -----    -----      -----    -----      0046H    000CH
  +--> ?PR?_RD_EEPROM?EEPROM
  +--> ?CO?PROG
  +--> ?PR?PRINTF?PRINTF
  +--> ?PR?_INGRESADATO?PROG
  +--> ?PR?_ATOI?ATOI
  +--> ?PR?_WR_EEPROM?EEPROM

?PR?PROG_ADDRESS_HIGH_BOARD?PROG                 -----    -----      -----    -----      0046H    000CH
  +--> ?PR?_RD_EEPROM?EEPROM
  +--> ?CO?PROG
  +--> ?PR?PRINTF?PRINTF
  +--> ?PR?_INGRESADATO?PROG
  +--> ?PR?_ATOI?ATOI
  +--> ?PR?_WR_EEPROM?EEPROM

?PR?PROG_HORARIOS?PROG                           -----    -----      -----    -----      0046H    001BH
  +--> ?PR?ADDR_HORARIOS?PROG
  +--> ?CO?PROG
  +--> ?PR?PRINTF?PRINTF
  +--> ?PR?_INGRESADATO?PROG
  +--> ?PR?_ATOI?ATOI
  +--> ?PR?_PROG_HORARIOS_ON_OFF?PROG
BL51 BANKED LINKER/LOCATER V6.22.2.0                                                  05/25/2021  12:30:00  PAGE 12


  +--> ?PR?_WR_EEPROM?EEPROM
  +--> ?PR?_PROG_HORARIO_DIAS?PROG
  +--> ?PR?_PROG_HORARIO_DESDE_HASTA?PROG
  +--> ?PR?_RD_EEPROM?EEPROM

?PR?ADDR_HORARIOS?PROG                           -----    -----      -----    -----      0074H    000BH

?PR?_PROG_HORARIOS_ON_OFF?PROG                   -----    -----      -----    -----      0061H    0010H
  +--> ?PR?_RD_EEPROM?EEPROM
  +--> ?CO?PROG
  +--> ?PR?PRINTF?PRINTF
  +--> ?PR?_INGRESADATO?PROG
  +--> ?PR?_ATOI?ATOI
  +--> ?PR?_WR_EEPROM?EEPROM

?PR?_PROG_HORARIO_DIAS?PROG                      -----    -----      -----    -----      0061H    000FH
  +--> ?CO?PROG
  +--> ?PR?PRINTF?PRINTF
  +--> ?PR?_INGRESADATO?PROG
  +--> ?PR?_WR_EEPROM?EEPROM
  +--> ?PR?_RD_EEPROM?EEPROM

?PR?_PROG_HORARIO_DESDE_HASTA?PROG               -----    -----      -----    -----      0061H    000CH
  +--> ?CO?PROG
  +--> ?PR?PRINTF?PRINTF
  +--> ?PR?_INGRESADATO?PROG
  +--> ?PR?_WR_EEPROM?EEPROM
  +--> ?PR?_RD_EEPROM?EEPROM

?PR?PROG_VALIDAR_TIPO_VEHICULO_MENSUA...         -----    -----      -----    -----      0046H    000CH
  +--> ?PR?_RD_EEPROM?EEPROM
  +--> ?CO?PROG
  +--> ?PR?PRINTF?PRINTF
  +--> ?PR?_INGRESADATO?PROG
  +--> ?PR?_ATOI?ATOI
  +--> ?PR?_WR_EEPROM?EEPROM

?PR?PROG_APB_MENSUAL?PROG                        -----    -----      -----    -----      0046H    000CH
  +--> ?PR?_RD_EEPROM?EEPROM
  +--> ?CO?PROG
  +--> ?PR?PRINTF?PRINTF
  +--> ?PR?_INGRESADATO?PROG
  +--> ?PR?_ATOI?ATOI
  +--> ?PR?_WR_EEPROM?EEPROM

?PR?VER_PROG?PROG                                -----    -----      -----    -----      0046H    0013H
  +--> ?PR?_RD_EEPROM?EEPROM
  +--> ?CO?PROG
  +--> ?PR?PRINTF?PRINTF
  +--> ?PR?VER_HORARIO?PROG
  +--> ?PR?_LEERMEMORIA?EEPROM
  +--> ?PR?_HEX_ASCII?CLOCK

?PR?VER_HORARIO?PROG                             -----    -----      -----    -----      0059H    001BH
  +--> ?PR?ADDR_HORARIOS?PROG
  +--> ?CO?PROG
  +--> ?PR?PRINTF?PRINTF
BL51 BANKED LINKER/LOCATER V6.22.2.0                                                  05/25/2021  12:30:00  PAGE 13


  +--> ?PR?_RD_EEPROM?EEPROM
  +--> ?PR?_VER_HORARIO_DIAS?PROG
  +--> ?PR?_VER_HORARIO_DESDE_HASTA?PROG

?PR?_VER_HORARIO_DIAS?PROG                       -----    -----      -----    -----      0074H    0003H
  +--> ?PR?_RD_EEPROM?EEPROM
  +--> ?CO?PROG
  +--> ?PR?PRINTF?PRINTF

?PR?_VER_HORARIO_DESDE_HASTA?PROG                -----    -----      -----    -----      0074H    0002H
  +--> ?CO?PROG
  +--> ?PR?PRINTF?PRINTF
  +--> ?PR?_RD_EEPROM?EEPROM

?PR?_HEX_ASCII?CLOCK                             -----    -----      -----    -----      005DH    0006H
  +--> ?PR?_HEX_BCD?CLOCK

?PR?SHOW?PROG                                    -----    -----      -----    -----      -----    -----
  +--> ?CO?PROG
  +--> ?PR?PRINTF?PRINTF

?PR?PROG_FECHA_VENCIMIENTO?PROG                  -----    -----      -----    -----      0046H    0017H
  +--> ?PR?_LEERMEMORIA?EEPROM
  +--> ?PR?_HEX_ASCII?CLOCK
  +--> ?CO?PROG
  +--> ?PR?PRINTF?PRINTF
  +--> ?PR?_HASH_ID?PROG
  +--> ?PR?_INGRESADATO?PROG
  +--> ?PR?_GETCMD?PROG
  +--> ?PR?_ESCRIBIRMEMORIA?EEPROM
  +--> ?PR?_VALIDARCLAVE?PROG
  +--> ?PR?_ATOI?ATOI
  +--> ?PR?_WR_EEPROM?EEPROM

?PR?VARIABLE_INICIO?MAIN                         -----    -----      -----    -----      -----    -----
  +--> ?PR?_RD_EEPROM?EEPROM

?PR?SECUENCIA_INICIO_EXPEDIDOR?VERIFI...         -----    -----      -----    -----      0001H    0001H
  +--> ?PR?_INICIALIZA?LINTECH
  +--> ?PR?TRAMA_VALIDACION_P_N?VERIFICADOR
  +--> ?CO?VERIFICADOR
  +--> ?PR?_DEBUG_TXT_TIBBO?TIBBO
  +--> ?PR?_DEBUGBUFFERMF?TIBBO
  +--> ?PR?DWLOAD_EEPROM?LINTECH

?PR?_INICIALIZA?LINTECH                          -----    -----      -----    -----      0002H    000CH
  +--> ?CO?LINTECH
  +--> ?PR?_DEBUG_TXT_TIBBO?TIBBO
  +--> ?PR?_DEBUGBUFFERMF?TIBBO
  +--> ?PR?_ESCRIBIRCADENASOFT_BUFFER?MAIN

?PR?_DEBUG_TXT_TIBBO?TIBBO                       -----    -----      -----    -----      004EH    0004H
  +--> ?PR?_DEBUG_CHR_TIBBO?TIBBO
  +--> ?CO?TIBBO
  +--> ?PR?_TX_AUX?TIBBO

?PR?_DEBUG_CHR_TIBBO?TIBBO                       -----    -----      -----    -----      -----    -----
BL51 BANKED LINKER/LOCATER V6.22.2.0                                                  05/25/2021  12:30:00  PAGE 14


  +--> ?PR?_TX_AUX?TIBBO

?PR?_DEBUGBUFFERMF?TIBBO                         -----    -----      -----    -----      0027H    0006H
  +--> ?CO?TIBBO
  +--> ?PR?_DEBUG_TXT_TIBBO?TIBBO
  +--> ?PR?_DEBUG_CHR_TIBBO?TIBBO
  +--> ?PR?_TX_AUX?TIBBO

?PR?_ESCRIBIRCADENASOFT_BUFFER?MAIN              -----    -----      -----    -----      0027H    0006H
  +--> ?PR?_PUTCHAR?MAIN

?PR?TRAMA_VALIDACION_P_N?VERIFICADOR             -----    -----      -----    -----      -----    -----
  +--> ?CO?VERIFICADOR
  +--> ?PR?_DEBUG_TXT_TIBBO?TIBBO

?PR?DWLOAD_EEPROM?LINTECH                        -----    -----      -----    -----      0002H    0016H
  +--> ?CO?LINTECH
  +--> ?PR?_DEBUG_TXT_TIBBO?TIBBO
  +--> ?PR?_DEBUGBUFFERMF?TIBBO
  +--> ?PR?_ESCRIBIRCADENASOFT_BUFFER?MAIN

?PR?RX_MONITOR?MONITOR                           -----    -----      -----    -----      0009H    000DH
  +--> ?PR?_RECIBE_CMD_MONITOR?MONITOR
  +--> ?PR?_DEBUG_MONITOR?TIBBO
  +--> ?PR?_VALIDA_TRAMA_MONITOR?MONITOR

?PR?_RECIBE_CMD_MONITOR?MONITOR                  -----    -----      -----    -----      0016H    0009H
  +--> ?PR?RX_DATA?TIBBO

?PR?RX_DATA?TIBBO                                -----    -----      -----    -----      -----    -----
  +--> ?PR?TIME_MBIT?TIBBO
  +--> ?PR?TIME_BIT?TIBBO

?PR?_DEBUG_MONITOR?TIBBO                         -----    -----      -----    -----      0016H    0004H
  +--> ?PR?DEBUG_DIVIDIR_TEXTO?TIBBO
  +--> ?CO?TIBBO
  +--> ?PR?_DEBUG_TXT_TIBBO?TIBBO

?PR?DEBUG_DIVIDIR_TEXTO?TIBBO                    -----    -----      -----    -----      -----    -----
  +--> ?CO?TIBBO
  +--> ?PR?_DEBUG_TXT_TIBBO?TIBBO

?PR?_VALIDA_TRAMA_MONITOR?MONITOR                -----    -----      -----    -----      0016H    0006H
  +--> ?PR?_DELAY_10MS?DELAY
  +--> ?PR?_TX_AUX?TIBBO

?PR?_DELAY_10MS?DELAY                            -----    -----      -----    -----      001CH    0004H
  +--> ?PR?_DELAY_1MS?DELAY

?PR?_SECUENCIAEXPEDIDORMF?VERIFICADOR            -----    -----      -----    -----      0001H    0001H
  +--> ?PR?_CHECK_STATUS?LINTECH
  +--> ?PR?_LOAD_SECUENCIA_EXPEDIDOR?VERIFIC...
  +--> ?PR?RX_MONITOR?MONITOR
  +--> ?PR?_RTA_CMD_TRANSPORTE?VERIFICADOR
  +--> ?PR?_MOV_CARD?LINTECH
  +--> ?PR?_CARD_INSERCION?LINTECH
  +--> ?PR?AUT_CARD_CHECK_STATUS?LINTECH
BL51 BANKED LINKER/LOCATER V6.22.2.0                                                  05/25/2021  12:30:00  PAGE 15


  +--> ?PR?LOADVERIFY_EEPROM?LINTECH
  +--> ?PR?_RD_MF?LINTECH
  +--> ?PR?_WR_MF?LINTECH
  +--> ?PR?ANALIZA_CARD_MOUNT_RF?VERIFICADOR
  +--> ?PR?DWLOAD_EEPROM?LINTECH
  +--> ?PR?ENTREGA_CARD_CAPTURA?VERIFICADOR
  +--> ?PR?_SEND_PTO_PARALELO?VERIFICADOR
  +--> ?PR?_WAIT_PLACA?VERIFICADOR
  +--> ?PR?UNIQUE_IDENTIFIER_UID?LINTECH
  +--> ?PR?_PREGUNTA_LPR?VERIFICADOR
  +--> ?PR?PREGUNTA_PLACA?VERIFICADOR
  +--> ?PR?_VALIDA_TIPO_TARJETA?VERIFICADOR
  +--> ?PR?POWER_OFF?LINTECH
  +--> ?PR?CLAVE_SEGURIDAD_S2?LINTECH
  +--> ?PR?_RESPONDE_REELECTURA_TARJETA_SECT...
  +--> ?PR?RESPONDE_ESTADO_SENSORES_TRANSPOR...
  +--> ?PR?RESPONDE_TIPO_TARJETA?VERIFICADOR
  +--> ?PR?_RESPONDE_LECTURA_TARJETA_SECTOR1...
  +--> ?PR?_RESPONDE_LECTURA_TARJETA_SECTOR1...
  +--> ?PR?_RESPONDE_LECTURA_TARJETA_SECTOR1...
  +--> ?PR?_RESPONDE_WRITE_TARJETA_SECTOR1_B...
  +--> ?PR?_RESPONDE_WRITE_TARJETA_SECTOR2_B...
  +--> ?PR?_RESPONDE_WRITE_TARJETA_SECTOR1_B...
  +--> ?PR?_RESPONDE_WRITE_TARJETA_SECTOR1_B...
  +--> ?PR?_DISPARO_LOCK_ENTRADA_VEHICULO?VE...
  +--> ?PR?_RESPUESTA_SEGUNDA_CLAVE?VERIFICADOR
  +--> ?PR?ANALIZA_PRESENCIA_MENSUAL?VERIFIC...
  +--> ?PR?_ANALIZA_UID_CARD?VERIFICADOR
  +--> ?PR?ANALIZA_PRESENCIA_ROTACION?VERIFI...
  +--> ?CO?VERIFICADOR
  +--> ?PR?_DEBUG_TXT_TIBBO?TIBBO

?PR?_CHECK_STATUS?LINTECH                        -----    -----      -----    -----      0002H    000BH
  +--> ?CO?LINTECH
  +--> ?PR?_DEBUG_TXT_TIBBO?TIBBO
  +--> ?PR?_DEBUGBUFFERMF?TIBBO
  +--> ?PR?_ESCRIBIRCADENASOFT_BUFFER?MAIN

?PR?_LOAD_SECUENCIA_EXPEDIDOR?VERIFIC...         -----    -----      -----    -----      0002H    0009H

?PR?_RTA_CMD_TRANSPORTE?VERIFICADOR              -----    -----      -----    -----      0002H    0005H
  +--> ?PR?TRAMA_VALIDACION_P_N?VERIFICADOR
  +--> ?CO?VERIFICADOR
  +--> ?PR?_DEBUG_TXT_TIBBO?TIBBO
  +--> ?PR?_DEBUGBUFFERMF?TIBBO
  +--> ?PR?ERROR_RX_PTO?VERIFICADOR

?PR?ERROR_RX_PTO?VERIFICADOR                     -----    -----      -----    -----      0007H    0001H
  +--> ?CO?VERIFICADOR
  +--> ?PR?_DEBUG_TXT_TIBBO?TIBBO
  +--> ?PR?_DEBUG_CHR_TIBBO?TIBBO
  +--> ?PR?_DELAY_10MS?DELAY

?PR?_MOV_CARD?LINTECH                            -----    -----      -----    -----      0002H    000CH
  +--> ?CO?LINTECH
  +--> ?PR?_DEBUG_TXT_TIBBO?TIBBO
  +--> ?PR?_DEBUGBUFFERMF?TIBBO
BL51 BANKED LINKER/LOCATER V6.22.2.0                                                  05/25/2021  12:30:00  PAGE 16


  +--> ?PR?_ESCRIBIRCADENASOFT_BUFFER?MAIN

?PR?_CARD_INSERCION?LINTECH                      -----    -----      -----    -----      0002H    000AH
  +--> ?CO?LINTECH
  +--> ?PR?_DEBUG_TXT_TIBBO?TIBBO
  +--> ?PR?_DEBUGBUFFERMF?TIBBO
  +--> ?PR?_ESCRIBIRCADENASOFT_BUFFER?MAIN

?PR?AUT_CARD_CHECK_STATUS?LINTECH                -----    -----      -----    -----      0002H    000BH
  +--> ?CO?LINTECH
  +--> ?PR?_DEBUG_TXT_TIBBO?TIBBO
  +--> ?PR?_DEBUGBUFFERMF?TIBBO
  +--> ?PR?_ESCRIBIRCADENASOFT_BUFFER?MAIN

?PR?LOADVERIFY_EEPROM?LINTECH                    -----    -----      -----    -----      0002H    0010H
  +--> ?CO?LINTECH
  +--> ?PR?_DEBUG_TXT_TIBBO?TIBBO
  +--> ?PR?_DEBUGBUFFERMF?TIBBO
  +--> ?PR?_ESCRIBIRCADENASOFT_BUFFER?MAIN

?PR?_RD_MF?LINTECH                               -----    -----      -----    -----      0002H    0012H
  +--> ?CO?LINTECH
  +--> ?PR?_DEBUG_TXT_TIBBO?TIBBO
  +--> ?PR?_DEBUG_CHR_TIBBO?TIBBO
  +--> ?PR?_DEBUGBUFFERMF?TIBBO
  +--> ?PR?_ESCRIBIRCADENASOFT_BUFFER?MAIN

?PR?_WR_MF?LINTECH                               -----    -----      -----    -----      0002H    0025H
  +--> ?CO?LINTECH
  +--> ?PR?_DEBUG_TXT_TIBBO?TIBBO
  +--> ?PR?_DEBUG_CHR_TIBBO?TIBBO
  +--> ?PR?_DEBUGBUFFERMF?TIBBO
  +--> ?PR?_ESCRIBIRCADENASOFT_BUFFER?MAIN

?PR?ANALIZA_CARD_MOUNT_RF?VERIFICADOR            -----    -----      -----    -----      0002H    0001H
  +--> ?CO?VERIFICADOR
  +--> ?PR?_DEBUG_TXT_TIBBO?TIBBO

?PR?ENTREGA_CARD_CAPTURA?VERIFICADOR             -----    -----      -----    -----      0002H    0001H
  +--> ?CO?VERIFICADOR
  +--> ?PR?_DEBUG_TXT_TIBBO?TIBBO
  +--> ?PR?SEL_SENSOR2?IO_SENSORES
  +--> ?PR?VALIDASENSOR?IO_SENSORES
  +--> ?PR?VALIDA_SENSOR1_AUTO?IO_SENSORES

?PR?VALIDA_SENSOR1_AUTO?IO_SENSORES              -----    -----      -----    -----      0011H    0001H
  +--> ?PR?SEL_SENSOR1?IO_SENSORES
  +--> ?PR?SEL_AUTO?IO_SENSORES
  +--> ?CO?IO_SENSORES
  +--> ?PR?_DEBUG_TXT_TIBBO?TIBBO
  +--> ?PR?BOTTON?IO_SENSORES

?PR?BOTTON?IO_SENSORES                           -----    -----      -----    -----      -----    -----
  +--> ?PR?SEL_PULSA?IO_SENSORES
  +--> ?CO?IO_SENSORES
  +--> ?PR?_DEBUG_TXT_TIBBO?TIBBO

BL51 BANKED LINKER/LOCATER V6.22.2.0                                                  05/25/2021  12:30:00  PAGE 17


?PR?_SEND_PTO_PARALELO?VERIFICADOR               -----    -----      -----    -----      0002H    0004H
  +--> ?PR?_ARMAR_TRAMA_PTO_PARALELO_EXPEDID...
  +--> ?PR?_ARMAR_TRAMA_PTO_PARALELO_EXPEDID...
  +--> ?PR?INCREMENTE_TICKET?EEPROM
  +--> ?PR?_SEND_PORT?PTO_PARALELO
  +--> ?CO?VERIFICADOR
  +--> ?PR?_DEBUG_TXT_TIBBO?TIBBO
  +--> ?PR?_DEBUGBUFFERMF?TIBBO
  +--> ?PR?CLEAR_PLACA?MONITOR

?PR?_ARMAR_TRAMA_PTO_PARALELO_EXPEDID...         -----    -----      -----    -----      0006H    0006H
  +--> ?PR?_BLOCK_READ_CLOCK_HEX?CLOCK
  +--> ?PR?_RD_EEPROM?EEPROM

?PR?_ARMAR_TRAMA_PTO_PARALELO_EXPEDID...         -----    -----      -----    -----      0006H    000FH
  +--> ?PR?LEE_NO_TICKET?EEPROM
  +--> ?PR?_STRCAT?STRCAT
  +--> ?PR?_STRLEN?STRLEN
  +--> ?PR?_BLOCK_READ_CLOCK_HEX?CLOCK
  +--> ?PR?_RD_EEPROM?EEPROM

?PR?LEE_NO_TICKET?EEPROM                         -----    -----      -----    -----      0043H    000BH
  +--> ?PR?READ_EEPROM_TICKET?EEPROM
  +--> ?CO?EEPROM
  +--> ?PR?PRINTF?PRINTF
  +--> ?PR?_STRLEN?STRLEN
  +--> ?PR?_DEBUG_TXT_TIBBO?TIBBO

?PR?READ_EEPROM_TICKET?EEPROM                    -----    -----      -----    -----      004EH    0007H
  +--> ?PR?_RD_EEPROM?EEPROM

?PR?INCREMENTE_TICKET?EEPROM                     -----    -----      -----    -----      0006H    000BH
  +--> ?PR?READ_EEPROM_TICKET?EEPROM
  +--> ?CO?EEPROM
  +--> ?PR?PRINTF?PRINTF
  +--> ?PR?_WRITE_EEPROM_TICKET?EEPROM

?PR?_WRITE_EEPROM_TICKET?EEPROM                  -----    -----      -----    -----      0015H    000BH
  +--> ?CO?EEPROM
  +--> ?PR?_DEBUG_TXT_TIBBO?TIBBO
  +--> ?PR?_ATOL?ATOL
  +--> ?PR?_DEBUG_CHR_TIBBO?TIBBO
  +--> ?PR?_WR_EEPROM?EEPROM

?PR?_ATOL?ATOL                                   0020H.0  0000H.1    -----    -----      0020H    0007H
  +--> ?PR?_ISSPACE?ISSPACE
  +--> ?PR?_ISDIGIT?ISDIGIT

?PR?_SEND_PORT?PTO_PARALELO                      -----    -----      -----    -----      0016H    000AH
  +--> ?PR?PULSO_BUS?PTO_PARALELO
  +--> ?PR?_DELAY_20US?DELAY

?PR?PULSO_BUS?PTO_PARALELO                       -----    -----      -----    -----      -----    -----
  +--> ?PR?_DELAY_20US?DELAY

?PR?_WAIT_PLACA?VERIFICADOR                      -----    -----      -----    -----      0002H    0007H
  +--> ?CO?VERIFICADOR
BL51 BANKED LINKER/LOCATER V6.22.2.0                                                  05/25/2021  12:30:00  PAGE 18


  +--> ?PR?_DEBUG_TXT_TIBBO?TIBBO
  +--> ?PR?RX_MONITOR?MONITOR
  +--> ?PR?_RESPUESTA_PLACA_CANCEL?VERIFICADOR

?PR?_RESPUESTA_PLACA_CANCEL?VERIFICADOR          -----    -----      -----    -----      0009H    000AH
  +--> ?CO?VERIFICADOR
  +--> ?PR?_DEBUG_TXT_TIBBO?TIBBO
  +--> ?PR?_ARMAR_TRAMA_TARJETA_SECTOR1_BLOQ...

?PR?_ARMAR_TRAMA_TARJETA_SECTOR1_BLOQ...         -----    -----      -----    -----      0013H    0004H
  +--> ?PR?CLEAR_PLACA?MONITOR
  +--> ?PR?_RD_EEPROM?EEPROM

?PR?UNIQUE_IDENTIFIER_UID?LINTECH                -----    -----      -----    -----      0002H    000BH
  +--> ?CO?LINTECH
  +--> ?PR?_DEBUG_TXT_TIBBO?TIBBO
  +--> ?PR?_DEBUGBUFFERMF?TIBBO
  +--> ?PR?_ESCRIBIRCADENASOFT_BUFFER?MAIN

?PR?_PREGUNTA_LPR?VERIFICADOR                    -----    -----      -----    -----      0002H    0003H
  +--> ?CO?VERIFICADOR
  +--> ?PR?_DEBUG_TXT_TIBBO?TIBBO
  +--> ?PR?_RD_EEPROM?EEPROM
  +--> ?PR?_ARMAR_TRAMA_MONITOR?VERIFICADOR

?PR?_ARMAR_TRAMA_MONITOR?VERIFICADOR             -----    -----      -----    -----      0005H    000FH
  +--> ?PR?DIR_BOARD_MONITOR?IO_SENSORES
  +--> ?PR?LEE_NO_TICKET?EEPROM
  +--> ?PR?_STRCAT?STRCAT
  +--> ?PR?_BYTEHEX_DECIMAL?CLOCK
  +--> ?PR?_STRLEN?STRLEN
  +--> ?PR?_TWO_BYTEHEX_DECIMAL?CLOCK
  +--> ?PR?_BLOCK_READ_CLOCK_ASCII?CLOCK

?PR?DIR_BOARD_MONITOR?IO_SENSORES                -----    -----      -----    -----      -----    -----
  +--> ?PR?_RD_EEPROM?EEPROM

?PR?_BYTEHEX_DECIMAL?CLOCK                       -----    -----      -----    -----      0014H    0001H

?PR?_TWO_BYTEHEX_DECIMAL?CLOCK                   -----    -----      -----    -----      0014H    000CH
  +--> ?PR?_POW?POW

?PR?_POW?POW                                     -----    -----      -----    -----      0020H    000AH
  +--> ?PR?LOG?LOG
  +--> ?PR?EXP?EXP

?PR?LOG?LOG                                      0020H.0  0000H.1    -----    -----      002AH    0004H

?PR?PREGUNTA_PLACA?VERIFICADOR                   -----    -----      -----    -----      0002H    0001H
  +--> ?CO?VERIFICADOR
  +--> ?PR?_DEBUG_TXT_TIBBO?TIBBO
  +--> ?PR?_RD_EEPROM?EEPROM

?PR?_VALIDA_TIPO_TARJETA?VERIFICADOR             -----    -----      -----    -----      0002H    0007H
  +--> ?CO?VERIFICADOR
  +--> ?PR?_DEBUG_TXT_TIBBO?TIBBO
  +--> ?PR?_RD_EEPROM?EEPROM
BL51 BANKED LINKER/LOCATER V6.22.2.0                                                  05/25/2021  12:30:00  PAGE 19


  +--> ?PR?_TARJETA_MENSUAL?VERIFICADOR
  +--> ?PR?_SEND_PORTERR?PTO_PARALELO
  +--> ?PR?_PANTALLALCD?PANTALLAS
  +--> ?PR?CAPTURA_EXPULSA?VERIFICADOR
  +--> ?PR?_TARJETA_ROTACION?VERIFICADOR

?PR?_TARJETA_MENSUAL?VERIFICADOR                 -----    -----      -----    -----      0009H    0007H
  +--> ?PR?_HORARIOS?VERIFICADOR
  +--> ?PR?_CHECK_FECHAOUT?CLOCK
  +--> ?PR?_VALIDA_VEHICULO_CARD_MENSUAL?VER...
  +--> ?PR?CAPTURA_EXPULSA?VERIFICADOR
  +--> ?CO?VERIFICADOR
  +--> ?PR?_DEBUG_TXT_TIBBO?TIBBO
  +--> ?PR?_ARMAR_TRAMA_TARJETA_SECTOR1_BLOQ...
  +--> ?PR?_SEND_PORTERR?PTO_PARALELO
  +--> ?PR?_PANTALLALCD?PANTALLAS

?PR?_HORARIOS?VERIFICADOR                        -----    -----      -----    -----      0010H    0013H
  +--> ?PR?ADDR_HORARIOS?PROG
  +--> ?PR?_RD_EEPROM?EEPROM
  +--> ?PR?_LEE_CLK?CLOCK
  +--> ?CO?VERIFICADOR
  +--> ?PR?_DEBUG_TXT_TIBBO?TIBBO
  +--> ?PR?_DEBUG_CHR_TIBBO?TIBBO
  +--> ?PR?_BLOQUE_HORARIO?VERIFICADOR
  +--> ?PR?_PANTALLALCD?PANTALLAS

?PR?_BLOQUE_HORARIO?VERIFICADOR                  -----    -----      -----    -----      0023H    0007H
  +--> ?CO?VERIFICADOR
  +--> ?PR?_DEBUG_TXT_TIBBO?TIBBO
  +--> ?PR?_LEE_CLK?CLOCK
  +--> ?PR?_DEBUG_CHR_TIBBO?TIBBO
  +--> ?PR?_HORA_MAXIMA?VERIFICADOR
  +--> ?PR?_EN_HORARIO?VERIFICADOR
  +--> ?PR?_RD_EEPROM?EEPROM
  +--> ?PR?_SEND_PORTERR?PTO_PARALELO
  +--> ?PR?_PANTALLALCD?PANTALLAS

?PR?_HORA_MAXIMA?VERIFICADOR                     -----    -----      -----    -----      002FH    0008H
  +--> ?PR?_RD_EEPROM?EEPROM
  +--> ?PR?_DEBUG_CHR_TIBBO?TIBBO
  +--> ?CO?VERIFICADOR
  +--> ?PR?_DEBUG_TXT_TIBBO?TIBBO

?PR?_EN_HORARIO?VERIFICADOR                      -----    -----      -----    -----      002AH    0005H
  +--> ?CO?VERIFICADOR
  +--> ?PR?_DEBUG_TXT_TIBBO?TIBBO
  +--> ?PR?_HORA_MAXIMA?VERIFICADOR

?PR?_SEND_PORTERR?PTO_PARALELO                   -----    -----      -----    -----      002AH    0006H
  +--> ?PR?PULSO_BUS?PTO_PARALELO
  +--> ?PR?_DELAY_20US?DELAY

?PR?_PANTALLALCD?PANTALLAS                       -----    -----      -----    -----      002AH    000AH
  +--> ?CO?PANTALLAS
  +--> ?PR?_LCD_TXT?PANTALLAS
  +--> ?PR?_STRLEN?STRLEN
BL51 BANKED LINKER/LOCATER V6.22.2.0                                                  05/25/2021  12:30:00  PAGE 20


  +--> ?PR?_TX_CHRLCD?PANTALLAS
  +--> ?PR?_RASPBERRY_DATA?PANTALLAS

?PR?_LCD_TXT?PANTALLAS                           -----    -----      -----    -----      0043H    0005H
  +--> ?PR?_TX_CHRLCD?PANTALLAS

?PR?_TX_CHRLCD?PANTALLAS                         -----    -----      -----    -----      0048H    0002H
  +--> ?PR?_PUTCHAR?MAIN

?PR?_RASPBERRY_DATA?PANTALLAS                    -----    -----      -----    -----      0043H    0006H
  +--> ?PR?_STRLEN?STRLEN
  +--> ?PR?_PUTCHAR?MAIN

?PR?_VALIDA_VEHICULO_CARD_MENSUAL?VER...         -----    -----      -----    -----      0010H    0004H
  +--> ?CO?VERIFICADOR
  +--> ?PR?_DEBUG_TXT_TIBBO?TIBBO
  +--> ?PR?_RD_EEPROM?EEPROM
  +--> ?PR?_SEND_PORTERR?PTO_PARALELO

?PR?_ARMAR_TRAMA_TARJETA_SECTOR1_BLOQ...         -----    -----      -----    -----      0010H    0006H
  +--> ?PR?_BLOCK_READ_CLOCK_HEX?CLOCK
  +--> ?PR?DIR_BOARD?IO_SENSORES

?PR?DIR_BOARD?IO_SENSORES                        -----    -----      -----    -----      0032H    0001H
  +--> ?PR?SEL_DIR1?IO_SENSORES
  +--> ?PR?SEL_DIR2?IO_SENSORES
  +--> ?PR?_RD_EEPROM?EEPROM

?PR?_TARJETA_ROTACION?VERIFICADOR                -----    -----      -----    -----      0009H    0006H
  +--> ?PR?_ARMAR_TRAMA_TARJETA_SECTOR1_BLOQ...

?PR?POWER_OFF?LINTECH                            -----    -----      -----    -----      0002H    000BH
  +--> ?CO?LINTECH
  +--> ?PR?_DEBUG_TXT_TIBBO?TIBBO
  +--> ?PR?_DEBUGBUFFERMF?TIBBO
  +--> ?PR?_ESCRIBIRCADENASOFT_BUFFER?MAIN

?PR?CLAVE_SEGURIDAD_S2?LINTECH                   -----    -----      -----    -----      0002H    0016H
  +--> ?CO?LINTECH
  +--> ?PR?_DEBUG_TXT_TIBBO?TIBBO
  +--> ?PR?_DEBUGBUFFERMF?TIBBO
  +--> ?PR?_ESCRIBIRCADENASOFT_BUFFER?MAIN

?PR?_RESPONDE_REELECTURA_TARJETA_SECT...         -----    -----      -----    -----      0002H    000AH
  +--> ?CO?VERIFICADOR
  +--> ?PR?_DEBUG_TXT_TIBBO?TIBBO
  +--> ?PR?_DEBUGBUFFERMF?TIBBO
  +--> ?PR?_ARMAR_TRAMA_TARJETA_SECTOR1_BLOQ...

?PR?_ARMAR_TRAMA_TARJETA_SECTOR1_BLOQ...         -----    -----      -----    -----      000CH    0003H
  +--> ?PR?LEE_NO_TICKET?EEPROM

?PR?RESPONDE_ESTADO_SENSORES_TRANSPOR...         -----    -----      -----    -----      0002H    0001H
  +--> ?CO?VERIFICADOR
  +--> ?PR?_DEBUG_TXT_TIBBO?TIBBO
  +--> ?PR?_SEND_PORTERR?PTO_PARALELO
  +--> ?PR?INGRESO_VEHICULO?VERIFICADOR
BL51 BANKED LINKER/LOCATER V6.22.2.0                                                  05/25/2021  12:30:00  PAGE 21



?PR?INGRESO_VEHICULO?VERIFICADOR                 -----    -----      -----    -----      -----    -----
  +--> ?PR?VALIDASENSORESPASO?IO_SENSORES
  +--> ?PR?_RD_EEPROM?EEPROM
  +--> ?CO?VERIFICADOR
  +--> ?PR?_DEBUG_TXT_TIBBO?TIBBO
  +--> ?PR?_PANTALLALCD?PANTALLAS
  +--> ?PR?BOTTON?IO_SENSORES

?PR?VALIDASENSORESPASO?IO_SENSORES               -----    -----      -----    -----      0010H    0001H
  +--> ?PR?SEL_SENSOR2?IO_SENSORES
  +--> ?PR?VALIDASENSOR?IO_SENSORES
  +--> ?PR?VALIDA_SENSOR1_AUTO?IO_SENSORES
  +--> ?CO?IO_SENSORES
  +--> ?PR?_DEBUG_TXT_TIBBO?TIBBO

?PR?RESPONDE_TIPO_TARJETA?VERIFICADOR            -----    -----      -----    -----      0002H    0001H
  +--> ?CO?VERIFICADOR
  +--> ?PR?_DEBUG_TXT_TIBBO?TIBBO
  +--> ?PR?_SEND_PORTERR?PTO_PARALELO
  +--> ?PR?_PANTALLALCD?PANTALLAS
  +--> ?PR?CAPTURA_EXPULSA?VERIFICADOR

?PR?_RESPONDE_LECTURA_TARJETA_SECTOR1...         -----    -----      -----    -----      0002H    0016H
  +--> ?CO?VERIFICADOR
  +--> ?PR?_DEBUG_TXT_TIBBO?TIBBO
  +--> ?PR?_DEBUGBUFFERMF?TIBBO
  +--> ?PR?_RD_EEPROM?EEPROM
  +--> ?PR?_DEBUG_HEXDEC?TIBBO
  +--> ?PR?_DEBUG_CHR_TIBBO?TIBBO
  +--> ?PR?_SEND_PORTERR?PTO_PARALELO
  +--> ?PR?_PANTALLALCD?PANTALLAS
  +--> ?PR?CAPTURA_EXPULSA?VERIFICADOR

?PR?_DEBUG_HEXDEC?TIBBO                          -----    -----      -----    -----      0018H    0002H
  +--> ?PR?_TX_AUX?TIBBO

?PR?_RESPONDE_LECTURA_TARJETA_SECTOR1...         -----    -----      -----    -----      0002H    0004H
  +--> ?CO?VERIFICADOR
  +--> ?PR?_DEBUG_TXT_TIBBO?TIBBO
  +--> ?PR?CAPTURA_EXPULSA?VERIFICADOR

?PR?_RESPONDE_LECTURA_TARJETA_SECTOR1...         -----    -----      -----    -----      0002H    0015H
  +--> ?CO?VERIFICADOR
  +--> ?PR?_DEBUG_TXT_TIBBO?TIBBO
  +--> ?PR?_DEBUGBUFFERMF?TIBBO
  +--> ?PR?_DEBUG_CHR_TIBBO?TIBBO
  +--> ?PR?CAPTURA_EXPULSA?VERIFICADOR

?PR?_RESPONDE_WRITE_TARJETA_SECTOR1_B...         -----    -----      -----    -----      0002H    0007H
  +--> ?CO?VERIFICADOR
  +--> ?PR?_DEBUG_TXT_TIBBO?TIBBO
  +--> ?PR?_DEBUGBUFFERMF?TIBBO

?PR?_RESPONDE_WRITE_TARJETA_SECTOR2_B...         -----    -----      -----    -----      0002H    0003H
  +--> ?CO?VERIFICADOR
  +--> ?PR?_DEBUG_TXT_TIBBO?TIBBO
BL51 BANKED LINKER/LOCATER V6.22.2.0                                                  05/25/2021  12:30:00  PAGE 22


  +--> ?PR?_DEBUGBUFFERMF?TIBBO

?PR?_RESPONDE_WRITE_TARJETA_SECTOR1_B...         -----    -----      -----    -----      0002H    0003H
  +--> ?CO?VERIFICADOR
  +--> ?PR?_DEBUG_TXT_TIBBO?TIBBO
  +--> ?PR?_DEBUGBUFFERMF?TIBBO

?PR?_RESPONDE_WRITE_TARJETA_SECTOR1_B...         -----    -----      -----    -----      0002H    0003H
  +--> ?CO?VERIFICADOR
  +--> ?PR?_DEBUG_TXT_TIBBO?TIBBO
  +--> ?PR?_DEBUGBUFFERMF?TIBBO

?PR?_DISPARO_LOCK_ENTRADA_VEHICULO?VE...         -----    -----      -----    -----      0002H    0004H
  +--> ?CO?VERIFICADOR
  +--> ?PR?_DEBUG_TXT_TIBBO?TIBBO
  +--> ?PR?_SEND_PORTERR?PTO_PARALELO
  +--> ?PR?_PANTALLALCD_LINEA_2?PANTALLAS
  +--> ?PR?VALIDA_SENSOR1_AUTO?IO_SENSORES
  +--> ?PR?_PANTALLALCD?PANTALLAS

?PR?_PANTALLALCD_LINEA_2?PANTALLAS               -----    -----      -----    -----      0010H    0033H
  +--> ?CO?PANTALLAS
  +--> ?PR?_LCD_TXT?PANTALLAS
  +--> ?PR?_STRLEN?STRLEN
  +--> ?PR?_TX_CHRLCD?PANTALLAS
  +--> ?PR?_RASPBERRY_DATA?PANTALLAS
  +--> ?PR?LEE_NO_TICKET?EEPROM
  +--> ?PR?_STRCAT?STRCAT

?PR?_RESPUESTA_SEGUNDA_CLAVE?VERIFICADOR         -----    -----      -----    -----      0002H    0006H
  +--> ?CO?VERIFICADOR
  +--> ?PR?_DEBUG_TXT_TIBBO?TIBBO
  +--> ?PR?_DEBUGBUFFERMF?TIBBO
  +--> ?PR?_ARMAR_TRAMA_PLACA?VERIFICADOR

?PR?_ARMAR_TRAMA_PLACA?VERIFICADOR               -----    -----      -----    -----      0008H    0003H
  +--> ?PR?_STRLEN?STRLEN

?PR?ANALIZA_PRESENCIA_MENSUAL?VERIFIC...         -----    -----      -----    -----      0002H    0001H
  +--> ?PR?VALIDASENSORESPASO?IO_SENSORES
  +--> ?PR?_SEND_PORTERR?PTO_PARALELO
  +--> ?PR?_PANTALLALCD?PANTALLAS

?PR?_ANALIZA_UID_CARD?VERIFICADOR                -----    -----      -----    -----      0002H    0015H
  +--> ?CO?VERIFICADOR
  +--> ?PR?_DEBUG_TXT_TIBBO?TIBBO
  +--> ?PR?_DEBUGBUFFERMF?TIBBO
  +--> ?PR?_DEBUG_CHR_TIBBO?TIBBO

?PR?ANALIZA_PRESENCIA_ROTACION?VERIFI...         -----    -----      -----    -----      0002H    0001H
  +--> ?PR?VALIDASENSORESPASO?IO_SENSORES
  +--> ?PR?_SEND_PORTERR?PTO_PARALELO
  +--> ?PR?_PANTALLALCD?PANTALLAS

?PR?_RECIBE_PORT?PTO_PARALELO                    -----    -----      -----    -----      0001H    0008H
  +--> ?PR?OFF_TIMER0_INTERRUP?MAIN
  +--> ?PR?ON_TIMER0_INTERRUP?MAIN
BL51 BANKED LINKER/LOCATER V6.22.2.0                                                  05/25/2021  12:30:00  PAGE 23



?PR?_DEBUG_PTO_PARALELO?TIBBO                    -----    -----      -----    -----      0001H    0004H
  +--> ?CO?TIBBO
  +--> ?PR?_DEBUG_TXT_TIBBO?TIBBO
  +--> ?PR?_DEBUGBUFFERMF?TIBBO
  +--> ?PR?DEBUG_DIVIDIR_TEXTO?TIBBO

?PR?_VALIDA_TRAMA_PTO?ACCESCAN                   -----    -----      -----    -----      0001H    000FH
  +--> ?PR?_VALIDAR_CLK?CLOCK
  +--> ?PR?_BLOCK_WRITE_CLOCK_ASCII?CLOCK
  +--> ?PR?RELOJ_PANTALLA_LCD?PANTALLAS
  +--> ?PR?_PANTALLALCD?PANTALLAS
  +--> ?CO?ACCESCAN
  +--> ?PR?_DEBUG_TXT_TIBBO?TIBBO
  +--> ?PR?_BYTEHEX_DECIMAL?CLOCK
  +--> ?PR?_TWO_BYTEHEX_DECIMAL?CLOCK
  +--> ?PR?VALIDASENSORESPASO?IO_SENSORES
  +--> ?PR?_CMD_LPR_SALIDA_WIEGAND?ACCESCAN
  +--> ?PR?_PANTALLALCD_LINEA_2?PANTALLAS
  +--> ?PR?_GRABA_SERIE?EEPROM

?PR?_BLOCK_WRITE_CLOCK_ASCII?CLOCK               -----    -----      -----    -----      0010H    0003H
  +--> ?CO?CLOCK
  +--> ?PR?_DEBUG_TXT_TIBBO?TIBBO
  +--> ?PR?_TWO_ONE?CLOCK
  +--> ?PR?_WR_CLK?CLOCK

?PR?_WR_CLK?CLOCK                                -----    -----      -----    -----      0013H    0002H
  +--> ?PR?_DELAY_20US?DELAY
  +--> ?PR?_EB_CLK?CLOCK

?PR?RELOJ_PANTALLA_LCD?PANTALLAS                 -----    -----      -----    -----      0010H    000DH
  +--> ?CO?PANTALLAS
  +--> ?PR?_BLOCK_READ_CLOCK?CLOCK
  +--> ?PR?_LCD_TXT_NUM_CHAR?PANTALLAS
  +--> ?PR?_BLOCK_READ_CLOCK_ASCII_RASBERRY?...
  +--> ?PR?_STRCAT?STRCAT
  +--> ?PR?_RASPBERRY_DATA?PANTALLAS

?PR?_BLOCK_READ_CLOCK?CLOCK                      -----    -----      -----    -----      001DH    0003H
  +--> ?PR?_LEE_CLK?CLOCK

?PR?_LCD_TXT_NUM_CHAR?PANTALLAS                  -----    -----      -----    -----      001DH    0006H
  +--> ?PR?_TX_CHRLCD?PANTALLAS

?PR?_BLOCK_READ_CLOCK_ASCII_RASBERRY?...         -----    -----      -----    -----      001DH    0003H
  +--> ?PR?_LEE_CLK?CLOCK

?PR?_CMD_LPR_SALIDA_WIEGAND?ACCESCAN             -----    -----      -----    -----      0010H    0022H
  +--> ?PR?DIR_BOARD?IO_SENSORES
  +--> ?PR?_BLOCK_READ_CLOCK_ASCII?CLOCK
  +--> ?PR?_MONITOR_CHR?ACCESCAN

?PR?_MONITOR_CHR?ACCESCAN                        -----    -----      -----    -----      0032H    0005H
  +--> ?PR?_TX_AUX?TIBBO

?PR?_GRABA_SERIE?EEPROM                          -----    -----      -----    -----      0010H    0005H
BL51 BANKED LINKER/LOCATER V6.22.2.0                                                  05/25/2021  12:30:00  PAGE 24


  +--> ?CO?EEPROM
  +--> ?PR?_DEBUG_TXT_TIBBO?TIBBO
  +--> ?PR?_WRITE_EEPROM_TICKET?EEPROM
  +--> ?PR?_WR_EEPROM?EEPROM

?PR?MSJ_LCD_INFORMATIVO?IO_SENSORES              -----    -----      -----    -----      0001H    0001H
  +--> ?PR?SEL_FUNCION?IO_SENSORES
  +--> ?PR?VALIDASENSOR_CERO?IO_SENSORES
  +--> ?PR?LOAD_AND_SEND_INFO_RELOJ?PTO_PARA...
  +--> ?PR?VALIDASENSOR?IO_SENSORES
  +--> ?PR?_DELAY_10MS?DELAY
  +--> ?PR?LOAD_AND_SEND_ID_COD?PTO_PARALELO

?PR?LOAD_AND_SEND_INFO_RELOJ?PTO_PARA...         -----    -----      -----    -----      0002H    000BH
  +--> ?PR?_BLOCK_READ_CLOCK?CLOCK
  +--> ?PR?_LEE_CLK?CLOCK
  +--> ?CO?PTO_PARALELO
  +--> ?PR?_DEBUG_TXT_TIBBO?TIBBO
  +--> ?PR?_DEBUGBUFFERMF?TIBBO
  +--> ?PR?DEBUG_DIVIDIR_TEXTO?TIBBO
  +--> ?PR?_SEND_PORT?PTO_PARALELO

?PR?LOAD_AND_SEND_ID_COD?PTO_PARALELO            -----    -----      -----    -----      0002H    0014H
  +--> ?PR?_RD_EEPROM?EEPROM
  +--> ?CO?PTO_PARALELO
  +--> ?PR?PRINTF?PRINTF
  +--> ?PR?_STRCAT?STRCAT
  +--> ?PR?_STRLEN?STRLEN
  +--> ?PR?_DEBUG_TXT_TIBBO?TIBBO
  +--> ?PR?_DEBUGBUFFERMF?TIBBO
  +--> ?PR?DEBUG_DIVIDIR_TEXTO?TIBBO
  +--> ?PR?_SEND_PORT?PTO_PARALELO



SYMBOL TABLE OF MODULE:  .\Objects\expedidor_v_01_raspberry (MAIN)

  VALUE           TYPE          NAME
  ----------------------------------

  -------         MODULE        MAIN
  C:0000H         SYMBOL        _ICE_DUMMY_
  D:0080H         PUBLIC        P0
  D:0090H         PUBLIC        P1
  C:B8B0H         PUBLIC        timer0_int
  D:00B0H         PUBLIC        P3
  B:00A8H.7       PUBLIC        EA
  C:BCF6H         PUBLIC        off_Timer0_Interrup
  X:016CH         PUBLIC        ValTimeOutCom
  X:016DH         PUBLIC        Buffer_Rta_Lintech
  X:019FH         PUBLIC        Timer_wait
  B:0021H.1       PUBLIC        pto_paraleo
  X:01A0H         PUBLIC        g_cContByteRx
  B:0080H.0       PUBLIC        rx_ip
  C:A80EH         PUBLIC        main
  X:01A1H         PUBLIC        Timer_tivo
  B:0080H.3       PUBLIC        Atascado_GP0_PIN_3
BL51 BANKED LINKER/LOCATER V6.22.2.0                                                  05/25/2021  12:30:00  PAGE 25


  C:AF2BH         PUBLIC        variable_inicio
  B:0090H.7       PUBLIC        lock
  I:0023H         PUBLIC        rbuf
  C:BCE7H         PUBLIC        on_Timer0_Interrup
  I:0055H         PUBLIC        tbuf
  B:0090H.1       PUBLIC        DataIn
  D:0089H         PUBLIC        TMOD
  X:01A3H         PUBLIC        USE_LPR
  X:01A4H         PUBLIC        Debug_Tibbo
  X:01A5H         PUBLIC        Raspberry
  X:01A6H         PUBLIC        SIN_COBRO
  X:01A8H         PUBLIC        Tipo_Vehiculo
  B:00B0H.3       PUBLIC        busy
  C:BC48H         PUBLIC        ini_timer
  B:00A8H.1       PUBLIC        ET0
  B:0088H.5       PUBLIC        TF0
  D:008CH         PUBLIC        TH0
  X:01A9H         PUBLIC        ACK
  X:01AAH         PUBLIC        g_cEstadoComSoft
  D:008AH         PUBLIC        TL0
  B:0088H.4       PUBLIC        TR0
  C:BC58H         PUBLIC        inicia_board
  X:01ABH         PUBLIC        T_GRACIA
  B:0080H.7       PUBLIC        sel_com
  X:01ADH         PUBLIC        STX_LINTECH
  C:BC77H         PUBLIC        _getkey
  X:01AEH         PUBLIC        ETX
  C:B1C7H         PUBLIC        _EscribirCadenaSoft_buffer
  B:0021H.2       PUBLIC        buffer_ready
  C:B4E9H         PUBLIC        _putchar
  B:0021H.3       PUBLIC        placa_ready
  -------         PROC          TIMER0_INT
  C:B8B0H         LINE#         16
  C:B8B6H         LINE#         19
  C:B8BCH         LINE#         20
  C:B8C1H         LINE#         21
  C:B8C1H         LINE#         22
  C:B8C7H         LINE#         23
  C:B8C7H         LINE#         25
  C:B8D5H         LINE#         26
  C:B8D7H         LINE#         28
  -------         ENDPROC       TIMER0_INT
  -------         PROC          INI_TIMER
  C:BC48H         LINE#         31
  C:BC48H         LINE#         32
  C:BC48H         LINE#         34
  C:BC50H         LINE#         36
  C:BC53H         LINE#         37
  C:BC55H         LINE#         38
  C:BC57H         LINE#         40
  -------         ENDPROC       INI_TIMER
  -------         PROC          ON_TIMER0_INTERRUP
  C:BCE7H         LINE#         43
  C:BCE7H         LINE#         44
  C:BCE7H         LINE#         45
  C:BCE9H         LINE#         46
  C:BCEBH         LINE#         48
BL51 BANKED LINKER/LOCATER V6.22.2.0                                                  05/25/2021  12:30:00  PAGE 26


  -------         ENDPROC       ON_TIMER0_INTERRUP
  -------         PROC          OFF_TIMER0_INTERRUP
  C:BCF6H         LINE#         51
  C:BCF6H         LINE#         52
  C:BCF6H         LINE#         53
  C:BCF8H         LINE#         55
  -------         ENDPROC       OFF_TIMER0_INTERRUP
  -------         PROC          _GETKEY
  -------         DO            
  D:0006H         SYMBOL        k
  -------         ENDDO         
  C:BC77H         LINE#         63
  C:BC77H         LINE#         64
  C:BC77H         LINE#         68
  C:BC77H         LINE#         69
  C:BC7AH         LINE#         70
  C:BC7AH         LINE#         71
  C:BC82H         LINE#         73
  C:BC82H         LINE#         74
  -------         ENDPROC       _GETKEY
  -------         PROC          _PUTCHAR
  X:00A7H         SYMBOL        c
  -------         DO            
  X:00A8H         SYMBOL        i
  -------         ENDDO         
  C:B4E9H         LINE#         78
  C:B4EEH         LINE#         79
  C:B4EEH         LINE#         82
  C:B4FDH         LINE#         83
  C:B4FDH         LINE#         84
  C:B513H         LINE#         85
  C:B513H         LINE#         87
  C:B521H         LINE#         88
  C:B521H         LINE#         90
  C:B526H         LINE#         91
  -------         ENDPROC       _PUTCHAR
  -------         PROC          _ESCRIBIRCADENASOFT_BUFFER
  X:0027H         SYMBOL        buffer
  X:002AH         SYMBOL        tamano_cadena
  -------         DO            
  X:002BH         SYMBOL        i
  X:002CH         SYMBOL        d
  -------         ENDDO         
  C:B1C7H         LINE#         95
  C:B1D5H         LINE#         96
  C:B1D5H         LINE#         98
  C:B1E3H         LINE#         99
  C:B1E3H         LINE#         100
  C:B1FAH         LINE#         101
  C:B204H         LINE#         102
  C:B20CH         LINE#         103
  -------         ENDPROC       _ESCRIBIRCADENASOFT_BUFFER
  -------         PROC          INICIA_BOARD
  C:BC58H         LINE#         108
  C:BC58H         LINE#         109
  C:BC58H         LINE#         110
  C:BC5BH         LINE#         111
BL51 BANKED LINKER/LOCATER V6.22.2.0                                                  05/25/2021  12:30:00  PAGE 27


  C:BC5EH         LINE#         112
  C:BC61H         LINE#         113
  C:BC63H         LINE#         114
  C:BC65H         LINE#         115
  C:BC67H         LINE#         117
  -------         ENDPROC       INICIA_BOARD
  -------         PROC          VARIABLE_INICIO
  C:AF2BH         LINE#         122
  C:AF2BH         LINE#         123
  C:AF2BH         LINE#         126
  C:AF3CH         LINE#         127
  C:AF4DH         LINE#         128
  C:AF5BH         LINE#         129
  C:AF69H         LINE#         130
  C:AF77H         LINE#         132
  -------         ENDPROC       VARIABLE_INICIO
  -------         PROC          MAIN
  -------         DO            
  X:0143H         SYMBOL        buffer
  X:016BH         SYMBOL        Estado_Comunicacion_Secuencia_MF
  X:0000H         SYMBOL        Length_trama
  -------         ENDDO         
  C:A80EH         LINE#         140
  C:A80EH         LINE#         141
  C:A80EH         LINE#         148
  C:A811H         LINE#         149
  C:A814H         LINE#         150
  C:A817H         LINE#         151
  C:A81AH         LINE#         152
  C:A81DH         LINE#         153
  C:A81FH         LINE#         155
  C:A822H         LINE#         156
  C:A829H         LINE#         157
  C:A82CH         LINE#         159
  C:A831H         LINE#         161
  C:A834H         LINE#         163
  C:A837H         LINE#         164
  C:A837H         LINE#         165
  C:A83AH         LINE#         166
  C:A83AH         LINE#         169
  C:A83DH         LINE#         170
  C:A843H         LINE#         171
  C:A849H         LINE#         173
  C:A849H         LINE#         174
  C:A849H         LINE#         177
  C:A84CH         LINE#         178
  C:A84CH         LINE#         179
  C:A84FH         LINE#         180
  C:A84FH         LINE#         184
  C:A85CH         LINE#         189
  C:A862H         LINE#         190
  C:A862H         LINE#         192
  C:A871H         LINE#         195
  C:A87AH         LINE#         196
  C:A888H         LINE#         201
  C:A888H         LINE#         202
  C:A88BH         LINE#         206
BL51 BANKED LINKER/LOCATER V6.22.2.0                                                  05/25/2021  12:30:00  PAGE 28


  -------         ENDPROC       MAIN
  -------         ENDMOD        MAIN

  -------         MODULE        ACCESCAN
  C:0000H         SYMBOL        _ICE_DUMMY_
  D:0080H         PUBLIC        P0
  D:0090H         PUBLIC        P1
  B:0080H.2       PUBLIC        led_err_imp
  C:B3A8H         PUBLIC        _Monitor_chr
  B:0080H.3       PUBLIC        Atascado_GP0_PIN_3
  B:0090H.7       PUBLIC        lock
  C:3F09H         PUBLIC        _Valida_Trama_Pto
  C:8547H         PUBLIC        _Cmd_LPR_Salida_wiegand
  -------         PROC          _VALIDA_TRAMA_PTO
  X:0001H         SYMBOL        buffer
  X:0004H         SYMBOL        length_trama
  -------         DO            
  X:0213H         SYMBOL        cont
  X:0005H         SYMBOL        buff
  -------         ENDDO         
  C:3F09H         LINE#         106
  C:3F17H         LINE#         107
  C:3F17H         LINE#         113
  C:3F4DH         LINE#         114
  C:3F4DH         LINE#         115
  C:3F62H         LINE#         116
  C:3F62H         LINE#         117
  C:3F75H         LINE#         119
  C:3F78H         LINE#         121
  C:3F78H         LINE#         123
  C:3F78H         LINE#         126
  C:3F8AH         LINE#         127
  C:3F8AH         LINE#         128
  C:3F8CH         LINE#         129
  C:3F8FH         LINE#         131
  C:3FA1H         LINE#         132
  C:3FA1H         LINE#         133
  C:3FA3H         LINE#         134
  C:3FA6H         LINE#         136
  C:3FB8H         LINE#         137
  C:3FB8H         LINE#         138
  C:3FBAH         LINE#         139
  C:3FBDH         LINE#         141
  C:3FD7H         LINE#         142
  C:3FD7H         LINE#         143
  C:3FD9H         LINE#         144
  C:3FDCH         LINE#         146
  C:3FF6H         LINE#         147
  C:3FF6H         LINE#         148
  C:3FF8H         LINE#         149
  C:3FFBH         LINE#         151
  C:400DH         LINE#         152
  C:400DH         LINE#         153
  C:4013H         LINE#         154
  C:4020H         LINE#         155
  C:4020H         LINE#         156
  C:4025H         LINE#         157
BL51 BANKED LINKER/LOCATER V6.22.2.0                                                  05/25/2021  12:30:00  PAGE 29


  C:4027H         LINE#         158
  C:402CH         LINE#         159
  C:402EH         LINE#         160
  C:4030H         LINE#         161
  C:4034H         LINE#         162
  C:4034H         LINE#         163
  C:4035H         LINE#         165
  C:404DH         LINE#         166
  C:404DH         LINE#         168
  C:405AH         LINE#         169
  C:405AH         LINE#         170
  C:405CH         LINE#         171
  C:405EH         LINE#         172
  C:4060H         LINE#         173
  C:4062H         LINE#         174
  C:4062H         LINE#         176
  C:4088H         LINE#         177
  C:4088H         LINE#         178
  C:408CH         LINE#         179
  C:4091H         LINE#         180
  C:409AH         LINE#         181
  C:409FH         LINE#         182
  C:409FH         LINE#         185
  C:40A0H         LINE#         187
  C:40BAH         LINE#         188
  C:40BAH         LINE#         189
  C:40BCH         LINE#         190
  C:40BFH         LINE#         192
  C:40D9H         LINE#         193
  C:40D9H         LINE#         194
  C:40DBH         LINE#         195
  C:40DEH         LINE#         197
  C:40F8H         LINE#         198
  C:40F8H         LINE#         199
  C:40FAH         LINE#         200
  C:40FCH         LINE#         202
  C:4116H         LINE#         203
  C:4116H         LINE#         204
  C:4118H         LINE#         205
  C:411AH         LINE#         208
  C:4134H         LINE#         209
  C:4134H         LINE#         210
  C:4136H         LINE#         211
  C:4138H         LINE#         215
  C:4152H         LINE#         216
  C:4152H         LINE#         217
  C:4154H         LINE#         218
  C:4156H         LINE#         221
  C:4170H         LINE#         222
  C:4170H         LINE#         223
  C:4175H         LINE#         224
  C:4175H         LINE#         227
  C:41A6H         LINE#         228
  C:41A6H         LINE#         229
  C:41AEH         LINE#         230
  C:41B7H         LINE#         231
  C:41BAH         LINE#         234
BL51 BANKED LINKER/LOCATER V6.22.2.0                                                  05/25/2021  12:30:00  PAGE 30


  C:41EBH         LINE#         235
  C:41EBH         LINE#         237
  C:41F3H         LINE#         238
  C:41FCH         LINE#         239
  C:41FFH         LINE#         242
  C:423FH         LINE#         243
  C:423FH         LINE#         245
  C:4254H         LINE#         246
  C:425AH         LINE#         247
  C:4284H         LINE#         250
  C:428CH         LINE#         251
  C:428CH         LINE#         254
  C:4293H         LINE#         255
  C:4293H         LINE#         256
  C:4298H         LINE#         257
  C:4298H         LINE#         258
  C:429AH         LINE#         260
  C:429AH         LINE#         261
  C:42A3H         LINE#         262
  C:42ABH         LINE#         263
  C:42ABH         LINE#         267
  C:42ADH         LINE#         270
  C:42ADH         LINE#         278
  C:42B5H         LINE#         282
  C:42B5H         LINE#         283
  C:42B7H         LINE#         285
  C:42EFH         LINE#         286
  C:42EFH         LINE#         287
  C:42F7H         LINE#         288
  C:4303H         LINE#         289
  C:4303H         LINE#         291
  C:4330H         LINE#         292
  C:4330H         LINE#         293
  C:433FH         LINE#         295
  C:433FH         LINE#         297
  -------         ENDPROC       _VALIDA_TRAMA_PTO
  -------         PROC          _MONITOR_CHR
  X:0032H         SYMBOL        str
  X:0035H         SYMBOL        num_char
  -------         DO            
  X:0036H         SYMBOL        j
  -------         ENDDO         
  C:B3A8H         LINE#         452
  C:B3B6H         LINE#         453
  C:B3B6H         LINE#         455
  C:B3C4H         LINE#         456
  C:B3C4H         LINE#         457
  C:B3D6H         LINE#         458
  C:B3E0H         LINE#         459
  C:B3E8H         LINE#         460
  -------         ENDPROC       _MONITOR_CHR
  -------         PROC          _CMD_LPR_SALIDA_WIEGAND
  X:0010H         SYMBOL        buffer
  -------         DO            
  X:0013H         SYMBOL        Buffer_Lpr
  X:0031H         SYMBOL        j
  -------         ENDDO         
BL51 BANKED LINKER/LOCATER V6.22.2.0                                                  05/25/2021  12:30:00  PAGE 31


  C:8547H         LINE#         465
  C:8552H         LINE#         466
  C:8552H         LINE#         468
  C:8558H         LINE#         469
  C:855DH         LINE#         470
  C:8565H         LINE#         471
  C:8569H         LINE#         472
  C:8572H         LINE#         473
  C:8572H         LINE#         474
  C:8583H         LINE#         475
  C:8585H         LINE#         477
  C:8585H         LINE#         478
  C:8596H         LINE#         479
  C:8596H         LINE#         483
  C:85ADH         LINE#         484
  C:85ADH         LINE#         485
  C:85BCH         LINE#         486
  C:85C6H         LINE#         488
  C:85CEH         LINE#         489
  C:85E2H         LINE#         491
  C:85F2H         LINE#         492
  C:8603H         LINE#         493
  C:8610H         LINE#         497
  -------         ENDPROC       _CMD_LPR_SALIDA_WIEGAND
  -------         ENDMOD        ACCESCAN

  -------         MODULE        CLOCK
  C:0000H         SYMBOL        _ICE_DUMMY_
  C:B41DH         PUBLIC        _two_one
  D:0090H         PUBLIC        P1
  C:73E1H         PUBLIC        _validar_clk
  C:B908H         PUBLIC        _wr_clk
  C:8A22H         PUBLIC        _check_fechaOut
  C:58CAH         PUBLIC        _Block_read_clock_ascii_rasberry
  B:00D0H.7       PUBLIC        CY
  C:0003H         PUBLIC        p_ck
[...]
  X:010DH         SYMBOL        Buffer_Write_MF
  X:011EH         SYMBOL        Atributos_Expedidor
  X:012DH         SYMBOL        Secuencia_Expedidor
  X:0131H         SYMBOL        Nombre_Mensual
  -------         ENDDO         
BL51 BANKED LINKER/LOCATER V6.22.2.0                                                  05/25/2021  12:30:00  PAGE 132


  C:35ACH         LINE#         2417
  C:35B1H         LINE#         2418
  C:35B1H         LINE#         2424
  C:3614H         LINE#         2425
  C:3614H         LINE#         2428
  C:3614H         LINE#         2430
  C:3624H         LINE#         2431
  C:3624H         LINE#         2434
  C:3626H         LINE#         2435
  C:3628H         LINE#         2436
  C:362DH         LINE#         2437
  C:3635H         LINE#         2438
  C:363AH         LINE#         2439
  C:363DH         LINE#         2440
  C:363DH         LINE#         2441
  C:3643H         LINE#         2442
  C:3643H         LINE#         2443
  C:3646H         LINE#         2444
  C:3646H         LINE#         2445
  C:3646H         LINE#         2447
  C:3649H         LINE#         2448
  C:3649H         LINE#         2450
  C:3652H         LINE#         2451
  C:3655H         LINE#         2452
  C:3655H         LINE#         2453
  C:365AH         LINE#         2454
  C:367AH         LINE#         2455
  C:367DH         LINE#         2456
  C:367DH         LINE#         2457
  C:3682H         LINE#         2458
  C:368AH         LINE#         2459
  C:3690H         LINE#         2460
  C:3693H         LINE#         2461
  C:3693H         LINE#         2462
  C:3696H         LINE#         2463
  C:369EH         LINE#         2464
  C:36A4H         LINE#         2465
  C:36A7H         LINE#         2466
  C:36A7H         LINE#         2467
  C:36AAH         LINE#         2468
  C:36CFH         LINE#         2469
  C:36D5H         LINE#         2470
  C:36D7H         LINE#         2471
  C:36DAH         LINE#         2472
  C:36DAH         LINE#         2473
  C:36E5H         LINE#         2474
  C:36EDH         LINE#         2475
  C:36F3H         LINE#         2476
  C:36F6H         LINE#         2477
  C:36F6H         LINE#         2478
  C:3707H         LINE#         2479
  C:370FH         LINE#         2480
  C:3715H         LINE#         2481
  C:3718H         LINE#         2482
  C:3718H         LINE#         2483
  C:371DH         LINE#         2484
  C:373BH         LINE#         2485
BL51 BANKED LINKER/LOCATER V6.22.2.0                                                  05/25/2021  12:30:00  PAGE 133


  C:373EH         LINE#         2486
  C:373EH         LINE#         2487
  C:3743H         LINE#         2488
  C:3763H         LINE#         2489
  C:3766H         LINE#         2490
  C:3766H         LINE#         2491
  C:376BH         LINE#         2492
  C:376DH         LINE#         2493
  C:378BH         LINE#         2494
  C:378EH         LINE#         2495
  C:378EH         LINE#         2496
  C:3793H         LINE#         2497
  C:37B3H         LINE#         2498
  C:37B6H         LINE#         2499
  C:37B6H         LINE#         2500
  C:37C9H         LINE#         2501
  C:37C9H         LINE#         2502
  C:37CEH         LINE#         2503
  C:37D6H         LINE#         2504
  C:37DCH         LINE#         2505
  C:37DCH         LINE#         2506
  C:37DFH         LINE#         2507
  C:37DFH         LINE#         2508
  C:37F2H         LINE#         2509
  C:37F2H         LINE#         2510
  C:37F7H         LINE#         2511
  C:37FAH         LINE#         2512
  C:37FAH         LINE#         2513
  C:37FDH         LINE#         2514
  C:37FDH         LINE#         2515
  C:3800H         LINE#         2516
  C:3820H         LINE#         2517
  C:3823H         LINE#         2518
  C:3823H         LINE#         2519
  C:3825H         LINE#         2520
  C:3828H         LINE#         2521
  C:382BH         LINE#         2522
  C:382BH         LINE#         2523
  C:3834H         LINE#         2524
  C:3837H         LINE#         2525
  C:3837H         LINE#         2526
  C:384EH         LINE#         2527
  C:3851H         LINE#         2528
  C:3851H         LINE#         2529
  C:3854H         LINE#         2530
  C:385CH         LINE#         2531
  C:3862H         LINE#         2532
  C:3865H         LINE#         2533
  C:3865H         LINE#         2534
  C:386EH         LINE#         2535
  C:3871H         LINE#         2536
  C:3871H         LINE#         2537
  C:3873H         LINE#         2538
  C:3876H         LINE#         2539
  C:3879H         LINE#         2540
  C:3879H         LINE#         2541
  C:3890H         LINE#         2542
BL51 BANKED LINKER/LOCATER V6.22.2.0                                                  05/25/2021  12:30:00  PAGE 134


  C:3893H         LINE#         2543
  C:3893H         LINE#         2544
  C:3898H         LINE#         2545
  C:38A0H         LINE#         2546
  C:38A6H         LINE#         2547
  C:38A9H         LINE#         2548
  C:38A9H         LINE#         2549
  C:38ACH         LINE#         2550
  C:38CCH         LINE#         2551
  C:38CFH         LINE#         2552
  C:38CFH         LINE#         2553
  C:38D2H         LINE#         2554
  C:38F2H         LINE#         2555
  C:38F5H         LINE#         2556
  C:38F5H         LINE#         2557
  C:38F8H         LINE#         2558
  C:3900H         LINE#         2559
  C:3903H         LINE#         2560
  C:3905H         LINE#         2561
  C:3905H         LINE#         2563
  C:3910H         LINE#         2564
  C:3918H         LINE#         2565
  C:392CH         LINE#         2566
  C:392FH         LINE#         2570
  C:392FH         LINE#         2571
  C:3935H         LINE#         2572
  C:393BH         LINE#         2573
  C:393BH         LINE#         2574
  C:3943H         LINE#         2575
  C:3949H         LINE#         2577
  C:394CH         LINE#         2578
  C:3954H         LINE#         2579
  C:3954H         LINE#         2581
  C:3957H         LINE#         2582
  C:395AH         LINE#         2583
  C:3962H         LINE#         2584
  C:3962H         LINE#         2585
  C:3970H         LINE#         2586
  C:3970H         LINE#         2587
  C:3979H         LINE#         2588
  C:397CH         LINE#         2589
  C:3988H         LINE#         2590
  C:3988H         LINE#         2591
  C:3991H         LINE#         2592
  C:3994H         LINE#         2594
  C:3994H         LINE#         2595
  C:399DH         LINE#         2596
  C:399DH         LINE#         2597
  C:39A0H         LINE#         2598
  C:39A8H         LINE#         2599
  C:39A8H         LINE#         2600
  C:39B6H         LINE#         2601
  C:39B6H         LINE#         2602
  C:39CCH         LINE#         2603
  C:39CFH         LINE#         2604
  C:39DBH         LINE#         2605
  C:39DBH         LINE#         2606
BL51 BANKED LINKER/LOCATER V6.22.2.0                                                  05/25/2021  12:30:00  PAGE 135


  C:39E4H         LINE#         2607
  C:39E7H         LINE#         2608
  C:39F5H         LINE#         2609
  C:39F5H         LINE#         2610
  C:39FEH         LINE#         2611
  C:3A00H         LINE#         2613
  C:3A00H         LINE#         2614
  C:3A09H         LINE#         2615
  C:3A09H         LINE#         2616
  C:3A0BH         LINE#         2617
  C:3A13H         LINE#         2618
  C:3A13H         LINE#         2619
  C:3A1CH         LINE#         2620
  C:3A1EH         LINE#         2621
  C:3A26H         LINE#         2622
  C:3A26H         LINE#         2623
  C:3A3CH         LINE#         2624
  C:3A3EH         LINE#         2625
  C:3A46H         LINE#         2626
  C:3A46H         LINE#         2627
  C:3A49H         LINE#         2628
  C:3A4BH         LINE#         2630
  C:3A53H         LINE#         2631
  C:3A53H         LINE#         2632
  C:3A5CH         LINE#         2633
  C:3A5EH         LINE#         2636
  C:3A66H         LINE#         2637
  C:3A66H         LINE#         2638
  C:3A6EH         LINE#         2639
  C:3A70H         LINE#         2641
  C:3A70H         LINE#         2642
  C:3A79H         LINE#         2643
  C:3A79H         LINE#         2644
  C:3A7BH         LINE#         2645
  C:3A7BH         LINE#         2646
  C:3A80H         LINE#         2647
  C:3A80H         LINE#         2649
  C:3A80H         LINE#         2650
  C:3A85H         LINE#         2651
  -------         ENDPROC       _SECUENCIAEXPEDIDORMF
  -------         ENDMOD        VERIFICADOR

  -------         MODULE        MONITOR
  C:0000H         SYMBOL        _ICE_DUMMY_
  D:0080H         PUBLIC        P0
  D:0090H         PUBLIC        P1
  I:0011H         PUBLIC        placa
  C:B9F3H         PUBLIC        Rx_Monitor
  B:0080H.0       PUBLIC        rx_ip
  B:0090H.7       PUBLIC        lock
  C:8DF9H         PUBLIC        _recibe_cmd_Monitor
  C:BB58H         PUBLIC        clear_placa
  C:91B1H         PUBLIC        _Valida_Trama_Monitor
  -------         PROC          _RECIBE_CMD_MONITOR
  X:0016H         SYMBOL        buffer_cmd
  -------         DO            
  X:0019H         SYMBOL        j
BL51 BANKED LINKER/LOCATER V6.22.2.0                                                  05/25/2021  12:30:00  PAGE 136


  X:001AH         SYMBOL        NumDatos
  X:001BH         SYMBOL        time_out
  X:001CH         SYMBOL        MaxChrRx
  X:001DH         SYMBOL        contador
  -------         ENDDO         
  C:8DF9H         LINE#         50
  C:8E04H         LINE#         51
  C:8E04H         LINE#         55
  C:8E09H         LINE#         56
  C:8E0FH         LINE#         58
  C:8E1AH         LINE#         59
  C:8E1AH         LINE#         60
  C:8E2BH         LINE#         61
  C:8E2BH         LINE#         62
  C:8E32H         LINE#         63
  C:8E36H         LINE#         64
  C:8E3FH         LINE#         65
  C:8E3FH         LINE#         66
  C:8E4DH         LINE#         67
  C:8E64H         LINE#         68
  C:8E64H         LINE#         69
  C:8E6AH         LINE#         70
  C:8E70H         LINE#         71
  C:8E70H         LINE#         72
  C:8E72H         LINE#         73
  C:8E7AH         LINE#         74
  C:8E80H         LINE#         75
  C:8E92H         LINE#         76
  C:8E9CH         LINE#         77
  C:8EA5H         LINE#         79
  C:8EB4H         LINE#         82
  C:8EB4H         LINE#         83
  C:8EB9H         LINE#         84
  -------         ENDPROC       _RECIBE_CMD_MONITOR
  -------         PROC          _VALIDA_TRAMA_MONITOR
  X:0016H         SYMBOL        buffer
  D:0005H         SYMBOL        length_trama
  -------         DO            
  X:0019H         SYMBOL        j
  X:001AH         SYMBOL        p
  X:001BH         SYMBOL        cont
  -------         ENDDO         
  C:91B1H         LINE#         89
  C:91BCH         LINE#         90
  C:91BCH         LINE#         91
  C:91BFH         LINE#         92
  C:91C3H         LINE#         93
  C:91C6H         LINE#         94
  C:91C8H         LINE#         97
  C:91DCH         LINE#         98
  C:91DCH         LINE#         100
  C:91DEH         LINE#         102
  C:91E5H         LINE#         103
  C:91EAH         LINE#         106
  C:91EAH         LINE#         108
  C:9205H         LINE#         109
  C:9205H         LINE#         112
BL51 BANKED LINKER/LOCATER V6.22.2.0                                                  05/25/2021  12:30:00  PAGE 137


  C:9205H         LINE#         113
  C:9226H         LINE#         114
  C:922AH         LINE#         115
  C:9230H         LINE#         116
  C:9242H         LINE#         117
  C:925AH         LINE#         118
  C:9263H         LINE#         119
  C:9265H         LINE#         120
  C:926BH         LINE#         123
  C:926BH         LINE#         126
  -------         ENDPROC       _VALIDA_TRAMA_MONITOR
  -------         PROC          CLEAR_PLACA
  -------         DO            
  D:0007H         SYMBOL        i
  -------         ENDDO         
  C:BB58H         LINE#         127
  C:BB58H         LINE#         128
  C:BB58H         LINE#         130
  C:BB64H         LINE#         131
  C:BB64H         LINE#         132
  C:BB6AH         LINE#         133
  C:BB6DH         LINE#         134
  C:BB6FH         LINE#         135
  -------         ENDPROC       CLEAR_PLACA
  -------         PROC          RX_MONITOR
  -------         DO            
  X:0009H         SYMBOL        Length_trama
  X:000AH         SYMBOL        buffer1
  -------         ENDDO         
  C:B9F3H         LINE#         136
  C:B9F3H         LINE#         137
  C:B9F3H         LINE#         140
  C:BA02H         LINE#         141
  C:BA0BH         LINE#         142
  -------         ENDPROC       RX_MONITOR
  -------         ENDMOD        MONITOR

  -------         MODULE        ?C?FPADD
  C:1335H         PUBLIC        ?C?FPADD
  C:1331H         PUBLIC        ?C?FPSUB
  -------         ENDMOD        ?C?FPADD

  -------         MODULE        ?C?FPMUL
  C:1426H         PUBLIC        ?C?FPMUL
  -------         ENDMOD        ?C?FPMUL

  -------         MODULE        ?C?FCAST
  C:1536H         PUBLIC        ?C?FCASTC
  C:1531H         PUBLIC        ?C?FCASTI
  C:152CH         PUBLIC        ?C?FCASTL
  -------         ENDMOD        ?C?FCAST

  -------         MODULE        ?C?CASTF
  C:156AH         PUBLIC        ?C?CASTF
  -------         ENDMOD        ?C?CASTF

  -------         MODULE        PRINTF
BL51 BANKED LINKER/LOCATER V6.22.2.0                                                  05/25/2021  12:30:00  PAGE 138


  X:0077H         PUBLIC        ?_PRINTF?BYTE
  X:0077H         PUBLIC        ?_SPRINTF?BYTE
  C:3AF1H         PUBLIC        _PRINTF
  C:3AEBH         PUBLIC        _SPRINTF
  -------         ENDMOD        PRINTF

  -------         MODULE        POW
  X:0020H         PUBLIC        ?_pow?BYTE
  C:62ABH         PUBLIC        _pow
  -------         ENDMOD        POW

  -------         MODULE        ?C?CHKFLOAT
  C:15EBH         PUBLIC        ?C?CHKFLOAT
  -------         ENDMOD        ?C?CHKFLOAT

  -------         MODULE        ?C?FPCMP
  C:1607H         PUBLIC        ?C?FPCMP
  C:1605H         PUBLIC        ?C?FPCMP3
  -------         ENDMOD        ?C?FPCMP

  -------         MODULE        ?C?FPNEG
  C:167EH         PUBLIC        ?C?FPNEG
  -------         ENDMOD        ?C?FPNEG

  -------         MODULE        ?C?FPROUND
  C:168FH         PUBLIC        ?C?FPROUND
  -------         ENDMOD        ?C?FPROUND

  -------         MODULE        ?C?FPCONVERT
  C:16CCH         PUBLIC        ?C?FPCONVERT
  -------         ENDMOD        ?C?FPCONVERT

  -------         MODULE        EXP
  C:9B3AH         PUBLIC        _EXP
  -------         ENDMOD        EXP

  -------         MODULE        LOG
  C:6F91H         PUBLIC        _LOG
  C:6F8DH         PUBLIC        _LOG10
  -------         ENDMOD        LOG

  -------         MODULE        ?C?FPDIV
  C:17D4H         PUBLIC        ?C?FPDIV
  -------         ENDMOD        ?C?FPDIV

  -------         MODULE        ?C?FTNPWR
  C:18A1H         PUBLIC        ?C?FTNPWR
  -------         ENDMOD        ?C?FTNPWR

  -------         MODULE        ?C?COPY
  C:19FEH         PUBLIC        ?C?COPY
  -------         ENDMOD        ?C?COPY

  -------         MODULE        ?C?CLDPTR
  C:1A24H         PUBLIC        ?C?CLDPTR
  -------         ENDMOD        ?C?CLDPTR

BL51 BANKED LINKER/LOCATER V6.22.2.0                                                  05/25/2021  12:30:00  PAGE 139


  -------         MODULE        ?C?CLDOPTR
  C:1A3DH         PUBLIC        ?C?CLDOPTR
  -------         ENDMOD        ?C?CLDOPTR

  -------         MODULE        ?C?CSTPTR
  C:1A6AH         PUBLIC        ?C?CSTPTR
  -------         ENDMOD        ?C?CSTPTR

  -------         MODULE        ?C?CSTOPTR
  C:1A7CH         PUBLIC        ?C?CSTOPTR
  -------         ENDMOD        ?C?CSTOPTR

  -------         MODULE        ?C?IMUL
  C:1A9EH         PUBLIC        ?C?IMUL
  -------         ENDMOD        ?C?IMUL

  -------         MODULE        ?C?IILDX
  C:1AB0H         PUBLIC        ?C?IILDX
  -------         ENDMOD        ?C?IILDX

  -------         MODULE        ?C?LNEG
  C:1AC6H         PUBLIC        ?C?LNEG
  -------         ENDMOD        ?C?LNEG

  -------         MODULE        ?C?SLCMP
  C:1AD4H         PUBLIC        ?C?SLCMP
  -------         ENDMOD        ?C?SLCMP

  -------         MODULE        ?C?ULCMP
  C:1AEAH         PUBLIC        ?C?ULCMP
  -------         ENDMOD        ?C?ULCMP

  -------         MODULE        ?C?ULSHR
  C:1AFBH         PUBLIC        ?C?ULSHR
  -------         ENDMOD        ?C?ULSHR

  -------         MODULE        ?C?LSHL
  C:1B0EH         PUBLIC        ?C?LSHL
  -------         ENDMOD        ?C?LSHL

  -------         MODULE        ?C?LLDCODE
  C:1B21H         PUBLIC        ?C?LLDCODE
  -------         ENDMOD        ?C?LLDCODE

  -------         MODULE        ?C?LLDXDATA0
  C:1B31H         PUBLIC        ?C?LLDXDATA0
  -------         ENDMOD        ?C?LLDXDATA0

  -------         MODULE        ?C?LLDCODE0
  C:1B3DH         PUBLIC        ?C?LLDCODE0
  -------         ENDMOD        ?C?LLDCODE0

  -------         MODULE        ?C?LSTXDATA
  C:1B4DH         PUBLIC        ?C?LSTXDATA
  -------         ENDMOD        ?C?LSTXDATA

  -------         MODULE        ?C?LSTKXDATA
BL51 BANKED LINKER/LOCATER V6.22.2.0                                                  05/25/2021  12:30:00  PAGE 140


  C:1B59H         PUBLIC        ?C?LSTKXDATA
  -------         ENDMOD        ?C?LSTKXDATA

  -------         MODULE        ?C?PLDIXDATA
  C:1B8AH         PUBLIC        ?C?PLDIXDATA
  -------         ENDMOD        ?C?PLDIXDATA

  -------         MODULE        ?C?PSTXDATA
  C:1BA1H         PUBLIC        ?C?PSTXDATA
  -------         ENDMOD        ?C?PSTXDATA

  -------         MODULE        ?C?CCASE
  C:1BAAH         PUBLIC        ?C?CCASE
  -------         ENDMOD        ?C?CCASE

  -------         MODULE        STRCAT
  X:0046H         PUBLIC        ?_strcat?BYTE
  C:AC30H         PUBLIC        _strcat
  -------         ENDMOD        STRCAT

  -------         MODULE        ?C?STRCMP
  C:1D4EH         PUBLIC        ?C?STRCMP
  -------         ENDMOD        ?C?STRCMP

  -------         MODULE        ?C?STRCPY
  C:1E37H         PUBLIC        ?C?STRCPY
  -------         ENDMOD        ?C?STRCPY

  -------         MODULE        STRLEN
  C:000EH         PUBLIC        _STRLEN
  -------         ENDMOD        STRLEN

  -------         MODULE        STRTOK
  X:0064H         PUBLIC        ?_strtok?BYTE
  C:81D3H         PUBLIC        _strtok
  -------         ENDMOD        STRTOK

  -------         MODULE        ATOL
  C:7605H         PUBLIC        _atol
  -------         ENDMOD        ATOL

  -------         MODULE        ATOI
  C:8395H         PUBLIC        _atoi
  -------         ENDMOD        ATOI

  -------         MODULE        ?C?ILDIX
  C:1E54H         PUBLIC        ?C?ILDIX
  -------         ENDMOD        ?C?ILDIX

  -------         MODULE        ?C?LMUL
  C:1E6AH         PUBLIC        ?C?LMUL
  -------         ENDMOD        ?C?LMUL

  -------         MODULE        ISDIGIT
  C:BC68H         PUBLIC        _isdigit
  -------         ENDMOD        ISDIGIT

BL51 BANKED LINKER/LOCATER V6.22.2.0                                                  05/25/2021  12:30:00  PAGE 141


  -------         MODULE        ISSPACE
  C:BBC8H         PUBLIC        _isspace
  -------         ENDMOD        ISSPACE

  -------         MODULE        STRSPN
  X:006AH         PUBLIC        ?_strspn?BYTE
  C:A506H         PUBLIC        _strspn
  -------         ENDMOD        STRSPN

  -------         MODULE        STRPBRK
  X:006AH         PUBLIC        ?_strpbrk?BYTE
  C:A60DH         PUBLIC        _strpbrk
  -------         ENDMOD        STRPBRK

Program Size: data=99.1 xdata=533 code=48378
LINK/LOCATE RUN COMPLETE.  0 WARNING(S),  0 ERROR(S)
