BL51 BANKED LINKER/LOCATER V6.22.2.0                                                    06/11/2021  16:40:25  PAGE 1


BL51 BANKED LINKER/LOCATER V6.22.2.0, INVOKED BY:
C:\KEIL_V5\C51\BIN\BL51.EXE .\Objects\main.obj, .\Objects\Accescan.obj, .\Objects\Clock.obj, .\Objects\delay.obj, .\Obje
>> cts\eeprom.obj, .\Objects\io_sensores.obj, .\Objects\pantallas.obj, .\Objects\prog.obj, .\Objects\pto_paralelo.obj, .
>> \Objects\tibbo.obj, .\Objects\uart.obj, .\Objects\lintech.obj, .\Objects\verificador.obj, .\Objects\Monitor.obj TO .\
>> Objects\expedidor_v_01_raspberry PRINT (.\Listings\expedidor_v_01_raspberry.m51) RAMSIZE (256)


MEMORY MODEL: LARGE WITH FLOATING POINT ARITHMETIC


INPUT MODULES INCLUDED:
  .\Objects\main.obj (MAIN)
  .\Objects\Accescan.obj (ACCESCAN)
  .\Objects\Clock.obj (CLOCK)
  .\Objects\delay.obj (DELAY)
  .\Objects\eeprom.obj (EEPROM)
  .\Objects\io_sensores.obj (IO_SENSORES)
  .\Objects\pantallas.obj (PANTALLAS)
  .\Objects\prog.obj (PROG)
  .\Objects\pto_paralelo.obj (PTO_PARALELO)
  .\Objects\tibbo.obj (TIBBO)
  .\Objects\uart.obj (UART)
  .\Objects\lintech.obj (LINTECH)
  .\Objects\verificador.obj (VERIFICADOR)
  .\Objects\Monitor.obj (MONITOR)
  C:\KEIL_V5\C51\LIB\C51FPL.LIB (?C?FPADD)
  C:\KEIL_V5\C51\LIB\C51FPL.LIB (?C?FPMUL)
  C:\KEIL_V5\C51\LIB\C51FPL.LIB (?C?FCAST)
  C:\KEIL_V5\C51\LIB\C51FPL.LIB (?C?CASTF)
  C:\KEIL_V5\C51\LIB\C51FPL.LIB (PRINTF)
  C:\KEIL_V5\C51\LIB\C51FPL.LIB (POW)
  C:\KEIL_V5\C51\LIB\C51FPL.LIB (?C?FPGETOPN)
  C:\KEIL_V5\C51\LIB\C51FPL.LIB (?C?CHKFLOAT)
  C:\KEIL_V5\C51\LIB\C51FPL.LIB (?C?FPCMP)
  C:\KEIL_V5\C51\LIB\C51FPL.LIB (?C?FPNEG)
  C:\KEIL_V5\C51\LIB\C51FPL.LIB (?C?FPROUND)
  C:\KEIL_V5\C51\LIB\C51FPL.LIB (?C?FPCONVERT)
  C:\KEIL_V5\C51\LIB\C51FPL.LIB (EXP)
  C:\KEIL_V5\C51\LIB\C51FPL.LIB (LOG)
  C:\KEIL_V5\C51\LIB\C51FPL.LIB (?C?FPDIV)
  C:\KEIL_V5\C51\LIB\C51FPL.LIB (?C?FTNPWR)
  C:\KEIL_V5\C51\LIB\C51FPL.LIB (?C?FPSERIES)
  C:\KEIL_V5\C51\LIB\C51L.LIB (?C_STARTUP)
  C:\KEIL_V5\C51\LIB\C51L.LIB (?C?COPY)
  C:\KEIL_V5\C51\LIB\C51L.LIB (?C?CLDPTR)
  C:\KEIL_V5\C51\LIB\C51L.LIB (?C?CLDOPTR)
  C:\KEIL_V5\C51\LIB\C51L.LIB (?C?CSTPTR)
  C:\KEIL_V5\C51\LIB\C51L.LIB (?C?CSTOPTR)
  C:\KEIL_V5\C51\LIB\C51L.LIB (?C?IMUL)
  C:\KEIL_V5\C51\LIB\C51L.LIB (?C?IILDX)
  C:\KEIL_V5\C51\LIB\C51L.LIB (?C?LNEG)
  C:\KEIL_V5\C51\LIB\C51L.LIB (?C?SLCMP)
  C:\KEIL_V5\C51\LIB\C51L.LIB (?C?ULCMP)
  C:\KEIL_V5\C51\LIB\C51L.LIB (?C?ULSHR)
  C:\KEIL_V5\C51\LIB\C51L.LIB (?C?LSHL)
  C:\KEIL_V5\C51\LIB\C51L.LIB (?C?LLDCODE)
  C:\KEIL_V5\C51\LIB\C51L.LIB (?C?LLDXDATA0)
  C:\KEIL_V5\C51\LIB\C51L.LIB (?C?LLDCODE0)
BL51 BANKED LINKER/LOCATER V6.22.2.0                                                  06/11/2021  16:40:25  PAGE 2


  C:\KEIL_V5\C51\LIB\C51L.LIB (?C?LSTXDATA)
  C:\KEIL_V5\C51\LIB\C51L.LIB (?C?LSTKXDATA)
  C:\KEIL_V5\C51\LIB\C51L.LIB (?C?PLDIXDATA)
  C:\KEIL_V5\C51\LIB\C51L.LIB (?C?PSTXDATA)
  C:\KEIL_V5\C51\LIB\C51L.LIB (?C?CCASE)
  C:\KEIL_V5\C51\LIB\C51L.LIB (STRCAT)
  C:\KEIL_V5\C51\LIB\C51L.LIB (?C?STRCMP)
  C:\KEIL_V5\C51\LIB\C51L.LIB (?C?STRCPY)
  C:\KEIL_V5\C51\LIB\C51L.LIB (STRLEN)
  C:\KEIL_V5\C51\LIB\C51L.LIB (STRTOK)
  C:\KEIL_V5\C51\LIB\C51L.LIB (ATOL)
  C:\KEIL_V5\C51\LIB\C51L.LIB (ATOI)
  C:\KEIL_V5\C51\LIB\C51L.LIB (?C_INIT)
  C:\KEIL_V5\C51\LIB\C51L.LIB (?C?ILDIX)
  C:\KEIL_V5\C51\LIB\C51L.LIB (?C?LMUL)
  C:\KEIL_V5\C51\LIB\C51L.LIB (ISDIGIT)
  C:\KEIL_V5\C51\LIB\C51L.LIB (ISSPACE)
  C:\KEIL_V5\C51\LIB\C51L.LIB (STRSPN)
  C:\KEIL_V5\C51\LIB\C51L.LIB (STRPBRK)


LINK MAP OF MODULE:  .\Objects\expedidor_v_01_raspberry (MAIN)


            TYPE    BASE      LENGTH    RELOCATION   SEGMENT NAME
            -----------------------------------------------------

            * * * * * * *   D A T A   M E M O R Y   * * * * * * *
            REG     0000H     0008H     ABSOLUTE     "REG BANK 0"
            DATA    0008H     0005H     UNIT         _DATA_GROUP_
            DATA    000DH     0004H     UNIT         ?DT?UART
            IDATA   0011H     0009H     UNIT         ?ID?MONITOR
                    001AH     0006H                  *** GAP ***
            BIT     0020H.0   0001H.1   UNIT         _BIT_GROUP_
            BIT     0021H.1   0000H.3   UNIT         ?BI?MAIN
            BIT     0021H.4   0000H.2   UNIT         ?BI?UART
            BIT     0021H.6   0000H.1   UNIT         ?BI?EEPROM
            BIT     0021H.7   0000H.1   UNIT         ?BI?IO_SENSORES
            BIT     0022H.0   0000H.1   UNIT         ?BI?VERIFICADOR
                    0022H.1   0000H.7                *** GAP ***
            IDATA   0023H     0046H     UNIT         ?ID?MAIN
            IDATA   0069H     0001H     UNIT         ?STACK

            * * * * * * *  X D A T A   M E M O R Y  * * * * * * *
            XDATA   0000H     00B7H     UNIT         _XDATA_GROUP_
            XDATA   00B7H     0091H     UNIT         ?XD?VERIFICADOR
            XDATA   0148H     006CH     UNIT         ?XD?MAIN
            XDATA   01B4H     0059H     UNIT         ?XD?PROG
            XDATA   020DH     0003H     UNIT         ?XD?EEPROM
            XDATA   0210H     0003H     UNIT         ?XD?UART
            XDATA   0213H     0003H     UNIT         ?XD?STRTOK
            XDATA   0216H     0002H     UNIT         ?XD?IO_SENSORES
            XDATA   0218H     0001H     UNIT         ?XD?ACCESCAN
            XDATA   0219H     0001H     UNIT         ?XD?CLOCK

            * * * * * * *   C O D E   M E M O R Y   * * * * * * *
            CODE    0000H     0003H     ABSOLUTE     
BL51 BANKED LINKER/LOCATER V6.22.2.0                                                  06/11/2021  16:40:25  PAGE 3


            CODE    0003H     0008H     UNIT         ?PR?P_CK?CLOCK
            CODE    000BH     0003H     ABSOLUTE     
            CODE    000EH     0015H     UNIT         ?PR?_STRLEN?STRLEN
            CODE    0023H     0003H     ABSOLUTE     
            CODE    0026H     1322H     UNIT         ?CO?PROG
            CODE    1348H     0B8BH     UNIT         ?C?LIB_CODE
            CODE    1ED3H     08BDH     UNIT         ?CO?VERIFICADOR
            CODE    2790H     0747H     UNIT         ?PR?_PANTALLALCD?PANTALLAS
            CODE    2ED7H     06EFH     UNIT         ?CO?PANTALLAS
            CODE    35C6H     0541H     UNIT         ?PR?_VALIDA_TRAMA_PTO?ACCESCAN
            CODE    3B07H     04DAH     UNIT         ?PR?_SECUENCIAEXPEDIDORMF?VERIFICADOR
            CODE    3FE1H     0483H     UNIT         ?PR?PRINTF?PRINTF
            CODE    4464H     037FH     UNIT         ?PR?VER_PROG?PROG
            CODE    47E3H     02D0H     UNIT         ?PR?_TWO_BYTEHEX_DECIMAL?CLOCK
            CODE    4AB3H     02B7H     UNIT         ?PR?_PROG_HORARIO_DIAS?PROG
            CODE    4D6AH     02A5H     UNIT         ?PR?_PANTALLALCD_LINEA_2?PANTALLAS
            CODE    500FH     02A3H     UNIT         ?PR?_ARMAR_TRAMA_MONITOR?VERIFICADOR
            CODE    52B2H     0256H     UNIT         ?PR?_ARMAR_TRAMA_PTO_PARALELO_EXPEDIDOR?VERIFICADOR
            CODE    5508H     022CH     UNIT         ?PR?MENU?PROG
            CODE    5734H     0208H     UNIT         ?PR?_HASH_ID?PROG
            CODE    593CH     01FAH     UNIT         ?PR?_PROG_HORARIO_DESDE_HASTA?PROG
            CODE    5B36H     01F5H     UNIT         ?PR?PROG_FECHA_VENCIMIENTO?PROG
            CODE    5D2BH     01EBH     UNIT         ?PR?_ARMAR_TRAMA_TARJETA_SECTOR1_BLOQUE2?VERIFICADOR
            CODE    5F16H     01DFH     UNIT         ?PR?_RESPONDE_LECTURA_TARJETA_SECTOR1_BLOQUE1?VERIFICADOR
            CODE    60F5H     01D8H     UNIT         ?PR?_BLOCK_READ_CLOCK_ASCII_RASBERRY?CLOCK
            CODE    62CDH     01B3H     UNIT         ?PR?COM_ISR?UART
            CODE    6480H     01A4H     UNIT         ?PR?_VALIDA_TIPO_TARJETA?VERIFICADOR
            CODE    6624H     01A3H     UNIT         ?CO?LINTECH
            CODE    67C7H     016EH     UNIT         ?PR?_BLOCK_READ_CLOCK_ASCII?CLOCK
            CODE    6935H     0166H     UNIT         ?PR?_POW?POW
            CODE    6A9BH     0157H     UNIT         ?PR?_RESPONDE_REELECTURA_TARJETA_SECTOR1_BLOQUE2?VERIFICADOR
            CODE    6BF2H     0145H     UNIT         ?PR?PROG_HORARIOS?PROG
            CODE    6D37H     013EH     UNIT         ?PR?PROG_SIN_COBRO?PROG
            CODE    6E75H     013EH     UNIT         ?PR?SECUENCIA_INICIO_EXPEDIDOR?VERIFICADOR
            CODE    6FB3H     013CH     UNIT         ?PR?LOAD_AND_SEND_ID_COD?PTO_PARALELO
            CODE    70EFH     0137H     UNIT         ?PR?VER_HORARIO?PROG
            CODE    7226H     012EH     UNIT         ?PR?_ARMAR_TRAMA_PTO_PARALELO_EXPEDIDOR_MENSUAL?VERIFICADOR
            CODE    7354H     012BH     UNIT         ?PR?_RESPONDE_LECTURA_TARJETA_SECTOR1_BLOQUE2?VERIFICADOR
            CODE    747FH     0129H     UNIT         ?PR?LOG?LOG
            CODE    75A8H     0128H     UNIT         ?PR?_VER_HORARIO_DIAS?PROG
            CODE    76D0H     011AH     UNIT         ?PR?_PROG_HORARIOS_ON_OFF?PROG
            CODE    77EAH     0119H     UNIT         ?PR?_VER_HORARIO_DESDE_HASTA?PROG
            CODE    7903H     0115H     UNIT         ?PR?_VALIDAR_CLK?CLOCK
            CODE    7A18H     010FH     UNIT         ?PR?_HORARIOS?VERIFICADOR
            CODE    7B27H     010CH     UNIT         ?PR?_ATOL?ATOL
            CODE    7C33H     0100H     UNIT         ?PR?_WR_MF?LINTECH
            CODE    7D33H     00FCH     UNIT         ?PR?PROG_DEBUG?PROG
            CODE    7E2FH     00FCH     UNIT         ?PR?PROG_USE_LPR?PROG
            CODE    7F2BH     00FCH     UNIT         ?PR?TIPO_PANTALLA?PROG
            CODE    8027H     00FCH     UNIT         ?PR?PROG_ANTIPASSBACK?PROG
            CODE    8123H     00FCH     UNIT         ?PR?PROG_PLACA?PROG
            CODE    821FH     00FCH     UNIT         ?PR?PROG_VALIDAR_TIPO_VEHICULO_MENSUAL?PROG
            CODE    831BH     00FCH     UNIT         ?PR?PROG_APB_MENSUAL?PROG
            CODE    8417H     00FCH     UNIT         ?PR?_BLOQUE_HORARIO?VERIFICADOR
            CODE    8513H     00F1H     UNIT         ?PR?_WRITE_EEPROM_TICKET?EEPROM
            CODE    8604H     00F0H     UNIT         ?CO?IO_SENSORES
            CODE    86F4H     00EAH     UNIT         ?PR?_MOV_CARD?LINTECH
BL51 BANKED LINKER/LOCATER V6.22.2.0                                                  06/11/2021  16:40:25  PAGE 4


            CODE    87DEH     00E4H     UNIT         ?PR?_STRTOK?STRTOK
            CODE    88C2H     00DEH     UNIT         ?PR?PROG_ADDRESS_HIGH_BOARD?PROG
            CODE    89A0H     00DBH     UNIT         ?PR?_ATOI?ATOI
            CODE    8A7BH     00D7H     UNIT         ?PR?_ANALIZA_UID_CARD?VERIFICADOR
            CODE    8B52H     00D6H     UNIT         ?PR?_CMD_LPR_SALIDA_WIEGAND?ACCESCAN
            CODE    8C28H     00D3H     UNIT         ?C_INITSEG
            CODE    8CFBH     00CCH     UNIT         ?PR?_GRABA_SERIE?EEPROM
            CODE    8DC7H     00CBH     UNIT         ?PR?_RTA_CMD_TRANSPORTE?VERIFICADOR
            CODE    8E92H     00CAH     UNIT         ?PR?READ_EEPROM_TICKET?EEPROM
            CODE    8F5CH     00C9H     UNIT         ?PR?_CHECK_FECHAOUT?CLOCK
            CODE    9025H     00C4H     UNIT         ?PR?_BLOCK_READ_CLOCK?CLOCK
            CODE    90E9H     00C4H     UNIT         ?PR?_TARJETA_MENSUAL?VERIFICADOR
            CODE    91ADH     00C3H     UNIT         ?PR?_RD_MF?LINTECH
            CODE    9270H     00C2H     UNIT         ?PR?PROG_TARJETA_AUTOMATICA_O_BOTON?PROG
            CODE    9332H     00C1H     UNIT         ?PR?_RECIBE_CMD_MONITOR?MONITOR
            CODE    93F3H     00BEH     UNIT         ?PR?ERROR_RX_PTO?VERIFICADOR
            CODE    94B1H     00BDH     UNIT         ?PR?PROG_COD_PARK?PROG
            CODE    956EH     00BDH     UNIT         ?PR?PROG_TIEMPO_GRACIA?PROG
            CODE    962BH     00BBH     UNIT         ?PR?_VALIDA_TRAMA_MONITOR?MONITOR
            CODE    96E6H     00B9H     UNIT         ?CO?TIBBO
            CODE    979FH     00B6H     UNIT         ?PR?PROG_ID_CLIENTE?PROG
            CODE    9855H     00B5H     UNIT         ?PR?_WAIT_PLACA?VERIFICADOR
            CODE    990AH     00B4H     UNIT         ?PR?_SEND_PORT?PTO_PARALELO
            CODE    99BEH     00AFH     UNIT         ?PR?MSJ_LCD_INFORMATIVO?IO_SENSORES
            CODE    9A6DH     00ACH     UNIT         ?PR?_HORA_MAXIMA?VERIFICADOR
            CODE    9B19H     00AAH     UNIT         ?PR?CLAVE_SEGURIDAD_S2?LINTECH
            CODE    9BC3H     00A9H     UNIT         ?PR?DWLOAD_EEPROM?LINTECH
            CODE    9C6CH     00A6H     UNIT         ?PR?_BLOCK_READ_CLOCK_HEX?CLOCK
            CODE    9D12H     00A5H     UNIT         ?PR?_SEND_PTO_PARALELO?VERIFICADOR
            CODE    9DB7H     00A4H     UNIT         ?PR?_ARMAR_TRAMA_TARJETA_SECTOR1_BLOQUE1_CAMCEL?VERIFICADOR
            CODE    9E5BH     00A1H     UNIT         ?PR?_BLOCK_WRITE_CLOCK_ASCII?CLOCK
            CODE    9EFCH     009DH     UNIT         ?PR?_INICIALIZA?LINTECH
            CODE    9F99H     009CH     UNIT         ?PR?_RESPUESTA_PLACA_CANCEL?VERIFICADOR
            CODE    A035H     009AH     UNIT         ?PR?_RESPONDE_LECTURA_TARJETA_SECTOR1_BLOQUE0?VERIFICADOR
            CODE    A0CFH     009AH     UNIT         ?PR?EXP?EXP
            CODE    A169H     0099H     UNIT         ?PR?SHOW?PROG
            CODE    A202H     0099H     UNIT         ?PR?_RECIBE_PORT?PTO_PARALELO
            CODE    A29BH     0098H     UNIT         ?PR?_VALIDA_VEHICULO_CARD_MENSUAL?VERIFICADOR
            CODE    A333H     0091H     UNIT         ?PR?_HEX_ASCII?CLOCK
            CODE    A3C4H     0091H     UNIT         ?PR?_CARD_INSERCION?LINTECH
            CODE    A455H     0090H     UNIT         ?PR?_LEE_CLK?CLOCK
            CODE    A4E5H     0090H     UNIT         ?PR?_GETOPTION?PROG
            CODE    A575H     0090H     UNIT         ?PR?_DISPARO_LOCK_ENTRADA_VEHICULO?VERIFICADOR
            CODE    A605H     0090H     UNIT         ?PR?ENTREGA_CARD_CAPTURA?VERIFICADOR
            CODE    A695H     008DH     UNIT         ?PR?LOADVERIFY_EEPROM?LINTECH
            CODE    A722H     008CH     UNIT         ?C_C51STARTUP
            CODE    A7AEH     0088H     UNIT         ?PR?_SEND_PORTERR?PTO_PARALELO
            CODE    A836H     0088H     UNIT         ?PR?RX_DATA?TIBBO
            CODE    A8BEH     0088H     UNIT         ?PR?UNIQUE_IDENTIFIER_UID?LINTECH
            CODE    A946H     0086H     UNIT         ?PR?_CHECK_STATUS?LINTECH
            CODE    A9CCH     0084H     UNIT         ?PR?_DEBUGBUFFERMF?TIBBO
            CODE    AA50H     0084H     UNIT         ?PR?_STRSPN?STRSPN
            CODE    AAD4H     0083H     UNIT         ?PR?_RASPBERRY_DATA?PANTALLAS
            CODE    AB57H     0081H     UNIT         ?PR?_STRPBRK?STRPBRK
            CODE    ABD8H     0080H     UNIT         ?PR?_INGRESADATO?PROG
            CODE    AC58H     0080H     UNIT         ?PR?AUT_CARD_CHECK_STATUS?LINTECH
            CODE    ACD8H     0080H     UNIT         ?PR?POWER_OFF?LINTECH
BL51 BANKED LINKER/LOCATER V6.22.2.0                                                  06/11/2021  16:40:25  PAGE 5


            CODE    AD58H     007FH     UNIT         ?PR?MAIN?MAIN
            CODE    ADD7H     007DH     UNIT         ?PR?RELOJ_PANTALLA_LCD?PANTALLAS
            CODE    AE54H     007CH     UNIT         ?PR?RESPONDE_ESTADO_SENSORES_TRANSPORTE?VERIFICADOR
            CODE    AED0H     0077H     UNIT         ?PR?RESPONDE_TIPO_TARJETA?VERIFICADOR
            CODE    AF47H     0074H     UNIT         ?PR?_HORA_ENTRADA_VEHICULO?CLOCK
            CODE    AFBBH     0071H     UNIT         ?PR?_EN_HORARIO?VERIFICADOR
            CODE    B02CH     006FH     UNIT         ?PR?_ESCRIBIRMEMORIA?EEPROM
            CODE    B09BH     006CH     UNIT         ?PR?_RESPONDE_WRITE_TARJETA_SECTOR1_BLOQUE2?VERIFICADOR
            CODE    B107H     006BH     UNIT         ?PR?INGRESO_VEHICULO?VERIFICADOR
            CODE    B172H     006BH     UNIT         ?PR?_STRCAT?STRCAT
            CODE    B1DDH     0066H     UNIT         ?PR?_LEERMEMORIA?EEPROM
            CODE    B243H     0062H     UNIT         ?PR?_LISTACOMANDOS?PROG
            CODE    B2A5H     005EH     UNIT         ?PR?_BYTEHEX_DECIMAL?CLOCK
            CODE    B303H     005DH     UNIT         ?PR?_RESPUESTA_SEGUNDA_CLAVE?VERIFICADOR
            CODE    B360H     005CH     UNIT         ?PR?_ARMAR_TRAMA_PLACA?VERIFICADOR
            CODE    B3BCH     005BH     UNIT         ?PR?VALIDA_SENSOR1_AUTO?IO_SENSORES
            CODE    B417H     0056H     UNIT         ?PR?_WR_EEPROM?EEPROM
            CODE    B46DH     0054H     UNIT         ?PR?_PREGUNTA_LPR?VERIFICADOR
            CODE    B4C1H     004DH     UNIT         ?PR?VARIABLE_INICIO?MAIN
            CODE    B50EH     004DH     UNIT         ?PR?L_D_M?EEPROM
            CODE    B55BH     004CH     UNIT         ?PR?LEE_NO_TICKET?EEPROM
            CODE    B5A7H     004CH     UNIT         ?PR?LOAD_AND_SEND_INFO_RELOJ?PTO_PARALELO
            CODE    B5F3H     004BH     UNIT         ?PR?_TX_AUX?TIBBO
            CODE    B63EH     0049H     UNIT         ?PR?_DEBUG_TXT_TIBBO?TIBBO
            CODE    B687H     0048H     UNIT         ?PR?FIRST_CLAVE?PROG
            CODE    B6CFH     0047H     UNIT         ?PR?_DEBUG_CHR_TIBBO?TIBBO
            CODE    B716H     0047H     UNIT         ?PR?_RESPONDE_WRITE_TARJETA_SECTOR2_BLOQUE0?VERIFICADOR
            CODE    B75DH     0046H     UNIT         ?PR?_ESCRIBIRCADENASOFT_BUFFER?MAIN
            CODE    B7A3H     0046H     UNIT         ?PR?_LCD_TXT_NUM_CHAR?PANTALLAS
            CODE    B7E9H     0046H     UNIT         ?PR?_DEBUG_HEXDEC?TIBBO
            CODE    B82FH     0044H     UNIT         ?PR?_LCD_TXT?PANTALLAS
            CODE    B873H     0043H     UNIT         ?PR?DIR_BOARD?IO_SENSORES
            CODE    B8B6H     0042H     UNIT         ?PR?_VALIDARCLAVE?PROG
            CODE    B8F8H     0041H     UNIT         ?PR?_MONITOR_CHR?ACCESCAN
            CODE    B939H     0041H     UNIT         ?PR?_TWO_ONE?CLOCK
            CODE    B97AH     0040H     UNIT         ?PR?_GETCMD?PROG
            CODE    B9BAH     0040H     UNIT         ?PR?_DEBUG_PTO_PARALELO?TIBBO
            CODE    B9FAH     003FH     UNIT         ?PR?_EB_CLK?CLOCK
            CODE    BA39H     003EH     UNIT         ?PR?_PUTCHAR?MAIN
            CODE    BA77H     003EH     UNIT         ?PR?TRAMA_VALIDACION_P_N?VERIFICADOR
            CODE    BAB5H     003DH     UNIT         ?PR?_HEX_BCD?CLOCK
            CODE    BAF2H     003DH     UNIT         ?PR?_RD_EEPROM?EEPROM
            CODE    BB2FH     003DH     UNIT         ?PR?_DEBUG_MONITOR?TIBBO
            CODE    BB6CH     003DH     UNIT         ?PR?_LOAD_SECUENCIA_EXPEDIDOR?VERIFICADOR
            CODE    BBA9H     003BH     UNIT         ?CO?ACCESCAN
            CODE    BBE4H     003BH     UNIT         ?CO?EEPROM
            CODE    BC1FH     003BH     UNIT         ?PR?_COM_PUTCHAR?UART
            CODE    BC5AH     003AH     UNIT         ?PR?_DELAY_10MS?DELAY
            CODE    BC94H     003AH     UNIT         ?PR?ANALIZA_CARD_MOUNT_RF?VERIFICADOR
            CODE    BCCEH     0038H     UNIT         ?PR?VALIDASENSORESPASO?IO_SENSORES
            CODE    BD06H     0036H     UNIT         ?PR?FORMATO_EEPROM?EEPROM
            CODE    BD3CH     0036H     UNIT         ?PR?_RESPONDE_WRITE_TARJETA_SECTOR1_BLOQUE1?VERIFICADOR
            CODE    BD72H     0036H     UNIT         ?PR?_RESPONDE_WRITE_TARJETA_SECTOR1_BLOQUE0?VERIFICADOR
            CODE    BDA8H     0034H     UNIT         ?PR?INCREMENTE_TICKET?EEPROM
            CODE    BDDCH     0034H     UNIT         ?PR?ADDR_HORARIOS?PROG
            CODE    BE10H     0031H     UNIT         ?PR?_TARJETA_ROTACION?VERIFICADOR
            CODE    BE41H     0030H     UNIT         ?PR?PREGUNTA_PLACA?VERIFICADOR
BL51 BANKED LINKER/LOCATER V6.22.2.0                                                  06/11/2021  16:40:25  PAGE 6


            CODE    BE71H     002EH     UNIT         ?PR?TIMER0_INT?MAIN
            CODE    BE9FH     002AH     UNIT         ?PR?COM_INITIALIZE?UART
            CODE    BEC9H     0028H     UNIT         ?PR?_WR_CLK?CLOCK
            CODE    BEF1H     0028H     UNIT         ?PR?COM_BAUDRATE?UART
            CODE    BF19H     0028H     UNIT         ?PR?_ARMAR_TRAMA_TARJETA_SECTOR1_BLOQUE0?VERIFICADOR
            CODE    BF41H     0027H     UNIT         ?PR?_TX_CHRLCD?PANTALLAS
            CODE    BF68H     0026H     UNIT         ?PR?COM_GETCHAR?UART
            CODE    BF8EH     0026H     UNIT         ?PR?ANALIZA_PRESENCIA_MENSUAL?VERIFICADOR
            CODE    BFB4H     0026H     UNIT         ?PR?RX_MONITOR?MONITOR
            CODE    BFDAH     0023H     UNIT         ?PR?ANALIZA_PRESENCIA_ROTACION?VERIFICADOR
            CODE    BFFDH     0022H     UNIT         ?PR?_E_D_M?EEPROM
            CODE    C01FH     0022H     UNIT         ?PR?VALIDASENSOR_CERO?IO_SENSORES
            CODE    C041H     0021H     UNIT         ?CO?PTO_PARALELO
            CODE    C062H     0020H     UNIT         ?PR?ACKD?EEPROM
            CODE    C082H     0020H     UNIT         ?PR?ACK_LECT?EEPROM
            CODE    C0A2H     001FH     UNIT         ?PR?VALIDASENSOR?IO_SENSORES
            CODE    C0C1H     001FH     UNIT         ?PR?TIME_BIT?TIBBO
            CODE    C0E0H     001EH     UNIT         ?PR?_BCD_HEX?CLOCK
            CODE    C0FEH     001BH     UNIT         ?PR?_DELAY_1MS?DELAY
            CODE    C119H     0018H     UNIT         ?PR?CLEAR_PLACA?MONITOR
            CODE    C131H     0017H     UNIT         ?PR?DISPLAYCURSOR?PROG
            CODE    C148H     0017H     UNIT         ?PR?TIME_MBIT?TIBBO
            CODE    C15FH     0016H     UNIT         ?PR?DIR_BOARD_MONITOR?IO_SENSORES
            CODE    C175H     0014H     UNIT         ?CO?CLOCK
            CODE    C189H     0014H     UNIT         ?PR?_ISSPACE?ISSPACE
            CODE    C19DH     0012H     UNIT         ?PR?_DELAY_20US?DELAY
            CODE    C1AFH     0012H     UNIT         ?PR?START?EEPROM
            CODE    C1C1H     0012H     UNIT         ?PR?BOTTON?IO_SENSORES
            CODE    C1D3H     0012H     UNIT         ?PR?PULSO_BUS?PTO_PARALELO
            CODE    C1E5H     0012H     UNIT         ?PR?COM_RBUFLEN?UART
            CODE    C1F7H     0012H     UNIT         ?PR?COM_TBUFLEN?UART
            CODE    C209H     0010H     UNIT         ?PR?INI_TIMER?MAIN
            CODE    C219H     0010H     UNIT         ?PR?INICIA_BOARD?MAIN
            CODE    C229H     000FH     UNIT         ?PR?_ISDIGIT?ISDIGIT
            CODE    C238H     000CH     UNIT         ?PR?_GETKEY?MAIN
            CODE    C244H     000AH     UNIT         ?PR?STOP?EEPROM
            CODE    C24EH     000AH     UNIT         ?PR?COND_INI_PTO?PTO_PARALELO
            CODE    C258H     0009H     UNIT         ?PR?DEBUG_DIVIDIR_TEXTO?TIBBO
            CODE    C261H     0009H     UNIT         ?PR?CAPTURA_EXPULSA?VERIFICADOR
            CODE    C26AH     0007H     UNIT         ?PR?COND_INI_CLOCK?CLOCK
            CODE    C271H     0007H     UNIT         ?PR?SEL_FUNCION?IO_SENSORES
            CODE    C278H     0007H     UNIT         ?PR?SEL_AUTO?IO_SENSORES
            CODE    C27FH     0007H     UNIT         ?PR?SEL_PULSA?IO_SENSORES
            CODE    C286H     0007H     UNIT         ?PR?SEL_SENSOR2?IO_SENSORES
            CODE    C28DH     0007H     UNIT         ?PR?SEL_SENSOR1?IO_SENSORES
            CODE    C294H     0007H     UNIT         ?PR?SEL_DIR1?IO_SENSORES
            CODE    C29BH     0007H     UNIT         ?PR?SEL_DIR2?IO_SENSORES
            CODE    C2A2H     0006H     UNIT         ?PR?P_ME?EEPROM
            CODE    C2A8H     0005H     UNIT         ?PR?ON_TIMER0_INTERRUP?MAIN
            CODE    C2ADH     0005H     UNIT         ?PR?COND_INI_TIBBO?TIBBO
            CODE    C2B2H     0003H     UNIT         ?PR?OFF_TIMER0_INTERRUP?MAIN
            CODE    C2B5H     0001H     UNIT         ?PR?DELAY?DELAY



OVERLAY MAP OF MODULE:   .\Objects\expedidor_v_01_raspberry (MAIN)

BL51 BANKED LINKER/LOCATER V6.22.2.0                                                  06/11/2021  16:40:25  PAGE 7



SEGMENT                                             BIT_GROUP          DATA_GROUP          XDATA_GROUP
  +--> CALLED SEGMENT                            START    LENGTH     START    LENGTH     START    LENGTH
--------------------------------------------------------------------------------------------------------
?C_C51STARTUP                                    -----    -----      -----    -----      -----    -----
  +--> ?PR?MAIN?MAIN
  +--> ?C_INITSEG

?PR?MAIN?MAIN                                    -----    -----      -----    -----      0000H    0001H
  +--> ?PR?INI_TIMER?MAIN
  +--> ?PR?ON_TIMER0_INTERRUP?MAIN
  +--> ?PR?COM_INITIALIZE?UART
  +--> ?PR?COM_BAUDRATE?UART
  +--> ?PR?INICIA_BOARD?MAIN
  +--> ?PR?TIME_BIT?TIBBO
  +--> ?PR?_DELAY_20US?DELAY
  +--> ?PR?TIME_MBIT?TIBBO
  +--> ?PR?_TX_AUX?TIBBO
  +--> ?PR?SEL_FUNCION?IO_SENSORES
  +--> ?PR?MENU?PROG
  +--> ?PR?VARIABLE_INICIO?MAIN
  +--> ?PR?SECUENCIA_INICIO_EXPEDIDOR?VERIFI...
  +--> ?PR?RX_MONITOR?MONITOR
  +--> ?PR?_SECUENCIAEXPEDIDORMF?VERIFICADOR
  +--> ?PR?_RECIBE_PORT?PTO_PARALELO
  +--> ?PR?_DEBUG_PTO_PARALELO?TIBBO
  +--> ?PR?_VALIDA_TRAMA_PTO?ACCESCAN
  +--> ?PR?MSJ_LCD_INFORMATIVO?IO_SENSORES

?PR?COM_INITIALIZE?UART                          -----    -----      -----    -----      -----    -----
  +--> ?PR?COM_BAUDRATE?UART

?PR?INICIA_BOARD?MAIN                            -----    -----      -----    -----      -----    -----
  +--> ?PR?COND_INI_TIBBO?TIBBO
  +--> ?PR?COND_INI_CLOCK?CLOCK
  +--> ?PR?COND_INI_PTO?PTO_PARALELO

?PR?_TX_AUX?TIBBO                                -----    -----      -----    -----      -----    -----
  +--> ?PR?TIME_BIT?TIBBO

?PR?MENU?PROG                                    -----    -----      -----    -----      0001H    0045H
  +--> ?CO?PROG
  +--> ?PR?PRINTF?PRINTF
  +--> ?PR?_RD_EEPROM?EEPROM
  +--> ?PR?FIRST_CLAVE?PROG
  +--> ?PR?_WR_EEPROM?EEPROM
  +--> ?PR?_LEERMEMORIA?EEPROM
  +--> ?PR?_HASH_ID?PROG
  +--> ?PR?_INGRESADATO?PROG
  +--> ?PR?_GETCMD?PROG
  +--> ?PR?_ESCRIBIRMEMORIA?EEPROM
  +--> ?PR?_VALIDARCLAVE?PROG
  +--> ?PR?DISPLAYCURSOR?PROG
  +--> ?PR?_STRLEN?STRLEN
  +--> ?PR?_GETOPTION?PROG
  +--> ?PR?_STRCAT?STRCAT
  +--> ?PR?_LISTACOMANDOS?PROG
BL51 BANKED LINKER/LOCATER V6.22.2.0                                                  06/11/2021  16:40:25  PAGE 8


  +--> ?PR?PROG_ID_CLIENTE?PROG
  +--> ?PR?PROG_COD_PARK?PROG
  +--> ?PR?PROG_TIEMPO_GRACIA?PROG
  +--> ?PR?PROG_SIN_COBRO?PROG
  +--> ?PR?PROG_DEBUG?PROG
  +--> ?PR?PROG_USE_LPR?PROG
  +--> ?PR?TIPO_PANTALLA?PROG
  +--> ?PR?PROG_TARJETA_AUTOMATICA_O_BOTON?PROG
  +--> ?PR?PROG_ANTIPASSBACK?PROG
  +--> ?PR?PROG_PLACA?PROG
  +--> ?PR?PROG_ADDRESS_HIGH_BOARD?PROG
  +--> ?PR?PROG_HORARIOS?PROG
  +--> ?PR?PROG_VALIDAR_TIPO_VEHICULO_MENSUA...
  +--> ?PR?PROG_APB_MENSUAL?PROG
  +--> ?PR?VER_PROG?PROG
  +--> ?PR?SHOW?PROG
  +--> ?PR?PROG_FECHA_VENCIMIENTO?PROG

?PR?PRINTF?PRINTF                                0020H.0  0001H.1    0008H    0005H      0077H    0030H
  +--> ?PR?_PUTCHAR?MAIN

?PR?_PUTCHAR?MAIN                                -----    -----      -----    -----      00A7H    0003H
  +--> ?PR?_COM_PUTCHAR?UART

?PR?_COM_PUTCHAR?UART                            -----    -----      -----    -----      00AAH    0001H
  +--> ?PR?COM_TBUFLEN?UART

?PR?_RD_EEPROM?EEPROM                            -----    -----      -----    -----      -----    -----
  +--> ?PR?START?EEPROM
  +--> ?PR?ACK_LECT?EEPROM
  +--> ?PR?_E_D_M?EEPROM
  +--> ?PR?ACKD?EEPROM
  +--> ?PR?L_D_M?EEPROM
  +--> ?PR?STOP?EEPROM

?PR?ACK_LECT?EEPROM                              -----    -----      -----    -----      -----    -----
  +--> ?PR?_E_D_M?EEPROM

?PR?_E_D_M?EEPROM                                -----    -----      -----    -----      -----    -----
  +--> ?PR?P_ME?EEPROM

?PR?ACKD?EEPROM                                  -----    -----      -----    -----      -----    -----
  +--> ?PR?_E_D_M?EEPROM

?PR?FIRST_CLAVE?PROG                             -----    -----      -----    -----      0046H    000BH
  +--> ?PR?_BLOCK_READ_CLOCK_ASCII?CLOCK
  +--> ?PR?_HASH_ID?PROG
  +--> ?PR?_ESCRIBIRMEMORIA?EEPROM

?PR?_BLOCK_READ_CLOCK_ASCII?CLOCK                -----    -----      -----    -----      0051H    0003H
  +--> ?PR?_LEE_CLK?CLOCK

?PR?_LEE_CLK?CLOCK                               -----    -----      -----    -----      00B1H    0003H
  +--> ?PR?_DELAY_20US?DELAY
  +--> ?PR?_EB_CLK?CLOCK
  +--> ?PR?P_CK?CLOCK

BL51 BANKED LINKER/LOCATER V6.22.2.0                                                  06/11/2021  16:40:25  PAGE 9


?PR?_EB_CLK?CLOCK                                -----    -----      -----    -----      00B4H    0003H
  +--> ?PR?P_CK?CLOCK

?PR?P_CK?CLOCK                                   -----    -----      -----    -----      -----    -----
  +--> ?PR?DELAY?DELAY

?PR?_HASH_ID?PROG                                -----    -----      -----    -----      005DH    003FH
  +--> ?CO?PROG
  +--> ?PR?_LEERMEMORIA?EEPROM
  +--> ?PR?_CHECK_FECHAOUT?CLOCK
  +--> ?PR?_STRLEN?STRLEN

?PR?_LEERMEMORIA?EEPROM                          -----    -----      -----    -----      009CH    0005H
  +--> ?PR?_RD_EEPROM?EEPROM

?PR?_CHECK_FECHAOUT?CLOCK                        -----    -----      -----    -----      009CH    0012H
  +--> ?PR?_BLOCK_READ_CLOCK_HEX?CLOCK

?PR?_BLOCK_READ_CLOCK_HEX?CLOCK                  -----    -----      -----    -----      00AEH    0003H
  +--> ?PR?_LEE_CLK?CLOCK
  +--> ?PR?_BCD_HEX?CLOCK

?PR?_ESCRIBIRMEMORIA?EEPROM                      -----    -----      -----    -----      005DH    0005H
  +--> ?PR?_WR_EEPROM?EEPROM

?PR?_WR_EEPROM?EEPROM                            -----    -----      -----    -----      -----    -----
  +--> ?PR?START?EEPROM
  +--> ?PR?ACKD?EEPROM
  +--> ?PR?_E_D_M?EEPROM
  +--> ?PR?STOP?EEPROM
  +--> ?PR?_DELAY_1MS?DELAY
  +--> ?PR?_DELAY_20US?DELAY

?PR?_DELAY_1MS?DELAY                             -----    -----      -----    -----      -----    -----
  +--> ?PR?_DELAY_20US?DELAY

?PR?_INGRESADATO?PROG                            -----    -----      -----    -----      0071H    0004H
  +--> ?PR?_GETKEY?MAIN
  +--> ?CO?PROG
  +--> ?PR?PRINTF?PRINTF
  +--> ?PR?_PUTCHAR?MAIN

?PR?_GETKEY?MAIN                                 -----    -----      -----    -----      -----    -----
  +--> ?PR?COM_GETCHAR?UART

?PR?COM_GETCHAR?UART                             -----    -----      -----    -----      -----    -----
  +--> ?PR?COM_RBUFLEN?UART

?PR?_GETCMD?PROG                                 -----    -----      -----    -----      005DH    0007H
  +--> ?CO?PROG
  +--> ?PR?_STRTOK?STRTOK

?PR?_STRTOK?STRTOK                               -----    -----      -----    -----      0064H    0006H
  +--> ?PR?_STRSPN?STRSPN
  +--> ?PR?_STRPBRK?STRPBRK

?PR?_STRSPN?STRSPN                               -----    -----      -----    -----      006AH    0008H
BL51 BANKED LINKER/LOCATER V6.22.2.0                                                  06/11/2021  16:40:25  PAGE 10



?PR?_STRPBRK?STRPBRK                             -----    -----      -----    -----      006AH    0009H

?PR?_VALIDARCLAVE?PROG                           -----    -----      -----    -----      005DH    000EH

?PR?DISPLAYCURSOR?PROG                           -----    -----      -----    -----      -----    -----
  +--> ?CO?PROG
  +--> ?PR?PRINTF?PRINTF

?PR?_GETOPTION?PROG                              -----    -----      -----    -----      0046H    000BH
  +--> ?CO?PROG
  +--> ?PR?_STRTOK?STRTOK

?PR?_STRCAT?STRCAT                               -----    -----      -----    -----      0046H    0009H

?PR?_LISTACOMANDOS?PROG                          -----    -----      -----    -----      0046H    0007H

?PR?PROG_ID_CLIENTE?PROG                         -----    -----      -----    -----      0046H    000CH
  +--> ?PR?_RD_EEPROM?EEPROM
  +--> ?CO?PROG
  +--> ?PR?PRINTF?PRINTF
  +--> ?PR?_INGRESADATO?PROG
  +--> ?PR?_ATOI?ATOI
  +--> ?PR?_WR_EEPROM?EEPROM

?PR?_ATOI?ATOI                                   0020H.0  0000H.1    -----    -----      0071H    0005H
  +--> ?PR?_ISSPACE?ISSPACE
  +--> ?PR?_ISDIGIT?ISDIGIT

?PR?PROG_COD_PARK?PROG                           -----    -----      -----    -----      0046H    000CH
  +--> ?PR?_RD_EEPROM?EEPROM
  +--> ?CO?PROG
  +--> ?PR?PRINTF?PRINTF
  +--> ?PR?_INGRESADATO?PROG
  +--> ?PR?_ATOI?ATOI
  +--> ?PR?_WR_EEPROM?EEPROM

?PR?PROG_TIEMPO_GRACIA?PROG                      -----    -----      -----    -----      0046H    000CH
  +--> ?PR?_RD_EEPROM?EEPROM
  +--> ?CO?PROG
  +--> ?PR?PRINTF?PRINTF
  +--> ?PR?_INGRESADATO?PROG
  +--> ?PR?_ATOI?ATOI
  +--> ?PR?_WR_EEPROM?EEPROM

?PR?PROG_SIN_COBRO?PROG                          -----    -----      -----    -----      0046H    000CH
  +--> ?PR?_RD_EEPROM?EEPROM
  +--> ?CO?PROG
  +--> ?PR?PRINTF?PRINTF
  +--> ?PR?_INGRESADATO?PROG
  +--> ?PR?_ATOI?ATOI
  +--> ?PR?_WR_EEPROM?EEPROM

?PR?PROG_DEBUG?PROG                              -----    -----      -----    -----      0046H    000CH
  +--> ?PR?_RD_EEPROM?EEPROM
  +--> ?CO?PROG
  +--> ?PR?PRINTF?PRINTF
BL51 BANKED LINKER/LOCATER V6.22.2.0                                                  06/11/2021  16:40:25  PAGE 11


  +--> ?PR?_INGRESADATO?PROG
  +--> ?PR?_ATOI?ATOI
  +--> ?PR?_WR_EEPROM?EEPROM

?PR?PROG_USE_LPR?PROG                            -----    -----      -----    -----      0046H    000CH
  +--> ?PR?_RD_EEPROM?EEPROM
  +--> ?CO?PROG
  +--> ?PR?PRINTF?PRINTF
  +--> ?PR?_INGRESADATO?PROG
  +--> ?PR?_ATOI?ATOI
  +--> ?PR?_WR_EEPROM?EEPROM

?PR?TIPO_PANTALLA?PROG                           -----    -----      -----    -----      0046H    000CH
  +--> ?PR?_RD_EEPROM?EEPROM
  +--> ?CO?PROG
  +--> ?PR?PRINTF?PRINTF
  +--> ?PR?_INGRESADATO?PROG
  +--> ?PR?_ATOI?ATOI
  +--> ?PR?_WR_EEPROM?EEPROM

?PR?PROG_TARJETA_AUTOMATICA_O_BOTON?PROG         -----    -----      -----    -----      0046H    000CH
  +--> ?PR?_RD_EEPROM?EEPROM
  +--> ?CO?PROG
  +--> ?PR?PRINTF?PRINTF
  +--> ?PR?_INGRESADATO?PROG
  +--> ?PR?_ATOI?ATOI
  +--> ?PR?_WR_EEPROM?EEPROM

?PR?PROG_ANTIPASSBACK?PROG                       -----    -----      -----    -----      0046H    000CH
  +--> ?PR?_RD_EEPROM?EEPROM
  +--> ?CO?PROG
  +--> ?PR?PRINTF?PRINTF
  +--> ?PR?_INGRESADATO?PROG
  +--> ?PR?_ATOI?ATOI
  +--> ?PR?_WR_EEPROM?EEPROM

?PR?PROG_PLACA?PROG                              -----    -----      -----    -----      0046H    000CH
  +--> ?PR?_RD_EEPROM?EEPROM
  +--> ?CO?PROG
  +--> ?PR?PRINTF?PRINTF
  +--> ?PR?_INGRESADATO?PROG
  +--> ?PR?_ATOI?ATOI
  +--> ?PR?_WR_EEPROM?EEPROM

?PR?PROG_ADDRESS_HIGH_BOARD?PROG                 -----    -----      -----    -----      0046H    000CH
  +--> ?PR?_RD_EEPROM?EEPROM
  +--> ?CO?PROG
  +--> ?PR?PRINTF?PRINTF
  +--> ?PR?_INGRESADATO?PROG
  +--> ?PR?_ATOI?ATOI
  +--> ?PR?_WR_EEPROM?EEPROM

?PR?PROG_HORARIOS?PROG                           -----    -----      -----    -----      0046H    001BH
  +--> ?PR?ADDR_HORARIOS?PROG
  +--> ?CO?PROG
  +--> ?PR?PRINTF?PRINTF
  +--> ?PR?_INGRESADATO?PROG
BL51 BANKED LINKER/LOCATER V6.22.2.0                                                  06/11/2021  16:40:25  PAGE 12


  +--> ?PR?_ATOI?ATOI
  +--> ?PR?_PROG_HORARIOS_ON_OFF?PROG
  +--> ?PR?_WR_EEPROM?EEPROM
  +--> ?PR?_PROG_HORARIO_DIAS?PROG
  +--> ?PR?_PROG_HORARIO_DESDE_HASTA?PROG
  +--> ?PR?_RD_EEPROM?EEPROM

?PR?ADDR_HORARIOS?PROG                           -----    -----      -----    -----      0074H    000BH

?PR?_PROG_HORARIOS_ON_OFF?PROG                   -----    -----      -----    -----      0061H    0010H
  +--> ?PR?_RD_EEPROM?EEPROM
  +--> ?CO?PROG
  +--> ?PR?PRINTF?PRINTF
  +--> ?PR?_INGRESADATO?PROG
  +--> ?PR?_ATOI?ATOI
  +--> ?PR?_WR_EEPROM?EEPROM

?PR?_PROG_HORARIO_DIAS?PROG                      -----    -----      -----    -----      0061H    000FH
  +--> ?CO?PROG
  +--> ?PR?PRINTF?PRINTF
  +--> ?PR?_INGRESADATO?PROG
  +--> ?PR?_WR_EEPROM?EEPROM
  +--> ?PR?_RD_EEPROM?EEPROM

?PR?_PROG_HORARIO_DESDE_HASTA?PROG               -----    -----      -----    -----      0061H    000CH
  +--> ?CO?PROG
  +--> ?PR?PRINTF?PRINTF
  +--> ?PR?_INGRESADATO?PROG
  +--> ?PR?_WR_EEPROM?EEPROM
  +--> ?PR?_RD_EEPROM?EEPROM

?PR?PROG_VALIDAR_TIPO_VEHICULO_MENSUA...         -----    -----      -----    -----      0046H    000CH
  +--> ?PR?_RD_EEPROM?EEPROM
  +--> ?CO?PROG
  +--> ?PR?PRINTF?PRINTF
  +--> ?PR?_INGRESADATO?PROG
  +--> ?PR?_ATOI?ATOI
  +--> ?PR?_WR_EEPROM?EEPROM

?PR?PROG_APB_MENSUAL?PROG                        -----    -----      -----    -----      0046H    000CH
  +--> ?PR?_RD_EEPROM?EEPROM
  +--> ?CO?PROG
  +--> ?PR?PRINTF?PRINTF
  +--> ?PR?_INGRESADATO?PROG
  +--> ?PR?_ATOI?ATOI
  +--> ?PR?_WR_EEPROM?EEPROM

?PR?VER_PROG?PROG                                -----    -----      -----    -----      0046H    0013H
  +--> ?PR?_RD_EEPROM?EEPROM
  +--> ?CO?PROG
  +--> ?PR?PRINTF?PRINTF
  +--> ?PR?VER_HORARIO?PROG
  +--> ?PR?_LEERMEMORIA?EEPROM
  +--> ?PR?_HEX_ASCII?CLOCK
  +--> ?PR?LEE_NO_TICKET?EEPROM

?PR?VER_HORARIO?PROG                             -----    -----      -----    -----      0059H    001BH
BL51 BANKED LINKER/LOCATER V6.22.2.0                                                  06/11/2021  16:40:25  PAGE 13


  +--> ?PR?ADDR_HORARIOS?PROG
  +--> ?CO?PROG
  +--> ?PR?PRINTF?PRINTF
  +--> ?PR?_RD_EEPROM?EEPROM
  +--> ?PR?_VER_HORARIO_DIAS?PROG
  +--> ?PR?_VER_HORARIO_DESDE_HASTA?PROG

?PR?_VER_HORARIO_DIAS?PROG                       -----    -----      -----    -----      0074H    0003H
  +--> ?PR?_RD_EEPROM?EEPROM
  +--> ?CO?PROG
  +--> ?PR?PRINTF?PRINTF

?PR?_VER_HORARIO_DESDE_HASTA?PROG                -----    -----      -----    -----      0074H    0002H
  +--> ?CO?PROG
  +--> ?PR?PRINTF?PRINTF
  +--> ?PR?_RD_EEPROM?EEPROM

?PR?_HEX_ASCII?CLOCK                             -----    -----      -----    -----      005DH    0006H
  +--> ?PR?_HEX_BCD?CLOCK

?PR?LEE_NO_TICKET?EEPROM                         -----    -----      -----    -----      0059H    000BH
  +--> ?PR?READ_EEPROM_TICKET?EEPROM
  +--> ?CO?EEPROM
  +--> ?PR?PRINTF?PRINTF
  +--> ?PR?_STRLEN?STRLEN
  +--> ?PR?_DEBUG_TXT_TIBBO?TIBBO

?PR?READ_EEPROM_TICKET?EEPROM                    -----    -----      -----    -----      0064H    0007H
  +--> ?PR?_RD_EEPROM?EEPROM

?PR?_DEBUG_TXT_TIBBO?TIBBO                       -----    -----      -----    -----      0064H    0004H
  +--> ?PR?_DEBUG_CHR_TIBBO?TIBBO
  +--> ?CO?TIBBO
  +--> ?PR?_TX_AUX?TIBBO

?PR?_DEBUG_CHR_TIBBO?TIBBO                       -----    -----      -----    -----      -----    -----
  +--> ?PR?_TX_AUX?TIBBO

?PR?SHOW?PROG                                    -----    -----      -----    -----      -----    -----
  +--> ?CO?PROG
  +--> ?PR?PRINTF?PRINTF

?PR?PROG_FECHA_VENCIMIENTO?PROG                  -----    -----      -----    -----      0046H    0017H
  +--> ?PR?_LEERMEMORIA?EEPROM
  +--> ?PR?_HEX_ASCII?CLOCK
  +--> ?CO?PROG
  +--> ?PR?PRINTF?PRINTF
  +--> ?PR?_HASH_ID?PROG
  +--> ?PR?_INGRESADATO?PROG
  +--> ?PR?_GETCMD?PROG
  +--> ?PR?_ESCRIBIRMEMORIA?EEPROM
  +--> ?PR?_VALIDARCLAVE?PROG
  +--> ?PR?_ATOI?ATOI
  +--> ?PR?_WR_EEPROM?EEPROM

?PR?VARIABLE_INICIO?MAIN                         -----    -----      -----    -----      -----    -----
  +--> ?PR?_RD_EEPROM?EEPROM
BL51 BANKED LINKER/LOCATER V6.22.2.0                                                  06/11/2021  16:40:25  PAGE 14



?PR?SECUENCIA_INICIO_EXPEDIDOR?VERIFI...         -----    -----      -----    -----      0001H    0001H
  +--> ?PR?_INICIALIZA?LINTECH
  +--> ?PR?TRAMA_VALIDACION_P_N?VERIFICADOR
  +--> ?CO?VERIFICADOR
  +--> ?PR?_DEBUG_TXT_TIBBO?TIBBO
  +--> ?PR?_DEBUGBUFFERMF?TIBBO
  +--> ?PR?DWLOAD_EEPROM?LINTECH

?PR?_INICIALIZA?LINTECH                          -----    -----      -----    -----      0002H    000CH
  +--> ?CO?LINTECH
  +--> ?PR?_DEBUG_TXT_TIBBO?TIBBO
  +--> ?PR?_DEBUGBUFFERMF?TIBBO
  +--> ?PR?_ESCRIBIRCADENASOFT_BUFFER?MAIN

?PR?_DEBUGBUFFERMF?TIBBO                         -----    -----      -----    -----      0027H    0006H
  +--> ?CO?TIBBO
  +--> ?PR?_DEBUG_TXT_TIBBO?TIBBO
  +--> ?PR?_DEBUG_CHR_TIBBO?TIBBO
  +--> ?PR?_TX_AUX?TIBBO

?PR?_ESCRIBIRCADENASOFT_BUFFER?MAIN              -----    -----      -----    -----      0027H    0006H
  +--> ?PR?_PUTCHAR?MAIN

?PR?TRAMA_VALIDACION_P_N?VERIFICADOR             -----    -----      -----    -----      -----    -----
  +--> ?CO?VERIFICADOR
  +--> ?PR?_DEBUG_TXT_TIBBO?TIBBO

?PR?DWLOAD_EEPROM?LINTECH                        -----    -----      -----    -----      0002H    0016H
  +--> ?CO?LINTECH
  +--> ?PR?_DEBUG_TXT_TIBBO?TIBBO
  +--> ?PR?_DEBUGBUFFERMF?TIBBO
  +--> ?PR?_ESCRIBIRCADENASOFT_BUFFER?MAIN

?PR?RX_MONITOR?MONITOR                           -----    -----      -----    -----      0009H    000DH
  +--> ?PR?_RECIBE_CMD_MONITOR?MONITOR
  +--> ?PR?_DEBUG_MONITOR?TIBBO
  +--> ?PR?_VALIDA_TRAMA_MONITOR?MONITOR

?PR?_RECIBE_CMD_MONITOR?MONITOR                  -----    -----      -----    -----      0016H    0009H
  +--> ?PR?RX_DATA?TIBBO

?PR?RX_DATA?TIBBO                                -----    -----      -----    -----      -----    -----
  +--> ?PR?TIME_MBIT?TIBBO
  +--> ?PR?TIME_BIT?TIBBO

?PR?_DEBUG_MONITOR?TIBBO                         -----    -----      -----    -----      0016H    0004H
  +--> ?PR?DEBUG_DIVIDIR_TEXTO?TIBBO
  +--> ?CO?TIBBO
  +--> ?PR?_DEBUG_TXT_TIBBO?TIBBO

?PR?DEBUG_DIVIDIR_TEXTO?TIBBO                    -----    -----      -----    -----      -----    -----
  +--> ?CO?TIBBO
  +--> ?PR?_DEBUG_TXT_TIBBO?TIBBO

?PR?_VALIDA_TRAMA_MONITOR?MONITOR                -----    -----      -----    -----      0016H    0006H
  +--> ?PR?_DELAY_10MS?DELAY
BL51 BANKED LINKER/LOCATER V6.22.2.0                                                  06/11/2021  16:40:25  PAGE 15


  +--> ?PR?_TX_AUX?TIBBO

?PR?_DELAY_10MS?DELAY                            -----    -----      -----    -----      001CH    0004H
  +--> ?PR?_DELAY_1MS?DELAY

?PR?_SECUENCIAEXPEDIDORMF?VERIFICADOR            -----    -----      -----    -----      0001H    0001H
  +--> ?PR?_CHECK_STATUS?LINTECH
  +--> ?PR?_LOAD_SECUENCIA_EXPEDIDOR?VERIFIC...
  +--> ?PR?RX_MONITOR?MONITOR
  +--> ?PR?_RTA_CMD_TRANSPORTE?VERIFICADOR
  +--> ?PR?_MOV_CARD?LINTECH
  +--> ?PR?_CARD_INSERCION?LINTECH
  +--> ?PR?AUT_CARD_CHECK_STATUS?LINTECH
  +--> ?PR?LOADVERIFY_EEPROM?LINTECH
  +--> ?PR?_RD_MF?LINTECH
  +--> ?PR?_WR_MF?LINTECH
  +--> ?PR?ANALIZA_CARD_MOUNT_RF?VERIFICADOR
  +--> ?PR?DWLOAD_EEPROM?LINTECH
  +--> ?PR?ENTREGA_CARD_CAPTURA?VERIFICADOR
  +--> ?PR?_SEND_PTO_PARALELO?VERIFICADOR
  +--> ?PR?_WAIT_PLACA?VERIFICADOR
  +--> ?PR?UNIQUE_IDENTIFIER_UID?LINTECH
  +--> ?PR?_PREGUNTA_LPR?VERIFICADOR
  +--> ?PR?PREGUNTA_PLACA?VERIFICADOR
  +--> ?PR?_VALIDA_TIPO_TARJETA?VERIFICADOR
  +--> ?PR?POWER_OFF?LINTECH
  +--> ?PR?CLAVE_SEGURIDAD_S2?LINTECH
  +--> ?PR?_RESPONDE_REELECTURA_TARJETA_SECT...
  +--> ?PR?RESPONDE_ESTADO_SENSORES_TRANSPOR...
  +--> ?PR?RESPONDE_TIPO_TARJETA?VERIFICADOR
  +--> ?PR?_RESPONDE_LECTURA_TARJETA_SECTOR1...
  +--> ?PR?_RESPONDE_LECTURA_TARJETA_SECTOR1...
  +--> ?PR?_RESPONDE_LECTURA_TARJETA_SECTOR1...
  +--> ?PR?_RESPONDE_WRITE_TARJETA_SECTOR1_B...
  +--> ?PR?_RESPONDE_WRITE_TARJETA_SECTOR2_B...
  +--> ?PR?_RESPONDE_WRITE_TARJETA_SECTOR1_B...
  +--> ?PR?_RESPONDE_WRITE_TARJETA_SECTOR1_B...
  +--> ?PR?_DISPARO_LOCK_ENTRADA_VEHICULO?VE...
  +--> ?PR?_RESPUESTA_SEGUNDA_CLAVE?VERIFICADOR
  +--> ?PR?ANALIZA_PRESENCIA_MENSUAL?VERIFIC...
  +--> ?PR?_ANALIZA_UID_CARD?VERIFICADOR
  +--> ?PR?ANALIZA_PRESENCIA_ROTACION?VERIFI...
  +--> ?CO?VERIFICADOR
  +--> ?PR?_DEBUG_TXT_TIBBO?TIBBO

?PR?_CHECK_STATUS?LINTECH                        -----    -----      -----    -----      0002H    000BH
  +--> ?CO?LINTECH
  +--> ?PR?_DEBUG_TXT_TIBBO?TIBBO
  +--> ?PR?_DEBUGBUFFERMF?TIBBO
  +--> ?PR?_ESCRIBIRCADENASOFT_BUFFER?MAIN

?PR?_LOAD_SECUENCIA_EXPEDIDOR?VERIFIC...         -----    -----      -----    -----      0002H    0009H

?PR?_RTA_CMD_TRANSPORTE?VERIFICADOR              -----    -----      -----    -----      0002H    0005H
  +--> ?PR?TRAMA_VALIDACION_P_N?VERIFICADOR
  +--> ?CO?VERIFICADOR
  +--> ?PR?_DEBUG_TXT_TIBBO?TIBBO
BL51 BANKED LINKER/LOCATER V6.22.2.0                                                  06/11/2021  16:40:25  PAGE 16


  +--> ?PR?_DEBUGBUFFERMF?TIBBO
  +--> ?PR?ERROR_RX_PTO?VERIFICADOR

?PR?ERROR_RX_PTO?VERIFICADOR                     -----    -----      -----    -----      0007H    0001H
  +--> ?CO?VERIFICADOR
  +--> ?PR?_DEBUG_TXT_TIBBO?TIBBO
  +--> ?PR?_DEBUG_CHR_TIBBO?TIBBO
  +--> ?PR?_DELAY_10MS?DELAY

?PR?_MOV_CARD?LINTECH                            -----    -----      -----    -----      0002H    000CH
  +--> ?CO?LINTECH
  +--> ?PR?_DEBUG_TXT_TIBBO?TIBBO
  +--> ?PR?_DEBUGBUFFERMF?TIBBO
  +--> ?PR?_ESCRIBIRCADENASOFT_BUFFER?MAIN

?PR?_CARD_INSERCION?LINTECH                      -----    -----      -----    -----      0002H    000AH
  +--> ?CO?LINTECH
  +--> ?PR?_DEBUG_TXT_TIBBO?TIBBO
  +--> ?PR?_DEBUGBUFFERMF?TIBBO
  +--> ?PR?_ESCRIBIRCADENASOFT_BUFFER?MAIN

?PR?AUT_CARD_CHECK_STATUS?LINTECH                -----    -----      -----    -----      0002H    000BH
  +--> ?CO?LINTECH
  +--> ?PR?_DEBUG_TXT_TIBBO?TIBBO
  +--> ?PR?_DEBUGBUFFERMF?TIBBO
  +--> ?PR?_ESCRIBIRCADENASOFT_BUFFER?MAIN

?PR?LOADVERIFY_EEPROM?LINTECH                    -----    -----      -----    -----      0002H    0010H
  +--> ?CO?LINTECH
  +--> ?PR?_DEBUG_TXT_TIBBO?TIBBO
  +--> ?PR?_DEBUGBUFFERMF?TIBBO
  +--> ?PR?_ESCRIBIRCADENASOFT_BUFFER?MAIN

?PR?_RD_MF?LINTECH                               -----    -----      -----    -----      0002H    0012H
  +--> ?CO?LINTECH
  +--> ?PR?_DEBUG_TXT_TIBBO?TIBBO
  +--> ?PR?_DEBUG_CHR_TIBBO?TIBBO
  +--> ?PR?_DEBUGBUFFERMF?TIBBO
  +--> ?PR?_ESCRIBIRCADENASOFT_BUFFER?MAIN

?PR?_WR_MF?LINTECH                               -----    -----      -----    -----      0002H    0025H
  +--> ?CO?LINTECH
  +--> ?PR?_DEBUG_TXT_TIBBO?TIBBO
  +--> ?PR?_DEBUG_CHR_TIBBO?TIBBO
  +--> ?PR?_DEBUGBUFFERMF?TIBBO
  +--> ?PR?_ESCRIBIRCADENASOFT_BUFFER?MAIN

?PR?ANALIZA_CARD_MOUNT_RF?VERIFICADOR            -----    -----      -----    -----      0002H    0001H
  +--> ?CO?VERIFICADOR
  +--> ?PR?_DEBUG_TXT_TIBBO?TIBBO

?PR?ENTREGA_CARD_CAPTURA?VERIFICADOR             -----    -----      -----    -----      0002H    0001H
  +--> ?CO?VERIFICADOR
  +--> ?PR?_DEBUG_TXT_TIBBO?TIBBO
  +--> ?PR?SEL_SENSOR2?IO_SENSORES
  +--> ?PR?VALIDASENSOR?IO_SENSORES
  +--> ?PR?VALIDA_SENSOR1_AUTO?IO_SENSORES
BL51 BANKED LINKER/LOCATER V6.22.2.0                                                  06/11/2021  16:40:25  PAGE 17



?PR?VALIDA_SENSOR1_AUTO?IO_SENSORES              -----    -----      -----    -----      0012H    0001H
  +--> ?PR?SEL_SENSOR1?IO_SENSORES
  +--> ?PR?SEL_AUTO?IO_SENSORES
  +--> ?CO?IO_SENSORES
  +--> ?PR?_DEBUG_TXT_TIBBO?TIBBO
  +--> ?PR?BOTTON?IO_SENSORES

?PR?BOTTON?IO_SENSORES                           -----    -----      -----    -----      -----    -----
  +--> ?PR?SEL_PULSA?IO_SENSORES
  +--> ?CO?IO_SENSORES
  +--> ?PR?_DEBUG_TXT_TIBBO?TIBBO

?PR?_SEND_PTO_PARALELO?VERIFICADOR               -----    -----      -----    -----      0002H    0007H
  +--> ?PR?_ARMAR_TRAMA_PTO_PARALELO_EXPEDID...
  +--> ?PR?_ARMAR_TRAMA_PTO_PARALELO_EXPEDID...
  +--> ?PR?INCREMENTE_TICKET?EEPROM
  +--> ?PR?_SEND_PORT?PTO_PARALELO
  +--> ?CO?VERIFICADOR
  +--> ?PR?_DEBUG_TXT_TIBBO?TIBBO
  +--> ?PR?_DEBUGBUFFERMF?TIBBO
  +--> ?PR?CLEAR_PLACA?MONITOR

?PR?_ARMAR_TRAMA_PTO_PARALELO_EXPEDID...         -----    -----      -----    -----      0009H    0006H
  +--> ?PR?_BCD_HEX?CLOCK
  +--> ?PR?_RD_EEPROM?EEPROM

?PR?_ARMAR_TRAMA_PTO_PARALELO_EXPEDID...         -----    -----      -----    -----      0009H    0012H
  +--> ?PR?LEE_NO_TICKET?EEPROM
  +--> ?PR?_STRCAT?STRCAT
  +--> ?PR?_STRLEN?STRLEN
  +--> ?PR?_BCD_HEX?CLOCK
  +--> ?PR?_RD_EEPROM?EEPROM

?PR?INCREMENTE_TICKET?EEPROM                     -----    -----      -----    -----      0009H    000BH
  +--> ?PR?READ_EEPROM_TICKET?EEPROM
  +--> ?CO?EEPROM
  +--> ?PR?PRINTF?PRINTF
  +--> ?PR?_WRITE_EEPROM_TICKET?EEPROM

?PR?_WRITE_EEPROM_TICKET?EEPROM                  -----    -----      -----    -----      0016H    000BH
  +--> ?CO?EEPROM
  +--> ?PR?_DEBUG_TXT_TIBBO?TIBBO
  +--> ?PR?_ATOL?ATOL
  +--> ?PR?_DEBUG_CHR_TIBBO?TIBBO
  +--> ?PR?_WR_EEPROM?EEPROM

?PR?_ATOL?ATOL                                   0020H.0  0000H.1    -----    -----      0021H    0007H
  +--> ?PR?_ISSPACE?ISSPACE
  +--> ?PR?_ISDIGIT?ISDIGIT

?PR?_SEND_PORT?PTO_PARALELO                      -----    -----      -----    -----      0016H    000AH
  +--> ?PR?PULSO_BUS?PTO_PARALELO
  +--> ?PR?_DELAY_20US?DELAY

?PR?PULSO_BUS?PTO_PARALELO                       -----    -----      -----    -----      -----    -----
  +--> ?PR?_DELAY_20US?DELAY
BL51 BANKED LINKER/LOCATER V6.22.2.0                                                  06/11/2021  16:40:25  PAGE 18



?PR?_WAIT_PLACA?VERIFICADOR                      -----    -----      -----    -----      0002H    0007H
  +--> ?CO?VERIFICADOR
  +--> ?PR?_DEBUG_TXT_TIBBO?TIBBO
  +--> ?PR?RX_MONITOR?MONITOR
  +--> ?PR?_RESPUESTA_PLACA_CANCEL?VERIFICADOR

?PR?_RESPUESTA_PLACA_CANCEL?VERIFICADOR          -----    -----      -----    -----      0009H    000AH
  +--> ?CO?VERIFICADOR
  +--> ?PR?_DEBUG_TXT_TIBBO?TIBBO
  +--> ?PR?_ARMAR_TRAMA_TARJETA_SECTOR1_BLOQ...

?PR?_ARMAR_TRAMA_TARJETA_SECTOR1_BLOQ...         -----    -----      -----    -----      0013H    0004H
  +--> ?PR?CLEAR_PLACA?MONITOR
  +--> ?PR?_RD_EEPROM?EEPROM

?PR?UNIQUE_IDENTIFIER_UID?LINTECH                -----    -----      -----    -----      0002H    000BH
  +--> ?CO?LINTECH
  +--> ?PR?_DEBUG_TXT_TIBBO?TIBBO
  +--> ?PR?_DEBUGBUFFERMF?TIBBO
  +--> ?PR?_ESCRIBIRCADENASOFT_BUFFER?MAIN

?PR?_PREGUNTA_LPR?VERIFICADOR                    -----    -----      -----    -----      0002H    0003H
  +--> ?CO?VERIFICADOR
  +--> ?PR?_DEBUG_TXT_TIBBO?TIBBO
  +--> ?PR?_HORA_ENTRADA_VEHICULO?CLOCK
  +--> ?PR?_RD_EEPROM?EEPROM
  +--> ?PR?_ARMAR_TRAMA_MONITOR?VERIFICADOR

?PR?_HORA_ENTRADA_VEHICULO?CLOCK                 -----    -----      -----    -----      0005H    0003H
  +--> ?PR?_LEE_CLK?CLOCK

?PR?_ARMAR_TRAMA_MONITOR?VERIFICADOR             -----    -----      -----    -----      0005H    000FH
  +--> ?PR?DIR_BOARD_MONITOR?IO_SENSORES
  +--> ?PR?LEE_NO_TICKET?EEPROM
  +--> ?PR?_STRCAT?STRCAT
  +--> ?PR?_BYTEHEX_DECIMAL?CLOCK
  +--> ?PR?_STRLEN?STRLEN
  +--> ?PR?_TWO_BYTEHEX_DECIMAL?CLOCK

?PR?DIR_BOARD_MONITOR?IO_SENSORES                -----    -----      -----    -----      -----    -----
  +--> ?PR?_RD_EEPROM?EEPROM

?PR?_BYTEHEX_DECIMAL?CLOCK                       -----    -----      -----    -----      0014H    0001H

?PR?_TWO_BYTEHEX_DECIMAL?CLOCK                   -----    -----      -----    -----      0014H    000CH
  +--> ?PR?_POW?POW

?PR?_POW?POW                                     -----    -----      -----    -----      0020H    000AH
  +--> ?PR?LOG?LOG
  +--> ?PR?EXP?EXP

?PR?LOG?LOG                                      0020H.0  0000H.1    -----    -----      002AH    0004H

?PR?PREGUNTA_PLACA?VERIFICADOR                   -----    -----      -----    -----      0002H    0001H
  +--> ?CO?VERIFICADOR
  +--> ?PR?_DEBUG_TXT_TIBBO?TIBBO
BL51 BANKED LINKER/LOCATER V6.22.2.0                                                  06/11/2021  16:40:25  PAGE 19


  +--> ?PR?_RD_EEPROM?EEPROM

?PR?_VALIDA_TIPO_TARJETA?VERIFICADOR             -----    -----      -----    -----      0002H    0007H
  +--> ?CO?VERIFICADOR
  +--> ?PR?_DEBUG_TXT_TIBBO?TIBBO
  +--> ?PR?_RD_EEPROM?EEPROM
  +--> ?PR?_TARJETA_MENSUAL?VERIFICADOR
  +--> ?PR?_SEND_PORTERR?PTO_PARALELO
  +--> ?PR?_PANTALLALCD?PANTALLAS
  +--> ?PR?CAPTURA_EXPULSA?VERIFICADOR
  +--> ?PR?_TARJETA_ROTACION?VERIFICADOR

?PR?_TARJETA_MENSUAL?VERIFICADOR                 -----    -----      -----    -----      0009H    0007H
  +--> ?PR?_HORARIOS?VERIFICADOR
  +--> ?PR?_CHECK_FECHAOUT?CLOCK
  +--> ?PR?_VALIDA_VEHICULO_CARD_MENSUAL?VER...
  +--> ?PR?CAPTURA_EXPULSA?VERIFICADOR
  +--> ?CO?VERIFICADOR
  +--> ?PR?_DEBUG_TXT_TIBBO?TIBBO
  +--> ?PR?_ARMAR_TRAMA_TARJETA_SECTOR1_BLOQ...
  +--> ?PR?_SEND_PORTERR?PTO_PARALELO
  +--> ?PR?_PANTALLALCD?PANTALLAS

?PR?_HORARIOS?VERIFICADOR                        -----    -----      -----    -----      0010H    0013H
  +--> ?PR?ADDR_HORARIOS?PROG
  +--> ?PR?_RD_EEPROM?EEPROM
  +--> ?PR?_LEE_CLK?CLOCK
  +--> ?CO?VERIFICADOR
  +--> ?PR?_DEBUG_TXT_TIBBO?TIBBO
  +--> ?PR?_DEBUG_CHR_TIBBO?TIBBO
  +--> ?PR?_BLOQUE_HORARIO?VERIFICADOR
  +--> ?PR?_PANTALLALCD?PANTALLAS

?PR?_BLOQUE_HORARIO?VERIFICADOR                  -----    -----      -----    -----      0023H    0007H
  +--> ?CO?VERIFICADOR
  +--> ?PR?_DEBUG_TXT_TIBBO?TIBBO
  +--> ?PR?_LEE_CLK?CLOCK
  +--> ?PR?_DEBUG_CHR_TIBBO?TIBBO
  +--> ?PR?_HORA_MAXIMA?VERIFICADOR
  +--> ?PR?_EN_HORARIO?VERIFICADOR
  +--> ?PR?_RD_EEPROM?EEPROM
  +--> ?PR?_SEND_PORTERR?PTO_PARALELO
  +--> ?PR?_PANTALLALCD?PANTALLAS

?PR?_HORA_MAXIMA?VERIFICADOR                     -----    -----      -----    -----      002FH    0008H
  +--> ?PR?_RD_EEPROM?EEPROM
  +--> ?PR?_DEBUG_CHR_TIBBO?TIBBO
  +--> ?CO?VERIFICADOR
  +--> ?PR?_DEBUG_TXT_TIBBO?TIBBO

?PR?_EN_HORARIO?VERIFICADOR                      -----    -----      -----    -----      002AH    0005H
  +--> ?CO?VERIFICADOR
  +--> ?PR?_DEBUG_TXT_TIBBO?TIBBO
  +--> ?PR?_HORA_MAXIMA?VERIFICADOR

?PR?_SEND_PORTERR?PTO_PARALELO                   -----    -----      -----    -----      002AH    0006H
  +--> ?PR?PULSO_BUS?PTO_PARALELO
BL51 BANKED LINKER/LOCATER V6.22.2.0                                                  06/11/2021  16:40:25  PAGE 20


  +--> ?PR?_DELAY_20US?DELAY

?PR?_PANTALLALCD?PANTALLAS                       -----    -----      -----    -----      002AH    000AH
  +--> ?CO?PANTALLAS
  +--> ?PR?_LCD_TXT?PANTALLAS
  +--> ?PR?_STRLEN?STRLEN
  +--> ?PR?_TX_CHRLCD?PANTALLAS
  +--> ?PR?_RASPBERRY_DATA?PANTALLAS

?PR?_LCD_TXT?PANTALLAS                           -----    -----      -----    -----      0044H    0005H
  +--> ?PR?_TX_CHRLCD?PANTALLAS

?PR?_TX_CHRLCD?PANTALLAS                         -----    -----      -----    -----      0049H    0002H
  +--> ?PR?_PUTCHAR?MAIN

?PR?_RASPBERRY_DATA?PANTALLAS                    -----    -----      -----    -----      0044H    0006H
  +--> ?PR?_STRLEN?STRLEN
  +--> ?PR?_PUTCHAR?MAIN

?PR?_VALIDA_VEHICULO_CARD_MENSUAL?VER...         -----    -----      -----    -----      0010H    0004H
  +--> ?CO?VERIFICADOR
  +--> ?PR?_DEBUG_TXT_TIBBO?TIBBO
  +--> ?PR?_RD_EEPROM?EEPROM
  +--> ?PR?_SEND_PORTERR?PTO_PARALELO

?PR?_ARMAR_TRAMA_TARJETA_SECTOR1_BLOQ...         -----    -----      -----    -----      0010H    0006H
  +--> ?PR?_BCD_HEX?CLOCK
  +--> ?PR?DIR_BOARD?IO_SENSORES

?PR?DIR_BOARD?IO_SENSORES                        -----    -----      -----    -----      0033H    0001H
  +--> ?PR?SEL_DIR1?IO_SENSORES
  +--> ?PR?SEL_DIR2?IO_SENSORES
  +--> ?PR?_RD_EEPROM?EEPROM

?PR?_TARJETA_ROTACION?VERIFICADOR                -----    -----      -----    -----      0009H    0006H
  +--> ?PR?_ARMAR_TRAMA_TARJETA_SECTOR1_BLOQ...

?PR?POWER_OFF?LINTECH                            -----    -----      -----    -----      0002H    000BH
  +--> ?CO?LINTECH
  +--> ?PR?_DEBUG_TXT_TIBBO?TIBBO
  +--> ?PR?_DEBUGBUFFERMF?TIBBO
  +--> ?PR?_ESCRIBIRCADENASOFT_BUFFER?MAIN

?PR?CLAVE_SEGURIDAD_S2?LINTECH                   -----    -----      -----    -----      0002H    0016H
  +--> ?CO?LINTECH
  +--> ?PR?_DEBUG_TXT_TIBBO?TIBBO
  +--> ?PR?_DEBUGBUFFERMF?TIBBO
  +--> ?PR?_ESCRIBIRCADENASOFT_BUFFER?MAIN

?PR?_RESPONDE_REELECTURA_TARJETA_SECT...         -----    -----      -----    -----      0002H    000AH
  +--> ?CO?VERIFICADOR
  +--> ?PR?_DEBUG_TXT_TIBBO?TIBBO
  +--> ?PR?_DEBUGBUFFERMF?TIBBO
  +--> ?PR?_ARMAR_TRAMA_TARJETA_SECTOR1_BLOQ...

?PR?_ARMAR_TRAMA_TARJETA_SECTOR1_BLOQ...         -----    -----      -----    -----      000CH    0003H
  +--> ?PR?LEE_NO_TICKET?EEPROM
BL51 BANKED LINKER/LOCATER V6.22.2.0                                                  06/11/2021  16:40:25  PAGE 21



?PR?RESPONDE_ESTADO_SENSORES_TRANSPOR...         -----    -----      -----    -----      0002H    0001H
  +--> ?CO?VERIFICADOR
  +--> ?PR?_DEBUG_TXT_TIBBO?TIBBO
  +--> ?PR?_SEND_PORTERR?PTO_PARALELO
  +--> ?PR?INGRESO_VEHICULO?VERIFICADOR

?PR?INGRESO_VEHICULO?VERIFICADOR                 -----    -----      -----    -----      -----    -----
  +--> ?PR?VALIDASENSORESPASO?IO_SENSORES
  +--> ?PR?_RD_EEPROM?EEPROM
  +--> ?CO?VERIFICADOR
  +--> ?PR?_DEBUG_TXT_TIBBO?TIBBO
  +--> ?PR?_PANTALLALCD?PANTALLAS
  +--> ?PR?BOTTON?IO_SENSORES

?PR?VALIDASENSORESPASO?IO_SENSORES               -----    -----      -----    -----      0011H    0001H
  +--> ?PR?SEL_SENSOR2?IO_SENSORES
  +--> ?PR?VALIDASENSOR?IO_SENSORES
  +--> ?PR?VALIDA_SENSOR1_AUTO?IO_SENSORES
  +--> ?CO?IO_SENSORES
  +--> ?PR?_DEBUG_TXT_TIBBO?TIBBO

?PR?RESPONDE_TIPO_TARJETA?VERIFICADOR            -----    -----      -----    -----      0002H    0001H
  +--> ?CO?VERIFICADOR
  +--> ?PR?_DEBUG_TXT_TIBBO?TIBBO
  +--> ?PR?_SEND_PORTERR?PTO_PARALELO
  +--> ?PR?_PANTALLALCD?PANTALLAS
  +--> ?PR?CAPTURA_EXPULSA?VERIFICADOR

?PR?_RESPONDE_LECTURA_TARJETA_SECTOR1...         -----    -----      -----    -----      0002H    0016H
  +--> ?CO?VERIFICADOR
  +--> ?PR?_DEBUG_TXT_TIBBO?TIBBO
  +--> ?PR?_DEBUGBUFFERMF?TIBBO
  +--> ?PR?_RD_EEPROM?EEPROM
  +--> ?PR?_DEBUG_HEXDEC?TIBBO
  +--> ?PR?_DEBUG_CHR_TIBBO?TIBBO
  +--> ?PR?_SEND_PORTERR?PTO_PARALELO
  +--> ?PR?_PANTALLALCD?PANTALLAS
  +--> ?PR?CAPTURA_EXPULSA?VERIFICADOR

?PR?_DEBUG_HEXDEC?TIBBO                          -----    -----      -----    -----      0018H    0002H
  +--> ?PR?_TX_AUX?TIBBO

?PR?_RESPONDE_LECTURA_TARJETA_SECTOR1...         -----    -----      -----    -----      0002H    0004H
  +--> ?CO?VERIFICADOR
  +--> ?PR?_DEBUG_TXT_TIBBO?TIBBO
  +--> ?PR?CAPTURA_EXPULSA?VERIFICADOR

?PR?_RESPONDE_LECTURA_TARJETA_SECTOR1...         -----    -----      -----    -----      0002H    0015H
  +--> ?CO?VERIFICADOR
  +--> ?PR?_DEBUG_TXT_TIBBO?TIBBO
  +--> ?PR?_DEBUGBUFFERMF?TIBBO
  +--> ?PR?_DEBUG_CHR_TIBBO?TIBBO
  +--> ?PR?CAPTURA_EXPULSA?VERIFICADOR

?PR?_RESPONDE_WRITE_TARJETA_SECTOR1_B...         -----    -----      -----    -----      0002H    0007H
  +--> ?CO?VERIFICADOR
BL51 BANKED LINKER/LOCATER V6.22.2.0                                                  06/11/2021  16:40:25  PAGE 22


  +--> ?PR?_DEBUG_TXT_TIBBO?TIBBO
  +--> ?PR?_DEBUGBUFFERMF?TIBBO

?PR?_RESPONDE_WRITE_TARJETA_SECTOR2_B...         -----    -----      -----    -----      0002H    0003H
  +--> ?CO?VERIFICADOR
  +--> ?PR?_DEBUG_TXT_TIBBO?TIBBO
  +--> ?PR?_DEBUGBUFFERMF?TIBBO

?PR?_RESPONDE_WRITE_TARJETA_SECTOR1_B...         -----    -----      -----    -----      0002H    0003H
  +--> ?CO?VERIFICADOR
  +--> ?PR?_DEBUG_TXT_TIBBO?TIBBO
  +--> ?PR?_DEBUGBUFFERMF?TIBBO

?PR?_RESPONDE_WRITE_TARJETA_SECTOR1_B...         -----    -----      -----    -----      0002H    0003H
  +--> ?CO?VERIFICADOR
  +--> ?PR?_DEBUG_TXT_TIBBO?TIBBO
  +--> ?PR?_DEBUGBUFFERMF?TIBBO

?PR?_DISPARO_LOCK_ENTRADA_VEHICULO?VE...         -----    -----      -----    -----      0002H    0004H
  +--> ?CO?VERIFICADOR
  +--> ?PR?_DEBUG_TXT_TIBBO?TIBBO
  +--> ?PR?_SEND_PORTERR?PTO_PARALELO
  +--> ?PR?_PANTALLALCD_LINEA_2?PANTALLAS
  +--> ?PR?VALIDA_SENSOR1_AUTO?IO_SENSORES
  +--> ?PR?_PANTALLALCD?PANTALLAS

?PR?_PANTALLALCD_LINEA_2?PANTALLAS               -----    -----      -----    -----      0011H    0033H
  +--> ?CO?PANTALLAS
  +--> ?PR?_LCD_TXT?PANTALLAS
  +--> ?PR?_STRLEN?STRLEN
  +--> ?PR?_TX_CHRLCD?PANTALLAS
  +--> ?PR?_RASPBERRY_DATA?PANTALLAS
  +--> ?PR?LEE_NO_TICKET?EEPROM
  +--> ?PR?_STRCAT?STRCAT

?PR?_RESPUESTA_SEGUNDA_CLAVE?VERIFICADOR         -----    -----      -----    -----      0002H    0006H
  +--> ?CO?VERIFICADOR
  +--> ?PR?_DEBUG_TXT_TIBBO?TIBBO
  +--> ?PR?_DEBUGBUFFERMF?TIBBO
  +--> ?PR?_ARMAR_TRAMA_PLACA?VERIFICADOR

?PR?_ARMAR_TRAMA_PLACA?VERIFICADOR               -----    -----      -----    -----      0008H    0003H
  +--> ?PR?_STRLEN?STRLEN

?PR?ANALIZA_PRESENCIA_MENSUAL?VERIFIC...         -----    -----      -----    -----      0002H    0001H
  +--> ?PR?VALIDASENSORESPASO?IO_SENSORES
  +--> ?PR?_SEND_PORTERR?PTO_PARALELO
  +--> ?PR?_PANTALLALCD?PANTALLAS

?PR?_ANALIZA_UID_CARD?VERIFICADOR                -----    -----      -----    -----      0002H    0015H
  +--> ?CO?VERIFICADOR
  +--> ?PR?_DEBUG_TXT_TIBBO?TIBBO
  +--> ?PR?_DEBUGBUFFERMF?TIBBO
  +--> ?PR?_DEBUG_CHR_TIBBO?TIBBO

?PR?ANALIZA_PRESENCIA_ROTACION?VERIFI...         -----    -----      -----    -----      0002H    0001H
  +--> ?PR?VALIDASENSORESPASO?IO_SENSORES
BL51 BANKED LINKER/LOCATER V6.22.2.0                                                  06/11/2021  16:40:25  PAGE 23


  +--> ?PR?_SEND_PORTERR?PTO_PARALELO
  +--> ?PR?_PANTALLALCD?PANTALLAS

?PR?_RECIBE_PORT?PTO_PARALELO                    -----    -----      -----    -----      0001H    0008H
  +--> ?PR?OFF_TIMER0_INTERRUP?MAIN
  +--> ?PR?ON_TIMER0_INTERRUP?MAIN

?PR?_DEBUG_PTO_PARALELO?TIBBO                    -----    -----      -----    -----      0001H    0004H
  +--> ?CO?TIBBO
  +--> ?PR?_DEBUG_TXT_TIBBO?TIBBO
  +--> ?PR?_DEBUGBUFFERMF?TIBBO
  +--> ?PR?DEBUG_DIVIDIR_TEXTO?TIBBO

?PR?_VALIDA_TRAMA_PTO?ACCESCAN                   -----    -----      -----    -----      0001H    0010H
  +--> ?CO?ACCESCAN
  +--> ?PR?_DEBUG_TXT_TIBBO?TIBBO
  +--> ?PR?_DEBUG_CHR_TIBBO?TIBBO
  +--> ?PR?_VALIDAR_CLK?CLOCK
  +--> ?PR?_BLOCK_WRITE_CLOCK_ASCII?CLOCK
  +--> ?PR?RELOJ_PANTALLA_LCD?PANTALLAS
  +--> ?PR?_SEND_PORT?PTO_PARALELO
  +--> ?PR?_PANTALLALCD?PANTALLAS
  +--> ?PR?FORMATO_EEPROM?EEPROM
  +--> ?PR?_BYTEHEX_DECIMAL?CLOCK
  +--> ?PR?_TWO_BYTEHEX_DECIMAL?CLOCK
  +--> ?PR?VALIDASENSORESPASO?IO_SENSORES
  +--> ?PR?_CMD_LPR_SALIDA_WIEGAND?ACCESCAN
  +--> ?PR?_PANTALLALCD_LINEA_2?PANTALLAS
  +--> ?PR?_GRABA_SERIE?EEPROM

?PR?_BLOCK_WRITE_CLOCK_ASCII?CLOCK               -----    -----      -----    -----      0011H    0003H
  +--> ?CO?CLOCK
  +--> ?PR?_DEBUG_TXT_TIBBO?TIBBO
  +--> ?PR?_TWO_ONE?CLOCK
  +--> ?PR?_WR_CLK?CLOCK

?PR?_WR_CLK?CLOCK                                -----    -----      -----    -----      0014H    0002H
  +--> ?PR?_DELAY_20US?DELAY
  +--> ?PR?_EB_CLK?CLOCK

?PR?RELOJ_PANTALLA_LCD?PANTALLAS                 -----    -----      -----    -----      0011H    000DH
  +--> ?CO?PANTALLAS
  +--> ?PR?_BLOCK_READ_CLOCK?CLOCK
  +--> ?PR?_LCD_TXT_NUM_CHAR?PANTALLAS
  +--> ?PR?_BLOCK_READ_CLOCK_ASCII_RASBERRY?...
  +--> ?PR?_STRCAT?STRCAT
  +--> ?PR?_RASPBERRY_DATA?PANTALLAS

?PR?_BLOCK_READ_CLOCK?CLOCK                      -----    -----      -----    -----      001EH    0003H
  +--> ?PR?_LEE_CLK?CLOCK

?PR?_LCD_TXT_NUM_CHAR?PANTALLAS                  -----    -----      -----    -----      001EH    0006H
  +--> ?PR?_TX_CHRLCD?PANTALLAS

?PR?_BLOCK_READ_CLOCK_ASCII_RASBERRY?...         -----    -----      -----    -----      001EH    0003H
  +--> ?PR?_LEE_CLK?CLOCK

BL51 BANKED LINKER/LOCATER V6.22.2.0                                                  06/11/2021  16:40:25  PAGE 24


?PR?FORMATO_EEPROM?EEPROM                        -----    -----      -----    -----      0011H    0003H
  +--> ?PR?_WR_EEPROM?EEPROM

?PR?_CMD_LPR_SALIDA_WIEGAND?ACCESCAN             -----    -----      -----    -----      0011H    0022H
  +--> ?PR?DIR_BOARD?IO_SENSORES
  +--> ?PR?_BLOCK_READ_CLOCK_ASCII?CLOCK
  +--> ?PR?_MONITOR_CHR?ACCESCAN

?PR?_MONITOR_CHR?ACCESCAN                        -----    -----      -----    -----      0033H    0005H
  +--> ?PR?_TX_AUX?TIBBO

?PR?_GRABA_SERIE?EEPROM                          -----    -----      -----    -----      0011H    0005H
  +--> ?CO?EEPROM
  +--> ?PR?_DEBUG_TXT_TIBBO?TIBBO
  +--> ?PR?_WRITE_EEPROM_TICKET?EEPROM
  +--> ?PR?_WR_EEPROM?EEPROM

?PR?MSJ_LCD_INFORMATIVO?IO_SENSORES              -----    -----      -----    -----      0001H    0001H
  +--> ?PR?SEL_FUNCION?IO_SENSORES
  +--> ?PR?VALIDASENSOR_CERO?IO_SENSORES
  +--> ?CO?IO_SENSORES
  +--> ?PR?_DEBUG_TXT_TIBBO?TIBBO
  +--> ?PR?_DEBUG_CHR_TIBBO?TIBBO
  +--> ?PR?LOAD_AND_SEND_INFO_RELOJ?PTO_PARA...
  +--> ?PR?VALIDASENSOR?IO_SENSORES
  +--> ?PR?_DELAY_10MS?DELAY
  +--> ?PR?LOAD_AND_SEND_ID_COD?PTO_PARALELO

?PR?LOAD_AND_SEND_INFO_RELOJ?PTO_PARA...         -----    -----      -----    -----      0002H    000BH
  +--> ?PR?_BLOCK_READ_CLOCK?CLOCK
  +--> ?PR?_LEE_CLK?CLOCK
  +--> ?CO?PTO_PARALELO
  +--> ?PR?_DEBUG_TXT_TIBBO?TIBBO
  +--> ?PR?_DEBUGBUFFERMF?TIBBO
  +--> ?PR?DEBUG_DIVIDIR_TEXTO?TIBBO
  +--> ?PR?_SEND_PORT?PTO_PARALELO

?PR?LOAD_AND_SEND_ID_COD?PTO_PARALELO            -----    -----      -----    -----      0002H    0014H
  +--> ?PR?_RD_EEPROM?EEPROM
  +--> ?CO?PTO_PARALELO
  +--> ?PR?PRINTF?PRINTF
  +--> ?PR?_STRCAT?STRCAT
  +--> ?PR?_STRLEN?STRLEN
  +--> ?PR?_DEBUG_TXT_TIBBO?TIBBO
  +--> ?PR?_DEBUGBUFFERMF?TIBBO
  +--> ?PR?DEBUG_DIVIDIR_TEXTO?TIBBO
  +--> ?PR?_SEND_PORT?PTO_PARALELO



SYMBOL TABLE OF MODULE:  .\Objects\expedidor_v_01_raspberry (MAIN)

  VALUE           TYPE          NAME
  ----------------------------------

  -------         MODULE        MAIN
  C:0000H         SYMBOL        _ICE_DUMMY_
BL51 BANKED LINKER/LOCATER V6.22.2.0                                                  06/11/2021  16:40:25  PAGE 25


  D:0080H         PUBLIC        P0
  D:0090H         PUBLIC        P1
  C:BE71H         PUBLIC        timer0_int
  D:00B0H         PUBLIC        P3
  B:00A8H.7       PUBLIC        EA
  C:C2B2H         PUBLIC        off_Timer0_Interrup
  X:0171H         PUBLIC        ValTimeOutCom
  X:0172H         PUBLIC        Buffer_Rta_Lintech
  X:01A4H         PUBLIC        Timer_wait
  B:0021H.1       PUBLIC        pto_paraleo
  X:01A5H         PUBLIC        g_cContByteRx
  B:0080H.0       PUBLIC        rx_ip
  C:AD58H         PUBLIC        main
  X:01A6H         PUBLIC        Timer_tivo
  B:0080H.3       PUBLIC        Atascado_GP0_PIN_3
  C:B4C1H         PUBLIC        variable_inicio
  B:0090H.7       PUBLIC        lock
  I:0023H         PUBLIC        rbuf
  C:C2A8H         PUBLIC        on_Timer0_Interrup
  I:0055H         PUBLIC        tbuf
  B:0090H.1       PUBLIC        DataIn
  D:0089H         PUBLIC        TMOD
  X:01A8H         PUBLIC        USE_LPR
  X:01A9H         PUBLIC        Debug_Tibbo
  X:01AAH         PUBLIC        Raspberry
  X:01ABH         PUBLIC        SIN_COBRO
  X:01ADH         PUBLIC        Tipo_Vehiculo
  B:00B0H.3       PUBLIC        busy
  C:C209H         PUBLIC        ini_timer
  B:00A8H.1       PUBLIC        ET0
  B:0088H.5       PUBLIC        TF0
  D:008CH         PUBLIC        TH0
  X:01AEH         PUBLIC        ACK
  X:01AFH         PUBLIC        g_cEstadoComSoft
  D:008AH         PUBLIC        TL0
  B:0088H.4       PUBLIC        TR0
  C:C219H         PUBLIC        inicia_board
  X:01B0H         PUBLIC        T_GRACIA
  B:0080H.7       PUBLIC        sel_com
  X:01B2H         PUBLIC        STX_LINTECH
  C:C238H         PUBLIC        _getkey
  X:01B3H         PUBLIC        ETX
  C:B75DH         PUBLIC        _EscribirCadenaSoft_buffer
  B:0021H.2       PUBLIC        buffer_ready
  C:BA39H         PUBLIC        _putchar
  B:0021H.3       PUBLIC        placa_ready
  -------         PROC          TIMER0_INT
  C:BE71H         LINE#         16
  C:BE77H         LINE#         19
  C:BE7DH         LINE#         20
  C:BE82H         LINE#         21
  C:BE82H         LINE#         22
  C:BE88H         LINE#         23
  C:BE88H         LINE#         25
  C:BE96H         LINE#         26
  C:BE98H         LINE#         28
  -------         ENDPROC       TIMER0_INT
BL51 BANKED LINKER/LOCATER V6.22.2.0                                                  06/11/2021  16:40:25  PAGE 26


  -------         PROC          INI_TIMER
  C:C209H         LINE#         31
  C:C209H         LINE#         32
  C:C209H         LINE#         34
  C:C211H         LINE#         36
  C:C214H         LINE#         37
  C:C216H         LINE#         38
  C:C218H         LINE#         40
  -------         ENDPROC       INI_TIMER
  -------         PROC          ON_TIMER0_INTERRUP
  C:C2A8H         LINE#         43
  C:C2A8H         LINE#         44
  C:C2A8H         LINE#         45
  C:C2AAH         LINE#         46
  C:C2ACH         LINE#         48
  -------         ENDPROC       ON_TIMER0_INTERRUP
  -------         PROC          OFF_TIMER0_INTERRUP
  C:C2B2H         LINE#         51
  C:C2B2H         LINE#         52
  C:C2B2H         LINE#         53
  C:C2B4H         LINE#         55
  -------         ENDPROC       OFF_TIMER0_INTERRUP
  -------         PROC          _GETKEY
  -------         DO            
  D:0006H         SYMBOL        k
  -------         ENDDO         
  C:C238H         LINE#         63
  C:C238H         LINE#         64
  C:C238H         LINE#         68
  C:C238H         LINE#         69
  C:C23BH         LINE#         70
  C:C23BH         LINE#         71
  C:C243H         LINE#         73
  C:C243H         LINE#         74
  -------         ENDPROC       _GETKEY
  -------         PROC          _PUTCHAR
  X:00A7H         SYMBOL        c
  -------         DO            
  X:00A8H         SYMBOL        i
  -------         ENDDO         
  C:BA39H         LINE#         78
  C:BA3EH         LINE#         79
  C:BA3EH         LINE#         82
  C:BA4DH         LINE#         83
  C:BA4DH         LINE#         84
  C:BA63H         LINE#         85
  C:BA63H         LINE#         87
  C:BA71H         LINE#         88
  C:BA71H         LINE#         90
  C:BA76H         LINE#         91
  -------         ENDPROC       _PUTCHAR
  -------         PROC          _ESCRIBIRCADENASOFT_BUFFER
  X:0027H         SYMBOL        buffer
  X:002AH         SYMBOL        tamano_cadena
  -------         DO            
  X:002BH         SYMBOL        i
  X:002CH         SYMBOL        d
BL51 BANKED LINKER/LOCATER V6.22.2.0                                                  06/11/2021  16:40:25  PAGE 27


  -------         ENDDO         
  C:B75DH         LINE#         95
  C:B76BH         LINE#         96
  C:B76BH         LINE#         98
  C:B779H         LINE#         99
  C:B779H         LINE#         100
  C:B790H         LINE#         101
  C:B79AH         LINE#         102
  C:B7A2H         LINE#         103
  -------         ENDPROC       _ESCRIBIRCADENASOFT_BUFFER
  -------         PROC          INICIA_BOARD
  C:C219H         LINE#         108
  C:C219H         LINE#         109
  C:C219H         LINE#         110
  C:C21CH         LINE#         111
  C:C21FH         LINE#         112
  C:C222H         LINE#         113
  C:C224H         LINE#         114
  C:C226H         LINE#         115
  C:C228H         LINE#         117
  -------         ENDPROC       INICIA_BOARD
  -------         PROC          VARIABLE_INICIO
  C:B4C1H         LINE#         122
  C:B4C1H         LINE#         123
  C:B4C1H         LINE#         126
  C:B4D2H         LINE#         127
  C:B4E3H         LINE#         128
  C:B4F1H         LINE#         129
  C:B4FFH         LINE#         130
  C:B50DH         LINE#         133
  -------         ENDPROC       VARIABLE_INICIO
  -------         PROC          MAIN
  -------         DO            
  X:0148H         SYMBOL        buffer
  X:0170H         SYMBOL        Estado_Comunicacion_Secuencia_MF
  X:0000H         SYMBOL        Length_trama
  -------         ENDDO         
  C:AD58H         LINE#         141
  C:AD58H         LINE#         142
  C:AD58H         LINE#         149
  C:AD5BH         LINE#         150
  C:AD5EH         LINE#         151
  C:AD61H         LINE#         152
  C:AD64H         LINE#         153
  C:AD67H         LINE#         154
  C:AD69H         LINE#         156
  C:AD6CH         LINE#         157
  C:AD73H         LINE#         158
  C:AD76H         LINE#         160
  C:AD7BH         LINE#         162
  C:AD7EH         LINE#         164
  C:AD81H         LINE#         165
  C:AD81H         LINE#         166
  C:AD84H         LINE#         167
  C:AD84H         LINE#         170
  C:AD87H         LINE#         171
  C:AD8DH         LINE#         172
BL51 BANKED LINKER/LOCATER V6.22.2.0                                                  06/11/2021  16:40:25  PAGE 28


  C:AD93H         LINE#         174
  C:AD93H         LINE#         175
  C:AD93H         LINE#         178
  C:AD96H         LINE#         179
  C:AD96H         LINE#         180
  C:AD99H         LINE#         181
  C:AD99H         LINE#         185
  C:ADA6H         LINE#         190
  C:ADACH         LINE#         191
  C:ADACH         LINE#         193
  C:ADBBH         LINE#         196
  C:ADC4H         LINE#         197
  C:ADD2H         LINE#         202
  C:ADD2H         LINE#         203
  C:ADD5H         LINE#         206
  -------         ENDPROC       MAIN
  -------         ENDMOD        MAIN

  -------         MODULE        ACCESCAN
  C:0000H         SYMBOL        _ICE_DUMMY_
  D:0080H         PUBLIC        P0
  D:0090H         PUBLIC        P1
  D:00B0H         PUBLIC        P3
  B:0080H.2       PUBLIC        led_err_imp
  C:B8F8H         PUBLIC        _Monitor_chr
  B:0080H.3       PUBLIC        Atascado_GP0_PIN_3
  B:0090H.7       PUBLIC        lock
  C:35C6H         PUBLIC        _Valida_Trama_Pto
  C:8B52H         PUBLIC        _Cmd_LPR_Salida_wiegand
  -------         PROC          _VALIDA_TRAMA_PTO
  X:0001H         SYMBOL        buffer
  X:0004H         SYMBOL        length_trama
  -------         DO            
  X:0218H         SYMBOL        cont
  X:0005H         SYMBOL        bcc
  D:0004H         SYMBOL        j
  X:0006H         SYMBOL        buff
  -------         ENDDO         
  C:35C6H         LINE#         113
  C:35D4H         LINE#         114
  C:35D4H         LINE#         117
  C:35D7H         LINE#         123
  C:361AH         LINE#         124
  C:361AH         LINE#         125
  C:3623H         LINE#         126
  C:3638H         LINE#         127
  C:3641H         LINE#         128
  C:364EH         LINE#         129
  C:364EH         LINE#         130
  C:366AH         LINE#         131
  C:366DH         LINE#         133
  C:3676H         LINE#         134
  C:367EH         LINE#         135
  C:3687H         LINE#         136
  C:36A0H         LINE#         137
  C:36A0H         LINE#         139
  C:36B0H         LINE#         140
BL51 BANKED LINKER/LOCATER V6.22.2.0                                                  06/11/2021  16:40:25  PAGE 29


  C:36B0H         LINE#         141
  C:36C3H         LINE#         143
  C:36C6H         LINE#         145
  C:36C6H         LINE#         148
  C:36C6H         LINE#         150
  C:36C6H         LINE#         152
  C:36CCH         LINE#         153
  C:36D0H         LINE#         154
  C:36D4H         LINE#         155
  C:36D7H         LINE#         156
  C:36E2H         LINE#         158
  C:36EBH         LINE#         159
  C:36F3H         LINE#         160
  C:36FBH         LINE#         161
  C:3703H         LINE#         162
  C:370CH         LINE#         163
  C:370CH         LINE#         166
  C:370CH         LINE#         169
  C:371EH         LINE#         170
  C:371EH         LINE#         171
  C:3720H         LINE#         172
  C:3723H         LINE#         174
  C:3735H         LINE#         175
  C:3735H         LINE#         176
  C:3737H         LINE#         177
  C:373AH         LINE#         179
  C:374CH         LINE#         180
  C:374CH         LINE#         181
  C:374EH         LINE#         182
  C:3751H         LINE#         184
  C:376BH         LINE#         185
  C:376BH         LINE#         186
  C:376DH         LINE#         187
  C:3770H         LINE#         189
  C:378AH         LINE#         190
  C:378AH         LINE#         191
  C:378CH         LINE#         192
  C:378FH         LINE#         194
  C:37A1H         LINE#         195
  C:37A1H         LINE#         196
  C:37A7H         LINE#         197
  C:37B4H         LINE#         198
  C:37B4H         LINE#         199
  C:37B9H         LINE#         200
  C:37BBH         LINE#         201
  C:37C0H         LINE#         202
  C:37C2H         LINE#         203
  C:37C4H         LINE#         204
  C:37C8H         LINE#         205
  C:37C8H         LINE#         206
  C:37C9H         LINE#         208
  C:37E1H         LINE#         209
  C:37E1H         LINE#         211
  C:37EEH         LINE#         212
  C:37EEH         LINE#         213
  C:37F0H         LINE#         214
  C:37F2H         LINE#         215
BL51 BANKED LINKER/LOCATER V6.22.2.0                                                  06/11/2021  16:40:25  PAGE 30


  C:37F4H         LINE#         216
  C:37F6H         LINE#         217
  C:37F6H         LINE#         219
  C:381CH         LINE#         220
  C:381CH         LINE#         221
  C:3820H         LINE#         222
  C:3825H         LINE#         223
  C:382EH         LINE#         224
  C:3833H         LINE#         225
  C:3833H         LINE#         228
  C:3834H         LINE#         230
  C:384EH         LINE#         231
  C:384EH         LINE#         232
  C:3850H         LINE#         233
  C:3853H         LINE#         235
  C:3883H         LINE#         236
  C:3883H         LINE#         237
  C:3886H         LINE#         238
  C:3886H         LINE#         240
  C:38A0H         LINE#         241
  C:38A0H         LINE#         242
  C:38A2H         LINE#         243
  C:38A5H         LINE#         245
  C:38BFH         LINE#         246
  C:38BFH         LINE#         247
  C:38C1H         LINE#         248
  C:38C3H         LINE#         250
  C:38DDH         LINE#         251
  C:38DDH         LINE#         252
  C:38DFH         LINE#         253
  C:38E1H         LINE#         256
  C:38FBH         LINE#         257
  C:38FBH         LINE#         258
  C:38FDH         LINE#         259
  C:38FFH         LINE#         263
  C:3919H         LINE#         264
  C:3919H         LINE#         265
  C:391BH         LINE#         266
  C:391DH         LINE#         269
  C:3937H         LINE#         270
  C:3937H         LINE#         271
  C:393CH         LINE#         272
  C:393CH         LINE#         275
  C:396DH         LINE#         276
  C:396DH         LINE#         277
  C:3975H         LINE#         278
  C:397EH         LINE#         279
  C:3981H         LINE#         282
  C:39B2H         LINE#         283
  C:39B2H         LINE#         285
  C:39BAH         LINE#         286
  C:39C3H         LINE#         287
  C:39C6H         LINE#         290
  C:3A06H         LINE#         291
  C:3A06H         LINE#         293
  C:3A1BH         LINE#         294
  C:3A21H         LINE#         295
BL51 BANKED LINKER/LOCATER V6.22.2.0                                                  06/11/2021  16:40:25  PAGE 31


  C:3A4BH         LINE#         298
  C:3A53H         LINE#         299
  C:3A53H         LINE#         302
  C:3A5AH         LINE#         303
  C:3A5AH         LINE#         304
  C:3A5FH         LINE#         305
  C:3A5FH         LINE#         306
  C:3A61H         LINE#         308
  C:3A61H         LINE#         309
  C:3A6AH         LINE#         310
  C:3A72H         LINE#         311
  C:3A72H         LINE#         315
  C:3A74H         LINE#         318
  C:3A74H         LINE#         326
  C:3A7CH         LINE#         330
  C:3A7CH         LINE#         331
  C:3A7EH         LINE#         333
  C:3AB6H         LINE#         334
  C:3AB6H         LINE#         335
  C:3ABEH         LINE#         336
  C:3ACAH         LINE#         337
  C:3ACAH         LINE#         339
  C:3AF7H         LINE#         340
  C:3AF7H         LINE#         341
  C:3B06H         LINE#         343
  C:3B06H         LINE#         345
  -------         ENDPROC       _VALIDA_TRAMA_PTO
  -------         PROC          _MONITOR_CHR
  X:0033H         SYMBOL        str
  X:0036H         SYMBOL        num_char
  -------         DO            
  X:0037H         SYMBOL        j
  -------         ENDDO         
  C:B8F8H         LINE#         500
  C:B906H         LINE#         501
  C:B906H         LINE#         503
  C:B914H         LINE#         504
[...]
  -------         PROC          _SECUENCIAEXPEDIDORMF
  X:0001H         SYMBOL        EstadoActivo
  -------         DO            
  X:010DH         SYMBOL        Buffer_Write_MF
  X:011EH         SYMBOL        Atributos_Expedidor
  X:0132H         SYMBOL        Secuencia_Expedidor
  X:0136H         SYMBOL        Nombre_Mensual
  -------         ENDDO         
  C:3B07H         LINE#         2464
  C:3B0CH         LINE#         2465
  C:3B0CH         LINE#         2471
  C:3B6FH         LINE#         2472
  C:3B6FH         LINE#         2475
  C:3B6FH         LINE#         2477
  C:3B7FH         LINE#         2478
  C:3B7FH         LINE#         2481
  C:3B81H         LINE#         2482
  C:3B83H         LINE#         2483
  C:3B88H         LINE#         2484
  C:3B90H         LINE#         2485
  C:3B95H         LINE#         2486
  C:3B98H         LINE#         2487
  C:3B98H         LINE#         2488
  C:3B9EH         LINE#         2489
  C:3B9EH         LINE#         2490
  C:3BA1H         LINE#         2491
  C:3BA1H         LINE#         2492
  C:3BA1H         LINE#         2494
BL51 BANKED LINKER/LOCATER V6.22.2.0                                                  06/11/2021  16:40:25  PAGE 134


  C:3BA4H         LINE#         2495
  C:3BA4H         LINE#         2497
  C:3BADH         LINE#         2498
  C:3BB0H         LINE#         2499
  C:3BB0H         LINE#         2500
  C:3BB5H         LINE#         2501
  C:3BD5H         LINE#         2502
  C:3BD8H         LINE#         2503
  C:3BD8H         LINE#         2504
  C:3BDDH         LINE#         2505
  C:3BE5H         LINE#         2506
  C:3BEBH         LINE#         2507
  C:3BEEH         LINE#         2508
  C:3BEEH         LINE#         2509
  C:3BF1H         LINE#         2510
  C:3BF9H         LINE#         2511
  C:3BFFH         LINE#         2512
  C:3C02H         LINE#         2513
  C:3C02H         LINE#         2514
  C:3C05H         LINE#         2515
  C:3C2AH         LINE#         2516
  C:3C30H         LINE#         2517
  C:3C32H         LINE#         2518
  C:3C35H         LINE#         2519
  C:3C35H         LINE#         2520
  C:3C40H         LINE#         2521
  C:3C48H         LINE#         2522
  C:3C4EH         LINE#         2523
  C:3C51H         LINE#         2524
  C:3C51H         LINE#         2525
  C:3C62H         LINE#         2526
  C:3C6AH         LINE#         2527
  C:3C70H         LINE#         2528
  C:3C73H         LINE#         2529
  C:3C73H         LINE#         2530
  C:3C78H         LINE#         2531
  C:3C96H         LINE#         2532
  C:3C99H         LINE#         2533
  C:3C99H         LINE#         2534
  C:3C9EH         LINE#         2535
  C:3CBEH         LINE#         2536
  C:3CC1H         LINE#         2537
  C:3CC1H         LINE#         2538
  C:3CC6H         LINE#         2539
  C:3CC8H         LINE#         2540
  C:3CE6H         LINE#         2541
  C:3CE9H         LINE#         2542
  C:3CE9H         LINE#         2543
  C:3CEEH         LINE#         2544
  C:3D0EH         LINE#         2545
  C:3D11H         LINE#         2546
  C:3D11H         LINE#         2547
  C:3D24H         LINE#         2548
  C:3D24H         LINE#         2549
  C:3D29H         LINE#         2550
  C:3D31H         LINE#         2551
  C:3D37H         LINE#         2552
BL51 BANKED LINKER/LOCATER V6.22.2.0                                                  06/11/2021  16:40:25  PAGE 135


  C:3D37H         LINE#         2553
  C:3D3AH         LINE#         2554
  C:3D3AH         LINE#         2555
  C:3D4DH         LINE#         2556
  C:3D4DH         LINE#         2557
  C:3D52H         LINE#         2558
  C:3D55H         LINE#         2559
  C:3D55H         LINE#         2560
  C:3D58H         LINE#         2561
  C:3D58H         LINE#         2562
  C:3D5BH         LINE#         2563
  C:3D7BH         LINE#         2564
  C:3D7EH         LINE#         2565
  C:3D7EH         LINE#         2566
  C:3D80H         LINE#         2567
  C:3D83H         LINE#         2568
  C:3D86H         LINE#         2569
  C:3D86H         LINE#         2570
  C:3D8FH         LINE#         2571
  C:3D92H         LINE#         2572
  C:3D92H         LINE#         2573
  C:3DA9H         LINE#         2574
  C:3DACH         LINE#         2575
  C:3DACH         LINE#         2576
  C:3DAFH         LINE#         2577
  C:3DB7H         LINE#         2578
  C:3DBDH         LINE#         2579
  C:3DC0H         LINE#         2580
  C:3DC0H         LINE#         2581
  C:3DC9H         LINE#         2582
  C:3DCCH         LINE#         2583
  C:3DCCH         LINE#         2584
  C:3DCEH         LINE#         2585
  C:3DD1H         LINE#         2586
  C:3DD4H         LINE#         2587
  C:3DD4H         LINE#         2588
  C:3DEBH         LINE#         2589
  C:3DEEH         LINE#         2590
  C:3DEEH         LINE#         2593
  C:3DF3H         LINE#         2594
  C:3DFBH         LINE#         2595
  C:3E01H         LINE#         2597
  C:3E04H         LINE#         2598
  C:3E04H         LINE#         2599
  C:3E07H         LINE#         2600
  C:3E27H         LINE#         2601
  C:3E2AH         LINE#         2602
  C:3E2AH         LINE#         2603
  C:3E2DH         LINE#         2604
  C:3E4DH         LINE#         2605
  C:3E50H         LINE#         2606
  C:3E50H         LINE#         2607
  C:3E53H         LINE#         2608
  C:3E5BH         LINE#         2609
  C:3E5EH         LINE#         2610
  C:3E60H         LINE#         2611
  C:3E60H         LINE#         2613
BL51 BANKED LINKER/LOCATER V6.22.2.0                                                  06/11/2021  16:40:25  PAGE 136


  C:3E6BH         LINE#         2614
  C:3E73H         LINE#         2615
  C:3E87H         LINE#         2616
  C:3E8AH         LINE#         2620
  C:3E8AH         LINE#         2621
  C:3E90H         LINE#         2622
  C:3E96H         LINE#         2623
  C:3E96H         LINE#         2624
  C:3E9EH         LINE#         2625
  C:3EA4H         LINE#         2627
  C:3EA7H         LINE#         2628
  C:3EAFH         LINE#         2629
  C:3EAFH         LINE#         2631
  C:3EB2H         LINE#         2632
  C:3EB5H         LINE#         2633
  C:3EBDH         LINE#         2634
  C:3EBDH         LINE#         2635
  C:3ECBH         LINE#         2636
  C:3ECBH         LINE#         2637
  C:3ED4H         LINE#         2638
  C:3ED7H         LINE#         2639
  C:3EE3H         LINE#         2640
  C:3EE3H         LINE#         2641
  C:3EECH         LINE#         2642
  C:3EEFH         LINE#         2644
  C:3EEFH         LINE#         2645
  C:3EF8H         LINE#         2646
  C:3EF8H         LINE#         2647
  C:3EFBH         LINE#         2648
  C:3F03H         LINE#         2649
  C:3F03H         LINE#         2650
  C:3F11H         LINE#         2651
  C:3F11H         LINE#         2652
  C:3F27H         LINE#         2653
  C:3F2AH         LINE#         2654
  C:3F36H         LINE#         2655
  C:3F36H         LINE#         2656
  C:3F3FH         LINE#         2657
  C:3F42H         LINE#         2658
  C:3F50H         LINE#         2659
  C:3F50H         LINE#         2660
  C:3F59H         LINE#         2661
  C:3F5BH         LINE#         2663
  C:3F5BH         LINE#         2664
  C:3F64H         LINE#         2665
  C:3F64H         LINE#         2666
  C:3F66H         LINE#         2667
  C:3F6EH         LINE#         2668
  C:3F6EH         LINE#         2669
  C:3F77H         LINE#         2670
  C:3F79H         LINE#         2671
  C:3F81H         LINE#         2672
  C:3F81H         LINE#         2673
  C:3F97H         LINE#         2674
  C:3F99H         LINE#         2675
  C:3FA1H         LINE#         2676
  C:3FA1H         LINE#         2677
BL51 BANKED LINKER/LOCATER V6.22.2.0                                                  06/11/2021  16:40:25  PAGE 137


  C:3FA4H         LINE#         2678
  C:3FA6H         LINE#         2680
  C:3FAEH         LINE#         2681
  C:3FAEH         LINE#         2682
  C:3FB7H         LINE#         2683
  C:3FB9H         LINE#         2686
  C:3FC1H         LINE#         2687
  C:3FC1H         LINE#         2688
  C:3FC9H         LINE#         2689
  C:3FCBH         LINE#         2691
  C:3FCBH         LINE#         2692
  C:3FD4H         LINE#         2693
  C:3FD4H         LINE#         2694
  C:3FD6H         LINE#         2695
  C:3FD6H         LINE#         2696
  C:3FDBH         LINE#         2697
  C:3FDBH         LINE#         2699
  C:3FDBH         LINE#         2700
  C:3FE0H         LINE#         2701
  -------         ENDPROC       _SECUENCIAEXPEDIDORMF
  -------         ENDMOD        VERIFICADOR

  -------         MODULE        MONITOR
  C:0000H         SYMBOL        _ICE_DUMMY_
  D:0080H         PUBLIC        P0
  D:0090H         PUBLIC        P1
  I:0011H         PUBLIC        placa
  C:BFB4H         PUBLIC        Rx_Monitor
  B:0080H.0       PUBLIC        rx_ip
  B:0090H.7       PUBLIC        lock
  C:9332H         PUBLIC        _recibe_cmd_Monitor
  C:C119H         PUBLIC        clear_placa
  C:962BH         PUBLIC        _Valida_Trama_Monitor
  -------         PROC          _RECIBE_CMD_MONITOR
  X:0016H         SYMBOL        buffer_cmd
  -------         DO            
  X:0019H         SYMBOL        j
  X:001AH         SYMBOL        NumDatos
  X:001BH         SYMBOL        time_out
  X:001CH         SYMBOL        MaxChrRx
  X:001DH         SYMBOL        contador
  -------         ENDDO         
  C:9332H         LINE#         50
  C:933DH         LINE#         51
  C:933DH         LINE#         55
  C:9342H         LINE#         56
  C:9348H         LINE#         58
  C:9353H         LINE#         59
  C:9353H         LINE#         60
  C:9364H         LINE#         61
  C:9364H         LINE#         62
  C:936BH         LINE#         63
  C:936FH         LINE#         64
  C:9378H         LINE#         65
  C:9378H         LINE#         66
  C:9386H         LINE#         67
  C:939DH         LINE#         68
BL51 BANKED LINKER/LOCATER V6.22.2.0                                                  06/11/2021  16:40:25  PAGE 138


  C:939DH         LINE#         69
  C:93A3H         LINE#         70
  C:93A9H         LINE#         71
  C:93A9H         LINE#         72
  C:93ABH         LINE#         73
  C:93B3H         LINE#         74
  C:93B9H         LINE#         75
  C:93CBH         LINE#         76
  C:93D5H         LINE#         77
  C:93DEH         LINE#         79
  C:93EDH         LINE#         82
  C:93EDH         LINE#         83
  C:93F2H         LINE#         84
  -------         ENDPROC       _RECIBE_CMD_MONITOR
  -------         PROC          _VALIDA_TRAMA_MONITOR
  X:0016H         SYMBOL        buffer
  D:0005H         SYMBOL        length_trama
  -------         DO            
  X:0019H         SYMBOL        j
  X:001AH         SYMBOL        p
  X:001BH         SYMBOL        cont
  -------         ENDDO         
  C:962BH         LINE#         89
  C:9636H         LINE#         90
  C:9636H         LINE#         91
  C:9639H         LINE#         92
  C:963DH         LINE#         93
  C:9640H         LINE#         94
  C:9642H         LINE#         97
  C:9656H         LINE#         98
  C:9656H         LINE#         100
  C:9658H         LINE#         102
  C:965FH         LINE#         103
  C:9664H         LINE#         106
  C:9664H         LINE#         108
  C:967FH         LINE#         109
  C:967FH         LINE#         112
  C:967FH         LINE#         113
  C:96A0H         LINE#         114
  C:96A4H         LINE#         115
  C:96AAH         LINE#         116
  C:96BCH         LINE#         117
  C:96D4H         LINE#         118
  C:96DDH         LINE#         119
  C:96DFH         LINE#         120
  C:96E5H         LINE#         123
  C:96E5H         LINE#         126
  -------         ENDPROC       _VALIDA_TRAMA_MONITOR
  -------         PROC          CLEAR_PLACA
  -------         DO            
  D:0007H         SYMBOL        i
  -------         ENDDO         
  C:C119H         LINE#         127
  C:C119H         LINE#         128
  C:C119H         LINE#         130
  C:C125H         LINE#         131
  C:C125H         LINE#         132
BL51 BANKED LINKER/LOCATER V6.22.2.0                                                  06/11/2021  16:40:25  PAGE 139


  C:C12BH         LINE#         133
  C:C12EH         LINE#         134
  C:C130H         LINE#         135
  -------         ENDPROC       CLEAR_PLACA
  -------         PROC          RX_MONITOR
  -------         DO            
  X:0009H         SYMBOL        Length_trama
  X:000AH         SYMBOL        buffer1
  -------         ENDDO         
  C:BFB4H         LINE#         136
  C:BFB4H         LINE#         137
  C:BFB4H         LINE#         140
  C:BFC3H         LINE#         141
  C:BFCCH         LINE#         142
  -------         ENDPROC       RX_MONITOR
  -------         ENDMOD        MONITOR

  -------         MODULE        ?C?FPADD
  C:134FH         PUBLIC        ?C?FPADD
  C:134BH         PUBLIC        ?C?FPSUB
  -------         ENDMOD        ?C?FPADD

  -------         MODULE        ?C?FPMUL
  C:1440H         PUBLIC        ?C?FPMUL
  -------         ENDMOD        ?C?FPMUL

  -------         MODULE        ?C?FCAST
  C:1550H         PUBLIC        ?C?FCASTC
  C:154BH         PUBLIC        ?C?FCASTI
  C:1546H         PUBLIC        ?C?FCASTL
  -------         ENDMOD        ?C?FCAST

  -------         MODULE        ?C?CASTF
  C:1584H         PUBLIC        ?C?CASTF
  -------         ENDMOD        ?C?CASTF

  -------         MODULE        PRINTF
  X:0077H         PUBLIC        ?_PRINTF?BYTE
  X:0077H         PUBLIC        ?_SPRINTF?BYTE
  C:404CH         PUBLIC        _PRINTF
  C:4046H         PUBLIC        _SPRINTF
  -------         ENDMOD        PRINTF

  -------         MODULE        POW
  X:0020H         PUBLIC        ?_pow?BYTE
  C:6935H         PUBLIC        _pow
  -------         ENDMOD        POW

  -------         MODULE        ?C?CHKFLOAT
  C:1605H         PUBLIC        ?C?CHKFLOAT
  -------         ENDMOD        ?C?CHKFLOAT

  -------         MODULE        ?C?FPCMP
  C:1621H         PUBLIC        ?C?FPCMP
  C:161FH         PUBLIC        ?C?FPCMP3
  -------         ENDMOD        ?C?FPCMP

BL51 BANKED LINKER/LOCATER V6.22.2.0                                                  06/11/2021  16:40:25  PAGE 140


  -------         MODULE        ?C?FPNEG
  C:1698H         PUBLIC        ?C?FPNEG
  -------         ENDMOD        ?C?FPNEG

  -------         MODULE        ?C?FPROUND
  C:16A9H         PUBLIC        ?C?FPROUND
  -------         ENDMOD        ?C?FPROUND

  -------         MODULE        ?C?FPCONVERT
  C:16E6H         PUBLIC        ?C?FPCONVERT
  -------         ENDMOD        ?C?FPCONVERT

  -------         MODULE        EXP
  C:A107H         PUBLIC        _EXP
  -------         ENDMOD        EXP

  -------         MODULE        LOG
  C:74B3H         PUBLIC        _LOG
  C:74AFH         PUBLIC        _LOG10
  -------         ENDMOD        LOG

  -------         MODULE        ?C?FPDIV
  C:17EEH         PUBLIC        ?C?FPDIV
  -------         ENDMOD        ?C?FPDIV

  -------         MODULE        ?C?FTNPWR
  C:18BBH         PUBLIC        ?C?FTNPWR
  -------         ENDMOD        ?C?FTNPWR

  -------         MODULE        ?C?COPY
  C:1A18H         PUBLIC        ?C?COPY
  -------         ENDMOD        ?C?COPY

  -------         MODULE        ?C?CLDPTR
  C:1A3EH         PUBLIC        ?C?CLDPTR
  -------         ENDMOD        ?C?CLDPTR

  -------         MODULE        ?C?CLDOPTR
  C:1A57H         PUBLIC        ?C?CLDOPTR
  -------         ENDMOD        ?C?CLDOPTR

  -------         MODULE        ?C?CSTPTR
  C:1A84H         PUBLIC        ?C?CSTPTR
  -------         ENDMOD        ?C?CSTPTR

  -------         MODULE        ?C?CSTOPTR
  C:1A96H         PUBLIC        ?C?CSTOPTR
  -------         ENDMOD        ?C?CSTOPTR

  -------         MODULE        ?C?IMUL
  C:1AB8H         PUBLIC        ?C?IMUL
  -------         ENDMOD        ?C?IMUL

  -------         MODULE        ?C?IILDX
  C:1ACAH         PUBLIC        ?C?IILDX
  -------         ENDMOD        ?C?IILDX

BL51 BANKED LINKER/LOCATER V6.22.2.0                                                  06/11/2021  16:40:25  PAGE 141


  -------         MODULE        ?C?LNEG
  C:1AE0H         PUBLIC        ?C?LNEG
  -------         ENDMOD        ?C?LNEG

  -------         MODULE        ?C?SLCMP
  C:1AEEH         PUBLIC        ?C?SLCMP
  -------         ENDMOD        ?C?SLCMP

  -------         MODULE        ?C?ULCMP
  C:1B04H         PUBLIC        ?C?ULCMP
  -------         ENDMOD        ?C?ULCMP

  -------         MODULE        ?C?ULSHR
  C:1B15H         PUBLIC        ?C?ULSHR
  -------         ENDMOD        ?C?ULSHR

  -------         MODULE        ?C?LSHL
  C:1B28H         PUBLIC        ?C?LSHL
  -------         ENDMOD        ?C?LSHL

  -------         MODULE        ?C?LLDCODE
  C:1B3BH         PUBLIC        ?C?LLDCODE
  -------         ENDMOD        ?C?LLDCODE

  -------         MODULE        ?C?LLDXDATA0
  C:1B4BH         PUBLIC        ?C?LLDXDATA0
  -------         ENDMOD        ?C?LLDXDATA0

  -------         MODULE        ?C?LLDCODE0
  C:1B57H         PUBLIC        ?C?LLDCODE0
  -------         ENDMOD        ?C?LLDCODE0

  -------         MODULE        ?C?LSTXDATA
  C:1B67H         PUBLIC        ?C?LSTXDATA
  -------         ENDMOD        ?C?LSTXDATA

  -------         MODULE        ?C?LSTKXDATA
  C:1B73H         PUBLIC        ?C?LSTKXDATA
  -------         ENDMOD        ?C?LSTKXDATA

  -------         MODULE        ?C?PLDIXDATA
  C:1BA4H         PUBLIC        ?C?PLDIXDATA
  -------         ENDMOD        ?C?PLDIXDATA

  -------         MODULE        ?C?PSTXDATA
  C:1BBBH         PUBLIC        ?C?PSTXDATA
  -------         ENDMOD        ?C?PSTXDATA

  -------         MODULE        ?C?CCASE
  C:1BC4H         PUBLIC        ?C?CCASE
  -------         ENDMOD        ?C?CCASE

  -------         MODULE        STRCAT
  X:0046H         PUBLIC        ?_strcat?BYTE
  C:B172H         PUBLIC        _strcat
  -------         ENDMOD        STRCAT

BL51 BANKED LINKER/LOCATER V6.22.2.0                                                  06/11/2021  16:40:25  PAGE 142


  -------         MODULE        ?C?STRCMP
  C:1D68H         PUBLIC        ?C?STRCMP
  -------         ENDMOD        ?C?STRCMP

  -------         MODULE        ?C?STRCPY
  C:1E51H         PUBLIC        ?C?STRCPY
  -------         ENDMOD        ?C?STRCPY

  -------         MODULE        STRLEN
  C:000EH         PUBLIC        _STRLEN
  -------         ENDMOD        STRLEN

  -------         MODULE        STRTOK
  X:0064H         PUBLIC        ?_strtok?BYTE
  C:87DEH         PUBLIC        _strtok
  -------         ENDMOD        STRTOK

  -------         MODULE        ATOL
  C:7B27H         PUBLIC        _atol
  -------         ENDMOD        ATOL

  -------         MODULE        ATOI
  C:89A0H         PUBLIC        _atoi
  -------         ENDMOD        ATOI

  -------         MODULE        ?C?ILDIX
  C:1E6EH         PUBLIC        ?C?ILDIX
  -------         ENDMOD        ?C?ILDIX

  -------         MODULE        ?C?LMUL
  C:1E84H         PUBLIC        ?C?LMUL
  -------         ENDMOD        ?C?LMUL

  -------         MODULE        ISDIGIT
  C:C229H         PUBLIC        _isdigit
  -------         ENDMOD        ISDIGIT

  -------         MODULE        ISSPACE
  C:C189H         PUBLIC        _isspace
  -------         ENDMOD        ISSPACE

  -------         MODULE        STRSPN
  X:006AH         PUBLIC        ?_strspn?BYTE
  C:AA50H         PUBLIC        _strspn
  -------         ENDMOD        STRSPN

  -------         MODULE        STRPBRK
  X:006AH         PUBLIC        ?_strpbrk?BYTE
  C:AB57H         PUBLIC        _strpbrk
  -------         ENDMOD        STRPBRK

Program Size: data=99.1 xdata=538 code=49846
LINK/LOCATE RUN COMPLETE.  0 WARNING(S),  0 ERROR(S)
