BL51 BANKED LINKER/LOCATER V6.22.2.0                                                    08/19/2020  14:41:27  PAGE 1


BL51 BANKED LINKER/LOCATER V6.22.2.0, INVOKED BY:
C:\KEIL_V5\C51\BIN\BL51.EXE .\Objects\main.obj, .\Objects\Accescan.obj, .\Objects\Clock.obj, .\Objects\delay.obj, .\Obje
>> cts\eeprom.obj, .\Objects\io_sensores.obj, .\Objects\pantallas.obj, .\Objects\prog.obj, .\Objects\pto_paralelo.obj, .
>> \Objects\tibbo.obj, .\Objects\uart.obj, .\Objects\lintech.obj, .\Objects\verificador.obj, .\Objects\Monitor.obj TO .\
>> Objects\expedidor_v_01_raspberry PRINT (.\Listings\expedidor_v_01_raspberry.m51) RAMSIZE (256)


MEMORY MODEL: LARGE WITH FLOATING POINT ARITHMETIC


INPUT MODULES INCLUDED:
  .\Objects\main.obj (MAIN)
  .\Objects\Accescan.obj (ACCESCAN)
  .\Objects\Clock.obj (CLOCK)
  .\Objects\delay.obj (DELAY)
  .\Objects\eeprom.obj (EEPROM)
  .\Objects\io_sensores.obj (IO_SENSORES)
  .\Objects\pantallas.obj (PANTALLAS)
  .\Objects\prog.obj (PROG)
  .\Objects\pto_paralelo.obj (PTO_PARALELO)
  .\Objects\tibbo.obj (TIBBO)
  .\Objects\uart.obj (UART)
  .\Objects\lintech.obj (LINTECH)
  .\Objects\verificador.obj (VERIFICADOR)
  .\Objects\Monitor.obj (MONITOR)
  C:\KEIL_V5\C51\LIB\C51FPL.LIB (?C?FPADD)
  C:\KEIL_V5\C51\LIB\C51FPL.LIB (?C?FPMUL)
  C:\KEIL_V5\C51\LIB\C51FPL.LIB (?C?FCAST)
  C:\KEIL_V5\C51\LIB\C51FPL.LIB (?C?CASTF)
  C:\KEIL_V5\C51\LIB\C51FPL.LIB (PRINTF)
  C:\KEIL_V5\C51\LIB\C51FPL.LIB (POW)
  C:\KEIL_V5\C51\LIB\C51FPL.LIB (?C?FPGETOPN)
  C:\KEIL_V5\C51\LIB\C51FPL.LIB (?C?CHKFLOAT)
  C:\KEIL_V5\C51\LIB\C51FPL.LIB (?C?FPCMP)
  C:\KEIL_V5\C51\LIB\C51FPL.LIB (?C?FPNEG)
  C:\KEIL_V5\C51\LIB\C51FPL.LIB (?C?FPROUND)
  C:\KEIL_V5\C51\LIB\C51FPL.LIB (?C?FPCONVERT)
  C:\KEIL_V5\C51\LIB\C51FPL.LIB (EXP)
  C:\KEIL_V5\C51\LIB\C51FPL.LIB (LOG)
  C:\KEIL_V5\C51\LIB\C51FPL.LIB (?C?FPDIV)
  C:\KEIL_V5\C51\LIB\C51FPL.LIB (?C?FTNPWR)
  C:\KEIL_V5\C51\LIB\C51FPL.LIB (?C?FPSERIES)
  C:\KEIL_V5\C51\LIB\C51L.LIB (?C_STARTUP)
  C:\KEIL_V5\C51\LIB\C51L.LIB (?C?COPY)
  C:\KEIL_V5\C51\LIB\C51L.LIB (?C?CLDPTR)
  C:\KEIL_V5\C51\LIB\C51L.LIB (?C?CLDOPTR)
  C:\KEIL_V5\C51\LIB\C51L.LIB (?C?CSTPTR)
  C:\KEIL_V5\C51\LIB\C51L.LIB (?C?CSTOPTR)
  C:\KEIL_V5\C51\LIB\C51L.LIB (?C?IMUL)
  C:\KEIL_V5\C51\LIB\C51L.LIB (?C?IILDX)
  C:\KEIL_V5\C51\LIB\C51L.LIB (?C?LNEG)
  C:\KEIL_V5\C51\LIB\C51L.LIB (?C?SLCMP)
  C:\KEIL_V5\C51\LIB\C51L.LIB (?C?ULCMP)
  C:\KEIL_V5\C51\LIB\C51L.LIB (?C?ULSHR)
  C:\KEIL_V5\C51\LIB\C51L.LIB (?C?LSHL)
  C:\KEIL_V5\C51\LIB\C51L.LIB (?C?LLDCODE)
  C:\KEIL_V5\C51\LIB\C51L.LIB (?C?LLDXDATA0)
  C:\KEIL_V5\C51\LIB\C51L.LIB (?C?LLDCODE0)
BL51 BANKED LINKER/LOCATER V6.22.2.0                                                  08/19/2020  14:41:27  PAGE 2


  C:\KEIL_V5\C51\LIB\C51L.LIB (?C?LSTXDATA)
  C:\KEIL_V5\C51\LIB\C51L.LIB (?C?LSTKXDATA)
  C:\KEIL_V5\C51\LIB\C51L.LIB (?C?PLDIXDATA)
  C:\KEIL_V5\C51\LIB\C51L.LIB (?C?PSTXDATA)
  C:\KEIL_V5\C51\LIB\C51L.LIB (?C?CCASE)
  C:\KEIL_V5\C51\LIB\C51L.LIB (STRCAT)
  C:\KEIL_V5\C51\LIB\C51L.LIB (?C?STRCMP)
  C:\KEIL_V5\C51\LIB\C51L.LIB (?C?STRCPY)
  C:\KEIL_V5\C51\LIB\C51L.LIB (STRLEN)
  C:\KEIL_V5\C51\LIB\C51L.LIB (STRTOK)
  C:\KEIL_V5\C51\LIB\C51L.LIB (ATOL)
  C:\KEIL_V5\C51\LIB\C51L.LIB (ATOI)
  C:\KEIL_V5\C51\LIB\C51L.LIB (?C_INIT)
  C:\KEIL_V5\C51\LIB\C51L.LIB (?C?ILDIX)
  C:\KEIL_V5\C51\LIB\C51L.LIB (?C?LMUL)
  C:\KEIL_V5\C51\LIB\C51L.LIB (ISDIGIT)
  C:\KEIL_V5\C51\LIB\C51L.LIB (ISSPACE)
  C:\KEIL_V5\C51\LIB\C51L.LIB (STRSPN)
  C:\KEIL_V5\C51\LIB\C51L.LIB (STRPBRK)


LINK MAP OF MODULE:  .\Objects\expedidor_v_01_raspberry (MAIN)


            TYPE    BASE      LENGTH    RELOCATION   SEGMENT NAME
            -----------------------------------------------------

            * * * * * * *   D A T A   M E M O R Y   * * * * * * *
            REG     0000H     0008H     ABSOLUTE     "REG BANK 0"
            DATA    0008H     0005H     UNIT         _DATA_GROUP_
            DATA    000DH     0004H     UNIT         ?DT?UART
            IDATA   0011H     0009H     UNIT         ?ID?MONITOR
                    001AH     0006H                  *** GAP ***
            BIT     0020H.0   0001H.1   UNIT         _BIT_GROUP_
            BIT     0021H.1   0000H.2   UNIT         ?BI?MAIN
            BIT     0021H.3   0000H.2   UNIT         ?BI?UART
            BIT     0021H.5   0000H.1   UNIT         ?BI?EEPROM
            BIT     0021H.6   0000H.1   UNIT         ?BI?VERIFICADOR
                    0021H.7   0000H.1                *** GAP ***
            IDATA   0022H     0046H     UNIT         ?ID?MAIN
            IDATA   0068H     0028H     UNIT         ?ID?PANTALLAS
            IDATA   0090H     0001H     UNIT         ?STACK

            * * * * * * *  X D A T A   M E M O R Y  * * * * * * *
            XDATA   0000H     00B8H     UNIT         _XDATA_GROUP_
            XDATA   00B8H     008AH     UNIT         ?XD?VERIFICADOR
            XDATA   0142H     006BH     UNIT         ?XD?MAIN
            XDATA   01ADH     0059H     UNIT         ?XD?PROG
            XDATA   0206H     0003H     UNIT         ?XD?EEPROM
            XDATA   0209H     0003H     UNIT         ?XD?UART
            XDATA   020CH     0003H     UNIT         ?XD?STRTOK
            XDATA   020FH     0001H     UNIT         ?XD?ACCESCAN
            XDATA   0210H     0001H     UNIT         ?XD?CLOCK
            XDATA   0211H     0001H     UNIT         ?XD?IO_SENSORES

            * * * * * * *   C O D E   M E M O R Y   * * * * * * *
            CODE    0000H     0003H     ABSOLUTE     
BL51 BANKED LINKER/LOCATER V6.22.2.0                                                  08/19/2020  14:41:27  PAGE 3


            CODE    0003H     0008H     UNIT         ?PR?P_CK?CLOCK
            CODE    000BH     0003H     ABSOLUTE     
            CODE    000EH     0015H     UNIT         ?PR?_STRLEN?STRLEN
            CODE    0023H     0003H     ABSOLUTE     
            CODE    0026H     1308H     UNIT         ?CO?PROG
            CODE    132EH     0B8BH     UNIT         ?C?LIB_CODE
            CODE    1EB9H     072CH     UNIT         ?CO?VERIFICADOR
            CODE    25E5H     06BFH     UNIT         ?CO?PANTALLAS
            CODE    2CA4H     05D9H     UNIT         ?PR?_PANTALLALCD?PANTALLAS
            CODE    327DH     0483H     UNIT         ?PR?PRINTF?PRINTF
            CODE    3700H     0435H     UNIT         ?PR?_SECUENCIAEXPEDIDORMF?VERIFICADOR
            CODE    3B35H     035CH     UNIT         ?PR?VER_PROG?PROG
            CODE    3E91H     033EH     UNIT         ?PR?_VALIDA_TRAMA_PTO?ACCESCAN
            CODE    41CFH     02D0H     UNIT         ?PR?_TWO_BYTEHEX_DECIMAL?CLOCK
            CODE    449FH     02B7H     UNIT         ?PR?_PROG_HORARIO_DIAS?PROG
            CODE    4756H     0228H     UNIT         ?PR?MENU?PROG
            CODE    497EH     021EH     UNIT         ?PR?_PANTALLALCD_LINEA_2?PANTALLAS
            CODE    4B9CH     0208H     UNIT         ?PR?_HASH_ID?PROG
            CODE    4DA4H     01FAH     UNIT         ?PR?_PROG_HORARIO_DESDE_HASTA?PROG
            CODE    4F9EH     01F5H     UNIT         ?PR?PROG_FECHA_VENCIMIENTO?PROG
            CODE    5193H     01DFH     UNIT         ?PR?_RESPONDE_LECTURA_TARJETA_SECTOR1_BLOQUE1?VERIFICADOR
            CODE    5372H     01B3H     UNIT         ?PR?COM_ISR?UART
            CODE    5525H     01A5H     UNIT         ?PR?_VALIDA_TIPO_TARJETA?VERIFICADOR
            CODE    56CAH     0198H     UNIT         ?PR?ARMAR_TRAMA_PTO_PARALELO_EXPEDIDOR?VERIFICADOR
            CODE    5862H     017AH     UNIT         ?CO?LINTECH
            CODE    59DCH     016EH     UNIT         ?PR?_BLOCK_READ_CLOCK_ASCII?CLOCK
            CODE    5B4AH     0166H     UNIT         ?PR?_POW?POW
            CODE    5CB0H     0154H     UNIT         ?PR?_ARMAR_TRAMA_MONITOR?VERIFICADOR
            CODE    5E04H     0145H     UNIT         ?PR?PROG_HORARIOS?PROG
            CODE    5F49H     0142H     UNIT         ?PR?_ARMAR_TRAMA_TARJETA_SECTOR1_BLOQUE2?VERIFICADOR
            CODE    608BH     013EH     UNIT         ?PR?PROG_SIN_COBRO?PROG
            CODE    61C9H     013EH     UNIT         ?PR?SECUENCIA_INICIO_EXPEDIDOR?VERIFICADOR
            CODE    6307H     0137H     UNIT         ?PR?VER_HORARIO?PROG
            CODE    643EH     012BH     UNIT         ?PR?_RESPONDE_LECTURA_TARJETA_SECTOR1_BLOQUE2?VERIFICADOR
            CODE    6569H     0129H     UNIT         ?PR?LOG?LOG
            CODE    6692H     0128H     UNIT         ?PR?_VER_HORARIO_DIAS?PROG
            CODE    67BAH     011CH     UNIT         ?PR?LOAD_AND_SEND_ID_COD?PTO_PARALELO
            CODE    68D6H     011AH     UNIT         ?PR?_PROG_HORARIOS_ON_OFF?PROG
            CODE    69F0H     0119H     UNIT         ?PR?_VER_HORARIO_DESDE_HASTA?PROG
            CODE    6B09H     0115H     UNIT         ?PR?_VALIDAR_CLK?CLOCK
            CODE    6C1EH     010FH     UNIT         ?PR?_HORARIOS?VERIFICADOR
            CODE    6D2DH     010CH     UNIT         ?PR?_ATOL?ATOL
            CODE    6E39H     0103H     UNIT         ?PR?_BLOQUE_HORARIO?VERIFICADOR
            CODE    6F3CH     0100H     UNIT         ?PR?_WR_MF?LINTECH
            CODE    703CH     00FCH     UNIT         ?PR?PROG_DEBUG?PROG
            CODE    7138H     00FCH     UNIT         ?PR?PROG_USE_LPR?PROG
            CODE    7234H     00FCH     UNIT         ?PR?TIPO_PANTALLA?PROG
            CODE    7330H     00FCH     UNIT         ?PR?PROG_ANTIPASSBACK?PROG
            CODE    742CH     00FCH     UNIT         ?PR?PROG_PLACA?PROG
            CODE    7528H     00FCH     UNIT         ?PR?PROG_VALIDAR_TIPO_VEHICULO_MENSUAL?PROG
            CODE    7624H     00FCH     UNIT         ?PR?PROG_APB_MENSUAL?PROG
            CODE    7720H     00F1H     UNIT         ?PR?_WRITE_EEPROM_TICKET?EEPROM
            CODE    7811H     00EAH     UNIT         ?PR?_MOV_CARD?LINTECH
            CODE    78FBH     00E4H     UNIT         ?PR?_STRTOK?STRTOK
            CODE    79DFH     00DEH     UNIT         ?PR?PROG_ADDRESS_HIGH_BOARD?PROG
            CODE    7ABDH     00DBH     UNIT         ?PR?_ATOI?ATOI
            CODE    7B98H     00D7H     UNIT         ?PR?_ANALIZA_UID_CARD?VERIFICADOR
BL51 BANKED LINKER/LOCATER V6.22.2.0                                                  08/19/2020  14:41:27  PAGE 4


            CODE    7C6FH     00D6H     UNIT         ?PR?_CMD_LPR_SALIDA_WIEGAND?ACCESCAN
            CODE    7D45H     00CCH     UNIT         ?PR?_GRABA_SERIE?EEPROM
            CODE    7E11H     00CBH     UNIT         ?PR?_RTA_CMD_TRANSPORTE?VERIFICADOR
            CODE    7EDCH     00CAH     UNIT         ?PR?READ_EEPROM_TICKET?EEPROM
            CODE    7FA6H     00C9H     UNIT         ?PR?_CHECK_FECHAOUT?CLOCK
            CODE    806FH     00C4H     UNIT         ?PR?_BLOCK_READ_CLOCK?CLOCK
            CODE    8133H     00C4H     UNIT         ?PR?_TARJETA_MENSUAL?VERIFICADOR
            CODE    81F7H     00C3H     UNIT         ?PR?_RD_MF?LINTECH
            CODE    82BAH     00C2H     UNIT         ?PR?PROG_TARJETA_AUTOMATICA_O_BOTON?PROG
            CODE    837CH     00C1H     UNIT         ?PR?_ARMAR_TRAMA_PTO_PARALELO_EXPEDIDOR_MENSUAL?VERIFICADOR
            CODE    843DH     00C1H     UNIT         ?PR?_RECIBE_CMD_MONITOR?MONITOR
            CODE    84FEH     00BFH     UNIT         ?C_INITSEG
            CODE    85BDH     00BEH     UNIT         ?PR?ERROR_RX_PTO?VERIFICADOR
            CODE    867BH     00BDH     UNIT         ?PR?PROG_COD_PARK?PROG
            CODE    8738H     00BDH     UNIT         ?PR?PROG_TIEMPO_GRACIA?PROG
            CODE    87F5H     00BAH     UNIT         ?CO?TIBBO
            CODE    88AFH     00B6H     UNIT         ?PR?PROG_ID_CLIENTE?PROG
            CODE    8965H     00B4H     UNIT         ?PR?_SEND_PORT?PTO_PARALELO
            CODE    8A19H     00ADH     UNIT         ?CO?IO_SENSORES
            CODE    8AC6H     00ACH     UNIT         ?PR?_HORA_MAXIMA?VERIFICADOR
            CODE    8B72H     00AAH     UNIT         ?PR?CLAVE_SEGURIDAD_S2?LINTECH
            CODE    8C1CH     00A9H     UNIT         ?PR?DWLOAD_EEPROM?LINTECH
            CODE    8CC5H     00A6H     UNIT         ?PR?_BLOCK_READ_CLOCK_HEX?CLOCK
            CODE    8D6BH     00A3H     UNIT         ?PR?_WAIT_PLACA?VERIFICADOR
            CODE    8E0EH     009DH     UNIT         ?PR?_INICIALIZA?LINTECH
            CODE    8EABH     009AH     UNIT         ?PR?_RESPONDE_LECTURA_TARJETA_SECTOR1_BLOQUE0?VERIFICADOR
            CODE    8F45H     009AH     UNIT         ?PR?EXP?EXP
            CODE    8FDFH     0099H     UNIT         ?PR?SHOW?PROG
            CODE    9078H     0099H     UNIT         ?PR?_RECIBE_PORT?PTO_PARALELO
            CODE    9111H     0098H     UNIT         ?PR?_VALIDA_VEHICULO_CARD_MENSUAL?VERIFICADOR
            CODE    91A9H     0095H     UNIT         ?PR?_VALIDA_TRAMA_MONITOR?MONITOR
            CODE    923EH     0091H     UNIT         ?PR?_HEX_ASCII?CLOCK
            CODE    92CFH     0091H     UNIT         ?PR?_CARD_INSERCION?LINTECH
            CODE    9360H     0091H     UNIT         ?PR?LOADVERIFY_EEPROM?LINTECH
            CODE    93F1H     0090H     UNIT         ?PR?_LEE_CLK?CLOCK
            CODE    9481H     0090H     UNIT         ?PR?_GETOPTION?PROG
            CODE    9511H     008FH     UNIT         ?PR?_BLOCK_WRITE_CLOCK_ASCII?CLOCK
            CODE    95A0H     008FH     UNIT         ?PR?_RESPONDE_WRITE_TARJETA_SECTOR1_BLOQUE2?VERIFICADOR
            CODE    962FH     008CH     UNIT         ?C_C51STARTUP
            CODE    96BBH     0088H     UNIT         ?PR?_SEND_PORTERR?PTO_PARALELO
            CODE    9743H     0088H     UNIT         ?PR?RX_DATA?TIBBO
            CODE    97CBH     0088H     UNIT         ?PR?UNIQUE_IDENTIFIER_UID?LINTECH
            CODE    9853H     0088H     UNIT         ?PR?_SEND_PTO_PARALELO?VERIFICADOR
            CODE    98DBH     0084H     UNIT         ?PR?_STRSPN?STRSPN
            CODE    995FH     0081H     UNIT         ?PR?MAIN?MAIN
            CODE    99E0H     0081H     UNIT         ?PR?_STRPBRK?STRPBRK
            CODE    9A61H     0080H     UNIT         ?PR?MSJ_LCD_INFORMATIVO?IO_SENSORES
            CODE    9AE1H     0080H     UNIT         ?PR?_INGRESADATO?PROG
            CODE    9B61H     0080H     UNIT         ?PR?AUT_CARD_CHECK_STATUS?LINTECH
            CODE    9BE1H     0080H     UNIT         ?PR?POWER_OFF?LINTECH
            CODE    9C61H     007CH     UNIT         ?PR?_CHECK_STATUS?LINTECH
            CODE    9CDDH     007CH     UNIT         ?PR?RESPONDE_ESTADO_SENSORES_TRANSPORTE?VERIFICADOR
            CODE    9D59H     0079H     UNIT         ?PR?ENTREGA_CARD_CAPTURA?VERIFICADOR
            CODE    9DD2H     0073H     UNIT         ?PR?_DEBUGBUFFERMF?TIBBO
            CODE    9E45H     0071H     UNIT         ?PR?RESPONDE_TIPO_TARJETA?VERIFICADOR
            CODE    9EB6H     0071H     UNIT         ?PR?_EN_HORARIO?VERIFICADOR
            CODE    9F27H     006FH     UNIT         ?PR?_ESCRIBIRMEMORIA?EEPROM
BL51 BANKED LINKER/LOCATER V6.22.2.0                                                  08/19/2020  14:41:27  PAGE 5


            CODE    9F96H     006BH     UNIT         ?PR?_STRCAT?STRCAT
            CODE    A001H     0066H     UNIT         ?PR?_LEERMEMORIA?EEPROM
            CODE    A067H     0066H     UNIT         ?PR?_DISPARO_LOCK_ENTRADA_VEHICULO?VERIFICADOR
            CODE    A0CDH     0062H     UNIT         ?PR?_LISTACOMANDOS?PROG
            CODE    A12FH     0061H     UNIT         ?PR?_PREGUNTA_LPR?VERIFICADOR
            CODE    A190H     005EH     UNIT         ?PR?_BYTEHEX_DECIMAL?CLOCK
            CODE    A1EEH     005DH     UNIT         ?PR?_RESPUESTA_SEGUNDA_CLAVE?VERIFICADOR
            CODE    A24BH     005AH     UNIT         ?PR?RASPBERRY_DATA1?PANTALLAS
            CODE    A2A5H     0059H     UNIT         ?PR?INGRESO_VEHICULO?VERIFICADOR
            CODE    A2FEH     0058H     UNIT         ?PR?VALIDA_SENSOR1_AUTO?IO_SENSORES
            CODE    A356H     0058H     UNIT         ?PR?_ARMAR_TRAMA_PLACA?VERIFICADOR
            CODE    A3AEH     0056H     UNIT         ?PR?_WR_EEPROM?EEPROM
            CODE    A404H     0055H     UNIT         ?PR?RELOJ_PANTALLA_LCD?PANTALLAS
            CODE    A459H     004DH     UNIT         ?PR?VARIABLE_INICIO?MAIN
            CODE    A4A6H     004DH     UNIT         ?PR?L_D_M?EEPROM
            CODE    A4F3H     004CH     UNIT         ?PR?LEE_NO_TICKET?EEPROM
            CODE    A53FH     004BH     UNIT         ?PR?_TX_AUX?TIBBO
            CODE    A58AH     0049H     UNIT         ?PR?_DEBUG_TXT_TIBBO?TIBBO
            CODE    A5D3H     0048H     UNIT         ?PR?FIRST_CLAVE?PROG
            CODE    A61BH     0047H     UNIT         ?PR?_DEBUG_CHR_TIBBO?TIBBO
            CODE    A662H     0047H     UNIT         ?PR?_RESPONDE_WRITE_TARJETA_SECTOR2_BLOQUE0?VERIFICADOR
            CODE    A6A9H     0046H     UNIT         ?PR?_ESCRIBIRCADENASOFT_BUFFER?MAIN
            CODE    A6EFH     0046H     UNIT         ?PR?_LCD_TXT_NUM_CHAR?PANTALLAS
            CODE    A735H     0046H     UNIT         ?PR?_DEBUG_HEXDEC?TIBBO
            CODE    A77BH     0044H     UNIT         ?PR?_LCD_TXT?PANTALLAS
            CODE    A7BFH     0043H     UNIT         ?PR?DIR_BOARD?IO_SENSORES
            CODE    A802H     0042H     UNIT         ?PR?_VALIDARCLAVE?PROG
            CODE    A844H     0041H     UNIT         ?PR?_MONITOR_CHR?ACCESCAN
            CODE    A885H     0041H     UNIT         ?PR?_TWO_ONE?CLOCK
            CODE    A8C6H     0040H     UNIT         ?PR?_GETCMD?PROG
            CODE    A906H     003FH     UNIT         ?PR?_EB_CLK?CLOCK
            CODE    A945H     003EH     UNIT         ?PR?_PUTCHAR?MAIN
            CODE    A983H     003DH     UNIT         ?PR?_HEX_BCD?CLOCK
            CODE    A9C0H     003DH     UNIT         ?PR?_RD_EEPROM?EEPROM
            CODE    A9FDH     003DH     UNIT         ?PR?_LOAD_SECUENCIA_EXPEDIDOR?VERIFICADOR
            CODE    AA3AH     003BH     UNIT         ?CO?EEPROM
            CODE    AA75H     003BH     UNIT         ?PR?_DEBUG_PTO_PARALELO?TIBBO
            CODE    AAB0H     003BH     UNIT         ?PR?_COM_PUTCHAR?UART
            CODE    AAEBH     003AH     UNIT         ?PR?_DELAY_10MS?DELAY
            CODE    AB25H     0038H     UNIT         ?PR?VALIDASENSORESPASO?IO_SENSORES
            CODE    AB5DH     0036H     UNIT         ?PR?_RESPONDE_WRITE_TARJETA_SECTOR1_BLOQUE0?VERIFICADOR
            CODE    AB93H     0034H     UNIT         ?PR?INCREMENTE_TICKET?EEPROM
            CODE    ABC7H     0034H     UNIT         ?PR?ADDR_HORARIOS?PROG
            CODE    ABFBH     0033H     UNIT         ?PR?TRAMA_VALIDACION_P_N?VERIFICADOR
            CODE    AC2EH     0032H     UNIT         ?PR?_DEBUG_MONITOR?TIBBO
            CODE    AC60H     0031H     UNIT         ?PR?_TARJETA_ROTACION?VERIFICADOR
            CODE    AC91H     002EH     UNIT         ?PR?TIMER0_INT?MAIN
            CODE    ACBFH     002CH     UNIT         ?PR?LOAD_AND_SEND_INFO_RELOJ?PTO_PARALELO
            CODE    ACEBH     002AH     UNIT         ?PR?COM_INITIALIZE?UART
            CODE    AD15H     0028H     UNIT         ?PR?_WR_CLK?CLOCK
            CODE    AD3DH     0028H     UNIT         ?PR?COM_BAUDRATE?UART
            CODE    AD65H     0028H     UNIT         ?PR?_ARMAR_TRAMA_TARJETA_SECTOR1_BLOQUE0?VERIFICADOR
            CODE    AD8DH     0027H     UNIT         ?PR?_TX_CHRLCD?PANTALLAS
            CODE    ADB4H     0026H     UNIT         ?PR?COM_GETCHAR?UART
            CODE    ADDAH     0026H     UNIT         ?PR?ANALIZA_PRESENCIA_MENSUAL?VERIFICADOR
            CODE    AE00H     0026H     UNIT         ?PR?RX_MONITOR?MONITOR
            CODE    AE26H     0023H     UNIT         ?PR?ANALIZA_PRESENCIA_ROTACION?VERIFICADOR
BL51 BANKED LINKER/LOCATER V6.22.2.0                                                  08/19/2020  14:41:27  PAGE 6


            CODE    AE49H     0022H     UNIT         ?PR?_E_D_M?EEPROM
            CODE    AE6BH     0020H     UNIT         ?PR?ACKD?EEPROM
            CODE    AE8BH     0020H     UNIT         ?PR?ACK_LECT?EEPROM
            CODE    AEABH     001FH     UNIT         ?PR?VALIDASENSOR?IO_SENSORES
            CODE    AECAH     001FH     UNIT         ?PR?TIME_BIT?TIBBO
            CODE    AEE9H     001EH     UNIT         ?PR?_BCD_HEX?CLOCK
            CODE    AF07H     001BH     UNIT         ?PR?_DELAY_1MS?DELAY
            CODE    AF22H     0018H     UNIT         ?PR?CLEAR_PLACA?MONITOR
            CODE    AF3AH     0017H     UNIT         ?PR?DISPLAYCURSOR?PROG
            CODE    AF51H     0017H     UNIT         ?PR?TIME_MBIT?TIBBO
            CODE    AF68H     0014H     UNIT         ?PR?DEBUG_DIVIDIR_TEXTO?TIBBO
            CODE    AF7CH     0014H     UNIT         ?PR?_ISSPACE?ISSPACE
            CODE    AF90H     0012H     UNIT         ?PR?_DELAY_20US?DELAY
            CODE    AFA2H     0012H     UNIT         ?PR?START?EEPROM
            CODE    AFB4H     0012H     UNIT         ?PR?PULSO_BUS?PTO_PARALELO
            CODE    AFC6H     0012H     UNIT         ?PR?COM_RBUFLEN?UART
            CODE    AFD8H     0012H     UNIT         ?PR?COM_TBUFLEN?UART
            CODE    AFEAH     0010H     UNIT         ?PR?INI_TIMER?MAIN
            CODE    AFFAH     0010H     UNIT         ?PR?INICIA_BOARD?MAIN
            CODE    B00AH     000FH     UNIT         ?PR?_ISDIGIT?ISDIGIT
            CODE    B019H     000CH     UNIT         ?PR?_GETKEY?MAIN
            CODE    B025H     000AH     UNIT         ?PR?COND_INI_PTO?PTO_PARALELO
            CODE    B02FH     0009H     UNIT         ?PR?STOP?EEPROM
            CODE    B038H     0009H     UNIT         ?PR?CAPTURA_EXPULSA?VERIFICADOR
            CODE    B041H     0007H     UNIT         ?PR?COND_INI_CLOCK?CLOCK
            CODE    B048H     0007H     UNIT         ?PR?SEL_FUNCION?IO_SENSORES
            CODE    B04FH     0007H     UNIT         ?PR?SEL_AUTO?IO_SENSORES
            CODE    B056H     0007H     UNIT         ?PR?SEL_PULSA?IO_SENSORES
            CODE    B05DH     0007H     UNIT         ?PR?SEL_SENSOR2?IO_SENSORES
            CODE    B064H     0007H     UNIT         ?PR?SEL_SENSOR1?IO_SENSORES
            CODE    B06BH     0007H     UNIT         ?PR?SEL_DIR1?IO_SENSORES
            CODE    B072H     0007H     UNIT         ?PR?SEL_DIR2?IO_SENSORES
            CODE    B079H     0006H     UNIT         ?PR?P_ME?EEPROM
            CODE    B07FH     0005H     UNIT         ?PR?ON_TIMER0_INTERRUP?MAIN
            CODE    B084H     0005H     UNIT         ?CO?ACCESCAN
            CODE    B089H     0005H     UNIT         ?PR?COND_INI_TIBBO?TIBBO
            CODE    B08EH     0003H     UNIT         ?PR?OFF_TIMER0_INTERRUP?MAIN
            CODE    B091H     0003H     UNIT         ?CO?PTO_PARALELO
            CODE    B094H     0001H     UNIT         ?PR?DELAY?DELAY



OVERLAY MAP OF MODULE:   .\Objects\expedidor_v_01_raspberry (MAIN)


SEGMENT                                             BIT_GROUP          DATA_GROUP          XDATA_GROUP
  +--> CALLED SEGMENT                            START    LENGTH     START    LENGTH     START    LENGTH
--------------------------------------------------------------------------------------------------------
?C_C51STARTUP                                    -----    -----      -----    -----      -----    -----
  +--> ?PR?MAIN?MAIN
  +--> ?C_INITSEG

?PR?MAIN?MAIN                                    -----    -----      -----    -----      0000H    0002H
  +--> ?PR?INI_TIMER?MAIN
  +--> ?PR?ON_TIMER0_INTERRUP?MAIN
  +--> ?PR?COM_INITIALIZE?UART
  +--> ?PR?COM_BAUDRATE?UART
BL51 BANKED LINKER/LOCATER V6.22.2.0                                                  08/19/2020  14:41:27  PAGE 7


  +--> ?PR?INICIA_BOARD?MAIN
  +--> ?PR?TIME_BIT?TIBBO
  +--> ?PR?_DELAY_20US?DELAY
  +--> ?PR?TIME_MBIT?TIBBO
  +--> ?PR?_TX_AUX?TIBBO
  +--> ?PR?SEL_FUNCION?IO_SENSORES
  +--> ?PR?MENU?PROG
  +--> ?PR?VARIABLE_INICIO?MAIN
  +--> ?PR?SECUENCIA_INICIO_EXPEDIDOR?VERIFI...
  +--> ?PR?RX_MONITOR?MONITOR
  +--> ?PR?_SECUENCIAEXPEDIDORMF?VERIFICADOR
  +--> ?PR?_RECIBE_PORT?PTO_PARALELO
  +--> ?PR?_DEBUG_PTO_PARALELO?TIBBO
  +--> ?PR?_VALIDA_TRAMA_PTO?ACCESCAN
  +--> ?PR?MSJ_LCD_INFORMATIVO?IO_SENSORES

?PR?COM_INITIALIZE?UART                          -----    -----      -----    -----      -----    -----
  +--> ?PR?COM_BAUDRATE?UART

?PR?INICIA_BOARD?MAIN                            -----    -----      -----    -----      -----    -----
  +--> ?PR?COND_INI_TIBBO?TIBBO
  +--> ?PR?COND_INI_CLOCK?CLOCK
  +--> ?PR?COND_INI_PTO?PTO_PARALELO

?PR?_TX_AUX?TIBBO                                -----    -----      -----    -----      -----    -----
  +--> ?PR?TIME_BIT?TIBBO

?PR?MENU?PROG                                    -----    -----      -----    -----      0002H    0045H
  +--> ?CO?PROG
  +--> ?PR?PRINTF?PRINTF
  +--> ?PR?_RD_EEPROM?EEPROM
  +--> ?PR?FIRST_CLAVE?PROG
  +--> ?PR?_WR_EEPROM?EEPROM
  +--> ?PR?_LEERMEMORIA?EEPROM
  +--> ?PR?_HASH_ID?PROG
  +--> ?PR?_INGRESADATO?PROG
  +--> ?PR?_GETCMD?PROG
  +--> ?PR?_ESCRIBIRMEMORIA?EEPROM
  +--> ?PR?_VALIDARCLAVE?PROG
  +--> ?PR?DISPLAYCURSOR?PROG
  +--> ?PR?_STRLEN?STRLEN
  +--> ?PR?_GETOPTION?PROG
  +--> ?PR?_STRCAT?STRCAT
  +--> ?PR?_LISTACOMANDOS?PROG
  +--> ?PR?PROG_ID_CLIENTE?PROG
  +--> ?PR?PROG_COD_PARK?PROG
  +--> ?PR?PROG_TIEMPO_GRACIA?PROG
  +--> ?PR?PROG_SIN_COBRO?PROG
  +--> ?PR?PROG_DEBUG?PROG
  +--> ?PR?PROG_USE_LPR?PROG
  +--> ?PR?TIPO_PANTALLA?PROG
  +--> ?PR?PROG_TARJETA_AUTOMATICA_O_BOTON?PROG
  +--> ?PR?PROG_ANTIPASSBACK?PROG
  +--> ?PR?PROG_PLACA?PROG
  +--> ?PR?PROG_ADDRESS_HIGH_BOARD?PROG
  +--> ?PR?PROG_HORARIOS?PROG
  +--> ?PR?PROG_VALIDAR_TIPO_VEHICULO_MENSUA...
BL51 BANKED LINKER/LOCATER V6.22.2.0                                                  08/19/2020  14:41:27  PAGE 8


  +--> ?PR?PROG_APB_MENSUAL?PROG
  +--> ?PR?VER_PROG?PROG
  +--> ?PR?SHOW?PROG
  +--> ?PR?PROG_FECHA_VENCIMIENTO?PROG

?PR?PRINTF?PRINTF                                0020H.0  0001H.1    0008H    0005H      0078H    0030H
  +--> ?PR?_PUTCHAR?MAIN

?PR?_PUTCHAR?MAIN                                -----    -----      -----    -----      00A8H    0003H
  +--> ?PR?_COM_PUTCHAR?UART

?PR?_COM_PUTCHAR?UART                            -----    -----      -----    -----      00ABH    0001H
  +--> ?PR?COM_TBUFLEN?UART

?PR?_RD_EEPROM?EEPROM                            -----    -----      -----    -----      -----    -----
  +--> ?PR?START?EEPROM
  +--> ?PR?ACK_LECT?EEPROM
  +--> ?PR?_E_D_M?EEPROM
  +--> ?PR?ACKD?EEPROM
  +--> ?PR?L_D_M?EEPROM
  +--> ?PR?STOP?EEPROM

?PR?ACK_LECT?EEPROM                              -----    -----      -----    -----      -----    -----
  +--> ?PR?_E_D_M?EEPROM

?PR?_E_D_M?EEPROM                                -----    -----      -----    -----      -----    -----
  +--> ?PR?P_ME?EEPROM

?PR?ACKD?EEPROM                                  -----    -----      -----    -----      -----    -----
  +--> ?PR?_E_D_M?EEPROM

?PR?FIRST_CLAVE?PROG                             -----    -----      -----    -----      0047H    000BH
  +--> ?PR?_BLOCK_READ_CLOCK_ASCII?CLOCK
  +--> ?PR?_HASH_ID?PROG
  +--> ?PR?_ESCRIBIRMEMORIA?EEPROM

?PR?_BLOCK_READ_CLOCK_ASCII?CLOCK                -----    -----      -----    -----      0052H    0003H
  +--> ?PR?_LEE_CLK?CLOCK

?PR?_LEE_CLK?CLOCK                               -----    -----      -----    -----      00B2H    0003H
  +--> ?PR?_DELAY_20US?DELAY
  +--> ?PR?_EB_CLK?CLOCK
  +--> ?PR?P_CK?CLOCK

?PR?_EB_CLK?CLOCK                                -----    -----      -----    -----      00B5H    0003H
  +--> ?PR?P_CK?CLOCK

?PR?P_CK?CLOCK                                   -----    -----      -----    -----      -----    -----
  +--> ?PR?DELAY?DELAY

?PR?_HASH_ID?PROG                                -----    -----      -----    -----      005EH    003FH
  +--> ?CO?PROG
  +--> ?PR?_LEERMEMORIA?EEPROM
  +--> ?PR?_CHECK_FECHAOUT?CLOCK
  +--> ?PR?_STRLEN?STRLEN

?PR?_LEERMEMORIA?EEPROM                          -----    -----      -----    -----      009DH    0005H
BL51 BANKED LINKER/LOCATER V6.22.2.0                                                  08/19/2020  14:41:27  PAGE 9


  +--> ?PR?_RD_EEPROM?EEPROM

?PR?_CHECK_FECHAOUT?CLOCK                        -----    -----      -----    -----      009DH    0012H
  +--> ?PR?_BLOCK_READ_CLOCK_HEX?CLOCK

?PR?_BLOCK_READ_CLOCK_HEX?CLOCK                  -----    -----      -----    -----      00AFH    0003H
  +--> ?PR?_LEE_CLK?CLOCK
  +--> ?PR?_BCD_HEX?CLOCK

?PR?_ESCRIBIRMEMORIA?EEPROM                      -----    -----      -----    -----      005EH    0005H
  +--> ?PR?_WR_EEPROM?EEPROM

?PR?_WR_EEPROM?EEPROM                            -----    -----      -----    -----      -----    -----
  +--> ?PR?START?EEPROM
  +--> ?PR?ACKD?EEPROM
  +--> ?PR?_E_D_M?EEPROM
  +--> ?PR?STOP?EEPROM
  +--> ?PR?_DELAY_1MS?DELAY
  +--> ?PR?_DELAY_20US?DELAY

?PR?_DELAY_1MS?DELAY                             -----    -----      -----    -----      -----    -----
  +--> ?PR?_DELAY_20US?DELAY

?PR?_INGRESADATO?PROG                            -----    -----      -----    -----      0072H    0004H
  +--> ?PR?_GETKEY?MAIN
  +--> ?CO?PROG
  +--> ?PR?PRINTF?PRINTF
  +--> ?PR?_PUTCHAR?MAIN

?PR?_GETKEY?MAIN                                 -----    -----      -----    -----      -----    -----
  +--> ?PR?COM_GETCHAR?UART

?PR?COM_GETCHAR?UART                             -----    -----      -----    -----      -----    -----
  +--> ?PR?COM_RBUFLEN?UART

?PR?_GETCMD?PROG                                 -----    -----      -----    -----      005EH    0007H
  +--> ?CO?PROG
  +--> ?PR?_STRTOK?STRTOK

?PR?_STRTOK?STRTOK                               -----    -----      -----    -----      0065H    0006H
  +--> ?PR?_STRSPN?STRSPN
  +--> ?PR?_STRPBRK?STRPBRK

?PR?_STRSPN?STRSPN                               -----    -----      -----    -----      006BH    0008H

?PR?_STRPBRK?STRPBRK                             -----    -----      -----    -----      006BH    0009H

?PR?_VALIDARCLAVE?PROG                           -----    -----      -----    -----      005EH    000EH

?PR?DISPLAYCURSOR?PROG                           -----    -----      -----    -----      -----    -----
  +--> ?CO?PROG
  +--> ?PR?PRINTF?PRINTF

?PR?_GETOPTION?PROG                              -----    -----      -----    -----      0047H    000BH
  +--> ?CO?PROG
  +--> ?PR?_STRTOK?STRTOK

BL51 BANKED LINKER/LOCATER V6.22.2.0                                                  08/19/2020  14:41:27  PAGE 10


?PR?_STRCAT?STRCAT                               -----    -----      -----    -----      0047H    0009H

?PR?_LISTACOMANDOS?PROG                          -----    -----      -----    -----      0047H    0007H

?PR?PROG_ID_CLIENTE?PROG                         -----    -----      -----    -----      0047H    000CH
  +--> ?PR?_RD_EEPROM?EEPROM
  +--> ?CO?PROG
  +--> ?PR?PRINTF?PRINTF
  +--> ?PR?_INGRESADATO?PROG
  +--> ?PR?_ATOI?ATOI
  +--> ?PR?_WR_EEPROM?EEPROM

?PR?_ATOI?ATOI                                   0020H.0  0000H.1    -----    -----      0072H    0005H
  +--> ?PR?_ISSPACE?ISSPACE
  +--> ?PR?_ISDIGIT?ISDIGIT

?PR?PROG_COD_PARK?PROG                           -----    -----      -----    -----      0047H    000CH
  +--> ?PR?_RD_EEPROM?EEPROM
  +--> ?CO?PROG
  +--> ?PR?PRINTF?PRINTF
  +--> ?PR?_INGRESADATO?PROG
  +--> ?PR?_ATOI?ATOI
  +--> ?PR?_WR_EEPROM?EEPROM

?PR?PROG_TIEMPO_GRACIA?PROG                      -----    -----      -----    -----      0047H    000CH
  +--> ?PR?_RD_EEPROM?EEPROM
  +--> ?CO?PROG
  +--> ?PR?PRINTF?PRINTF
  +--> ?PR?_INGRESADATO?PROG
  +--> ?PR?_ATOI?ATOI
  +--> ?PR?_WR_EEPROM?EEPROM

?PR?PROG_SIN_COBRO?PROG                          -----    -----      -----    -----      0047H    000CH
  +--> ?PR?_RD_EEPROM?EEPROM
  +--> ?CO?PROG
  +--> ?PR?PRINTF?PRINTF
  +--> ?PR?_INGRESADATO?PROG
  +--> ?PR?_ATOI?ATOI
  +--> ?PR?_WR_EEPROM?EEPROM

?PR?PROG_DEBUG?PROG                              -----    -----      -----    -----      0047H    000CH
  +--> ?PR?_RD_EEPROM?EEPROM
  +--> ?CO?PROG
  +--> ?PR?PRINTF?PRINTF
  +--> ?PR?_INGRESADATO?PROG
  +--> ?PR?_ATOI?ATOI
  +--> ?PR?_WR_EEPROM?EEPROM

?PR?PROG_USE_LPR?PROG                            -----    -----      -----    -----      0047H    000CH
  +--> ?PR?_RD_EEPROM?EEPROM
  +--> ?CO?PROG
  +--> ?PR?PRINTF?PRINTF
  +--> ?PR?_INGRESADATO?PROG
  +--> ?PR?_ATOI?ATOI
  +--> ?PR?_WR_EEPROM?EEPROM

?PR?TIPO_PANTALLA?PROG                           -----    -----      -----    -----      0047H    000CH
BL51 BANKED LINKER/LOCATER V6.22.2.0                                                  08/19/2020  14:41:27  PAGE 11


  +--> ?PR?_RD_EEPROM?EEPROM
  +--> ?CO?PROG
  +--> ?PR?PRINTF?PRINTF
  +--> ?PR?_INGRESADATO?PROG
  +--> ?PR?_ATOI?ATOI
  +--> ?PR?_WR_EEPROM?EEPROM

?PR?PROG_TARJETA_AUTOMATICA_O_BOTON?PROG         -----    -----      -----    -----      0047H    000CH
  +--> ?PR?_RD_EEPROM?EEPROM
  +--> ?CO?PROG
  +--> ?PR?PRINTF?PRINTF
  +--> ?PR?_INGRESADATO?PROG
  +--> ?PR?_ATOI?ATOI
  +--> ?PR?_WR_EEPROM?EEPROM

?PR?PROG_ANTIPASSBACK?PROG                       -----    -----      -----    -----      0047H    000CH
  +--> ?PR?_RD_EEPROM?EEPROM
  +--> ?CO?PROG
  +--> ?PR?PRINTF?PRINTF
  +--> ?PR?_INGRESADATO?PROG
  +--> ?PR?_ATOI?ATOI
  +--> ?PR?_WR_EEPROM?EEPROM

?PR?PROG_PLACA?PROG                              -----    -----      -----    -----      0047H    000CH
  +--> ?PR?_RD_EEPROM?EEPROM
  +--> ?CO?PROG
  +--> ?PR?PRINTF?PRINTF
  +--> ?PR?_INGRESADATO?PROG
  +--> ?PR?_ATOI?ATOI
  +--> ?PR?_WR_EEPROM?EEPROM

?PR?PROG_ADDRESS_HIGH_BOARD?PROG                 -----    -----      -----    -----      0047H    000CH
  +--> ?PR?_RD_EEPROM?EEPROM
  +--> ?CO?PROG
  +--> ?PR?PRINTF?PRINTF
  +--> ?PR?_INGRESADATO?PROG
  +--> ?PR?_ATOI?ATOI
  +--> ?PR?_WR_EEPROM?EEPROM

?PR?PROG_HORARIOS?PROG                           -----    -----      -----    -----      0047H    001BH
  +--> ?PR?ADDR_HORARIOS?PROG
  +--> ?CO?PROG
  +--> ?PR?PRINTF?PRINTF
  +--> ?PR?_INGRESADATO?PROG
  +--> ?PR?_ATOI?ATOI
  +--> ?PR?_PROG_HORARIOS_ON_OFF?PROG
  +--> ?PR?_WR_EEPROM?EEPROM
  +--> ?PR?_PROG_HORARIO_DIAS?PROG
  +--> ?PR?_PROG_HORARIO_DESDE_HASTA?PROG
  +--> ?PR?_RD_EEPROM?EEPROM

?PR?ADDR_HORARIOS?PROG                           -----    -----      -----    -----      0075H    000BH

?PR?_PROG_HORARIOS_ON_OFF?PROG                   -----    -----      -----    -----      0062H    0010H
  +--> ?PR?_RD_EEPROM?EEPROM
  +--> ?CO?PROG
  +--> ?PR?PRINTF?PRINTF
BL51 BANKED LINKER/LOCATER V6.22.2.0                                                  08/19/2020  14:41:27  PAGE 12


  +--> ?PR?_INGRESADATO?PROG
  +--> ?PR?_ATOI?ATOI
  +--> ?PR?_WR_EEPROM?EEPROM

?PR?_PROG_HORARIO_DIAS?PROG                      -----    -----      -----    -----      0062H    000FH
  +--> ?CO?PROG
  +--> ?PR?PRINTF?PRINTF
  +--> ?PR?_INGRESADATO?PROG
  +--> ?PR?_WR_EEPROM?EEPROM
  +--> ?PR?_RD_EEPROM?EEPROM

?PR?_PROG_HORARIO_DESDE_HASTA?PROG               -----    -----      -----    -----      0062H    000CH
  +--> ?CO?PROG
  +--> ?PR?PRINTF?PRINTF
  +--> ?PR?_INGRESADATO?PROG
  +--> ?PR?_WR_EEPROM?EEPROM
  +--> ?PR?_RD_EEPROM?EEPROM

?PR?PROG_VALIDAR_TIPO_VEHICULO_MENSUA...         -----    -----      -----    -----      0047H    000CH
  +--> ?PR?_RD_EEPROM?EEPROM
  +--> ?CO?PROG
  +--> ?PR?PRINTF?PRINTF
  +--> ?PR?_INGRESADATO?PROG
  +--> ?PR?_ATOI?ATOI
  +--> ?PR?_WR_EEPROM?EEPROM

?PR?PROG_APB_MENSUAL?PROG                        -----    -----      -----    -----      0047H    000CH
  +--> ?PR?_RD_EEPROM?EEPROM
  +--> ?CO?PROG
  +--> ?PR?PRINTF?PRINTF
  +--> ?PR?_INGRESADATO?PROG
  +--> ?PR?_ATOI?ATOI
  +--> ?PR?_WR_EEPROM?EEPROM

?PR?VER_PROG?PROG                                -----    -----      -----    -----      0047H    0013H
  +--> ?PR?_RD_EEPROM?EEPROM
  +--> ?CO?PROG
  +--> ?PR?PRINTF?PRINTF
  +--> ?PR?VER_HORARIO?PROG
  +--> ?PR?_LEERMEMORIA?EEPROM
  +--> ?PR?_HEX_ASCII?CLOCK

?PR?VER_HORARIO?PROG                             -----    -----      -----    -----      005AH    001BH
  +--> ?PR?ADDR_HORARIOS?PROG
  +--> ?CO?PROG
  +--> ?PR?PRINTF?PRINTF
  +--> ?PR?_RD_EEPROM?EEPROM
  +--> ?PR?_VER_HORARIO_DIAS?PROG
  +--> ?PR?_VER_HORARIO_DESDE_HASTA?PROG

?PR?_VER_HORARIO_DIAS?PROG                       -----    -----      -----    -----      0075H    0003H
  +--> ?PR?_RD_EEPROM?EEPROM
  +--> ?CO?PROG
  +--> ?PR?PRINTF?PRINTF

?PR?_VER_HORARIO_DESDE_HASTA?PROG                -----    -----      -----    -----      0075H    0002H
  +--> ?CO?PROG
BL51 BANKED LINKER/LOCATER V6.22.2.0                                                  08/19/2020  14:41:27  PAGE 13


  +--> ?PR?PRINTF?PRINTF
  +--> ?PR?_RD_EEPROM?EEPROM

?PR?_HEX_ASCII?CLOCK                             -----    -----      -----    -----      005EH    0006H
  +--> ?PR?_HEX_BCD?CLOCK

?PR?SHOW?PROG                                    -----    -----      -----    -----      -----    -----
  +--> ?CO?PROG
  +--> ?PR?PRINTF?PRINTF

?PR?PROG_FECHA_VENCIMIENTO?PROG                  -----    -----      -----    -----      0047H    0017H
  +--> ?PR?_LEERMEMORIA?EEPROM
  +--> ?PR?_HEX_ASCII?CLOCK
  +--> ?CO?PROG
  +--> ?PR?PRINTF?PRINTF
  +--> ?PR?_HASH_ID?PROG
  +--> ?PR?_INGRESADATO?PROG
  +--> ?PR?_GETCMD?PROG
  +--> ?PR?_ESCRIBIRMEMORIA?EEPROM
  +--> ?PR?_VALIDARCLAVE?PROG
  +--> ?PR?_ATOI?ATOI
  +--> ?PR?_WR_EEPROM?EEPROM

?PR?VARIABLE_INICIO?MAIN                         -----    -----      -----    -----      -----    -----
  +--> ?PR?_RD_EEPROM?EEPROM

?PR?SECUENCIA_INICIO_EXPEDIDOR?VERIFI...         -----    -----      -----    -----      0002H    0001H
  +--> ?PR?_INICIALIZA?LINTECH
  +--> ?PR?TRAMA_VALIDACION_P_N?VERIFICADOR
  +--> ?CO?VERIFICADOR
  +--> ?PR?_DEBUG_TXT_TIBBO?TIBBO
  +--> ?PR?_DEBUGBUFFERMF?TIBBO
  +--> ?PR?DWLOAD_EEPROM?LINTECH

?PR?_INICIALIZA?LINTECH                          -----    -----      -----    -----      0003H    000CH
  +--> ?CO?LINTECH
  +--> ?PR?_DEBUG_TXT_TIBBO?TIBBO
  +--> ?PR?_DEBUGBUFFERMF?TIBBO
  +--> ?PR?_ESCRIBIRCADENASOFT_BUFFER?MAIN

?PR?_DEBUG_TXT_TIBBO?TIBBO                       -----    -----      -----    -----      0038H    0004H
  +--> ?PR?_DEBUG_CHR_TIBBO?TIBBO
  +--> ?CO?TIBBO
  +--> ?PR?_TX_AUX?TIBBO

?PR?_DEBUG_CHR_TIBBO?TIBBO                       -----    -----      -----    -----      -----    -----
  +--> ?PR?_TX_AUX?TIBBO

?PR?_DEBUGBUFFERMF?TIBBO                         -----    -----      -----    -----      0028H    0006H
  +--> ?CO?TIBBO
  +--> ?PR?_DEBUG_TXT_TIBBO?TIBBO
  +--> ?PR?_DEBUG_CHR_TIBBO?TIBBO
  +--> ?PR?_TX_AUX?TIBBO

?PR?_ESCRIBIRCADENASOFT_BUFFER?MAIN              -----    -----      -----    -----      0028H    0006H
  +--> ?PR?_PUTCHAR?MAIN

BL51 BANKED LINKER/LOCATER V6.22.2.0                                                  08/19/2020  14:41:27  PAGE 14


?PR?TRAMA_VALIDACION_P_N?VERIFICADOR             -----    -----      -----    -----      -----    -----
  +--> ?CO?VERIFICADOR
  +--> ?PR?_DEBUG_TXT_TIBBO?TIBBO

?PR?DWLOAD_EEPROM?LINTECH                        -----    -----      -----    -----      0003H    0016H
  +--> ?CO?LINTECH
  +--> ?PR?_DEBUG_TXT_TIBBO?TIBBO
  +--> ?PR?_DEBUGBUFFERMF?TIBBO
  +--> ?PR?_ESCRIBIRCADENASOFT_BUFFER?MAIN

?PR?RX_MONITOR?MONITOR                           -----    -----      -----    -----      0008H    000DH
  +--> ?PR?_RECIBE_CMD_MONITOR?MONITOR
  +--> ?PR?_DEBUG_MONITOR?TIBBO
  +--> ?PR?_VALIDA_TRAMA_MONITOR?MONITOR

?PR?_RECIBE_CMD_MONITOR?MONITOR                  -----    -----      -----    -----      0015H    0009H
  +--> ?PR?RX_DATA?TIBBO

?PR?RX_DATA?TIBBO                                -----    -----      -----    -----      -----    -----
  +--> ?PR?TIME_MBIT?TIBBO
  +--> ?PR?TIME_BIT?TIBBO

?PR?_DEBUG_MONITOR?TIBBO                         -----    -----      -----    -----      0015H    0004H
  +--> ?PR?DEBUG_DIVIDIR_TEXTO?TIBBO
  +--> ?CO?TIBBO
  +--> ?PR?_DEBUG_TXT_TIBBO?TIBBO

?PR?DEBUG_DIVIDIR_TEXTO?TIBBO                    -----    -----      -----    -----      -----    -----
  +--> ?CO?TIBBO
  +--> ?PR?_DEBUG_TXT_TIBBO?TIBBO

?PR?_VALIDA_TRAMA_MONITOR?MONITOR                -----    -----      -----    -----      0015H    0003H

?PR?_SECUENCIAEXPEDIDORMF?VERIFICADOR            -----    -----      -----    -----      0002H    0001H
  +--> ?PR?_CHECK_STATUS?LINTECH
  +--> ?PR?_LOAD_SECUENCIA_EXPEDIDOR?VERIFIC...
  +--> ?PR?_RTA_CMD_TRANSPORTE?VERIFICADOR
  +--> ?PR?RESPONDE_ESTADO_SENSORES_TRANSPOR...
  +--> ?PR?RESPONDE_TIPO_TARJETA?VERIFICADOR
  +--> ?PR?_RESPONDE_LECTURA_TARJETA_SECTOR1...
  +--> ?PR?_RESPONDE_LECTURA_TARJETA_SECTOR1...
  +--> ?PR?_RESPONDE_LECTURA_TARJETA_SECTOR1...
  +--> ?PR?_RESPONDE_WRITE_TARJETA_SECTOR1_B...
  +--> ?PR?_RESPONDE_WRITE_TARJETA_SECTOR2_B...
  +--> ?PR?_RESPONDE_WRITE_TARJETA_SECTOR1_B...
  +--> ?PR?_DISPARO_LOCK_ENTRADA_VEHICULO?VE...
  +--> ?PR?_RESPUESTA_SEGUNDA_CLAVE?VERIFICADOR
  +--> ?PR?ANALIZA_PRESENCIA_MENSUAL?VERIFIC...
  +--> ?PR?_ANALIZA_UID_CARD?VERIFICADOR
  +--> ?CO?VERIFICADOR
  +--> ?PR?_DEBUG_TXT_TIBBO?TIBBO
  +--> ?PR?_MOV_CARD?LINTECH
  +--> ?PR?_CARD_INSERCION?LINTECH
  +--> ?PR?AUT_CARD_CHECK_STATUS?LINTECH
  +--> ?PR?LOADVERIFY_EEPROM?LINTECH
  +--> ?PR?_RD_MF?LINTECH
  +--> ?PR?_WR_MF?LINTECH
BL51 BANKED LINKER/LOCATER V6.22.2.0                                                  08/19/2020  14:41:27  PAGE 15


  +--> ?PR?DWLOAD_EEPROM?LINTECH
  +--> ?PR?ENTREGA_CARD_CAPTURA?VERIFICADOR
  +--> ?PR?_SEND_PTO_PARALELO?VERIFICADOR
  +--> ?PR?_WAIT_PLACA?VERIFICADOR
  +--> ?PR?UNIQUE_IDENTIFIER_UID?LINTECH
  +--> ?PR?_PREGUNTA_LPR?VERIFICADOR
  +--> ?PR?_VALIDA_TIPO_TARJETA?VERIFICADOR
  +--> ?PR?ANALIZA_PRESENCIA_ROTACION?VERIFI...
  +--> ?PR?POWER_OFF?LINTECH

?PR?_CHECK_STATUS?LINTECH                        -----    -----      -----    -----      0003H    000BH
  +--> ?CO?LINTECH
  +--> ?PR?_DEBUG_TXT_TIBBO?TIBBO
  +--> ?PR?_DEBUGBUFFERMF?TIBBO
  +--> ?PR?_ESCRIBIRCADENASOFT_BUFFER?MAIN

?PR?_LOAD_SECUENCIA_EXPEDIDOR?VERIFIC...         -----    -----      -----    -----      0008H    0009H

?PR?_RTA_CMD_TRANSPORTE?VERIFICADOR              -----    -----      -----    -----      0003H    0005H
  +--> ?PR?TRAMA_VALIDACION_P_N?VERIFICADOR
  +--> ?CO?VERIFICADOR
  +--> ?PR?_DEBUG_TXT_TIBBO?TIBBO
  +--> ?PR?_DEBUGBUFFERMF?TIBBO
  +--> ?PR?ERROR_RX_PTO?VERIFICADOR

?PR?ERROR_RX_PTO?VERIFICADOR                     -----    -----      -----    -----      0008H    0001H
  +--> ?CO?VERIFICADOR
  +--> ?PR?_DEBUG_TXT_TIBBO?TIBBO
  +--> ?PR?_DEBUG_CHR_TIBBO?TIBBO
  +--> ?PR?_DELAY_10MS?DELAY

?PR?_DELAY_10MS?DELAY                            -----    -----      -----    -----      0009H    0004H
  +--> ?PR?_DELAY_1MS?DELAY

?PR?RESPONDE_ESTADO_SENSORES_TRANSPOR...         -----    -----      -----    -----      0003H    0001H
  +--> ?CO?VERIFICADOR
  +--> ?PR?_DEBUG_TXT_TIBBO?TIBBO
  +--> ?PR?_SEND_PORTERR?PTO_PARALELO
  +--> ?PR?INGRESO_VEHICULO?VERIFICADOR

?PR?_SEND_PORTERR?PTO_PARALELO                   -----    -----      -----    -----      002BH    0006H
  +--> ?PR?PULSO_BUS?PTO_PARALELO
  +--> ?PR?_DELAY_20US?DELAY

?PR?PULSO_BUS?PTO_PARALELO                       -----    -----      -----    -----      -----    -----
  +--> ?PR?_DELAY_20US?DELAY

?PR?INGRESO_VEHICULO?VERIFICADOR                 -----    -----      -----    -----      -----    -----
  +--> ?PR?VALIDASENSORESPASO?IO_SENSORES
  +--> ?PR?_RD_EEPROM?EEPROM
  +--> ?CO?VERIFICADOR
  +--> ?PR?_DEBUG_TXT_TIBBO?TIBBO
  +--> ?PR?_PANTALLALCD?PANTALLAS
  +--> ?PR?SEL_PULSA?IO_SENSORES

?PR?VALIDASENSORESPASO?IO_SENSORES               -----    -----      -----    -----      0011H    0001H
  +--> ?PR?SEL_SENSOR2?IO_SENSORES
BL51 BANKED LINKER/LOCATER V6.22.2.0                                                  08/19/2020  14:41:27  PAGE 16


  +--> ?PR?VALIDASENSOR?IO_SENSORES
  +--> ?PR?VALIDA_SENSOR1_AUTO?IO_SENSORES
  +--> ?CO?IO_SENSORES
  +--> ?PR?_DEBUG_TXT_TIBBO?TIBBO

?PR?VALIDA_SENSOR1_AUTO?IO_SENSORES              -----    -----      -----    -----      0012H    0001H
  +--> ?PR?SEL_SENSOR1?IO_SENSORES
  +--> ?PR?SEL_AUTO?IO_SENSORES
  +--> ?CO?IO_SENSORES
  +--> ?PR?_DEBUG_TXT_TIBBO?TIBBO

?PR?_PANTALLALCD?PANTALLAS                       -----    -----      -----    -----      002BH    0008H
  +--> ?CO?PANTALLAS
  +--> ?PR?_LCD_TXT?PANTALLAS
  +--> ?PR?_STRLEN?STRLEN
  +--> ?PR?_TX_CHRLCD?PANTALLAS
  +--> ?PR?RASPBERRY_DATA1?PANTALLAS

?PR?_LCD_TXT?PANTALLAS                           -----    -----      -----    -----      0033H    0005H
  +--> ?PR?_TX_CHRLCD?PANTALLAS

?PR?_TX_CHRLCD?PANTALLAS                         -----    -----      -----    -----      0038H    0002H
  +--> ?PR?_PUTCHAR?MAIN

?PR?RASPBERRY_DATA1?PANTALLAS                    -----    -----      -----    -----      0033H    0003H
  +--> ?PR?_STRLEN?STRLEN
  +--> ?PR?_PUTCHAR?MAIN

?PR?RESPONDE_TIPO_TARJETA?VERIFICADOR            -----    -----      -----    -----      0003H    0001H
  +--> ?CO?VERIFICADOR
  +--> ?PR?_DEBUG_TXT_TIBBO?TIBBO
  +--> ?PR?_SEND_PORTERR?PTO_PARALELO
  +--> ?PR?_PANTALLALCD?PANTALLAS
  +--> ?PR?CAPTURA_EXPULSA?VERIFICADOR

?PR?_RESPONDE_LECTURA_TARJETA_SECTOR1...         -----    -----      -----    -----      0003H    0016H
  +--> ?CO?VERIFICADOR
  +--> ?PR?_DEBUG_TXT_TIBBO?TIBBO
  +--> ?PR?_DEBUGBUFFERMF?TIBBO
  +--> ?PR?_RD_EEPROM?EEPROM
  +--> ?PR?_DEBUG_HEXDEC?TIBBO
  +--> ?PR?_DEBUG_CHR_TIBBO?TIBBO
  +--> ?PR?_SEND_PORTERR?PTO_PARALELO
  +--> ?PR?_PANTALLALCD?PANTALLAS
  +--> ?PR?CAPTURA_EXPULSA?VERIFICADOR

?PR?_DEBUG_HEXDEC?TIBBO                          -----    -----      -----    -----      0019H    0002H
  +--> ?PR?_TX_AUX?TIBBO

?PR?_RESPONDE_LECTURA_TARJETA_SECTOR1...         -----    -----      -----    -----      0003H    0004H
  +--> ?CO?VERIFICADOR
  +--> ?PR?_DEBUG_TXT_TIBBO?TIBBO
  +--> ?PR?CAPTURA_EXPULSA?VERIFICADOR

?PR?_RESPONDE_LECTURA_TARJETA_SECTOR1...         -----    -----      -----    -----      0003H    0015H
  +--> ?CO?VERIFICADOR
  +--> ?PR?_DEBUG_TXT_TIBBO?TIBBO
BL51 BANKED LINKER/LOCATER V6.22.2.0                                                  08/19/2020  14:41:27  PAGE 17


  +--> ?PR?_DEBUGBUFFERMF?TIBBO
  +--> ?PR?_DEBUG_CHR_TIBBO?TIBBO
  +--> ?PR?CAPTURA_EXPULSA?VERIFICADOR

?PR?_RESPONDE_WRITE_TARJETA_SECTOR1_B...         -----    -----      -----    -----      0003H    0007H
  +--> ?CO?VERIFICADOR
  +--> ?PR?_DEBUG_TXT_TIBBO?TIBBO
  +--> ?PR?_DEBUGBUFFERMF?TIBBO
  +--> ?PR?_ARMAR_TRAMA_TARJETA_SECTOR1_BLOQ...

?PR?_ARMAR_TRAMA_TARJETA_SECTOR1_BLOQ...         -----    -----      -----    -----      000AH    0003H
  +--> ?PR?LEE_NO_TICKET?EEPROM

?PR?LEE_NO_TICKET?EEPROM                         -----    -----      -----    -----      001CH    000BH
  +--> ?PR?READ_EEPROM_TICKET?EEPROM
  +--> ?CO?EEPROM
  +--> ?PR?PRINTF?PRINTF
  +--> ?PR?_STRLEN?STRLEN
  +--> ?PR?_DEBUG_TXT_TIBBO?TIBBO

?PR?READ_EEPROM_TICKET?EEPROM                    -----    -----      -----    -----      0027H    0007H
  +--> ?PR?_RD_EEPROM?EEPROM

?PR?_RESPONDE_WRITE_TARJETA_SECTOR2_B...         -----    -----      -----    -----      0003H    0003H
  +--> ?CO?VERIFICADOR
  +--> ?PR?_DEBUG_TXT_TIBBO?TIBBO
  +--> ?PR?_DEBUGBUFFERMF?TIBBO

?PR?_RESPONDE_WRITE_TARJETA_SECTOR1_B...         -----    -----      -----    -----      0003H    0003H
  +--> ?CO?VERIFICADOR
  +--> ?PR?_DEBUG_TXT_TIBBO?TIBBO
  +--> ?PR?_DEBUGBUFFERMF?TIBBO

?PR?_DISPARO_LOCK_ENTRADA_VEHICULO?VE...         -----    -----      -----    -----      0003H    0004H
  +--> ?CO?VERIFICADOR
  +--> ?PR?_DEBUG_TXT_TIBBO?TIBBO
  +--> ?PR?_PANTALLALCD?PANTALLAS
  +--> ?PR?_SEND_PORTERR?PTO_PARALELO
  +--> ?PR?_PANTALLALCD_LINEA_2?PANTALLAS
  +--> ?PR?VALIDA_SENSOR1_AUTO?IO_SENSORES

?PR?_PANTALLALCD_LINEA_2?PANTALLAS               -----    -----      -----    -----      0011H    000BH
  +--> ?CO?PANTALLAS
  +--> ?PR?_LCD_TXT?PANTALLAS
  +--> ?PR?_STRLEN?STRLEN
  +--> ?PR?_TX_CHRLCD?PANTALLAS
  +--> ?PR?RASPBERRY_DATA1?PANTALLAS
  +--> ?PR?LEE_NO_TICKET?EEPROM
  +--> ?PR?_STRCAT?STRCAT

?PR?_RESPUESTA_SEGUNDA_CLAVE?VERIFICADOR         -----    -----      -----    -----      0003H    0006H
  +--> ?CO?VERIFICADOR
  +--> ?PR?_DEBUG_TXT_TIBBO?TIBBO
  +--> ?PR?_DEBUGBUFFERMF?TIBBO
  +--> ?PR?_ARMAR_TRAMA_PLACA?VERIFICADOR

?PR?_ARMAR_TRAMA_PLACA?VERIFICADOR               -----    -----      -----    -----      0009H    0003H
BL51 BANKED LINKER/LOCATER V6.22.2.0                                                  08/19/2020  14:41:27  PAGE 18



?PR?ANALIZA_PRESENCIA_MENSUAL?VERIFIC...         -----    -----      -----    -----      0003H    0001H
  +--> ?PR?VALIDASENSORESPASO?IO_SENSORES
  +--> ?PR?_SEND_PORTERR?PTO_PARALELO
  +--> ?PR?_PANTALLALCD?PANTALLAS

?PR?_ANALIZA_UID_CARD?VERIFICADOR                -----    -----      -----    -----      0003H    0015H
  +--> ?CO?VERIFICADOR
  +--> ?PR?_DEBUG_TXT_TIBBO?TIBBO
  +--> ?PR?_DEBUGBUFFERMF?TIBBO
  +--> ?PR?_DEBUG_CHR_TIBBO?TIBBO

?PR?_MOV_CARD?LINTECH                            -----    -----      -----    -----      0003H    000CH
  +--> ?CO?LINTECH
  +--> ?PR?_DEBUG_TXT_TIBBO?TIBBO
  +--> ?PR?_DEBUGBUFFERMF?TIBBO
  +--> ?PR?_ESCRIBIRCADENASOFT_BUFFER?MAIN

?PR?_CARD_INSERCION?LINTECH                      -----    -----      -----    -----      0003H    000AH
  +--> ?CO?LINTECH
  +--> ?PR?_DEBUG_TXT_TIBBO?TIBBO
  +--> ?PR?_DEBUGBUFFERMF?TIBBO
  +--> ?PR?_ESCRIBIRCADENASOFT_BUFFER?MAIN

?PR?AUT_CARD_CHECK_STATUS?LINTECH                -----    -----      -----    -----      0003H    000BH
  +--> ?CO?LINTECH
  +--> ?PR?_DEBUG_TXT_TIBBO?TIBBO
  +--> ?PR?_DEBUGBUFFERMF?TIBBO
  +--> ?PR?_ESCRIBIRCADENASOFT_BUFFER?MAIN

?PR?LOADVERIFY_EEPROM?LINTECH                    -----    -----      -----    -----      0003H    0010H
  +--> ?CO?LINTECH
  +--> ?PR?_DEBUG_TXT_TIBBO?TIBBO
  +--> ?PR?_DEBUGBUFFERMF?TIBBO
  +--> ?PR?_ESCRIBIRCADENASOFT_BUFFER?MAIN

?PR?_RD_MF?LINTECH                               -----    -----      -----    -----      0003H    0012H
  +--> ?CO?LINTECH
  +--> ?PR?_DEBUG_TXT_TIBBO?TIBBO
  +--> ?PR?_DEBUG_CHR_TIBBO?TIBBO
  +--> ?PR?_DEBUGBUFFERMF?TIBBO
  +--> ?PR?_ESCRIBIRCADENASOFT_BUFFER?MAIN

?PR?_WR_MF?LINTECH                               -----    -----      -----    -----      0003H    0025H
  +--> ?CO?LINTECH
  +--> ?PR?_DEBUG_TXT_TIBBO?TIBBO
  +--> ?PR?_DEBUG_CHR_TIBBO?TIBBO
  +--> ?PR?_DEBUGBUFFERMF?TIBBO
  +--> ?PR?_ESCRIBIRCADENASOFT_BUFFER?MAIN

?PR?ENTREGA_CARD_CAPTURA?VERIFICADOR             -----    -----      -----    -----      0003H    0001H
  +--> ?CO?VERIFICADOR
  +--> ?PR?_DEBUG_TXT_TIBBO?TIBBO
  +--> ?PR?SEL_SENSOR2?IO_SENSORES
  +--> ?PR?VALIDASENSOR?IO_SENSORES
  +--> ?PR?VALIDA_SENSOR1_AUTO?IO_SENSORES

BL51 BANKED LINKER/LOCATER V6.22.2.0                                                  08/19/2020  14:41:27  PAGE 19


?PR?_SEND_PTO_PARALELO?VERIFICADOR               -----    -----      -----    -----      0003H    0003H
  +--> ?PR?_ARMAR_TRAMA_PTO_PARALELO_EXPEDID...
  +--> ?PR?ARMAR_TRAMA_PTO_PARALELO_EXPEDIDO...
  +--> ?PR?INCREMENTE_TICKET?EEPROM
  +--> ?PR?_STRLEN?STRLEN
  +--> ?PR?_SEND_PORT?PTO_PARALELO
  +--> ?CO?VERIFICADOR
  +--> ?PR?_DEBUG_TXT_TIBBO?TIBBO
  +--> ?PR?_DEBUGBUFFERMF?TIBBO
  +--> ?PR?CLEAR_PLACA?MONITOR

?PR?_ARMAR_TRAMA_PTO_PARALELO_EXPEDID...         -----    -----      -----    -----      0006H    0003H
  +--> ?PR?_BLOCK_READ_CLOCK_HEX?CLOCK
  +--> ?PR?_RD_EEPROM?EEPROM

?PR?ARMAR_TRAMA_PTO_PARALELO_EXPEDIDO...         -----    -----      -----    -----      0006H    000CH
  +--> ?PR?LEE_NO_TICKET?EEPROM
  +--> ?PR?_STRCAT?STRCAT
  +--> ?PR?_STRLEN?STRLEN
  +--> ?PR?_BLOCK_READ_CLOCK_HEX?CLOCK
  +--> ?PR?_RD_EEPROM?EEPROM

?PR?INCREMENTE_TICKET?EEPROM                     -----    -----      -----    -----      0006H    000BH
  +--> ?PR?READ_EEPROM_TICKET?EEPROM
  +--> ?CO?EEPROM
  +--> ?PR?PRINTF?PRINTF
  +--> ?PR?_WRITE_EEPROM_TICKET?EEPROM

?PR?_WRITE_EEPROM_TICKET?EEPROM                  -----    -----      -----    -----      0016H    000BH
  +--> ?CO?EEPROM
  +--> ?PR?_DEBUG_TXT_TIBBO?TIBBO
  +--> ?PR?_ATOL?ATOL
  +--> ?PR?_DEBUG_CHR_TIBBO?TIBBO
  +--> ?PR?_WR_EEPROM?EEPROM

?PR?_ATOL?ATOL                                   0020H.0  0000H.1    -----    -----      0021H    0007H
  +--> ?PR?_ISSPACE?ISSPACE
  +--> ?PR?_ISDIGIT?ISDIGIT

?PR?_SEND_PORT?PTO_PARALELO                      -----    -----      -----    -----      0016H    000AH
  +--> ?PR?PULSO_BUS?PTO_PARALELO
  +--> ?PR?_DELAY_20US?DELAY

?PR?_WAIT_PLACA?VERIFICADOR                      -----    -----      -----    -----      0003H    0005H
  +--> ?PR?RX_MONITOR?MONITOR
  +--> ?PR?CLAVE_SEGURIDAD_S2?LINTECH
  +--> ?PR?_LOAD_SECUENCIA_EXPEDIDOR?VERIFIC...

?PR?CLAVE_SEGURIDAD_S2?LINTECH                   -----    -----      -----    -----      0008H    0016H
  +--> ?CO?LINTECH
  +--> ?PR?_DEBUG_TXT_TIBBO?TIBBO
  +--> ?PR?_DEBUGBUFFERMF?TIBBO
  +--> ?PR?_ESCRIBIRCADENASOFT_BUFFER?MAIN

?PR?UNIQUE_IDENTIFIER_UID?LINTECH                -----    -----      -----    -----      0003H    000BH
  +--> ?CO?LINTECH
  +--> ?PR?_DEBUG_TXT_TIBBO?TIBBO
BL51 BANKED LINKER/LOCATER V6.22.2.0                                                  08/19/2020  14:41:27  PAGE 20


  +--> ?PR?_DEBUGBUFFERMF?TIBBO
  +--> ?PR?_ESCRIBIRCADENASOFT_BUFFER?MAIN

?PR?_PREGUNTA_LPR?VERIFICADOR                    -----    -----      -----    -----      0003H    0004H
  +--> ?PR?_RD_EEPROM?EEPROM
  +--> ?PR?_ARMAR_TRAMA_MONITOR?VERIFICADOR
  +--> ?PR?_DEBUG_TXT_TIBBO?TIBBO

?PR?_ARMAR_TRAMA_MONITOR?VERIFICADOR             -----    -----      -----    -----      0007H    000FH
  +--> ?PR?DIR_BOARD?IO_SENSORES
  +--> ?PR?LEE_NO_TICKET?EEPROM
  +--> ?PR?_STRCAT?STRCAT
  +--> ?PR?_BYTEHEX_DECIMAL?CLOCK
  +--> ?PR?_STRLEN?STRLEN
  +--> ?PR?_TWO_BYTEHEX_DECIMAL?CLOCK
  +--> ?PR?_BLOCK_READ_CLOCK_ASCII?CLOCK

?PR?DIR_BOARD?IO_SENSORES                        -----    -----      -----    -----      0033H    0001H
  +--> ?PR?SEL_DIR1?IO_SENSORES
  +--> ?PR?SEL_DIR2?IO_SENSORES
  +--> ?PR?_RD_EEPROM?EEPROM

?PR?_BYTEHEX_DECIMAL?CLOCK                       -----    -----      -----    -----      0016H    0001H

?PR?_TWO_BYTEHEX_DECIMAL?CLOCK                   -----    -----      -----    -----      0016H    000CH
  +--> ?PR?_POW?POW

?PR?_POW?POW                                     -----    -----      -----    -----      0022H    000AH
  +--> ?PR?LOG?LOG
  +--> ?PR?EXP?EXP

?PR?LOG?LOG                                      0020H.0  0000H.1    -----    -----      002CH    0004H

?PR?_VALIDA_TIPO_TARJETA?VERIFICADOR             -----    -----      -----    -----      0003H    0007H
  +--> ?CO?VERIFICADOR
  +--> ?PR?_DEBUG_TXT_TIBBO?TIBBO
  +--> ?PR?_RD_EEPROM?EEPROM
  +--> ?PR?_SEND_PORTERR?PTO_PARALELO
  +--> ?PR?_TARJETA_MENSUAL?VERIFICADOR
  +--> ?PR?_PANTALLALCD?PANTALLAS
  +--> ?PR?CAPTURA_EXPULSA?VERIFICADOR
  +--> ?PR?_TARJETA_ROTACION?VERIFICADOR

?PR?_TARJETA_MENSUAL?VERIFICADOR                 -----    -----      -----    -----      000AH    0007H
  +--> ?PR?_HORARIOS?VERIFICADOR
  +--> ?PR?_CHECK_FECHAOUT?CLOCK
  +--> ?PR?_VALIDA_VEHICULO_CARD_MENSUAL?VER...
  +--> ?PR?CAPTURA_EXPULSA?VERIFICADOR
  +--> ?CO?VERIFICADOR
  +--> ?PR?_DEBUG_TXT_TIBBO?TIBBO
  +--> ?PR?_ARMAR_TRAMA_TARJETA_SECTOR1_BLOQ...
  +--> ?PR?_SEND_PORTERR?PTO_PARALELO
  +--> ?PR?_PANTALLALCD?PANTALLAS

?PR?_HORARIOS?VERIFICADOR                        -----    -----      -----    -----      0011H    0013H
  +--> ?PR?ADDR_HORARIOS?PROG
  +--> ?PR?_RD_EEPROM?EEPROM
BL51 BANKED LINKER/LOCATER V6.22.2.0                                                  08/19/2020  14:41:27  PAGE 21


  +--> ?PR?_LEE_CLK?CLOCK
  +--> ?CO?VERIFICADOR
  +--> ?PR?_DEBUG_TXT_TIBBO?TIBBO
  +--> ?PR?_DEBUG_CHR_TIBBO?TIBBO
  +--> ?PR?_BLOQUE_HORARIO?VERIFICADOR
  +--> ?PR?_PANTALLALCD?PANTALLAS

?PR?_BLOQUE_HORARIO?VERIFICADOR                  -----    -----      -----    -----      0024H    0007H
  +--> ?CO?VERIFICADOR
  +--> ?PR?_DEBUG_TXT_TIBBO?TIBBO
  +--> ?PR?_LEE_CLK?CLOCK
  +--> ?PR?_DEBUG_CHR_TIBBO?TIBBO
  +--> ?PR?_HORA_MAXIMA?VERIFICADOR
  +--> ?PR?_EN_HORARIO?VERIFICADOR
  +--> ?PR?_RD_EEPROM?EEPROM
  +--> ?PR?_SEND_PORTERR?PTO_PARALELO
  +--> ?PR?_PANTALLALCD?PANTALLAS

?PR?_HORA_MAXIMA?VERIFICADOR                     -----    -----      -----    -----      0030H    0008H
  +--> ?PR?_RD_EEPROM?EEPROM
  +--> ?PR?_DEBUG_CHR_TIBBO?TIBBO
  +--> ?CO?VERIFICADOR
  +--> ?PR?_DEBUG_TXT_TIBBO?TIBBO

?PR?_EN_HORARIO?VERIFICADOR                      -----    -----      -----    -----      002BH    0005H
  +--> ?CO?VERIFICADOR
  +--> ?PR?_DEBUG_TXT_TIBBO?TIBBO
  +--> ?PR?_HORA_MAXIMA?VERIFICADOR

?PR?_VALIDA_VEHICULO_CARD_MENSUAL?VER...         -----    -----      -----    -----      0011H    0004H
  +--> ?CO?VERIFICADOR
  +--> ?PR?_DEBUG_TXT_TIBBO?TIBBO
  +--> ?PR?_RD_EEPROM?EEPROM
  +--> ?PR?_SEND_PORTERR?PTO_PARALELO

?PR?_ARMAR_TRAMA_TARJETA_SECTOR1_BLOQ...         -----    -----      -----    -----      0011H    0006H
  +--> ?PR?_BLOCK_READ_CLOCK_HEX?CLOCK
  +--> ?PR?DIR_BOARD?IO_SENSORES

?PR?_TARJETA_ROTACION?VERIFICADOR                -----    -----      -----    -----      000AH    0006H
  +--> ?PR?_ARMAR_TRAMA_TARJETA_SECTOR1_BLOQ...

?PR?ANALIZA_PRESENCIA_ROTACION?VERIFI...         -----    -----      -----    -----      0003H    0001H
  +--> ?PR?VALIDASENSORESPASO?IO_SENSORES
  +--> ?PR?_SEND_PORTERR?PTO_PARALELO
  +--> ?PR?_PANTALLALCD?PANTALLAS

?PR?POWER_OFF?LINTECH                            -----    -----      -----    -----      0003H    000BH
  +--> ?CO?LINTECH
  +--> ?PR?_DEBUG_TXT_TIBBO?TIBBO
  +--> ?PR?_DEBUGBUFFERMF?TIBBO
  +--> ?PR?_ESCRIBIRCADENASOFT_BUFFER?MAIN

?PR?_RECIBE_PORT?PTO_PARALELO                    -----    -----      -----    -----      0002H    0008H
  +--> ?PR?OFF_TIMER0_INTERRUP?MAIN
  +--> ?PR?ON_TIMER0_INTERRUP?MAIN

BL51 BANKED LINKER/LOCATER V6.22.2.0                                                  08/19/2020  14:41:27  PAGE 22


?PR?_DEBUG_PTO_PARALELO?TIBBO                    -----    -----      -----    -----      0002H    0004H
  +--> ?PR?DEBUG_DIVIDIR_TEXTO?TIBBO
  +--> ?CO?TIBBO
  +--> ?PR?_DEBUG_TXT_TIBBO?TIBBO
  +--> ?PR?_DEBUGBUFFERMF?TIBBO

?PR?_VALIDA_TRAMA_PTO?ACCESCAN                   -----    -----      -----    -----      0002H    000FH
  +--> ?PR?_VALIDAR_CLK?CLOCK
  +--> ?PR?_BLOCK_WRITE_CLOCK_ASCII?CLOCK
  +--> ?PR?RELOJ_PANTALLA_LCD?PANTALLAS
  +--> ?PR?_PANTALLALCD?PANTALLAS
  +--> ?CO?ACCESCAN
  +--> ?PR?_DEBUG_TXT_TIBBO?TIBBO
  +--> ?PR?_BYTEHEX_DECIMAL?CLOCK
  +--> ?PR?_TWO_BYTEHEX_DECIMAL?CLOCK
  +--> ?PR?VALIDASENSORESPASO?IO_SENSORES
  +--> ?PR?_CMD_LPR_SALIDA_WIEGAND?ACCESCAN
  +--> ?PR?_PANTALLALCD_LINEA_2?PANTALLAS
  +--> ?PR?_GRABA_SERIE?EEPROM

?PR?_BLOCK_WRITE_CLOCK_ASCII?CLOCK               -----    -----      -----    -----      0011H    0003H
  +--> ?PR?_TWO_ONE?CLOCK
  +--> ?PR?_WR_CLK?CLOCK

?PR?_WR_CLK?CLOCK                                -----    -----      -----    -----      0014H    0002H
  +--> ?PR?_DELAY_20US?DELAY
  +--> ?PR?_EB_CLK?CLOCK

?PR?RELOJ_PANTALLA_LCD?PANTALLAS                 -----    -----      -----    -----      0011H    000DH
  +--> ?CO?PANTALLAS
  +--> ?PR?_BLOCK_READ_CLOCK?CLOCK
  +--> ?PR?_LCD_TXT_NUM_CHAR?PANTALLAS
  +--> ?PR?RASPBERRY_DATA1?PANTALLAS

?PR?_BLOCK_READ_CLOCK?CLOCK                      -----    -----      -----    -----      001EH    0003H
  +--> ?PR?_LEE_CLK?CLOCK

?PR?_LCD_TXT_NUM_CHAR?PANTALLAS                  -----    -----      -----    -----      001EH    0006H
  +--> ?PR?_TX_CHRLCD?PANTALLAS

?PR?_CMD_LPR_SALIDA_WIEGAND?ACCESCAN             -----    -----      -----    -----      0011H    0022H
  +--> ?PR?DIR_BOARD?IO_SENSORES
  +--> ?PR?_BLOCK_READ_CLOCK_ASCII?CLOCK
  +--> ?PR?_MONITOR_CHR?ACCESCAN

?PR?_MONITOR_CHR?ACCESCAN                        -----    -----      -----    -----      0033H    0005H
  +--> ?PR?_TX_AUX?TIBBO

?PR?_GRABA_SERIE?EEPROM                          -----    -----      -----    -----      0011H    0005H
  +--> ?CO?EEPROM
  +--> ?PR?_DEBUG_TXT_TIBBO?TIBBO
  +--> ?PR?_WRITE_EEPROM_TICKET?EEPROM
  +--> ?PR?_WR_EEPROM?EEPROM

?PR?MSJ_LCD_INFORMATIVO?IO_SENSORES              -----    -----      -----    -----      0002H    0001H
  +--> ?PR?SEL_FUNCION?IO_SENSORES
  +--> ?PR?LOAD_AND_SEND_INFO_RELOJ?PTO_PARA...
BL51 BANKED LINKER/LOCATER V6.22.2.0                                                  08/19/2020  14:41:27  PAGE 23


  +--> ?PR?LOAD_AND_SEND_ID_COD?PTO_PARALELO
  +--> ?PR?_RD_EEPROM?EEPROM
  +--> ?PR?_SEND_PORTERR?PTO_PARALELO

?PR?LOAD_AND_SEND_INFO_RELOJ?PTO_PARA...         -----    -----      -----    -----      0003H    000BH
  +--> ?PR?_BLOCK_READ_CLOCK?CLOCK
  +--> ?PR?_LEE_CLK?CLOCK
  +--> ?PR?_SEND_PORT?PTO_PARALELO

?PR?LOAD_AND_SEND_ID_COD?PTO_PARALELO            -----    -----      -----    -----      0003H    0013H
  +--> ?PR?_RD_EEPROM?EEPROM
  +--> ?CO?PTO_PARALELO
  +--> ?PR?PRINTF?PRINTF
  +--> ?PR?_SEND_PORT?PTO_PARALELO



SYMBOL TABLE OF MODULE:  .\Objects\expedidor_v_01_raspberry (MAIN)

  VALUE           TYPE          NAME
  ----------------------------------

  -------         MODULE        MAIN
  C:0000H         SYMBOL        _ICE_DUMMY_
  D:0080H         PUBLIC        P0
  D:0090H         PUBLIC        P1
  C:AC91H         PUBLIC        timer0_int
  D:00B0H         PUBLIC        P3
  B:00A8H.7       PUBLIC        EA
  C:B08EH         PUBLIC        off_Timer0_Interrup
  X:016AH         PUBLIC        ValTimeOutCom
  X:016BH         PUBLIC        Buffer_Rta_Lintech
  X:019DH         PUBLIC        Timer_wait
  X:019EH         PUBLIC        g_cContByteRx
  B:0080H.0       PUBLIC        rx_ip
  B:0080H.3       PUBLIC        Atascado
  C:995FH         PUBLIC        main
  X:019FH         PUBLIC        Timer_tivo
  C:A459H         PUBLIC        variable_inicio
  B:0090H.7       PUBLIC        lock
  I:0022H         PUBLIC        rbuf
  C:B07FH         PUBLIC        on_Timer0_Interrup
  I:0054H         PUBLIC        tbuf
  B:0090H.1       PUBLIC        DataIn
  D:0089H         PUBLIC        TMOD
  X:01A1H         PUBLIC        USE_LPR
  X:01A2H         PUBLIC        Debug_Tibbo
  X:01A3H         PUBLIC        Raspberry
  X:01A4H         PUBLIC        SIN_COBRO
  X:01A6H         PUBLIC        Tipo_Vehiculo
  B:00B0H.3       PUBLIC        busy
  C:AFEAH         PUBLIC        ini_timer
  B:00A8H.1       PUBLIC        ET0
  B:0088H.5       PUBLIC        TF0
  D:008CH         PUBLIC        TH0
  X:01A7H         PUBLIC        ACK
  X:01A8H         PUBLIC        g_cEstadoComSoft
BL51 BANKED LINKER/LOCATER V6.22.2.0                                                  08/19/2020  14:41:27  PAGE 24


  D:008AH         PUBLIC        TL0
  B:0088H.4       PUBLIC        TR0
  C:AFFAH         PUBLIC        inicia_board
  X:01A9H         PUBLIC        T_GRACIA
  B:0080H.7       PUBLIC        sel_com
  X:01ABH         PUBLIC        STX_LINTECH
  C:B019H         PUBLIC        _getkey
  X:01ACH         PUBLIC        ETX
  C:A6A9H         PUBLIC        _EscribirCadenaSoft_buffer
  B:0021H.1       PUBLIC        buffer_ready
  C:A945H         PUBLIC        _putchar
  B:0021H.2       PUBLIC        placa_ready
  -------         PROC          TIMER0_INT
  C:AC91H         LINE#         16
  C:AC97H         LINE#         19
  C:AC9DH         LINE#         20
  C:ACA2H         LINE#         21
  C:ACA2H         LINE#         22
  C:ACA8H         LINE#         23
  C:ACA8H         LINE#         25
  C:ACB6H         LINE#         26
  C:ACB8H         LINE#         28
  -------         ENDPROC       TIMER0_INT
  -------         PROC          INI_TIMER
  C:AFEAH         LINE#         31
  C:AFEAH         LINE#         32
  C:AFEAH         LINE#         34
  C:AFF2H         LINE#         36
  C:AFF5H         LINE#         37
  C:AFF7H         LINE#         38
  C:AFF9H         LINE#         40
  -------         ENDPROC       INI_TIMER
  -------         PROC          ON_TIMER0_INTERRUP
  C:B07FH         LINE#         43
  C:B07FH         LINE#         44
  C:B07FH         LINE#         45
  C:B081H         LINE#         46
  C:B083H         LINE#         48
  -------         ENDPROC       ON_TIMER0_INTERRUP
  -------         PROC          OFF_TIMER0_INTERRUP
  C:B08EH         LINE#         51
  C:B08EH         LINE#         52
  C:B08EH         LINE#         53
  C:B090H         LINE#         55
  -------         ENDPROC       OFF_TIMER0_INTERRUP
  -------         PROC          _GETKEY
  -------         DO            
  D:0006H         SYMBOL        k
  -------         ENDDO         
  C:B019H         LINE#         63
  C:B019H         LINE#         64
  C:B019H         LINE#         68
  C:B019H         LINE#         69
  C:B01CH         LINE#         70
  C:B01CH         LINE#         71
  C:B024H         LINE#         73
  C:B024H         LINE#         74
BL51 BANKED LINKER/LOCATER V6.22.2.0                                                  08/19/2020  14:41:27  PAGE 25


  -------         ENDPROC       _GETKEY
  -------         PROC          _PUTCHAR
  X:00A8H         SYMBOL        c
  -------         DO            
  X:00A9H         SYMBOL        i
  -------         ENDDO         
  C:A945H         LINE#         78
  C:A94AH         LINE#         79
  C:A94AH         LINE#         82
  C:A959H         LINE#         83
  C:A959H         LINE#         84
  C:A96FH         LINE#         85
  C:A96FH         LINE#         87
  C:A97DH         LINE#         88
  C:A97DH         LINE#         90
  C:A982H         LINE#         91
  -------         ENDPROC       _PUTCHAR
  -------         PROC          _ESCRIBIRCADENASOFT_BUFFER
  X:0028H         SYMBOL        buffer
  X:002BH         SYMBOL        tamano_cadena
  -------         DO            
  X:002CH         SYMBOL        i
  X:002DH         SYMBOL        d
  -------         ENDDO         
  C:A6A9H         LINE#         95
  C:A6B7H         LINE#         96
  C:A6B7H         LINE#         98
  C:A6C5H         LINE#         99
  C:A6C5H         LINE#         100
  C:A6DCH         LINE#         101
  C:A6E6H         LINE#         102
  C:A6EEH         LINE#         103
  -------         ENDPROC       _ESCRIBIRCADENASOFT_BUFFER
  -------         PROC          INICIA_BOARD
  C:AFFAH         LINE#         108
  C:AFFAH         LINE#         109
  C:AFFAH         LINE#         110
  C:AFFDH         LINE#         111
  C:B000H         LINE#         112
  C:B003H         LINE#         113
  C:B005H         LINE#         114
  C:B007H         LINE#         115
  C:B009H         LINE#         117
  -------         ENDPROC       INICIA_BOARD
  -------         PROC          VARIABLE_INICIO
  C:A459H         LINE#         122
  C:A459H         LINE#         123
  C:A459H         LINE#         126
  C:A46AH         LINE#         127
  C:A47BH         LINE#         128
  C:A489H         LINE#         129
  C:A497H         LINE#         130
  C:A4A5H         LINE#         132
  -------         ENDPROC       VARIABLE_INICIO
  -------         PROC          MAIN
  -------         DO            
  X:0142H         SYMBOL        buffer
BL51 BANKED LINKER/LOCATER V6.22.2.0                                                  08/19/2020  14:41:27  PAGE 26


  X:0000H         SYMBOL        Estado_Comunicacion_Secuencia_MF
  X:0001H         SYMBOL        Length_trama
  -------         ENDDO         
  C:995FH         LINE#         140
  C:995FH         LINE#         141
  C:995FH         LINE#         144
  C:9964H         LINE#         148
  C:9967H         LINE#         149
  C:996AH         LINE#         150
  C:996DH         LINE#         151
  C:9970H         LINE#         152
  C:9973H         LINE#         153
  C:9975H         LINE#         155
  C:9978H         LINE#         156
  C:997FH         LINE#         157
  C:9982H         LINE#         159
  C:9987H         LINE#         161
  C:998AH         LINE#         163
  C:998DH         LINE#         164
  C:998DH         LINE#         165
  C:9990H         LINE#         166
  C:9990H         LINE#         169
  C:9993H         LINE#         170
  C:9999H         LINE#         171
  C:999FH         LINE#         173
  C:999FH         LINE#         174
  C:999FH         LINE#         177
  C:99A2H         LINE#         178
  C:99A2H         LINE#         179
  C:99A5H         LINE#         180
  C:99A5H         LINE#         184
  C:99B2H         LINE#         189
  C:99B5H         LINE#         190
  C:99B5H         LINE#         192
  C:99C4H         LINE#         194
  C:99CDH         LINE#         196
  C:99DBH         LINE#         198
  C:99DBH         LINE#         199
  C:99DEH         LINE#         203
  -------         ENDPROC       MAIN
  -------         ENDMOD        MAIN

  -------         MODULE        ACCESCAN
  C:0000H         SYMBOL        _ICE_DUMMY_
  D:0080H         PUBLIC        P0
  D:0090H         PUBLIC        P1
  B:0080H.2       PUBLIC        led_err_imp
  C:A844H         PUBLIC        _Monitor_chr
  B:0080H.3       PUBLIC        Atascado
  B:0090H.7       PUBLIC        lock
  C:3E91H         PUBLIC        _Valida_Trama_Pto
  C:7C6FH         PUBLIC        _Cmd_LPR_Salida_wiegand
  -------         PROC          _VALIDA_TRAMA_PTO
  X:0002H         SYMBOL        buffer
  X:0005H         SYMBOL        length_trama
  -------         DO            
  X:020FH         SYMBOL        cont
BL51 BANKED LINKER/LOCATER V6.22.2.0                                                  08/19/2020  14:41:27  PAGE 27


  X:0006H         SYMBOL        buff
  -------         ENDDO         
  C:3E91H         LINE#         85
  C:3E9FH         LINE#         86
  C:3E9FH         LINE#         92
  C:3ED5H         LINE#         93
  C:3ED5H         LINE#         94
  C:3EEAH         LINE#         95
  C:3EEAH         LINE#         96
  C:3EFDH         LINE#         98
  C:3F00H         LINE#         100
  C:3F00H         LINE#         102
  C:3F00H         LINE#         104
  C:3F12H         LINE#         105
  C:3F12H         LINE#         106
  C:3F18H         LINE#         107
  C:3F25H         LINE#         108
  C:3F25H         LINE#         109
  C:3F2AH         LINE#         110
  C:3F2CH         LINE#         111
  C:3F31H         LINE#         112
  C:3F33H         LINE#         113
  C:3F35H         LINE#         114
  C:3F39H         LINE#         115
  C:3F39H         LINE#         116
  C:3F3AH         LINE#         118
  C:3F52H         LINE#         119
  C:3F52H         LINE#         121
  C:3F5FH         LINE#         122
  C:3F5FH         LINE#         123
  C:3F61H         LINE#         124
  C:3F63H         LINE#         125
  C:3F65H         LINE#         126
  C:3F67H         LINE#         127
  C:3F67H         LINE#         129
  C:3F8DH         LINE#         130
  C:3F8DH         LINE#         131
  C:3F91H         LINE#         132
  C:3F96H         LINE#         133
  C:3F9FH         LINE#         134
  C:3FA4H         LINE#         135
  C:3FA4H         LINE#         138
  C:3FA5H         LINE#         141
  C:3FB7H         LINE#         142
  C:3FB7H         LINE#         143
  C:3FB9H         LINE#         144
  C:3FBCH         LINE#         146
  C:3FCEH         LINE#         147
  C:3FCEH         LINE#         148
  C:3FD0H         LINE#         149
  C:3FD3H         LINE#         151
  C:3FEDH         LINE#         152
  C:3FEDH         LINE#         153
  C:3FEFH         LINE#         154
  C:3FF2H         LINE#         157
  C:400CH         LINE#         158
  C:400CH         LINE#         159
BL51 BANKED LINKER/LOCATER V6.22.2.0                                                  08/19/2020  14:41:27  PAGE 28


  C:400EH         LINE#         160
  C:4010H         LINE#         163
  C:402AH         LINE#         164
  C:402AH         LINE#         165
  C:402CH         LINE#         166
  C:402EH         LINE#         170
  C:4048H         LINE#         171
  C:4048H         LINE#         172
  C:404AH         LINE#         173
  C:404CH         LINE#         176
  C:4066H         LINE#         177
  C:4066H         LINE#         178
  C:4068H         LINE#         179
  C:406AH         LINE#         181
  C:4084H         LINE#         182
  C:4084H         LINE#         183
  C:4089H         LINE#         184
  C:4089H         LINE#         186
  C:40B9H         LINE#         187
  C:40B9H         LINE#         188
  C:40C7H         LINE#         189
  C:40CAH         LINE#         192
  C:410DH         LINE#         193
  C:410DH         LINE#         195
  C:4122H         LINE#         196
  C:4128H         LINE#         197
  C:4152H         LINE#         200
  C:415AH         LINE#         201
  C:415AH         LINE#         204
  C:4161H         LINE#         205
  C:4161H         LINE#         206
  C:4166H         LINE#         207
  C:4166H         LINE#         208
  C:4168H         LINE#         210
  C:4168H         LINE#         211
  C:4171H         LINE#         212
  C:4179H         LINE#         213
  C:4179H         LINE#         218
  C:417BH         LINE#         221
  C:417BH         LINE#         224
  C:4182H         LINE#         225
  C:4182H         LINE#         226
  C:4187H         LINE#         227
  C:4187H         LINE#         228
  C:4192H         LINE#         232
  C:4192H         LINE#         233
  C:4192H         LINE#         235
  C:41BFH         LINE#         236
  C:41BFH         LINE#         237
  C:41CEH         LINE#         239
  C:41CEH         LINE#         241
  -------         ENDPROC       _VALIDA_TRAMA_PTO
  -------         PROC          _MONITOR_CHR
  X:0033H         SYMBOL        str
  X:0036H         SYMBOL        num_char
  -------         DO            
  X:0037H         SYMBOL        j
BL51 BANKED LINKER/LOCATER V6.22.2.0                                                  08/19/2020  14:41:27  PAGE 29


  -------         ENDDO         
  C:A844H         LINE#         396
  C:A852H         LINE#         397
  C:A852H         LINE#         399
  C:A860H         LINE#         400
  C:A860H         LINE#         401
  C:A872H         LINE#         402
  C:A87CH         LINE#         403
  C:A884H         LINE#         404
  -------         ENDPROC       _MONITOR_CHR
  -------         PROC          _CMD_LPR_SALIDA_WIEGAND
  X:0011H         SYMBOL        buffer
  -------         DO            
  X:0014H         SYMBOL        Buffer_Lpr
  X:0032H         SYMBOL        j
  -------         ENDDO         
  C:7C6FH         LINE#         409
  C:7C7AH         LINE#         410
  C:7C7AH         LINE#         412
  C:7C80H         LINE#         413
  C:7C85H         LINE#         414
  C:7C8DH         LINE#         415
  C:7C91H         LINE#         416
  C:7C9AH         LINE#         417
  C:7C9AH         LINE#         418
  C:7CABH         LINE#         419
  C:7CADH         LINE#         421
  C:7CADH         LINE#         422
  C:7CBEH         LINE#         423
  C:7CBEH         LINE#         427
  C:7CD5H         LINE#         428
  C:7CD5H         LINE#         429
  C:7CE4H         LINE#         430
  C:7CEEH         LINE#         432
  C:7CF6H         LINE#         433
  C:7D0AH         LINE#         435
  C:7D1AH         LINE#         436
  C:7D2BH         LINE#         437
  C:7D38H         LINE#         441
  -------         ENDPROC       _CMD_LPR_SALIDA_WIEGAND
  -------         ENDMOD        ACCESCAN

  -------         MODULE        CLOCK
  C:0000H         SYMBOL        _ICE_DUMMY_
  C:A8B9H         PUBLIC        _two_one
  D:0090H         PUBLIC        P1
  C:6B09H         PUBLIC        _validar_clk
  C:AD15H         PUBLIC        _wr_clk
  C:7FA6H         PUBLIC        _check_fechaOut
  B:00D0H.7       PUBLIC        CY
  C:0003H         PUBLIC        p_ck
  C:923EH         PUBLIC        _hex_ascii
  X:0210H         PUBLIC        data_clk
  C:B041H         PUBLIC        cond_ini_clock
  C:806FH         PUBLIC        _Block_read_Clock
  B:0090H.4       PUBLIC        sck
  C:8CC5H         PUBLIC        _Block_read_Clock_Hex
BL51 BANKED LINKER/LOCATER V6.22.2.0                                                  08/19/2020  14:41:27  PAGE 30


  C:59DCH         PUBLIC        _Block_read_clock_ascii
  C:A99FH         PUBLIC        _hex_bcd
  C:AEE9H         PUBLIC        _bcd_hex
  C:A190H         PUBLIC        _ByteHex_Decimal
  C:93FBH         PUBLIC        _lee_clk
  B:0090H.5       PUBLIC        io
  C:9511H         PUBLIC        _Block_write_clock_ascii
  B:0090H.6       PUBLIC        rst
  C:A906H         PUBLIC        _eb_clk
  C:41CFH         PUBLIC        _Two_ByteHex_Decimal
  -------         PROC          P_CK
  C:0003H         LINE#         48
  C:0003H         LINE#         49
  C:0003H         LINE#         50
  C:0005H         LINE#         51
  C:0008H         LINE#         52
  C:000AH         LINE#         53
  -------         ENDPROC       P_CK
  -------         PROC          _EB_CLK
  X:00B5H         SYMBOL        dir_clk
  -------         DO            
  X:00B6H         SYMBOL        nbits
  -------         ENDDO         
  C:A906H         LINE#         55
  C:A90BH         LINE#         57
  C:A910H         LINE#         58
  C:A910H         LINE#         59
  C:A919H         LINE#         60
  C:A91CH         LINE#         61
  C:A91CH         LINE#         62
  C:A91EH         LINE#         63
  C:A920H         LINE#         65
  C:A920H         LINE#         66
  C:A922H         LINE#         67
  C:A922H         LINE#         68
  C:A925H         LINE#         69
  C:A944H         LINE#         70
  -------         ENDPROC       _EB_CLK
  C:93F1H         SYMBOL        L?0082
  -------         PROC          L?0081
  -------         ENDPROC       L?0081
  C:93F1H         SYMBOL        L?0082
  -------         PROC          _LEE_CLK
  X:00B2H         SYMBOL        dir_clk
  -------         DO            
  X:00B3H         SYMBOL        nbits
  -------         ENDDO         
  C:93FBH         LINE#         72
  C:9400H         LINE#         74
  C:9402H         LINE#         75
  C:9409H         LINE#         76
  C:9411H         LINE#         77
  C:942AH         LINE#         78
  C:942AH         LINE#         79
  C:942DH         LINE#         80
  C:942DH         LINE#         81
  C:9434H         LINE#         82
BL51 BANKED LINKER/LOCATER V6.22.2.0                                                  08/19/2020  14:41:27  PAGE 31


  C:943EH         LINE#         83
  C:9443H         LINE#         84
  C:9443H         LINE#         85
  C:9443H         LINE#         86
  C:9446H         LINE#         87
  C:9446H         LINE#         88
  C:944DH         LINE#         89
  C:945EH         LINE#         90
  C:945EH         LINE#         91
  C:9466H         LINE#         92
  C:9466H         LINE#         93
  C:9466H         LINE#         94
  C:9469H         LINE#         95
  C:9479H         LINE#         96
  C:947BH         LINE#         97
  C:9480H         LINE#         98
  -------         ENDPROC       _LEE_CLK
  -------         PROC          _WR_CLK
  X:0014H         SYMBOL        dir_clk
  X:0015H         SYMBOL        byte
  C:AD15H         LINE#         100
  C:AD1DH         LINE#         101
  C:AD1FH         LINE#         102
  C:AD26H         LINE#         103
  C:AD2EH         LINE#         104
  C:AD37H         LINE#         105
  C:AD3AH         LINE#         106
  C:AD3CH         LINE#         108
  -------         ENDPROC       _WR_CLK
  C:A885H         SYMBOL        L?0077
  C:A8A3H         SYMBOL        L?0078
  -------         PROC          L?0076
  -------         ENDPROC       L?0076
  C:A885H         SYMBOL        L?0077
  C:A8A3H         SYMBOL        L?0078
  -------         PROC          _TWO_ONE
  D:0007H         SYMBOL        byte_h
  D:0005H         SYMBOL        byte_l
  -------         DO            
  D:0007H         SYMBOL        byte_out
  -------         ENDDO         
  C:A8B9H         LINE#         110
  C:A8B9H         LINE#         111
  C:A8B9H         LINE#         113
  C:A8BCH         LINE#         114
  C:A8C0H         LINE#         115
  C:A8C3H         LINE#         116
  C:A8C5H         LINE#         117
  C:A8C5H         LINE#         118
  -------         ENDPROC       _TWO_ONE
  -------         PROC          _VALIDAR_CLK
  D:0001H         SYMBOL        datos_clock
  -------         DO            
[...]
  C:627FH         LINE#         2136
  C:627FH         LINE#         2146
  C:627FH         LINE#         2148
  C:628DH         LINE#         2149
  C:628DH         LINE#         2150
  C:6299H         LINE#         2151
  C:6299H         LINE#         2152
  C:629FH         LINE#         2153
  C:62A1H         LINE#         2154
  C:62A9H         LINE#         2155
  C:62A9H         LINE#         2156
  C:62B0H         LINE#         2157
BL51 BANKED LINKER/LOCATER V6.22.2.0                                                  08/19/2020  14:41:27  PAGE 124


  C:62C4H         LINE#         2158
  C:62C4H         LINE#         2159
  C:62C6H         LINE#         2161
  C:62C6H         LINE#         2162
  C:62CDH         LINE#         2163
  C:62D3H         LINE#         2164
  C:62D3H         LINE#         2165
  C:62D5H         LINE#         2167
  C:62D5H         LINE#         2168
  C:62DEH         LINE#         2169
  C:62F2H         LINE#         2170
  C:62F7H         LINE#         2171
  C:62F7H         LINE#         2173
  C:62F9H         LINE#         2174
  C:62F9H         LINE#         2180
  C:62F9H         LINE#         2182
  C:62FFH         LINE#         2183
  C:62FFH         LINE#         2186
  C:62FFH         LINE#         2187
  C:6306H         LINE#         2188
  C:6306H         LINE#         2189
  C:6306H         LINE#         2190
  -------         ENDPROC       SECUENCIA_INICIO_EXPEDIDOR
  -------         PROC          _SECUENCIAEXPEDIDORMF
  X:0002H         SYMBOL        EstadoActivo
  -------         DO            
  X:010CH         SYMBOL        Buffer_Write_MF
  X:011DH         SYMBOL        Atributos_Expedidor
  X:012CH         SYMBOL        Secuencia_Expedidor
  X:0130H         SYMBOL        Nombre_Mensual
  -------         ENDDO         
  C:3700H         LINE#         2200
  C:3705H         LINE#         2201
  C:3705H         LINE#         2207
  C:375CH         LINE#         2208
  C:375CH         LINE#         2211
  C:375CH         LINE#         2213
  C:3772H         LINE#         2214
  C:3772H         LINE#         2215
  C:3774H         LINE#         2216
  C:3776H         LINE#         2217
  C:377BH         LINE#         2218
  C:3783H         LINE#         2219
  C:3788H         LINE#         2221
  C:3788H         LINE#         2223
  C:378BH         LINE#         2225
  C:378BH         LINE#         2227
  C:3794H         LINE#         2229
  C:3797H         LINE#         2236
  C:3797H         LINE#         2237
  C:379DH         LINE#         2238
  C:37A3H         LINE#         2239
  C:37A3H         LINE#         2240
  C:37A6H         LINE#         2242
  C:37A9H         LINE#         2243
  C:37B1H         LINE#         2244
  C:37B1H         LINE#         2246
BL51 BANKED LINKER/LOCATER V6.22.2.0                                                  08/19/2020  14:41:27  PAGE 125


  C:37B4H         LINE#         2247
  C:37B7H         LINE#         2248
  C:37BFH         LINE#         2249
  C:37BFH         LINE#         2250
  C:37CDH         LINE#         2251
  C:37CDH         LINE#         2252
  C:37D6H         LINE#         2253
  C:37D9H         LINE#         2254
  C:37E5H         LINE#         2255
  C:37E5H         LINE#         2256
  C:37EEH         LINE#         2257
  C:37F1H         LINE#         2259
  C:37F1H         LINE#         2260
  C:37FAH         LINE#         2261
  C:37FAH         LINE#         2262
  C:37FDH         LINE#         2263
  C:3805H         LINE#         2264
  C:3805H         LINE#         2265
  C:3813H         LINE#         2266
  C:3813H         LINE#         2267
  C:3829H         LINE#         2268
  C:382CH         LINE#         2269
  C:3838H         LINE#         2270
  C:3838H         LINE#         2271
  C:3841H         LINE#         2272
  C:3844H         LINE#         2274
  C:3844H         LINE#         2275
  C:384DH         LINE#         2276
  C:384DH         LINE#         2277
  C:3850H         LINE#         2278
  C:3858H         LINE#         2279
  C:3858H         LINE#         2280
  C:3861H         LINE#         2281
  C:3864H         LINE#         2282
  C:386CH         LINE#         2283
  C:386CH         LINE#         2284
  C:3882H         LINE#         2285
  C:3885H         LINE#         2286
  C:388DH         LINE#         2287
  C:388DH         LINE#         2288
  C:3890H         LINE#         2289
  C:3893H         LINE#         2291
  C:389BH         LINE#         2292
  C:389BH         LINE#         2293
  C:38A4H         LINE#         2294
  C:38A7H         LINE#         2296
  C:38A7H         LINE#         2297
  C:38B0H         LINE#         2298
  C:38B0H         LINE#         2299
  C:38B3H         LINE#         2300
  C:38B3H         LINE#         2301
  C:38B8H         LINE#         2302
  C:38D8H         LINE#         2303
  C:38DBH         LINE#         2304
  C:38DBH         LINE#         2305
  C:38E0H         LINE#         2306
  C:38E8H         LINE#         2307
BL51 BANKED LINKER/LOCATER V6.22.2.0                                                  08/19/2020  14:41:27  PAGE 126


  C:38EEH         LINE#         2308
  C:38F1H         LINE#         2309
  C:38F1H         LINE#         2310
  C:38F4H         LINE#         2311
  C:38FCH         LINE#         2312
  C:3902H         LINE#         2313
  C:3905H         LINE#         2314
  C:3905H         LINE#         2315
  C:3908H         LINE#         2316
  C:392DH         LINE#         2317
  C:3933H         LINE#         2318
  C:3935H         LINE#         2319
  C:3938H         LINE#         2320
  C:3938H         LINE#         2321
  C:3943H         LINE#         2322
  C:394BH         LINE#         2323
  C:3951H         LINE#         2324
  C:3954H         LINE#         2325
  C:3954H         LINE#         2326
  C:3965H         LINE#         2327
  C:396DH         LINE#         2328
  C:3973H         LINE#         2329
  C:3976H         LINE#         2330
  C:3976H         LINE#         2331
  C:397BH         LINE#         2332
  C:3999H         LINE#         2333
  C:399CH         LINE#         2334
  C:399CH         LINE#         2335
  C:39A1H         LINE#         2336
  C:39C1H         LINE#         2337
  C:39C4H         LINE#         2338
  C:39C4H         LINE#         2339
  C:39C9H         LINE#         2340
  C:39CBH         LINE#         2341
  C:39E9H         LINE#         2343
  C:39ECH         LINE#         2344
  C:39ECH         LINE#         2345
  C:39F1H         LINE#         2346
  C:3A11H         LINE#         2348
  C:3A14H         LINE#         2349
  C:3A14H         LINE#         2350
  C:3A19H         LINE#         2351
  C:3A21H         LINE#         2352
  C:3A27H         LINE#         2353
  C:3A2AH         LINE#         2354
  C:3A2AH         LINE#         2355
  C:3A2DH         LINE#         2356
  C:3A4DH         LINE#         2357
  C:3A50H         LINE#         2358
  C:3A50H         LINE#         2359
  C:3A52H         LINE#         2360
  C:3A55H         LINE#         2361
  C:3A58H         LINE#         2362
  C:3A58H         LINE#         2363
  C:3A61H         LINE#         2365
  C:3A64H         LINE#         2366
  C:3A64H         LINE#         2367
BL51 BANKED LINKER/LOCATER V6.22.2.0                                                  08/19/2020  14:41:27  PAGE 127


  C:3A72H         LINE#         2368
  C:3A75H         LINE#         2369
  C:3A75H         LINE#         2370
  C:3A78H         LINE#         2371
  C:3A80H         LINE#         2372
  C:3A86H         LINE#         2373
  C:3A89H         LINE#         2374
  C:3A89H         LINE#         2375
  C:3A92H         LINE#         2376
  C:3A95H         LINE#         2377
  C:3A95H         LINE#         2378
  C:3AACH         LINE#         2379
  C:3AAEH         LINE#         2380
  C:3AAEH         LINE#         2381
  C:3AB3H         LINE#         2382
  C:3AD6H         LINE#         2383
  C:3AD9H         LINE#         2384
  C:3ADBH         LINE#         2385
  C:3ADBH         LINE#         2386
  C:3ADEH         LINE#         2387
  C:3AFEH         LINE#         2388
  C:3B00H         LINE#         2389
  C:3B00H         LINE#         2390
  C:3B03H         LINE#         2391
  C:3B28H         LINE#         2392
  C:3B2AH         LINE#         2393
  C:3B2AH         LINE#         2394
  C:3B2FH         LINE#         2395
  C:3B2FH         LINE#         2397
  C:3B2FH         LINE#         2398
  C:3B34H         LINE#         2399
  -------         ENDPROC       _SECUENCIAEXPEDIDORMF
  -------         ENDMOD        VERIFICADOR

  -------         MODULE        MONITOR
  C:0000H         SYMBOL        _ICE_DUMMY_
  D:0080H         PUBLIC        P0
  D:0090H         PUBLIC        P1
  I:0011H         PUBLIC        placa
  C:AE00H         PUBLIC        Rx_Monitor
  B:0080H.0       PUBLIC        rx_ip
  B:0090H.7       PUBLIC        lock
  C:843DH         PUBLIC        _recibe_cmd_Monitor
  C:AF22H         PUBLIC        clear_placa
  C:91A9H         PUBLIC        _Valida_Trama_Monitor
  -------         PROC          _RECIBE_CMD_MONITOR
  X:0015H         SYMBOL        buffer_cmd
  -------         DO            
  X:0018H         SYMBOL        j
  X:0019H         SYMBOL        NumDatos
  X:001AH         SYMBOL        time_out
  X:001BH         SYMBOL        MaxChrRx
  X:001CH         SYMBOL        contador
  -------         ENDDO         
  C:843DH         LINE#         44
  C:8448H         LINE#         45
  C:8448H         LINE#         49
BL51 BANKED LINKER/LOCATER V6.22.2.0                                                  08/19/2020  14:41:27  PAGE 128


  C:844DH         LINE#         50
  C:8453H         LINE#         52
  C:845EH         LINE#         53
  C:845EH         LINE#         54
  C:846FH         LINE#         55
  C:846FH         LINE#         56
  C:8476H         LINE#         57
  C:847AH         LINE#         58
  C:8483H         LINE#         59
  C:8483H         LINE#         60
  C:8491H         LINE#         61
  C:84A8H         LINE#         62
  C:84A8H         LINE#         63
  C:84AEH         LINE#         64
  C:84B4H         LINE#         65
  C:84B4H         LINE#         66
  C:84B6H         LINE#         67
  C:84BEH         LINE#         68
  C:84C4H         LINE#         69
  C:84D6H         LINE#         70
  C:84E0H         LINE#         71
  C:84E9H         LINE#         73
  C:84F8H         LINE#         76
  C:84F8H         LINE#         77
  C:84FDH         LINE#         78
  -------         ENDPROC       _RECIBE_CMD_MONITOR
  -------         PROC          _VALIDA_TRAMA_MONITOR
  X:0015H         SYMBOL        buffer
  D:0005H         SYMBOL        length_trama
  -------         DO            
  D:0007H         SYMBOL        j
  D:0006H         SYMBOL        p
  -------         ENDDO         
  C:91A9H         LINE#         83
  C:91B4H         LINE#         84
  C:91B4H         LINE#         85
  C:91B6H         LINE#         86
  C:91B8H         LINE#         87
  C:91B8H         LINE#         88
  C:91D6H         LINE#         89
  C:91D6H         LINE#         90
  C:91D8H         LINE#         91
  C:91DDH         LINE#         92
  C:91DEH         LINE#         93
  C:91F3H         LINE#         94
  C:91F3H         LINE#         97
  C:91F3H         LINE#         98
  C:920DH         LINE#         99
  C:920EH         LINE#         100
  C:920FH         LINE#         101
  C:921BH         LINE#         102
  C:922FH         LINE#         103
  C:9235H         LINE#         104
  C:9237H         LINE#         105
  C:923DH         LINE#         108
  C:923DH         LINE#         109
  C:923DH         LINE#         110
BL51 BANKED LINKER/LOCATER V6.22.2.0                                                  08/19/2020  14:41:27  PAGE 129


  C:923DH         LINE#         112
  C:923DH         LINE#         113
  -------         ENDPROC       _VALIDA_TRAMA_MONITOR
  -------         PROC          CLEAR_PLACA
  -------         DO            
  D:0007H         SYMBOL        i
  -------         ENDDO         
  C:AF22H         LINE#         114
  C:AF22H         LINE#         115
  C:AF22H         LINE#         117
  C:AF2EH         LINE#         118
  C:AF2EH         LINE#         119
  C:AF34H         LINE#         120
  C:AF37H         LINE#         121
  C:AF39H         LINE#         122
  -------         ENDPROC       CLEAR_PLACA
  -------         PROC          RX_MONITOR
  -------         DO            
  X:0008H         SYMBOL        Length_trama
  X:0009H         SYMBOL        buffer1
  -------         ENDDO         
  C:AE00H         LINE#         123
  C:AE00H         LINE#         124
  C:AE00H         LINE#         127
  C:AE0FH         LINE#         128
  C:AE18H         LINE#         129
  -------         ENDPROC       RX_MONITOR
  -------         ENDMOD        MONITOR

  -------         MODULE        ?C?FPADD
  C:1335H         PUBLIC        ?C?FPADD
  C:1331H         PUBLIC        ?C?FPSUB
  -------         ENDMOD        ?C?FPADD

  -------         MODULE        ?C?FPMUL
  C:1426H         PUBLIC        ?C?FPMUL
  -------         ENDMOD        ?C?FPMUL

  -------         MODULE        ?C?FCAST
  C:1536H         PUBLIC        ?C?FCASTC
  C:1531H         PUBLIC        ?C?FCASTI
  C:152CH         PUBLIC        ?C?FCASTL
  -------         ENDMOD        ?C?FCAST

  -------         MODULE        ?C?CASTF
  C:156AH         PUBLIC        ?C?CASTF
  -------         ENDMOD        ?C?CASTF

  -------         MODULE        PRINTF
  X:0078H         PUBLIC        ?_PRINTF?BYTE
  X:0078H         PUBLIC        ?_SPRINTF?BYTE
  C:32E8H         PUBLIC        _PRINTF
  C:32E2H         PUBLIC        _SPRINTF
  -------         ENDMOD        PRINTF

  -------         MODULE        POW
  X:0022H         PUBLIC        ?_pow?BYTE
BL51 BANKED LINKER/LOCATER V6.22.2.0                                                  08/19/2020  14:41:27  PAGE 130


  C:5B4AH         PUBLIC        _pow
  -------         ENDMOD        POW

  -------         MODULE        ?C?CHKFLOAT
  C:15EBH         PUBLIC        ?C?CHKFLOAT
  -------         ENDMOD        ?C?CHKFLOAT

  -------         MODULE        ?C?FPCMP
  C:1607H         PUBLIC        ?C?FPCMP
  C:1605H         PUBLIC        ?C?FPCMP3
  -------         ENDMOD        ?C?FPCMP

  -------         MODULE        ?C?FPNEG
  C:167EH         PUBLIC        ?C?FPNEG
  -------         ENDMOD        ?C?FPNEG

  -------         MODULE        ?C?FPROUND
  C:168FH         PUBLIC        ?C?FPROUND
  -------         ENDMOD        ?C?FPROUND

  -------         MODULE        ?C?FPCONVERT
  C:16CCH         PUBLIC        ?C?FPCONVERT
  -------         ENDMOD        ?C?FPCONVERT

  -------         MODULE        EXP
  C:8F7DH         PUBLIC        _EXP
  -------         ENDMOD        EXP

  -------         MODULE        LOG
  C:659DH         PUBLIC        _LOG
  C:6599H         PUBLIC        _LOG10
  -------         ENDMOD        LOG

  -------         MODULE        ?C?FPDIV
  C:17D4H         PUBLIC        ?C?FPDIV
  -------         ENDMOD        ?C?FPDIV

  -------         MODULE        ?C?FTNPWR
  C:18A1H         PUBLIC        ?C?FTNPWR
  -------         ENDMOD        ?C?FTNPWR

  -------         MODULE        ?C?COPY
  C:19FEH         PUBLIC        ?C?COPY
  -------         ENDMOD        ?C?COPY

  -------         MODULE        ?C?CLDPTR
  C:1A24H         PUBLIC        ?C?CLDPTR
  -------         ENDMOD        ?C?CLDPTR

  -------         MODULE        ?C?CLDOPTR
  C:1A3DH         PUBLIC        ?C?CLDOPTR
  -------         ENDMOD        ?C?CLDOPTR

  -------         MODULE        ?C?CSTPTR
  C:1A6AH         PUBLIC        ?C?CSTPTR
  -------         ENDMOD        ?C?CSTPTR

BL51 BANKED LINKER/LOCATER V6.22.2.0                                                  08/19/2020  14:41:27  PAGE 131


  -------         MODULE        ?C?CSTOPTR
  C:1A7CH         PUBLIC        ?C?CSTOPTR
  -------         ENDMOD        ?C?CSTOPTR

  -------         MODULE        ?C?IMUL
  C:1A9EH         PUBLIC        ?C?IMUL
  -------         ENDMOD        ?C?IMUL

  -------         MODULE        ?C?IILDX
  C:1AB0H         PUBLIC        ?C?IILDX
  -------         ENDMOD        ?C?IILDX

  -------         MODULE        ?C?LNEG
  C:1AC6H         PUBLIC        ?C?LNEG
  -------         ENDMOD        ?C?LNEG

  -------         MODULE        ?C?SLCMP
  C:1AD4H         PUBLIC        ?C?SLCMP
  -------         ENDMOD        ?C?SLCMP

  -------         MODULE        ?C?ULCMP
  C:1AEAH         PUBLIC        ?C?ULCMP
  -------         ENDMOD        ?C?ULCMP

  -------         MODULE        ?C?ULSHR
  C:1AFBH         PUBLIC        ?C?ULSHR
  -------         ENDMOD        ?C?ULSHR

  -------         MODULE        ?C?LSHL
  C:1B0EH         PUBLIC        ?C?LSHL
  -------         ENDMOD        ?C?LSHL

  -------         MODULE        ?C?LLDCODE
  C:1B21H         PUBLIC        ?C?LLDCODE
  -------         ENDMOD        ?C?LLDCODE

  -------         MODULE        ?C?LLDXDATA0
  C:1B31H         PUBLIC        ?C?LLDXDATA0
  -------         ENDMOD        ?C?LLDXDATA0

  -------         MODULE        ?C?LLDCODE0
  C:1B3DH         PUBLIC        ?C?LLDCODE0
  -------         ENDMOD        ?C?LLDCODE0

  -------         MODULE        ?C?LSTXDATA
  C:1B4DH         PUBLIC        ?C?LSTXDATA
  -------         ENDMOD        ?C?LSTXDATA

  -------         MODULE        ?C?LSTKXDATA
  C:1B59H         PUBLIC        ?C?LSTKXDATA
  -------         ENDMOD        ?C?LSTKXDATA

  -------         MODULE        ?C?PLDIXDATA
  C:1B8AH         PUBLIC        ?C?PLDIXDATA
  -------         ENDMOD        ?C?PLDIXDATA

  -------         MODULE        ?C?PSTXDATA
BL51 BANKED LINKER/LOCATER V6.22.2.0                                                  08/19/2020  14:41:27  PAGE 132


  C:1BA1H         PUBLIC        ?C?PSTXDATA
  -------         ENDMOD        ?C?PSTXDATA

  -------         MODULE        ?C?CCASE
  C:1BAAH         PUBLIC        ?C?CCASE
  -------         ENDMOD        ?C?CCASE

  -------         MODULE        STRCAT
  X:0047H         PUBLIC        ?_strcat?BYTE
  C:9F96H         PUBLIC        _strcat
  -------         ENDMOD        STRCAT

  -------         MODULE        ?C?STRCMP
  C:1D4EH         PUBLIC        ?C?STRCMP
  -------         ENDMOD        ?C?STRCMP

  -------         MODULE        ?C?STRCPY
  C:1E37H         PUBLIC        ?C?STRCPY
  -------         ENDMOD        ?C?STRCPY

  -------         MODULE        STRLEN
  C:000EH         PUBLIC        _STRLEN
  -------         ENDMOD        STRLEN

  -------         MODULE        STRTOK
  X:0065H         PUBLIC        ?_strtok?BYTE
  C:78FBH         PUBLIC        _strtok
  -------         ENDMOD        STRTOK

  -------         MODULE        ATOL
  C:6D2DH         PUBLIC        _atol
  -------         ENDMOD        ATOL

  -------         MODULE        ATOI
  C:7ABDH         PUBLIC        _atoi
  -------         ENDMOD        ATOI

  -------         MODULE        ?C?ILDIX
  C:1E54H         PUBLIC        ?C?ILDIX
  -------         ENDMOD        ?C?ILDIX

  -------         MODULE        ?C?LMUL
  C:1E6AH         PUBLIC        ?C?LMUL
  -------         ENDMOD        ?C?LMUL

  -------         MODULE        ISDIGIT
  C:B00AH         PUBLIC        _isdigit
  -------         ENDMOD        ISDIGIT

  -------         MODULE        ISSPACE
  C:AF7CH         PUBLIC        _isspace
  -------         ENDMOD        ISSPACE

  -------         MODULE        STRSPN
  X:006BH         PUBLIC        ?_strspn?BYTE
  C:98DBH         PUBLIC        _strspn
  -------         ENDMOD        STRSPN
BL51 BANKED LINKER/LOCATER V6.22.2.0                                                  08/19/2020  14:41:27  PAGE 133



  -------         MODULE        STRPBRK
  X:006BH         PUBLIC        ?_strpbrk?BYTE
  C:99E0H         PUBLIC        _strpbrk
  -------         ENDMOD        STRPBRK

Program Size: data=138.7 xdata=530 code=45205
LINK/LOCATE RUN COMPLETE.  0 WARNING(S),  0 ERROR(S)
