BL51 BANKED LINKER/LOCATER V6.22.2.0                                                    06/11/2021  12:08:32  PAGE 1


BL51 BANKED LINKER/LOCATER V6.22.2.0, INVOKED BY:
C:\KEIL_V5\C51\BIN\BL51.EXE .\Objects\main.obj, .\Objects\Accescan.obj, .\Objects\Clock.obj, .\Objects\delay.obj, .\Obje
>> cts\eeprom.obj, .\Objects\io_sensores.obj, .\Objects\pantallas.obj, .\Objects\prog.obj, .\Objects\pto_paralelo.obj, .
>> \Objects\tibbo.obj, .\Objects\uart.obj, .\Objects\lintech.obj, .\Objects\verificador.obj, .\Objects\Monitor.obj TO .\
>> Objects\expedidor_v_01_raspberry PRINT (.\Listings\expedidor_v_01_raspberry.m51) RAMSIZE (256)


MEMORY MODEL: LARGE WITH FLOATING POINT ARITHMETIC


INPUT MODULES INCLUDED:
  .\Objects\main.obj (MAIN)
  .\Objects\Accescan.obj (ACCESCAN)
  .\Objects\Clock.obj (CLOCK)
  .\Objects\delay.obj (DELAY)
  .\Objects\eeprom.obj (EEPROM)
  .\Objects\io_sensores.obj (IO_SENSORES)
  .\Objects\pantallas.obj (PANTALLAS)
  .\Objects\prog.obj (PROG)
  .\Objects\pto_paralelo.obj (PTO_PARALELO)
  .\Objects\tibbo.obj (TIBBO)
  .\Objects\uart.obj (UART)
  .\Objects\lintech.obj (LINTECH)
  .\Objects\verificador.obj (VERIFICADOR)
  .\Objects\Monitor.obj (MONITOR)
  C:\KEIL_V5\C51\LIB\C51FPL.LIB (?C?FPADD)
  C:\KEIL_V5\C51\LIB\C51FPL.LIB (?C?FPMUL)
  C:\KEIL_V5\C51\LIB\C51FPL.LIB (?C?FCAST)
  C:\KEIL_V5\C51\LIB\C51FPL.LIB (?C?CASTF)
  C:\KEIL_V5\C51\LIB\C51FPL.LIB (PRINTF)
  C:\KEIL_V5\C51\LIB\C51FPL.LIB (POW)
  C:\KEIL_V5\C51\LIB\C51FPL.LIB (?C?FPGETOPN)
  C:\KEIL_V5\C51\LIB\C51FPL.LIB (?C?CHKFLOAT)
  C:\KEIL_V5\C51\LIB\C51FPL.LIB (?C?FPCMP)
  C:\KEIL_V5\C51\LIB\C51FPL.LIB (?C?FPNEG)
  C:\KEIL_V5\C51\LIB\C51FPL.LIB (?C?FPROUND)
  C:\KEIL_V5\C51\LIB\C51FPL.LIB (?C?FPCONVERT)
  C:\KEIL_V5\C51\LIB\C51FPL.LIB (EXP)
  C:\KEIL_V5\C51\LIB\C51FPL.LIB (LOG)
  C:\KEIL_V5\C51\LIB\C51FPL.LIB (?C?FPDIV)
  C:\KEIL_V5\C51\LIB\C51FPL.LIB (?C?FTNPWR)
  C:\KEIL_V5\C51\LIB\C51FPL.LIB (?C?FPSERIES)
  C:\KEIL_V5\C51\LIB\C51L.LIB (?C_STARTUP)
  C:\KEIL_V5\C51\LIB\C51L.LIB (?C?COPY)
  C:\KEIL_V5\C51\LIB\C51L.LIB (?C?CLDPTR)
  C:\KEIL_V5\C51\LIB\C51L.LIB (?C?CLDOPTR)
  C:\KEIL_V5\C51\LIB\C51L.LIB (?C?CSTPTR)
  C:\KEIL_V5\C51\LIB\C51L.LIB (?C?CSTOPTR)
  C:\KEIL_V5\C51\LIB\C51L.LIB (?C?IMUL)
  C:\KEIL_V5\C51\LIB\C51L.LIB (?C?IILDX)
  C:\KEIL_V5\C51\LIB\C51L.LIB (?C?LNEG)
  C:\KEIL_V5\C51\LIB\C51L.LIB (?C?SLCMP)
  C:\KEIL_V5\C51\LIB\C51L.LIB (?C?ULCMP)
  C:\KEIL_V5\C51\LIB\C51L.LIB (?C?ULSHR)
  C:\KEIL_V5\C51\LIB\C51L.LIB (?C?LSHL)
  C:\KEIL_V5\C51\LIB\C51L.LIB (?C?LLDCODE)
  C:\KEIL_V5\C51\LIB\C51L.LIB (?C?LLDXDATA0)
  C:\KEIL_V5\C51\LIB\C51L.LIB (?C?LLDCODE0)
BL51 BANKED LINKER/LOCATER V6.22.2.0                                                  06/11/2021  12:08:32  PAGE 2


  C:\KEIL_V5\C51\LIB\C51L.LIB (?C?LSTXDATA)
  C:\KEIL_V5\C51\LIB\C51L.LIB (?C?LSTKXDATA)
  C:\KEIL_V5\C51\LIB\C51L.LIB (?C?PLDIXDATA)
  C:\KEIL_V5\C51\LIB\C51L.LIB (?C?PSTXDATA)
  C:\KEIL_V5\C51\LIB\C51L.LIB (?C?CCASE)
  C:\KEIL_V5\C51\LIB\C51L.LIB (STRCAT)
  C:\KEIL_V5\C51\LIB\C51L.LIB (?C?STRCMP)
  C:\KEIL_V5\C51\LIB\C51L.LIB (?C?STRCPY)
  C:\KEIL_V5\C51\LIB\C51L.LIB (STRLEN)
  C:\KEIL_V5\C51\LIB\C51L.LIB (STRTOK)
  C:\KEIL_V5\C51\LIB\C51L.LIB (ATOL)
  C:\KEIL_V5\C51\LIB\C51L.LIB (ATOI)
  C:\KEIL_V5\C51\LIB\C51L.LIB (?C_INIT)
  C:\KEIL_V5\C51\LIB\C51L.LIB (?C?ILDIX)
  C:\KEIL_V5\C51\LIB\C51L.LIB (?C?LMUL)
  C:\KEIL_V5\C51\LIB\C51L.LIB (ISDIGIT)
  C:\KEIL_V5\C51\LIB\C51L.LIB (ISSPACE)
  C:\KEIL_V5\C51\LIB\C51L.LIB (STRSPN)
  C:\KEIL_V5\C51\LIB\C51L.LIB (STRPBRK)


LINK MAP OF MODULE:  .\Objects\expedidor_v_01_raspberry (MAIN)


            TYPE    BASE      LENGTH    RELOCATION   SEGMENT NAME
            -----------------------------------------------------

            * * * * * * *   D A T A   M E M O R Y   * * * * * * *
            REG     0000H     0008H     ABSOLUTE     "REG BANK 0"
            DATA    0008H     0005H     UNIT         _DATA_GROUP_
            DATA    000DH     0004H     UNIT         ?DT?UART
            IDATA   0011H     0009H     UNIT         ?ID?MONITOR
                    001AH     0006H                  *** GAP ***
            BIT     0020H.0   0001H.1   UNIT         _BIT_GROUP_
            BIT     0021H.1   0000H.3   UNIT         ?BI?MAIN
            BIT     0021H.4   0000H.2   UNIT         ?BI?UART
            BIT     0021H.6   0000H.1   UNIT         ?BI?EEPROM
            BIT     0021H.7   0000H.1   UNIT         ?BI?IO_SENSORES
            BIT     0022H.0   0000H.1   UNIT         ?BI?VERIFICADOR
                    0022H.1   0000H.7                *** GAP ***
            IDATA   0023H     0046H     UNIT         ?ID?MAIN
            IDATA   0069H     0001H     UNIT         ?STACK

            * * * * * * *  X D A T A   M E M O R Y  * * * * * * *
            XDATA   0000H     00B7H     UNIT         _XDATA_GROUP_
            XDATA   00B7H     0091H     UNIT         ?XD?VERIFICADOR
            XDATA   0148H     006CH     UNIT         ?XD?MAIN
            XDATA   01B4H     0059H     UNIT         ?XD?PROG
            XDATA   020DH     0003H     UNIT         ?XD?EEPROM
            XDATA   0210H     0003H     UNIT         ?XD?UART
            XDATA   0213H     0003H     UNIT         ?XD?STRTOK
            XDATA   0216H     0002H     UNIT         ?XD?IO_SENSORES
            XDATA   0218H     0001H     UNIT         ?XD?ACCESCAN
            XDATA   0219H     0001H     UNIT         ?XD?CLOCK

            * * * * * * *   C O D E   M E M O R Y   * * * * * * *
            CODE    0000H     0003H     ABSOLUTE     
BL51 BANKED LINKER/LOCATER V6.22.2.0                                                  06/11/2021  12:08:32  PAGE 3


            CODE    0003H     0008H     UNIT         ?PR?P_CK?CLOCK
            CODE    000BH     0003H     ABSOLUTE     
            CODE    000EH     0015H     UNIT         ?PR?_STRLEN?STRLEN
            CODE    0023H     0003H     ABSOLUTE     
            CODE    0026H     1322H     UNIT         ?CO?PROG
            CODE    1348H     0B8BH     UNIT         ?C?LIB_CODE
            CODE    1ED3H     08BDH     UNIT         ?CO?VERIFICADOR
            CODE    2790H     0747H     UNIT         ?PR?_PANTALLALCD?PANTALLAS
            CODE    2ED7H     06EFH     UNIT         ?CO?PANTALLAS
            CODE    35C6H     052CH     UNIT         ?PR?_VALIDA_TRAMA_PTO?ACCESCAN
            CODE    3AF2H     04DAH     UNIT         ?PR?_SECUENCIAEXPEDIDORMF?VERIFICADOR
            CODE    3FCCH     0483H     UNIT         ?PR?PRINTF?PRINTF
            CODE    444FH     037FH     UNIT         ?PR?VER_PROG?PROG
            CODE    47CEH     02D0H     UNIT         ?PR?_TWO_BYTEHEX_DECIMAL?CLOCK
            CODE    4A9EH     02B7H     UNIT         ?PR?_PROG_HORARIO_DIAS?PROG
            CODE    4D55H     02A5H     UNIT         ?PR?_PANTALLALCD_LINEA_2?PANTALLAS
            CODE    4FFAH     02A3H     UNIT         ?PR?_ARMAR_TRAMA_MONITOR?VERIFICADOR
            CODE    529DH     0256H     UNIT         ?PR?_ARMAR_TRAMA_PTO_PARALELO_EXPEDIDOR?VERIFICADOR
            CODE    54F3H     022CH     UNIT         ?PR?MENU?PROG
            CODE    571FH     0208H     UNIT         ?PR?_HASH_ID?PROG
            CODE    5927H     01FAH     UNIT         ?PR?_PROG_HORARIO_DESDE_HASTA?PROG
            CODE    5B21H     01F5H     UNIT         ?PR?PROG_FECHA_VENCIMIENTO?PROG
            CODE    5D16H     01EBH     UNIT         ?PR?_ARMAR_TRAMA_TARJETA_SECTOR1_BLOQUE2?VERIFICADOR
            CODE    5F01H     01DFH     UNIT         ?PR?_RESPONDE_LECTURA_TARJETA_SECTOR1_BLOQUE1?VERIFICADOR
            CODE    60E0H     01D8H     UNIT         ?PR?_BLOCK_READ_CLOCK_ASCII_RASBERRY?CLOCK
            CODE    62B8H     01B3H     UNIT         ?PR?COM_ISR?UART
            CODE    646BH     01A4H     UNIT         ?PR?_VALIDA_TIPO_TARJETA?VERIFICADOR
            CODE    660FH     01A3H     UNIT         ?CO?LINTECH
            CODE    67B2H     016EH     UNIT         ?PR?_BLOCK_READ_CLOCK_ASCII?CLOCK
            CODE    6920H     0166H     UNIT         ?PR?_POW?POW
            CODE    6A86H     0157H     UNIT         ?PR?_RESPONDE_REELECTURA_TARJETA_SECTOR1_BLOQUE2?VERIFICADOR
            CODE    6BDDH     0145H     UNIT         ?PR?PROG_HORARIOS?PROG
            CODE    6D22H     013EH     UNIT         ?PR?PROG_SIN_COBRO?PROG
            CODE    6E60H     013EH     UNIT         ?PR?SECUENCIA_INICIO_EXPEDIDOR?VERIFICADOR
            CODE    6F9EH     013CH     UNIT         ?PR?LOAD_AND_SEND_ID_COD?PTO_PARALELO
            CODE    70DAH     0137H     UNIT         ?PR?VER_HORARIO?PROG
            CODE    7211H     012EH     UNIT         ?PR?_ARMAR_TRAMA_PTO_PARALELO_EXPEDIDOR_MENSUAL?VERIFICADOR
            CODE    733FH     012BH     UNIT         ?PR?_RESPONDE_LECTURA_TARJETA_SECTOR1_BLOQUE2?VERIFICADOR
            CODE    746AH     0129H     UNIT         ?PR?LOG?LOG
            CODE    7593H     0128H     UNIT         ?PR?_VER_HORARIO_DIAS?PROG
            CODE    76BBH     011AH     UNIT         ?PR?_PROG_HORARIOS_ON_OFF?PROG
            CODE    77D5H     0119H     UNIT         ?PR?_VER_HORARIO_DESDE_HASTA?PROG
            CODE    78EEH     0115H     UNIT         ?PR?_VALIDAR_CLK?CLOCK
            CODE    7A03H     010FH     UNIT         ?PR?_HORARIOS?VERIFICADOR
            CODE    7B12H     010CH     UNIT         ?PR?_ATOL?ATOL
            CODE    7C1EH     0100H     UNIT         ?PR?_WR_MF?LINTECH
            CODE    7D1EH     00FCH     UNIT         ?PR?PROG_DEBUG?PROG
            CODE    7E1AH     00FCH     UNIT         ?PR?PROG_USE_LPR?PROG
            CODE    7F16H     00FCH     UNIT         ?PR?TIPO_PANTALLA?PROG
            CODE    8012H     00FCH     UNIT         ?PR?PROG_ANTIPASSBACK?PROG
            CODE    810EH     00FCH     UNIT         ?PR?PROG_PLACA?PROG
            CODE    820AH     00FCH     UNIT         ?PR?PROG_VALIDAR_TIPO_VEHICULO_MENSUAL?PROG
            CODE    8306H     00FCH     UNIT         ?PR?PROG_APB_MENSUAL?PROG
            CODE    8402H     00FCH     UNIT         ?PR?_BLOQUE_HORARIO?VERIFICADOR
            CODE    84FEH     00F1H     UNIT         ?PR?_WRITE_EEPROM_TICKET?EEPROM
            CODE    85EFH     00F0H     UNIT         ?CO?IO_SENSORES
            CODE    86DFH     00EAH     UNIT         ?PR?_MOV_CARD?LINTECH
BL51 BANKED LINKER/LOCATER V6.22.2.0                                                  06/11/2021  12:08:32  PAGE 4


            CODE    87C9H     00E4H     UNIT         ?PR?_STRTOK?STRTOK
            CODE    88ADH     00DEH     UNIT         ?PR?PROG_ADDRESS_HIGH_BOARD?PROG
            CODE    898BH     00DBH     UNIT         ?PR?_ATOI?ATOI
            CODE    8A66H     00D7H     UNIT         ?PR?_ANALIZA_UID_CARD?VERIFICADOR
            CODE    8B3DH     00D6H     UNIT         ?PR?_CMD_LPR_SALIDA_WIEGAND?ACCESCAN
            CODE    8C13H     00D3H     UNIT         ?C_INITSEG
            CODE    8CE6H     00CCH     UNIT         ?PR?_GRABA_SERIE?EEPROM
            CODE    8DB2H     00CBH     UNIT         ?PR?_RTA_CMD_TRANSPORTE?VERIFICADOR
            CODE    8E7DH     00CAH     UNIT         ?PR?READ_EEPROM_TICKET?EEPROM
            CODE    8F47H     00C9H     UNIT         ?PR?_CHECK_FECHAOUT?CLOCK
            CODE    9010H     00C4H     UNIT         ?PR?_BLOCK_READ_CLOCK?CLOCK
            CODE    90D4H     00C4H     UNIT         ?PR?_TARJETA_MENSUAL?VERIFICADOR
            CODE    9198H     00C3H     UNIT         ?PR?_RD_MF?LINTECH
            CODE    925BH     00C2H     UNIT         ?PR?PROG_TARJETA_AUTOMATICA_O_BOTON?PROG
            CODE    931DH     00C1H     UNIT         ?PR?_RECIBE_CMD_MONITOR?MONITOR
            CODE    93DEH     00BEH     UNIT         ?PR?ERROR_RX_PTO?VERIFICADOR
            CODE    949CH     00BDH     UNIT         ?PR?PROG_COD_PARK?PROG
            CODE    9559H     00BDH     UNIT         ?PR?PROG_TIEMPO_GRACIA?PROG
            CODE    9616H     00BBH     UNIT         ?PR?_VALIDA_TRAMA_MONITOR?MONITOR
            CODE    96D1H     00B9H     UNIT         ?CO?TIBBO
            CODE    978AH     00B6H     UNIT         ?PR?PROG_ID_CLIENTE?PROG
            CODE    9840H     00B5H     UNIT         ?PR?_WAIT_PLACA?VERIFICADOR
            CODE    98F5H     00B4H     UNIT         ?PR?_SEND_PORT?PTO_PARALELO
            CODE    99A9H     00AFH     UNIT         ?PR?MSJ_LCD_INFORMATIVO?IO_SENSORES
            CODE    9A58H     00ACH     UNIT         ?PR?_HORA_MAXIMA?VERIFICADOR
            CODE    9B04H     00AAH     UNIT         ?PR?CLAVE_SEGURIDAD_S2?LINTECH
            CODE    9BAEH     00A9H     UNIT         ?PR?DWLOAD_EEPROM?LINTECH
            CODE    9C57H     00A6H     UNIT         ?PR?_BLOCK_READ_CLOCK_HEX?CLOCK
            CODE    9CFDH     00A5H     UNIT         ?PR?_SEND_PTO_PARALELO?VERIFICADOR
            CODE    9DA2H     00A4H     UNIT         ?PR?_ARMAR_TRAMA_TARJETA_SECTOR1_BLOQUE1_CAMCEL?VERIFICADOR
            CODE    9E46H     00A1H     UNIT         ?PR?_BLOCK_WRITE_CLOCK_ASCII?CLOCK
            CODE    9EE7H     009DH     UNIT         ?PR?_INICIALIZA?LINTECH
            CODE    9F84H     009CH     UNIT         ?PR?_RESPUESTA_PLACA_CANCEL?VERIFICADOR
            CODE    A020H     009AH     UNIT         ?PR?_RESPONDE_LECTURA_TARJETA_SECTOR1_BLOQUE0?VERIFICADOR
            CODE    A0BAH     009AH     UNIT         ?PR?EXP?EXP
            CODE    A154H     0099H     UNIT         ?PR?SHOW?PROG
            CODE    A1EDH     0099H     UNIT         ?PR?_RECIBE_PORT?PTO_PARALELO
            CODE    A286H     0098H     UNIT         ?PR?_VALIDA_VEHICULO_CARD_MENSUAL?VERIFICADOR
            CODE    A31EH     0091H     UNIT         ?PR?_HEX_ASCII?CLOCK
            CODE    A3AFH     0091H     UNIT         ?PR?_CARD_INSERCION?LINTECH
            CODE    A440H     0090H     UNIT         ?PR?_LEE_CLK?CLOCK
            CODE    A4D0H     0090H     UNIT         ?PR?_GETOPTION?PROG
            CODE    A560H     0090H     UNIT         ?PR?_DISPARO_LOCK_ENTRADA_VEHICULO?VERIFICADOR
            CODE    A5F0H     0090H     UNIT         ?PR?ENTREGA_CARD_CAPTURA?VERIFICADOR
            CODE    A680H     008DH     UNIT         ?PR?LOADVERIFY_EEPROM?LINTECH
            CODE    A70DH     008CH     UNIT         ?C_C51STARTUP
            CODE    A799H     0088H     UNIT         ?PR?_SEND_PORTERR?PTO_PARALELO
            CODE    A821H     0088H     UNIT         ?PR?RX_DATA?TIBBO
            CODE    A8A9H     0088H     UNIT         ?PR?UNIQUE_IDENTIFIER_UID?LINTECH
            CODE    A931H     0086H     UNIT         ?PR?_CHECK_STATUS?LINTECH
            CODE    A9B7H     0084H     UNIT         ?PR?_DEBUGBUFFERMF?TIBBO
            CODE    AA3BH     0084H     UNIT         ?PR?_STRSPN?STRSPN
            CODE    AABFH     0083H     UNIT         ?PR?_RASPBERRY_DATA?PANTALLAS
            CODE    AB42H     0081H     UNIT         ?PR?_STRPBRK?STRPBRK
            CODE    ABC3H     0080H     UNIT         ?PR?_INGRESADATO?PROG
            CODE    AC43H     0080H     UNIT         ?PR?AUT_CARD_CHECK_STATUS?LINTECH
            CODE    ACC3H     0080H     UNIT         ?PR?POWER_OFF?LINTECH
BL51 BANKED LINKER/LOCATER V6.22.2.0                                                  06/11/2021  12:08:32  PAGE 5


            CODE    AD43H     007FH     UNIT         ?PR?MAIN?MAIN
            CODE    ADC2H     007DH     UNIT         ?PR?RELOJ_PANTALLA_LCD?PANTALLAS
            CODE    AE3FH     007CH     UNIT         ?PR?RESPONDE_ESTADO_SENSORES_TRANSPORTE?VERIFICADOR
            CODE    AEBBH     0077H     UNIT         ?PR?RESPONDE_TIPO_TARJETA?VERIFICADOR
            CODE    AF32H     0074H     UNIT         ?PR?_HORA_ENTRADA_VEHICULO?CLOCK
            CODE    AFA6H     0071H     UNIT         ?PR?_EN_HORARIO?VERIFICADOR
            CODE    B017H     006FH     UNIT         ?PR?_ESCRIBIRMEMORIA?EEPROM
            CODE    B086H     006CH     UNIT         ?PR?_RESPONDE_WRITE_TARJETA_SECTOR1_BLOQUE2?VERIFICADOR
            CODE    B0F2H     006BH     UNIT         ?PR?INGRESO_VEHICULO?VERIFICADOR
            CODE    B15DH     006BH     UNIT         ?PR?_STRCAT?STRCAT
            CODE    B1C8H     0066H     UNIT         ?PR?_LEERMEMORIA?EEPROM
            CODE    B22EH     0062H     UNIT         ?PR?_LISTACOMANDOS?PROG
            CODE    B290H     005EH     UNIT         ?PR?_BYTEHEX_DECIMAL?CLOCK
            CODE    B2EEH     005DH     UNIT         ?PR?_RESPUESTA_SEGUNDA_CLAVE?VERIFICADOR
            CODE    B34BH     005CH     UNIT         ?PR?_ARMAR_TRAMA_PLACA?VERIFICADOR
            CODE    B3A7H     005BH     UNIT         ?PR?VALIDA_SENSOR1_AUTO?IO_SENSORES
            CODE    B402H     0056H     UNIT         ?PR?_WR_EEPROM?EEPROM
            CODE    B458H     0054H     UNIT         ?PR?_PREGUNTA_LPR?VERIFICADOR
            CODE    B4ACH     004DH     UNIT         ?PR?VARIABLE_INICIO?MAIN
            CODE    B4F9H     004DH     UNIT         ?PR?L_D_M?EEPROM
            CODE    B546H     004CH     UNIT         ?PR?LEE_NO_TICKET?EEPROM
            CODE    B592H     004CH     UNIT         ?PR?LOAD_AND_SEND_INFO_RELOJ?PTO_PARALELO
            CODE    B5DEH     004BH     UNIT         ?PR?_TX_AUX?TIBBO
            CODE    B629H     0049H     UNIT         ?PR?_DEBUG_TXT_TIBBO?TIBBO
            CODE    B672H     0048H     UNIT         ?PR?FIRST_CLAVE?PROG
            CODE    B6BAH     0047H     UNIT         ?PR?_DEBUG_CHR_TIBBO?TIBBO
            CODE    B701H     0047H     UNIT         ?PR?_RESPONDE_WRITE_TARJETA_SECTOR2_BLOQUE0?VERIFICADOR
            CODE    B748H     0046H     UNIT         ?PR?_ESCRIBIRCADENASOFT_BUFFER?MAIN
            CODE    B78EH     0046H     UNIT         ?PR?_LCD_TXT_NUM_CHAR?PANTALLAS
            CODE    B7D4H     0046H     UNIT         ?PR?_DEBUG_HEXDEC?TIBBO
            CODE    B81AH     0044H     UNIT         ?PR?_LCD_TXT?PANTALLAS
            CODE    B85EH     0043H     UNIT         ?PR?DIR_BOARD?IO_SENSORES
            CODE    B8A1H     0042H     UNIT         ?PR?_VALIDARCLAVE?PROG
            CODE    B8E3H     0041H     UNIT         ?PR?_MONITOR_CHR?ACCESCAN
            CODE    B924H     0041H     UNIT         ?PR?_TWO_ONE?CLOCK
            CODE    B965H     0040H     UNIT         ?PR?_GETCMD?PROG
            CODE    B9A5H     0040H     UNIT         ?PR?_DEBUG_PTO_PARALELO?TIBBO
            CODE    B9E5H     003FH     UNIT         ?PR?_EB_CLK?CLOCK
            CODE    BA24H     003EH     UNIT         ?PR?_PUTCHAR?MAIN
            CODE    BA62H     003EH     UNIT         ?PR?TRAMA_VALIDACION_P_N?VERIFICADOR
            CODE    BAA0H     003DH     UNIT         ?PR?_HEX_BCD?CLOCK
            CODE    BADDH     003DH     UNIT         ?PR?_RD_EEPROM?EEPROM
            CODE    BB1AH     003DH     UNIT         ?PR?_DEBUG_MONITOR?TIBBO
            CODE    BB57H     003DH     UNIT         ?PR?_LOAD_SECUENCIA_EXPEDIDOR?VERIFICADOR
            CODE    BB94H     003BH     UNIT         ?CO?ACCESCAN
            CODE    BBCFH     003BH     UNIT         ?CO?EEPROM
            CODE    BC0AH     003BH     UNIT         ?PR?_COM_PUTCHAR?UART
            CODE    BC45H     003AH     UNIT         ?PR?_DELAY_10MS?DELAY
            CODE    BC7FH     003AH     UNIT         ?PR?ANALIZA_CARD_MOUNT_RF?VERIFICADOR
            CODE    BCB9H     0038H     UNIT         ?PR?VALIDASENSORESPASO?IO_SENSORES
            CODE    BCF1H     0036H     UNIT         ?PR?FORMATO_EEPROM?EEPROM
            CODE    BD27H     0036H     UNIT         ?PR?_RESPONDE_WRITE_TARJETA_SECTOR1_BLOQUE1?VERIFICADOR
            CODE    BD5DH     0036H     UNIT         ?PR?_RESPONDE_WRITE_TARJETA_SECTOR1_BLOQUE0?VERIFICADOR
            CODE    BD93H     0034H     UNIT         ?PR?_CALCULO_BCC?ACCESCAN
            CODE    BDC7H     0034H     UNIT         ?PR?INCREMENTE_TICKET?EEPROM
            CODE    BDFBH     0034H     UNIT         ?PR?ADDR_HORARIOS?PROG
            CODE    BE2FH     0031H     UNIT         ?PR?_TARJETA_ROTACION?VERIFICADOR
BL51 BANKED LINKER/LOCATER V6.22.2.0                                                  06/11/2021  12:08:32  PAGE 6


            CODE    BE60H     0030H     UNIT         ?PR?PREGUNTA_PLACA?VERIFICADOR
            CODE    BE90H     002EH     UNIT         ?PR?TIMER0_INT?MAIN
            CODE    BEBEH     002AH     UNIT         ?PR?COM_INITIALIZE?UART
            CODE    BEE8H     0028H     UNIT         ?PR?_WR_CLK?CLOCK
            CODE    BF10H     0028H     UNIT         ?PR?COM_BAUDRATE?UART
            CODE    BF38H     0028H     UNIT         ?PR?_ARMAR_TRAMA_TARJETA_SECTOR1_BLOQUE0?VERIFICADOR
            CODE    BF60H     0027H     UNIT         ?PR?_TX_CHRLCD?PANTALLAS
            CODE    BF87H     0026H     UNIT         ?PR?COM_GETCHAR?UART
            CODE    BFADH     0026H     UNIT         ?PR?ANALIZA_PRESENCIA_MENSUAL?VERIFICADOR
            CODE    BFD3H     0026H     UNIT         ?PR?RX_MONITOR?MONITOR
            CODE    BFF9H     0023H     UNIT         ?PR?ANALIZA_PRESENCIA_ROTACION?VERIFICADOR
            CODE    C01CH     0022H     UNIT         ?PR?_E_D_M?EEPROM
            CODE    C03EH     0022H     UNIT         ?PR?VALIDASENSOR_CERO?IO_SENSORES
            CODE    C060H     0021H     UNIT         ?CO?PTO_PARALELO
            CODE    C081H     0020H     UNIT         ?PR?ACKD?EEPROM
            CODE    C0A1H     0020H     UNIT         ?PR?ACK_LECT?EEPROM
            CODE    C0C1H     001FH     UNIT         ?PR?VALIDASENSOR?IO_SENSORES
            CODE    C0E0H     001FH     UNIT         ?PR?TIME_BIT?TIBBO
            CODE    C0FFH     001EH     UNIT         ?PR?_BCD_HEX?CLOCK
            CODE    C11DH     001BH     UNIT         ?PR?_DELAY_1MS?DELAY
            CODE    C138H     0018H     UNIT         ?PR?CLEAR_PLACA?MONITOR
            CODE    C150H     0017H     UNIT         ?PR?DISPLAYCURSOR?PROG
            CODE    C167H     0017H     UNIT         ?PR?TIME_MBIT?TIBBO
            CODE    C17EH     0016H     UNIT         ?PR?DIR_BOARD_MONITOR?IO_SENSORES
            CODE    C194H     0014H     UNIT         ?CO?CLOCK
            CODE    C1A8H     0014H     UNIT         ?PR?_ISSPACE?ISSPACE
            CODE    C1BCH     0012H     UNIT         ?PR?_DELAY_20US?DELAY
            CODE    C1CEH     0012H     UNIT         ?PR?START?EEPROM
            CODE    C1E0H     0012H     UNIT         ?PR?BOTTON?IO_SENSORES
            CODE    C1F2H     0012H     UNIT         ?PR?PULSO_BUS?PTO_PARALELO
            CODE    C204H     0012H     UNIT         ?PR?COM_RBUFLEN?UART
            CODE    C216H     0012H     UNIT         ?PR?COM_TBUFLEN?UART
            CODE    C228H     0010H     UNIT         ?PR?INI_TIMER?MAIN
            CODE    C238H     0010H     UNIT         ?PR?INICIA_BOARD?MAIN
            CODE    C248H     000FH     UNIT         ?PR?_ISDIGIT?ISDIGIT
            CODE    C257H     000CH     UNIT         ?PR?_GETKEY?MAIN
            CODE    C263H     000AH     UNIT         ?PR?STOP?EEPROM
            CODE    C26DH     000AH     UNIT         ?PR?COND_INI_PTO?PTO_PARALELO
            CODE    C277H     0009H     UNIT         ?PR?DEBUG_DIVIDIR_TEXTO?TIBBO
            CODE    C280H     0009H     UNIT         ?PR?CAPTURA_EXPULSA?VERIFICADOR
            CODE    C289H     0007H     UNIT         ?PR?COND_INI_CLOCK?CLOCK
            CODE    C290H     0007H     UNIT         ?PR?SEL_FUNCION?IO_SENSORES
            CODE    C297H     0007H     UNIT         ?PR?SEL_AUTO?IO_SENSORES
            CODE    C29EH     0007H     UNIT         ?PR?SEL_PULSA?IO_SENSORES
            CODE    C2A5H     0007H     UNIT         ?PR?SEL_SENSOR2?IO_SENSORES
            CODE    C2ACH     0007H     UNIT         ?PR?SEL_SENSOR1?IO_SENSORES
            CODE    C2B3H     0007H     UNIT         ?PR?SEL_DIR1?IO_SENSORES
            CODE    C2BAH     0007H     UNIT         ?PR?SEL_DIR2?IO_SENSORES
            CODE    C2C1H     0006H     UNIT         ?PR?P_ME?EEPROM
            CODE    C2C7H     0005H     UNIT         ?PR?ON_TIMER0_INTERRUP?MAIN
            CODE    C2CCH     0005H     UNIT         ?PR?COND_INI_TIBBO?TIBBO
            CODE    C2D1H     0003H     UNIT         ?PR?OFF_TIMER0_INTERRUP?MAIN
            CODE    C2D4H     0001H     UNIT         ?PR?DELAY?DELAY



OVERLAY MAP OF MODULE:   .\Objects\expedidor_v_01_raspberry (MAIN)
BL51 BANKED LINKER/LOCATER V6.22.2.0                                                  06/11/2021  12:08:32  PAGE 7




SEGMENT                                             BIT_GROUP          DATA_GROUP          XDATA_GROUP
  +--> CALLED SEGMENT                            START    LENGTH     START    LENGTH     START    LENGTH
--------------------------------------------------------------------------------------------------------
?C_C51STARTUP                                    -----    -----      -----    -----      -----    -----
  +--> ?PR?MAIN?MAIN
  +--> ?C_INITSEG

?PR?MAIN?MAIN                                    -----    -----      -----    -----      0000H    0001H
  +--> ?PR?INI_TIMER?MAIN
  +--> ?PR?ON_TIMER0_INTERRUP?MAIN
  +--> ?PR?COM_INITIALIZE?UART
  +--> ?PR?COM_BAUDRATE?UART
  +--> ?PR?INICIA_BOARD?MAIN
  +--> ?PR?TIME_BIT?TIBBO
  +--> ?PR?_DELAY_20US?DELAY
  +--> ?PR?TIME_MBIT?TIBBO
  +--> ?PR?_TX_AUX?TIBBO
  +--> ?PR?SEL_FUNCION?IO_SENSORES
  +--> ?PR?MENU?PROG
  +--> ?PR?VARIABLE_INICIO?MAIN
  +--> ?PR?SECUENCIA_INICIO_EXPEDIDOR?VERIFI...
  +--> ?PR?RX_MONITOR?MONITOR
  +--> ?PR?_SECUENCIAEXPEDIDORMF?VERIFICADOR
  +--> ?PR?_RECIBE_PORT?PTO_PARALELO
  +--> ?PR?_DEBUG_PTO_PARALELO?TIBBO
  +--> ?PR?_VALIDA_TRAMA_PTO?ACCESCAN
  +--> ?PR?MSJ_LCD_INFORMATIVO?IO_SENSORES

?PR?COM_INITIALIZE?UART                          -----    -----      -----    -----      -----    -----
  +--> ?PR?COM_BAUDRATE?UART

?PR?INICIA_BOARD?MAIN                            -----    -----      -----    -----      -----    -----
  +--> ?PR?COND_INI_TIBBO?TIBBO
  +--> ?PR?COND_INI_CLOCK?CLOCK
  +--> ?PR?COND_INI_PTO?PTO_PARALELO

?PR?_TX_AUX?TIBBO                                -----    -----      -----    -----      -----    -----
  +--> ?PR?TIME_BIT?TIBBO

?PR?MENU?PROG                                    -----    -----      -----    -----      0001H    0045H
  +--> ?CO?PROG
  +--> ?PR?PRINTF?PRINTF
  +--> ?PR?_RD_EEPROM?EEPROM
  +--> ?PR?FIRST_CLAVE?PROG
  +--> ?PR?_WR_EEPROM?EEPROM
  +--> ?PR?_LEERMEMORIA?EEPROM
  +--> ?PR?_HASH_ID?PROG
  +--> ?PR?_INGRESADATO?PROG
  +--> ?PR?_GETCMD?PROG
  +--> ?PR?_ESCRIBIRMEMORIA?EEPROM
  +--> ?PR?_VALIDARCLAVE?PROG
  +--> ?PR?DISPLAYCURSOR?PROG
  +--> ?PR?_STRLEN?STRLEN
  +--> ?PR?_GETOPTION?PROG
  +--> ?PR?_STRCAT?STRCAT
BL51 BANKED LINKER/LOCATER V6.22.2.0                                                  06/11/2021  12:08:32  PAGE 8


  +--> ?PR?_LISTACOMANDOS?PROG
  +--> ?PR?PROG_ID_CLIENTE?PROG
  +--> ?PR?PROG_COD_PARK?PROG
  +--> ?PR?PROG_TIEMPO_GRACIA?PROG
  +--> ?PR?PROG_SIN_COBRO?PROG
  +--> ?PR?PROG_DEBUG?PROG
  +--> ?PR?PROG_USE_LPR?PROG
  +--> ?PR?TIPO_PANTALLA?PROG
  +--> ?PR?PROG_TARJETA_AUTOMATICA_O_BOTON?PROG
  +--> ?PR?PROG_ANTIPASSBACK?PROG
  +--> ?PR?PROG_PLACA?PROG
  +--> ?PR?PROG_ADDRESS_HIGH_BOARD?PROG
  +--> ?PR?PROG_HORARIOS?PROG
  +--> ?PR?PROG_VALIDAR_TIPO_VEHICULO_MENSUA...
  +--> ?PR?PROG_APB_MENSUAL?PROG
  +--> ?PR?VER_PROG?PROG
  +--> ?PR?SHOW?PROG
  +--> ?PR?PROG_FECHA_VENCIMIENTO?PROG

?PR?PRINTF?PRINTF                                0020H.0  0001H.1    0008H    0005H      0077H    0030H
  +--> ?PR?_PUTCHAR?MAIN

?PR?_PUTCHAR?MAIN                                -----    -----      -----    -----      00A7H    0003H
  +--> ?PR?_COM_PUTCHAR?UART

?PR?_COM_PUTCHAR?UART                            -----    -----      -----    -----      00AAH    0001H
  +--> ?PR?COM_TBUFLEN?UART

?PR?_RD_EEPROM?EEPROM                            -----    -----      -----    -----      -----    -----
  +--> ?PR?START?EEPROM
  +--> ?PR?ACK_LECT?EEPROM
  +--> ?PR?_E_D_M?EEPROM
  +--> ?PR?ACKD?EEPROM
  +--> ?PR?L_D_M?EEPROM
  +--> ?PR?STOP?EEPROM

?PR?ACK_LECT?EEPROM                              -----    -----      -----    -----      -----    -----
  +--> ?PR?_E_D_M?EEPROM

?PR?_E_D_M?EEPROM                                -----    -----      -----    -----      -----    -----
  +--> ?PR?P_ME?EEPROM

?PR?ACKD?EEPROM                                  -----    -----      -----    -----      -----    -----
  +--> ?PR?_E_D_M?EEPROM

?PR?FIRST_CLAVE?PROG                             -----    -----      -----    -----      0046H    000BH
  +--> ?PR?_BLOCK_READ_CLOCK_ASCII?CLOCK
  +--> ?PR?_HASH_ID?PROG
  +--> ?PR?_ESCRIBIRMEMORIA?EEPROM

?PR?_BLOCK_READ_CLOCK_ASCII?CLOCK                -----    -----      -----    -----      0051H    0003H
  +--> ?PR?_LEE_CLK?CLOCK

?PR?_LEE_CLK?CLOCK                               -----    -----      -----    -----      00B1H    0003H
  +--> ?PR?_DELAY_20US?DELAY
  +--> ?PR?_EB_CLK?CLOCK
  +--> ?PR?P_CK?CLOCK
BL51 BANKED LINKER/LOCATER V6.22.2.0                                                  06/11/2021  12:08:32  PAGE 9



?PR?_EB_CLK?CLOCK                                -----    -----      -----    -----      00B4H    0003H
  +--> ?PR?P_CK?CLOCK

?PR?P_CK?CLOCK                                   -----    -----      -----    -----      -----    -----
  +--> ?PR?DELAY?DELAY

?PR?_HASH_ID?PROG                                -----    -----      -----    -----      005DH    003FH
  +--> ?CO?PROG
  +--> ?PR?_LEERMEMORIA?EEPROM
  +--> ?PR?_CHECK_FECHAOUT?CLOCK
  +--> ?PR?_STRLEN?STRLEN

?PR?_LEERMEMORIA?EEPROM                          -----    -----      -----    -----      009CH    0005H
  +--> ?PR?_RD_EEPROM?EEPROM

?PR?_CHECK_FECHAOUT?CLOCK                        -----    -----      -----    -----      009CH    0012H
  +--> ?PR?_BLOCK_READ_CLOCK_HEX?CLOCK

?PR?_BLOCK_READ_CLOCK_HEX?CLOCK                  -----    -----      -----    -----      00AEH    0003H
  +--> ?PR?_LEE_CLK?CLOCK
  +--> ?PR?_BCD_HEX?CLOCK

?PR?_ESCRIBIRMEMORIA?EEPROM                      -----    -----      -----    -----      005DH    0005H
  +--> ?PR?_WR_EEPROM?EEPROM

?PR?_WR_EEPROM?EEPROM                            -----    -----      -----    -----      -----    -----
  +--> ?PR?START?EEPROM
  +--> ?PR?ACKD?EEPROM
  +--> ?PR?_E_D_M?EEPROM
  +--> ?PR?STOP?EEPROM
  +--> ?PR?_DELAY_1MS?DELAY
  +--> ?PR?_DELAY_20US?DELAY

?PR?_DELAY_1MS?DELAY                             -----    -----      -----    -----      -----    -----
  +--> ?PR?_DELAY_20US?DELAY

?PR?_INGRESADATO?PROG                            -----    -----      -----    -----      0071H    0004H
  +--> ?PR?_GETKEY?MAIN
  +--> ?CO?PROG
  +--> ?PR?PRINTF?PRINTF
  +--> ?PR?_PUTCHAR?MAIN

?PR?_GETKEY?MAIN                                 -----    -----      -----    -----      -----    -----
  +--> ?PR?COM_GETCHAR?UART

?PR?COM_GETCHAR?UART                             -----    -----      -----    -----      -----    -----
  +--> ?PR?COM_RBUFLEN?UART

?PR?_GETCMD?PROG                                 -----    -----      -----    -----      005DH    0007H
  +--> ?CO?PROG
  +--> ?PR?_STRTOK?STRTOK

?PR?_STRTOK?STRTOK                               -----    -----      -----    -----      0064H    0006H
  +--> ?PR?_STRSPN?STRSPN
  +--> ?PR?_STRPBRK?STRPBRK

BL51 BANKED LINKER/LOCATER V6.22.2.0                                                  06/11/2021  12:08:32  PAGE 10


?PR?_STRSPN?STRSPN                               -----    -----      -----    -----      006AH    0008H

?PR?_STRPBRK?STRPBRK                             -----    -----      -----    -----      006AH    0009H

?PR?_VALIDARCLAVE?PROG                           -----    -----      -----    -----      005DH    000EH

?PR?DISPLAYCURSOR?PROG                           -----    -----      -----    -----      -----    -----
  +--> ?CO?PROG
  +--> ?PR?PRINTF?PRINTF

?PR?_GETOPTION?PROG                              -----    -----      -----    -----      0046H    000BH
  +--> ?CO?PROG
  +--> ?PR?_STRTOK?STRTOK

?PR?_STRCAT?STRCAT                               -----    -----      -----    -----      0048H    0009H

?PR?_LISTACOMANDOS?PROG                          -----    -----      -----    -----      0046H    0007H

?PR?PROG_ID_CLIENTE?PROG                         -----    -----      -----    -----      0046H    000CH
  +--> ?PR?_RD_EEPROM?EEPROM
  +--> ?CO?PROG
  +--> ?PR?PRINTF?PRINTF
  +--> ?PR?_INGRESADATO?PROG
  +--> ?PR?_ATOI?ATOI
  +--> ?PR?_WR_EEPROM?EEPROM

?PR?_ATOI?ATOI                                   0020H.0  0000H.1    -----    -----      0071H    0005H
  +--> ?PR?_ISSPACE?ISSPACE
  +--> ?PR?_ISDIGIT?ISDIGIT

?PR?PROG_COD_PARK?PROG                           -----    -----      -----    -----      0046H    000CH
  +--> ?PR?_RD_EEPROM?EEPROM
  +--> ?CO?PROG
  +--> ?PR?PRINTF?PRINTF
  +--> ?PR?_INGRESADATO?PROG
  +--> ?PR?_ATOI?ATOI
  +--> ?PR?_WR_EEPROM?EEPROM

?PR?PROG_TIEMPO_GRACIA?PROG                      -----    -----      -----    -----      0046H    000CH
  +--> ?PR?_RD_EEPROM?EEPROM
  +--> ?CO?PROG
  +--> ?PR?PRINTF?PRINTF
  +--> ?PR?_INGRESADATO?PROG
  +--> ?PR?_ATOI?ATOI
  +--> ?PR?_WR_EEPROM?EEPROM

?PR?PROG_SIN_COBRO?PROG                          -----    -----      -----    -----      0046H    000CH
  +--> ?PR?_RD_EEPROM?EEPROM
  +--> ?CO?PROG
  +--> ?PR?PRINTF?PRINTF
  +--> ?PR?_INGRESADATO?PROG
  +--> ?PR?_ATOI?ATOI
  +--> ?PR?_WR_EEPROM?EEPROM

?PR?PROG_DEBUG?PROG                              -----    -----      -----    -----      0046H    000CH
  +--> ?PR?_RD_EEPROM?EEPROM
  +--> ?CO?PROG
BL51 BANKED LINKER/LOCATER V6.22.2.0                                                  06/11/2021  12:08:32  PAGE 11


  +--> ?PR?PRINTF?PRINTF
  +--> ?PR?_INGRESADATO?PROG
  +--> ?PR?_ATOI?ATOI
  +--> ?PR?_WR_EEPROM?EEPROM

?PR?PROG_USE_LPR?PROG                            -----    -----      -----    -----      0046H    000CH
  +--> ?PR?_RD_EEPROM?EEPROM
  +--> ?CO?PROG
  +--> ?PR?PRINTF?PRINTF
  +--> ?PR?_INGRESADATO?PROG
  +--> ?PR?_ATOI?ATOI
  +--> ?PR?_WR_EEPROM?EEPROM

?PR?TIPO_PANTALLA?PROG                           -----    -----      -----    -----      0046H    000CH
  +--> ?PR?_RD_EEPROM?EEPROM
  +--> ?CO?PROG
  +--> ?PR?PRINTF?PRINTF
  +--> ?PR?_INGRESADATO?PROG
  +--> ?PR?_ATOI?ATOI
  +--> ?PR?_WR_EEPROM?EEPROM

?PR?PROG_TARJETA_AUTOMATICA_O_BOTON?PROG         -----    -----      -----    -----      0046H    000CH
  +--> ?PR?_RD_EEPROM?EEPROM
  +--> ?CO?PROG
  +--> ?PR?PRINTF?PRINTF
  +--> ?PR?_INGRESADATO?PROG
  +--> ?PR?_ATOI?ATOI
  +--> ?PR?_WR_EEPROM?EEPROM

?PR?PROG_ANTIPASSBACK?PROG                       -----    -----      -----    -----      0046H    000CH
  +--> ?PR?_RD_EEPROM?EEPROM
  +--> ?CO?PROG
  +--> ?PR?PRINTF?PRINTF
  +--> ?PR?_INGRESADATO?PROG
  +--> ?PR?_ATOI?ATOI
  +--> ?PR?_WR_EEPROM?EEPROM

?PR?PROG_PLACA?PROG                              -----    -----      -----    -----      0046H    000CH
  +--> ?PR?_RD_EEPROM?EEPROM
  +--> ?CO?PROG
  +--> ?PR?PRINTF?PRINTF
  +--> ?PR?_INGRESADATO?PROG
  +--> ?PR?_ATOI?ATOI
  +--> ?PR?_WR_EEPROM?EEPROM

?PR?PROG_ADDRESS_HIGH_BOARD?PROG                 -----    -----      -----    -----      0046H    000CH
  +--> ?PR?_RD_EEPROM?EEPROM
  +--> ?CO?PROG
  +--> ?PR?PRINTF?PRINTF
  +--> ?PR?_INGRESADATO?PROG
  +--> ?PR?_ATOI?ATOI
  +--> ?PR?_WR_EEPROM?EEPROM

?PR?PROG_HORARIOS?PROG                           -----    -----      -----    -----      0046H    001BH
  +--> ?PR?ADDR_HORARIOS?PROG
  +--> ?CO?PROG
  +--> ?PR?PRINTF?PRINTF
BL51 BANKED LINKER/LOCATER V6.22.2.0                                                  06/11/2021  12:08:32  PAGE 12


  +--> ?PR?_INGRESADATO?PROG
  +--> ?PR?_ATOI?ATOI
  +--> ?PR?_PROG_HORARIOS_ON_OFF?PROG
  +--> ?PR?_WR_EEPROM?EEPROM
  +--> ?PR?_PROG_HORARIO_DIAS?PROG
  +--> ?PR?_PROG_HORARIO_DESDE_HASTA?PROG
  +--> ?PR?_RD_EEPROM?EEPROM

?PR?ADDR_HORARIOS?PROG                           -----    -----      -----    -----      0074H    000BH

?PR?_PROG_HORARIOS_ON_OFF?PROG                   -----    -----      -----    -----      0061H    0010H
  +--> ?PR?_RD_EEPROM?EEPROM
  +--> ?CO?PROG
  +--> ?PR?PRINTF?PRINTF
  +--> ?PR?_INGRESADATO?PROG
  +--> ?PR?_ATOI?ATOI
  +--> ?PR?_WR_EEPROM?EEPROM

?PR?_PROG_HORARIO_DIAS?PROG                      -----    -----      -----    -----      0061H    000FH
  +--> ?CO?PROG
  +--> ?PR?PRINTF?PRINTF
  +--> ?PR?_INGRESADATO?PROG
  +--> ?PR?_WR_EEPROM?EEPROM
  +--> ?PR?_RD_EEPROM?EEPROM

?PR?_PROG_HORARIO_DESDE_HASTA?PROG               -----    -----      -----    -----      0061H    000CH
  +--> ?CO?PROG
  +--> ?PR?PRINTF?PRINTF
  +--> ?PR?_INGRESADATO?PROG
  +--> ?PR?_WR_EEPROM?EEPROM
  +--> ?PR?_RD_EEPROM?EEPROM

?PR?PROG_VALIDAR_TIPO_VEHICULO_MENSUA...         -----    -----      -----    -----      0046H    000CH
  +--> ?PR?_RD_EEPROM?EEPROM
  +--> ?CO?PROG
  +--> ?PR?PRINTF?PRINTF
  +--> ?PR?_INGRESADATO?PROG
  +--> ?PR?_ATOI?ATOI
  +--> ?PR?_WR_EEPROM?EEPROM

?PR?PROG_APB_MENSUAL?PROG                        -----    -----      -----    -----      0046H    000CH
  +--> ?PR?_RD_EEPROM?EEPROM
  +--> ?CO?PROG
  +--> ?PR?PRINTF?PRINTF
  +--> ?PR?_INGRESADATO?PROG
  +--> ?PR?_ATOI?ATOI
  +--> ?PR?_WR_EEPROM?EEPROM

?PR?VER_PROG?PROG                                -----    -----      -----    -----      0046H    0013H
  +--> ?PR?_RD_EEPROM?EEPROM
  +--> ?CO?PROG
  +--> ?PR?PRINTF?PRINTF
  +--> ?PR?VER_HORARIO?PROG
  +--> ?PR?_LEERMEMORIA?EEPROM
  +--> ?PR?_HEX_ASCII?CLOCK
  +--> ?PR?LEE_NO_TICKET?EEPROM

BL51 BANKED LINKER/LOCATER V6.22.2.0                                                  06/11/2021  12:08:32  PAGE 13


?PR?VER_HORARIO?PROG                             -----    -----      -----    -----      0059H    001BH
  +--> ?PR?ADDR_HORARIOS?PROG
  +--> ?CO?PROG
  +--> ?PR?PRINTF?PRINTF
  +--> ?PR?_RD_EEPROM?EEPROM
  +--> ?PR?_VER_HORARIO_DIAS?PROG
  +--> ?PR?_VER_HORARIO_DESDE_HASTA?PROG

?PR?_VER_HORARIO_DIAS?PROG                       -----    -----      -----    -----      0074H    0003H
  +--> ?PR?_RD_EEPROM?EEPROM
  +--> ?CO?PROG
  +--> ?PR?PRINTF?PRINTF

?PR?_VER_HORARIO_DESDE_HASTA?PROG                -----    -----      -----    -----      0074H    0002H
  +--> ?CO?PROG
  +--> ?PR?PRINTF?PRINTF
  +--> ?PR?_RD_EEPROM?EEPROM

?PR?_HEX_ASCII?CLOCK                             -----    -----      -----    -----      005DH    0006H
  +--> ?PR?_HEX_BCD?CLOCK

?PR?LEE_NO_TICKET?EEPROM                         -----    -----      -----    -----      0059H    000BH
  +--> ?PR?READ_EEPROM_TICKET?EEPROM
  +--> ?CO?EEPROM
  +--> ?PR?PRINTF?PRINTF
  +--> ?PR?_STRLEN?STRLEN
  +--> ?PR?_DEBUG_TXT_TIBBO?TIBBO

?PR?READ_EEPROM_TICKET?EEPROM                    -----    -----      -----    -----      0064H    0007H
  +--> ?PR?_RD_EEPROM?EEPROM

?PR?_DEBUG_TXT_TIBBO?TIBBO                       -----    -----      -----    -----      0064H    0004H
  +--> ?PR?_DEBUG_CHR_TIBBO?TIBBO
  +--> ?CO?TIBBO
  +--> ?PR?_TX_AUX?TIBBO

?PR?_DEBUG_CHR_TIBBO?TIBBO                       -----    -----      -----    -----      -----    -----
  +--> ?PR?_TX_AUX?TIBBO

?PR?SHOW?PROG                                    -----    -----      -----    -----      -----    -----
  +--> ?CO?PROG
  +--> ?PR?PRINTF?PRINTF

?PR?PROG_FECHA_VENCIMIENTO?PROG                  -----    -----      -----    -----      0046H    0017H
  +--> ?PR?_LEERMEMORIA?EEPROM
  +--> ?PR?_HEX_ASCII?CLOCK
  +--> ?CO?PROG
  +--> ?PR?PRINTF?PRINTF
  +--> ?PR?_HASH_ID?PROG
  +--> ?PR?_INGRESADATO?PROG
  +--> ?PR?_GETCMD?PROG
  +--> ?PR?_ESCRIBIRMEMORIA?EEPROM
  +--> ?PR?_VALIDARCLAVE?PROG
  +--> ?PR?_ATOI?ATOI
  +--> ?PR?_WR_EEPROM?EEPROM

?PR?VARIABLE_INICIO?MAIN                         -----    -----      -----    -----      -----    -----
BL51 BANKED LINKER/LOCATER V6.22.2.0                                                  06/11/2021  12:08:32  PAGE 14


  +--> ?PR?_RD_EEPROM?EEPROM

?PR?SECUENCIA_INICIO_EXPEDIDOR?VERIFI...         -----    -----      -----    -----      0001H    0001H
  +--> ?PR?_INICIALIZA?LINTECH
  +--> ?PR?TRAMA_VALIDACION_P_N?VERIFICADOR
  +--> ?CO?VERIFICADOR
  +--> ?PR?_DEBUG_TXT_TIBBO?TIBBO
  +--> ?PR?_DEBUGBUFFERMF?TIBBO
  +--> ?PR?DWLOAD_EEPROM?LINTECH

?PR?_INICIALIZA?LINTECH                          -----    -----      -----    -----      0002H    000CH
  +--> ?CO?LINTECH
  +--> ?PR?_DEBUG_TXT_TIBBO?TIBBO
  +--> ?PR?_DEBUGBUFFERMF?TIBBO
  +--> ?PR?_ESCRIBIRCADENASOFT_BUFFER?MAIN

?PR?_DEBUGBUFFERMF?TIBBO                         -----    -----      -----    -----      0027H    0006H
  +--> ?CO?TIBBO
  +--> ?PR?_DEBUG_TXT_TIBBO?TIBBO
  +--> ?PR?_DEBUG_CHR_TIBBO?TIBBO
  +--> ?PR?_TX_AUX?TIBBO

?PR?_ESCRIBIRCADENASOFT_BUFFER?MAIN              -----    -----      -----    -----      0027H    0006H
  +--> ?PR?_PUTCHAR?MAIN

?PR?TRAMA_VALIDACION_P_N?VERIFICADOR             -----    -----      -----    -----      -----    -----
  +--> ?CO?VERIFICADOR
  +--> ?PR?_DEBUG_TXT_TIBBO?TIBBO

?PR?DWLOAD_EEPROM?LINTECH                        -----    -----      -----    -----      0002H    0016H
  +--> ?CO?LINTECH
  +--> ?PR?_DEBUG_TXT_TIBBO?TIBBO
  +--> ?PR?_DEBUGBUFFERMF?TIBBO
  +--> ?PR?_ESCRIBIRCADENASOFT_BUFFER?MAIN

?PR?RX_MONITOR?MONITOR                           -----    -----      -----    -----      0009H    000DH
  +--> ?PR?_RECIBE_CMD_MONITOR?MONITOR
  +--> ?PR?_DEBUG_MONITOR?TIBBO
  +--> ?PR?_VALIDA_TRAMA_MONITOR?MONITOR

?PR?_RECIBE_CMD_MONITOR?MONITOR                  -----    -----      -----    -----      0016H    0009H
  +--> ?PR?RX_DATA?TIBBO

?PR?RX_DATA?TIBBO                                -----    -----      -----    -----      -----    -----
  +--> ?PR?TIME_MBIT?TIBBO
  +--> ?PR?TIME_BIT?TIBBO

?PR?_DEBUG_MONITOR?TIBBO                         -----    -----      -----    -----      0016H    0004H
  +--> ?PR?DEBUG_DIVIDIR_TEXTO?TIBBO
  +--> ?CO?TIBBO
  +--> ?PR?_DEBUG_TXT_TIBBO?TIBBO

?PR?DEBUG_DIVIDIR_TEXTO?TIBBO                    -----    -----      -----    -----      -----    -----
  +--> ?CO?TIBBO
  +--> ?PR?_DEBUG_TXT_TIBBO?TIBBO

?PR?_VALIDA_TRAMA_MONITOR?MONITOR                -----    -----      -----    -----      0016H    0006H
BL51 BANKED LINKER/LOCATER V6.22.2.0                                                  06/11/2021  12:08:32  PAGE 15


  +--> ?PR?_DELAY_10MS?DELAY
  +--> ?PR?_TX_AUX?TIBBO

?PR?_DELAY_10MS?DELAY                            -----    -----      -----    -----      001CH    0004H
  +--> ?PR?_DELAY_1MS?DELAY

?PR?_SECUENCIAEXPEDIDORMF?VERIFICADOR            -----    -----      -----    -----      0001H    0001H
  +--> ?PR?_CHECK_STATUS?LINTECH
  +--> ?PR?_LOAD_SECUENCIA_EXPEDIDOR?VERIFIC...
  +--> ?PR?RX_MONITOR?MONITOR
  +--> ?PR?_RTA_CMD_TRANSPORTE?VERIFICADOR
  +--> ?PR?_MOV_CARD?LINTECH
  +--> ?PR?_CARD_INSERCION?LINTECH
  +--> ?PR?AUT_CARD_CHECK_STATUS?LINTECH
  +--> ?PR?LOADVERIFY_EEPROM?LINTECH
  +--> ?PR?_RD_MF?LINTECH
  +--> ?PR?_WR_MF?LINTECH
  +--> ?PR?ANALIZA_CARD_MOUNT_RF?VERIFICADOR
  +--> ?PR?DWLOAD_EEPROM?LINTECH
  +--> ?PR?ENTREGA_CARD_CAPTURA?VERIFICADOR
  +--> ?PR?_SEND_PTO_PARALELO?VERIFICADOR
  +--> ?PR?_WAIT_PLACA?VERIFICADOR
  +--> ?PR?UNIQUE_IDENTIFIER_UID?LINTECH
  +--> ?PR?_PREGUNTA_LPR?VERIFICADOR
  +--> ?PR?PREGUNTA_PLACA?VERIFICADOR
  +--> ?PR?_VALIDA_TIPO_TARJETA?VERIFICADOR
  +--> ?PR?POWER_OFF?LINTECH
  +--> ?PR?CLAVE_SEGURIDAD_S2?LINTECH
  +--> ?PR?_RESPONDE_REELECTURA_TARJETA_SECT...
  +--> ?PR?RESPONDE_ESTADO_SENSORES_TRANSPOR...
  +--> ?PR?RESPONDE_TIPO_TARJETA?VERIFICADOR
  +--> ?PR?_RESPONDE_LECTURA_TARJETA_SECTOR1...
  +--> ?PR?_RESPONDE_LECTURA_TARJETA_SECTOR1...
  +--> ?PR?_RESPONDE_LECTURA_TARJETA_SECTOR1...
  +--> ?PR?_RESPONDE_WRITE_TARJETA_SECTOR1_B...
  +--> ?PR?_RESPONDE_WRITE_TARJETA_SECTOR2_B...
  +--> ?PR?_RESPONDE_WRITE_TARJETA_SECTOR1_B...
  +--> ?PR?_RESPONDE_WRITE_TARJETA_SECTOR1_B...
  +--> ?PR?_DISPARO_LOCK_ENTRADA_VEHICULO?VE...
  +--> ?PR?_RESPUESTA_SEGUNDA_CLAVE?VERIFICADOR
  +--> ?PR?ANALIZA_PRESENCIA_MENSUAL?VERIFIC...
  +--> ?PR?_ANALIZA_UID_CARD?VERIFICADOR
  +--> ?PR?ANALIZA_PRESENCIA_ROTACION?VERIFI...
  +--> ?CO?VERIFICADOR
  +--> ?PR?_DEBUG_TXT_TIBBO?TIBBO

?PR?_CHECK_STATUS?LINTECH                        -----    -----      -----    -----      0002H    000BH
  +--> ?CO?LINTECH
  +--> ?PR?_DEBUG_TXT_TIBBO?TIBBO
  +--> ?PR?_DEBUGBUFFERMF?TIBBO
  +--> ?PR?_ESCRIBIRCADENASOFT_BUFFER?MAIN

?PR?_LOAD_SECUENCIA_EXPEDIDOR?VERIFIC...         -----    -----      -----    -----      0002H    0009H

?PR?_RTA_CMD_TRANSPORTE?VERIFICADOR              -----    -----      -----    -----      0002H    0005H
  +--> ?PR?TRAMA_VALIDACION_P_N?VERIFICADOR
  +--> ?CO?VERIFICADOR
BL51 BANKED LINKER/LOCATER V6.22.2.0                                                  06/11/2021  12:08:32  PAGE 16


  +--> ?PR?_DEBUG_TXT_TIBBO?TIBBO
  +--> ?PR?_DEBUGBUFFERMF?TIBBO
  +--> ?PR?ERROR_RX_PTO?VERIFICADOR

?PR?ERROR_RX_PTO?VERIFICADOR                     -----    -----      -----    -----      0007H    0001H
  +--> ?CO?VERIFICADOR
  +--> ?PR?_DEBUG_TXT_TIBBO?TIBBO
  +--> ?PR?_DEBUG_CHR_TIBBO?TIBBO
  +--> ?PR?_DELAY_10MS?DELAY

?PR?_MOV_CARD?LINTECH                            -----    -----      -----    -----      0002H    000CH
  +--> ?CO?LINTECH
  +--> ?PR?_DEBUG_TXT_TIBBO?TIBBO
  +--> ?PR?_DEBUGBUFFERMF?TIBBO
  +--> ?PR?_ESCRIBIRCADENASOFT_BUFFER?MAIN

?PR?_CARD_INSERCION?LINTECH                      -----    -----      -----    -----      0002H    000AH
  +--> ?CO?LINTECH
  +--> ?PR?_DEBUG_TXT_TIBBO?TIBBO
  +--> ?PR?_DEBUGBUFFERMF?TIBBO
  +--> ?PR?_ESCRIBIRCADENASOFT_BUFFER?MAIN

?PR?AUT_CARD_CHECK_STATUS?LINTECH                -----    -----      -----    -----      0002H    000BH
  +--> ?CO?LINTECH
  +--> ?PR?_DEBUG_TXT_TIBBO?TIBBO
  +--> ?PR?_DEBUGBUFFERMF?TIBBO
  +--> ?PR?_ESCRIBIRCADENASOFT_BUFFER?MAIN

?PR?LOADVERIFY_EEPROM?LINTECH                    -----    -----      -----    -----      0002H    0010H
  +--> ?CO?LINTECH
  +--> ?PR?_DEBUG_TXT_TIBBO?TIBBO
  +--> ?PR?_DEBUGBUFFERMF?TIBBO
  +--> ?PR?_ESCRIBIRCADENASOFT_BUFFER?MAIN

?PR?_RD_MF?LINTECH                               -----    -----      -----    -----      0002H    0012H
  +--> ?CO?LINTECH
  +--> ?PR?_DEBUG_TXT_TIBBO?TIBBO
  +--> ?PR?_DEBUG_CHR_TIBBO?TIBBO
  +--> ?PR?_DEBUGBUFFERMF?TIBBO
  +--> ?PR?_ESCRIBIRCADENASOFT_BUFFER?MAIN

?PR?_WR_MF?LINTECH                               -----    -----      -----    -----      0002H    0025H
  +--> ?CO?LINTECH
  +--> ?PR?_DEBUG_TXT_TIBBO?TIBBO
  +--> ?PR?_DEBUG_CHR_TIBBO?TIBBO
  +--> ?PR?_DEBUGBUFFERMF?TIBBO
  +--> ?PR?_ESCRIBIRCADENASOFT_BUFFER?MAIN

?PR?ANALIZA_CARD_MOUNT_RF?VERIFICADOR            -----    -----      -----    -----      0002H    0001H
  +--> ?CO?VERIFICADOR
  +--> ?PR?_DEBUG_TXT_TIBBO?TIBBO

?PR?ENTREGA_CARD_CAPTURA?VERIFICADOR             -----    -----      -----    -----      0002H    0001H
  +--> ?CO?VERIFICADOR
  +--> ?PR?_DEBUG_TXT_TIBBO?TIBBO
  +--> ?PR?SEL_SENSOR2?IO_SENSORES
  +--> ?PR?VALIDASENSOR?IO_SENSORES
BL51 BANKED LINKER/LOCATER V6.22.2.0                                                  06/11/2021  12:08:32  PAGE 17


  +--> ?PR?VALIDA_SENSOR1_AUTO?IO_SENSORES

?PR?VALIDA_SENSOR1_AUTO?IO_SENSORES              -----    -----      -----    -----      0016H    0001H
  +--> ?PR?SEL_SENSOR1?IO_SENSORES
  +--> ?PR?SEL_AUTO?IO_SENSORES
  +--> ?CO?IO_SENSORES
  +--> ?PR?_DEBUG_TXT_TIBBO?TIBBO
  +--> ?PR?BOTTON?IO_SENSORES

?PR?BOTTON?IO_SENSORES                           -----    -----      -----    -----      -----    -----
  +--> ?PR?SEL_PULSA?IO_SENSORES
  +--> ?CO?IO_SENSORES
  +--> ?PR?_DEBUG_TXT_TIBBO?TIBBO

?PR?_SEND_PTO_PARALELO?VERIFICADOR               -----    -----      -----    -----      0002H    0007H
  +--> ?PR?_ARMAR_TRAMA_PTO_PARALELO_EXPEDID...
  +--> ?PR?_ARMAR_TRAMA_PTO_PARALELO_EXPEDID...
  +--> ?PR?INCREMENTE_TICKET?EEPROM
  +--> ?PR?_SEND_PORT?PTO_PARALELO
  +--> ?CO?VERIFICADOR
  +--> ?PR?_DEBUG_TXT_TIBBO?TIBBO
  +--> ?PR?_DEBUGBUFFERMF?TIBBO
  +--> ?PR?CLEAR_PLACA?MONITOR

?PR?_ARMAR_TRAMA_PTO_PARALELO_EXPEDID...         -----    -----      -----    -----      0009H    0006H
  +--> ?PR?_BCD_HEX?CLOCK
  +--> ?PR?_RD_EEPROM?EEPROM

?PR?_ARMAR_TRAMA_PTO_PARALELO_EXPEDID...         -----    -----      -----    -----      0009H    0012H
  +--> ?PR?LEE_NO_TICKET?EEPROM
  +--> ?PR?_STRCAT?STRCAT
  +--> ?PR?_STRLEN?STRLEN
  +--> ?PR?_BCD_HEX?CLOCK
  +--> ?PR?_RD_EEPROM?EEPROM

?PR?INCREMENTE_TICKET?EEPROM                     -----    -----      -----    -----      0009H    000BH
  +--> ?PR?READ_EEPROM_TICKET?EEPROM
  +--> ?CO?EEPROM
  +--> ?PR?PRINTF?PRINTF
  +--> ?PR?_WRITE_EEPROM_TICKET?EEPROM

?PR?_WRITE_EEPROM_TICKET?EEPROM                  -----    -----      -----    -----      001AH    000BH
  +--> ?CO?EEPROM
  +--> ?PR?_DEBUG_TXT_TIBBO?TIBBO
  +--> ?PR?_ATOL?ATOL
  +--> ?PR?_DEBUG_CHR_TIBBO?TIBBO
  +--> ?PR?_WR_EEPROM?EEPROM

?PR?_ATOL?ATOL                                   0020H.0  0000H.1    -----    -----      0025H    0007H
  +--> ?PR?_ISSPACE?ISSPACE
  +--> ?PR?_ISDIGIT?ISDIGIT

?PR?_SEND_PORT?PTO_PARALELO                      -----    -----      -----    -----      0016H    000AH
  +--> ?PR?PULSO_BUS?PTO_PARALELO
  +--> ?PR?_DELAY_20US?DELAY

?PR?PULSO_BUS?PTO_PARALELO                       -----    -----      -----    -----      -----    -----
BL51 BANKED LINKER/LOCATER V6.22.2.0                                                  06/11/2021  12:08:32  PAGE 18


  +--> ?PR?_DELAY_20US?DELAY

?PR?_WAIT_PLACA?VERIFICADOR                      -----    -----      -----    -----      0002H    0007H
  +--> ?CO?VERIFICADOR
  +--> ?PR?_DEBUG_TXT_TIBBO?TIBBO
  +--> ?PR?RX_MONITOR?MONITOR
  +--> ?PR?_RESPUESTA_PLACA_CANCEL?VERIFICADOR

?PR?_RESPUESTA_PLACA_CANCEL?VERIFICADOR          -----    -----      -----    -----      0009H    000AH
  +--> ?CO?VERIFICADOR
  +--> ?PR?_DEBUG_TXT_TIBBO?TIBBO
  +--> ?PR?_ARMAR_TRAMA_TARJETA_SECTOR1_BLOQ...

?PR?_ARMAR_TRAMA_TARJETA_SECTOR1_BLOQ...         -----    -----      -----    -----      0013H    0004H
  +--> ?PR?CLEAR_PLACA?MONITOR
  +--> ?PR?_RD_EEPROM?EEPROM

?PR?UNIQUE_IDENTIFIER_UID?LINTECH                -----    -----      -----    -----      0002H    000BH
  +--> ?CO?LINTECH
  +--> ?PR?_DEBUG_TXT_TIBBO?TIBBO
  +--> ?PR?_DEBUGBUFFERMF?TIBBO
  +--> ?PR?_ESCRIBIRCADENASOFT_BUFFER?MAIN

?PR?_PREGUNTA_LPR?VERIFICADOR                    -----    -----      -----    -----      0002H    0003H
  +--> ?CO?VERIFICADOR
  +--> ?PR?_DEBUG_TXT_TIBBO?TIBBO
  +--> ?PR?_HORA_ENTRADA_VEHICULO?CLOCK
  +--> ?PR?_RD_EEPROM?EEPROM
  +--> ?PR?_ARMAR_TRAMA_MONITOR?VERIFICADOR

?PR?_HORA_ENTRADA_VEHICULO?CLOCK                 -----    -----      -----    -----      0005H    0003H
  +--> ?PR?_LEE_CLK?CLOCK

?PR?_ARMAR_TRAMA_MONITOR?VERIFICADOR             -----    -----      -----    -----      0005H    000FH
  +--> ?PR?DIR_BOARD_MONITOR?IO_SENSORES
  +--> ?PR?LEE_NO_TICKET?EEPROM
  +--> ?PR?_STRCAT?STRCAT
  +--> ?PR?_BYTEHEX_DECIMAL?CLOCK
  +--> ?PR?_STRLEN?STRLEN
  +--> ?PR?_TWO_BYTEHEX_DECIMAL?CLOCK

?PR?DIR_BOARD_MONITOR?IO_SENSORES                -----    -----      -----    -----      -----    -----
  +--> ?PR?_RD_EEPROM?EEPROM

?PR?_BYTEHEX_DECIMAL?CLOCK                       -----    -----      -----    -----      0015H    0001H

?PR?_TWO_BYTEHEX_DECIMAL?CLOCK                   -----    -----      -----    -----      0015H    000CH
  +--> ?PR?_POW?POW

?PR?_POW?POW                                     -----    -----      -----    -----      0021H    000AH
  +--> ?PR?LOG?LOG
  +--> ?PR?EXP?EXP

?PR?LOG?LOG                                      0020H.0  0000H.1    -----    -----      002BH    0004H

?PR?PREGUNTA_PLACA?VERIFICADOR                   -----    -----      -----    -----      0002H    0001H
  +--> ?CO?VERIFICADOR
BL51 BANKED LINKER/LOCATER V6.22.2.0                                                  06/11/2021  12:08:32  PAGE 19


  +--> ?PR?_DEBUG_TXT_TIBBO?TIBBO
  +--> ?PR?_RD_EEPROM?EEPROM

?PR?_VALIDA_TIPO_TARJETA?VERIFICADOR             -----    -----      -----    -----      0002H    0007H
  +--> ?CO?VERIFICADOR
  +--> ?PR?_DEBUG_TXT_TIBBO?TIBBO
  +--> ?PR?_RD_EEPROM?EEPROM
  +--> ?PR?_TARJETA_MENSUAL?VERIFICADOR
  +--> ?PR?_SEND_PORTERR?PTO_PARALELO
  +--> ?PR?_PANTALLALCD?PANTALLAS
  +--> ?PR?CAPTURA_EXPULSA?VERIFICADOR
  +--> ?PR?_TARJETA_ROTACION?VERIFICADOR

?PR?_TARJETA_MENSUAL?VERIFICADOR                 -----    -----      -----    -----      0009H    0007H
  +--> ?PR?_HORARIOS?VERIFICADOR
  +--> ?PR?_CHECK_FECHAOUT?CLOCK
  +--> ?PR?_VALIDA_VEHICULO_CARD_MENSUAL?VER...
  +--> ?PR?CAPTURA_EXPULSA?VERIFICADOR
  +--> ?CO?VERIFICADOR
  +--> ?PR?_DEBUG_TXT_TIBBO?TIBBO
  +--> ?PR?_ARMAR_TRAMA_TARJETA_SECTOR1_BLOQ...
  +--> ?PR?_SEND_PORTERR?PTO_PARALELO
  +--> ?PR?_PANTALLALCD?PANTALLAS

?PR?_HORARIOS?VERIFICADOR                        -----    -----      -----    -----      0010H    0013H
  +--> ?PR?ADDR_HORARIOS?PROG
  +--> ?PR?_RD_EEPROM?EEPROM
  +--> ?PR?_LEE_CLK?CLOCK
  +--> ?CO?VERIFICADOR
  +--> ?PR?_DEBUG_TXT_TIBBO?TIBBO
  +--> ?PR?_DEBUG_CHR_TIBBO?TIBBO
  +--> ?PR?_BLOQUE_HORARIO?VERIFICADOR
  +--> ?PR?_PANTALLALCD?PANTALLAS

?PR?_BLOQUE_HORARIO?VERIFICADOR                  -----    -----      -----    -----      0023H    0007H
  +--> ?CO?VERIFICADOR
  +--> ?PR?_DEBUG_TXT_TIBBO?TIBBO
  +--> ?PR?_LEE_CLK?CLOCK
  +--> ?PR?_DEBUG_CHR_TIBBO?TIBBO
  +--> ?PR?_HORA_MAXIMA?VERIFICADOR
  +--> ?PR?_EN_HORARIO?VERIFICADOR
  +--> ?PR?_RD_EEPROM?EEPROM
  +--> ?PR?_SEND_PORTERR?PTO_PARALELO
  +--> ?PR?_PANTALLALCD?PANTALLAS

?PR?_HORA_MAXIMA?VERIFICADOR                     -----    -----      -----    -----      002FH    0008H
  +--> ?PR?_RD_EEPROM?EEPROM
  +--> ?PR?_DEBUG_CHR_TIBBO?TIBBO
  +--> ?CO?VERIFICADOR
  +--> ?PR?_DEBUG_TXT_TIBBO?TIBBO

?PR?_EN_HORARIO?VERIFICADOR                      -----    -----      -----    -----      002AH    0005H
  +--> ?CO?VERIFICADOR
  +--> ?PR?_DEBUG_TXT_TIBBO?TIBBO
  +--> ?PR?_HORA_MAXIMA?VERIFICADOR

?PR?_SEND_PORTERR?PTO_PARALELO                   -----    -----      -----    -----      002AH    0006H
BL51 BANKED LINKER/LOCATER V6.22.2.0                                                  06/11/2021  12:08:32  PAGE 20


  +--> ?PR?PULSO_BUS?PTO_PARALELO
  +--> ?PR?_DELAY_20US?DELAY

?PR?_PANTALLALCD?PANTALLAS                       -----    -----      -----    -----      002AH    000AH
  +--> ?CO?PANTALLAS
  +--> ?PR?_LCD_TXT?PANTALLAS
  +--> ?PR?_STRLEN?STRLEN
  +--> ?PR?_TX_CHRLCD?PANTALLAS
  +--> ?PR?_RASPBERRY_DATA?PANTALLAS

?PR?_LCD_TXT?PANTALLAS                           -----    -----      -----    -----      0048H    0005H
  +--> ?PR?_TX_CHRLCD?PANTALLAS

?PR?_TX_CHRLCD?PANTALLAS                         -----    -----      -----    -----      004DH    0002H
  +--> ?PR?_PUTCHAR?MAIN

?PR?_RASPBERRY_DATA?PANTALLAS                    -----    -----      -----    -----      0048H    0006H
  +--> ?PR?_STRLEN?STRLEN
  +--> ?PR?_PUTCHAR?MAIN

?PR?_VALIDA_VEHICULO_CARD_MENSUAL?VER...         -----    -----      -----    -----      0010H    0004H
  +--> ?CO?VERIFICADOR
  +--> ?PR?_DEBUG_TXT_TIBBO?TIBBO
  +--> ?PR?_RD_EEPROM?EEPROM
  +--> ?PR?_SEND_PORTERR?PTO_PARALELO

?PR?_ARMAR_TRAMA_TARJETA_SECTOR1_BLOQ...         -----    -----      -----    -----      0010H    0006H
  +--> ?PR?_BCD_HEX?CLOCK
  +--> ?PR?DIR_BOARD?IO_SENSORES

?PR?DIR_BOARD?IO_SENSORES                        -----    -----      -----    -----      0037H    0001H
  +--> ?PR?SEL_DIR1?IO_SENSORES
  +--> ?PR?SEL_DIR2?IO_SENSORES
  +--> ?PR?_RD_EEPROM?EEPROM

?PR?_TARJETA_ROTACION?VERIFICADOR                -----    -----      -----    -----      0009H    0006H
  +--> ?PR?_ARMAR_TRAMA_TARJETA_SECTOR1_BLOQ...

?PR?POWER_OFF?LINTECH                            -----    -----      -----    -----      0002H    000BH
  +--> ?CO?LINTECH
  +--> ?PR?_DEBUG_TXT_TIBBO?TIBBO
  +--> ?PR?_DEBUGBUFFERMF?TIBBO
  +--> ?PR?_ESCRIBIRCADENASOFT_BUFFER?MAIN

?PR?CLAVE_SEGURIDAD_S2?LINTECH                   -----    -----      -----    -----      0002H    0016H
  +--> ?CO?LINTECH
  +--> ?PR?_DEBUG_TXT_TIBBO?TIBBO
  +--> ?PR?_DEBUGBUFFERMF?TIBBO
  +--> ?PR?_ESCRIBIRCADENASOFT_BUFFER?MAIN

?PR?_RESPONDE_REELECTURA_TARJETA_SECT...         -----    -----      -----    -----      0002H    000AH
  +--> ?CO?VERIFICADOR
  +--> ?PR?_DEBUG_TXT_TIBBO?TIBBO
  +--> ?PR?_DEBUGBUFFERMF?TIBBO
  +--> ?PR?_ARMAR_TRAMA_TARJETA_SECTOR1_BLOQ...

?PR?_ARMAR_TRAMA_TARJETA_SECTOR1_BLOQ...         -----    -----      -----    -----      000CH    0003H
BL51 BANKED LINKER/LOCATER V6.22.2.0                                                  06/11/2021  12:08:32  PAGE 21


  +--> ?PR?LEE_NO_TICKET?EEPROM

?PR?RESPONDE_ESTADO_SENSORES_TRANSPOR...         -----    -----      -----    -----      0002H    0001H
  +--> ?CO?VERIFICADOR
  +--> ?PR?_DEBUG_TXT_TIBBO?TIBBO
  +--> ?PR?_SEND_PORTERR?PTO_PARALELO
  +--> ?PR?INGRESO_VEHICULO?VERIFICADOR

?PR?INGRESO_VEHICULO?VERIFICADOR                 -----    -----      -----    -----      -----    -----
  +--> ?PR?VALIDASENSORESPASO?IO_SENSORES
  +--> ?PR?_RD_EEPROM?EEPROM
  +--> ?CO?VERIFICADOR
  +--> ?PR?_DEBUG_TXT_TIBBO?TIBBO
  +--> ?PR?_PANTALLALCD?PANTALLAS
  +--> ?PR?BOTTON?IO_SENSORES

?PR?VALIDASENSORESPASO?IO_SENSORES               -----    -----      -----    -----      0015H    0001H
  +--> ?PR?SEL_SENSOR2?IO_SENSORES
  +--> ?PR?VALIDASENSOR?IO_SENSORES
  +--> ?PR?VALIDA_SENSOR1_AUTO?IO_SENSORES
  +--> ?CO?IO_SENSORES
  +--> ?PR?_DEBUG_TXT_TIBBO?TIBBO

?PR?RESPONDE_TIPO_TARJETA?VERIFICADOR            -----    -----      -----    -----      0002H    0001H
  +--> ?CO?VERIFICADOR
  +--> ?PR?_DEBUG_TXT_TIBBO?TIBBO
  +--> ?PR?_SEND_PORTERR?PTO_PARALELO
  +--> ?PR?_PANTALLALCD?PANTALLAS
  +--> ?PR?CAPTURA_EXPULSA?VERIFICADOR

?PR?_RESPONDE_LECTURA_TARJETA_SECTOR1...         -----    -----      -----    -----      0002H    0016H
  +--> ?CO?VERIFICADOR
  +--> ?PR?_DEBUG_TXT_TIBBO?TIBBO
  +--> ?PR?_DEBUGBUFFERMF?TIBBO
  +--> ?PR?_RD_EEPROM?EEPROM
  +--> ?PR?_DEBUG_HEXDEC?TIBBO
  +--> ?PR?_DEBUG_CHR_TIBBO?TIBBO
  +--> ?PR?_SEND_PORTERR?PTO_PARALELO
  +--> ?PR?_PANTALLALCD?PANTALLAS
  +--> ?PR?CAPTURA_EXPULSA?VERIFICADOR

?PR?_DEBUG_HEXDEC?TIBBO                          -----    -----      -----    -----      0018H    0002H
  +--> ?PR?_TX_AUX?TIBBO

?PR?_RESPONDE_LECTURA_TARJETA_SECTOR1...         -----    -----      -----    -----      0002H    0004H
  +--> ?CO?VERIFICADOR
  +--> ?PR?_DEBUG_TXT_TIBBO?TIBBO
  +--> ?PR?CAPTURA_EXPULSA?VERIFICADOR

?PR?_RESPONDE_LECTURA_TARJETA_SECTOR1...         -----    -----      -----    -----      0002H    0015H
  +--> ?CO?VERIFICADOR
  +--> ?PR?_DEBUG_TXT_TIBBO?TIBBO
  +--> ?PR?_DEBUGBUFFERMF?TIBBO
  +--> ?PR?_DEBUG_CHR_TIBBO?TIBBO
  +--> ?PR?CAPTURA_EXPULSA?VERIFICADOR

?PR?_RESPONDE_WRITE_TARJETA_SECTOR1_B...         -----    -----      -----    -----      0002H    0007H
BL51 BANKED LINKER/LOCATER V6.22.2.0                                                  06/11/2021  12:08:32  PAGE 22


  +--> ?CO?VERIFICADOR
  +--> ?PR?_DEBUG_TXT_TIBBO?TIBBO
  +--> ?PR?_DEBUGBUFFERMF?TIBBO

?PR?_RESPONDE_WRITE_TARJETA_SECTOR2_B...         -----    -----      -----    -----      0002H    0003H
  +--> ?CO?VERIFICADOR
  +--> ?PR?_DEBUG_TXT_TIBBO?TIBBO
  +--> ?PR?_DEBUGBUFFERMF?TIBBO

?PR?_RESPONDE_WRITE_TARJETA_SECTOR1_B...         -----    -----      -----    -----      0002H    0003H
  +--> ?CO?VERIFICADOR
  +--> ?PR?_DEBUG_TXT_TIBBO?TIBBO
  +--> ?PR?_DEBUGBUFFERMF?TIBBO

?PR?_RESPONDE_WRITE_TARJETA_SECTOR1_B...         -----    -----      -----    -----      0002H    0003H
  +--> ?CO?VERIFICADOR
  +--> ?PR?_DEBUG_TXT_TIBBO?TIBBO
  +--> ?PR?_DEBUGBUFFERMF?TIBBO

?PR?_DISPARO_LOCK_ENTRADA_VEHICULO?VE...         -----    -----      -----    -----      0002H    0004H
  +--> ?CO?VERIFICADOR
  +--> ?PR?_DEBUG_TXT_TIBBO?TIBBO
  +--> ?PR?_SEND_PORTERR?PTO_PARALELO
  +--> ?PR?_PANTALLALCD_LINEA_2?PANTALLAS
  +--> ?PR?VALIDA_SENSOR1_AUTO?IO_SENSORES
  +--> ?PR?_PANTALLALCD?PANTALLAS

?PR?_PANTALLALCD_LINEA_2?PANTALLAS               -----    -----      -----    -----      0015H    0033H
  +--> ?CO?PANTALLAS
  +--> ?PR?_LCD_TXT?PANTALLAS
  +--> ?PR?_STRLEN?STRLEN
  +--> ?PR?_TX_CHRLCD?PANTALLAS
  +--> ?PR?_RASPBERRY_DATA?PANTALLAS
  +--> ?PR?LEE_NO_TICKET?EEPROM
  +--> ?PR?_STRCAT?STRCAT

?PR?_RESPUESTA_SEGUNDA_CLAVE?VERIFICADOR         -----    -----      -----    -----      0002H    0006H
  +--> ?CO?VERIFICADOR
  +--> ?PR?_DEBUG_TXT_TIBBO?TIBBO
  +--> ?PR?_DEBUGBUFFERMF?TIBBO
  +--> ?PR?_ARMAR_TRAMA_PLACA?VERIFICADOR

?PR?_ARMAR_TRAMA_PLACA?VERIFICADOR               -----    -----      -----    -----      0008H    0003H
  +--> ?PR?_STRLEN?STRLEN

?PR?ANALIZA_PRESENCIA_MENSUAL?VERIFIC...         -----    -----      -----    -----      0002H    0001H
  +--> ?PR?VALIDASENSORESPASO?IO_SENSORES
  +--> ?PR?_SEND_PORTERR?PTO_PARALELO
  +--> ?PR?_PANTALLALCD?PANTALLAS

?PR?_ANALIZA_UID_CARD?VERIFICADOR                -----    -----      -----    -----      0002H    0015H
  +--> ?CO?VERIFICADOR
  +--> ?PR?_DEBUG_TXT_TIBBO?TIBBO
  +--> ?PR?_DEBUGBUFFERMF?TIBBO
  +--> ?PR?_DEBUG_CHR_TIBBO?TIBBO

?PR?ANALIZA_PRESENCIA_ROTACION?VERIFI...         -----    -----      -----    -----      0002H    0001H
BL51 BANKED LINKER/LOCATER V6.22.2.0                                                  06/11/2021  12:08:32  PAGE 23


  +--> ?PR?VALIDASENSORESPASO?IO_SENSORES
  +--> ?PR?_SEND_PORTERR?PTO_PARALELO
  +--> ?PR?_PANTALLALCD?PANTALLAS

?PR?_RECIBE_PORT?PTO_PARALELO                    -----    -----      -----    -----      0001H    0008H
  +--> ?PR?OFF_TIMER0_INTERRUP?MAIN
  +--> ?PR?ON_TIMER0_INTERRUP?MAIN

?PR?_DEBUG_PTO_PARALELO?TIBBO                    -----    -----      -----    -----      0001H    0004H
  +--> ?CO?TIBBO
  +--> ?PR?_DEBUG_TXT_TIBBO?TIBBO
  +--> ?PR?_DEBUGBUFFERMF?TIBBO
  +--> ?PR?DEBUG_DIVIDIR_TEXTO?TIBBO

?PR?_VALIDA_TRAMA_PTO?ACCESCAN                   -----    -----      -----    -----      0001H    0014H
  +--> ?CO?ACCESCAN
  +--> ?PR?_DEBUG_TXT_TIBBO?TIBBO
  +--> ?PR?_DEBUG_CHR_TIBBO?TIBBO
  +--> ?PR?_CALCULO_BCC?ACCESCAN
  +--> ?PR?_VALIDAR_CLK?CLOCK
  +--> ?PR?_BLOCK_WRITE_CLOCK_ASCII?CLOCK
  +--> ?PR?RELOJ_PANTALLA_LCD?PANTALLAS
  +--> ?PR?_SEND_PORT?PTO_PARALELO
  +--> ?PR?_PANTALLALCD?PANTALLAS
  +--> ?PR?FORMATO_EEPROM?EEPROM
  +--> ?PR?_BYTEHEX_DECIMAL?CLOCK
  +--> ?PR?_TWO_BYTEHEX_DECIMAL?CLOCK
  +--> ?PR?VALIDASENSORESPASO?IO_SENSORES
  +--> ?PR?_CMD_LPR_SALIDA_WIEGAND?ACCESCAN
  +--> ?PR?_PANTALLALCD_LINEA_2?PANTALLAS
  +--> ?PR?_GRABA_SERIE?EEPROM

?PR?_CALCULO_BCC?ACCESCAN                        -----    -----      -----    -----      0015H    0004H

?PR?_BLOCK_WRITE_CLOCK_ASCII?CLOCK               -----    -----      -----    -----      0015H    0003H
  +--> ?CO?CLOCK
  +--> ?PR?_DEBUG_TXT_TIBBO?TIBBO
  +--> ?PR?_TWO_ONE?CLOCK
  +--> ?PR?_WR_CLK?CLOCK

?PR?_WR_CLK?CLOCK                                -----    -----      -----    -----      0018H    0002H
  +--> ?PR?_DELAY_20US?DELAY
  +--> ?PR?_EB_CLK?CLOCK

?PR?RELOJ_PANTALLA_LCD?PANTALLAS                 -----    -----      -----    -----      0015H    000DH
  +--> ?CO?PANTALLAS
  +--> ?PR?_BLOCK_READ_CLOCK?CLOCK
  +--> ?PR?_LCD_TXT_NUM_CHAR?PANTALLAS
  +--> ?PR?_BLOCK_READ_CLOCK_ASCII_RASBERRY?...
  +--> ?PR?_STRCAT?STRCAT
  +--> ?PR?_RASPBERRY_DATA?PANTALLAS

?PR?_BLOCK_READ_CLOCK?CLOCK                      -----    -----      -----    -----      0022H    0003H
  +--> ?PR?_LEE_CLK?CLOCK

?PR?_LCD_TXT_NUM_CHAR?PANTALLAS                  -----    -----      -----    -----      0022H    0006H
  +--> ?PR?_TX_CHRLCD?PANTALLAS
BL51 BANKED LINKER/LOCATER V6.22.2.0                                                  06/11/2021  12:08:32  PAGE 24



?PR?_BLOCK_READ_CLOCK_ASCII_RASBERRY?...         -----    -----      -----    -----      0022H    0003H
  +--> ?PR?_LEE_CLK?CLOCK

?PR?FORMATO_EEPROM?EEPROM                        -----    -----      -----    -----      0015H    0003H
  +--> ?PR?_WR_EEPROM?EEPROM

?PR?_CMD_LPR_SALIDA_WIEGAND?ACCESCAN             -----    -----      -----    -----      0015H    0022H
  +--> ?PR?DIR_BOARD?IO_SENSORES
  +--> ?PR?_BLOCK_READ_CLOCK_ASCII?CLOCK
  +--> ?PR?_MONITOR_CHR?ACCESCAN

?PR?_MONITOR_CHR?ACCESCAN                        -----    -----      -----    -----      0037H    0005H
  +--> ?PR?_TX_AUX?TIBBO

?PR?_GRABA_SERIE?EEPROM                          -----    -----      -----    -----      0015H    0005H
  +--> ?CO?EEPROM
  +--> ?PR?_DEBUG_TXT_TIBBO?TIBBO
  +--> ?PR?_WRITE_EEPROM_TICKET?EEPROM
  +--> ?PR?_WR_EEPROM?EEPROM

?PR?MSJ_LCD_INFORMATIVO?IO_SENSORES              -----    -----      -----    -----      0001H    0001H
  +--> ?PR?SEL_FUNCION?IO_SENSORES
  +--> ?PR?VALIDASENSOR_CERO?IO_SENSORES
  +--> ?CO?IO_SENSORES
  +--> ?PR?_DEBUG_TXT_TIBBO?TIBBO
  +--> ?PR?_DEBUG_CHR_TIBBO?TIBBO
  +--> ?PR?LOAD_AND_SEND_INFO_RELOJ?PTO_PARA...
  +--> ?PR?VALIDASENSOR?IO_SENSORES
  +--> ?PR?_DELAY_10MS?DELAY
  +--> ?PR?LOAD_AND_SEND_ID_COD?PTO_PARALELO

?PR?LOAD_AND_SEND_INFO_RELOJ?PTO_PARA...         -----    -----      -----    -----      0002H    000BH
  +--> ?PR?_BLOCK_READ_CLOCK?CLOCK
  +--> ?PR?_LEE_CLK?CLOCK
  +--> ?CO?PTO_PARALELO
  +--> ?PR?_DEBUG_TXT_TIBBO?TIBBO
  +--> ?PR?_DEBUGBUFFERMF?TIBBO
  +--> ?PR?DEBUG_DIVIDIR_TEXTO?TIBBO
  +--> ?PR?_SEND_PORT?PTO_PARALELO

?PR?LOAD_AND_SEND_ID_COD?PTO_PARALELO            -----    -----      -----    -----      0002H    0014H
  +--> ?PR?_RD_EEPROM?EEPROM
  +--> ?CO?PTO_PARALELO
  +--> ?PR?PRINTF?PRINTF
  +--> ?PR?_STRCAT?STRCAT
  +--> ?PR?_STRLEN?STRLEN
  +--> ?PR?_DEBUG_TXT_TIBBO?TIBBO
  +--> ?PR?_DEBUGBUFFERMF?TIBBO
  +--> ?PR?DEBUG_DIVIDIR_TEXTO?TIBBO
  +--> ?PR?_SEND_PORT?PTO_PARALELO



SYMBOL TABLE OF MODULE:  .\Objects\expedidor_v_01_raspberry (MAIN)

  VALUE           TYPE          NAME
BL51 BANKED LINKER/LOCATER V6.22.2.0                                                  06/11/2021  12:08:32  PAGE 25


  ----------------------------------

  -------         MODULE        MAIN
  C:0000H         SYMBOL        _ICE_DUMMY_
  D:0080H         PUBLIC        P0
  D:0090H         PUBLIC        P1
  C:BE90H         PUBLIC        timer0_int
  D:00B0H         PUBLIC        P3
  B:00A8H.7       PUBLIC        EA
  C:C2D1H         PUBLIC        off_Timer0_Interrup
  X:0171H         PUBLIC        ValTimeOutCom
  X:0172H         PUBLIC        Buffer_Rta_Lintech
  X:01A4H         PUBLIC        Timer_wait
  B:0021H.1       PUBLIC        pto_paraleo
  X:01A5H         PUBLIC        g_cContByteRx
  B:0080H.0       PUBLIC        rx_ip
  C:AD43H         PUBLIC        main
  X:01A6H         PUBLIC        Timer_tivo
  B:0080H.3       PUBLIC        Atascado_GP0_PIN_3
  C:B4ACH         PUBLIC        variable_inicio
  B:0090H.7       PUBLIC        lock
  I:0023H         PUBLIC        rbuf
  C:C2C7H         PUBLIC        on_Timer0_Interrup
  I:0055H         PUBLIC        tbuf
  B:0090H.1       PUBLIC        DataIn
  D:0089H         PUBLIC        TMOD
  X:01A8H         PUBLIC        USE_LPR
  X:01A9H         PUBLIC        Debug_Tibbo
  X:01AAH         PUBLIC        Raspberry
  X:01ABH         PUBLIC        SIN_COBRO
  X:01ADH         PUBLIC        Tipo_Vehiculo
  B:00B0H.3       PUBLIC        busy
  C:C228H         PUBLIC        ini_timer
  B:00A8H.1       PUBLIC        ET0
  B:0088H.5       PUBLIC        TF0
  D:008CH         PUBLIC        TH0
  X:01AEH         PUBLIC        ACK
  X:01AFH         PUBLIC        g_cEstadoComSoft
  D:008AH         PUBLIC        TL0
  B:0088H.4       PUBLIC        TR0
  C:C238H         PUBLIC        inicia_board
  X:01B0H         PUBLIC        T_GRACIA
  B:0080H.7       PUBLIC        sel_com
  X:01B2H         PUBLIC        STX_LINTECH
  C:C257H         PUBLIC        _getkey
  X:01B3H         PUBLIC        ETX
  C:B748H         PUBLIC        _EscribirCadenaSoft_buffer
  B:0021H.2       PUBLIC        buffer_ready
  C:BA24H         PUBLIC        _putchar
  B:0021H.3       PUBLIC        placa_ready
  -------         PROC          TIMER0_INT
  C:BE90H         LINE#         16
  C:BE96H         LINE#         19
  C:BE9CH         LINE#         20
  C:BEA1H         LINE#         21
  C:BEA1H         LINE#         22
  C:BEA7H         LINE#         23
BL51 BANKED LINKER/LOCATER V6.22.2.0                                                  06/11/2021  12:08:32  PAGE 26


  C:BEA7H         LINE#         25
  C:BEB5H         LINE#         26
  C:BEB7H         LINE#         28
  -------         ENDPROC       TIMER0_INT
  -------         PROC          INI_TIMER
  C:C228H         LINE#         31
  C:C228H         LINE#         32
  C:C228H         LINE#         34
  C:C230H         LINE#         36
  C:C233H         LINE#         37
  C:C235H         LINE#         38
  C:C237H         LINE#         40
  -------         ENDPROC       INI_TIMER
  -------         PROC          ON_TIMER0_INTERRUP
  C:C2C7H         LINE#         43
  C:C2C7H         LINE#         44
  C:C2C7H         LINE#         45
  C:C2C9H         LINE#         46
  C:C2CBH         LINE#         48
  -------         ENDPROC       ON_TIMER0_INTERRUP
  -------         PROC          OFF_TIMER0_INTERRUP
  C:C2D1H         LINE#         51
  C:C2D1H         LINE#         52
  C:C2D1H         LINE#         53
  C:C2D3H         LINE#         55
  -------         ENDPROC       OFF_TIMER0_INTERRUP
  -------         PROC          _GETKEY
  -------         DO            
  D:0006H         SYMBOL        k
  -------         ENDDO         
  C:C257H         LINE#         63
  C:C257H         LINE#         64
  C:C257H         LINE#         68
  C:C257H         LINE#         69
  C:C25AH         LINE#         70
  C:C25AH         LINE#         71
  C:C262H         LINE#         73
  C:C262H         LINE#         74
  -------         ENDPROC       _GETKEY
  -------         PROC          _PUTCHAR
  X:00A7H         SYMBOL        c
  -------         DO            
  X:00A8H         SYMBOL        i
  -------         ENDDO         
  C:BA24H         LINE#         78
  C:BA29H         LINE#         79
  C:BA29H         LINE#         82
  C:BA38H         LINE#         83
  C:BA38H         LINE#         84
  C:BA4EH         LINE#         85
  C:BA4EH         LINE#         87
  C:BA5CH         LINE#         88
  C:BA5CH         LINE#         90
  C:BA61H         LINE#         91
  -------         ENDPROC       _PUTCHAR
  -------         PROC          _ESCRIBIRCADENASOFT_BUFFER
  X:0027H         SYMBOL        buffer
BL51 BANKED LINKER/LOCATER V6.22.2.0                                                  06/11/2021  12:08:32  PAGE 27


  X:002AH         SYMBOL        tamano_cadena
  -------         DO            
  X:002BH         SYMBOL        i
  X:002CH         SYMBOL        d
  -------         ENDDO         
  C:B748H         LINE#         95
  C:B756H         LINE#         96
  C:B756H         LINE#         98
  C:B764H         LINE#         99
  C:B764H         LINE#         100
  C:B77BH         LINE#         101
  C:B785H         LINE#         102
  C:B78DH         LINE#         103
  -------         ENDPROC       _ESCRIBIRCADENASOFT_BUFFER
  -------         PROC          INICIA_BOARD
  C:C238H         LINE#         108
  C:C238H         LINE#         109
  C:C238H         LINE#         110
  C:C23BH         LINE#         111
  C:C23EH         LINE#         112
  C:C241H         LINE#         113
  C:C243H         LINE#         114
  C:C245H         LINE#         115
  C:C247H         LINE#         117
  -------         ENDPROC       INICIA_BOARD
  -------         PROC          VARIABLE_INICIO
  C:B4ACH         LINE#         122
  C:B4ACH         LINE#         123
  C:B4ACH         LINE#         126
  C:B4BDH         LINE#         127
  C:B4CEH         LINE#         128
  C:B4DCH         LINE#         129
  C:B4EAH         LINE#         130
  C:B4F8H         LINE#         133
  -------         ENDPROC       VARIABLE_INICIO
  -------         PROC          MAIN
  -------         DO            
  X:0148H         SYMBOL        buffer
  X:0170H         SYMBOL        Estado_Comunicacion_Secuencia_MF
  X:0000H         SYMBOL        Length_trama
  -------         ENDDO         
  C:AD43H         LINE#         141
  C:AD43H         LINE#         142
  C:AD43H         LINE#         149
  C:AD46H         LINE#         150
  C:AD49H         LINE#         151
  C:AD4CH         LINE#         152
  C:AD4FH         LINE#         153
  C:AD52H         LINE#         154
  C:AD54H         LINE#         156
  C:AD57H         LINE#         157
  C:AD5EH         LINE#         158
  C:AD61H         LINE#         160
  C:AD66H         LINE#         162
  C:AD69H         LINE#         164
  C:AD6CH         LINE#         165
  C:AD6CH         LINE#         166
BL51 BANKED LINKER/LOCATER V6.22.2.0                                                  06/11/2021  12:08:32  PAGE 28


  C:AD6FH         LINE#         167
  C:AD6FH         LINE#         170
  C:AD72H         LINE#         171
  C:AD78H         LINE#         172
  C:AD7EH         LINE#         174
  C:AD7EH         LINE#         175
  C:AD7EH         LINE#         178
  C:AD81H         LINE#         179
  C:AD81H         LINE#         180
  C:AD84H         LINE#         181
  C:AD84H         LINE#         185
  C:AD91H         LINE#         190
  C:AD97H         LINE#         191
  C:AD97H         LINE#         193
  C:ADA6H         LINE#         196
  C:ADAFH         LINE#         197
  C:ADBDH         LINE#         202
  C:ADBDH         LINE#         203
  C:ADC0H         LINE#         206
  -------         ENDPROC       MAIN
  -------         ENDMOD        MAIN

  -------         MODULE        ACCESCAN
  C:0000H         SYMBOL        _ICE_DUMMY_
  D:0080H         PUBLIC        P0
  D:0090H         PUBLIC        P1
  D:00B0H         PUBLIC        P3
  B:0080H.2       PUBLIC        led_err_imp
  C:B8E3H         PUBLIC        _Monitor_chr
  B:0080H.3       PUBLIC        Atascado_GP0_PIN_3
  B:0090H.7       PUBLIC        lock
  C:35C6H         PUBLIC        _Valida_Trama_Pto
  C:BD93H         PUBLIC        _Calculo_bcc
  C:8B3DH         PUBLIC        _Cmd_LPR_Salida_wiegand
  -------         PROC          _VALIDA_TRAMA_PTO
  X:0001H         SYMBOL        buffer
  X:0004H         SYMBOL        length_trama
  -------         DO            
  X:0218H         SYMBOL        cont
  X:0005H         SYMBOL        bcc
  X:0006H         SYMBOL        buff
  X:0011H         SYMBOL        buffer_port
  -------         ENDDO         
  C:35C6H         LINE#         113
  C:35D4H         LINE#         114
  C:35D4H         LINE#         117
  C:35D7H         LINE#         122
  C:361AH         LINE#         123
  C:361AH         LINE#         124
  C:3623H         LINE#         125
  C:3638H         LINE#         126
  C:3641H         LINE#         127
  C:3658H         LINE#         128
  C:3661H         LINE#         129
  C:3669H         LINE#         130
  C:3672H         LINE#         131
  C:368BH         LINE#         132
BL51 BANKED LINKER/LOCATER V6.22.2.0                                                  06/11/2021  12:08:32  PAGE 29


  C:368BH         LINE#         134
  C:369BH         LINE#         135
  C:369BH         LINE#         136
  C:36AEH         LINE#         138
  C:36B1H         LINE#         140
  C:36B1H         LINE#         143
  C:36B1H         LINE#         145
  C:36B1H         LINE#         147
  C:36B7H         LINE#         148
  C:36BBH         LINE#         149
  C:36BFH         LINE#         150
  C:36C2H         LINE#         151
  C:36CDH         LINE#         153
  C:36D6H         LINE#         154
  C:36DEH         LINE#         155
  C:36E6H         LINE#         156
  C:36EEH         LINE#         157
  C:36F7H         LINE#         158
  C:36F7H         LINE#         161
  C:36F7H         LINE#         164
  C:3709H         LINE#         165
  C:3709H         LINE#         166
  C:370BH         LINE#         167
  C:370EH         LINE#         169
  C:3720H         LINE#         170
  C:3720H         LINE#         171
  C:3722H         LINE#         172
  C:3725H         LINE#         174
  C:3737H         LINE#         175
  C:3737H         LINE#         176
  C:3739H         LINE#         177
  C:373CH         LINE#         179
  C:3756H         LINE#         180
  C:3756H         LINE#         181
  C:3758H         LINE#         182
  C:375BH         LINE#         184
  C:3775H         LINE#         185
  C:3775H         LINE#         186
  C:3777H         LINE#         187
  C:377AH         LINE#         189
  C:378CH         LINE#         190
  C:378CH         LINE#         191
  C:3792H         LINE#         192
  C:379FH         LINE#         193
  C:379FH         LINE#         194
  C:37A4H         LINE#         195
  C:37A6H         LINE#         196
  C:37ABH         LINE#         197
  C:37ADH         LINE#         198
  C:37AFH         LINE#         199
  C:37B3H         LINE#         200
  C:37B3H         LINE#         201
  C:37B4H         LINE#         203
  C:37CCH         LINE#         204
  C:37CCH         LINE#         206
  C:37D9H         LINE#         207
  C:37D9H         LINE#         208
BL51 BANKED LINKER/LOCATER V6.22.2.0                                                  06/11/2021  12:08:32  PAGE 30


  C:37DBH         LINE#         209
  C:37DDH         LINE#         210
  C:37DFH         LINE#         211
  C:37E1H         LINE#         212
  C:37E1H         LINE#         214
  C:3807H         LINE#         215
  C:3807H         LINE#         216
  C:380BH         LINE#         217
  C:3810H         LINE#         218
  C:3819H         LINE#         219
  C:381EH         LINE#         220
  C:381EH         LINE#         223
  C:381FH         LINE#         225
  C:3839H         LINE#         226
  C:3839H         LINE#         227
  C:383BH         LINE#         228
  C:383EH         LINE#         230
  C:386EH         LINE#         231
  C:386EH         LINE#         232
  C:3871H         LINE#         233
  C:3871H         LINE#         235
  C:388BH         LINE#         236
  C:388BH         LINE#         237
  C:388DH         LINE#         238
  C:3890H         LINE#         240
  C:38AAH         LINE#         241
  C:38AAH         LINE#         242
  C:38ACH         LINE#         243
  C:38AEH         LINE#         245
  C:38C8H         LINE#         246
  C:38C8H         LINE#         247
  C:38CAH         LINE#         248
  C:38CCH         LINE#         251
  C:38E6H         LINE#         252
  C:38E6H         LINE#         253
  C:38E8H         LINE#         254
  C:38EAH         LINE#         258
  C:3904H         LINE#         259
  C:3904H         LINE#         260
  C:3906H         LINE#         261
  C:3908H         LINE#         264
  C:3922H         LINE#         265
  C:3922H         LINE#         266
  C:3927H         LINE#         267
  C:3927H         LINE#         270
  C:3958H         LINE#         271
  C:3958H         LINE#         272
  C:3960H         LINE#         273
  C:3969H         LINE#         274
  C:396CH         LINE#         277
  C:399DH         LINE#         278
  C:399DH         LINE#         280
  C:39A5H         LINE#         281
  C:39AEH         LINE#         282
  C:39B1H         LINE#         285
  C:39F1H         LINE#         286
  C:39F1H         LINE#         288
BL51 BANKED LINKER/LOCATER V6.22.2.0                                                  06/11/2021  12:08:32  PAGE 31


  C:3A06H         LINE#         289
  C:3A0CH         LINE#         290
  C:3A36H         LINE#         293
  C:3A3EH         LINE#         294
  C:3A3EH         LINE#         297
  C:3A45H         LINE#         298
  C:3A45H         LINE#         299
  C:3A4AH         LINE#         300
  C:3A4AH         LINE#         301
  C:3A4CH         LINE#         303
  C:3A4CH         LINE#         304
  C:3A55H         LINE#         305
  C:3A5DH         LINE#         306
  C:3A5DH         LINE#         310
  C:3A5FH         LINE#         313
  C:3A5FH         LINE#         321
  C:3A67H         LINE#         325
  C:3A67H         LINE#         326
  C:3A69H         LINE#         328
  C:3AA1H         LINE#         329
  C:3AA1H         LINE#         330
  C:3AA9H         LINE#         331
  C:3AB5H         LINE#         332
  C:3AB5H         LINE#         334
  C:3AE2H         LINE#         335
  C:3AE2H         LINE#         336
  C:3AF1H         LINE#         338
  C:3AF1H         LINE#         340
  -------         ENDPROC       _VALIDA_TRAMA_PTO
  -------         PROC          _MONITOR_CHR
  X:0037H         SYMBOL        str
  X:003AH         SYMBOL        num_char
  -------         DO            
  X:003BH         SYMBOL        j
[...]
  X:010DH         SYMBOL        Buffer_Write_MF
  X:011EH         SYMBOL        Atributos_Expedidor
  X:0132H         SYMBOL        Secuencia_Expedidor
  X:0136H         SYMBOL        Nombre_Mensual
  -------         ENDDO         
  C:3AF2H         LINE#         2463
BL51 BANKED LINKER/LOCATER V6.22.2.0                                                  06/11/2021  12:08:32  PAGE 134


  C:3AF7H         LINE#         2464
  C:3AF7H         LINE#         2470
  C:3B5AH         LINE#         2471
  C:3B5AH         LINE#         2474
  C:3B5AH         LINE#         2476
  C:3B6AH         LINE#         2477
  C:3B6AH         LINE#         2480
  C:3B6CH         LINE#         2481
  C:3B6EH         LINE#         2482
  C:3B73H         LINE#         2483
  C:3B7BH         LINE#         2484
  C:3B80H         LINE#         2485
  C:3B83H         LINE#         2486
  C:3B83H         LINE#         2487
  C:3B89H         LINE#         2488
  C:3B89H         LINE#         2489
  C:3B8CH         LINE#         2490
  C:3B8CH         LINE#         2491
  C:3B8CH         LINE#         2493
  C:3B8FH         LINE#         2494
  C:3B8FH         LINE#         2496
  C:3B98H         LINE#         2497
  C:3B9BH         LINE#         2498
  C:3B9BH         LINE#         2499
  C:3BA0H         LINE#         2500
  C:3BC0H         LINE#         2501
  C:3BC3H         LINE#         2502
  C:3BC3H         LINE#         2503
  C:3BC8H         LINE#         2504
  C:3BD0H         LINE#         2505
  C:3BD6H         LINE#         2506
  C:3BD9H         LINE#         2507
  C:3BD9H         LINE#         2508
  C:3BDCH         LINE#         2509
  C:3BE4H         LINE#         2510
  C:3BEAH         LINE#         2511
  C:3BEDH         LINE#         2512
  C:3BEDH         LINE#         2513
  C:3BF0H         LINE#         2514
  C:3C15H         LINE#         2515
  C:3C1BH         LINE#         2516
  C:3C1DH         LINE#         2517
  C:3C20H         LINE#         2518
  C:3C20H         LINE#         2519
  C:3C2BH         LINE#         2520
  C:3C33H         LINE#         2521
  C:3C39H         LINE#         2522
  C:3C3CH         LINE#         2523
  C:3C3CH         LINE#         2524
  C:3C4DH         LINE#         2525
  C:3C55H         LINE#         2526
  C:3C5BH         LINE#         2527
  C:3C5EH         LINE#         2528
  C:3C5EH         LINE#         2529
  C:3C63H         LINE#         2530
  C:3C81H         LINE#         2531
  C:3C84H         LINE#         2532
BL51 BANKED LINKER/LOCATER V6.22.2.0                                                  06/11/2021  12:08:32  PAGE 135


  C:3C84H         LINE#         2533
  C:3C89H         LINE#         2534
  C:3CA9H         LINE#         2535
  C:3CACH         LINE#         2536
  C:3CACH         LINE#         2537
  C:3CB1H         LINE#         2538
  C:3CB3H         LINE#         2539
  C:3CD1H         LINE#         2540
  C:3CD4H         LINE#         2541
  C:3CD4H         LINE#         2542
  C:3CD9H         LINE#         2543
  C:3CF9H         LINE#         2544
  C:3CFCH         LINE#         2545
  C:3CFCH         LINE#         2546
  C:3D0FH         LINE#         2547
  C:3D0FH         LINE#         2548
  C:3D14H         LINE#         2549
  C:3D1CH         LINE#         2550
  C:3D22H         LINE#         2551
  C:3D22H         LINE#         2552
  C:3D25H         LINE#         2553
  C:3D25H         LINE#         2554
  C:3D38H         LINE#         2555
  C:3D38H         LINE#         2556
  C:3D3DH         LINE#         2557
  C:3D40H         LINE#         2558
  C:3D40H         LINE#         2559
  C:3D43H         LINE#         2560
  C:3D43H         LINE#         2561
  C:3D46H         LINE#         2562
  C:3D66H         LINE#         2563
  C:3D69H         LINE#         2564
  C:3D69H         LINE#         2565
  C:3D6BH         LINE#         2566
  C:3D6EH         LINE#         2567
  C:3D71H         LINE#         2568
  C:3D71H         LINE#         2569
  C:3D7AH         LINE#         2570
  C:3D7DH         LINE#         2571
  C:3D7DH         LINE#         2572
  C:3D94H         LINE#         2573
  C:3D97H         LINE#         2574
  C:3D97H         LINE#         2575
  C:3D9AH         LINE#         2576
  C:3DA2H         LINE#         2577
  C:3DA8H         LINE#         2578
  C:3DABH         LINE#         2579
  C:3DABH         LINE#         2580
  C:3DB4H         LINE#         2581
  C:3DB7H         LINE#         2582
  C:3DB7H         LINE#         2583
  C:3DB9H         LINE#         2584
  C:3DBCH         LINE#         2585
  C:3DBFH         LINE#         2586
  C:3DBFH         LINE#         2587
  C:3DD6H         LINE#         2588
  C:3DD9H         LINE#         2589
BL51 BANKED LINKER/LOCATER V6.22.2.0                                                  06/11/2021  12:08:32  PAGE 136


  C:3DD9H         LINE#         2590
  C:3DDEH         LINE#         2591
  C:3DE6H         LINE#         2592
  C:3DECH         LINE#         2593
  C:3DEFH         LINE#         2594
  C:3DEFH         LINE#         2595
  C:3DF2H         LINE#         2596
  C:3E12H         LINE#         2597
  C:3E15H         LINE#         2598
  C:3E15H         LINE#         2599
  C:3E18H         LINE#         2600
  C:3E38H         LINE#         2601
  C:3E3BH         LINE#         2602
  C:3E3BH         LINE#         2603
  C:3E3EH         LINE#         2604
  C:3E46H         LINE#         2605
  C:3E49H         LINE#         2606
  C:3E4BH         LINE#         2607
  C:3E4BH         LINE#         2609
  C:3E56H         LINE#         2610
  C:3E5EH         LINE#         2611
  C:3E72H         LINE#         2612
  C:3E75H         LINE#         2616
  C:3E75H         LINE#         2617
  C:3E7BH         LINE#         2618
  C:3E81H         LINE#         2619
  C:3E81H         LINE#         2620
  C:3E89H         LINE#         2621
  C:3E8FH         LINE#         2623
  C:3E92H         LINE#         2624
  C:3E9AH         LINE#         2625
  C:3E9AH         LINE#         2627
  C:3E9DH         LINE#         2628
  C:3EA0H         LINE#         2629
  C:3EA8H         LINE#         2630
  C:3EA8H         LINE#         2631
  C:3EB6H         LINE#         2632
  C:3EB6H         LINE#         2633
  C:3EBFH         LINE#         2634
  C:3EC2H         LINE#         2635
  C:3ECEH         LINE#         2636
  C:3ECEH         LINE#         2637
  C:3ED7H         LINE#         2638
  C:3EDAH         LINE#         2640
  C:3EDAH         LINE#         2641
  C:3EE3H         LINE#         2642
  C:3EE3H         LINE#         2643
  C:3EE6H         LINE#         2644
  C:3EEEH         LINE#         2645
  C:3EEEH         LINE#         2646
  C:3EFCH         LINE#         2647
  C:3EFCH         LINE#         2648
  C:3F12H         LINE#         2649
  C:3F15H         LINE#         2650
  C:3F21H         LINE#         2651
  C:3F21H         LINE#         2652
  C:3F2AH         LINE#         2653
BL51 BANKED LINKER/LOCATER V6.22.2.0                                                  06/11/2021  12:08:32  PAGE 137


  C:3F2DH         LINE#         2654
  C:3F3BH         LINE#         2655
  C:3F3BH         LINE#         2656
  C:3F44H         LINE#         2657
  C:3F46H         LINE#         2659
  C:3F46H         LINE#         2660
  C:3F4FH         LINE#         2661
  C:3F4FH         LINE#         2662
  C:3F51H         LINE#         2663
  C:3F59H         LINE#         2664
  C:3F59H         LINE#         2665
  C:3F62H         LINE#         2666
  C:3F64H         LINE#         2667
  C:3F6CH         LINE#         2668
  C:3F6CH         LINE#         2669
  C:3F82H         LINE#         2670
  C:3F84H         LINE#         2671
  C:3F8CH         LINE#         2672
  C:3F8CH         LINE#         2673
  C:3F8FH         LINE#         2674
  C:3F91H         LINE#         2676
  C:3F99H         LINE#         2677
  C:3F99H         LINE#         2678
  C:3FA2H         LINE#         2679
  C:3FA4H         LINE#         2682
  C:3FACH         LINE#         2683
  C:3FACH         LINE#         2684
  C:3FB4H         LINE#         2685
  C:3FB6H         LINE#         2687
  C:3FB6H         LINE#         2688
  C:3FBFH         LINE#         2689
  C:3FBFH         LINE#         2690
  C:3FC1H         LINE#         2691
  C:3FC1H         LINE#         2692
  C:3FC6H         LINE#         2693
  C:3FC6H         LINE#         2695
  C:3FC6H         LINE#         2696
  C:3FCBH         LINE#         2697
  -------         ENDPROC       _SECUENCIAEXPEDIDORMF
  -------         ENDMOD        VERIFICADOR

  -------         MODULE        MONITOR
  C:0000H         SYMBOL        _ICE_DUMMY_
  D:0080H         PUBLIC        P0
  D:0090H         PUBLIC        P1
  I:0011H         PUBLIC        placa
  C:BFD3H         PUBLIC        Rx_Monitor
  B:0080H.0       PUBLIC        rx_ip
  B:0090H.7       PUBLIC        lock
  C:931DH         PUBLIC        _recibe_cmd_Monitor
  C:C138H         PUBLIC        clear_placa
  C:9616H         PUBLIC        _Valida_Trama_Monitor
  -------         PROC          _RECIBE_CMD_MONITOR
  X:0016H         SYMBOL        buffer_cmd
  -------         DO            
  X:0019H         SYMBOL        j
  X:001AH         SYMBOL        NumDatos
BL51 BANKED LINKER/LOCATER V6.22.2.0                                                  06/11/2021  12:08:32  PAGE 138


  X:001BH         SYMBOL        time_out
  X:001CH         SYMBOL        MaxChrRx
  X:001DH         SYMBOL        contador
  -------         ENDDO         
  C:931DH         LINE#         50
  C:9328H         LINE#         51
  C:9328H         LINE#         55
  C:932DH         LINE#         56
  C:9333H         LINE#         58
  C:933EH         LINE#         59
  C:933EH         LINE#         60
  C:934FH         LINE#         61
  C:934FH         LINE#         62
  C:9356H         LINE#         63
  C:935AH         LINE#         64
  C:9363H         LINE#         65
  C:9363H         LINE#         66
  C:9371H         LINE#         67
  C:9388H         LINE#         68
  C:9388H         LINE#         69
  C:938EH         LINE#         70
  C:9394H         LINE#         71
  C:9394H         LINE#         72
  C:9396H         LINE#         73
  C:939EH         LINE#         74
  C:93A4H         LINE#         75
  C:93B6H         LINE#         76
  C:93C0H         LINE#         77
  C:93C9H         LINE#         79
  C:93D8H         LINE#         82
  C:93D8H         LINE#         83
  C:93DDH         LINE#         84
  -------         ENDPROC       _RECIBE_CMD_MONITOR
  -------         PROC          _VALIDA_TRAMA_MONITOR
  X:0016H         SYMBOL        buffer
  D:0005H         SYMBOL        length_trama
  -------         DO            
  X:0019H         SYMBOL        j
  X:001AH         SYMBOL        p
  X:001BH         SYMBOL        cont
  -------         ENDDO         
  C:9616H         LINE#         89
  C:9621H         LINE#         90
  C:9621H         LINE#         91
  C:9624H         LINE#         92
  C:9628H         LINE#         93
  C:962BH         LINE#         94
  C:962DH         LINE#         97
  C:9641H         LINE#         98
  C:9641H         LINE#         100
  C:9643H         LINE#         102
  C:964AH         LINE#         103
  C:964FH         LINE#         106
  C:964FH         LINE#         108
  C:966AH         LINE#         109
  C:966AH         LINE#         112
  C:966AH         LINE#         113
BL51 BANKED LINKER/LOCATER V6.22.2.0                                                  06/11/2021  12:08:32  PAGE 139


  C:968BH         LINE#         114
  C:968FH         LINE#         115
  C:9695H         LINE#         116
  C:96A7H         LINE#         117
  C:96BFH         LINE#         118
  C:96C8H         LINE#         119
  C:96CAH         LINE#         120
  C:96D0H         LINE#         123
  C:96D0H         LINE#         126
  -------         ENDPROC       _VALIDA_TRAMA_MONITOR
  -------         PROC          CLEAR_PLACA
  -------         DO            
  D:0007H         SYMBOL        i
  -------         ENDDO         
  C:C138H         LINE#         127
  C:C138H         LINE#         128
  C:C138H         LINE#         130
  C:C144H         LINE#         131
  C:C144H         LINE#         132
  C:C14AH         LINE#         133
  C:C14DH         LINE#         134
  C:C14FH         LINE#         135
  -------         ENDPROC       CLEAR_PLACA
  -------         PROC          RX_MONITOR
  -------         DO            
  X:0009H         SYMBOL        Length_trama
  X:000AH         SYMBOL        buffer1
  -------         ENDDO         
  C:BFD3H         LINE#         136
  C:BFD3H         LINE#         137
  C:BFD3H         LINE#         140
  C:BFE2H         LINE#         141
  C:BFEBH         LINE#         142
  -------         ENDPROC       RX_MONITOR
  -------         ENDMOD        MONITOR

  -------         MODULE        ?C?FPADD
  C:134FH         PUBLIC        ?C?FPADD
  C:134BH         PUBLIC        ?C?FPSUB
  -------         ENDMOD        ?C?FPADD

  -------         MODULE        ?C?FPMUL
  C:1440H         PUBLIC        ?C?FPMUL
  -------         ENDMOD        ?C?FPMUL

  -------         MODULE        ?C?FCAST
  C:1550H         PUBLIC        ?C?FCASTC
  C:154BH         PUBLIC        ?C?FCASTI
  C:1546H         PUBLIC        ?C?FCASTL
  -------         ENDMOD        ?C?FCAST

  -------         MODULE        ?C?CASTF
  C:1584H         PUBLIC        ?C?CASTF
  -------         ENDMOD        ?C?CASTF

  -------         MODULE        PRINTF
  X:0077H         PUBLIC        ?_PRINTF?BYTE
BL51 BANKED LINKER/LOCATER V6.22.2.0                                                  06/11/2021  12:08:32  PAGE 140


  X:0077H         PUBLIC        ?_SPRINTF?BYTE
  C:4037H         PUBLIC        _PRINTF
  C:4031H         PUBLIC        _SPRINTF
  -------         ENDMOD        PRINTF

  -------         MODULE        POW
  X:0021H         PUBLIC        ?_pow?BYTE
  C:6920H         PUBLIC        _pow
  -------         ENDMOD        POW

  -------         MODULE        ?C?CHKFLOAT
  C:1605H         PUBLIC        ?C?CHKFLOAT
  -------         ENDMOD        ?C?CHKFLOAT

  -------         MODULE        ?C?FPCMP
  C:1621H         PUBLIC        ?C?FPCMP
  C:161FH         PUBLIC        ?C?FPCMP3
  -------         ENDMOD        ?C?FPCMP

  -------         MODULE        ?C?FPNEG
  C:1698H         PUBLIC        ?C?FPNEG
  -------         ENDMOD        ?C?FPNEG

  -------         MODULE        ?C?FPROUND
  C:16A9H         PUBLIC        ?C?FPROUND
  -------         ENDMOD        ?C?FPROUND

  -------         MODULE        ?C?FPCONVERT
  C:16E6H         PUBLIC        ?C?FPCONVERT
  -------         ENDMOD        ?C?FPCONVERT

  -------         MODULE        EXP
  C:A0F2H         PUBLIC        _EXP
  -------         ENDMOD        EXP

  -------         MODULE        LOG
  C:749EH         PUBLIC        _LOG
  C:749AH         PUBLIC        _LOG10
  -------         ENDMOD        LOG

  -------         MODULE        ?C?FPDIV
  C:17EEH         PUBLIC        ?C?FPDIV
  -------         ENDMOD        ?C?FPDIV

  -------         MODULE        ?C?FTNPWR
  C:18BBH         PUBLIC        ?C?FTNPWR
  -------         ENDMOD        ?C?FTNPWR

  -------         MODULE        ?C?COPY
  C:1A18H         PUBLIC        ?C?COPY
  -------         ENDMOD        ?C?COPY

  -------         MODULE        ?C?CLDPTR
  C:1A3EH         PUBLIC        ?C?CLDPTR
  -------         ENDMOD        ?C?CLDPTR

  -------         MODULE        ?C?CLDOPTR
BL51 BANKED LINKER/LOCATER V6.22.2.0                                                  06/11/2021  12:08:32  PAGE 141


  C:1A57H         PUBLIC        ?C?CLDOPTR
  -------         ENDMOD        ?C?CLDOPTR

  -------         MODULE        ?C?CSTPTR
  C:1A84H         PUBLIC        ?C?CSTPTR
  -------         ENDMOD        ?C?CSTPTR

  -------         MODULE        ?C?CSTOPTR
  C:1A96H         PUBLIC        ?C?CSTOPTR
  -------         ENDMOD        ?C?CSTOPTR

  -------         MODULE        ?C?IMUL
  C:1AB8H         PUBLIC        ?C?IMUL
  -------         ENDMOD        ?C?IMUL

  -------         MODULE        ?C?IILDX
  C:1ACAH         PUBLIC        ?C?IILDX
  -------         ENDMOD        ?C?IILDX

  -------         MODULE        ?C?LNEG
  C:1AE0H         PUBLIC        ?C?LNEG
  -------         ENDMOD        ?C?LNEG

  -------         MODULE        ?C?SLCMP
  C:1AEEH         PUBLIC        ?C?SLCMP
  -------         ENDMOD        ?C?SLCMP

  -------         MODULE        ?C?ULCMP
  C:1B04H         PUBLIC        ?C?ULCMP
  -------         ENDMOD        ?C?ULCMP

  -------         MODULE        ?C?ULSHR
  C:1B15H         PUBLIC        ?C?ULSHR
  -------         ENDMOD        ?C?ULSHR

  -------         MODULE        ?C?LSHL
  C:1B28H         PUBLIC        ?C?LSHL
  -------         ENDMOD        ?C?LSHL

  -------         MODULE        ?C?LLDCODE
  C:1B3BH         PUBLIC        ?C?LLDCODE
  -------         ENDMOD        ?C?LLDCODE

  -------         MODULE        ?C?LLDXDATA0
  C:1B4BH         PUBLIC        ?C?LLDXDATA0
  -------         ENDMOD        ?C?LLDXDATA0

  -------         MODULE        ?C?LLDCODE0
  C:1B57H         PUBLIC        ?C?LLDCODE0
  -------         ENDMOD        ?C?LLDCODE0

  -------         MODULE        ?C?LSTXDATA
  C:1B67H         PUBLIC        ?C?LSTXDATA
  -------         ENDMOD        ?C?LSTXDATA

  -------         MODULE        ?C?LSTKXDATA
  C:1B73H         PUBLIC        ?C?LSTKXDATA
BL51 BANKED LINKER/LOCATER V6.22.2.0                                                  06/11/2021  12:08:32  PAGE 142


  -------         ENDMOD        ?C?LSTKXDATA

  -------         MODULE        ?C?PLDIXDATA
  C:1BA4H         PUBLIC        ?C?PLDIXDATA
  -------         ENDMOD        ?C?PLDIXDATA

  -------         MODULE        ?C?PSTXDATA
  C:1BBBH         PUBLIC        ?C?PSTXDATA
  -------         ENDMOD        ?C?PSTXDATA

  -------         MODULE        ?C?CCASE
  C:1BC4H         PUBLIC        ?C?CCASE
  -------         ENDMOD        ?C?CCASE

  -------         MODULE        STRCAT
  X:0048H         PUBLIC        ?_strcat?BYTE
  C:B15DH         PUBLIC        _strcat
  -------         ENDMOD        STRCAT

  -------         MODULE        ?C?STRCMP
  C:1D68H         PUBLIC        ?C?STRCMP
  -------         ENDMOD        ?C?STRCMP

  -------         MODULE        ?C?STRCPY
  C:1E51H         PUBLIC        ?C?STRCPY
  -------         ENDMOD        ?C?STRCPY

  -------         MODULE        STRLEN
  C:000EH         PUBLIC        _STRLEN
  -------         ENDMOD        STRLEN

  -------         MODULE        STRTOK
  X:0064H         PUBLIC        ?_strtok?BYTE
  C:87C9H         PUBLIC        _strtok
  -------         ENDMOD        STRTOK

  -------         MODULE        ATOL
  C:7B12H         PUBLIC        _atol
  -------         ENDMOD        ATOL

  -------         MODULE        ATOI
  C:898BH         PUBLIC        _atoi
  -------         ENDMOD        ATOI

  -------         MODULE        ?C?ILDIX
  C:1E6EH         PUBLIC        ?C?ILDIX
  -------         ENDMOD        ?C?ILDIX

  -------         MODULE        ?C?LMUL
  C:1E84H         PUBLIC        ?C?LMUL
  -------         ENDMOD        ?C?LMUL

  -------         MODULE        ISDIGIT
  C:C248H         PUBLIC        _isdigit
  -------         ENDMOD        ISDIGIT

  -------         MODULE        ISSPACE
BL51 BANKED LINKER/LOCATER V6.22.2.0                                                  06/11/2021  12:08:32  PAGE 143


  C:C1A8H         PUBLIC        _isspace
  -------         ENDMOD        ISSPACE

  -------         MODULE        STRSPN
  X:006AH         PUBLIC        ?_strspn?BYTE
  C:AA3BH         PUBLIC        _strspn
  -------         ENDMOD        STRSPN

  -------         MODULE        STRPBRK
  X:006AH         PUBLIC        ?_strpbrk?BYTE
  C:AB42H         PUBLIC        _strpbrk
  -------         ENDMOD        STRPBRK

Program Size: data=99.1 xdata=538 code=49877
LINK/LOCATE RUN COMPLETE.  0 WARNING(S),  0 ERROR(S)
