BL51 BANKED LINKER/LOCATER V6.22.2.0                                                    05/21/2020  14:05:12  PAGE 1


BL51 BANKED LINKER/LOCATER V6.22.2.0, INVOKED BY:
C:\KEIL_V5\C51\BIN\BL51.EXE .\Objects\main.obj, .\Objects\Accescan.obj, .\Objects\Clock.obj, .\Objects\delay.obj, .\Obje
>> cts\eeprom.obj, .\Objects\io_sensores.obj, .\Objects\pantallas.obj, .\Objects\prog.obj, .\Objects\pto_paralelo.obj, .
>> \Objects\tibbo.obj, .\Objects\uart.obj, .\Objects\lintech.obj, .\Objects\verificador.obj TO .\Objects\expedidor_v_01_
>> raspberry PRINT (.\Listings\expedidor_v_01_raspberry.m51) RAMSIZE (256)


MEMORY MODEL: LARGE WITH FLOATING POINT ARITHMETIC


INPUT MODULES INCLUDED:
  .\Objects\main.obj (MAIN)
  .\Objects\Accescan.obj (ACCESCAN)
  .\Objects\Clock.obj (CLOCK)
  .\Objects\delay.obj (DELAY)
  .\Objects\eeprom.obj (EEPROM)
  .\Objects\io_sensores.obj (IO_SENSORES)
  .\Objects\pantallas.obj (PANTALLAS)
  .\Objects\prog.obj (PROG)
  .\Objects\pto_paralelo.obj (PTO_PARALELO)
  .\Objects\tibbo.obj (TIBBO)
  .\Objects\uart.obj (UART)
  .\Objects\lintech.obj (LINTECH)
  .\Objects\verificador.obj (VERIFICADOR)
  C:\KEIL_V5\C51\LIB\C51FPL.LIB (?C?FPADD)
  C:\KEIL_V5\C51\LIB\C51FPL.LIB (?C?FPMUL)
  C:\KEIL_V5\C51\LIB\C51FPL.LIB (?C?FCAST)
  C:\KEIL_V5\C51\LIB\C51FPL.LIB (?C?CASTF)
  C:\KEIL_V5\C51\LIB\C51FPL.LIB (PRINTF)
  C:\KEIL_V5\C51\LIB\C51FPL.LIB (POW)
  C:\KEIL_V5\C51\LIB\C51FPL.LIB (?C?FPGETOPN)
  C:\KEIL_V5\C51\LIB\C51FPL.LIB (?C?CHKFLOAT)
  C:\KEIL_V5\C51\LIB\C51FPL.LIB (?C?FPCMP)
  C:\KEIL_V5\C51\LIB\C51FPL.LIB (?C?FPNEG)
  C:\KEIL_V5\C51\LIB\C51FPL.LIB (?C?FPROUND)
  C:\KEIL_V5\C51\LIB\C51FPL.LIB (?C?FPCONVERT)
  C:\KEIL_V5\C51\LIB\C51FPL.LIB (EXP)
  C:\KEIL_V5\C51\LIB\C51FPL.LIB (LOG)
  C:\KEIL_V5\C51\LIB\C51FPL.LIB (?C?FPDIV)
  C:\KEIL_V5\C51\LIB\C51FPL.LIB (?C?FTNPWR)
  C:\KEIL_V5\C51\LIB\C51FPL.LIB (?C?FPSERIES)
  C:\KEIL_V5\C51\LIB\C51L.LIB (?C_STARTUP)
  C:\KEIL_V5\C51\LIB\C51L.LIB (?C?COPY)
  C:\KEIL_V5\C51\LIB\C51L.LIB (?C?CLDPTR)
  C:\KEIL_V5\C51\LIB\C51L.LIB (?C?CLDOPTR)
  C:\KEIL_V5\C51\LIB\C51L.LIB (?C?CSTPTR)
  C:\KEIL_V5\C51\LIB\C51L.LIB (?C?CSTOPTR)
  C:\KEIL_V5\C51\LIB\C51L.LIB (?C?UIDIV)
  C:\KEIL_V5\C51\LIB\C51L.LIB (?C?IILDX)
  C:\KEIL_V5\C51\LIB\C51L.LIB (?C?LNEG)
  C:\KEIL_V5\C51\LIB\C51L.LIB (?C?ULSHR)
  C:\KEIL_V5\C51\LIB\C51L.LIB (?C?LSHL)
  C:\KEIL_V5\C51\LIB\C51L.LIB (?C?LLDCODE)
  C:\KEIL_V5\C51\LIB\C51L.LIB (?C?LLDXDATA0)
  C:\KEIL_V5\C51\LIB\C51L.LIB (?C?LLDCODE0)
  C:\KEIL_V5\C51\LIB\C51L.LIB (?C?LSTXDATA)
  C:\KEIL_V5\C51\LIB\C51L.LIB (?C?LSTKXDATA)
  C:\KEIL_V5\C51\LIB\C51L.LIB (?C?PLDIXDATA)
BL51 BANKED LINKER/LOCATER V6.22.2.0                                                  05/21/2020  14:05:12  PAGE 2


  C:\KEIL_V5\C51\LIB\C51L.LIB (?C?PSTXDATA)
  C:\KEIL_V5\C51\LIB\C51L.LIB (?C?CCASE)
  C:\KEIL_V5\C51\LIB\C51L.LIB (STRCAT)
  C:\KEIL_V5\C51\LIB\C51L.LIB (?C?STRCMP)
  C:\KEIL_V5\C51\LIB\C51L.LIB (?C?STRCPY)
  C:\KEIL_V5\C51\LIB\C51L.LIB (STRLEN)
  C:\KEIL_V5\C51\LIB\C51L.LIB (STRTOK)
  C:\KEIL_V5\C51\LIB\C51L.LIB (ATOL)
  C:\KEIL_V5\C51\LIB\C51L.LIB (ATOI)
  C:\KEIL_V5\C51\LIB\C51L.LIB (?C_INIT)
  C:\KEIL_V5\C51\LIB\C51L.LIB (?C?IMUL)
  C:\KEIL_V5\C51\LIB\C51L.LIB (?C?ILDIX)
  C:\KEIL_V5\C51\LIB\C51L.LIB (?C?LMUL)
  C:\KEIL_V5\C51\LIB\C51L.LIB (ISDIGIT)
  C:\KEIL_V5\C51\LIB\C51L.LIB (ISSPACE)
  C:\KEIL_V5\C51\LIB\C51L.LIB (STRSPN)
  C:\KEIL_V5\C51\LIB\C51L.LIB (STRPBRK)


LINK MAP OF MODULE:  .\Objects\expedidor_v_01_raspberry (MAIN)


            TYPE    BASE      LENGTH    RELOCATION   SEGMENT NAME
            -----------------------------------------------------

            * * * * * * *   D A T A   M E M O R Y   * * * * * * *
            REG     0000H     0008H     ABSOLUTE     "REG BANK 0"
            DATA    0008H     0005H     UNIT         _DATA_GROUP_
            DATA    000DH     0004H     UNIT         ?DT?UART
                    0011H     000FH                  *** GAP ***
            BIT     0020H.0   0001H.1   UNIT         _BIT_GROUP_
            BIT     0021H.1   0000H.2   UNIT         ?BI?_ANALIZA_TIEMPO?CLOCK
            BIT     0021H.3   0000H.2   UNIT         ?BI?UART
            BIT     0021H.5   0000H.1   UNIT         ?BI?MAIN
            BIT     0021H.6   0000H.1   UNIT         ?BI?EEPROM
                    0021H.7   0000H.1                *** GAP ***
            IDATA   0022H     0064H     UNIT         ?ID?MAIN
            IDATA   0086H     0001H     UNIT         ?STACK

            * * * * * * *  X D A T A   M E M O R Y  * * * * * * *
            XDATA   0000H     00C2H     UNIT         _XDATA_GROUP_
            XDATA   00C2H     0072H     UNIT         ?XD?MAIN
            XDATA   0134H     0045H     UNIT         ?XD?PROG
            XDATA   0179H     0034H     UNIT         ?XD?VERIFICADOR
            XDATA   01ADH     0026H     UNIT         ?XD?_TRAMA_PTO_PARALELO_NEW?PTO_PARALELO
            XDATA   01D3H     0025H     UNIT         ?XD?_CMD_LPR_SALIDA?ACCESCAN
            XDATA   01F8H     001FH     UNIT         ?XD?CMD_LPR_INT?ACCESCAN
            XDATA   0217H     001EH     UNIT         ?XD?PTO_PARALELO
            XDATA   0235H     000FH     UNIT         ?XD?_ANALIZA_TIEMPO?CLOCK
            XDATA   0244H     000AH     UNIT         ?XD?_CHECK_FECHAOUT?CLOCK
            XDATA   024EH     0008H     UNIT         ?XD?_TRAMA_PTO_PARALELO_P?PTO_PARALELO
            XDATA   0256H     0003H     UNIT         ?XD?EEPROM
            XDATA   0259H     0003H     UNIT         ?XD?_DEBUG_FECHA_ACTUAL?TIBBO
            XDATA   025CH     0003H     UNIT         ?XD?UART
            XDATA   025FH     0003H     UNIT         ?XD?STRTOK
            XDATA   0262H     0001H     UNIT         ?XD?CLOCK
            XDATA   0263H     0001H     UNIT         ?XD?IO_SENSORES
BL51 BANKED LINKER/LOCATER V6.22.2.0                                                  05/21/2020  14:05:12  PAGE 3


            XDATA   0264H     0001H     UNIT         ?XD?PANTALLAS

            * * * * * * *   C O D E   M E M O R Y   * * * * * * *
            CODE    0000H     0003H     ABSOLUTE     
            CODE    0003H     0008H     UNIT         ?PR?P_CK?CLOCK
            CODE    000BH     0003H     ABSOLUTE     
            CODE    000EH     0015H     UNIT         ?PR?_STRLEN?STRLEN
            CODE    0023H     0003H     ABSOLUTE     
            CODE    0026H     0BB9H     UNIT         ?C?LIB_CODE
            CODE    0BDFH     088FH     UNIT         ?CO?PROG
            CODE    146EH     0537H     UNIT         ?PR?_ANALIZA_TIEMPO?CLOCK
            CODE    19A5H     0483H     UNIT         ?PR?PRINTF?PRINTF
            CODE    1E28H     03D6H     UNIT         ?CO?PANTALLAS
            CODE    21FEH     0369H     UNIT         ?CO?VERIFICADOR
            CODE    2567H     02D0H     UNIT         ?PR?_TWO_BYTEHEX_DECIMAL?CLOCK
            CODE    2837H     02C5H     UNIT         ?PR?_TRAMA_PTO_PARALELO_NEW?PTO_PARALELO
            CODE    2AFCH     02BAH     UNIT         ?PR?_PANTALLALCD?PANTALLAS
            CODE    2DB6H     029EH     UNIT         ?PR?_VALIDA_TRAMA_PTO?ACCESCAN
            CODE    3054H     0292H     UNIT         ?PR?_CMD_LPR_SALIDA?ACCESCAN
            CODE    32E6H     0253H     UNIT         ?PR?_SECUENCIAEXPEDIDORMF?VERIFICADOR
            CODE    3539H     01D8H     UNIT         ?PR?_BLOCK_READ_CLOCK_ASCII?CLOCK
            CODE    3711H     01C2H     UNIT         ?PR?MENU?PROG
            CODE    38D3H     01C1H     UNIT         ?PR?_HASH_ID?PROG
            CODE    3A94H     01B3H     UNIT         ?PR?COM_ISR?UART
            CODE    3C47H     01A6H     UNIT         ?PR?_GRABA_SERIE?EEPROM
            CODE    3DEDH     0187H     UNIT         ?PR?_RESPONDE_LECTURA_TARJETA_SECTOR1_BLOQUE1?VERIFICADOR
            CODE    3F74H     0179H     UNIT         ?PR?_CHECK_FECHAOUT?CLOCK
            CODE    40EDH     0166H     UNIT         ?PR?_POW?POW
            CODE    4253H     014EH     UNIT         ?CO?LINTECH
            CODE    43A1H     013EH     UNIT         ?PR?PROG_SIN_COBRO?PROG
            CODE    44DFH     013EH     UNIT         ?PR?SECUENCIA_INICIO_EXPEDIDOR?VERIFICADOR
            CODE    461DH     0129H     UNIT         ?PR?LOG?LOG
            CODE    4746H     0118H     UNIT         ?PR?_RESPONDE_LECTURA_TARJETA_SECTOR1_BLOQUE2?VERIFICADOR
            CODE    485EH     0115H     UNIT         ?PR?_VALIDAR_CLK?CLOCK
            CODE    4973H     0110H     UNIT         ?PR?LOAD_AND_SEND_ID_COD?PTO_PARALELO
            CODE    4A83H     010CH     UNIT         ?PR?_ATOL?ATOL
            CODE    4B8FH     0100H     UNIT         ?PR?_WR_MF?LINTECH
            CODE    4C8FH     00FFH     UNIT         ?PR?_TRAMA_PTO_PARALELO_P?PTO_PARALELO
            CODE    4D8EH     00FCH     UNIT         ?PR?PROG_DEBUG?PROG
            CODE    4E8AH     00FCH     UNIT         ?PR?PROG_USE_LPR?PROG
            CODE    4F86H     00FCH     UNIT         ?PR?PROG_COMPARACION_ACTIVA?PROG
            CODE    5082H     00FCH     UNIT         ?PR?TIPO_PANTALLA?PROG
            CODE    517EH     00FCH     UNIT         ?PR?PROG_ANTIPASSBACK?PROG
            CODE    527AH     00EAH     UNIT         ?PR?_MOV_CARD?LINTECH
            CODE    5364H     00E4H     UNIT         ?PR?_STRTOK?STRTOK
            CODE    5448H     00E3H     UNIT         ?PR?_ARMAR_TRAMA_TARJETA_SECTOR1_BLOQUE2?VERIFICADOR
            CODE    552BH     00DBH     UNIT         ?PR?_ATOI?ATOI
            CODE    5606H     00D7H     UNIT         ?CO?TIBBO
            CODE    56DDH     00D6H     UNIT         ?PR?_CMD_LPR_SALIDA_WIEGAND?ACCESCAN
            CODE    57B3H     00CAH     UNIT         ?PR?READ_EEPROM_TICKET?EEPROM
            CODE    587DH     00C4H     UNIT         ?PR?_BLOCK_READ_CLOCK?CLOCK
            CODE    5941H     00C3H     UNIT         ?PR?_RD_MF?LINTECH
            CODE    5A04H     00C2H     UNIT         ?PR?PROG_TARJETA_AUTOMATICA_O_BOTON?PROG
            CODE    5AC6H     00BDH     UNIT         ?PR?PROG_COD_PARK?PROG
            CODE    5B83H     00BDH     UNIT         ?PR?PROG_TIEMPO_GRACIA?PROG
            CODE    5C40H     00BCH     UNIT         ?PR?MAIN?MAIN
            CODE    5CFCH     00B6H     UNIT         ?PR?PROG_ID_CLIENTE?PROG
BL51 BANKED LINKER/LOCATER V6.22.2.0                                                  05/21/2020  14:05:12  PAGE 4


            CODE    5DB2H     00B5H     UNIT         ?PR?ERROR_RX_PTO?VERIFICADOR
            CODE    5E67H     00B4H     UNIT         ?PR?_SEND_PORT?PTO_PARALELO
            CODE    5F1BH     00ADH     UNIT         ?CO?IO_SENSORES
            CODE    5FC8H     00A9H     UNIT         ?PR?DWLOAD_EEPROM?LINTECH
            CODE    6071H     00A6H     UNIT         ?PR?_BLOCK_READ_CLOCK_HEX?CLOCK
            CODE    6117H     00A6H     UNIT         ?PR?_DEBUG_FECHA_ACTUAL?TIBBO
            CODE    61BDH     009DH     UNIT         ?PR?_INICIALIZA?LINTECH
            CODE    625AH     009CH     UNIT         ?C_INITSEG
            CODE    62F6H     009AH     UNIT         ?PR?EXP?EXP
            CODE    6390H     0099H     UNIT         ?PR?_RECIBE_PORT?PTO_PARALELO
            CODE    6429H     0095H     UNIT         ?PR?_RECIBE_CMD_MONITOR?ACCESCAN
            CODE    64BEH     0091H     UNIT         ?PR?_CARD_INSERCION?LINTECH
            CODE    654FH     0091H     UNIT         ?PR?LOADVERIFY_EEPROM?LINTECH
            CODE    65E0H     0090H     UNIT         ?PR?_LEE_CLK?CLOCK
            CODE    6670H     0090H     UNIT         ?PR?_GETOPTION?PROG
            CODE    6700H     0090H     UNIT         ?PR?_RTA_CMD_TRANSPORTE?VERIFICADOR
            CODE    6790H     008FH     UNIT         ?PR?_BLOCK_WRITE_CLOCK_ASCII?CLOCK
            CODE    681FH     008CH     UNIT         ?C_C51STARTUP
            CODE    68ABH     0089H     UNIT         ?PR?ARMAR_TRAMA_PTO_PARALELO_EXPEDIDOR?VERIFICADOR
            CODE    6934H     0088H     UNIT         ?PR?_SEND_PORTERR?PTO_PARALELO
            CODE    69BCH     0088H     UNIT         ?PR?RX_DATA?TIBBO
            CODE    6A44H     0085H     UNIT         ?PR?_RESPONDE_WRITE_TARJETA_SECTOR1_BLOQUE0?VERIFICADOR
            CODE    6AC9H     0084H     UNIT         ?PR?_STRSPN?STRSPN
            CODE    6B4DH     0083H     UNIT         ?PR?_PANTALLALCD_LINEA_2?PANTALLAS
            CODE    6BD0H     0081H     UNIT         ?PR?_STRPBRK?STRPBRK
            CODE    6C51H     0080H     UNIT         ?PR?MSJ_LCD_INFORMATIVO?IO_SENSORES
            CODE    6CD1H     0080H     UNIT         ?PR?_INGRESADATO?PROG
            CODE    6D51H     0080H     UNIT         ?PR?AUT_CARD_CHECK_STATUS?LINTECH
            CODE    6DD1H     007CH     UNIT         ?PR?_CHECK_STATUS?LINTECH
            CODE    6E4DH     0074H     UNIT         ?PR?VARIABLE_INICIO?MAIN
            CODE    6EC1H     0073H     UNIT         ?PR?_DEBUGBUFFERMF?TIBBO
            CODE    6F34H     0073H     UNIT         ?PR?RESPONDE_ESTADO_SENSORES_TRANSPORTE?VERIFICADOR
            CODE    6FA7H     0072H     UNIT         ?PR?_RASPBERRY_DATA?PANTALLAS
            CODE    7019H     006FH     UNIT         ?PR?VALIDASENSORESPASO?IO_SENSORES
            CODE    7088H     006CH     UNIT         ?PR?SHOW?PROG
            CODE    70F4H     006BH     UNIT         ?PR?_STRCAT?STRCAT
            CODE    715FH     0066H     UNIT         ?PR?_RESPONDE_WRITE_TARJETA_SECTOR1_BLOQUE2?VERIFICADOR
            CODE    71C5H     0062H     UNIT         ?PR?_LISTACOMANDOS?PROG
            CODE    7227H     0057H     UNIT         ?PR?RELOJ_PANTALLA_LCD?PANTALLAS
            CODE    727EH     0053H     UNIT         ?PR?_BYTEHEX_DECIMAL?CLOCK
            CODE    72D1H     004DH     UNIT         ?PR?L_D_M?EEPROM
            CODE    731EH     004DH     UNIT         ?PR?RESPONDE_TIPO_TARJETA?VERIFICADOR
            CODE    736BH     004BH     UNIT         ?PR?_TX_AUX?TIBBO
            CODE    73B6H     0049H     UNIT         ?PR?_DEBUG_TXT_TIBBO?TIBBO
            CODE    73FFH     0047H     UNIT         ?PR?_DEBUG_CHR_TIBBO?TIBBO
            CODE    7446H     0046H     UNIT         ?PR?_ESCRIBIRCADENASOFT_BUFFER?MAIN
            CODE    748CH     0046H     UNIT         ?PR?_WR_EEPROM?EEPROM
            CODE    74D2H     0046H     UNIT         ?PR?_LCD_TXT_NUM_CHAR?PANTALLAS
            CODE    7518H     0046H     UNIT         ?PR?_DEBUG_HEXDEC?TIBBO
            CODE    755EH     0046H     UNIT         ?PR?INGRESO_VEHICULO?VERIFICADOR
            CODE    75A4H     0045H     UNIT         ?PR?_VALIDARCLAVE?PROG
            CODE    75E9H     0041H     UNIT         ?PR?_MONITOR_CHR?ACCESCAN
            CODE    762AH     0041H     UNIT         ?PR?_TWO_ONE?CLOCK
            CODE    766BH     0040H     UNIT         ?PR?_GETCMD?PROG
            CODE    76ABH     003FH     UNIT         ?PR?_EB_CLK?CLOCK
            CODE    76EAH     003EH     UNIT         ?PR?_PUTCHAR?MAIN
            CODE    7728H     003DH     UNIT         ?PR?_RD_EEPROM?EEPROM
BL51 BANKED LINKER/LOCATER V6.22.2.0                                                  05/21/2020  14:05:12  PAGE 5


            CODE    7765H     003CH     UNIT         ?PR?_LCD_TXT?PANTALLAS
            CODE    77A1H     003BH     UNIT         ?CO?EEPROM
            CODE    77DCH     003BH     UNIT         ?PR?_DEBUG_PTO_PARALELO?TIBBO
            CODE    7817H     003BH     UNIT         ?PR?_COM_PUTCHAR?UART
            CODE    7852H     003AH     UNIT         ?PR?_DELAY_10MS?DELAY
            CODE    788CH     0037H     UNIT         ?PR?LEE_NO_TICKET?EEPROM
            CODE    78C3H     0036H     UNIT         ?PR?CMD_LPR_INT?ACCESCAN
            CODE    78F9H     0034H     UNIT         ?PR?INCREMENTE_TICKET?EEPROM
            CODE    792DH     0033H     UNIT         ?PR?TRAMA_VALIDACION_P_N?VERIFICADOR
            CODE    7960H     0032H     UNIT         ?PR?_DEBUG_MONITOR?TIBBO
            CODE    7992H     002CH     UNIT         ?PR?LOAD_AND_SEND_INFO_RELOJ?PTO_PARALELO
            CODE    79BEH     002AH     UNIT         ?PR?COM_INITIALIZE?UART
            CODE    79E8H     0029H     UNIT         ?PR?TIMER0_INT?MAIN
            CODE    7A11H     0028H     UNIT         ?PR?_WR_CLK?CLOCK
            CODE    7A39H     0028H     UNIT         ?PR?COM_BAUDRATE?UART
            CODE    7A61H     0028H     UNIT         ?PR?_ARMAR_TRAMA_TARJETA_SECTOR1_BLOQUE0?VERIFICADOR
            CODE    7A89H     0027H     UNIT         ?PR?_TX_CHRLCD?PANTALLAS
            CODE    7AB0H     0026H     UNIT         ?PR?COM_GETCHAR?UART
            CODE    7AD6H     0022H     UNIT         ?PR?_E_D_M?EEPROM
            CODE    7AF8H     0021H     UNIT         ?PR?_HEX_BCD?CLOCK
            CODE    7B19H     0020H     UNIT         ?CO?MAIN
            CODE    7B39H     0020H     UNIT         ?PR?ACKD?EEPROM
            CODE    7B59H     0020H     UNIT         ?PR?ACK_LECT?EEPROM
            CODE    7B79H     001FH     UNIT         ?PR?VALIDASENSOR?IO_SENSORES
            CODE    7B98H     001FH     UNIT         ?PR?TIME_BIT?TIBBO
            CODE    7BB7H     001EH     UNIT         ?PR?_BCD_HEX?CLOCK
            CODE    7BD5H     001BH     UNIT         ?PR?_DELAY_1MS?DELAY
            CODE    7BF0H     0017H     UNIT         ?PR?DISPLAYCURSOR?PROG
            CODE    7C07H     0017H     UNIT         ?PR?TIME_MBIT?TIBBO
            CODE    7C1EH     0014H     UNIT         ?PR?DEBUG_DIVIDIR_TEXTO?TIBBO
            CODE    7C32H     0014H     UNIT         ?PR?_ISSPACE?ISSPACE
            CODE    7C46H     0012H     UNIT         ?PR?_DELAY_20US?DELAY
            CODE    7C58H     0012H     UNIT         ?PR?START?EEPROM
            CODE    7C6AH     0012H     UNIT         ?PR?DIR_BOARD?IO_SENSORES
            CODE    7C7CH     0012H     UNIT         ?PR?PULSO_BUS?PTO_PARALELO
            CODE    7C8EH     0012H     UNIT         ?PR?COM_RBUFLEN?UART
            CODE    7CA0H     0012H     UNIT         ?PR?COM_TBUFLEN?UART
            CODE    7CB2H     0010H     UNIT         ?PR?INI_TIMER?MAIN
            CODE    7CC2H     0010H     UNIT         ?PR?INICIA_BOARD?MAIN
            CODE    7CD2H     000FH     UNIT         ?PR?_ISDIGIT?ISDIGIT
            CODE    7CE1H     000CH     UNIT         ?PR?_GETKEY?MAIN
            CODE    7CEDH     000AH     UNIT         ?PR?COND_INI_PTO?PTO_PARALELO
            CODE    7CF7H     0009H     UNIT         ?PR?STOP?EEPROM
            CODE    7D00H     0007H     UNIT         ?PR?COND_INI_CLOCK?CLOCK
            CODE    7D07H     0007H     UNIT         ?PR?SEL_FUNCION?IO_SENSORES
            CODE    7D0EH     0007H     UNIT         ?PR?SEL_AUTO?IO_SENSORES
            CODE    7D15H     0007H     UNIT         ?PR?SEL_PULSA?IO_SENSORES
            CODE    7D1CH     0007H     UNIT         ?PR?SEL_SENSOR2?IO_SENSORES
            CODE    7D23H     0007H     UNIT         ?PR?SEL_SENSOR1?IO_SENSORES
            CODE    7D2AH     0007H     UNIT         ?PR?SEL_DIR1?IO_SENSORES
            CODE    7D31H     0007H     UNIT         ?PR?SEL_DIR2?IO_SENSORES
            CODE    7D38H     0006H     UNIT         ?PR?P_ME?EEPROM
            CODE    7D3EH     0005H     UNIT         ?PR?ON_TIMER0_INTERRUP?MAIN
            CODE    7D43H     0005H     UNIT         ?CO?ACCESCAN
            CODE    7D48H     0005H     UNIT         ?PR?COND_INI_TIBBO?TIBBO
            CODE    7D4DH     0003H     UNIT         ?PR?OFF_TIMER0_INTERRUP?MAIN
            CODE    7D50H     0003H     UNIT         ?CO?PTO_PARALELO
BL51 BANKED LINKER/LOCATER V6.22.2.0                                                  05/21/2020  14:05:12  PAGE 6


            CODE    7D53H     0001H     UNIT         ?PR?DELAY?DELAY



OVERLAY MAP OF MODULE:   .\Objects\expedidor_v_01_raspberry (MAIN)


SEGMENT                                             BIT_GROUP          DATA_GROUP          XDATA_GROUP
  +--> CALLED SEGMENT                            START    LENGTH     START    LENGTH     START    LENGTH
--------------------------------------------------------------------------------------------------------
?C_C51STARTUP                                    -----    -----      -----    -----      -----    -----
  +--> ?PR?MAIN?MAIN
  +--> ?C_INITSEG

?PR?MAIN?MAIN                                    -----    -----      -----    -----      0000H    0022H
  +--> ?CO?MAIN
  +--> ?PR?INI_TIMER?MAIN
  +--> ?PR?ON_TIMER0_INTERRUP?MAIN
  +--> ?PR?COM_INITIALIZE?UART
  +--> ?PR?COM_BAUDRATE?UART
  +--> ?PR?INICIA_BOARD?MAIN
  +--> ?PR?TIME_BIT?TIBBO
  +--> ?PR?_DELAY_20US?DELAY
  +--> ?PR?TIME_MBIT?TIBBO
  +--> ?PR?_TX_AUX?TIBBO
  +--> ?PR?SEL_FUNCION?IO_SENSORES
  +--> ?PR?MENU?PROG
  +--> ?PR?VARIABLE_INICIO?MAIN
  +--> ?PR?SECUENCIA_INICIO_EXPEDIDOR?VERIFI...
  +--> ?PR?_RECIBE_CMD_MONITOR?ACCESCAN
  +--> ?PR?_DEBUG_MONITOR?TIBBO
  +--> ?PR?_SECUENCIAEXPEDIDORMF?VERIFICADOR
  +--> ?PR?_RECIBE_PORT?PTO_PARALELO
  +--> ?PR?_DEBUG_PTO_PARALELO?TIBBO
  +--> ?PR?_VALIDA_TRAMA_PTO?ACCESCAN
  +--> ?PR?MSJ_LCD_INFORMATIVO?IO_SENSORES

?PR?COM_INITIALIZE?UART                          -----    -----      -----    -----      -----    -----
  +--> ?PR?COM_BAUDRATE?UART

?PR?INICIA_BOARD?MAIN                            -----    -----      -----    -----      -----    -----
  +--> ?PR?COND_INI_TIBBO?TIBBO
  +--> ?PR?COND_INI_CLOCK?CLOCK
  +--> ?PR?COND_INI_PTO?PTO_PARALELO

?PR?_TX_AUX?TIBBO                                -----    -----      -----    -----      -----    -----
  +--> ?PR?TIME_BIT?TIBBO

?PR?MENU?PROG                                    -----    -----      -----    -----      0022H    005CH
  +--> ?CO?PROG
  +--> ?PR?PRINTF?PRINTF
  +--> ?PR?_INGRESADATO?PROG
  +--> ?PR?_GETCMD?PROG
  +--> ?PR?_HASH_ID?PROG
  +--> ?PR?_VALIDARCLAVE?PROG
  +--> ?PR?DISPLAYCURSOR?PROG
  +--> ?PR?_STRLEN?STRLEN
BL51 BANKED LINKER/LOCATER V6.22.2.0                                                  05/21/2020  14:05:12  PAGE 7


  +--> ?PR?_GETOPTION?PROG
  +--> ?PR?_STRCAT?STRCAT
  +--> ?PR?_LISTACOMANDOS?PROG
  +--> ?PR?PROG_ID_CLIENTE?PROG
  +--> ?PR?PROG_COD_PARK?PROG
  +--> ?PR?PROG_TIEMPO_GRACIA?PROG
  +--> ?PR?PROG_SIN_COBRO?PROG
  +--> ?PR?PROG_DEBUG?PROG
  +--> ?PR?PROG_USE_LPR?PROG
  +--> ?PR?PROG_COMPARACION_ACTIVA?PROG
  +--> ?PR?TIPO_PANTALLA?PROG
  +--> ?PR?PROG_TARJETA_AUTOMATICA_O_BOTON?PROG
  +--> ?PR?PROG_ANTIPASSBACK?PROG
  +--> ?PR?SHOW?PROG

?PR?PRINTF?PRINTF                                0020H.0  0001H.1    0008H    0005H      008EH    0030H
  +--> ?PR?_PUTCHAR?MAIN

?PR?_PUTCHAR?MAIN                                -----    -----      -----    -----      00BEH    0003H
  +--> ?PR?_COM_PUTCHAR?UART

?PR?_COM_PUTCHAR?UART                            -----    -----      -----    -----      00C1H    0001H
  +--> ?PR?COM_TBUFLEN?UART

?PR?_INGRESADATO?PROG                            -----    -----      -----    -----      008AH    0004H
  +--> ?PR?_GETKEY?MAIN
  +--> ?CO?PROG
  +--> ?PR?PRINTF?PRINTF
  +--> ?PR?_PUTCHAR?MAIN

?PR?_GETKEY?MAIN                                 -----    -----      -----    -----      -----    -----
  +--> ?PR?COM_GETCHAR?UART

?PR?COM_GETCHAR?UART                             -----    -----      -----    -----      -----    -----
  +--> ?PR?COM_RBUFLEN?UART

?PR?_GETCMD?PROG                                 -----    -----      -----    -----      007EH    0007H
  +--> ?CO?PROG
  +--> ?PR?_STRTOK?STRTOK

?PR?_STRTOK?STRTOK                               -----    -----      -----    -----      0089H    0006H
  +--> ?PR?_STRSPN?STRSPN
  +--> ?PR?_STRPBRK?STRPBRK

?PR?_STRSPN?STRSPN                               -----    -----      -----    -----      008FH    0008H

?PR?_STRPBRK?STRPBRK                             -----    -----      -----    -----      008FH    0009H

?PR?_HASH_ID?PROG                                -----    -----      -----    -----      007EH    0036H
  +--> ?CO?PROG
  +--> ?PR?_STRLEN?STRLEN

?PR?_VALIDARCLAVE?PROG                           -----    -----      -----    -----      007EH    000AH

?PR?DISPLAYCURSOR?PROG                           -----    -----      -----    -----      -----    -----
  +--> ?CO?PROG
  +--> ?PR?PRINTF?PRINTF
BL51 BANKED LINKER/LOCATER V6.22.2.0                                                  05/21/2020  14:05:12  PAGE 8



?PR?_GETOPTION?PROG                              -----    -----      -----    -----      007EH    000BH
  +--> ?CO?PROG
  +--> ?PR?_STRTOK?STRTOK

?PR?_STRCAT?STRCAT                               -----    -----      -----    -----      007EH    0009H

?PR?_LISTACOMANDOS?PROG                          -----    -----      -----    -----      007EH    0007H

?PR?PROG_ID_CLIENTE?PROG                         -----    -----      -----    -----      007EH    000CH
  +--> ?PR?_RD_EEPROM?EEPROM
  +--> ?CO?PROG
  +--> ?PR?PRINTF?PRINTF
  +--> ?PR?_INGRESADATO?PROG
  +--> ?PR?_ATOI?ATOI
  +--> ?PR?_WR_EEPROM?EEPROM

?PR?_RD_EEPROM?EEPROM                            -----    -----      -----    -----      -----    -----
  +--> ?PR?START?EEPROM
  +--> ?PR?ACK_LECT?EEPROM
  +--> ?PR?_E_D_M?EEPROM
  +--> ?PR?ACKD?EEPROM
  +--> ?PR?L_D_M?EEPROM
  +--> ?PR?STOP?EEPROM

?PR?ACK_LECT?EEPROM                              -----    -----      -----    -----      -----    -----
  +--> ?PR?_E_D_M?EEPROM

?PR?_E_D_M?EEPROM                                -----    -----      -----    -----      -----    -----
  +--> ?PR?P_ME?EEPROM

?PR?ACKD?EEPROM                                  -----    -----      -----    -----      -----    -----
  +--> ?PR?_E_D_M?EEPROM

?PR?_ATOI?ATOI                                   0020H.0  0000H.1    -----    -----      008AH    0005H
  +--> ?PR?_ISSPACE?ISSPACE
  +--> ?PR?_ISDIGIT?ISDIGIT

?PR?_WR_EEPROM?EEPROM                            -----    -----      -----    -----      -----    -----
  +--> ?PR?START?EEPROM
  +--> ?PR?ACKD?EEPROM
  +--> ?PR?_E_D_M?EEPROM
  +--> ?PR?STOP?EEPROM
  +--> ?PR?_DELAY_1MS?DELAY
  +--> ?PR?_DELAY_20US?DELAY

?PR?_DELAY_1MS?DELAY                             -----    -----      -----    -----      -----    -----
  +--> ?PR?_DELAY_20US?DELAY

?PR?PROG_COD_PARK?PROG                           -----    -----      -----    -----      007EH    000CH
  +--> ?PR?_RD_EEPROM?EEPROM
  +--> ?CO?PROG
  +--> ?PR?PRINTF?PRINTF
  +--> ?PR?_INGRESADATO?PROG
  +--> ?PR?_ATOI?ATOI
  +--> ?PR?_WR_EEPROM?EEPROM

BL51 BANKED LINKER/LOCATER V6.22.2.0                                                  05/21/2020  14:05:12  PAGE 9


?PR?PROG_TIEMPO_GRACIA?PROG                      -----    -----      -----    -----      007EH    000CH
  +--> ?PR?_RD_EEPROM?EEPROM
  +--> ?CO?PROG
  +--> ?PR?PRINTF?PRINTF
  +--> ?PR?_INGRESADATO?PROG
  +--> ?PR?_ATOI?ATOI
  +--> ?PR?_WR_EEPROM?EEPROM

?PR?PROG_SIN_COBRO?PROG                          -----    -----      -----    -----      007EH    000CH
  +--> ?PR?_RD_EEPROM?EEPROM
  +--> ?CO?PROG
  +--> ?PR?PRINTF?PRINTF
  +--> ?PR?_INGRESADATO?PROG
  +--> ?PR?_ATOI?ATOI
  +--> ?PR?_WR_EEPROM?EEPROM

?PR?PROG_DEBUG?PROG                              -----    -----      -----    -----      007EH    000CH
  +--> ?PR?_RD_EEPROM?EEPROM
  +--> ?CO?PROG
  +--> ?PR?PRINTF?PRINTF
  +--> ?PR?_INGRESADATO?PROG
  +--> ?PR?_ATOI?ATOI
  +--> ?PR?_WR_EEPROM?EEPROM

?PR?PROG_USE_LPR?PROG                            -----    -----      -----    -----      007EH    000CH
  +--> ?PR?_RD_EEPROM?EEPROM
  +--> ?CO?PROG
  +--> ?PR?PRINTF?PRINTF
  +--> ?PR?_INGRESADATO?PROG
  +--> ?PR?_ATOI?ATOI
  +--> ?PR?_WR_EEPROM?EEPROM

?PR?PROG_COMPARACION_ACTIVA?PROG                 -----    -----      -----    -----      007EH    000CH
  +--> ?PR?_RD_EEPROM?EEPROM
  +--> ?CO?PROG
  +--> ?PR?PRINTF?PRINTF
  +--> ?PR?_INGRESADATO?PROG
  +--> ?PR?_ATOI?ATOI
  +--> ?PR?_WR_EEPROM?EEPROM

?PR?TIPO_PANTALLA?PROG                           -----    -----      -----    -----      007EH    000CH
  +--> ?PR?_RD_EEPROM?EEPROM
  +--> ?CO?PROG
  +--> ?PR?PRINTF?PRINTF
  +--> ?PR?_INGRESADATO?PROG
  +--> ?PR?_ATOI?ATOI
  +--> ?PR?_WR_EEPROM?EEPROM

?PR?PROG_TARJETA_AUTOMATICA_O_BOTON?PROG         -----    -----      -----    -----      007EH    000CH
  +--> ?PR?_RD_EEPROM?EEPROM
  +--> ?CO?PROG
  +--> ?PR?PRINTF?PRINTF
  +--> ?PR?_INGRESADATO?PROG
  +--> ?PR?_ATOI?ATOI
  +--> ?PR?_WR_EEPROM?EEPROM

?PR?PROG_ANTIPASSBACK?PROG                       -----    -----      -----    -----      007EH    000CH
BL51 BANKED LINKER/LOCATER V6.22.2.0                                                  05/21/2020  14:05:12  PAGE 10


  +--> ?PR?_RD_EEPROM?EEPROM
  +--> ?CO?PROG
  +--> ?PR?PRINTF?PRINTF
  +--> ?PR?_INGRESADATO?PROG
  +--> ?PR?_ATOI?ATOI
  +--> ?PR?_WR_EEPROM?EEPROM

?PR?SHOW?PROG                                    -----    -----      -----    -----      -----    -----
  +--> ?CO?PROG
  +--> ?PR?PRINTF?PRINTF

?PR?VARIABLE_INICIO?MAIN                         -----    -----      -----    -----      -----    -----
  +--> ?PR?_RD_EEPROM?EEPROM

?PR?SECUENCIA_INICIO_EXPEDIDOR?VERIFI...         -----    -----      -----    -----      0022H    0001H
  +--> ?PR?_INICIALIZA?LINTECH
  +--> ?PR?TRAMA_VALIDACION_P_N?VERIFICADOR
  +--> ?CO?VERIFICADOR
  +--> ?PR?_DEBUG_TXT_TIBBO?TIBBO
  +--> ?PR?_DEBUGBUFFERMF?TIBBO
  +--> ?PR?DWLOAD_EEPROM?LINTECH

?PR?_INICIALIZA?LINTECH                          -----    -----      -----    -----      0023H    000CH
  +--> ?CO?LINTECH
  +--> ?PR?_DEBUG_TXT_TIBBO?TIBBO
  +--> ?PR?_DEBUGBUFFERMF?TIBBO
  +--> ?PR?_ESCRIBIRCADENASOFT_BUFFER?MAIN

?PR?_DEBUG_TXT_TIBBO?TIBBO                       -----    -----      -----    -----      004EH    0004H
  +--> ?PR?_DEBUG_CHR_TIBBO?TIBBO
  +--> ?CO?TIBBO
  +--> ?PR?_TX_AUX?TIBBO

?PR?_DEBUG_CHR_TIBBO?TIBBO                       -----    -----      -----    -----      -----    -----
  +--> ?PR?_TX_AUX?TIBBO

?PR?_DEBUGBUFFERMF?TIBBO                         -----    -----      -----    -----      0048H    0006H
  +--> ?CO?TIBBO
  +--> ?PR?_DEBUG_TXT_TIBBO?TIBBO
  +--> ?PR?_DEBUG_CHR_TIBBO?TIBBO
  +--> ?PR?_TX_AUX?TIBBO

?PR?_ESCRIBIRCADENASOFT_BUFFER?MAIN              -----    -----      -----    -----      0048H    0006H
  +--> ?PR?_PUTCHAR?MAIN

?PR?TRAMA_VALIDACION_P_N?VERIFICADOR             -----    -----      -----    -----      -----    -----
  +--> ?CO?VERIFICADOR
  +--> ?PR?_DEBUG_TXT_TIBBO?TIBBO

?PR?DWLOAD_EEPROM?LINTECH                        -----    -----      -----    -----      0023H    0016H
  +--> ?CO?LINTECH
  +--> ?PR?_DEBUG_TXT_TIBBO?TIBBO
  +--> ?PR?_DEBUGBUFFERMF?TIBBO
  +--> ?PR?_ESCRIBIRCADENASOFT_BUFFER?MAIN

?PR?_RECIBE_CMD_MONITOR?ACCESCAN                 -----    -----      -----    -----      0022H    0006H
  +--> ?PR?RX_DATA?TIBBO
BL51 BANKED LINKER/LOCATER V6.22.2.0                                                  05/21/2020  14:05:12  PAGE 11



?PR?RX_DATA?TIBBO                                -----    -----      -----    -----      -----    -----
  +--> ?PR?TIME_MBIT?TIBBO
  +--> ?PR?TIME_BIT?TIBBO

?PR?_DEBUG_MONITOR?TIBBO                         -----    -----      -----    -----      0022H    0004H
  +--> ?PR?DEBUG_DIVIDIR_TEXTO?TIBBO
  +--> ?CO?TIBBO
  +--> ?PR?_DEBUG_TXT_TIBBO?TIBBO

?PR?DEBUG_DIVIDIR_TEXTO?TIBBO                    -----    -----      -----    -----      -----    -----
  +--> ?CO?TIBBO
  +--> ?PR?_DEBUG_TXT_TIBBO?TIBBO

?PR?_SECUENCIAEXPEDIDORMF?VERIFICADOR            -----    -----      -----    -----      0022H    0001H
  +--> ?PR?_CHECK_STATUS?LINTECH
  +--> ?PR?_RTA_CMD_TRANSPORTE?VERIFICADOR
  +--> ?PR?RESPONDE_ESTADO_SENSORES_TRANSPOR...
  +--> ?PR?RESPONDE_TIPO_TARJETA?VERIFICADOR
  +--> ?PR?_RESPONDE_LECTURA_TARJETA_SECTOR1...
  +--> ?PR?_RESPONDE_LECTURA_TARJETA_SECTOR1...
  +--> ?PR?_RESPONDE_WRITE_TARJETA_SECTOR1_B...
  +--> ?PR?_RESPONDE_WRITE_TARJETA_SECTOR1_B...
  +--> ?CO?VERIFICADOR
  +--> ?PR?_DEBUG_TXT_TIBBO?TIBBO
  +--> ?PR?_MOV_CARD?LINTECH
  +--> ?PR?_CARD_INSERCION?LINTECH
  +--> ?PR?AUT_CARD_CHECK_STATUS?LINTECH
  +--> ?PR?LOADVERIFY_EEPROM?LINTECH
  +--> ?PR?_RD_MF?LINTECH
  +--> ?PR?_WR_MF?LINTECH
  +--> ?PR?DWLOAD_EEPROM?LINTECH

?PR?_CHECK_STATUS?LINTECH                        -----    -----      -----    -----      0023H    000BH
  +--> ?CO?LINTECH
  +--> ?PR?_DEBUG_TXT_TIBBO?TIBBO
  +--> ?PR?_DEBUGBUFFERMF?TIBBO
  +--> ?PR?_ESCRIBIRCADENASOFT_BUFFER?MAIN

?PR?_RTA_CMD_TRANSPORTE?VERIFICADOR              -----    -----      -----    -----      0023H    0006H
  +--> ?PR?TRAMA_VALIDACION_P_N?VERIFICADOR
  +--> ?CO?VERIFICADOR
  +--> ?PR?_DEBUG_TXT_TIBBO?TIBBO
  +--> ?PR?_DEBUGBUFFERMF?TIBBO
  +--> ?PR?ERROR_RX_PTO?VERIFICADOR

?PR?ERROR_RX_PTO?VERIFICADOR                     -----    -----      -----    -----      0029H    0001H
  +--> ?CO?VERIFICADOR
  +--> ?PR?_DEBUG_TXT_TIBBO?TIBBO
  +--> ?PR?_DEBUG_CHR_TIBBO?TIBBO
  +--> ?PR?_DELAY_10MS?DELAY

?PR?_DELAY_10MS?DELAY                            -----    -----      -----    -----      002AH    0004H
  +--> ?PR?_DELAY_1MS?DELAY

?PR?RESPONDE_ESTADO_SENSORES_TRANSPOR...         -----    -----      -----    -----      0023H    0001H
  +--> ?CO?VERIFICADOR
BL51 BANKED LINKER/LOCATER V6.22.2.0                                                  05/21/2020  14:05:12  PAGE 12


  +--> ?PR?_DEBUG_TXT_TIBBO?TIBBO
  +--> ?PR?_SEND_PORTERR?PTO_PARALELO
  +--> ?PR?_PANTALLALCD?PANTALLAS
  +--> ?PR?INGRESO_VEHICULO?VERIFICADOR

?PR?_SEND_PORTERR?PTO_PARALELO                   -----    -----      -----    -----      0038H    0006H
  +--> ?PR?PULSO_BUS?PTO_PARALELO
  +--> ?PR?_DELAY_20US?DELAY

?PR?PULSO_BUS?PTO_PARALELO                       -----    -----      -----    -----      -----    -----
  +--> ?PR?_DELAY_20US?DELAY

?PR?_PANTALLALCD?PANTALLAS                       -----    -----      -----    -----      0038H    0008H
  +--> ?CO?PANTALLAS
  +--> ?PR?_LCD_TXT?PANTALLAS
  +--> ?PR?_STRLEN?STRLEN
  +--> ?PR?_TX_CHRLCD?PANTALLAS
  +--> ?PR?_RASPBERRY_DATA?PANTALLAS

?PR?_LCD_TXT?PANTALLAS                           -----    -----      -----    -----      0040H    0005H
  +--> ?PR?_TX_CHRLCD?PANTALLAS

?PR?_TX_CHRLCD?PANTALLAS                         -----    -----      -----    -----      0045H    0002H
  +--> ?PR?_PUTCHAR?MAIN

?PR?_RASPBERRY_DATA?PANTALLAS                    -----    -----      -----    -----      0040H    0005H
  +--> ?PR?_STRLEN?STRLEN
  +--> ?PR?_DEBUG_CHR_TIBBO?TIBBO
  +--> ?PR?DEBUG_DIVIDIR_TEXTO?TIBBO
  +--> ?PR?_DEBUG_TXT_TIBBO?TIBBO
  +--> ?PR?_PUTCHAR?MAIN

?PR?INGRESO_VEHICULO?VERIFICADOR                 -----    -----      -----    -----      -----    -----
  +--> ?PR?VALIDASENSORESPASO?IO_SENSORES
  +--> ?PR?_RD_EEPROM?EEPROM
  +--> ?CO?VERIFICADOR
  +--> ?PR?SEL_PULSA?IO_SENSORES
  +--> ?PR?_DEBUG_TXT_TIBBO?TIBBO

?PR?VALIDASENSORESPASO?IO_SENSORES               -----    -----      -----    -----      -----    -----
  +--> ?PR?SEL_SENSOR2?IO_SENSORES
  +--> ?PR?VALIDASENSOR?IO_SENSORES
  +--> ?PR?SEL_SENSOR1?IO_SENSORES
  +--> ?PR?SEL_AUTO?IO_SENSORES
  +--> ?CO?IO_SENSORES
  +--> ?PR?_DEBUG_TXT_TIBBO?TIBBO

?PR?RESPONDE_TIPO_TARJETA?VERIFICADOR            -----    -----      -----    -----      0023H    0001H
  +--> ?CO?VERIFICADOR
  +--> ?PR?_DEBUG_TXT_TIBBO?TIBBO
  +--> ?PR?_SEND_PORTERR?PTO_PARALELO
  +--> ?PR?_PANTALLALCD?PANTALLAS

?PR?_RESPONDE_LECTURA_TARJETA_SECTOR1...         -----    -----      -----    -----      0023H    0015H
  +--> ?CO?VERIFICADOR
  +--> ?PR?_DEBUG_TXT_TIBBO?TIBBO
  +--> ?PR?_DEBUGBUFFERMF?TIBBO
BL51 BANKED LINKER/LOCATER V6.22.2.0                                                  05/21/2020  14:05:12  PAGE 13


  +--> ?PR?_DEBUG_HEXDEC?TIBBO
  +--> ?PR?_DEBUG_CHR_TIBBO?TIBBO
  +--> ?PR?_SEND_PORTERR?PTO_PARALELO
  +--> ?PR?_PANTALLALCD?PANTALLAS

?PR?_DEBUG_HEXDEC?TIBBO                          -----    -----      -----    -----      0038H    0002H
  +--> ?PR?_TX_AUX?TIBBO

?PR?_RESPONDE_LECTURA_TARJETA_SECTOR1...         -----    -----      -----    -----      0023H    0018H
  +--> ?CO?VERIFICADOR
  +--> ?PR?_DEBUG_TXT_TIBBO?TIBBO
  +--> ?PR?_DEBUGBUFFERMF?TIBBO
  +--> ?PR?_DEBUG_CHR_TIBBO?TIBBO
  +--> ?PR?_RD_EEPROM?EEPROM
  +--> ?PR?_ARMAR_TRAMA_TARJETA_SECTOR1_BLOQ...

?PR?_ARMAR_TRAMA_TARJETA_SECTOR1_BLOQ...         -----    -----      -----    -----      003BH    0006H
  +--> ?PR?_BLOCK_READ_CLOCK_HEX?CLOCK
  +--> ?PR?DIR_BOARD?IO_SENSORES

?PR?_BLOCK_READ_CLOCK_HEX?CLOCK                  -----    -----      -----    -----      0041H    0003H
  +--> ?PR?_LEE_CLK?CLOCK
  +--> ?PR?_BCD_HEX?CLOCK

?PR?_LEE_CLK?CLOCK                               -----    -----      -----    -----      0056H    0003H
  +--> ?PR?_DELAY_20US?DELAY
  +--> ?PR?_EB_CLK?CLOCK
  +--> ?PR?P_CK?CLOCK

?PR?_EB_CLK?CLOCK                                -----    -----      -----    -----      0059H    0003H
  +--> ?PR?P_CK?CLOCK

?PR?P_CK?CLOCK                                   -----    -----      -----    -----      -----    -----
  +--> ?PR?DELAY?DELAY

?PR?DIR_BOARD?IO_SENSORES                        -----    -----      -----    -----      -----    -----
  +--> ?PR?SEL_DIR1?IO_SENSORES
  +--> ?PR?SEL_DIR2?IO_SENSORES

?PR?_RESPONDE_WRITE_TARJETA_SECTOR1_B...         -----    -----      -----    -----      0023H    0006H
  +--> ?CO?VERIFICADOR
  +--> ?PR?_DEBUG_TXT_TIBBO?TIBBO
  +--> ?PR?_DEBUGBUFFERMF?TIBBO
  +--> ?PR?_ARMAR_TRAMA_TARJETA_SECTOR1_BLOQ...

?PR?_ARMAR_TRAMA_TARJETA_SECTOR1_BLOQ...         -----    -----      -----    -----      0029H    0003H
  +--> ?PR?LEE_NO_TICKET?EEPROM

?PR?LEE_NO_TICKET?EEPROM                         -----    -----      -----    -----      002CH    000BH
  +--> ?PR?READ_EEPROM_TICKET?EEPROM
  +--> ?CO?EEPROM
  +--> ?PR?PRINTF?PRINTF
  +--> ?PR?_DEBUG_TXT_TIBBO?TIBBO

?PR?READ_EEPROM_TICKET?EEPROM                    -----    -----      -----    -----      0037H    0007H
  +--> ?PR?_RD_EEPROM?EEPROM

BL51 BANKED LINKER/LOCATER V6.22.2.0                                                  05/21/2020  14:05:12  PAGE 14


?PR?_RESPONDE_WRITE_TARJETA_SECTOR1_B...         -----    -----      -----    -----      0023H    0006H
  +--> ?CO?VERIFICADOR
  +--> ?PR?_DEBUG_TXT_TIBBO?TIBBO
  +--> ?PR?_DEBUGBUFFERMF?TIBBO
  +--> ?PR?ARMAR_TRAMA_PTO_PARALELO_EXPEDIDO...
  +--> ?PR?_STRLEN?STRLEN
  +--> ?PR?_SEND_PORT?PTO_PARALELO
  +--> ?PR?INCREMENTE_TICKET?EEPROM

?PR?ARMAR_TRAMA_PTO_PARALELO_EXPEDIDO...         -----    -----      -----    -----      -----    -----
  +--> ?PR?LEE_NO_TICKET?EEPROM
  +--> ?PR?_STRCAT?STRCAT
  +--> ?PR?_BLOCK_READ_CLOCK_HEX?CLOCK
  +--> ?PR?_RD_EEPROM?EEPROM

?PR?_SEND_PORT?PTO_PARALELO                      -----    -----      -----    -----      0034H    000AH
  +--> ?PR?PULSO_BUS?PTO_PARALELO
  +--> ?PR?_DELAY_20US?DELAY

?PR?INCREMENTE_TICKET?EEPROM                     -----    -----      -----    -----      0029H    000BH
  +--> ?PR?READ_EEPROM_TICKET?EEPROM
  +--> ?CO?EEPROM
  +--> ?PR?PRINTF?PRINTF
  +--> ?PR?_GRABA_SERIE?EEPROM

?PR?_GRABA_SERIE?EEPROM                          -----    -----      -----    -----      0034H    0011H
  +--> ?CO?EEPROM
  +--> ?PR?_DEBUG_TXT_TIBBO?TIBBO
  +--> ?PR?_ATOL?ATOL
  +--> ?PR?_DEBUG_CHR_TIBBO?TIBBO
  +--> ?PR?_WR_EEPROM?EEPROM

?PR?_ATOL?ATOL                                   0020H.0  0000H.1    -----    -----      0045H    0007H
  +--> ?PR?_ISSPACE?ISSPACE
  +--> ?PR?_ISDIGIT?ISDIGIT

?PR?_MOV_CARD?LINTECH                            -----    -----      -----    -----      0023H    000CH
  +--> ?CO?LINTECH
  +--> ?PR?_DEBUG_TXT_TIBBO?TIBBO
  +--> ?PR?_DEBUGBUFFERMF?TIBBO
  +--> ?PR?_ESCRIBIRCADENASOFT_BUFFER?MAIN

?PR?_CARD_INSERCION?LINTECH                      -----    -----      -----    -----      0023H    000AH
  +--> ?CO?LINTECH
  +--> ?PR?_DEBUG_TXT_TIBBO?TIBBO
  +--> ?PR?_DEBUGBUFFERMF?TIBBO
  +--> ?PR?_ESCRIBIRCADENASOFT_BUFFER?MAIN

?PR?AUT_CARD_CHECK_STATUS?LINTECH                -----    -----      -----    -----      0023H    000BH
  +--> ?CO?LINTECH
  +--> ?PR?_DEBUG_TXT_TIBBO?TIBBO
  +--> ?PR?_DEBUGBUFFERMF?TIBBO
  +--> ?PR?_ESCRIBIRCADENASOFT_BUFFER?MAIN

?PR?LOADVERIFY_EEPROM?LINTECH                    -----    -----      -----    -----      0023H    0010H
  +--> ?CO?LINTECH
  +--> ?PR?_DEBUG_TXT_TIBBO?TIBBO
BL51 BANKED LINKER/LOCATER V6.22.2.0                                                  05/21/2020  14:05:12  PAGE 15


  +--> ?PR?_DEBUGBUFFERMF?TIBBO
  +--> ?PR?_ESCRIBIRCADENASOFT_BUFFER?MAIN

?PR?_RD_MF?LINTECH                               -----    -----      -----    -----      0023H    0012H
  +--> ?CO?LINTECH
  +--> ?PR?_DEBUG_TXT_TIBBO?TIBBO
  +--> ?PR?_DEBUG_CHR_TIBBO?TIBBO
  +--> ?PR?_DEBUGBUFFERMF?TIBBO
  +--> ?PR?_ESCRIBIRCADENASOFT_BUFFER?MAIN

?PR?_WR_MF?LINTECH                               -----    -----      -----    -----      0023H    0025H
  +--> ?CO?LINTECH
  +--> ?PR?_DEBUG_TXT_TIBBO?TIBBO
  +--> ?PR?_DEBUG_CHR_TIBBO?TIBBO
  +--> ?PR?_DEBUGBUFFERMF?TIBBO
  +--> ?PR?_ESCRIBIRCADENASOFT_BUFFER?MAIN

?PR?_RECIBE_PORT?PTO_PARALELO                    -----    -----      -----    -----      0022H    0008H
  +--> ?PR?OFF_TIMER0_INTERRUP?MAIN
  +--> ?PR?ON_TIMER0_INTERRUP?MAIN

?PR?_DEBUG_PTO_PARALELO?TIBBO                    -----    -----      -----    -----      0022H    0004H
  +--> ?PR?DEBUG_DIVIDIR_TEXTO?TIBBO
  +--> ?CO?TIBBO
  +--> ?PR?_DEBUG_TXT_TIBBO?TIBBO
  +--> ?PR?_DEBUGBUFFERMF?TIBBO

?PR?_VALIDA_TRAMA_PTO?ACCESCAN                   -----    -----      -----    -----      0022H    000FH
  +--> ?PR?_VALIDAR_CLK?CLOCK
  +--> ?PR?_BLOCK_WRITE_CLOCK_ASCII?CLOCK
  +--> ?PR?RELOJ_PANTALLA_LCD?PANTALLAS
  +--> ?PR?_PANTALLALCD?PANTALLAS
  +--> ?CO?ACCESCAN
  +--> ?PR?_DEBUG_TXT_TIBBO?TIBBO
  +--> ?PR?_BYTEHEX_DECIMAL?CLOCK
  +--> ?PR?_TWO_BYTEHEX_DECIMAL?CLOCK
  +--> ?PR?_PANTALLALCD_LINEA_2?PANTALLAS
  +--> ?PR?VALIDASENSORESPASO?IO_SENSORES
  +--> ?PR?_CMD_LPR_SALIDA_WIEGAND?ACCESCAN
  +--> ?PR?_GRABA_SERIE?EEPROM

?PR?_BLOCK_WRITE_CLOCK_ASCII?CLOCK               -----    -----      -----    -----      0031H    0003H
  +--> ?PR?_TWO_ONE?CLOCK
  +--> ?PR?_WR_CLK?CLOCK

?PR?_WR_CLK?CLOCK                                -----    -----      -----    -----      0034H    0002H
  +--> ?PR?_DELAY_20US?DELAY
  +--> ?PR?_EB_CLK?CLOCK

?PR?RELOJ_PANTALLA_LCD?PANTALLAS                 -----    -----      -----    -----      0031H    000DH
  +--> ?CO?PANTALLAS
  +--> ?PR?_BLOCK_READ_CLOCK?CLOCK
  +--> ?PR?_LCD_TXT_NUM_CHAR?PANTALLAS
  +--> ?PR?_RASPBERRY_DATA?PANTALLAS

?PR?_BLOCK_READ_CLOCK?CLOCK                      -----    -----      -----    -----      003EH    0003H
  +--> ?PR?_LEE_CLK?CLOCK
BL51 BANKED LINKER/LOCATER V6.22.2.0                                                  05/21/2020  14:05:12  PAGE 16



?PR?_LCD_TXT_NUM_CHAR?PANTALLAS                  -----    -----      -----    -----      003EH    0006H
  +--> ?PR?_TX_CHRLCD?PANTALLAS

?PR?_BYTEHEX_DECIMAL?CLOCK                       -----    -----      -----    -----      0031H    0001H

?PR?_TWO_BYTEHEX_DECIMAL?CLOCK                   -----    -----      -----    -----      0031H    000CH
  +--> ?PR?_POW?POW

?PR?_POW?POW                                     -----    -----      -----    -----      003DH    000AH
  +--> ?PR?LOG?LOG
  +--> ?PR?EXP?EXP

?PR?LOG?LOG                                      0020H.0  0000H.1    -----    -----      0047H    0004H

?PR?_PANTALLALCD_LINEA_2?PANTALLAS               -----    -----      -----    -----      0031H    000BH
  +--> ?CO?PANTALLAS
  +--> ?PR?_LCD_TXT?PANTALLAS
  +--> ?PR?_STRLEN?STRLEN
  +--> ?PR?_TX_CHRLCD?PANTALLAS

?PR?_CMD_LPR_SALIDA_WIEGAND?ACCESCAN             -----    -----      -----    -----      0031H    0022H
  +--> ?PR?DIR_BOARD?IO_SENSORES
  +--> ?PR?_BLOCK_READ_CLOCK_ASCII?CLOCK
  +--> ?PR?_MONITOR_CHR?ACCESCAN

?PR?_BLOCK_READ_CLOCK_ASCII?CLOCK                -----    -----      -----    -----      0053H    0003H
  +--> ?PR?_LEE_CLK?CLOCK

?PR?_MONITOR_CHR?ACCESCAN                        -----    -----      -----    -----      0053H    0005H
  +--> ?PR?_TX_AUX?TIBBO

?PR?MSJ_LCD_INFORMATIVO?IO_SENSORES              -----    -----      -----    -----      0022H    0001H
  +--> ?PR?SEL_FUNCION?IO_SENSORES
  +--> ?PR?LOAD_AND_SEND_INFO_RELOJ?PTO_PARA...
  +--> ?PR?LOAD_AND_SEND_ID_COD?PTO_PARALELO
  +--> ?PR?_RD_EEPROM?EEPROM
  +--> ?PR?_SEND_PORTERR?PTO_PARALELO

?PR?LOAD_AND_SEND_INFO_RELOJ?PTO_PARA...         -----    -----      -----    -----      0023H    000BH
  +--> ?PR?_BLOCK_READ_CLOCK?CLOCK
  +--> ?PR?_LEE_CLK?CLOCK
  +--> ?PR?_SEND_PORT?PTO_PARALELO

?PR?LOAD_AND_SEND_ID_COD?PTO_PARALELO            -----    -----      -----    -----      0023H    0011H
  +--> ?CO?PTO_PARALELO
  +--> ?PR?PRINTF?PRINTF
  +--> ?PR?_SEND_PORT?PTO_PARALELO



SYMBOL TABLE OF MODULE:  .\Objects\expedidor_v_01_raspberry (MAIN)

  VALUE           TYPE          NAME
  ----------------------------------

  -------         MODULE        MAIN
BL51 BANKED LINKER/LOCATER V6.22.2.0                                                  05/21/2020  14:05:12  PAGE 17


  C:0000H         SYMBOL        _ICE_DUMMY_
  D:0080H         PUBLIC        P0
  D:0090H         PUBLIC        P1
  C:79E8H         PUBLIC        timer0_int
  D:00B0H         PUBLIC        P3
  B:00A8H.7       PUBLIC        EA
  X:00EAH         PUBLIC        Tarjeta_on
  C:7D4DH         PUBLIC        off_Timer0_Interrup
  X:00EBH         PUBLIC        ValTimeOutCom
  X:00ECH         PUBLIC        Buffer_Rta_Lintech
  X:011EH         PUBLIC        Timer_wait
  X:011FH         PUBLIC        g_cContByteRx
  B:0080H.0       PUBLIC        rx_ip
  B:0080H.3       PUBLIC        Atascado
  C:5C40H         PUBLIC        main
  X:0120H         PUBLIC        Timer_tivo
  C:6E4DH         PUBLIC        variable_inicio
  B:0090H.7       PUBLIC        lock
  I:0022H         PUBLIC        rbuf
  C:7D3EH         PUBLIC        on_Timer0_Interrup
  I:0054H         PUBLIC        tbuf
  B:0090H.1       PUBLIC        DataIn
  D:0089H         PUBLIC        TMOD
  X:0122H         PUBLIC        USE_LPR
  X:0123H         PUBLIC        Debug_Tibbo
  X:0124H         PUBLIC        Raspberry
  X:0125H         PUBLIC        SIN_COBRO
  C:7B19H         SYMBOL        _?ix1000
  X:0127H         PUBLIC        Tipo_Vehiculo
  C:7B29H         SYMBOL        _?ix1001
  B:00B0H.3       PUBLIC        busy
  C:7CB2H         PUBLIC        ini_timer
  B:00A8H.1       PUBLIC        ET0
  B:0088H.5       PUBLIC        TF0
  X:0128H         PUBLIC        COMPARACION_ACTIVA
  D:008CH         PUBLIC        TH0
  X:0129H         PUBLIC        ACK
  X:012AH         PUBLIC        g_cEstadoComSoft
  D:008AH         PUBLIC        TL0
  B:0088H.4       PUBLIC        TR0
  C:7CC2H         PUBLIC        inicia_board
  X:012BH         PUBLIC        T_GRACIA
  X:012DH         PUBLIC        COD_PARK
  B:0080H.7       PUBLIC        sel_com
  X:012FH         PUBLIC        STX_LINTECH
  C:7CE1H         PUBLIC        _getkey
  X:0130H         PUBLIC        g_cEstadoComSeqMF
  X:0131H         PUBLIC        ETX
  X:0132H         PUBLIC        ID_CLIENTE
  C:7446H         PUBLIC        _EscribirCadenaSoft_buffer
  B:0021H.5       PUBLIC        buffer_ready
  C:76EAH         PUBLIC        _putchar
  -------         PROC          TIMER0_INT
  C:79E8H         LINE#         12
  C:79EEH         LINE#         15
  C:79F4H         LINE#         16
  C:79FAH         LINE#         17
BL51 BANKED LINKER/LOCATER V6.22.2.0                                                  05/21/2020  14:05:12  PAGE 18


  C:7A08H         LINE#         18
  C:7A0AH         LINE#         20
  -------         ENDPROC       TIMER0_INT
  -------         PROC          INI_TIMER
  C:7CB2H         LINE#         23
  C:7CB2H         LINE#         24
  C:7CB2H         LINE#         26
  C:7CBAH         LINE#         28
  C:7CBDH         LINE#         29
  C:7CBFH         LINE#         30
  C:7CC1H         LINE#         32
  -------         ENDPROC       INI_TIMER
  -------         PROC          ON_TIMER0_INTERRUP
  C:7D3EH         LINE#         35
  C:7D3EH         LINE#         36
  C:7D3EH         LINE#         37
  C:7D40H         LINE#         38
  C:7D42H         LINE#         40
  -------         ENDPROC       ON_TIMER0_INTERRUP
  -------         PROC          OFF_TIMER0_INTERRUP
  C:7D4DH         LINE#         43
  C:7D4DH         LINE#         44
  C:7D4DH         LINE#         45
  C:7D4FH         LINE#         47
  -------         ENDPROC       OFF_TIMER0_INTERRUP
  -------         PROC          _GETKEY
  -------         DO            
  D:0006H         SYMBOL        k
  -------         ENDDO         
  C:7CE1H         LINE#         55
  C:7CE1H         LINE#         56
  C:7CE1H         LINE#         60
  C:7CE1H         LINE#         61
  C:7CE4H         LINE#         62
  C:7CE4H         LINE#         63
  C:7CECH         LINE#         65
  C:7CECH         LINE#         66
  -------         ENDPROC       _GETKEY
  -------         PROC          _PUTCHAR
  X:00BEH         SYMBOL        c
  -------         DO            
  X:00BFH         SYMBOL        i
  -------         ENDDO         
  C:76EAH         LINE#         70
  C:76EFH         LINE#         71
  C:76EFH         LINE#         74
  C:76FEH         LINE#         75
  C:76FEH         LINE#         76
  C:7714H         LINE#         77
  C:7714H         LINE#         79
  C:7722H         LINE#         80
  C:7722H         LINE#         82
  C:7727H         LINE#         83
  -------         ENDPROC       _PUTCHAR
  -------         PROC          _ESCRIBIRCADENASOFT_BUFFER
  X:0048H         SYMBOL        buffer
  X:004BH         SYMBOL        tamano_cadena
BL51 BANKED LINKER/LOCATER V6.22.2.0                                                  05/21/2020  14:05:12  PAGE 19


  -------         DO            
  X:004CH         SYMBOL        i
  X:004DH         SYMBOL        d
  -------         ENDDO         
  C:7446H         LINE#         87
  C:7454H         LINE#         88
  C:7454H         LINE#         90
  C:7462H         LINE#         91
  C:7462H         LINE#         92
  C:7479H         LINE#         93
  C:7483H         LINE#         94
  C:748BH         LINE#         95
  -------         ENDPROC       _ESCRIBIRCADENASOFT_BUFFER
  -------         PROC          INICIA_BOARD
  C:7CC2H         LINE#         132
  C:7CC2H         LINE#         133
  C:7CC2H         LINE#         134
  C:7CC5H         LINE#         135
  C:7CC8H         LINE#         136
  C:7CCBH         LINE#         137
  C:7CCDH         LINE#         138
  C:7CCFH         LINE#         139
  C:7CD1H         LINE#         141
  -------         ENDPROC       INICIA_BOARD
  -------         PROC          VARIABLE_INICIO
  C:6E4DH         LINE#         146
  C:6E4DH         LINE#         147
  C:6E4DH         LINE#         149
  C:6E5DH         LINE#         150
  C:6E6EH         LINE#         151
  C:6E7FH         LINE#         152
  C:6E90H         LINE#         153
  C:6E96H         LINE#         154
  C:6EA4H         LINE#         155
  C:6EB2H         LINE#         156
  C:6EC0H         LINE#         158
  -------         ENDPROC       VARIABLE_INICIO
  -------         PROC          MAIN
  -------         DO            
  X:00C2H         SYMBOL        buffer
  X:0000H         SYMBOL        S1_B2
  X:0010H         SYMBOL        S1_B0
  X:0020H         SYMBOL        Estado_Comunicacion_Secuencia_MF
  X:0021H         SYMBOL        Length_trama
  -------         ENDDO         
  C:5C40H         LINE#         166
  C:5C40H         LINE#         167
  C:5C40H         LINE#         171
  C:5C53H         LINE#         172
  C:5C66H         LINE#         173
  C:5C6BH         LINE#         177
  C:5C6EH         LINE#         178
  C:5C71H         LINE#         179
  C:5C74H         LINE#         180
  C:5C77H         LINE#         181
  C:5C7AH         LINE#         182
  C:5C7CH         LINE#         184
BL51 BANKED LINKER/LOCATER V6.22.2.0                                                  05/21/2020  14:05:12  PAGE 20


  C:5C7FH         LINE#         185
  C:5C86H         LINE#         186
  C:5C89H         LINE#         187
  C:5C8EH         LINE#         189
  C:5C91H         LINE#         191
  C:5C94H         LINE#         192
  C:5C94H         LINE#         193
  C:5C97H         LINE#         194
  C:5C97H         LINE#         195
  C:5C9AH         LINE#         196
  C:5CA0H         LINE#         197
  C:5CA6H         LINE#         199
  C:5CA6H         LINE#         200
  C:5CA6H         LINE#         208
  C:5CA9H         LINE#         209
  C:5CA9H         LINE#         211
  C:5CB8H         LINE#         212
  C:5CC1H         LINE#         213
  C:5CC1H         LINE#         217
  C:5CCEH         LINE#         222
  C:5CD1H         LINE#         223
  C:5CD1H         LINE#         225
  C:5CE0H         LINE#         227
  C:5CE9H         LINE#         229
  C:5CF7H         LINE#         231
  C:5CF7H         LINE#         232
  C:5CFAH         LINE#         236
  -------         ENDPROC       MAIN
  -------         ENDMOD        MAIN

  -------         MODULE        ACCESCAN
  C:0000H         SYMBOL        _ICE_DUMMY_
  D:0080H         PUBLIC        P0
  D:0090H         PUBLIC        P1
  B:0080H.2       PUBLIC        led_err_imp
  C:75E9H         PUBLIC        _Monitor_chr
  C:3054H         PUBLIC        _Cmd_LPR_Salida
  B:0080H.3       PUBLIC        Atascado
  B:0080H.0       PUBLIC        rx_ip
  B:0090H.7       PUBLIC        lock
  C:78C3H         PUBLIC        Cmd_Lpr_Int
  C:2DB6H         PUBLIC        _Valida_Trama_Pto
  C:6429H         PUBLIC        _recibe_cmd_Monitor
  C:56DDH         PUBLIC        _Cmd_LPR_Salida_wiegand
  -------         PROC          _VALIDA_TRAMA_PTO
  X:0022H         SYMBOL        buffer
  X:0025H         SYMBOL        length_trama
  -------         DO            
  X:0026H         SYMBOL        buff
  -------         ENDDO         
  C:2DB6H         LINE#         65
  C:2DC4H         LINE#         66
  C:2DC4H         LINE#         69
  C:2DFAH         LINE#         70
  C:2DFAH         LINE#         71
  C:2E0FH         LINE#         72
  C:2E0FH         LINE#         73
BL51 BANKED LINKER/LOCATER V6.22.2.0                                                  05/21/2020  14:05:12  PAGE 21


  C:2E22H         LINE#         75
  C:2E25H         LINE#         77
  C:2E25H         LINE#         78
  C:2E25H         LINE#         80
  C:2E37H         LINE#         81
  C:2E37H         LINE#         82
  C:2E47H         LINE#         83
  C:2E47H         LINE#         84
  C:2E4CH         LINE#         85
  C:2E4EH         LINE#         86
  C:2E53H         LINE#         87
  C:2E55H         LINE#         88
  C:2E57H         LINE#         89
  C:2E57H         LINE#         90
  C:2E58H         LINE#         92
  C:2E6AH         LINE#         93
  C:2E6AH         LINE#         95
  C:2E77H         LINE#         96
  C:2E77H         LINE#         97
  C:2E79H         LINE#         98
  C:2E7BH         LINE#         99
  C:2E7DH         LINE#         100
  C:2E7FH         LINE#         101
  C:2E7FH         LINE#         103
  C:2EA5H         LINE#         104
  C:2EA5H         LINE#         105
  C:2EA9H         LINE#         106
  C:2EAEH         LINE#         107
  C:2EB7H         LINE#         108
  C:2EBCH         LINE#         109
  C:2EBCH         LINE#         112
  C:2EBDH         LINE#         115
  C:2EF4H         LINE#         116
  C:2EF4H         LINE#         117
  C:2EF6H         LINE#         118
  C:2EF8H         LINE#         119
  C:2F12H         LINE#         120
  C:2F12H         LINE#         121
  C:2F17H         LINE#         122
  C:2F17H         LINE#         124
  C:2F5AH         LINE#         125
  C:2F5AH         LINE#         126
  C:2F62H         LINE#         127
  C:2F62H         LINE#         129
  C:2F77H         LINE#         130
  C:2F7DH         LINE#         131
  C:2FA7H         LINE#         133
  C:2FB2H         LINE#         137
  C:2FB8H         LINE#         139
  C:2FC1H         LINE#         140
  C:2FC1H         LINE#         143
  C:2FC1H         LINE#         145
  C:2FDCH         LINE#         146
  C:2FE2H         LINE#         147
  C:300CH         LINE#         148
  C:3017H         LINE#         152
  C:3017H         LINE#         153
BL51 BANKED LINKER/LOCATER V6.22.2.0                                                  05/21/2020  14:05:12  PAGE 22


  C:3017H         LINE#         155
  C:3044H         LINE#         156
  C:3044H         LINE#         157
  C:3053H         LINE#         159
  C:3053H         LINE#         160
  -------         ENDPROC       _VALIDA_TRAMA_PTO
  -------         PROC          _RECIBE_CMD_MONITOR
  X:0022H         SYMBOL        buffer_cmd
  -------         DO            
  X:0025H         SYMBOL        j
  X:0026H         SYMBOL        NumDatos
  D:0005H         SYMBOL        time_out
  X:0027H         SYMBOL        MaxChrRx
  D:0006H         SYMBOL        contador
  -------         ENDDO         
  C:6429H         LINE#         166
  C:6434H         LINE#         167
  C:6434H         LINE#         171
  C:6439H         LINE#         172
  C:643DH         LINE#         174
  C:6445H         LINE#         175
  C:6445H         LINE#         176
  C:6456H         LINE#         177
  C:6456H         LINE#         178
  C:6459H         LINE#         179
  C:645AH         LINE#         180
  C:6460H         LINE#         181
  C:6460H         LINE#         182
  C:6465H         LINE#         183
  C:646EH         LINE#         184
  C:646EH         LINE#         185
  C:6470H         LINE#         186
  C:6478H         LINE#         187
  C:6478H         LINE#         188
  C:647AH         LINE#         189
  C:647FH         LINE#         190
  C:6485H         LINE#         191
  C:6497H         LINE#         192
  C:64A1H         LINE#         193
  C:64A9H         LINE#         195
  C:64B8H         LINE#         198
  C:64B8H         LINE#         199
  C:64BDH         LINE#         200
  -------         ENDPROC       _RECIBE_CMD_MONITOR
  -------         PROC          _MONITOR_CHR
  X:0053H         SYMBOL        str
  X:0056H         SYMBOL        num_char
  -------         DO            
  X:0057H         SYMBOL        j
  -------         ENDDO         
  C:75E9H         LINE#         230
  C:75F7H         LINE#         231
  C:75F7H         LINE#         233
  C:7605H         LINE#         234
  C:7605H         LINE#         235
  C:7617H         LINE#         236
  C:7621H         LINE#         237
BL51 BANKED LINKER/LOCATER V6.22.2.0                                                  05/21/2020  14:05:12  PAGE 23


  C:7629H         LINE#         238
  -------         ENDPROC       _MONITOR_CHR
  -------         PROC          _CMD_LPR_SALIDA_WIEGAND
  X:0031H         SYMBOL        buffer
  -------         DO            
  X:0034H         SYMBOL        Buffer_Lpr
  X:0052H         SYMBOL        j
  -------         ENDDO         
  C:56DDH         LINE#         243
  C:56E8H         LINE#         244
  C:56E8H         LINE#         246
  C:56EEH         LINE#         247
  C:56F3H         LINE#         248
  C:56FBH         LINE#         249
  C:56FFH         LINE#         250
  C:5708H         LINE#         251
  C:5708H         LINE#         252
  C:5719H         LINE#         253
  C:571BH         LINE#         255
  C:571BH         LINE#         256
  C:572CH         LINE#         257
  C:572CH         LINE#         261
  C:5743H         LINE#         262
  C:5743H         LINE#         263
  C:5752H         LINE#         264
  C:575CH         LINE#         266
  C:5764H         LINE#         267
  C:5778H         LINE#         269
  C:5788H         LINE#         270
  C:5799H         LINE#         271
  C:57A6H         LINE#         275
  -------         ENDPROC       _CMD_LPR_SALIDA_WIEGAND
  -------         PROC          _CMD_LPR_SALIDA
  X:01D3H         SYMBOL        buffer_S1_B0
  X:01D6H         SYMBOL        buffer_S1_B2
  -------         DO            
  X:01D9H         SYMBOL        Buffer_Lpr
  D:0004H         SYMBOL        temp
  X:01F7H         SYMBOL        j
  -------         ENDDO         
  C:3054H         LINE#         280
  C:305FH         LINE#         281
  C:305FH         LINE#         286
  C:3065H         LINE#         287
  C:306AH         LINE#         288
  C:3072H         LINE#         289
  C:3076H         LINE#         291
  C:308CH         LINE#         292
  C:308CH         LINE#         293
  C:309DH         LINE#         294
  C:309FH         LINE#         296
  C:309FH         LINE#         297
  C:30B0H         LINE#         298
  C:30B0H         LINE#         302
  C:30B0H         LINE#         303
  C:30D2H         LINE#         304
  C:30DCH         LINE#         305
BL51 BANKED LINKER/LOCATER V6.22.2.0                                                  05/21/2020  14:05:12  PAGE 24


  C:30ECH         LINE#         311
  C:3100H         LINE#         313
  C:3116H         LINE#         314
  C:313BH         LINE#         315
  C:3154H         LINE#         317
  C:316DH         LINE#         318
  C:3192H         LINE#         319
  C:31ABH         LINE#         321
  C:31C4H         LINE#         322
  C:31E9H         LINE#         323
  C:3202H         LINE#         325
  C:321BH         LINE#         326
  C:3240H         LINE#         327
  C:3259H         LINE#         329
  C:3272H         LINE#         330
  C:3297H         LINE#         331
  C:32B0H         LINE#         335
  C:32C4H         LINE#         338
  C:32D8H         LINE#         340
  -------         ENDPROC       _CMD_LPR_SALIDA
  -------         PROC          CMD_LPR_INT
  -------         DO            
  X:01F8H         SYMBOL        Buffer_Lpr
  X:0216H         SYMBOL        j
  D:0001H         SYMBOL        ticket
  -------         ENDDO         
  C:78C3H         LINE#         342
  C:78C3H         LINE#         343
  C:78C3H         LINE#         345
  C:78C9H         LINE#         347
  C:78CEH         LINE#         348
  C:78D6H         LINE#         349
  C:78DAH         LINE#         350
  C:78E3H         LINE#         351
  C:78E3H         LINE#         352
  C:78E5H         LINE#         353
  C:78E5H         LINE#         354
  C:78E7H         LINE#         356
  C:78E7H         LINE#         357
  C:78EAH         LINE#         358
  C:78EDH         LINE#         359
  C:78EDH         LINE#         361
  C:78F0H         LINE#         362
  -------         ENDPROC       CMD_LPR_INT
  -------         ENDMOD        ACCESCAN

  -------         MODULE        CLOCK
  C:0000H         SYMBOL        _ICE_DUMMY_
  C:765EH         PUBLIC        _two_one
  D:0090H         PUBLIC        P1
  C:485EH         PUBLIC        _validar_clk
  C:7A11H         PUBLIC        _wr_clk
  C:3F74H         PUBLIC        _check_fechaOut
  B:00D0H.7       PUBLIC        CY
  C:0003H         PUBLIC        p_ck
  X:0262H         PUBLIC        data_clk
  C:7D00H         PUBLIC        cond_ini_clock
BL51 BANKED LINKER/LOCATER V6.22.2.0                                                  05/21/2020  14:05:12  PAGE 25


  C:587DH         PUBLIC        _Block_read_Clock
  B:0090H.4       PUBLIC        sck
  C:6071H         PUBLIC        _Block_read_Clock_Hex
  C:3539H         PUBLIC        _Block_read_clock_ascii
  C:7AF8H         PUBLIC        _hex_bcd
  C:7BB7H         PUBLIC        _bcd_hex
  C:727EH         PUBLIC        _ByteHex_Decimal
  C:65EAH         PUBLIC        _lee_clk
  C:146EH         PUBLIC        _analiza_tiempo
  B:0090H.5       PUBLIC        io
  C:6790H         PUBLIC        _Block_write_clock_ascii
  B:0090H.6       PUBLIC        rst
  C:76ABH         PUBLIC        _eb_clk
  C:2567H         PUBLIC        _Two_ByteHex_Decimal
  -------         PROC          P_CK
  C:0003H         LINE#         37
  C:0003H         LINE#         38
  C:0003H         LINE#         39
  C:0005H         LINE#         40
  C:0008H         LINE#         41
  C:000AH         LINE#         42
  -------         ENDPROC       P_CK
  -------         PROC          _EB_CLK
  X:0059H         SYMBOL        dir_clk
  -------         DO            
  X:005AH         SYMBOL        nbits
  -------         ENDDO         
  C:76ABH         LINE#         44
  C:76B0H         LINE#         46
  C:76B5H         LINE#         47
  C:76B5H         LINE#         48
  C:76BEH         LINE#         49
  C:76C1H         LINE#         50
  C:76C1H         LINE#         51
  C:76C3H         LINE#         52
  C:76C5H         LINE#         54
  C:76C5H         LINE#         55
  C:76C7H         LINE#         56
  C:76C7H         LINE#         57
  C:76CAH         LINE#         58
  C:76E9H         LINE#         59
  -------         ENDPROC       _EB_CLK
  C:65E0H         SYMBOL        L?0173
  -------         PROC          L?0172
  -------         ENDPROC       L?0172
  C:65E0H         SYMBOL        L?0173
  -------         PROC          _LEE_CLK
  X:0056H         SYMBOL        dir_clk
  -------         DO            
  X:0057H         SYMBOL        nbits
  -------         ENDDO         
  C:65EAH         LINE#         61
  C:65EFH         LINE#         63
  C:65F1H         LINE#         64
  C:65F8H         LINE#         65
  C:6600H         LINE#         66
  C:6619H         LINE#         67
BL51 BANKED LINKER/LOCATER V6.22.2.0                                                  05/21/2020  14:05:12  PAGE 26


  C:6619H         LINE#         68
  C:661CH         LINE#         69
  C:661CH         LINE#         70
  C:6623H         LINE#         71
  C:662DH         LINE#         72
  C:6632H         LINE#         73
  C:6632H         LINE#         74
  C:6632H         LINE#         75
  C:6635H         LINE#         76
  C:6635H         LINE#         77
  C:663CH         LINE#         78
  C:664DH         LINE#         79
  C:664DH         LINE#         80
  C:6655H         LINE#         81
  C:6655H         LINE#         82
  C:6655H         LINE#         83
  C:6658H         LINE#         84
  C:6668H         LINE#         85
  C:666AH         LINE#         86
  C:666FH         LINE#         87
  -------         ENDPROC       _LEE_CLK
  -------         PROC          _WR_CLK
  X:0034H         SYMBOL        dir_clk
  X:0035H         SYMBOL        byte
  C:7A11H         LINE#         89
  C:7A19H         LINE#         90
  C:7A1BH         LINE#         91
  C:7A22H         LINE#         92
  C:7A2AH         LINE#         93
  C:7A33H         LINE#         94
  C:7A36H         LINE#         95
  C:7A38H         LINE#         97
  -------         ENDPROC       _WR_CLK
  C:762AH         SYMBOL        L?0170
  C:7648H         SYMBOL        L?0171
  -------         PROC          L?0169
  -------         ENDPROC       L?0169
  C:762AH         SYMBOL        L?0170
  C:7648H         SYMBOL        L?0171
  -------         PROC          _TWO_ONE
  D:0007H         SYMBOL        byte_h
  D:0005H         SYMBOL        byte_l
  -------         DO            
  D:0007H         SYMBOL        byte_out
  -------         ENDDO         
  C:765EH         LINE#         99
  C:765EH         LINE#         100
  C:765EH         LINE#         102
  C:7661H         LINE#         103
  C:7665H         LINE#         104
  C:7668H         LINE#         105
  C:766AH         LINE#         106
  C:766AH         LINE#         107
  -------         ENDPROC       _TWO_ONE
  -------         PROC          _VALIDAR_CLK
  D:0001H         SYMBOL        datos_clock
  -------         DO            
BL51 BANKED LINKER/LOCATER V6.22.2.0                                                  05/21/2020  14:05:12  PAGE 27


  D:0007H         SYMBOL        validador
  -------         ENDDO         
  C:485EH         LINE#         111
  C:485EH         LINE#         112
  C:485EH         LINE#         113
  C:4860H         LINE#         116
  C:4875H         LINE#         117
  C:4875H         LINE#         119
  C:488DH         LINE#         120
  C:488DH         LINE#         122
  C:48A5H         LINE#         123
  C:48A5H         LINE#         124
  C:48BDH         LINE#         125
  C:48BDH         LINE#         126
  C:48D5H         LINE#         127
  C:48D5H         LINE#         128
  C:48EAH         LINE#         129
  C:48EAH         LINE#         130
  C:48FCH         LINE#         131
  C:48FCH         LINE#         132
  C:490EH         LINE#         133
  C:490EH         LINE#         134
  C:4920H         LINE#         135
  C:4920H         LINE#         136
  C:4932H         LINE#         137
  C:4932H         LINE#         138
  C:4944H         LINE#         139
  C:4944H         LINE#         140
  C:4954H         LINE#         141
  C:4954H         LINE#         142
  C:4954H         LINE#         143
  C:4954H         LINE#         144
  C:4955H         LINE#         146
  C:4955H         LINE#         147
  C:4957H         LINE#         148
  C:4957H         LINE#         149
  C:4958H         LINE#         151
  C:4958H         LINE#         152
  C:495AH         LINE#         154
  C:495AH         LINE#         155
  C:495BH         LINE#         157
  C:495BH         LINE#         158
  C:495DH         LINE#         160
  C:495DH         LINE#         162
  C:495EH         LINE#         164
  C:495EH         LINE#         165
  C:4960H         LINE#         167
  C:4960H         LINE#         168
  C:4961H         LINE#         170
  C:4961H         LINE#         171
  C:4963H         LINE#         173
  C:4963H         LINE#         174
  C:4964H         LINE#         176
  C:4964H         LINE#         177
  C:4966H         LINE#         179
  C:4966H         LINE#         180
  C:4967H         LINE#         182
BL51 BANKED LINKER/LOCATER V6.22.2.0                                                  05/21/2020  14:05:12  PAGE 28


  C:4967H         LINE#         183
  C:4969H         LINE#         185
  C:4969H         LINE#         186
  C:4969H         LINE#         188
  C:496AH         LINE#         190
  C:496AH         LINE#         191
  C:496CH         LINE#         193
  C:496CH         LINE#         195
  C:496DH         LINE#         198
  C:496DH         LINE#         199
  C:496FH         LINE#         201
  C:496FH         LINE#         203
  C:4970H         LINE#         206
  C:4970H         LINE#         207
  C:4972H         LINE#         209
  C:4972H         LINE#         211
  C:4972H         LINE#         213
  -------         ENDPROC       _VALIDAR_CLK
  -------         PROC          _BLOCK_WRITE_CLOCK_ASCII
  X:0031H         SYMBOL        datos_clock
  C:6790H         LINE#         219
  C:679BH         LINE#         221
  C:679BH         LINE#         225
  C:67A5H         LINE#         226
  C:67A5H         LINE#         227
  C:67A5H         LINE#         228
  C:67A5H         LINE#         230
  C:67AFH         LINE#         231
  C:67B9H         LINE#         232
  C:67C3H         LINE#         233
  C:67C3H         LINE#         234
  C:67C3H         LINE#         235
  C:67C3H         LINE#         237
  C:67CDH         LINE#         238
  C:67CDH         LINE#         239
  C:67CDH         LINE#         240
  C:67CDH         LINE#         242
  C:67D7H         LINE#         243
  C:67D7H         LINE#         244
  C:67D7H         LINE#         245
  C:67D7H         LINE#         247
  C:67E1H         LINE#         248
  C:67E1H         LINE#         249
  C:67E1H         LINE#         250
  C:67E1H         LINE#         252
  C:67EBH         LINE#         253
  C:67F5H         LINE#         254
  C:67FFH         LINE#         255
  C:6809H         LINE#         257
  -------         ENDPROC       _BLOCK_WRITE_CLOCK_ASCII
  -------         PROC          _BCD_HEX
  D:0007H         SYMBOL        l_data
  -------         DO            
  D:0006H         SYMBOL        temp
  D:0005H         SYMBOL        j
  -------         ENDDO         
  C:7BB7H         LINE#         263
BL51 BANKED LINKER/LOCATER V6.22.2.0                                                  05/21/2020  14:05:12  PAGE 29


  C:7BB7H         LINE#         264
  C:7BB7H         LINE#         266
  C:7BB9H         LINE#         267
  C:7BBDH         LINE#         268
  C:7BC0H         LINE#         269
  C:7BC2H         LINE#         270
  C:7BC2H         LINE#         271
  C:7BC6H         LINE#         272
  C:7BCDH         LINE#         273
  C:7BCDH         LINE#         274
  C:7BD1H         LINE#         275
  C:7BD4H         LINE#         276
  C:7BD4H         LINE#         277
  C:7BD4H         LINE#         278
  -------         ENDPROC       _BCD_HEX
  -------         PROC          _HEX_BCD
  D:0007H         SYMBOL        byte
  -------         DO            
  D:0006H         SYMBOL        nibble_h
  D:0005H         SYMBOL        nibble_l
  D:0004H         SYMBOL        k
  D:0007H         SYMBOL        byte_out
  -------         ENDDO         
  C:7AF8H         LINE#         282
  C:7AF8H         LINE#         283
  C:7AF8H         LINE#         288
  C:7AFAH         LINE#         289
  C:7AFBH         LINE#         291
  C:7B01H         LINE#         292
  C:7B01H         LINE#         293
  C:7B02H         LINE#         294
  C:7B07H         LINE#         295
  C:7B07H         LINE#         296
  C:7B08H         LINE#         297
  C:7B09H         LINE#         298
  C:7B09H         LINE#         299
  C:7B0CH         LINE#         300
  C:7B10H         LINE#         301
  C:7B13H         LINE#         302
  C:7B16H         LINE#         303
  C:7B18H         LINE#         304
  C:7B18H         LINE#         306
  -------         ENDPROC       _HEX_BCD
  -------         PROC          _BYTEHEX_DECIMAL
  D:0001H         SYMBOL        buffer
  D:0005H         SYMBOL        valorhex
  -------         DO            
  X:0031H         SYMBOL        numero
  D:0007H         SYMBOL        centena
  D:0006H         SYMBOL        decena
  -------         ENDDO         
  C:727EH         LINE#         312
  C:727EH         LINE#         313
  C:727EH         LINE#         316
  C:7280H         LINE#         317
  C:7281H         LINE#         318
  C:7286H         LINE#         320
BL51 BANKED LINKER/LOCATER V6.22.2.0                                                  05/21/2020  14:05:12  PAGE 30


  C:7293H         LINE#         321
  C:7293H         LINE#         322
  C:7297H         LINE#         323
  C:7298H         LINE#         324
  C:729AH         LINE#         325
  C:72A0H         LINE#         326
  C:72A7H         LINE#         327
  C:72B4H         LINE#         328
  C:72B4H         LINE#         329
  C:72B8H         LINE#         330
  C:72B9H         LINE#         331
  C:72BBH         LINE#         332
  C:72C1H         LINE#         333
  C:72C8H         LINE#         334
  -------         ENDPROC       _BYTEHEX_DECIMAL
  -------         PROC          _TWO_BYTEHEX_DECIMAL
  X:0031H         SYMBOL        buffer
  X:0034H         SYMBOL        id_h
  X:0035H         SYMBOL        id_l
  -------         DO            
  X:0036H         SYMBOL        valor
  D:0006H         SYMBOL        numero
  X:0038H         SYMBOL        temp
  X:0039H         SYMBOL        dmil
  X:003AH         SYMBOL        mil
  X:003BH         SYMBOL        centena
  X:003CH         SYMBOL        decena
  -------         ENDDO         
  C:2567H         LINE#         342
  C:2575H         LINE#         343
  C:2575H         LINE#         347
  C:257CH         LINE#         348
  C:2580H         LINE#         349
  C:2582H         LINE#         350
  C:2584H         LINE#         351
  C:2586H         LINE#         354
  C:258BH         LINE#         355
  C:258EH         LINE#         356
  C:2594H         LINE#         358
  C:25EFH         LINE#         359
  C:25F7H         LINE#         360
  C:25FAH         LINE#         361
  C:2655H         LINE#         363
  C:265DH         LINE#         364
  C:2660H         LINE#         365
  C:2666H         LINE#         366
  C:26C1H         LINE#         367
  C:26C9H         LINE#         368
  C:26CCH         LINE#         369
  C:2727H         LINE#         370
  C:2727H         LINE#         372
  C:2730H         LINE#         373
  C:2730H         LINE#         374
  C:2738H         LINE#         375
  C:273EH         LINE#         376
  C:2740H         LINE#         377
  C:2756H         LINE#         378
BL51 BANKED LINKER/LOCATER V6.22.2.0                                                  05/21/2020  14:05:12  PAGE 31


  C:2760H         LINE#         379
  C:2769H         LINE#         380
  C:2769H         LINE#         381
  C:2771H         LINE#         382
  C:2777H         LINE#         383
  C:2779H         LINE#         384
  C:278FH         LINE#         385
  C:2799H         LINE#         386
  C:27A2H         LINE#         387
  C:27A2H         LINE#         388
  C:27AAH         LINE#         389
  C:27B0H         LINE#         390
  C:27B2H         LINE#         391
  C:27C8H         LINE#         392
  C:27D2H         LINE#         393
  C:27DBH         LINE#         394
  C:27DBH         LINE#         395
  C:27E3H         LINE#         396
  C:27E9H         LINE#         397
  C:27EBH         LINE#         398
  C:2801H         LINE#         399
  C:280BH         LINE#         400
  C:281EH         LINE#         401
  C:2828H         LINE#         402
  -------         ENDPROC       _TWO_BYTEHEX_DECIMAL
  -------         PROC          _BLOCK_READ_CLOCK_ASCII
  X:0053H         SYMBOL        datos_clock
  -------         DO            
  D:0007H         SYMBOL        dato
  -------         ENDDO         
  C:3539H         LINE#         408
  C:353CH         LINE#         409
  C:353CH         LINE#         415
  C:353FH         LINE#         416
  C:3557H         LINE#         417
  C:3561H         LINE#         418
  C:3576H         LINE#         419
  C:3580H         LINE#         422
  C:3585H         LINE#         423
  C:359DH         LINE#         424
  C:35A7H         LINE#         425
  C:35BCH         LINE#         426
  C:35C6H         LINE#         429
  C:35CBH         LINE#         430
  C:35E3H         LINE#         431
  C:35EDH         LINE#         432
  C:3602H         LINE#         433
  C:360CH         LINE#         437
  C:3611H         LINE#         438
  C:3629H         LINE#         439
  C:3633H         LINE#         440
  C:3648H         LINE#         441
  C:3652H         LINE#         444
  C:3657H         LINE#         445
  C:366FH         LINE#         446
  C:3679H         LINE#         447
  C:368EH         LINE#         448
BL51 BANKED LINKER/LOCATER V6.22.2.0                                                  05/21/2020  14:05:12  PAGE 32


  C:3698H         LINE#         451
  C:369DH         LINE#         452
  C:36B5H         LINE#         453
  C:36BFH         LINE#         454
  C:36D4H         LINE#         455
  C:36DEH         LINE#         458
  C:36E3H         LINE#         459
  C:36F8H         LINE#         460
  C:3702H         LINE#         461
  -------         ENDPROC       _BLOCK_READ_CLOCK_ASCII
  -------         PROC          _BLOCK_READ_CLOCK_HEX
  X:0041H         SYMBOL        datos_clock
  C:6071H         LINE#         464
  C:6074H         LINE#         465
  C:6074H         LINE#         468
  C:6089H         LINE#         469
  C:6093H         LINE#         471
  C:60AAH         LINE#         472
  C:60B4H         LINE#         474
  C:60CBH         LINE#         475
  C:60D5H         LINE#         477
  C:60ECH         LINE#         478
  C:60F6H         LINE#         480
  C:610DH         LINE#         481
  -------         ENDPROC       _BLOCK_READ_CLOCK_HEX
  -------         PROC          _BLOCK_READ_CLOCK
  X:003EH         SYMBOL        datos_clock
  C:587DH         LINE#         508
  C:5880H         LINE#         509
  C:5880H         LINE#         511
  C:5892H         LINE#         512
  C:589CH         LINE#         514
  C:58B0H         LINE#         515
  C:58BAH         LINE#         517
  C:58CEH         LINE#         518
  C:58D8H         LINE#         520
  C:58ECH         LINE#         521
  C:58F6H         LINE#         523
  C:590AH         LINE#         524
  C:5914H         LINE#         526
  C:5928H         LINE#         527
  C:5932H         LINE#         528
  -------         ENDPROC       _BLOCK_READ_CLOCK
  -------         PROC          COND_INI_CLOCK
  C:7D00H         LINE#         531
  C:7D00H         LINE#         532
[...]
  C:715FH         LINE#         837
  C:716AH         LINE#         838
  C:716AH         LINE#         840
  C:7173H         LINE#         841
  C:717CH         LINE#         842
  C:7192H         LINE#         844
  C:71A2H         LINE#         845
  C:71B4H         LINE#         846
  C:71C2H         LINE#         847
  C:71C4H         LINE#         848
  -------         ENDPROC       _RESPONDE_WRITE_TARJETA_SECTOR1_BLOQUE2
  -------         PROC          _RESPONDE_WRITE_TARJETA_SECTOR1_BLOQUE0
  X:0023H         SYMBOL        Buffer_Write_MF
  -------         DO            
  X:0026H         SYMBOL        Trama_Expedidor
  -------         ENDDO         
  C:6A44H         LINE#         849
  C:6A4FH         LINE#         850
  C:6A4FH         LINE#         853
  C:6A58H         LINE#         854
  C:6A61H         LINE#         855
  C:6A76H         LINE#         856
  C:6A84H         LINE#         858
  C:6A97H         LINE#         859
  C:6A9AH         LINE#         860
  C:6AA3H         LINE#         861
  C:6AC6H         LINE#         862
  C:6AC8H         LINE#         863
  -------         ENDPROC       _RESPONDE_WRITE_TARJETA_SECTOR1_BLOQUE0
  -------         PROC          _ARMAR_TRAMA_TARJETA_SECTOR1_BLOQUE2
  X:003BH         SYMBOL        Atributos_Expedidor
  X:003EH         SYMBOL        Buffer_Write_MF
  C:5448H         LINE#         864
  C:5453H         LINE#         865
  C:5453H         LINE#         868
  C:545FH         LINE#         870
  C:5471H         LINE#         871
  C:5478H         LINE#         872
BL51 BANKED LINKER/LOCATER V6.22.2.0                                                  05/21/2020  14:05:12  PAGE 91


  C:547FH         LINE#         873
  C:5494H         LINE#         874
  C:5494H         LINE#         875
  C:54ABH         LINE#         876
  C:54C4H         LINE#         877
  C:54C4H         LINE#         878
  C:54C6H         LINE#         881
  C:54C6H         LINE#         882
  C:54DEH         LINE#         883
  C:54DEH         LINE#         884
  C:54EBH         LINE#         885
  C:54EDH         LINE#         887
  C:54EDH         LINE#         888
  C:54FDH         LINE#         889
  C:54FDH         LINE#         890
  C:54FDH         LINE#         892
  C:550FH         LINE#         893
  C:5516H         LINE#         894
  C:551DH         LINE#         895
  C:5524H         LINE#         896
  -------         ENDPROC       _ARMAR_TRAMA_TARJETA_SECTOR1_BLOQUE2
  -------         PROC          _ARMAR_TRAMA_TARJETA_SECTOR1_BLOQUE0
  X:0029H         SYMBOL        Buffer_Write_MF
  C:7A61H         LINE#         898
  C:7A6CH         LINE#         899
  C:7A6CH         LINE#         901
  -------         ENDPROC       _ARMAR_TRAMA_TARJETA_SECTOR1_BLOQUE0
  -------         PROC          ARMAR_TRAMA_PTO_PARALELO_EXPEDIDOR
  -------         DO            
  X:017BH         SYMBOL        buffer
  -------         ENDDO         
  C:68ABH         LINE#         903
  C:68ABH         LINE#         904
  C:68ABH         LINE#         910
  C:68B1H         LINE#         911
  C:68B5H         LINE#         912
  C:68B8H         LINE#         913
  C:68CFH         LINE#         914
  C:68D5H         LINE#         915
  C:68DEH         LINE#         916
  C:68E8H         LINE#         917
  C:68F2H         LINE#         918
  C:68FCH         LINE#         919
  C:6906H         LINE#         920
  C:6910H         LINE#         921
  C:6914H         LINE#         923
  C:691EH         LINE#         924
  C:691EH         LINE#         926
  C:691EH         LINE#         928
  C:691EH         LINE#         930
  C:691EH         LINE#         931
  C:6924H         LINE#         932
  C:6924H         LINE#         933
  C:692AH         LINE#         934
  C:692DH         LINE#         935
  C:6933H         LINE#         936
  -------         ENDPROC       ARMAR_TRAMA_PTO_PARALELO_EXPEDIDOR
BL51 BANKED LINKER/LOCATER V6.22.2.0                                                  05/21/2020  14:05:12  PAGE 92


  -------         PROC          SECUENCIA_INICIO_EXPEDIDOR
  -------         DO            
  X:0022H         SYMBOL        temp
  -------         ENDDO         
  C:44DFH         LINE#         944
  C:44DFH         LINE#         945
  C:44DFH         LINE#         947
  C:44FFH         LINE#         948
  C:44FFH         LINE#         949
  C:44FFH         LINE#         952
  C:4504H         LINE#         953
  C:450AH         LINE#         956
  C:450CH         LINE#         957
  C:450CH         LINE#         968
  C:450CH         LINE#         970
  C:451AH         LINE#         971
  C:451AH         LINE#         972
  C:4526H         LINE#         973
  C:4526H         LINE#         974
  C:452CH         LINE#         975
  C:452FH         LINE#         976
  C:4537H         LINE#         977
  C:4537H         LINE#         978
  C:453EH         LINE#         979
  C:4552H         LINE#         980
  C:4552H         LINE#         981
  C:4554H         LINE#         983
  C:4554H         LINE#         984
  C:455BH         LINE#         985
  C:4561H         LINE#         986
  C:4561H         LINE#         987
  C:4564H         LINE#         989
  C:4564H         LINE#         990
  C:456DH         LINE#         991
  C:4581H         LINE#         992
  C:4587H         LINE#         993
  C:4587H         LINE#         994
  C:458AH         LINE#         995
  C:458AH         LINE#         1001
  C:458AH         LINE#         1003
  C:458DH         LINE#         1004
  C:4593H         LINE#         1008
  C:4595H         LINE#         1009
  C:4595H         LINE#         1019
  C:4595H         LINE#         1021
  C:45A3H         LINE#         1022
  C:45A3H         LINE#         1023
  C:45AFH         LINE#         1024
  C:45AFH         LINE#         1025
  C:45B5H         LINE#         1026
  C:45B7H         LINE#         1027
  C:45BFH         LINE#         1028
  C:45BFH         LINE#         1029
  C:45C6H         LINE#         1030
  C:45DAH         LINE#         1031
  C:45DAH         LINE#         1032
  C:45DCH         LINE#         1034
BL51 BANKED LINKER/LOCATER V6.22.2.0                                                  05/21/2020  14:05:12  PAGE 93


  C:45DCH         LINE#         1035
  C:45E3H         LINE#         1036
  C:45E9H         LINE#         1037
  C:45E9H         LINE#         1038
  C:45EBH         LINE#         1040
  C:45EBH         LINE#         1041
  C:45F4H         LINE#         1042
  C:4608H         LINE#         1043
  C:460DH         LINE#         1044
  C:460DH         LINE#         1046
  C:460FH         LINE#         1047
  C:460FH         LINE#         1053
  C:460FH         LINE#         1055
  C:4615H         LINE#         1056
  C:4615H         LINE#         1059
  C:4615H         LINE#         1060
  C:461CH         LINE#         1061
  C:461CH         LINE#         1062
  C:461CH         LINE#         1063
  -------         ENDPROC       SECUENCIA_INICIO_EXPEDIDOR
  -------         PROC          _SECUENCIAEXPEDIDORMF
  X:0022H         SYMBOL        EstadoActivo
  -------         DO            
  X:0193H         SYMBOL        Buffer_Write_MF
  X:01A4H         SYMBOL        Atributos_Expedidor
  X:01A8H         SYMBOL        EstadoActual
  X:01A9H         SYMBOL        EstadoPasado
  X:01AAH         SYMBOL        EstadoFuturo
  X:01ABH         SYMBOL        TareadelCmd
  -------         ENDDO         
  C:32E6H         LINE#         1073
  C:32EBH         LINE#         1074
  C:32EBH         LINE#         1084
  C:3321H         LINE#         1085
  C:3321H         LINE#         1088
  C:3321H         LINE#         1090
  C:332CH         LINE#         1091
  C:332CH         LINE#         1092
  C:332EH         LINE#         1093
  C:3333H         LINE#         1095
  C:333BH         LINE#         1097
  C:3345H         LINE#         1100
  C:334AH         LINE#         1102
  C:334DH         LINE#         1103
  C:334DH         LINE#         1105
  C:3350H         LINE#         1107
  C:3350H         LINE#         1108
  C:3364H         LINE#         1110
  C:3367H         LINE#         1133
  C:3367H         LINE#         1135
  C:336DH         LINE#         1136
  C:336DH         LINE#         1137
  C:3370H         LINE#         1139
  C:3372H         LINE#         1140
  C:337AH         LINE#         1141
  C:337AH         LINE#         1143
  C:337DH         LINE#         1144
BL51 BANKED LINKER/LOCATER V6.22.2.0                                                  05/21/2020  14:05:12  PAGE 94


  C:337FH         LINE#         1145
  C:3387H         LINE#         1146
  C:3387H         LINE#         1147
  C:3395H         LINE#         1148
  C:3395H         LINE#         1149
  C:339EH         LINE#         1150
  C:33A0H         LINE#         1152
  C:33A0H         LINE#         1153
  C:33B7H         LINE#         1154
  C:33B7H         LINE#         1155
  C:33B9H         LINE#         1156
  C:33C1H         LINE#         1157
  C:33C1H         LINE#         1158
  C:33CFH         LINE#         1159
  C:33CFH         LINE#         1160
  C:33E5H         LINE#         1161
  C:33E7H         LINE#         1163
  C:33E7H         LINE#         1164
  C:33F5H         LINE#         1165
  C:33F5H         LINE#         1166
  C:33F8H         LINE#         1167
  C:3403H         LINE#         1168
  C:3403H         LINE#         1169
  C:3403H         LINE#         1171
  C:3403H         LINE#         1172
  C:340CH         LINE#         1173
  C:340CH         LINE#         1174
  C:340FH         LINE#         1175
  C:340FH         LINE#         1176
  C:3414H         LINE#         1177
  C:341CH         LINE#         1178
  C:3426H         LINE#         1179
  C:342CH         LINE#         1182
  C:342FH         LINE#         1183
  C:342FH         LINE#         1184
  C:3434H         LINE#         1185
  C:343CH         LINE#         1186
  C:3446H         LINE#         1187
  C:344CH         LINE#         1188
  C:3450H         LINE#         1189
  C:3453H         LINE#         1190
  C:3453H         LINE#         1191
  C:3456H         LINE#         1192
  C:345EH         LINE#         1193
  C:3468H         LINE#         1194
  C:346DH         LINE#         1195
  C:346FH         LINE#         1196
  C:3472H         LINE#         1198
  C:3472H         LINE#         1199
  C:3475H         LINE#         1200
  C:347DH         LINE#         1201
  C:3487H         LINE#         1202
  C:348CH         LINE#         1203
  C:348DH         LINE#         1205
  C:348DH         LINE#         1206
  C:3490H         LINE#         1207
  C:3490H         LINE#         1208
BL51 BANKED LINKER/LOCATER V6.22.2.0                                                  05/21/2020  14:05:12  PAGE 95


  C:349BH         LINE#         1209
  C:349BH         LINE#         1210
  C:349BH         LINE#         1211
  C:349BH         LINE#         1212
  C:349BH         LINE#         1213
  C:349DH         LINE#         1214
  C:349DH         LINE#         1215
  C:34AEH         LINE#         1216
  C:34B6H         LINE#         1217
  C:34C0H         LINE#         1218
  C:34C5H         LINE#         1219
  C:34C9H         LINE#         1220
  C:34CBH         LINE#         1221
  C:34CBH         LINE#         1222
  C:34D0H         LINE#         1223
  C:34D8H         LINE#         1224
  C:34E2H         LINE#         1225
  C:34E7H         LINE#         1226
  C:34E9H         LINE#         1227
  C:34E9H         LINE#         1228
  C:34EEH         LINE#         1229
  C:34F0H         LINE#         1230
  C:34F0H         LINE#         1231
  C:34F5H         LINE#         1232
  C:34FDH         LINE#         1233
  C:3507H         LINE#         1234
  C:350CH         LINE#         1235
  C:350FH         LINE#         1236
  C:3511H         LINE#         1237
  C:3511H         LINE#         1238
  C:3514H         LINE#         1239
  C:351CH         LINE#         1240
  C:3526H         LINE#         1241
  C:352CH         LINE#         1242
  C:352EH         LINE#         1334
  C:352EH         LINE#         1335
  C:3533H         LINE#         1336
  C:3533H         LINE#         1338
  C:3533H         LINE#         1339
  C:3538H         LINE#         1340
  -------         ENDPROC       _SECUENCIAEXPEDIDORMF
  -------         ENDMOD        VERIFICADOR

  -------         MODULE        ?C?FPADD
  C:002DH         PUBLIC        ?C?FPADD
  C:0029H         PUBLIC        ?C?FPSUB
  -------         ENDMOD        ?C?FPADD

  -------         MODULE        ?C?FPMUL
  C:011EH         PUBLIC        ?C?FPMUL
  -------         ENDMOD        ?C?FPMUL

  -------         MODULE        ?C?FCAST
  C:022EH         PUBLIC        ?C?FCASTC
  C:0229H         PUBLIC        ?C?FCASTI
  C:0224H         PUBLIC        ?C?FCASTL
  -------         ENDMOD        ?C?FCAST
BL51 BANKED LINKER/LOCATER V6.22.2.0                                                  05/21/2020  14:05:12  PAGE 96



  -------         MODULE        ?C?CASTF
  C:0262H         PUBLIC        ?C?CASTF
  -------         ENDMOD        ?C?CASTF

  -------         MODULE        PRINTF
  X:008EH         PUBLIC        ?_PRINTF?BYTE
  X:008EH         PUBLIC        ?_SPRINTF?BYTE
  C:1A10H         PUBLIC        _PRINTF
  C:1A0AH         PUBLIC        _SPRINTF
  -------         ENDMOD        PRINTF

  -------         MODULE        POW
  X:003DH         PUBLIC        ?_pow?BYTE
  C:40EDH         PUBLIC        _pow
  -------         ENDMOD        POW

  -------         MODULE        ?C?CHKFLOAT
  C:02E3H         PUBLIC        ?C?CHKFLOAT
  -------         ENDMOD        ?C?CHKFLOAT

  -------         MODULE        ?C?FPCMP
  C:02FFH         PUBLIC        ?C?FPCMP
  C:02FDH         PUBLIC        ?C?FPCMP3
  -------         ENDMOD        ?C?FPCMP

  -------         MODULE        ?C?FPNEG
  C:0376H         PUBLIC        ?C?FPNEG
  -------         ENDMOD        ?C?FPNEG

  -------         MODULE        ?C?FPROUND
  C:0387H         PUBLIC        ?C?FPROUND
  -------         ENDMOD        ?C?FPROUND

  -------         MODULE        ?C?FPCONVERT
  C:03C4H         PUBLIC        ?C?FPCONVERT
  -------         ENDMOD        ?C?FPCONVERT

  -------         MODULE        EXP
  C:632EH         PUBLIC        _EXP
  -------         ENDMOD        EXP

  -------         MODULE        LOG
  C:4651H         PUBLIC        _LOG
  C:464DH         PUBLIC        _LOG10
  -------         ENDMOD        LOG

  -------         MODULE        ?C?FPDIV
  C:04CCH         PUBLIC        ?C?FPDIV
  -------         ENDMOD        ?C?FPDIV

  -------         MODULE        ?C?FTNPWR
  C:0599H         PUBLIC        ?C?FTNPWR
  -------         ENDMOD        ?C?FTNPWR

  -------         MODULE        ?C?COPY
  C:06F6H         PUBLIC        ?C?COPY
BL51 BANKED LINKER/LOCATER V6.22.2.0                                                  05/21/2020  14:05:12  PAGE 97


  -------         ENDMOD        ?C?COPY

  -------         MODULE        ?C?CLDPTR
  C:071CH         PUBLIC        ?C?CLDPTR
  -------         ENDMOD        ?C?CLDPTR

  -------         MODULE        ?C?CLDOPTR
  C:0735H         PUBLIC        ?C?CLDOPTR
  -------         ENDMOD        ?C?CLDOPTR

  -------         MODULE        ?C?CSTPTR
  C:0762H         PUBLIC        ?C?CSTPTR
  -------         ENDMOD        ?C?CSTPTR

  -------         MODULE        ?C?CSTOPTR
  C:0774H         PUBLIC        ?C?CSTOPTR
  -------         ENDMOD        ?C?CSTOPTR

  -------         MODULE        ?C?UIDIV
  C:0796H         PUBLIC        ?C?UIDIV
  -------         ENDMOD        ?C?UIDIV

  -------         MODULE        ?C?IILDX
  C:07EBH         PUBLIC        ?C?IILDX
  -------         ENDMOD        ?C?IILDX

  -------         MODULE        ?C?LNEG
  C:0801H         PUBLIC        ?C?LNEG
  -------         ENDMOD        ?C?LNEG

  -------         MODULE        ?C?ULSHR
  C:080FH         PUBLIC        ?C?ULSHR
  -------         ENDMOD        ?C?ULSHR

  -------         MODULE        ?C?LSHL
  C:0822H         PUBLIC        ?C?LSHL
  -------         ENDMOD        ?C?LSHL

  -------         MODULE        ?C?LLDCODE
  C:0835H         PUBLIC        ?C?LLDCODE
  -------         ENDMOD        ?C?LLDCODE

  -------         MODULE        ?C?LLDXDATA0
  C:0845H         PUBLIC        ?C?LLDXDATA0
  -------         ENDMOD        ?C?LLDXDATA0

  -------         MODULE        ?C?LLDCODE0
  C:0851H         PUBLIC        ?C?LLDCODE0
  -------         ENDMOD        ?C?LLDCODE0

  -------         MODULE        ?C?LSTXDATA
  C:0861H         PUBLIC        ?C?LSTXDATA
  -------         ENDMOD        ?C?LSTXDATA

  -------         MODULE        ?C?LSTKXDATA
  C:086DH         PUBLIC        ?C?LSTKXDATA
  -------         ENDMOD        ?C?LSTKXDATA
BL51 BANKED LINKER/LOCATER V6.22.2.0                                                  05/21/2020  14:05:12  PAGE 98



  -------         MODULE        ?C?PLDIXDATA
  C:089EH         PUBLIC        ?C?PLDIXDATA
  -------         ENDMOD        ?C?PLDIXDATA

  -------         MODULE        ?C?PSTXDATA
  C:08B5H         PUBLIC        ?C?PSTXDATA
  -------         ENDMOD        ?C?PSTXDATA

  -------         MODULE        ?C?CCASE
  C:08BEH         PUBLIC        ?C?CCASE
  -------         ENDMOD        ?C?CCASE

  -------         MODULE        STRCAT
  X:007EH         PUBLIC        ?_strcat?BYTE
  C:70F4H         PUBLIC        _strcat
  -------         ENDMOD        STRCAT

  -------         MODULE        ?C?STRCMP
  C:0A62H         PUBLIC        ?C?STRCMP
  -------         ENDMOD        ?C?STRCMP

  -------         MODULE        ?C?STRCPY
  C:0B4BH         PUBLIC        ?C?STRCPY
  -------         ENDMOD        ?C?STRCPY

  -------         MODULE        STRLEN
  C:000EH         PUBLIC        _STRLEN
  -------         ENDMOD        STRLEN

  -------         MODULE        STRTOK
  X:0089H         PUBLIC        ?_strtok?BYTE
  C:5364H         PUBLIC        _strtok
  -------         ENDMOD        STRTOK

  -------         MODULE        ATOL
  C:4A83H         PUBLIC        _atol
  -------         ENDMOD        ATOL

  -------         MODULE        ATOI
  C:552BH         PUBLIC        _atoi
  -------         ENDMOD        ATOI

  -------         MODULE        ?C?IMUL
  C:0B68H         PUBLIC        ?C?IMUL
  -------         ENDMOD        ?C?IMUL

  -------         MODULE        ?C?ILDIX
  C:0B7AH         PUBLIC        ?C?ILDIX
  -------         ENDMOD        ?C?ILDIX

  -------         MODULE        ?C?LMUL
  C:0B90H         PUBLIC        ?C?LMUL
  -------         ENDMOD        ?C?LMUL

  -------         MODULE        ISDIGIT
  C:7CD2H         PUBLIC        _isdigit
BL51 BANKED LINKER/LOCATER V6.22.2.0                                                  05/21/2020  14:05:12  PAGE 99


  -------         ENDMOD        ISDIGIT

  -------         MODULE        ISSPACE
  C:7C32H         PUBLIC        _isspace
  -------         ENDMOD        ISSPACE

  -------         MODULE        STRSPN
  X:008FH         PUBLIC        ?_strspn?BYTE
  C:6AC9H         PUBLIC        _strspn
  -------         ENDMOD        STRSPN

  -------         MODULE        STRPBRK
  X:008FH         PUBLIC        ?_strpbrk?BYTE
  C:6BD0H         PUBLIC        _strpbrk
  -------         ENDMOD        STRPBRK

*** WARNING L16: UNCALLED SEGMENT, IGNORED FOR OVERLAY PROCESS
    SEGMENT: ?PR?_CMD_LPR_SALIDA?ACCESCAN

*** WARNING L16: UNCALLED SEGMENT, IGNORED FOR OVERLAY PROCESS
    SEGMENT: ?PR?CMD_LPR_INT?ACCESCAN

*** WARNING L16: UNCALLED SEGMENT, IGNORED FOR OVERLAY PROCESS
    SEGMENT: ?PR?_CHECK_FECHAOUT?CLOCK

*** WARNING L16: UNCALLED SEGMENT, IGNORED FOR OVERLAY PROCESS
    SEGMENT: ?PR?_ANALIZA_TIEMPO?CLOCK

*** WARNING L16: UNCALLED SEGMENT, IGNORED FOR OVERLAY PROCESS
    SEGMENT: ?PR?_TRAMA_PTO_PARALELO_P?PTO_PARALELO

*** WARNING L16: UNCALLED SEGMENT, IGNORED FOR OVERLAY PROCESS
    SEGMENT: ?PR?_TRAMA_PTO_PARALELO_NEW?PTO_PARALELO

Program Size: data=119.7 xdata=613 code=32084
LINK/LOCATE RUN COMPLETE.  6 WARNING(S),  0 ERROR(S)
