BL51 BANKED LINKER/LOCATER V6.22.2.0                                                    12/01/2020  12:04:38  PAGE 1


BL51 BANKED LINKER/LOCATER V6.22.2.0, INVOKED BY:
C:\KEIL_V5\C51\BIN\BL51.EXE .\Objects\main.obj, .\Objects\Accescan.obj, .\Objects\Clock.obj, .\Objects\delay.obj, .\Obje
>> cts\eeprom.obj, .\Objects\io_sensores.obj, .\Objects\pantallas.obj, .\Objects\prog.obj, .\Objects\pto_paralelo.obj, .
>> \Objects\tibbo.obj, .\Objects\uart.obj, .\Objects\lintech.obj, .\Objects\verificador.obj, .\Objects\Monitor.obj TO .\
>> Objects\expedidor_v_01_raspberry PRINT (.\Listings\expedidor_v_01_raspberry.m51) RAMSIZE (256)


MEMORY MODEL: LARGE WITH FLOATING POINT ARITHMETIC


INPUT MODULES INCLUDED:
  .\Objects\main.obj (MAIN)
  .\Objects\Accescan.obj (ACCESCAN)
  .\Objects\Clock.obj (CLOCK)
  .\Objects\delay.obj (DELAY)
  .\Objects\eeprom.obj (EEPROM)
  .\Objects\io_sensores.obj (IO_SENSORES)
  .\Objects\pantallas.obj (PANTALLAS)
  .\Objects\prog.obj (PROG)
  .\Objects\pto_paralelo.obj (PTO_PARALELO)
  .\Objects\tibbo.obj (TIBBO)
  .\Objects\uart.obj (UART)
  .\Objects\lintech.obj (LINTECH)
  .\Objects\verificador.obj (VERIFICADOR)
  .\Objects\Monitor.obj (MONITOR)
  C:\KEIL_V5\C51\LIB\C51FPL.LIB (?C?FPADD)
  C:\KEIL_V5\C51\LIB\C51FPL.LIB (?C?FPMUL)
  C:\KEIL_V5\C51\LIB\C51FPL.LIB (?C?FCAST)
  C:\KEIL_V5\C51\LIB\C51FPL.LIB (?C?CASTF)
  C:\KEIL_V5\C51\LIB\C51FPL.LIB (PRINTF)
  C:\KEIL_V5\C51\LIB\C51FPL.LIB (POW)
  C:\KEIL_V5\C51\LIB\C51FPL.LIB (?C?FPGETOPN)
  C:\KEIL_V5\C51\LIB\C51FPL.LIB (?C?CHKFLOAT)
  C:\KEIL_V5\C51\LIB\C51FPL.LIB (?C?FPCMP)
  C:\KEIL_V5\C51\LIB\C51FPL.LIB (?C?FPNEG)
  C:\KEIL_V5\C51\LIB\C51FPL.LIB (?C?FPROUND)
  C:\KEIL_V5\C51\LIB\C51FPL.LIB (?C?FPCONVERT)
  C:\KEIL_V5\C51\LIB\C51FPL.LIB (EXP)
  C:\KEIL_V5\C51\LIB\C51FPL.LIB (LOG)
  C:\KEIL_V5\C51\LIB\C51FPL.LIB (?C?FPDIV)
  C:\KEIL_V5\C51\LIB\C51FPL.LIB (?C?FTNPWR)
  C:\KEIL_V5\C51\LIB\C51FPL.LIB (?C?FPSERIES)
  C:\KEIL_V5\C51\LIB\C51L.LIB (?C_STARTUP)
  C:\KEIL_V5\C51\LIB\C51L.LIB (?C?COPY)
  C:\KEIL_V5\C51\LIB\C51L.LIB (?C?CLDPTR)
  C:\KEIL_V5\C51\LIB\C51L.LIB (?C?CLDOPTR)
  C:\KEIL_V5\C51\LIB\C51L.LIB (?C?CSTPTR)
  C:\KEIL_V5\C51\LIB\C51L.LIB (?C?CSTOPTR)
  C:\KEIL_V5\C51\LIB\C51L.LIB (?C?IMUL)
  C:\KEIL_V5\C51\LIB\C51L.LIB (?C?IILDX)
  C:\KEIL_V5\C51\LIB\C51L.LIB (?C?LNEG)
  C:\KEIL_V5\C51\LIB\C51L.LIB (?C?SLCMP)
  C:\KEIL_V5\C51\LIB\C51L.LIB (?C?ULCMP)
  C:\KEIL_V5\C51\LIB\C51L.LIB (?C?ULSHR)
  C:\KEIL_V5\C51\LIB\C51L.LIB (?C?LSHL)
  C:\KEIL_V5\C51\LIB\C51L.LIB (?C?LLDCODE)
  C:\KEIL_V5\C51\LIB\C51L.LIB (?C?LLDXDATA0)
  C:\KEIL_V5\C51\LIB\C51L.LIB (?C?LLDCODE0)
BL51 BANKED LINKER/LOCATER V6.22.2.0                                                  12/01/2020  12:04:38  PAGE 2


  C:\KEIL_V5\C51\LIB\C51L.LIB (?C?LSTXDATA)
  C:\KEIL_V5\C51\LIB\C51L.LIB (?C?LSTKXDATA)
  C:\KEIL_V5\C51\LIB\C51L.LIB (?C?PLDIXDATA)
  C:\KEIL_V5\C51\LIB\C51L.LIB (?C?PSTXDATA)
  C:\KEIL_V5\C51\LIB\C51L.LIB (?C?CCASE)
  C:\KEIL_V5\C51\LIB\C51L.LIB (STRCAT)
  C:\KEIL_V5\C51\LIB\C51L.LIB (?C?STRCMP)
  C:\KEIL_V5\C51\LIB\C51L.LIB (?C?STRCPY)
  C:\KEIL_V5\C51\LIB\C51L.LIB (STRLEN)
  C:\KEIL_V5\C51\LIB\C51L.LIB (STRTOK)
  C:\KEIL_V5\C51\LIB\C51L.LIB (ATOL)
  C:\KEIL_V5\C51\LIB\C51L.LIB (ATOI)
  C:\KEIL_V5\C51\LIB\C51L.LIB (MALLOC)
  C:\KEIL_V5\C51\LIB\C51L.LIB (INIT_MEM)
  C:\KEIL_V5\C51\LIB\C51L.LIB (FREE)
  C:\KEIL_V5\C51\LIB\C51L.LIB (?C_INIT)
  C:\KEIL_V5\C51\LIB\C51L.LIB (?C?ILDIX)
  C:\KEIL_V5\C51\LIB\C51L.LIB (?C?LMUL)
  C:\KEIL_V5\C51\LIB\C51L.LIB (ISDIGIT)
  C:\KEIL_V5\C51\LIB\C51L.LIB (ISSPACE)
  C:\KEIL_V5\C51\LIB\C51L.LIB (STRSPN)
  C:\KEIL_V5\C51\LIB\C51L.LIB (STRPBRK)


LINK MAP OF MODULE:  .\Objects\expedidor_v_01_raspberry (MAIN)


            TYPE    BASE      LENGTH    RELOCATION   SEGMENT NAME
            -----------------------------------------------------

            * * * * * * *   D A T A   M E M O R Y   * * * * * * *
            REG     0000H     0008H     ABSOLUTE     "REG BANK 0"
            DATA    0008H     0005H     UNIT         _DATA_GROUP_
            DATA    000DH     0004H     UNIT         ?DT?UART
            IDATA   0011H     0009H     UNIT         ?ID?MONITOR
                    001AH     0006H                  *** GAP ***
            BIT     0020H.0   0001H.1   UNIT         _BIT_GROUP_
            BIT     0021H.1   0000H.3   UNIT         ?BI?MAIN
            BIT     0021H.4   0000H.2   UNIT         ?BI?UART
            BIT     0021H.6   0000H.1   UNIT         ?BI?EEPROM
            BIT     0021H.7   0000H.1   UNIT         ?BI?IO_SENSORES
            BIT     0022H.0   0000H.1   UNIT         ?BI?VERIFICADOR
                    0022H.1   0000H.7                *** GAP ***
            IDATA   0023H     0046H     UNIT         ?ID?MAIN
            IDATA   0069H     0001H     UNIT         ?STACK

            * * * * * * *  X D A T A   M E M O R Y  * * * * * * *
            XDATA   0000H     00B7H     UNIT         _XDATA_GROUP_
            XDATA   00B7H     008AH     UNIT         ?XD?VERIFICADOR
            XDATA   0141H     006CH     UNIT         ?XD?MAIN
            XDATA   01ADH     0059H     UNIT         ?XD?PROG
            XDATA   0206H     0050H     UNIT         ?XD?PANTALLAS
            XDATA   0256H     0008H     UNIT         ?XD?INIT_MEM
            XDATA   025EH     0003H     UNIT         ?XD?EEPROM
            XDATA   0261H     0003H     UNIT         ?XD?UART
            XDATA   0264H     0003H     UNIT         ?XD?STRTOK
            XDATA   0267H     0001H     UNIT         ?XD?ACCESCAN
BL51 BANKED LINKER/LOCATER V6.22.2.0                                                  12/01/2020  12:04:38  PAGE 3


            XDATA   0268H     0001H     UNIT         ?XD?CLOCK
            XDATA   0269H     0001H     UNIT         ?XD?IO_SENSORES

            * * * * * * *   C O D E   M E M O R Y   * * * * * * *
            CODE    0000H     0003H     ABSOLUTE     
            CODE    0003H     0008H     UNIT         ?PR?P_CK?CLOCK
            CODE    000BH     0003H     ABSOLUTE     
            CODE    000EH     0015H     UNIT         ?PR?_STRLEN?STRLEN
            CODE    0023H     0003H     ABSOLUTE     
            CODE    0026H     1308H     UNIT         ?CO?PROG
            CODE    132EH     0B8BH     UNIT         ?C?LIB_CODE
            CODE    1EB9H     07EEH     UNIT         ?CO?VERIFICADOR
            CODE    26A7H     06F4H     UNIT         ?PR?_PANTALLALCD?PANTALLAS
            CODE    2D9BH     0656H     UNIT         ?CO?PANTALLAS
            CODE    33F1H     0492H     UNIT         ?PR?_SECUENCIAEXPEDIDORMF?VERIFICADOR
            CODE    3883H     0483H     UNIT         ?PR?PRINTF?PRINTF
            CODE    3D06H     035CH     UNIT         ?PR?VER_PROG?PROG
            CODE    4062H     033EH     UNIT         ?PR?_VALIDA_TRAMA_PTO?ACCESCAN
            CODE    43A0H     02D0H     UNIT         ?PR?_TWO_BYTEHEX_DECIMAL?CLOCK
            CODE    4670H     02B7H     UNIT         ?PR?_PROG_HORARIO_DIAS?PROG
            CODE    4927H     02B2H     UNIT         ?PR?_PANTALLALCD_LINEA_2?PANTALLAS
            CODE    4BD9H     022CH     UNIT         ?PR?MENU?PROG
            CODE    4E05H     0208H     UNIT         ?PR?_HASH_ID?PROG
            CODE    500DH     01FAH     UNIT         ?PR?_PROG_HORARIO_DESDE_HASTA?PROG
            CODE    5207H     01F5H     UNIT         ?PR?PROG_FECHA_VENCIMIENTO?PROG
            CODE    53FCH     01DFH     UNIT         ?PR?_RESPONDE_LECTURA_TARJETA_SECTOR1_BLOQUE1?VERIFICADOR
            CODE    55DBH     01B3H     UNIT         ?PR?COM_ISR?UART
            CODE    578EH     01A9H     UNIT         ?PR?_ARMAR_TRAMA_PTO_PARALELO_EXPEDIDOR?VERIFICADOR
            CODE    5937H     01A5H     UNIT         ?CO?LINTECH
            CODE    5ADCH     01A4H     UNIT         ?PR?_VALIDA_TIPO_TARJETA?VERIFICADOR
            CODE    5C80H     016EH     UNIT         ?PR?_BLOCK_READ_CLOCK_ASCII?CLOCK
            CODE    5DEEH     0166H     UNIT         ?PR?_POW?POW
            CODE    5F54H     0154H     UNIT         ?PR?_ARMAR_TRAMA_MONITOR?VERIFICADOR
            CODE    60A8H     0145H     UNIT         ?PR?PROG_HORARIOS?PROG
            CODE    61EDH     0142H     UNIT         ?PR?_ARMAR_TRAMA_TARJETA_SECTOR1_BLOQUE2?VERIFICADOR
            CODE    632FH     013FH     UNIT         ?PR?_FREE?FREE
            CODE    646EH     013EH     UNIT         ?PR?PROG_SIN_COBRO?PROG
            CODE    65ACH     013EH     UNIT         ?PR?SECUENCIA_INICIO_EXPEDIDOR?VERIFICADOR
            CODE    66EAH     0137H     UNIT         ?PR?VER_HORARIO?PROG
            CODE    6821H     012BH     UNIT         ?PR?_RESPONDE_LECTURA_TARJETA_SECTOR1_BLOQUE2?VERIFICADOR
            CODE    694CH     0129H     UNIT         ?PR?LOG?LOG
            CODE    6A75H     0128H     UNIT         ?PR?_VER_HORARIO_DIAS?PROG
            CODE    6B9DH     011CH     UNIT         ?PR?LOAD_AND_SEND_ID_COD?PTO_PARALELO
            CODE    6CB9H     011AH     UNIT         ?PR?_PROG_HORARIOS_ON_OFF?PROG
            CODE    6DD3H     0119H     UNIT         ?PR?_VER_HORARIO_DESDE_HASTA?PROG
            CODE    6EECH     0115H     UNIT         ?PR?_VALIDAR_CLK?CLOCK
            CODE    7001H     010FH     UNIT         ?PR?_HORARIOS?VERIFICADOR
            CODE    7110H     010CH     UNIT         ?PR?_ATOL?ATOL
            CODE    721CH     0103H     UNIT         ?PR?_BLOQUE_HORARIO?VERIFICADOR
            CODE    731FH     0100H     UNIT         ?PR?_WR_MF?LINTECH
            CODE    741FH     00FCH     UNIT         ?PR?PROG_DEBUG?PROG
            CODE    751BH     00FCH     UNIT         ?PR?PROG_USE_LPR?PROG
            CODE    7617H     00FCH     UNIT         ?PR?TIPO_PANTALLA?PROG
            CODE    7713H     00FCH     UNIT         ?PR?PROG_ANTIPASSBACK?PROG
            CODE    780FH     00FCH     UNIT         ?PR?PROG_PLACA?PROG
            CODE    790BH     00FCH     UNIT         ?PR?PROG_VALIDAR_TIPO_VEHICULO_MENSUAL?PROG
            CODE    7A07H     00FCH     UNIT         ?PR?PROG_APB_MENSUAL?PROG
BL51 BANKED LINKER/LOCATER V6.22.2.0                                                  12/01/2020  12:04:38  PAGE 4


            CODE    7B03H     00F1H     UNIT         ?PR?_WRITE_EEPROM_TICKET?EEPROM
            CODE    7BF4H     00EAH     UNIT         ?PR?_MOV_CARD?LINTECH
            CODE    7CDEH     00E4H     UNIT         ?PR?_STRTOK?STRTOK
            CODE    7DC2H     00DEH     UNIT         ?PR?PROG_ADDRESS_HIGH_BOARD?PROG
            CODE    7EA0H     00DBH     UNIT         ?PR?_ATOI?ATOI
            CODE    7F7BH     00D7H     UNIT         ?PR?_ANALIZA_UID_CARD?VERIFICADOR
            CODE    8052H     00D6H     UNIT         ?PR?_CMD_LPR_SALIDA_WIEGAND?ACCESCAN
            CODE    8128H     00D2H     UNIT         ?C_INITSEG
            CODE    81FAH     00D1H     UNIT         ?PR?_ARMAR_TRAMA_PTO_PARALELO_EXPEDIDOR_MENSUAL?VERIFICADOR
            CODE    82CBH     00D1H     UNIT         ?PR?_MALLOC?MALLOC
            CODE    839CH     00CCH     UNIT         ?PR?_GRABA_SERIE?EEPROM
            CODE    8468H     00CBH     UNIT         ?PR?_RTA_CMD_TRANSPORTE?VERIFICADOR
            CODE    8533H     00CAH     UNIT         ?PR?READ_EEPROM_TICKET?EEPROM
            CODE    85FDH     00C9H     UNIT         ?PR?_CHECK_FECHAOUT?CLOCK
            CODE    86C6H     00C4H     UNIT         ?PR?_BLOCK_READ_CLOCK?CLOCK
            CODE    878AH     00C4H     UNIT         ?PR?_TARJETA_MENSUAL?VERIFICADOR
            CODE    884EH     00C3H     UNIT         ?PR?_RD_MF?LINTECH
            CODE    8911H     00C2H     UNIT         ?PR?PROG_TARJETA_AUTOMATICA_O_BOTON?PROG
            CODE    89D3H     00C1H     UNIT         ?PR?_RECIBE_CMD_MONITOR?MONITOR
            CODE    8A94H     00BFH     UNIT         ?CO?IO_SENSORES
            CODE    8B53H     00BEH     UNIT         ?PR?ERROR_RX_PTO?VERIFICADOR
            CODE    8C11H     00BDH     UNIT         ?PR?PROG_COD_PARK?PROG
            CODE    8CCEH     00BDH     UNIT         ?PR?PROG_TIEMPO_GRACIA?PROG
            CODE    8D8BH     00BBH     UNIT         ?PR?_VALIDA_TRAMA_MONITOR?MONITOR
            CODE    8E46H     00BAH     UNIT         ?CO?TIBBO
            CODE    8F00H     00B6H     UNIT         ?PR?PROG_ID_CLIENTE?PROG
            CODE    8FB6H     00B5H     UNIT         ?PR?_WAIT_PLACA?VERIFICADOR
            CODE    906BH     00B4H     UNIT         ?PR?_SEND_PORT?PTO_PARALELO
            CODE    911FH     00ACH     UNIT         ?PR?_HORA_MAXIMA?VERIFICADOR
            CODE    91CBH     00AAH     UNIT         ?PR?CLAVE_SEGURIDAD_S2?LINTECH
            CODE    9275H     00A9H     UNIT         ?PR?DWLOAD_EEPROM?LINTECH
            CODE    931EH     00A6H     UNIT         ?PR?_BLOCK_READ_CLOCK_HEX?CLOCK
            CODE    93C4H     00A4H     UNIT         ?PR?_ARMAR_TRAMA_TARJETA_SECTOR1_BLOQUE1_CAMCEL?VERIFICADOR
            CODE    9468H     009DH     UNIT         ?PR?_INICIALIZA?LINTECH
            CODE    9505H     009CH     UNIT         ?PR?_RESPUESTA_PLACA_CANCEL?VERIFICADOR
            CODE    95A1H     009AH     UNIT         ?PR?_RESPONDE_LECTURA_TARJETA_SECTOR1_BLOQUE0?VERIFICADOR
            CODE    963BH     009AH     UNIT         ?PR?EXP?EXP
            CODE    96D5H     0099H     UNIT         ?PR?SHOW?PROG
            CODE    976EH     0099H     UNIT         ?PR?_RECIBE_PORT?PTO_PARALELO
            CODE    9807H     0098H     UNIT         ?PR?_VALIDA_VEHICULO_CARD_MENSUAL?VERIFICADOR
            CODE    989FH     0091H     UNIT         ?PR?_HEX_ASCII?CLOCK
            CODE    9930H     0091H     UNIT         ?PR?_CARD_INSERCION?LINTECH
            CODE    99C1H     0090H     UNIT         ?PR?_LEE_CLK?CLOCK
            CODE    9A51H     0090H     UNIT         ?PR?_GETOPTION?PROG
            CODE    9AE1H     0090H     UNIT         ?PR?ENTREGA_CARD_CAPTURA?VERIFICADOR
            CODE    9B71H     008FH     UNIT         ?PR?_BLOCK_WRITE_CLOCK_ASCII?CLOCK
            CODE    9C00H     008FH     UNIT         ?PR?_RESPONDE_WRITE_TARJETA_SECTOR1_BLOQUE2?VERIFICADOR
            CODE    9C8FH     008DH     UNIT         ?PR?LOADVERIFY_EEPROM?LINTECH
            CODE    9D1CH     008CH     UNIT         ?C_C51STARTUP
            CODE    9DA8H     0089H     UNIT         ?PR?_RASPBERRY_DATA?PANTALLAS
            CODE    9E31H     0088H     UNIT         ?PR?_SEND_PORTERR?PTO_PARALELO
            CODE    9EB9H     0088H     UNIT         ?PR?RX_DATA?TIBBO
            CODE    9F41H     0088H     UNIT         ?PR?UNIQUE_IDENTIFIER_UID?LINTECH
            CODE    9FC9H     0086H     UNIT         ?PR?_CHECK_STATUS?LINTECH
            CODE    A04FH     0084H     UNIT         ?PR?_SEND_PTO_PARALELO?VERIFICADOR
            CODE    A0D3H     0084H     UNIT         ?PR?_STRSPN?STRSPN
            CODE    A157H     0081H     UNIT         ?PR?_STRPBRK?STRPBRK
BL51 BANKED LINKER/LOCATER V6.22.2.0                                                  12/01/2020  12:04:38  PAGE 5


            CODE    A1D8H     0080H     UNIT         ?PR?MSJ_LCD_INFORMATIVO?IO_SENSORES
            CODE    A258H     0080H     UNIT         ?PR?_INGRESADATO?PROG
            CODE    A2D8H     0080H     UNIT         ?PR?AUT_CARD_CHECK_STATUS?LINTECH
            CODE    A358H     0080H     UNIT         ?PR?POWER_OFF?LINTECH
            CODE    A3D8H     007FH     UNIT         ?PR?MAIN?MAIN
            CODE    A457H     007CH     UNIT         ?PR?RESPONDE_ESTADO_SENSORES_TRANSPORTE?VERIFICADOR
            CODE    A4D3H     0077H     UNIT         ?PR?RESPONDE_TIPO_TARJETA?VERIFICADOR
            CODE    A54AH     0073H     UNIT         ?PR?_DEBUGBUFFERMF?TIBBO
            CODE    A5BDH     0071H     UNIT         ?PR?_EN_HORARIO?VERIFICADOR
            CODE    A62EH     006FH     UNIT         ?PR?_ESCRIBIRMEMORIA?EEPROM
            CODE    A69DH     006FH     UNIT         ?PR?_DISPARO_LOCK_ENTRADA_VEHICULO?VERIFICADOR
            CODE    A70CH     006BH     UNIT         ?PR?_STRCAT?STRCAT
            CODE    A777H     0066H     UNIT         ?PR?_LEERMEMORIA?EEPROM
            CODE    A7DDH     0062H     UNIT         ?PR?_LISTACOMANDOS?PROG
            CODE    A83FH     005EH     UNIT         ?PR?_BYTEHEX_DECIMAL?CLOCK
            CODE    A89DH     005DH     UNIT         ?PR?_RESPUESTA_SEGUNDA_CLAVE?VERIFICADOR
            CODE    A8FAH     005CH     UNIT         ?PR?_ARMAR_TRAMA_PLACA?VERIFICADOR
            CODE    A956H     005BH     UNIT         ?PR?VALIDA_SENSOR1_AUTO?IO_SENSORES
            CODE    A9B1H     0056H     UNIT         ?PR?_WR_EEPROM?EEPROM
            CODE    AA07H     0052H     UNIT         ?PR?INGRESO_VEHICULO?VERIFICADOR
            CODE    AA59H     004EH     UNIT         ?PR?RELOJ_PANTALLA_LCD?PANTALLAS
            CODE    AAA7H     004DH     UNIT         ?PR?VARIABLE_INICIO?MAIN
            CODE    AAF4H     004DH     UNIT         ?PR?L_D_M?EEPROM
            CODE    AB41H     004CH     UNIT         ?PR?LEE_NO_TICKET?EEPROM
            CODE    AB8DH     004BH     UNIT         ?PR?_TX_AUX?TIBBO
            CODE    ABD8H     0049H     UNIT         ?PR?_DEBUG_TXT_TIBBO?TIBBO
            CODE    AC21H     0048H     UNIT         ?PR?FIRST_CLAVE?PROG
            CODE    AC69H     0047H     UNIT         ?PR?_DEBUG_CHR_TIBBO?TIBBO
            CODE    ACB0H     0047H     UNIT         ?PR?_RESPONDE_WRITE_TARJETA_SECTOR2_BLOQUE0?VERIFICADOR
            CODE    ACF7H     0046H     UNIT         ?PR?_ESCRIBIRCADENASOFT_BUFFER?MAIN
            CODE    AD3DH     0046H     UNIT         ?PR?_LCD_TXT_NUM_CHAR?PANTALLAS
            CODE    AD83H     0046H     UNIT         ?PR?_DEBUG_HEXDEC?TIBBO
            CODE    ADC9H     0046H     UNIT         ?PR?_PREGUNTA_LPR?VERIFICADOR
            CODE    AE0FH     0044H     UNIT         ?PR?_LCD_TXT?PANTALLAS
            CODE    AE53H     0043H     UNIT         ?PR?DIR_BOARD?IO_SENSORES
            CODE    AE96H     0042H     UNIT         ?PR?_VALIDARCLAVE?PROG
            CODE    AED8H     0041H     UNIT         ?PR?_MONITOR_CHR?ACCESCAN
            CODE    AF19H     0041H     UNIT         ?PR?_TWO_ONE?CLOCK
            CODE    AF5AH     0040H     UNIT         ?PR?_GETCMD?PROG
            CODE    AF9AH     003FH     UNIT         ?PR?_EB_CLK?CLOCK
            CODE    AFD9H     003EH     UNIT         ?PR?_PUTCHAR?MAIN
            CODE    B017H     003EH     UNIT         ?PR?TRAMA_VALIDACION_P_N?VERIFICADOR
            CODE    B055H     003DH     UNIT         ?PR?_HEX_BCD?CLOCK
            CODE    B092H     003DH     UNIT         ?PR?_RD_EEPROM?EEPROM
            CODE    B0CFH     003DH     UNIT         ?PR?_LOAD_SECUENCIA_EXPEDIDOR?VERIFICADOR
            CODE    B10CH     003CH     UNIT         ?PR?_INIT_MEMPOOL?INIT_MEM
            CODE    B148H     003BH     UNIT         ?CO?EEPROM
            CODE    B183H     003BH     UNIT         ?PR?_DEBUG_PTO_PARALELO?TIBBO
            CODE    B1BEH     003BH     UNIT         ?PR?_COM_PUTCHAR?UART
            CODE    B1F9H     003AH     UNIT         ?PR?_DELAY_10MS?DELAY
            CODE    B233H     0038H     UNIT         ?PR?VALIDASENSORESPASO?IO_SENSORES
            CODE    B26BH     0036H     UNIT         ?PR?_RESPONDE_WRITE_TARJETA_SECTOR1_BLOQUE1?VERIFICADOR
            CODE    B2A1H     0036H     UNIT         ?PR?_RESPONDE_WRITE_TARJETA_SECTOR1_BLOQUE0?VERIFICADOR
            CODE    B2D7H     0034H     UNIT         ?PR?INCREMENTE_TICKET?EEPROM
            CODE    B30BH     0034H     UNIT         ?PR?ADDR_HORARIOS?PROG
            CODE    B33FH     0032H     UNIT         ?PR?_DEBUG_MONITOR?TIBBO
            CODE    B371H     0031H     UNIT         ?PR?_TARJETA_ROTACION?VERIFICADOR
BL51 BANKED LINKER/LOCATER V6.22.2.0                                                  12/01/2020  12:04:38  PAGE 6


            CODE    B3A2H     0030H     UNIT         ?PR?PREGUNTA_PLACA?VERIFICADOR
            CODE    B3D2H     002EH     UNIT         ?PR?TIMER0_INT?MAIN
            CODE    B400H     002CH     UNIT         ?PR?LOAD_AND_SEND_INFO_RELOJ?PTO_PARALELO
            CODE    B42CH     002AH     UNIT         ?PR?COM_INITIALIZE?UART
            CODE    B456H     0028H     UNIT         ?PR?_WR_CLK?CLOCK
            CODE    B47EH     0028H     UNIT         ?PR?COM_BAUDRATE?UART
            CODE    B4A6H     0028H     UNIT         ?PR?_ARMAR_TRAMA_TARJETA_SECTOR1_BLOQUE0?VERIFICADOR
            CODE    B4CEH     0027H     UNIT         ?PR?_TX_CHRLCD?PANTALLAS
            CODE    B4F5H     0026H     UNIT         ?PR?COM_GETCHAR?UART
            CODE    B51BH     0026H     UNIT         ?PR?ANALIZA_PRESENCIA_MENSUAL?VERIFICADOR
            CODE    B541H     0026H     UNIT         ?PR?RX_MONITOR?MONITOR
            CODE    B567H     0023H     UNIT         ?PR?ANALIZA_PRESENCIA_ROTACION?VERIFICADOR
            CODE    B58AH     0022H     UNIT         ?PR?_E_D_M?EEPROM
            CODE    B5ACH     0020H     UNIT         ?PR?ACKD?EEPROM
            CODE    B5CCH     0020H     UNIT         ?PR?ACK_LECT?EEPROM
            CODE    B5ECH     001FH     UNIT         ?PR?VALIDASENSOR?IO_SENSORES
            CODE    B60BH     001FH     UNIT         ?PR?TIME_BIT?TIBBO
            CODE    B62AH     001EH     UNIT         ?PR?_BCD_HEX?CLOCK
            CODE    B648H     001BH     UNIT         ?PR?_DELAY_1MS?DELAY
            CODE    B663H     0018H     UNIT         ?PR?CLEAR_PLACA?MONITOR
            CODE    B67BH     0017H     UNIT         ?PR?DISPLAYCURSOR?PROG
            CODE    B692H     0017H     UNIT         ?PR?TIME_MBIT?TIBBO
            CODE    B6A9H     0016H     UNIT         ?PR?DIR_BOARD_MONITOR?IO_SENSORES
            CODE    B6BFH     0014H     UNIT         ?PR?DEBUG_DIVIDIR_TEXTO?TIBBO
            CODE    B6D3H     0014H     UNIT         ?PR?_ISSPACE?ISSPACE
            CODE    B6E7H     0012H     UNIT         ?PR?_DELAY_20US?DELAY
            CODE    B6F9H     0012H     UNIT         ?PR?START?EEPROM
            CODE    B70BH     0012H     UNIT         ?PR?BOTTON?IO_SENSORES
            CODE    B71DH     0012H     UNIT         ?PR?PULSO_BUS?PTO_PARALELO
            CODE    B72FH     0012H     UNIT         ?PR?COM_RBUFLEN?UART
            CODE    B741H     0012H     UNIT         ?PR?COM_TBUFLEN?UART
            CODE    B753H     0010H     UNIT         ?PR?INI_TIMER?MAIN
            CODE    B763H     0010H     UNIT         ?PR?INICIA_BOARD?MAIN
            CODE    B773H     000FH     UNIT         ?PR?_ISDIGIT?ISDIGIT
            CODE    B782H     000CH     UNIT         ?PR?_GETKEY?MAIN
            CODE    B78EH     000AH     UNIT         ?PR?COND_INI_PTO?PTO_PARALELO
            CODE    B798H     0009H     UNIT         ?PR?STOP?EEPROM
            CODE    B7A1H     0009H     UNIT         ?PR?CAPTURA_EXPULSA?VERIFICADOR
            CODE    B7AAH     0007H     UNIT         ?PR?COND_INI_CLOCK?CLOCK
            CODE    B7B1H     0007H     UNIT         ?PR?SEL_FUNCION?IO_SENSORES
            CODE    B7B8H     0007H     UNIT         ?PR?SEL_AUTO?IO_SENSORES
            CODE    B7BFH     0007H     UNIT         ?PR?SEL_PULSA?IO_SENSORES
            CODE    B7C6H     0007H     UNIT         ?PR?SEL_SENSOR2?IO_SENSORES
            CODE    B7CDH     0007H     UNIT         ?PR?SEL_SENSOR1?IO_SENSORES
            CODE    B7D4H     0007H     UNIT         ?PR?SEL_DIR1?IO_SENSORES
            CODE    B7DBH     0007H     UNIT         ?PR?SEL_DIR2?IO_SENSORES
            CODE    B7E2H     0006H     UNIT         ?PR?P_ME?EEPROM
            CODE    B7E8H     0005H     UNIT         ?PR?ON_TIMER0_INTERRUP?MAIN
            CODE    B7EDH     0005H     UNIT         ?CO?ACCESCAN
            CODE    B7F2H     0005H     UNIT         ?PR?COND_INI_TIBBO?TIBBO
            CODE    B7F7H     0003H     UNIT         ?PR?OFF_TIMER0_INTERRUP?MAIN
            CODE    B7FAH     0003H     UNIT         ?CO?PTO_PARALELO
            CODE    B7FDH     0001H     UNIT         ?PR?DELAY?DELAY



OVERLAY MAP OF MODULE:   .\Objects\expedidor_v_01_raspberry (MAIN)
BL51 BANKED LINKER/LOCATER V6.22.2.0                                                  12/01/2020  12:04:38  PAGE 7




SEGMENT                                             BIT_GROUP          DATA_GROUP          XDATA_GROUP
  +--> CALLED SEGMENT                            START    LENGTH     START    LENGTH     START    LENGTH
--------------------------------------------------------------------------------------------------------
?C_C51STARTUP                                    -----    -----      -----    -----      -----    -----
  +--> ?PR?MAIN?MAIN
  +--> ?C_INITSEG

?PR?MAIN?MAIN                                    -----    -----      -----    -----      0000H    0001H
  +--> ?PR?INI_TIMER?MAIN
  +--> ?PR?ON_TIMER0_INTERRUP?MAIN
  +--> ?PR?COM_INITIALIZE?UART
  +--> ?PR?COM_BAUDRATE?UART
  +--> ?PR?INICIA_BOARD?MAIN
  +--> ?PR?TIME_BIT?TIBBO
  +--> ?PR?_DELAY_20US?DELAY
  +--> ?PR?TIME_MBIT?TIBBO
  +--> ?PR?_TX_AUX?TIBBO
  +--> ?PR?SEL_FUNCION?IO_SENSORES
  +--> ?PR?MENU?PROG
  +--> ?PR?VARIABLE_INICIO?MAIN
  +--> ?PR?SECUENCIA_INICIO_EXPEDIDOR?VERIFI...
  +--> ?PR?RX_MONITOR?MONITOR
  +--> ?PR?_SECUENCIAEXPEDIDORMF?VERIFICADOR
  +--> ?PR?_RECIBE_PORT?PTO_PARALELO
  +--> ?PR?_DEBUG_PTO_PARALELO?TIBBO
  +--> ?PR?_VALIDA_TRAMA_PTO?ACCESCAN
  +--> ?PR?MSJ_LCD_INFORMATIVO?IO_SENSORES

?PR?COM_INITIALIZE?UART                          -----    -----      -----    -----      -----    -----
  +--> ?PR?COM_BAUDRATE?UART

?PR?INICIA_BOARD?MAIN                            -----    -----      -----    -----      -----    -----
  +--> ?PR?COND_INI_TIBBO?TIBBO
  +--> ?PR?COND_INI_CLOCK?CLOCK
  +--> ?PR?COND_INI_PTO?PTO_PARALELO

?PR?_TX_AUX?TIBBO                                -----    -----      -----    -----      -----    -----
  +--> ?PR?TIME_BIT?TIBBO

?PR?MENU?PROG                                    -----    -----      -----    -----      0001H    0045H
  +--> ?CO?PROG
  +--> ?PR?PRINTF?PRINTF
  +--> ?PR?_RD_EEPROM?EEPROM
  +--> ?PR?FIRST_CLAVE?PROG
  +--> ?PR?_WR_EEPROM?EEPROM
  +--> ?PR?_LEERMEMORIA?EEPROM
  +--> ?PR?_HASH_ID?PROG
  +--> ?PR?_INGRESADATO?PROG
  +--> ?PR?_GETCMD?PROG
  +--> ?PR?_ESCRIBIRMEMORIA?EEPROM
  +--> ?PR?_VALIDARCLAVE?PROG
  +--> ?PR?DISPLAYCURSOR?PROG
  +--> ?PR?_STRLEN?STRLEN
  +--> ?PR?_GETOPTION?PROG
  +--> ?PR?_STRCAT?STRCAT
BL51 BANKED LINKER/LOCATER V6.22.2.0                                                  12/01/2020  12:04:38  PAGE 8


  +--> ?PR?_LISTACOMANDOS?PROG
  +--> ?PR?PROG_ID_CLIENTE?PROG
  +--> ?PR?PROG_COD_PARK?PROG
  +--> ?PR?PROG_TIEMPO_GRACIA?PROG
  +--> ?PR?PROG_SIN_COBRO?PROG
  +--> ?PR?PROG_DEBUG?PROG
  +--> ?PR?PROG_USE_LPR?PROG
  +--> ?PR?TIPO_PANTALLA?PROG
  +--> ?PR?PROG_TARJETA_AUTOMATICA_O_BOTON?PROG
  +--> ?PR?PROG_ANTIPASSBACK?PROG
  +--> ?PR?PROG_PLACA?PROG
  +--> ?PR?PROG_ADDRESS_HIGH_BOARD?PROG
  +--> ?PR?PROG_HORARIOS?PROG
  +--> ?PR?PROG_VALIDAR_TIPO_VEHICULO_MENSUA...
  +--> ?PR?PROG_APB_MENSUAL?PROG
  +--> ?PR?VER_PROG?PROG
  +--> ?PR?SHOW?PROG
  +--> ?PR?PROG_FECHA_VENCIMIENTO?PROG

?PR?PRINTF?PRINTF                                0020H.0  0001H.1    0008H    0005H      0077H    0030H
  +--> ?PR?_PUTCHAR?MAIN

?PR?_PUTCHAR?MAIN                                -----    -----      -----    -----      00A7H    0003H
  +--> ?PR?_COM_PUTCHAR?UART

?PR?_COM_PUTCHAR?UART                            -----    -----      -----    -----      00AAH    0001H
  +--> ?PR?COM_TBUFLEN?UART

?PR?_RD_EEPROM?EEPROM                            -----    -----      -----    -----      -----    -----
  +--> ?PR?START?EEPROM
  +--> ?PR?ACK_LECT?EEPROM
  +--> ?PR?_E_D_M?EEPROM
  +--> ?PR?ACKD?EEPROM
  +--> ?PR?L_D_M?EEPROM
  +--> ?PR?STOP?EEPROM

?PR?ACK_LECT?EEPROM                              -----    -----      -----    -----      -----    -----
  +--> ?PR?_E_D_M?EEPROM

?PR?_E_D_M?EEPROM                                -----    -----      -----    -----      -----    -----
  +--> ?PR?P_ME?EEPROM

?PR?ACKD?EEPROM                                  -----    -----      -----    -----      -----    -----
  +--> ?PR?_E_D_M?EEPROM

?PR?FIRST_CLAVE?PROG                             -----    -----      -----    -----      0046H    000BH
  +--> ?PR?_BLOCK_READ_CLOCK_ASCII?CLOCK
  +--> ?PR?_HASH_ID?PROG
  +--> ?PR?_ESCRIBIRMEMORIA?EEPROM

?PR?_BLOCK_READ_CLOCK_ASCII?CLOCK                -----    -----      -----    -----      0051H    0003H
  +--> ?PR?_LEE_CLK?CLOCK

?PR?_LEE_CLK?CLOCK                               -----    -----      -----    -----      00B1H    0003H
  +--> ?PR?_DELAY_20US?DELAY
  +--> ?PR?_EB_CLK?CLOCK
  +--> ?PR?P_CK?CLOCK
BL51 BANKED LINKER/LOCATER V6.22.2.0                                                  12/01/2020  12:04:38  PAGE 9



?PR?_EB_CLK?CLOCK                                -----    -----      -----    -----      00B4H    0003H
  +--> ?PR?P_CK?CLOCK

?PR?P_CK?CLOCK                                   -----    -----      -----    -----      -----    -----
  +--> ?PR?DELAY?DELAY

?PR?_HASH_ID?PROG                                -----    -----      -----    -----      005DH    003FH
  +--> ?CO?PROG
  +--> ?PR?_LEERMEMORIA?EEPROM
  +--> ?PR?_CHECK_FECHAOUT?CLOCK
  +--> ?PR?_STRLEN?STRLEN

?PR?_LEERMEMORIA?EEPROM                          -----    -----      -----    -----      009CH    0005H
  +--> ?PR?_RD_EEPROM?EEPROM

?PR?_CHECK_FECHAOUT?CLOCK                        -----    -----      -----    -----      009CH    0012H
  +--> ?PR?_BLOCK_READ_CLOCK_HEX?CLOCK

?PR?_BLOCK_READ_CLOCK_HEX?CLOCK                  -----    -----      -----    -----      00AEH    0003H
  +--> ?PR?_LEE_CLK?CLOCK
  +--> ?PR?_BCD_HEX?CLOCK

?PR?_ESCRIBIRMEMORIA?EEPROM                      -----    -----      -----    -----      005DH    0005H
  +--> ?PR?_WR_EEPROM?EEPROM

?PR?_WR_EEPROM?EEPROM                            -----    -----      -----    -----      -----    -----
  +--> ?PR?START?EEPROM
  +--> ?PR?ACKD?EEPROM
  +--> ?PR?_E_D_M?EEPROM
  +--> ?PR?STOP?EEPROM
  +--> ?PR?_DELAY_1MS?DELAY
  +--> ?PR?_DELAY_20US?DELAY

?PR?_DELAY_1MS?DELAY                             -----    -----      -----    -----      -----    -----
  +--> ?PR?_DELAY_20US?DELAY

?PR?_INGRESADATO?PROG                            -----    -----      -----    -----      0071H    0004H
  +--> ?PR?_GETKEY?MAIN
  +--> ?CO?PROG
  +--> ?PR?PRINTF?PRINTF
  +--> ?PR?_PUTCHAR?MAIN

?PR?_GETKEY?MAIN                                 -----    -----      -----    -----      -----    -----
  +--> ?PR?COM_GETCHAR?UART

?PR?COM_GETCHAR?UART                             -----    -----      -----    -----      -----    -----
  +--> ?PR?COM_RBUFLEN?UART

?PR?_GETCMD?PROG                                 -----    -----      -----    -----      005DH    0007H
  +--> ?CO?PROG
  +--> ?PR?_STRTOK?STRTOK

?PR?_STRTOK?STRTOK                               -----    -----      -----    -----      0064H    0006H
  +--> ?PR?_STRSPN?STRSPN
  +--> ?PR?_STRPBRK?STRPBRK

BL51 BANKED LINKER/LOCATER V6.22.2.0                                                  12/01/2020  12:04:38  PAGE 10


?PR?_STRSPN?STRSPN                               -----    -----      -----    -----      006AH    0008H

?PR?_STRPBRK?STRPBRK                             -----    -----      -----    -----      006AH    0009H

?PR?_VALIDARCLAVE?PROG                           -----    -----      -----    -----      005DH    000EH

?PR?DISPLAYCURSOR?PROG                           -----    -----      -----    -----      -----    -----
  +--> ?CO?PROG
  +--> ?PR?PRINTF?PRINTF

?PR?_GETOPTION?PROG                              -----    -----      -----    -----      0046H    000BH
  +--> ?CO?PROG
  +--> ?PR?_STRTOK?STRTOK

?PR?_STRCAT?STRCAT                               -----    -----      -----    -----      0046H    0009H

?PR?_LISTACOMANDOS?PROG                          -----    -----      -----    -----      0046H    0007H

?PR?PROG_ID_CLIENTE?PROG                         -----    -----      -----    -----      0046H    000CH
  +--> ?PR?_RD_EEPROM?EEPROM
  +--> ?CO?PROG
  +--> ?PR?PRINTF?PRINTF
  +--> ?PR?_INGRESADATO?PROG
  +--> ?PR?_ATOI?ATOI
  +--> ?PR?_WR_EEPROM?EEPROM

?PR?_ATOI?ATOI                                   0020H.0  0000H.1    -----    -----      0071H    0005H
  +--> ?PR?_ISSPACE?ISSPACE
  +--> ?PR?_ISDIGIT?ISDIGIT

?PR?PROG_COD_PARK?PROG                           -----    -----      -----    -----      0046H    000CH
  +--> ?PR?_RD_EEPROM?EEPROM
  +--> ?CO?PROG
  +--> ?PR?PRINTF?PRINTF
  +--> ?PR?_INGRESADATO?PROG
  +--> ?PR?_ATOI?ATOI
  +--> ?PR?_WR_EEPROM?EEPROM

?PR?PROG_TIEMPO_GRACIA?PROG                      -----    -----      -----    -----      0046H    000CH
  +--> ?PR?_RD_EEPROM?EEPROM
  +--> ?CO?PROG
  +--> ?PR?PRINTF?PRINTF
  +--> ?PR?_INGRESADATO?PROG
  +--> ?PR?_ATOI?ATOI
  +--> ?PR?_WR_EEPROM?EEPROM

?PR?PROG_SIN_COBRO?PROG                          -----    -----      -----    -----      0046H    000CH
  +--> ?PR?_RD_EEPROM?EEPROM
  +--> ?CO?PROG
  +--> ?PR?PRINTF?PRINTF
  +--> ?PR?_INGRESADATO?PROG
  +--> ?PR?_ATOI?ATOI
  +--> ?PR?_WR_EEPROM?EEPROM

?PR?PROG_DEBUG?PROG                              -----    -----      -----    -----      0046H    000CH
  +--> ?PR?_RD_EEPROM?EEPROM
  +--> ?CO?PROG
BL51 BANKED LINKER/LOCATER V6.22.2.0                                                  12/01/2020  12:04:38  PAGE 11


  +--> ?PR?PRINTF?PRINTF
  +--> ?PR?_INGRESADATO?PROG
  +--> ?PR?_ATOI?ATOI
  +--> ?PR?_WR_EEPROM?EEPROM

?PR?PROG_USE_LPR?PROG                            -----    -----      -----    -----      0046H    000CH
  +--> ?PR?_RD_EEPROM?EEPROM
  +--> ?CO?PROG
  +--> ?PR?PRINTF?PRINTF
  +--> ?PR?_INGRESADATO?PROG
  +--> ?PR?_ATOI?ATOI
  +--> ?PR?_WR_EEPROM?EEPROM

?PR?TIPO_PANTALLA?PROG                           -----    -----      -----    -----      0046H    000CH
  +--> ?PR?_RD_EEPROM?EEPROM
  +--> ?CO?PROG
  +--> ?PR?PRINTF?PRINTF
  +--> ?PR?_INGRESADATO?PROG
  +--> ?PR?_ATOI?ATOI
  +--> ?PR?_WR_EEPROM?EEPROM

?PR?PROG_TARJETA_AUTOMATICA_O_BOTON?PROG         -----    -----      -----    -----      0046H    000CH
  +--> ?PR?_RD_EEPROM?EEPROM
  +--> ?CO?PROG
  +--> ?PR?PRINTF?PRINTF
  +--> ?PR?_INGRESADATO?PROG
  +--> ?PR?_ATOI?ATOI
  +--> ?PR?_WR_EEPROM?EEPROM

?PR?PROG_ANTIPASSBACK?PROG                       -----    -----      -----    -----      0046H    000CH
  +--> ?PR?_RD_EEPROM?EEPROM
  +--> ?CO?PROG
  +--> ?PR?PRINTF?PRINTF
  +--> ?PR?_INGRESADATO?PROG
  +--> ?PR?_ATOI?ATOI
  +--> ?PR?_WR_EEPROM?EEPROM

?PR?PROG_PLACA?PROG                              -----    -----      -----    -----      0046H    000CH
  +--> ?PR?_RD_EEPROM?EEPROM
  +--> ?CO?PROG
  +--> ?PR?PRINTF?PRINTF
  +--> ?PR?_INGRESADATO?PROG
  +--> ?PR?_ATOI?ATOI
  +--> ?PR?_WR_EEPROM?EEPROM

?PR?PROG_ADDRESS_HIGH_BOARD?PROG                 -----    -----      -----    -----      0046H    000CH
  +--> ?PR?_RD_EEPROM?EEPROM
  +--> ?CO?PROG
  +--> ?PR?PRINTF?PRINTF
  +--> ?PR?_INGRESADATO?PROG
  +--> ?PR?_ATOI?ATOI
  +--> ?PR?_WR_EEPROM?EEPROM

?PR?PROG_HORARIOS?PROG                           -----    -----      -----    -----      0046H    001BH
  +--> ?PR?ADDR_HORARIOS?PROG
  +--> ?CO?PROG
  +--> ?PR?PRINTF?PRINTF
BL51 BANKED LINKER/LOCATER V6.22.2.0                                                  12/01/2020  12:04:38  PAGE 12


  +--> ?PR?_INGRESADATO?PROG
  +--> ?PR?_ATOI?ATOI
  +--> ?PR?_PROG_HORARIOS_ON_OFF?PROG
  +--> ?PR?_WR_EEPROM?EEPROM
  +--> ?PR?_PROG_HORARIO_DIAS?PROG
  +--> ?PR?_PROG_HORARIO_DESDE_HASTA?PROG
  +--> ?PR?_RD_EEPROM?EEPROM

?PR?ADDR_HORARIOS?PROG                           -----    -----      -----    -----      0074H    000BH

?PR?_PROG_HORARIOS_ON_OFF?PROG                   -----    -----      -----    -----      0061H    0010H
  +--> ?PR?_RD_EEPROM?EEPROM
  +--> ?CO?PROG
  +--> ?PR?PRINTF?PRINTF
  +--> ?PR?_INGRESADATO?PROG
  +--> ?PR?_ATOI?ATOI
  +--> ?PR?_WR_EEPROM?EEPROM

?PR?_PROG_HORARIO_DIAS?PROG                      -----    -----      -----    -----      0061H    000FH
  +--> ?CO?PROG
  +--> ?PR?PRINTF?PRINTF
  +--> ?PR?_INGRESADATO?PROG
  +--> ?PR?_WR_EEPROM?EEPROM
  +--> ?PR?_RD_EEPROM?EEPROM

?PR?_PROG_HORARIO_DESDE_HASTA?PROG               -----    -----      -----    -----      0061H    000CH
  +--> ?CO?PROG
  +--> ?PR?PRINTF?PRINTF
  +--> ?PR?_INGRESADATO?PROG
  +--> ?PR?_WR_EEPROM?EEPROM
  +--> ?PR?_RD_EEPROM?EEPROM

?PR?PROG_VALIDAR_TIPO_VEHICULO_MENSUA...         -----    -----      -----    -----      0046H    000CH
  +--> ?PR?_RD_EEPROM?EEPROM
  +--> ?CO?PROG
  +--> ?PR?PRINTF?PRINTF
  +--> ?PR?_INGRESADATO?PROG
  +--> ?PR?_ATOI?ATOI
  +--> ?PR?_WR_EEPROM?EEPROM

?PR?PROG_APB_MENSUAL?PROG                        -----    -----      -----    -----      0046H    000CH
  +--> ?PR?_RD_EEPROM?EEPROM
  +--> ?CO?PROG
  +--> ?PR?PRINTF?PRINTF
  +--> ?PR?_INGRESADATO?PROG
  +--> ?PR?_ATOI?ATOI
  +--> ?PR?_WR_EEPROM?EEPROM

?PR?VER_PROG?PROG                                -----    -----      -----    -----      0046H    0013H
  +--> ?PR?_RD_EEPROM?EEPROM
  +--> ?CO?PROG
  +--> ?PR?PRINTF?PRINTF
  +--> ?PR?VER_HORARIO?PROG
  +--> ?PR?_LEERMEMORIA?EEPROM
  +--> ?PR?_HEX_ASCII?CLOCK

?PR?VER_HORARIO?PROG                             -----    -----      -----    -----      0059H    001BH
BL51 BANKED LINKER/LOCATER V6.22.2.0                                                  12/01/2020  12:04:38  PAGE 13


  +--> ?PR?ADDR_HORARIOS?PROG
  +--> ?CO?PROG
  +--> ?PR?PRINTF?PRINTF
  +--> ?PR?_RD_EEPROM?EEPROM
  +--> ?PR?_VER_HORARIO_DIAS?PROG
  +--> ?PR?_VER_HORARIO_DESDE_HASTA?PROG

?PR?_VER_HORARIO_DIAS?PROG                       -----    -----      -----    -----      0074H    0003H
  +--> ?PR?_RD_EEPROM?EEPROM
  +--> ?CO?PROG
  +--> ?PR?PRINTF?PRINTF

?PR?_VER_HORARIO_DESDE_HASTA?PROG                -----    -----      -----    -----      0074H    0002H
  +--> ?CO?PROG
  +--> ?PR?PRINTF?PRINTF
  +--> ?PR?_RD_EEPROM?EEPROM

?PR?_HEX_ASCII?CLOCK                             -----    -----      -----    -----      005DH    0006H
  +--> ?PR?_HEX_BCD?CLOCK

?PR?SHOW?PROG                                    -----    -----      -----    -----      -----    -----
  +--> ?CO?PROG
  +--> ?PR?PRINTF?PRINTF

?PR?PROG_FECHA_VENCIMIENTO?PROG                  -----    -----      -----    -----      0046H    0017H
  +--> ?PR?_LEERMEMORIA?EEPROM
  +--> ?PR?_HEX_ASCII?CLOCK
  +--> ?CO?PROG
  +--> ?PR?PRINTF?PRINTF
  +--> ?PR?_HASH_ID?PROG
  +--> ?PR?_INGRESADATO?PROG
  +--> ?PR?_GETCMD?PROG
  +--> ?PR?_ESCRIBIRMEMORIA?EEPROM
  +--> ?PR?_VALIDARCLAVE?PROG
  +--> ?PR?_ATOI?ATOI
  +--> ?PR?_WR_EEPROM?EEPROM

?PR?VARIABLE_INICIO?MAIN                         -----    -----      -----    -----      -----    -----
  +--> ?PR?_RD_EEPROM?EEPROM

?PR?SECUENCIA_INICIO_EXPEDIDOR?VERIFI...         -----    -----      -----    -----      0001H    0001H
  +--> ?PR?_INICIALIZA?LINTECH
  +--> ?PR?TRAMA_VALIDACION_P_N?VERIFICADOR
  +--> ?CO?VERIFICADOR
  +--> ?PR?_DEBUG_TXT_TIBBO?TIBBO
  +--> ?PR?_DEBUGBUFFERMF?TIBBO
  +--> ?PR?DWLOAD_EEPROM?LINTECH

?PR?_INICIALIZA?LINTECH                          -----    -----      -----    -----      0002H    000CH
  +--> ?CO?LINTECH
  +--> ?PR?_DEBUG_TXT_TIBBO?TIBBO
  +--> ?PR?_DEBUGBUFFERMF?TIBBO
  +--> ?PR?_ESCRIBIRCADENASOFT_BUFFER?MAIN

?PR?_DEBUG_TXT_TIBBO?TIBBO                       -----    -----      -----    -----      0037H    0004H
  +--> ?PR?_DEBUG_CHR_TIBBO?TIBBO
  +--> ?CO?TIBBO
BL51 BANKED LINKER/LOCATER V6.22.2.0                                                  12/01/2020  12:04:38  PAGE 14


  +--> ?PR?_TX_AUX?TIBBO

?PR?_DEBUG_CHR_TIBBO?TIBBO                       -----    -----      -----    -----      -----    -----
  +--> ?PR?_TX_AUX?TIBBO

?PR?_DEBUGBUFFERMF?TIBBO                         -----    -----      -----    -----      0027H    0006H
  +--> ?CO?TIBBO
  +--> ?PR?_DEBUG_TXT_TIBBO?TIBBO
  +--> ?PR?_DEBUG_CHR_TIBBO?TIBBO
  +--> ?PR?_TX_AUX?TIBBO

?PR?_ESCRIBIRCADENASOFT_BUFFER?MAIN              -----    -----      -----    -----      0027H    0006H
  +--> ?PR?_PUTCHAR?MAIN

?PR?TRAMA_VALIDACION_P_N?VERIFICADOR             -----    -----      -----    -----      -----    -----
  +--> ?CO?VERIFICADOR
  +--> ?PR?_DEBUG_TXT_TIBBO?TIBBO

?PR?DWLOAD_EEPROM?LINTECH                        -----    -----      -----    -----      0002H    0016H
  +--> ?CO?LINTECH
  +--> ?PR?_DEBUG_TXT_TIBBO?TIBBO
  +--> ?PR?_DEBUGBUFFERMF?TIBBO
  +--> ?PR?_ESCRIBIRCADENASOFT_BUFFER?MAIN

?PR?RX_MONITOR?MONITOR                           -----    -----      -----    -----      0009H    000DH
  +--> ?PR?_RECIBE_CMD_MONITOR?MONITOR
  +--> ?PR?_DEBUG_MONITOR?TIBBO
  +--> ?PR?_VALIDA_TRAMA_MONITOR?MONITOR

?PR?_RECIBE_CMD_MONITOR?MONITOR                  -----    -----      -----    -----      0016H    0009H
  +--> ?PR?RX_DATA?TIBBO

?PR?RX_DATA?TIBBO                                -----    -----      -----    -----      -----    -----
  +--> ?PR?TIME_MBIT?TIBBO
  +--> ?PR?TIME_BIT?TIBBO

?PR?_DEBUG_MONITOR?TIBBO                         -----    -----      -----    -----      0016H    0004H
  +--> ?PR?DEBUG_DIVIDIR_TEXTO?TIBBO
  +--> ?CO?TIBBO
  +--> ?PR?_DEBUG_TXT_TIBBO?TIBBO

?PR?DEBUG_DIVIDIR_TEXTO?TIBBO                    -----    -----      -----    -----      -----    -----
  +--> ?CO?TIBBO
  +--> ?PR?_DEBUG_TXT_TIBBO?TIBBO

?PR?_VALIDA_TRAMA_MONITOR?MONITOR                -----    -----      -----    -----      0016H    0006H
  +--> ?PR?_DELAY_10MS?DELAY
  +--> ?PR?_TX_AUX?TIBBO

?PR?_DELAY_10MS?DELAY                            -----    -----      -----    -----      001CH    0004H
  +--> ?PR?_DELAY_1MS?DELAY

?PR?_SECUENCIAEXPEDIDORMF?VERIFICADOR            -----    -----      -----    -----      0001H    0001H
  +--> ?PR?_CHECK_STATUS?LINTECH
  +--> ?PR?_LOAD_SECUENCIA_EXPEDIDOR?VERIFIC...
  +--> ?PR?RX_MONITOR?MONITOR
  +--> ?PR?_RTA_CMD_TRANSPORTE?VERIFICADOR
BL51 BANKED LINKER/LOCATER V6.22.2.0                                                  12/01/2020  12:04:38  PAGE 15


  +--> ?PR?_MOV_CARD?LINTECH
  +--> ?PR?_CARD_INSERCION?LINTECH
  +--> ?PR?AUT_CARD_CHECK_STATUS?LINTECH
  +--> ?PR?LOADVERIFY_EEPROM?LINTECH
  +--> ?PR?_RD_MF?LINTECH
  +--> ?PR?_WR_MF?LINTECH
  +--> ?PR?DWLOAD_EEPROM?LINTECH
  +--> ?PR?ENTREGA_CARD_CAPTURA?VERIFICADOR
  +--> ?PR?_SEND_PTO_PARALELO?VERIFICADOR
  +--> ?PR?_WAIT_PLACA?VERIFICADOR
  +--> ?PR?UNIQUE_IDENTIFIER_UID?LINTECH
  +--> ?PR?_PREGUNTA_LPR?VERIFICADOR
  +--> ?PR?PREGUNTA_PLACA?VERIFICADOR
  +--> ?PR?_VALIDA_TIPO_TARJETA?VERIFICADOR
  +--> ?PR?POWER_OFF?LINTECH
  +--> ?PR?CLAVE_SEGURIDAD_S2?LINTECH
  +--> ?PR?RESPONDE_ESTADO_SENSORES_TRANSPOR...
  +--> ?PR?RESPONDE_TIPO_TARJETA?VERIFICADOR
  +--> ?PR?_RESPONDE_LECTURA_TARJETA_SECTOR1...
  +--> ?PR?_RESPONDE_LECTURA_TARJETA_SECTOR1...
  +--> ?PR?_RESPONDE_LECTURA_TARJETA_SECTOR1...
  +--> ?PR?_RESPONDE_WRITE_TARJETA_SECTOR1_B...
  +--> ?PR?_RESPONDE_WRITE_TARJETA_SECTOR2_B...
  +--> ?PR?_RESPONDE_WRITE_TARJETA_SECTOR1_B...
  +--> ?PR?_RESPONDE_WRITE_TARJETA_SECTOR1_B...
  +--> ?PR?_DISPARO_LOCK_ENTRADA_VEHICULO?VE...
  +--> ?PR?_RESPUESTA_SEGUNDA_CLAVE?VERIFICADOR
  +--> ?PR?ANALIZA_PRESENCIA_MENSUAL?VERIFIC...
  +--> ?PR?_ANALIZA_UID_CARD?VERIFICADOR
  +--> ?PR?ANALIZA_PRESENCIA_ROTACION?VERIFI...
  +--> ?CO?VERIFICADOR
  +--> ?PR?_DEBUG_TXT_TIBBO?TIBBO

?PR?_CHECK_STATUS?LINTECH                        -----    -----      -----    -----      0002H    000BH
  +--> ?CO?LINTECH
  +--> ?PR?_DEBUG_TXT_TIBBO?TIBBO
  +--> ?PR?_DEBUGBUFFERMF?TIBBO
  +--> ?PR?_ESCRIBIRCADENASOFT_BUFFER?MAIN

?PR?_LOAD_SECUENCIA_EXPEDIDOR?VERIFIC...         -----    -----      -----    -----      0002H    0009H

?PR?_RTA_CMD_TRANSPORTE?VERIFICADOR              -----    -----      -----    -----      0002H    0005H
  +--> ?PR?TRAMA_VALIDACION_P_N?VERIFICADOR
  +--> ?CO?VERIFICADOR
  +--> ?PR?_DEBUG_TXT_TIBBO?TIBBO
  +--> ?PR?_DEBUGBUFFERMF?TIBBO
  +--> ?PR?ERROR_RX_PTO?VERIFICADOR

?PR?ERROR_RX_PTO?VERIFICADOR                     -----    -----      -----    -----      0007H    0001H
  +--> ?CO?VERIFICADOR
  +--> ?PR?_DEBUG_TXT_TIBBO?TIBBO
  +--> ?PR?_DEBUG_CHR_TIBBO?TIBBO
  +--> ?PR?_DELAY_10MS?DELAY

?PR?_MOV_CARD?LINTECH                            -----    -----      -----    -----      0002H    000CH
  +--> ?CO?LINTECH
  +--> ?PR?_DEBUG_TXT_TIBBO?TIBBO
BL51 BANKED LINKER/LOCATER V6.22.2.0                                                  12/01/2020  12:04:38  PAGE 16


  +--> ?PR?_DEBUGBUFFERMF?TIBBO
  +--> ?PR?_ESCRIBIRCADENASOFT_BUFFER?MAIN

?PR?_CARD_INSERCION?LINTECH                      -----    -----      -----    -----      0002H    000AH
  +--> ?CO?LINTECH
  +--> ?PR?_DEBUG_TXT_TIBBO?TIBBO
  +--> ?PR?_DEBUGBUFFERMF?TIBBO
  +--> ?PR?_ESCRIBIRCADENASOFT_BUFFER?MAIN

?PR?AUT_CARD_CHECK_STATUS?LINTECH                -----    -----      -----    -----      0002H    000BH
  +--> ?CO?LINTECH
  +--> ?PR?_DEBUG_TXT_TIBBO?TIBBO
  +--> ?PR?_DEBUGBUFFERMF?TIBBO
  +--> ?PR?_ESCRIBIRCADENASOFT_BUFFER?MAIN

?PR?LOADVERIFY_EEPROM?LINTECH                    -----    -----      -----    -----      0002H    0010H
  +--> ?CO?LINTECH
  +--> ?PR?_DEBUG_TXT_TIBBO?TIBBO
  +--> ?PR?_DEBUGBUFFERMF?TIBBO
  +--> ?PR?_ESCRIBIRCADENASOFT_BUFFER?MAIN

?PR?_RD_MF?LINTECH                               -----    -----      -----    -----      0002H    0012H
  +--> ?CO?LINTECH
  +--> ?PR?_DEBUG_TXT_TIBBO?TIBBO
  +--> ?PR?_DEBUG_CHR_TIBBO?TIBBO
  +--> ?PR?_DEBUGBUFFERMF?TIBBO
  +--> ?PR?_ESCRIBIRCADENASOFT_BUFFER?MAIN

?PR?_WR_MF?LINTECH                               -----    -----      -----    -----      0002H    0025H
  +--> ?CO?LINTECH
  +--> ?PR?_DEBUG_TXT_TIBBO?TIBBO
  +--> ?PR?_DEBUG_CHR_TIBBO?TIBBO
  +--> ?PR?_DEBUGBUFFERMF?TIBBO
  +--> ?PR?_ESCRIBIRCADENASOFT_BUFFER?MAIN

?PR?ENTREGA_CARD_CAPTURA?VERIFICADOR             -----    -----      -----    -----      0002H    0001H
  +--> ?CO?VERIFICADOR
  +--> ?PR?_DEBUG_TXT_TIBBO?TIBBO
  +--> ?PR?SEL_SENSOR2?IO_SENSORES
  +--> ?PR?VALIDASENSOR?IO_SENSORES
  +--> ?PR?VALIDA_SENSOR1_AUTO?IO_SENSORES

?PR?VALIDA_SENSOR1_AUTO?IO_SENSORES              -----    -----      -----    -----      0011H    0001H
  +--> ?PR?SEL_SENSOR1?IO_SENSORES
  +--> ?PR?SEL_AUTO?IO_SENSORES
  +--> ?CO?IO_SENSORES
  +--> ?PR?_DEBUG_TXT_TIBBO?TIBBO
  +--> ?PR?BOTTON?IO_SENSORES

?PR?BOTTON?IO_SENSORES                           -----    -----      -----    -----      -----    -----
  +--> ?PR?SEL_PULSA?IO_SENSORES
  +--> ?CO?IO_SENSORES
  +--> ?PR?_DEBUG_TXT_TIBBO?TIBBO

?PR?_SEND_PTO_PARALELO?VERIFICADOR               -----    -----      -----    -----      0002H    0004H
  +--> ?PR?_ARMAR_TRAMA_PTO_PARALELO_EXPEDID...
  +--> ?PR?_ARMAR_TRAMA_PTO_PARALELO_EXPEDID...
BL51 BANKED LINKER/LOCATER V6.22.2.0                                                  12/01/2020  12:04:38  PAGE 17


  +--> ?PR?INCREMENTE_TICKET?EEPROM
  +--> ?PR?_SEND_PORT?PTO_PARALELO
  +--> ?CO?VERIFICADOR
  +--> ?PR?_DEBUG_TXT_TIBBO?TIBBO
  +--> ?PR?_DEBUGBUFFERMF?TIBBO
  +--> ?PR?CLEAR_PLACA?MONITOR

?PR?_ARMAR_TRAMA_PTO_PARALELO_EXPEDID...         -----    -----      -----    -----      0006H    0006H
  +--> ?PR?_BLOCK_READ_CLOCK_HEX?CLOCK
  +--> ?PR?_RD_EEPROM?EEPROM

?PR?_ARMAR_TRAMA_PTO_PARALELO_EXPEDID...         -----    -----      -----    -----      0006H    000FH
  +--> ?PR?LEE_NO_TICKET?EEPROM
  +--> ?PR?_STRCAT?STRCAT
  +--> ?PR?_STRLEN?STRLEN
  +--> ?PR?_BLOCK_READ_CLOCK_HEX?CLOCK
  +--> ?PR?_RD_EEPROM?EEPROM

?PR?LEE_NO_TICKET?EEPROM                         -----    -----      -----    -----      001DH    000BH
  +--> ?PR?READ_EEPROM_TICKET?EEPROM
  +--> ?CO?EEPROM
  +--> ?PR?PRINTF?PRINTF
  +--> ?PR?_STRLEN?STRLEN
  +--> ?PR?_DEBUG_TXT_TIBBO?TIBBO

?PR?READ_EEPROM_TICKET?EEPROM                    -----    -----      -----    -----      0028H    0007H
  +--> ?PR?_RD_EEPROM?EEPROM

?PR?INCREMENTE_TICKET?EEPROM                     -----    -----      -----    -----      0006H    000BH
  +--> ?PR?READ_EEPROM_TICKET?EEPROM
  +--> ?CO?EEPROM
  +--> ?PR?PRINTF?PRINTF
  +--> ?PR?_WRITE_EEPROM_TICKET?EEPROM

?PR?_WRITE_EEPROM_TICKET?EEPROM                  -----    -----      -----    -----      0015H    000BH
  +--> ?CO?EEPROM
  +--> ?PR?_DEBUG_TXT_TIBBO?TIBBO
  +--> ?PR?_ATOL?ATOL
  +--> ?PR?_DEBUG_CHR_TIBBO?TIBBO
  +--> ?PR?_WR_EEPROM?EEPROM

?PR?_ATOL?ATOL                                   0020H.0  0000H.1    -----    -----      0020H    0007H
  +--> ?PR?_ISSPACE?ISSPACE
  +--> ?PR?_ISDIGIT?ISDIGIT

?PR?_SEND_PORT?PTO_PARALELO                      -----    -----      -----    -----      0015H    000AH
  +--> ?PR?PULSO_BUS?PTO_PARALELO
  +--> ?PR?_DELAY_20US?DELAY

?PR?PULSO_BUS?PTO_PARALELO                       -----    -----      -----    -----      -----    -----
  +--> ?PR?_DELAY_20US?DELAY

?PR?_WAIT_PLACA?VERIFICADOR                      -----    -----      -----    -----      0002H    0007H
  +--> ?CO?VERIFICADOR
  +--> ?PR?_DEBUG_TXT_TIBBO?TIBBO
  +--> ?PR?RX_MONITOR?MONITOR
  +--> ?PR?_RESPUESTA_PLACA_CANCEL?VERIFICADOR
BL51 BANKED LINKER/LOCATER V6.22.2.0                                                  12/01/2020  12:04:38  PAGE 18



?PR?_RESPUESTA_PLACA_CANCEL?VERIFICADOR          -----    -----      -----    -----      0009H    000AH
  +--> ?CO?VERIFICADOR
  +--> ?PR?_DEBUG_TXT_TIBBO?TIBBO
  +--> ?PR?_ARMAR_TRAMA_TARJETA_SECTOR1_BLOQ...

?PR?_ARMAR_TRAMA_TARJETA_SECTOR1_BLOQ...         -----    -----      -----    -----      0013H    0004H
  +--> ?PR?CLEAR_PLACA?MONITOR
  +--> ?PR?_RD_EEPROM?EEPROM

?PR?UNIQUE_IDENTIFIER_UID?LINTECH                -----    -----      -----    -----      0002H    000BH
  +--> ?CO?LINTECH
  +--> ?PR?_DEBUG_TXT_TIBBO?TIBBO
  +--> ?PR?_DEBUGBUFFERMF?TIBBO
  +--> ?PR?_ESCRIBIRCADENASOFT_BUFFER?MAIN

?PR?_PREGUNTA_LPR?VERIFICADOR                    -----    -----      -----    -----      0002H    0003H
  +--> ?CO?VERIFICADOR
  +--> ?PR?_DEBUG_TXT_TIBBO?TIBBO
  +--> ?PR?_RD_EEPROM?EEPROM
  +--> ?PR?_ARMAR_TRAMA_MONITOR?VERIFICADOR

?PR?_ARMAR_TRAMA_MONITOR?VERIFICADOR             -----    -----      -----    -----      0005H    000FH
  +--> ?PR?DIR_BOARD_MONITOR?IO_SENSORES
  +--> ?PR?LEE_NO_TICKET?EEPROM
  +--> ?PR?_STRCAT?STRCAT
  +--> ?PR?_BYTEHEX_DECIMAL?CLOCK
  +--> ?PR?_STRLEN?STRLEN
  +--> ?PR?_TWO_BYTEHEX_DECIMAL?CLOCK
  +--> ?PR?_BLOCK_READ_CLOCK_ASCII?CLOCK

?PR?DIR_BOARD_MONITOR?IO_SENSORES                -----    -----      -----    -----      -----    -----
  +--> ?PR?_RD_EEPROM?EEPROM

?PR?_BYTEHEX_DECIMAL?CLOCK                       -----    -----      -----    -----      0014H    0001H

?PR?_TWO_BYTEHEX_DECIMAL?CLOCK                   -----    -----      -----    -----      0014H    000CH
  +--> ?PR?_POW?POW

?PR?_POW?POW                                     -----    -----      -----    -----      0020H    000AH
  +--> ?PR?LOG?LOG
  +--> ?PR?EXP?EXP

?PR?LOG?LOG                                      0020H.0  0000H.1    -----    -----      002AH    0004H

?PR?PREGUNTA_PLACA?VERIFICADOR                   -----    -----      -----    -----      0002H    0001H
  +--> ?CO?VERIFICADOR
  +--> ?PR?_DEBUG_TXT_TIBBO?TIBBO
  +--> ?PR?_RD_EEPROM?EEPROM

?PR?_VALIDA_TIPO_TARJETA?VERIFICADOR             -----    -----      -----    -----      0002H    0007H
  +--> ?CO?VERIFICADOR
  +--> ?PR?_DEBUG_TXT_TIBBO?TIBBO
  +--> ?PR?_RD_EEPROM?EEPROM
  +--> ?PR?_TARJETA_MENSUAL?VERIFICADOR
  +--> ?PR?_SEND_PORTERR?PTO_PARALELO
  +--> ?PR?_PANTALLALCD?PANTALLAS
BL51 BANKED LINKER/LOCATER V6.22.2.0                                                  12/01/2020  12:04:38  PAGE 19


  +--> ?PR?CAPTURA_EXPULSA?VERIFICADOR
  +--> ?PR?_TARJETA_ROTACION?VERIFICADOR

?PR?_TARJETA_MENSUAL?VERIFICADOR                 -----    -----      -----    -----      0009H    0007H
  +--> ?PR?_HORARIOS?VERIFICADOR
  +--> ?PR?_CHECK_FECHAOUT?CLOCK
  +--> ?PR?_VALIDA_VEHICULO_CARD_MENSUAL?VER...
  +--> ?PR?CAPTURA_EXPULSA?VERIFICADOR
  +--> ?CO?VERIFICADOR
  +--> ?PR?_DEBUG_TXT_TIBBO?TIBBO
  +--> ?PR?_ARMAR_TRAMA_TARJETA_SECTOR1_BLOQ...
  +--> ?PR?_SEND_PORTERR?PTO_PARALELO
  +--> ?PR?_PANTALLALCD?PANTALLAS

?PR?_HORARIOS?VERIFICADOR                        -----    -----      -----    -----      0010H    0013H
  +--> ?PR?ADDR_HORARIOS?PROG
  +--> ?PR?_RD_EEPROM?EEPROM
  +--> ?PR?_LEE_CLK?CLOCK
  +--> ?CO?VERIFICADOR
  +--> ?PR?_DEBUG_TXT_TIBBO?TIBBO
  +--> ?PR?_DEBUG_CHR_TIBBO?TIBBO
  +--> ?PR?_BLOQUE_HORARIO?VERIFICADOR
  +--> ?PR?_PANTALLALCD?PANTALLAS

?PR?_BLOQUE_HORARIO?VERIFICADOR                  -----    -----      -----    -----      0023H    0007H
  +--> ?CO?VERIFICADOR
  +--> ?PR?_DEBUG_TXT_TIBBO?TIBBO
  +--> ?PR?_LEE_CLK?CLOCK
  +--> ?PR?_DEBUG_CHR_TIBBO?TIBBO
  +--> ?PR?_HORA_MAXIMA?VERIFICADOR
  +--> ?PR?_EN_HORARIO?VERIFICADOR
  +--> ?PR?_RD_EEPROM?EEPROM
  +--> ?PR?_SEND_PORTERR?PTO_PARALELO
  +--> ?PR?_PANTALLALCD?PANTALLAS

?PR?_HORA_MAXIMA?VERIFICADOR                     -----    -----      -----    -----      002FH    0008H
  +--> ?PR?_RD_EEPROM?EEPROM
  +--> ?PR?_DEBUG_CHR_TIBBO?TIBBO
  +--> ?CO?VERIFICADOR
  +--> ?PR?_DEBUG_TXT_TIBBO?TIBBO

?PR?_EN_HORARIO?VERIFICADOR                      -----    -----      -----    -----      002AH    0005H
  +--> ?CO?VERIFICADOR
  +--> ?PR?_DEBUG_TXT_TIBBO?TIBBO
  +--> ?PR?_HORA_MAXIMA?VERIFICADOR

?PR?_SEND_PORTERR?PTO_PARALELO                   -----    -----      -----    -----      002AH    0006H
  +--> ?PR?PULSO_BUS?PTO_PARALELO
  +--> ?PR?_DELAY_20US?DELAY

?PR?_PANTALLALCD?PANTALLAS                       -----    -----      -----    -----      002AH    000AH
  +--> ?CO?PANTALLAS
  +--> ?PR?_INIT_MEMPOOL?INIT_MEM
  +--> ?PR?_MALLOC?MALLOC
  +--> ?PR?_LCD_TXT?PANTALLAS
  +--> ?PR?_STRLEN?STRLEN
  +--> ?PR?_TX_CHRLCD?PANTALLAS
BL51 BANKED LINKER/LOCATER V6.22.2.0                                                  12/01/2020  12:04:38  PAGE 20


  +--> ?PR?_RASPBERRY_DATA?PANTALLAS
  +--> ?PR?_FREE?FREE

?PR?_MALLOC?MALLOC                               -----    -----      -----    -----      0034H    0006H

?PR?_LCD_TXT?PANTALLAS                           -----    -----      -----    -----      0034H    0005H
  +--> ?PR?_TX_CHRLCD?PANTALLAS

?PR?_TX_CHRLCD?PANTALLAS                         -----    -----      -----    -----      0039H    0002H
  +--> ?PR?_PUTCHAR?MAIN

?PR?_RASPBERRY_DATA?PANTALLAS                    -----    -----      -----    -----      0034H    0006H
  +--> ?PR?_STRLEN?STRLEN
  +--> ?PR?_PUTCHAR?MAIN

?PR?_FREE?FREE                                   -----    -----      -----    -----      0034H    0006H

?PR?_VALIDA_VEHICULO_CARD_MENSUAL?VER...         -----    -----      -----    -----      0010H    0004H
  +--> ?CO?VERIFICADOR
  +--> ?PR?_DEBUG_TXT_TIBBO?TIBBO
  +--> ?PR?_RD_EEPROM?EEPROM
  +--> ?PR?_SEND_PORTERR?PTO_PARALELO

?PR?_ARMAR_TRAMA_TARJETA_SECTOR1_BLOQ...         -----    -----      -----    -----      0010H    0006H
  +--> ?PR?_BLOCK_READ_CLOCK_HEX?CLOCK
  +--> ?PR?DIR_BOARD?IO_SENSORES

?PR?DIR_BOARD?IO_SENSORES                        -----    -----      -----    -----      0032H    0001H
  +--> ?PR?SEL_DIR1?IO_SENSORES
  +--> ?PR?SEL_DIR2?IO_SENSORES
  +--> ?PR?_RD_EEPROM?EEPROM

?PR?_TARJETA_ROTACION?VERIFICADOR                -----    -----      -----    -----      0009H    0006H
  +--> ?PR?_ARMAR_TRAMA_TARJETA_SECTOR1_BLOQ...

?PR?POWER_OFF?LINTECH                            -----    -----      -----    -----      0002H    000BH
  +--> ?CO?LINTECH
  +--> ?PR?_DEBUG_TXT_TIBBO?TIBBO
  +--> ?PR?_DEBUGBUFFERMF?TIBBO
  +--> ?PR?_ESCRIBIRCADENASOFT_BUFFER?MAIN

?PR?CLAVE_SEGURIDAD_S2?LINTECH                   -----    -----      -----    -----      0002H    0016H
  +--> ?CO?LINTECH
  +--> ?PR?_DEBUG_TXT_TIBBO?TIBBO
  +--> ?PR?_DEBUGBUFFERMF?TIBBO
  +--> ?PR?_ESCRIBIRCADENASOFT_BUFFER?MAIN

?PR?RESPONDE_ESTADO_SENSORES_TRANSPOR...         -----    -----      -----    -----      0002H    0001H
  +--> ?CO?VERIFICADOR
  +--> ?PR?_DEBUG_TXT_TIBBO?TIBBO
  +--> ?PR?_SEND_PORTERR?PTO_PARALELO
  +--> ?PR?INGRESO_VEHICULO?VERIFICADOR

?PR?INGRESO_VEHICULO?VERIFICADOR                 -----    -----      -----    -----      -----    -----
  +--> ?PR?VALIDASENSORESPASO?IO_SENSORES
  +--> ?PR?_RD_EEPROM?EEPROM
  +--> ?CO?VERIFICADOR
BL51 BANKED LINKER/LOCATER V6.22.2.0                                                  12/01/2020  12:04:38  PAGE 21


  +--> ?PR?_DEBUG_TXT_TIBBO?TIBBO
  +--> ?PR?_PANTALLALCD?PANTALLAS
  +--> ?PR?BOTTON?IO_SENSORES

?PR?VALIDASENSORESPASO?IO_SENSORES               -----    -----      -----    -----      0010H    0001H
  +--> ?PR?SEL_SENSOR2?IO_SENSORES
  +--> ?PR?VALIDASENSOR?IO_SENSORES
  +--> ?PR?VALIDA_SENSOR1_AUTO?IO_SENSORES
  +--> ?CO?IO_SENSORES
  +--> ?PR?_DEBUG_TXT_TIBBO?TIBBO

?PR?RESPONDE_TIPO_TARJETA?VERIFICADOR            -----    -----      -----    -----      0002H    0001H
  +--> ?CO?VERIFICADOR
  +--> ?PR?_DEBUG_TXT_TIBBO?TIBBO
  +--> ?PR?_SEND_PORTERR?PTO_PARALELO
  +--> ?PR?_PANTALLALCD?PANTALLAS
  +--> ?PR?CAPTURA_EXPULSA?VERIFICADOR

?PR?_RESPONDE_LECTURA_TARJETA_SECTOR1...         -----    -----      -----    -----      0002H    0016H
  +--> ?CO?VERIFICADOR
  +--> ?PR?_DEBUG_TXT_TIBBO?TIBBO
  +--> ?PR?_DEBUGBUFFERMF?TIBBO
  +--> ?PR?_RD_EEPROM?EEPROM
  +--> ?PR?_DEBUG_HEXDEC?TIBBO
  +--> ?PR?_DEBUG_CHR_TIBBO?TIBBO
  +--> ?PR?_SEND_PORTERR?PTO_PARALELO
  +--> ?PR?_PANTALLALCD?PANTALLAS
  +--> ?PR?CAPTURA_EXPULSA?VERIFICADOR

?PR?_DEBUG_HEXDEC?TIBBO                          -----    -----      -----    -----      0018H    0002H
  +--> ?PR?_TX_AUX?TIBBO

?PR?_RESPONDE_LECTURA_TARJETA_SECTOR1...         -----    -----      -----    -----      0002H    0004H
  +--> ?CO?VERIFICADOR
  +--> ?PR?_DEBUG_TXT_TIBBO?TIBBO
  +--> ?PR?CAPTURA_EXPULSA?VERIFICADOR

?PR?_RESPONDE_LECTURA_TARJETA_SECTOR1...         -----    -----      -----    -----      0002H    0015H
  +--> ?CO?VERIFICADOR
  +--> ?PR?_DEBUG_TXT_TIBBO?TIBBO
  +--> ?PR?_DEBUGBUFFERMF?TIBBO
  +--> ?PR?_DEBUG_CHR_TIBBO?TIBBO
  +--> ?PR?CAPTURA_EXPULSA?VERIFICADOR

?PR?_RESPONDE_WRITE_TARJETA_SECTOR1_B...         -----    -----      -----    -----      0002H    0007H
  +--> ?CO?VERIFICADOR
  +--> ?PR?_DEBUG_TXT_TIBBO?TIBBO
  +--> ?PR?_DEBUGBUFFERMF?TIBBO
  +--> ?PR?_ARMAR_TRAMA_TARJETA_SECTOR1_BLOQ...

?PR?_ARMAR_TRAMA_TARJETA_SECTOR1_BLOQ...         -----    -----      -----    -----      0009H    0003H
  +--> ?PR?LEE_NO_TICKET?EEPROM

?PR?_RESPONDE_WRITE_TARJETA_SECTOR2_B...         -----    -----      -----    -----      0002H    0003H
  +--> ?CO?VERIFICADOR
  +--> ?PR?_DEBUG_TXT_TIBBO?TIBBO
  +--> ?PR?_DEBUGBUFFERMF?TIBBO
BL51 BANKED LINKER/LOCATER V6.22.2.0                                                  12/01/2020  12:04:38  PAGE 22



?PR?_RESPONDE_WRITE_TARJETA_SECTOR1_B...         -----    -----      -----    -----      0002H    0003H
  +--> ?CO?VERIFICADOR
  +--> ?PR?_DEBUG_TXT_TIBBO?TIBBO
  +--> ?PR?_DEBUGBUFFERMF?TIBBO

?PR?_RESPONDE_WRITE_TARJETA_SECTOR1_B...         -----    -----      -----    -----      0002H    0003H
  +--> ?CO?VERIFICADOR
  +--> ?PR?_DEBUG_TXT_TIBBO?TIBBO
  +--> ?PR?_DEBUGBUFFERMF?TIBBO

?PR?_DISPARO_LOCK_ENTRADA_VEHICULO?VE...         -----    -----      -----    -----      0002H    0004H
  +--> ?CO?VERIFICADOR
  +--> ?PR?_DEBUG_TXT_TIBBO?TIBBO
  +--> ?PR?_PANTALLALCD?PANTALLAS
  +--> ?PR?_SEND_PORTERR?PTO_PARALELO
  +--> ?PR?_PANTALLALCD_LINEA_2?PANTALLAS
  +--> ?PR?VALIDA_SENSOR1_AUTO?IO_SENSORES

?PR?_PANTALLALCD_LINEA_2?PANTALLAS               -----    -----      -----    -----      0010H    000DH
  +--> ?CO?PANTALLAS
  +--> ?PR?_INIT_MEMPOOL?INIT_MEM
  +--> ?PR?_MALLOC?MALLOC
  +--> ?PR?_LCD_TXT?PANTALLAS
  +--> ?PR?_STRLEN?STRLEN
  +--> ?PR?_TX_CHRLCD?PANTALLAS
  +--> ?PR?_RASPBERRY_DATA?PANTALLAS
  +--> ?PR?LEE_NO_TICKET?EEPROM
  +--> ?PR?_STRCAT?STRCAT
  +--> ?PR?_FREE?FREE

?PR?_RESPUESTA_SEGUNDA_CLAVE?VERIFICADOR         -----    -----      -----    -----      0002H    0006H
  +--> ?CO?VERIFICADOR
  +--> ?PR?_DEBUG_TXT_TIBBO?TIBBO
  +--> ?PR?_DEBUGBUFFERMF?TIBBO
  +--> ?PR?_ARMAR_TRAMA_PLACA?VERIFICADOR

?PR?_ARMAR_TRAMA_PLACA?VERIFICADOR               -----    -----      -----    -----      0008H    0003H
  +--> ?PR?_STRLEN?STRLEN

?PR?ANALIZA_PRESENCIA_MENSUAL?VERIFIC...         -----    -----      -----    -----      0002H    0001H
  +--> ?PR?VALIDASENSORESPASO?IO_SENSORES
  +--> ?PR?_SEND_PORTERR?PTO_PARALELO
  +--> ?PR?_PANTALLALCD?PANTALLAS

?PR?_ANALIZA_UID_CARD?VERIFICADOR                -----    -----      -----    -----      0002H    0015H
  +--> ?CO?VERIFICADOR
  +--> ?PR?_DEBUG_TXT_TIBBO?TIBBO
  +--> ?PR?_DEBUGBUFFERMF?TIBBO
  +--> ?PR?_DEBUG_CHR_TIBBO?TIBBO

?PR?ANALIZA_PRESENCIA_ROTACION?VERIFI...         -----    -----      -----    -----      0002H    0001H
  +--> ?PR?VALIDASENSORESPASO?IO_SENSORES
  +--> ?PR?_SEND_PORTERR?PTO_PARALELO
  +--> ?PR?_PANTALLALCD?PANTALLAS

?PR?_RECIBE_PORT?PTO_PARALELO                    -----    -----      -----    -----      0001H    0008H
BL51 BANKED LINKER/LOCATER V6.22.2.0                                                  12/01/2020  12:04:38  PAGE 23


  +--> ?PR?OFF_TIMER0_INTERRUP?MAIN
  +--> ?PR?ON_TIMER0_INTERRUP?MAIN

?PR?_DEBUG_PTO_PARALELO?TIBBO                    -----    -----      -----    -----      0001H    0004H
  +--> ?PR?DEBUG_DIVIDIR_TEXTO?TIBBO
  +--> ?CO?TIBBO
  +--> ?PR?_DEBUG_TXT_TIBBO?TIBBO
  +--> ?PR?_DEBUGBUFFERMF?TIBBO

?PR?_VALIDA_TRAMA_PTO?ACCESCAN                   -----    -----      -----    -----      0001H    000FH
  +--> ?PR?_VALIDAR_CLK?CLOCK
  +--> ?PR?_BLOCK_WRITE_CLOCK_ASCII?CLOCK
  +--> ?PR?RELOJ_PANTALLA_LCD?PANTALLAS
  +--> ?PR?_PANTALLALCD?PANTALLAS
  +--> ?CO?ACCESCAN
  +--> ?PR?_DEBUG_TXT_TIBBO?TIBBO
  +--> ?PR?_BYTEHEX_DECIMAL?CLOCK
  +--> ?PR?_TWO_BYTEHEX_DECIMAL?CLOCK
  +--> ?PR?VALIDASENSORESPASO?IO_SENSORES
  +--> ?PR?_CMD_LPR_SALIDA_WIEGAND?ACCESCAN
  +--> ?PR?_PANTALLALCD_LINEA_2?PANTALLAS
  +--> ?PR?_GRABA_SERIE?EEPROM

?PR?_BLOCK_WRITE_CLOCK_ASCII?CLOCK               -----    -----      -----    -----      0010H    0003H
  +--> ?PR?_TWO_ONE?CLOCK
  +--> ?PR?_WR_CLK?CLOCK

?PR?_WR_CLK?CLOCK                                -----    -----      -----    -----      0013H    0002H
  +--> ?PR?_DELAY_20US?DELAY
  +--> ?PR?_EB_CLK?CLOCK

?PR?RELOJ_PANTALLA_LCD?PANTALLAS                 -----    -----      -----    -----      0010H    000DH
  +--> ?CO?PANTALLAS
  +--> ?PR?_BLOCK_READ_CLOCK?CLOCK
  +--> ?PR?_LCD_TXT_NUM_CHAR?PANTALLAS

?PR?_BLOCK_READ_CLOCK?CLOCK                      -----    -----      -----    -----      001DH    0003H
  +--> ?PR?_LEE_CLK?CLOCK

?PR?_LCD_TXT_NUM_CHAR?PANTALLAS                  -----    -----      -----    -----      001DH    0006H
  +--> ?PR?_TX_CHRLCD?PANTALLAS

?PR?_CMD_LPR_SALIDA_WIEGAND?ACCESCAN             -----    -----      -----    -----      0010H    0022H
  +--> ?PR?DIR_BOARD?IO_SENSORES
  +--> ?PR?_BLOCK_READ_CLOCK_ASCII?CLOCK
  +--> ?PR?_MONITOR_CHR?ACCESCAN

?PR?_MONITOR_CHR?ACCESCAN                        -----    -----      -----    -----      0032H    0005H
  +--> ?PR?_TX_AUX?TIBBO

?PR?_GRABA_SERIE?EEPROM                          -----    -----      -----    -----      0010H    0005H
  +--> ?CO?EEPROM
  +--> ?PR?_DEBUG_TXT_TIBBO?TIBBO
  +--> ?PR?_WRITE_EEPROM_TICKET?EEPROM
  +--> ?PR?_WR_EEPROM?EEPROM

?PR?MSJ_LCD_INFORMATIVO?IO_SENSORES              -----    -----      -----    -----      0001H    0001H
BL51 BANKED LINKER/LOCATER V6.22.2.0                                                  12/01/2020  12:04:38  PAGE 24


  +--> ?PR?SEL_FUNCION?IO_SENSORES
  +--> ?PR?LOAD_AND_SEND_INFO_RELOJ?PTO_PARA...
  +--> ?PR?LOAD_AND_SEND_ID_COD?PTO_PARALELO
  +--> ?PR?_RD_EEPROM?EEPROM
  +--> ?PR?_SEND_PORTERR?PTO_PARALELO

?PR?LOAD_AND_SEND_INFO_RELOJ?PTO_PARA...         -----    -----      -----    -----      0002H    000BH
  +--> ?PR?_BLOCK_READ_CLOCK?CLOCK
  +--> ?PR?_LEE_CLK?CLOCK
  +--> ?PR?_SEND_PORT?PTO_PARALELO

?PR?LOAD_AND_SEND_ID_COD?PTO_PARALELO            -----    -----      -----    -----      0002H    0013H
  +--> ?PR?_RD_EEPROM?EEPROM
  +--> ?CO?PTO_PARALELO
  +--> ?PR?PRINTF?PRINTF
  +--> ?PR?_SEND_PORT?PTO_PARALELO



SYMBOL TABLE OF MODULE:  .\Objects\expedidor_v_01_raspberry (MAIN)

  VALUE           TYPE          NAME
  ----------------------------------

  -------         MODULE        MAIN
  C:0000H         SYMBOL        _ICE_DUMMY_
  D:0080H         PUBLIC        P0
  D:0090H         PUBLIC        P1
  C:B3D2H         PUBLIC        timer0_int
  D:00B0H         PUBLIC        P3
  B:00A8H.7       PUBLIC        EA
  C:B7F7H         PUBLIC        off_Timer0_Interrup
  X:016AH         PUBLIC        ValTimeOutCom
  X:016BH         PUBLIC        Buffer_Rta_Lintech
  X:019DH         PUBLIC        Timer_wait
  B:0021H.1       PUBLIC        pto_paraleo
  X:019EH         PUBLIC        g_cContByteRx
  B:0080H.0       PUBLIC        rx_ip
  B:0080H.3       PUBLIC        Atascado
  C:A3D8H         PUBLIC        main
  X:019FH         PUBLIC        Timer_tivo
  C:AAA7H         PUBLIC        variable_inicio
  B:0090H.7       PUBLIC        lock
  I:0023H         PUBLIC        rbuf
  C:B7E8H         PUBLIC        on_Timer0_Interrup
  I:0055H         PUBLIC        tbuf
  B:0090H.1       PUBLIC        DataIn
  D:0089H         PUBLIC        TMOD
  X:01A1H         PUBLIC        USE_LPR
  X:01A2H         PUBLIC        Debug_Tibbo
  X:01A3H         PUBLIC        Raspberry
  X:01A4H         PUBLIC        SIN_COBRO
  X:01A6H         PUBLIC        Tipo_Vehiculo
  B:00B0H.3       PUBLIC        busy
  C:B753H         PUBLIC        ini_timer
  B:00A8H.1       PUBLIC        ET0
  B:0088H.5       PUBLIC        TF0
BL51 BANKED LINKER/LOCATER V6.22.2.0                                                  12/01/2020  12:04:38  PAGE 25


  D:008CH         PUBLIC        TH0
  X:01A7H         PUBLIC        ACK
  X:01A8H         PUBLIC        g_cEstadoComSoft
  D:008AH         PUBLIC        TL0
  B:0088H.4       PUBLIC        TR0
  C:B763H         PUBLIC        inicia_board
  X:01A9H         PUBLIC        T_GRACIA
  B:0080H.7       PUBLIC        sel_com
  X:01ABH         PUBLIC        STX_LINTECH
  C:B782H         PUBLIC        _getkey
  X:01ACH         PUBLIC        ETX
  C:ACF7H         PUBLIC        _EscribirCadenaSoft_buffer
  B:0021H.2       PUBLIC        buffer_ready
  C:AFD9H         PUBLIC        _putchar
  B:0021H.3       PUBLIC        placa_ready
  -------         PROC          TIMER0_INT
  C:B3D2H         LINE#         16
  C:B3D8H         LINE#         19
  C:B3DEH         LINE#         20
  C:B3E3H         LINE#         21
  C:B3E3H         LINE#         22
  C:B3E9H         LINE#         23
  C:B3E9H         LINE#         25
  C:B3F7H         LINE#         26
  C:B3F9H         LINE#         28
  -------         ENDPROC       TIMER0_INT
  -------         PROC          INI_TIMER
  C:B753H         LINE#         31
  C:B753H         LINE#         32
  C:B753H         LINE#         34
  C:B75BH         LINE#         36
  C:B75EH         LINE#         37
  C:B760H         LINE#         38
  C:B762H         LINE#         40
  -------         ENDPROC       INI_TIMER
  -------         PROC          ON_TIMER0_INTERRUP
  C:B7E8H         LINE#         43
  C:B7E8H         LINE#         44
  C:B7E8H         LINE#         45
  C:B7EAH         LINE#         46
  C:B7ECH         LINE#         48
  -------         ENDPROC       ON_TIMER0_INTERRUP
  -------         PROC          OFF_TIMER0_INTERRUP
  C:B7F7H         LINE#         51
  C:B7F7H         LINE#         52
  C:B7F7H         LINE#         53
  C:B7F9H         LINE#         55
  -------         ENDPROC       OFF_TIMER0_INTERRUP
  -------         PROC          _GETKEY
  -------         DO            
  D:0006H         SYMBOL        k
  -------         ENDDO         
  C:B782H         LINE#         63
  C:B782H         LINE#         64
  C:B782H         LINE#         68
  C:B782H         LINE#         69
  C:B785H         LINE#         70
BL51 BANKED LINKER/LOCATER V6.22.2.0                                                  12/01/2020  12:04:38  PAGE 26


  C:B785H         LINE#         71
  C:B78DH         LINE#         73
  C:B78DH         LINE#         74
  -------         ENDPROC       _GETKEY
  -------         PROC          _PUTCHAR
  X:00A7H         SYMBOL        c
  -------         DO            
  X:00A8H         SYMBOL        i
  -------         ENDDO         
  C:AFD9H         LINE#         78
  C:AFDEH         LINE#         79
  C:AFDEH         LINE#         82
  C:AFEDH         LINE#         83
  C:AFEDH         LINE#         84
  C:B003H         LINE#         85
  C:B003H         LINE#         87
  C:B011H         LINE#         88
  C:B011H         LINE#         90
  C:B016H         LINE#         91
  -------         ENDPROC       _PUTCHAR
  -------         PROC          _ESCRIBIRCADENASOFT_BUFFER
  X:0027H         SYMBOL        buffer
  X:002AH         SYMBOL        tamano_cadena
  -------         DO            
  X:002BH         SYMBOL        i
  X:002CH         SYMBOL        d
  -------         ENDDO         
  C:ACF7H         LINE#         95
  C:AD05H         LINE#         96
  C:AD05H         LINE#         98
  C:AD13H         LINE#         99
  C:AD13H         LINE#         100
  C:AD2AH         LINE#         101
  C:AD34H         LINE#         102
  C:AD3CH         LINE#         103
  -------         ENDPROC       _ESCRIBIRCADENASOFT_BUFFER
  -------         PROC          INICIA_BOARD
  C:B763H         LINE#         108
  C:B763H         LINE#         109
  C:B763H         LINE#         110
  C:B766H         LINE#         111
  C:B769H         LINE#         112
  C:B76CH         LINE#         113
  C:B76EH         LINE#         114
  C:B770H         LINE#         115
  C:B772H         LINE#         117
  -------         ENDPROC       INICIA_BOARD
  -------         PROC          VARIABLE_INICIO
  C:AAA7H         LINE#         122
  C:AAA7H         LINE#         123
  C:AAA7H         LINE#         126
  C:AAB8H         LINE#         127
  C:AAC9H         LINE#         128
  C:AAD7H         LINE#         129
  C:AAE5H         LINE#         130
  C:AAF3H         LINE#         132
  -------         ENDPROC       VARIABLE_INICIO
BL51 BANKED LINKER/LOCATER V6.22.2.0                                                  12/01/2020  12:04:38  PAGE 27


  -------         PROC          MAIN
  -------         DO            
  X:0141H         SYMBOL        buffer
  X:0169H         SYMBOL        Estado_Comunicacion_Secuencia_MF
  X:0000H         SYMBOL        Length_trama
  -------         ENDDO         
  C:A3D8H         LINE#         140
  C:A3D8H         LINE#         141
  C:A3D8H         LINE#         148
  C:A3DBH         LINE#         149
  C:A3DEH         LINE#         150
  C:A3E1H         LINE#         151
  C:A3E4H         LINE#         152
  C:A3E7H         LINE#         153
  C:A3E9H         LINE#         155
  C:A3ECH         LINE#         156
  C:A3F3H         LINE#         157
  C:A3F6H         LINE#         159
  C:A3FBH         LINE#         161
  C:A3FEH         LINE#         163
  C:A401H         LINE#         164
  C:A401H         LINE#         165
  C:A404H         LINE#         166
  C:A404H         LINE#         169
  C:A407H         LINE#         170
  C:A40DH         LINE#         171
  C:A413H         LINE#         173
  C:A413H         LINE#         174
  C:A413H         LINE#         177
  C:A416H         LINE#         178
  C:A416H         LINE#         179
  C:A419H         LINE#         180
  C:A419H         LINE#         184
  C:A426H         LINE#         189
  C:A42CH         LINE#         190
  C:A42CH         LINE#         192
  C:A43BH         LINE#         194
  C:A444H         LINE#         196
  C:A452H         LINE#         198
  C:A452H         LINE#         199
  C:A455H         LINE#         203
  -------         ENDPROC       MAIN
  -------         ENDMOD        MAIN

  -------         MODULE        ACCESCAN
  C:0000H         SYMBOL        _ICE_DUMMY_
  D:0080H         PUBLIC        P0
  D:0090H         PUBLIC        P1
  B:0080H.2       PUBLIC        led_err_imp
  C:AED8H         PUBLIC        _Monitor_chr
  B:0080H.3       PUBLIC        Atascado
  B:0090H.7       PUBLIC        lock
  C:4062H         PUBLIC        _Valida_Trama_Pto
  C:8052H         PUBLIC        _Cmd_LPR_Salida_wiegand
  -------         PROC          _VALIDA_TRAMA_PTO
  X:0001H         SYMBOL        buffer
  X:0004H         SYMBOL        length_trama
BL51 BANKED LINKER/LOCATER V6.22.2.0                                                  12/01/2020  12:04:38  PAGE 28


  -------         DO            
  X:0267H         SYMBOL        cont
  X:0005H         SYMBOL        buff
  -------         ENDDO         
  C:4062H         LINE#         85
  C:4070H         LINE#         86
  C:4070H         LINE#         92
  C:40A6H         LINE#         93
  C:40A6H         LINE#         94
  C:40BBH         LINE#         95
  C:40BBH         LINE#         96
  C:40CEH         LINE#         98
  C:40D1H         LINE#         100
  C:40D1H         LINE#         102
  C:40D1H         LINE#         104
  C:40E3H         LINE#         105
  C:40E3H         LINE#         106
  C:40E9H         LINE#         107
  C:40F6H         LINE#         108
  C:40F6H         LINE#         109
  C:40FBH         LINE#         110
  C:40FDH         LINE#         111
  C:4102H         LINE#         112
  C:4104H         LINE#         113
  C:4106H         LINE#         114
  C:410AH         LINE#         115
  C:410AH         LINE#         116
  C:410BH         LINE#         118
  C:4123H         LINE#         119
  C:4123H         LINE#         121
  C:4130H         LINE#         122
  C:4130H         LINE#         123
  C:4132H         LINE#         124
  C:4134H         LINE#         125
  C:4136H         LINE#         126
  C:4138H         LINE#         127
  C:4138H         LINE#         129
  C:415EH         LINE#         130
  C:415EH         LINE#         131
  C:4162H         LINE#         132
  C:4167H         LINE#         133
  C:4170H         LINE#         134
  C:4175H         LINE#         135
  C:4175H         LINE#         138
  C:4176H         LINE#         141
  C:4188H         LINE#         142
  C:4188H         LINE#         143
  C:418AH         LINE#         144
  C:418DH         LINE#         146
  C:419FH         LINE#         147
  C:419FH         LINE#         148
  C:41A1H         LINE#         149
  C:41A4H         LINE#         151
  C:41BEH         LINE#         152
  C:41BEH         LINE#         153
  C:41C0H         LINE#         154
  C:41C3H         LINE#         157
BL51 BANKED LINKER/LOCATER V6.22.2.0                                                  12/01/2020  12:04:38  PAGE 29


  C:41DDH         LINE#         158
  C:41DDH         LINE#         159
  C:41DFH         LINE#         160
  C:41E1H         LINE#         163
  C:41FBH         LINE#         164
  C:41FBH         LINE#         165
  C:41FDH         LINE#         166
  C:41FFH         LINE#         170
  C:4219H         LINE#         171
  C:4219H         LINE#         172
  C:421BH         LINE#         173
  C:421DH         LINE#         176
  C:4237H         LINE#         177
  C:4237H         LINE#         178
  C:4239H         LINE#         179
  C:423BH         LINE#         181
  C:4255H         LINE#         182
  C:4255H         LINE#         183
  C:425AH         LINE#         184
  C:425AH         LINE#         186
  C:428AH         LINE#         187
  C:428AH         LINE#         188
  C:4298H         LINE#         189
  C:429BH         LINE#         192
  C:42DEH         LINE#         193
  C:42DEH         LINE#         195
  C:42F3H         LINE#         196
  C:42F9H         LINE#         197
  C:4323H         LINE#         200
  C:432BH         LINE#         201
  C:432BH         LINE#         204
  C:4332H         LINE#         205
  C:4332H         LINE#         206
  C:4337H         LINE#         207
  C:4337H         LINE#         208
  C:4339H         LINE#         210
  C:4339H         LINE#         211
  C:4342H         LINE#         212
  C:434AH         LINE#         213
  C:434AH         LINE#         218
  C:434CH         LINE#         221
  C:434CH         LINE#         224
  C:4353H         LINE#         225
  C:4353H         LINE#         226
  C:4358H         LINE#         227
  C:4358H         LINE#         228
  C:4363H         LINE#         232
  C:4363H         LINE#         233
  C:4363H         LINE#         235
  C:4390H         LINE#         236
  C:4390H         LINE#         237
  C:439FH         LINE#         239
  C:439FH         LINE#         241
  -------         ENDPROC       _VALIDA_TRAMA_PTO
  -------         PROC          _MONITOR_CHR
  X:0032H         SYMBOL        str
  X:0035H         SYMBOL        num_char
BL51 BANKED LINKER/LOCATER V6.22.2.0                                                  12/01/2020  12:04:38  PAGE 30


  -------         DO            
  X:0036H         SYMBOL        j
  -------         ENDDO         
  C:AED8H         LINE#         396
  C:AEE6H         LINE#         397
  C:AEE6H         LINE#         399
  C:AEF4H         LINE#         400
  C:AEF4H         LINE#         401
  C:AF06H         LINE#         402
  C:AF10H         LINE#         403
  C:AF18H         LINE#         404
  -------         ENDPROC       _MONITOR_CHR
  -------         PROC          _CMD_LPR_SALIDA_WIEGAND
  X:0010H         SYMBOL        buffer
  -------         DO            
  X:0013H         SYMBOL        Buffer_Lpr
  X:0031H         SYMBOL        j
  -------         ENDDO         
  C:8052H         LINE#         409
  C:805DH         LINE#         410
  C:805DH         LINE#         412
  C:8063H         LINE#         413
  C:8068H         LINE#         414
  C:8070H         LINE#         415
  C:8074H         LINE#         416
  C:807DH         LINE#         417
  C:807DH         LINE#         418
  C:808EH         LINE#         419
  C:8090H         LINE#         421
  C:8090H         LINE#         422
  C:80A1H         LINE#         423
  C:80A1H         LINE#         427
  C:80B8H         LINE#         428
  C:80B8H         LINE#         429
  C:80C7H         LINE#         430
  C:80D1H         LINE#         432
  C:80D9H         LINE#         433
  C:80EDH         LINE#         435
  C:80FDH         LINE#         436
  C:810EH         LINE#         437
  C:811BH         LINE#         441
  -------         ENDPROC       _CMD_LPR_SALIDA_WIEGAND
  -------         ENDMOD        ACCESCAN

  -------         MODULE        CLOCK
  C:0000H         SYMBOL        _ICE_DUMMY_
  C:AF4DH         PUBLIC        _two_one
  D:0090H         PUBLIC        P1
  C:6EECH         PUBLIC        _validar_clk
  C:B456H         PUBLIC        _wr_clk
  C:85FDH         PUBLIC        _check_fechaOut
  B:00D0H.7       PUBLIC        CY
  C:0003H         PUBLIC        p_ck
  C:989FH         PUBLIC        _hex_ascii
  X:0268H         PUBLIC        data_clk
  C:B7AAH         PUBLIC        cond_ini_clock
  C:86C6H         PUBLIC        _Block_read_Clock
BL51 BANKED LINKER/LOCATER V6.22.2.0                                                  12/01/2020  12:04:38  PAGE 31


  B:0090H.4       PUBLIC        sck
  C:931EH         PUBLIC        _Block_read_Clock_Hex
  C:5C80H         PUBLIC        _Block_read_clock_ascii
  C:B071H         PUBLIC        _hex_bcd
  C:B62AH         PUBLIC        _bcd_hex
  C:A83FH         PUBLIC        _ByteHex_Decimal
  C:99CBH         PUBLIC        _lee_clk
  B:0090H.5       PUBLIC        io
  C:9B71H         PUBLIC        _Block_write_clock_ascii
  B:0090H.6       PUBLIC        rst
  C:AF9AH         PUBLIC        _eb_clk
  C:43A0H         PUBLIC        _Two_ByteHex_Decimal
  -------         PROC          P_CK
  C:0003H         LINE#         48
  C:0003H         LINE#         49
  C:0003H         LINE#         50
  C:0005H         LINE#         51
  C:0008H         LINE#         52
  C:000AH         LINE#         53
  -------         ENDPROC       P_CK
  -------         PROC          _EB_CLK
  X:00B4H         SYMBOL        dir_clk
  -------         DO            
  X:00B5H         SYMBOL        nbits
  -------         ENDDO         
  C:AF9AH         LINE#         55
  C:AF9FH         LINE#         57
  C:AFA4H         LINE#         58
  C:AFA4H         LINE#         59
  C:AFADH         LINE#         60
  C:AFB0H         LINE#         61
  C:AFB0H         LINE#         62
  C:AFB2H         LINE#         63
  C:AFB4H         LINE#         65
  C:AFB4H         LINE#         66
  C:AFB6H         LINE#         67
  C:AFB6H         LINE#         68
[...]
  -------         PROC          _SECUENCIAEXPEDIDORMF
  X:0001H         SYMBOL        EstadoActivo
  -------         DO            
  X:010BH         SYMBOL        Buffer_Write_MF
  X:011CH         SYMBOL        Atributos_Expedidor
  X:012BH         SYMBOL        Secuencia_Expedidor
  X:012FH         SYMBOL        Nombre_Mensual
  -------         ENDDO         
  C:33F1H         LINE#         2317
  C:33F6H         LINE#         2318
  C:33F6H         LINE#         2324
  C:3453H         LINE#         2325
  C:3453H         LINE#         2328
  C:3453H         LINE#         2330
  C:3466H         LINE#         2331
  C:3466H         LINE#         2334
  C:3468H         LINE#         2335
  C:346AH         LINE#         2336
  C:346FH         LINE#         2337
  C:3477H         LINE#         2338
  C:347CH         LINE#         2339
  C:347FH         LINE#         2340
  C:347FH         LINE#         2341
  C:3485H         LINE#         2342
  C:3485H         LINE#         2343
  C:3488H         LINE#         2344
  C:3488H         LINE#         2345
  C:3488H         LINE#         2347
  C:348BH         LINE#         2348
  C:348BH         LINE#         2350
  C:3494H         LINE#         2351
  C:3497H         LINE#         2352
  C:3497H         LINE#         2353
  C:349CH         LINE#         2354
  C:34BCH         LINE#         2355
  C:34BFH         LINE#         2356
  C:34BFH         LINE#         2357
  C:34C4H         LINE#         2358
  C:34CCH         LINE#         2359
  C:34D2H         LINE#         2360
  C:34D5H         LINE#         2361
  C:34D5H         LINE#         2362
  C:34D8H         LINE#         2363
  C:34E0H         LINE#         2364
  C:34E6H         LINE#         2365
  C:34E9H         LINE#         2366
  C:34E9H         LINE#         2367
  C:34ECH         LINE#         2368
BL51 BANKED LINKER/LOCATER V6.22.2.0                                                  12/01/2020  12:04:38  PAGE 129


  C:3511H         LINE#         2369
  C:3517H         LINE#         2370
  C:3519H         LINE#         2371
  C:351CH         LINE#         2372
  C:351CH         LINE#         2373
  C:3527H         LINE#         2374
  C:352FH         LINE#         2375
  C:3535H         LINE#         2376
  C:3538H         LINE#         2377
  C:3538H         LINE#         2378
  C:3549H         LINE#         2379
  C:3551H         LINE#         2380
  C:3557H         LINE#         2381
  C:355AH         LINE#         2382
  C:355AH         LINE#         2383
  C:355FH         LINE#         2384
  C:357DH         LINE#         2385
  C:3580H         LINE#         2386
  C:3580H         LINE#         2387
  C:3585H         LINE#         2388
  C:35A5H         LINE#         2389
  C:35A8H         LINE#         2390
  C:35A8H         LINE#         2391
  C:35ADH         LINE#         2392
  C:35AFH         LINE#         2393
  C:35CDH         LINE#         2394
  C:35D0H         LINE#         2395
  C:35D0H         LINE#         2396
  C:35D5H         LINE#         2397
  C:35F5H         LINE#         2398
  C:35F8H         LINE#         2399
  C:35F8H         LINE#         2400
  C:360EH         LINE#         2401
  C:360EH         LINE#         2402
  C:3613H         LINE#         2403
  C:361BH         LINE#         2404
  C:3621H         LINE#         2405
  C:3621H         LINE#         2406
  C:3624H         LINE#         2407
  C:3624H         LINE#         2408
  C:3627H         LINE#         2409
  C:3647H         LINE#         2410
  C:364AH         LINE#         2411
  C:364AH         LINE#         2412
  C:364CH         LINE#         2413
  C:364FH         LINE#         2414
  C:3652H         LINE#         2415
  C:3652H         LINE#         2416
  C:365BH         LINE#         2417
  C:365EH         LINE#         2418
  C:365EH         LINE#         2419
  C:3675H         LINE#         2420
  C:3678H         LINE#         2421
  C:3678H         LINE#         2422
  C:367BH         LINE#         2423
  C:3683H         LINE#         2424
  C:3689H         LINE#         2425
BL51 BANKED LINKER/LOCATER V6.22.2.0                                                  12/01/2020  12:04:38  PAGE 130


  C:368CH         LINE#         2426
  C:368CH         LINE#         2427
  C:3695H         LINE#         2428
  C:3698H         LINE#         2429
  C:3698H         LINE#         2430
  C:369AH         LINE#         2431
  C:369DH         LINE#         2432
  C:36A0H         LINE#         2433
  C:36A0H         LINE#         2434
  C:36B7H         LINE#         2435
  C:36BAH         LINE#         2436
  C:36BAH         LINE#         2437
  C:36BFH         LINE#         2438
  C:36C7H         LINE#         2439
  C:36CDH         LINE#         2440
  C:36D0H         LINE#         2441
  C:36D0H         LINE#         2442
  C:36D3H         LINE#         2443
  C:36F3H         LINE#         2444
  C:36F6H         LINE#         2445
  C:36F6H         LINE#         2446
  C:36F9H         LINE#         2447
  C:3719H         LINE#         2448
  C:371CH         LINE#         2449
  C:371CH         LINE#         2450
  C:371FH         LINE#         2451
  C:3727H         LINE#         2452
  C:372AH         LINE#         2453
  C:372CH         LINE#         2457
  C:372CH         LINE#         2458
  C:3732H         LINE#         2459
  C:3738H         LINE#         2460
  C:3738H         LINE#         2461
  C:3740H         LINE#         2462
  C:3746H         LINE#         2464
  C:3749H         LINE#         2465
  C:3751H         LINE#         2466
  C:3751H         LINE#         2468
  C:3754H         LINE#         2469
  C:3757H         LINE#         2470
  C:375FH         LINE#         2471
  C:375FH         LINE#         2472
  C:376DH         LINE#         2473
  C:376DH         LINE#         2474
  C:3776H         LINE#         2475
  C:3779H         LINE#         2476
  C:3785H         LINE#         2477
  C:3785H         LINE#         2478
  C:378EH         LINE#         2479
  C:3791H         LINE#         2481
  C:3791H         LINE#         2482
  C:379AH         LINE#         2483
  C:379AH         LINE#         2484
  C:379DH         LINE#         2485
  C:37A5H         LINE#         2486
  C:37A5H         LINE#         2487
  C:37B3H         LINE#         2488
BL51 BANKED LINKER/LOCATER V6.22.2.0                                                  12/01/2020  12:04:38  PAGE 131


  C:37B3H         LINE#         2489
  C:37C9H         LINE#         2490
  C:37CCH         LINE#         2491
  C:37D8H         LINE#         2492
  C:37D8H         LINE#         2493
  C:37E1H         LINE#         2494
  C:37E4H         LINE#         2495
  C:37F2H         LINE#         2496
  C:37F2H         LINE#         2497
  C:37FBH         LINE#         2498
  C:37FDH         LINE#         2500
  C:37FDH         LINE#         2501
  C:3806H         LINE#         2502
  C:3806H         LINE#         2503
  C:3808H         LINE#         2504
  C:3810H         LINE#         2505
  C:3810H         LINE#         2506
  C:3819H         LINE#         2507
  C:381BH         LINE#         2508
  C:3823H         LINE#         2509
  C:3823H         LINE#         2510
  C:3839H         LINE#         2511
  C:383BH         LINE#         2512
  C:3843H         LINE#         2513
  C:3843H         LINE#         2514
  C:3846H         LINE#         2515
  C:3848H         LINE#         2517
  C:3850H         LINE#         2518
  C:3850H         LINE#         2519
  C:3859H         LINE#         2520
  C:385BH         LINE#         2523
  C:3863H         LINE#         2524
  C:3863H         LINE#         2525
  C:386BH         LINE#         2526
  C:386DH         LINE#         2528
  C:386DH         LINE#         2529
  C:3876H         LINE#         2530
  C:3876H         LINE#         2531
  C:3878H         LINE#         2532
  C:3878H         LINE#         2533
  C:387DH         LINE#         2534
  C:387DH         LINE#         2536
  C:387DH         LINE#         2537
  C:3882H         LINE#         2538
  -------         ENDPROC       _SECUENCIAEXPEDIDORMF
  -------         ENDMOD        VERIFICADOR

  -------         MODULE        MONITOR
  C:0000H         SYMBOL        _ICE_DUMMY_
  D:0080H         PUBLIC        P0
  D:0090H         PUBLIC        P1
  I:0011H         PUBLIC        placa
  C:B541H         PUBLIC        Rx_Monitor
  B:0080H.0       PUBLIC        rx_ip
  B:0090H.7       PUBLIC        lock
  C:89D3H         PUBLIC        _recibe_cmd_Monitor
  C:B663H         PUBLIC        clear_placa
BL51 BANKED LINKER/LOCATER V6.22.2.0                                                  12/01/2020  12:04:38  PAGE 132


  C:8D8BH         PUBLIC        _Valida_Trama_Monitor
  -------         PROC          _RECIBE_CMD_MONITOR
  X:0016H         SYMBOL        buffer_cmd
  -------         DO            
  X:0019H         SYMBOL        j
  X:001AH         SYMBOL        NumDatos
  X:001BH         SYMBOL        time_out
  X:001CH         SYMBOL        MaxChrRx
  X:001DH         SYMBOL        contador
  -------         ENDDO         
  C:89D3H         LINE#         50
  C:89DEH         LINE#         51
  C:89DEH         LINE#         55
  C:89E3H         LINE#         56
  C:89E9H         LINE#         58
  C:89F4H         LINE#         59
  C:89F4H         LINE#         60
  C:8A05H         LINE#         61
  C:8A05H         LINE#         62
  C:8A0CH         LINE#         63
  C:8A10H         LINE#         64
  C:8A19H         LINE#         65
  C:8A19H         LINE#         66
  C:8A27H         LINE#         67
  C:8A3EH         LINE#         68
  C:8A3EH         LINE#         69
  C:8A44H         LINE#         70
  C:8A4AH         LINE#         71
  C:8A4AH         LINE#         72
  C:8A4CH         LINE#         73
  C:8A54H         LINE#         74
  C:8A5AH         LINE#         75
  C:8A6CH         LINE#         76
  C:8A76H         LINE#         77
  C:8A7FH         LINE#         79
  C:8A8EH         LINE#         82
  C:8A8EH         LINE#         83
  C:8A93H         LINE#         84
  -------         ENDPROC       _RECIBE_CMD_MONITOR
  -------         PROC          _VALIDA_TRAMA_MONITOR
  X:0016H         SYMBOL        buffer
  D:0005H         SYMBOL        length_trama
  -------         DO            
  X:0019H         SYMBOL        j
  X:001AH         SYMBOL        p
  X:001BH         SYMBOL        cont
  -------         ENDDO         
  C:8D8BH         LINE#         89
  C:8D96H         LINE#         90
  C:8D96H         LINE#         91
  C:8D99H         LINE#         92
  C:8D9DH         LINE#         93
  C:8DA0H         LINE#         94
  C:8DA2H         LINE#         97
  C:8DB6H         LINE#         98
  C:8DB6H         LINE#         100
  C:8DB8H         LINE#         102
BL51 BANKED LINKER/LOCATER V6.22.2.0                                                  12/01/2020  12:04:38  PAGE 133


  C:8DBFH         LINE#         103
  C:8DC4H         LINE#         106
  C:8DC4H         LINE#         108
  C:8DDFH         LINE#         109
  C:8DDFH         LINE#         112
  C:8DDFH         LINE#         113
  C:8E00H         LINE#         114
  C:8E04H         LINE#         115
  C:8E0AH         LINE#         116
  C:8E1CH         LINE#         117
  C:8E34H         LINE#         118
  C:8E3DH         LINE#         119
  C:8E3FH         LINE#         120
  C:8E45H         LINE#         123
  C:8E45H         LINE#         126
  -------         ENDPROC       _VALIDA_TRAMA_MONITOR
  -------         PROC          CLEAR_PLACA
  -------         DO            
  D:0007H         SYMBOL        i
  -------         ENDDO         
  C:B663H         LINE#         127
  C:B663H         LINE#         128
  C:B663H         LINE#         130
  C:B66FH         LINE#         131
  C:B66FH         LINE#         132
  C:B675H         LINE#         133
  C:B678H         LINE#         134
  C:B67AH         LINE#         135
  -------         ENDPROC       CLEAR_PLACA
  -------         PROC          RX_MONITOR
  -------         DO            
  X:0009H         SYMBOL        Length_trama
  X:000AH         SYMBOL        buffer1
  -------         ENDDO         
  C:B541H         LINE#         136
  C:B541H         LINE#         137
  C:B541H         LINE#         140
  C:B550H         LINE#         141
  C:B559H         LINE#         142
  -------         ENDPROC       RX_MONITOR
  -------         ENDMOD        MONITOR

  -------         MODULE        ?C?FPADD
  C:1335H         PUBLIC        ?C?FPADD
  C:1331H         PUBLIC        ?C?FPSUB
  -------         ENDMOD        ?C?FPADD

  -------         MODULE        ?C?FPMUL
  C:1426H         PUBLIC        ?C?FPMUL
  -------         ENDMOD        ?C?FPMUL

  -------         MODULE        ?C?FCAST
  C:1536H         PUBLIC        ?C?FCASTC
  C:1531H         PUBLIC        ?C?FCASTI
  C:152CH         PUBLIC        ?C?FCASTL
  -------         ENDMOD        ?C?FCAST

BL51 BANKED LINKER/LOCATER V6.22.2.0                                                  12/01/2020  12:04:38  PAGE 134


  -------         MODULE        ?C?CASTF
  C:156AH         PUBLIC        ?C?CASTF
  -------         ENDMOD        ?C?CASTF

  -------         MODULE        PRINTF
  X:0077H         PUBLIC        ?_PRINTF?BYTE
  X:0077H         PUBLIC        ?_SPRINTF?BYTE
  C:38EEH         PUBLIC        _PRINTF
  C:38E8H         PUBLIC        _SPRINTF
  -------         ENDMOD        PRINTF

  -------         MODULE        POW
  X:0020H         PUBLIC        ?_pow?BYTE
  C:5DEEH         PUBLIC        _pow
  -------         ENDMOD        POW

  -------         MODULE        ?C?CHKFLOAT
  C:15EBH         PUBLIC        ?C?CHKFLOAT
  -------         ENDMOD        ?C?CHKFLOAT

  -------         MODULE        ?C?FPCMP
  C:1607H         PUBLIC        ?C?FPCMP
  C:1605H         PUBLIC        ?C?FPCMP3
  -------         ENDMOD        ?C?FPCMP

  -------         MODULE        ?C?FPNEG
  C:167EH         PUBLIC        ?C?FPNEG
  -------         ENDMOD        ?C?FPNEG

  -------         MODULE        ?C?FPROUND
  C:168FH         PUBLIC        ?C?FPROUND
  -------         ENDMOD        ?C?FPROUND

  -------         MODULE        ?C?FPCONVERT
  C:16CCH         PUBLIC        ?C?FPCONVERT
  -------         ENDMOD        ?C?FPCONVERT

  -------         MODULE        EXP
  C:9673H         PUBLIC        _EXP
  -------         ENDMOD        EXP

  -------         MODULE        LOG
  C:6980H         PUBLIC        _LOG
  C:697CH         PUBLIC        _LOG10
  -------         ENDMOD        LOG

  -------         MODULE        ?C?FPDIV
  C:17D4H         PUBLIC        ?C?FPDIV
  -------         ENDMOD        ?C?FPDIV

  -------         MODULE        ?C?FTNPWR
  C:18A1H         PUBLIC        ?C?FTNPWR
  -------         ENDMOD        ?C?FTNPWR

  -------         MODULE        ?C?COPY
  C:19FEH         PUBLIC        ?C?COPY
  -------         ENDMOD        ?C?COPY
BL51 BANKED LINKER/LOCATER V6.22.2.0                                                  12/01/2020  12:04:38  PAGE 135



  -------         MODULE        ?C?CLDPTR
  C:1A24H         PUBLIC        ?C?CLDPTR
  -------         ENDMOD        ?C?CLDPTR

  -------         MODULE        ?C?CLDOPTR
  C:1A3DH         PUBLIC        ?C?CLDOPTR
  -------         ENDMOD        ?C?CLDOPTR

  -------         MODULE        ?C?CSTPTR
  C:1A6AH         PUBLIC        ?C?CSTPTR
  -------         ENDMOD        ?C?CSTPTR

  -------         MODULE        ?C?CSTOPTR
  C:1A7CH         PUBLIC        ?C?CSTOPTR
  -------         ENDMOD        ?C?CSTOPTR

  -------         MODULE        ?C?IMUL
  C:1A9EH         PUBLIC        ?C?IMUL
  -------         ENDMOD        ?C?IMUL

  -------         MODULE        ?C?IILDX
  C:1AB0H         PUBLIC        ?C?IILDX
  -------         ENDMOD        ?C?IILDX

  -------         MODULE        ?C?LNEG
  C:1AC6H         PUBLIC        ?C?LNEG
  -------         ENDMOD        ?C?LNEG

  -------         MODULE        ?C?SLCMP
  C:1AD4H         PUBLIC        ?C?SLCMP
  -------         ENDMOD        ?C?SLCMP

  -------         MODULE        ?C?ULCMP
  C:1AEAH         PUBLIC        ?C?ULCMP
  -------         ENDMOD        ?C?ULCMP

  -------         MODULE        ?C?ULSHR
  C:1AFBH         PUBLIC        ?C?ULSHR
  -------         ENDMOD        ?C?ULSHR

  -------         MODULE        ?C?LSHL
  C:1B0EH         PUBLIC        ?C?LSHL
  -------         ENDMOD        ?C?LSHL

  -------         MODULE        ?C?LLDCODE
  C:1B21H         PUBLIC        ?C?LLDCODE
  -------         ENDMOD        ?C?LLDCODE

  -------         MODULE        ?C?LLDXDATA0
  C:1B31H         PUBLIC        ?C?LLDXDATA0
  -------         ENDMOD        ?C?LLDXDATA0

  -------         MODULE        ?C?LLDCODE0
  C:1B3DH         PUBLIC        ?C?LLDCODE0
  -------         ENDMOD        ?C?LLDCODE0

BL51 BANKED LINKER/LOCATER V6.22.2.0                                                  12/01/2020  12:04:38  PAGE 136


  -------         MODULE        ?C?LSTXDATA
  C:1B4DH         PUBLIC        ?C?LSTXDATA
  -------         ENDMOD        ?C?LSTXDATA

  -------         MODULE        ?C?LSTKXDATA
  C:1B59H         PUBLIC        ?C?LSTKXDATA
  -------         ENDMOD        ?C?LSTKXDATA

  -------         MODULE        ?C?PLDIXDATA
  C:1B8AH         PUBLIC        ?C?PLDIXDATA
  -------         ENDMOD        ?C?PLDIXDATA

  -------         MODULE        ?C?PSTXDATA
  C:1BA1H         PUBLIC        ?C?PSTXDATA
  -------         ENDMOD        ?C?PSTXDATA

  -------         MODULE        ?C?CCASE
  C:1BAAH         PUBLIC        ?C?CCASE
  -------         ENDMOD        ?C?CCASE

  -------         MODULE        STRCAT
  X:0046H         PUBLIC        ?_strcat?BYTE
  C:A70CH         PUBLIC        _strcat
  -------         ENDMOD        STRCAT

  -------         MODULE        ?C?STRCMP
  C:1D4EH         PUBLIC        ?C?STRCMP
  -------         ENDMOD        ?C?STRCMP

  -------         MODULE        ?C?STRCPY
  C:1E37H         PUBLIC        ?C?STRCPY
  -------         ENDMOD        ?C?STRCPY

  -------         MODULE        STRLEN
  C:000EH         PUBLIC        _STRLEN
  -------         ENDMOD        STRLEN

  -------         MODULE        STRTOK
  X:0064H         PUBLIC        ?_strtok?BYTE
  C:7CDEH         PUBLIC        _strtok
  -------         ENDMOD        STRTOK

  -------         MODULE        ATOL
  C:7110H         PUBLIC        _atol
  -------         ENDMOD        ATOL

  -------         MODULE        ATOI
  C:7EA0H         PUBLIC        _atoi
  -------         ENDMOD        ATOI

  -------         MODULE        MALLOC
  C:82CBH         PUBLIC        _malloc
  -------         ENDMOD        MALLOC

  -------         MODULE        INIT_MEM
  X:0256H         PUBLIC        __mem_avail__
  C:B10CH         PUBLIC        _init_mempool
BL51 BANKED LINKER/LOCATER V6.22.2.0                                                  12/01/2020  12:04:38  PAGE 137


  -------         ENDMOD        INIT_MEM

  -------         MODULE        FREE
  C:632FH         PUBLIC        _free
  -------         ENDMOD        FREE

  -------         MODULE        ?C?ILDIX
  C:1E54H         PUBLIC        ?C?ILDIX
  -------         ENDMOD        ?C?ILDIX

  -------         MODULE        ?C?LMUL
  C:1E6AH         PUBLIC        ?C?LMUL
  -------         ENDMOD        ?C?LMUL

  -------         MODULE        ISDIGIT
  C:B773H         PUBLIC        _isdigit
  -------         ENDMOD        ISDIGIT

  -------         MODULE        ISSPACE
  C:B6D3H         PUBLIC        _isspace
  -------         ENDMOD        ISSPACE

  -------         MODULE        STRSPN
  X:006AH         PUBLIC        ?_strspn?BYTE
  C:A0D3H         PUBLIC        _strspn
  -------         ENDMOD        STRSPN

  -------         MODULE        STRPBRK
  X:006AH         PUBLIC        ?_strpbrk?BYTE
  C:A157H         PUBLIC        _strpbrk
  -------         ENDMOD        STRPBRK

Program Size: data=99.1 xdata=618 code=47102
LINK/LOCATE RUN COMPLETE.  0 WARNING(S),  0 ERROR(S)
