C51 COMPILER V9.59.0.0   IO_SENSORES                                                       06/23/2021 14:18:02 PAGE 1   


C51 COMPILER V9.59.0.0, COMPILATION OF MODULE IO_SENSORES
OBJECT MODULE PLACED IN .\Objects\io_sensores.obj
COMPILER INVOKED BY: C:\Keil_v5\C51\BIN\C51.EXE io_sensores.c LARGE OPTIMIZE(8,SPEED) BROWSE DEBUG OBJECTEXTEND PRINT(.\
                    -Listings\io_sensores.lst) TABS(2) OBJECT(.\Objects\io_sensores.obj)

line level    source

   1          
   2          #include <io_sensores.h>
   3          #include <reg51.h>
   4          
   5          /*funciones externas*/
   6          extern void Debug_txt_Tibbo(unsigned char * str);
   7          extern void Debug_chr_Tibbo(unsigned char Dat);
   8          extern void load_and_send_info_reloj();
   9          extern void load_and_send_id_cod();
  10          extern void send_portERR(unsigned char cod_err);
  11          extern unsigned char rd_eeprom (unsigned char control,unsigned int Dir); 
  12          extern void Delay_10ms(unsigned int cntd_10ms);
  13          
  14          sbit DataIn = P1^1;         //      
  15          sbit sel_A = P3^5;          //Pulsador                        *
  16          sbit sel_B = P3^6;          //Entrada Sensor 2                    *
  17          sbit sel_C = P3^7;          //Entrada Sensor 1                    *
  18          sbit busy = P3^3;           /*bussy de Entrada Interrupcion del Procesador principal      */
  19          
  20          #define NO_TIFIQUE_EVP      'N'
  21          #define SI_NOTIFIQUE_EVP    'S'
  22          
  23          #define AUTOMOVIL           0X00
  24          #define MOTO                0X01
  25          /*datos en eeprom*/
  26          #define EE_CPRCN_ACTIVA       0x000C
  27          #define EE_ADDRESS_HIGH_BOARD   0X0012
  28          
  29          extern bit COMPARACION_ACTIVA;
  30          extern  unsigned char Tipo_Vehiculo;
  31          bit   PULSADOR_BOTTON = 0;
  32          
  33          //***************************************************************************************************
  34          void sel_Funcion(void)
  35          {
  36   1        sel_A=0;
  37   1        sel_B=0;
  38   1        sel_C=0;
  39   1      }
  40          //***************************************************************************************************
  41          void sel_Auto(void)
  42          {
  43   1        sel_A=0;
  44   1        sel_B=1;
  45   1        sel_C=0;
  46   1      }
  47          //***************************************************************************************************
  48          void sel_Pulsa(void)
  49          {
  50   1        sel_A=1;
  51   1        sel_B=1;
  52   1        sel_C=0;
  53   1      }
  54          
C51 COMPILER V9.59.0.0   IO_SENSORES                                                       06/23/2021 14:18:02 PAGE 2   

  55          //***************************************************************************************************
  56          void sel_Sensor2(void)
  57          {
  58   1        sel_A=0;
  59   1        sel_B=0;
  60   1        sel_C=1;
  61   1      }
  62          //***************************************************************************************************
  63          void sel_Sensor1(void)
  64          {
  65   1        sel_A=1;
  66   1        sel_B=0;
  67   1        sel_C=1;
  68   1      }
  69          //***************************************************************************************************
  70          void sel_Dir1(void)
  71          {
  72   1        sel_A=0;
  73   1        sel_B=1;
  74   1        sel_C=1;
  75   1      }
  76          //***************************************************************************************************
  77          void sel_Dir2(void)
  78          {
  79   1        sel_A=1;
  80   1        sel_B=1;
  81   1        sel_C=1;
  82   1      }
  83          void Botton ()
  84          {
  85   1        sel_Pulsa();
  86   1        if (DataIn != 1)  
  87   1        {
  88   2          Debug_txt_Tibbo((unsigned char *) "Pulsador Activo\r\n");       //el pulsador fue presionado
  89   2          PULSADOR_BOTTON = 1;
  90   2        }
  91   1        
  92   1      }
  93          
  94          char ValidaSensor(void)
  95          {
  96   1        
  97   1      char  Valido=0;
  98   1      int Tmin=500;
  99   1        while ((DataIn==1)&&(Valido==0))
 100   1        {
 101   2          Tmin--;
 102   2          if (Tmin==0)
 103   2          {
 104   3             Valido=1;
 105   3          }
 106   2        }
 107   1        return Valido;
 108   1      }
 109          char ValidaSensor_cero(void)
 110          {
 111   1        
 112   1      char  Valido=1;
 113   1      int Tmin=500;
 114   1        while ((DataIn==0)&&(Valido==1))
 115   1        {
 116   2          Tmin--;
C51 COMPILER V9.59.0.0   IO_SENSORES                                                       06/23/2021 14:18:02 PAGE 3   

 117   2          if (Tmin==0)
 118   2          {
 119   3             Valido=0;
 120   3          }
 121   2        }
 122   1        return Valido;
 123   1      }
 124          /*------------------------------------------------------------------------------
 125          Funcion q debuelve la direccion de la tarjeta
 126          ------------------------------------------------------------------------------*/
 127          unsigned char Dir_board()
 128          {
 129   1        unsigned char Board=0x01;
 130   1        unsigned char Board_High;
 131   1        sel_Dir1();
 132   1        if (DataIn==1)
 133   1        {
 134   2          Board++;
 135   2        }
 136   1        sel_Dir2();
 137   1        if (DataIn==1)
 138   1        {
 139   2          Board=Board+2;
 140   2        }
 141   1        if(Board == 0x01)
 142   1        { 
 143   2        Board_High=rd_eeprom(0xa8,EE_ADDRESS_HIGH_BOARD);
 144   2        
 145   2          if(Board_High != 0)
 146   2          {
 147   3            if(Board_High == 0xff)
 148   3            {
 149   4              Board=0x01;
 150   4            }
 151   3            else  Board= Board_High ;
 152   3          } 
 153   2        
 154   2        }
 155   1        return (Board+0x30);
 156   1      }
 157          unsigned char Dir_Board_Monitor()
 158          {
 159   1          unsigned char Board_High;
 160   1          
 161   1          Board_High=rd_eeprom(0xa8,EE_ADDRESS_HIGH_BOARD);
 162   1          if(Board_High != 0)
 163   1          {
 164   2            if(Board_High == 0xff)
 165   2            {
 166   3              Board_High=0x01;
 167   3            }
 168   2          }
 169   1          return  Board_High+0x30;
 170   1      }
 171          /*------------------------------------------------------------------------------
 172          Funcion q debuelve la direccion de la tarjeta
 173          ------------------------------------------------------------------------------*/
 174          unsigned char Valida_Sensor1_Auto()
 175          {
 176   1        unsigned char sensor; 
 177   1              sel_Sensor1();  
 178   1              if (DataIn==0)                            // sensor1  se encuentra activo puede ser carro, si esta inhabilitado debe
C51 COMPILER V9.59.0.0   IO_SENSORES                                                       06/23/2021 14:18:02 PAGE 4   

             - ser moto          
 179   1              {  sel_Auto();
 180   2                if (DataIn==0)
 181   2                {                                         // sensor Auto activo es un carro 
 182   3                   Debug_txt_Tibbo((unsigned char *) "Sensores Auto y sensor1 activos.\n\r");
 183   3                   Tipo_Vehiculo=AUTOMOVIL;
 184   3                  sensor= 0xff;
 185   3                  Botton ();
 186   3                }
 187   2                else
 188   2                {
 189   3                    Debug_txt_Tibbo((unsigned char *) "Sensor activo sensor1.\n\r");
 190   3                    Tipo_Vehiculo=MOTO;
 191   3                    sensor=  0xff ;
 192   3                    Botton ();
 193   3                }
 194   2                  
 195   2                  
 196   2              }
 197   1              else
 198   1              {   sel_Auto();
 199   2                if (DataIn==0)
 200   2                {
 201   3                
 202   3                Debug_txt_Tibbo((unsigned char *) "Detectado. Sensor Auto.\n\r");
 203   3                  Tipo_Vehiculo=MOTO;
 204   3                  sensor= 0xff; 
 205   3                  Botton ();
 206   3                }
 207   2                else
 208   2                {
 209   3                  Debug_txt_Tibbo((unsigned char *) "Sensores no detectados.\n\r");
 210   3                  sensor=  0x00;  
 211   3                }
 212   2                  
 213   2      
 214   2              }
 215   1              
 216   1              return sensor;
 217   1      }
 218          /*------------------------------------------------------------------------------
 219          Detecto la activacion de los sensores de salida
 220          ------------------------------------------------------------------------------*/
 221          
 222          unsigned char  ValidaSensoresPaso(void)
 223          {
 224   1       unsigned char sensor;
 225   1          sel_Sensor2();                                //garantiso q la barrera se encuentre en posicion baja  
 226   1            if ((DataIn==1))        
 227   1          {  
 228   2            if (ValidaSensor()==1)
 229   2            {
 230   3              sensor=Valida_Sensor1_Auto();
 231   3        
 232   3            }
 233   2            else 
 234   2            {
 235   3              Debug_txt_Tibbo((unsigned char *) "Vehiculo Esperando Salir.\n\r");
 236   3              return 0x00;
 237   3            }
 238   2          }else 
 239   1          {
C51 COMPILER V9.59.0.0   IO_SENSORES                                                       06/23/2021 14:18:02 PAGE 5   

 240   2          Debug_txt_Tibbo((unsigned char *) "Vehiculo Saliendo. Un momento.\n\r");
 241   2          return 0x00;
 242   2          }
 243   1        return sensor;
 244   1      }
 245          
 246          
 247            
 248          /*------------------------------------------------------------------------------
 249          funcion de msj en lcd de informacion
 250          toggle=0            envia por el pto paralelo STX, cmd (i), año, mes, dia, hora, minutos, seg, dia de la semana,
             - ETX
 251          toggle=1    
 252          toggle=2            envia ID y COD_PARK   por el pto paralelo STX, cmd (D), ID_CLIENTE, COD_CLIENTE, ETX  
 253          sel_funcion =       es el pulsador de funcion 
 254          DataIn =            regresa el dato de la entrada
 255          ValidaSensor_cero = El tiempo del pulsador presionado
 256          ------------------------------------------------------------------------------*/
 257           void msj_lcd_informativo()
 258           {
 259   1       static unsigned char contador = 0;
 260   1       unsigned char info=0;
 261   1       static unsigned char toggle = 0;
 262   1         contador++;
 263   1         if (contador >= 50)
 264   1         {
 265   2           
 266   2            contador = 0;
 267   2            sel_Funcion();
 268   2          if ((DataIn==0)&&(info==0))
 269   2          {
 270   3            if (ValidaSensor_cero()==0)
 271   3            {
 272   4              //toggle=0;
 273   4              Debug_txt_Tibbo((unsigned char *) "msj_lcd_informativo reloj");
 274   4              Debug_chr_Tibbo(info);
 275   4              Debug_chr_Tibbo(toggle);
 276   4             if ((toggle==0)&&(info==0))
 277   4            {
 278   5              
 279   5             if (busy==1)
 280   5              {
 281   6                info=1;
 282   6                load_and_send_info_reloj(); 
 283   6                toggle=1; 
 284   6              }
 285   5                if (ValidaSensor() == 1)
 286   5                {
 287   6                  Delay_10ms(10);
 288   6                }
 289   5            }
 290   4            else if((toggle==1)&&(info==0))
 291   4              {
 292   5                Debug_txt_Tibbo((unsigned char *) "msj_lcd_informativo ID");
 293   5                if (busy==1)
 294   5                {
 295   6                info=0;
 296   6                load_and_send_id_cod(); 
 297   6                toggle=0; 
 298   6                }
 299   5              }
 300   4            }
C51 COMPILER V9.59.0.0   IO_SENSORES                                                       06/23/2021 14:18:02 PAGE 6   

 301   3          }
 302   2           sel_Funcion();                   // el antirebote
 303   2            if (DataIn==1)
 304   2            {
 305   3            info=0;
 306   3            }
 307   2          }
 308   1      }


MODULE INFORMATION:   STATIC OVERLAYABLE
   CODE SIZE        =    543    ----
   CONSTANT SIZE    =    240    ----
   XDATA SIZE       =      2       4
   PDATA SIZE       =   ----    ----
   DATA SIZE        =   ----    ----
   IDATA SIZE       =   ----    ----
   BIT SIZE         =      1    ----
END OF MODULE INFORMATION.


C51 COMPILATION COMPLETE.  0 WARNING(S),  0 ERROR(S)
