C51 COMPILER V9.59.0.0   PANTALLAS                                                         07/26/2021 14:55:01 PAGE 1   


C51 COMPILER V9.59.0.0, COMPILATION OF MODULE PANTALLAS
OBJECT MODULE PLACED IN .\Objects\pantallas.obj
COMPILER INVOKED BY: C:\Keil_v5\C51\BIN\C51.EXE pantallas.c LARGE OPTIMIZE(8,SPEED) BROWSE DEBUG OBJECTEXTEND PRINT(.\Li
                    -stings\pantallas.lst) TABS(2) OBJECT(.\Objects\pantallas.obj)

line level    source

   1          #include<pantallas.h>
   2          #include <reg51.h>
   3          #include <string.h>
   4          #include <stdlib.h>
   5          
   6          sbit sel_com = P0^7;        //Micro switch    
   7          
   8          
   9          /*funciones externas*/
  10          extern char putchar (char c);
  11          extern void Block_read_Clock(unsigned char *datos_clock);
  12          extern void DebugBufferMF(unsigned char *str,unsigned char num_char,char io);
  13          extern void Debug_Dividir_texto();
  14          extern void clean_tx();
  15          extern void Debug_txt_Tibbo(unsigned char * str);
  16          extern void          _nop_     (void);
  17          extern void Debug_chr_Tibbo(unsigned char Dat);
  18          extern unsigned char *Lee_No_Ticket();
  19          extern void EscribirCadenaSoft_buffer(unsigned char *buffer,unsigned char tamano_cadena);
  20          extern int printf   (const char *, ...);
  21          extern void clean_tx();
  22          extern char com_putchar (unsigned char c);
  23          extern void Block_read_clock_ascii_rasberry(unsigned char *datos_clock);
  24          void Raspberry_data (unsigned char *msjpantalla);
  25          /*mensajes de salida desde 85 a 169*/
  26          
  27          #define INGRESE                 85          //0xDF //E3,E4,E5
  28          #define SIN_INGRESO             86          //0XE6
  29          #define SIN_PAGO                87            //0XE7
  30          #define EXCEDE_GRACIA           88          //0XE8
  31          #define MENSUAL_NO_PARK         89
  32          #define DIRIJASE_CAJA           90
  33          #define GRACIAS                 91            //0XFF,01
  34          /*mensajes mensual llega de lectura de wiegand de principal*/
  35          #define LECTURA_WIEGAND         92          //0xB0
  36          #define NO_IN_PARK              93            //B2
  37          #define EXPIRO                  94            //B4
  38          #define EXCEDE_HORARIO          95
  39          #define NO_MENSUAL_NI_PREPAGO   96
  40          #define MENSUAL_NO_PAGO         97
  41          #define HORARIO                 98
  42          #define IN_PARK                 99
  43          #define IN_HORARIO              0x9A
  44          #define BIENVENIDO_WIEGAN       0x9b
  45          #define LOTE_FULL               0x9c
  46          #define CUPOS                   0x9d
  47          #define NOREAD_CARD             0x9e
  48          /*mensajes informativos*/
  49          
  50          
  51          
  52          #define ERROR_LOOP              170         //0XE0
  53          #define ERROR_COD_PARK          171         //0XE5
  54          #define PULSE_BOTON             172
C51 COMPILER V9.59.0.0   PANTALLAS                                                         07/26/2021 14:55:01 PAGE 2   

  55          #define TARJETA_SIN_FORMATO     173         //0xDF
  56          #define OFF_LINE                174         //B6
  57          #define UN_MOMENTO              175
  58          #define NO_CARD_MENSUAL         176
  59          
  60          #define TARJETA_INVALIDA        177
  61          #define SIN_SALIDA              178
  62          #define REGISTRA_INGRESO        179
  63          #define TARJETA_VENCIDA         180
  64          #define MENSUAL_FUERA_HORARIO   181
  65          #define HORARIO_NO_PROG         182
  66          
  67          #define NO_CARD                 0XFA
  68          #define BIENVENIDO              0XFE
  69          
  70          #define LOW_CARD                0x01
  71          
  72          
  73          #define RETIRE_TARJETA          0XA1
  74          
  75          #define NOTIFIQUE_EVP           'N'
  76          #define NO_NOTIFIQUE_EVP        'S'
  77          #define COMPARANDO_PLACA        'P'           /*msj de eeror de placa*/
  78          #define ENVIANDO_COD            'D'
  79          #define INFO1                   'I'
  80          #define INFO2                   'i'
  81          
  82          #define True                    0x01
  83          #define False                   0x00
  84          
  85          /*variables externas */
  86          extern unsigned char  Raspberry;
  87          extern idata unsigned char placa[];
  88          extern bit placa_ready;
  89          extern bit MenSual ;
  90          
  91          //unsigned char xdata malloc_memoria[0x50];
  92          
  93          /*------------------------------------------------------------------------------
  94          Rutina de msj de pantalla
  95          ------------------------------------------------------------------------------*/
  96          void PantallaLCD(unsigned char cod_msg)
  97          {
  98   1      
  99   1      unsigned char Ini_LCD_Line_one   []={0xaa,0x80,0x18,0x01,0x02,0x00} ;
 100   1      //unsigned char Ini_LCD_Line_two   []={0xaa,0x80,0x18,0x02,0x02,0x00} ;
 101   1      //unsigned char Ini_Off_Line []={0xaa,0x80,0x18,0x01,0x03,0x00} ;
 102   1        
 103   1      unsigned char num_chr;
 104   1      unsigned char xdata  *msjpantalla = 0;
 105   1      
 106   1        //init_mempool(malloc_memoria,40);
 107   1        //msjpantalla=malloc(40);
 108   1          sel_com=0;
 109   1        
 110   1          if (Raspberry==0)
 111   1          {
 112   2            LCD_txt (Ini_LCD_Line_one,0);
 113   2            
 114   2            switch (cod_msg)
 115   2            {
 116   3            /*mensajes de entrada lcd pto serie*/
C51 COMPILER V9.59.0.0   PANTALLAS                                                         07/26/2021 14:55:01 PAGE 3   

 117   3                case INGRESE:
 118   3                    num_chr=strlen((unsigned char  *) "INGRESE TARJETA ");                    /*cmd 31 es en proceso de ejecucion
             - del firtware*/
 119   3                    tx_chrlcd(0x00,0);
 120   3                    tx_chrlcd(num_chr*2,0);
 121   3                    LCD_txt ((unsigned char *)"INGRESE TARJETA ",1);
 122   3                    break;
 123   3              
 124   3              case SIN_INGRESO:
 125   3                     
 126   3                    num_chr=strlen((unsigned char  *) "TARJETA SIN INGRESO ");
 127   3                    tx_chrlcd(0x00,0);
 128   3                    tx_chrlcd(num_chr*2,0);
 129   3                    LCD_txt ((unsigned char *)"TARJETA SIN INGRESO ",1);
 130   3                     break;
 131   3                  
 132   3              case SIN_PAGO:
 133   3                     
 134   3                    num_chr=strlen((unsigned char  *) "TARJETA NO REGISTRA PAGO ");
 135   3                    tx_chrlcd(0x00,0);
 136   3                    tx_chrlcd(num_chr*2,0);
 137   3                    LCD_txt ((unsigned char *)"TARJETA NO REGISTRA PAGO ",1);
 138   3                    break;
 139   3              case EXCEDE_GRACIA:
 140   3                    num_chr=strlen((unsigned char  *) "EXCEDE TIEMPO DE GRACIA ");
 141   3                    tx_chrlcd(0x00,0);
 142   3                    tx_chrlcd(num_chr*2,0);
 143   3                    LCD_txt ((unsigned char *)"EXCEDE TIEMPO DE GRACIA ",1);
 144   3                    break;  
 145   3              case MENSUAL_NO_PARK:
 146   3                    num_chr=strlen((unsigned char  *) "MENSUAL NO ESTA EN PARQUEADERO ");                   /*cmd 31 es en proce
             -so de ejecucion del firtware*/
 147   3                    tx_chrlcd(0x00,0);
 148   3                    tx_chrlcd(num_chr*2,0);
 149   3                    LCD_txt ((unsigned char *)"MENSUAL NO ESTA EN PARQUEADERO ",1);   
 150   3                    break;
 151   3              case DIRIJASE_CAJA:
 152   3                    num_chr=strlen((unsigned char  *) "DIRIJASE A CAJA ");                    /*cmd 31 es en proceso de ejecucion
             - del firtware*/
 153   3                    tx_chrlcd(0x00,0);
 154   3                    tx_chrlcd(num_chr*2,0);
 155   3                    LCD_txt ((unsigned char *)"DIRIJASE A CAJA ",1); 
 156   3                    break;
 157   3              case GRACIAS:
 158   3                       
 159   3                    num_chr=strlen((unsigned char  *) "GRACIAS... ");
 160   3                    tx_chrlcd(0x00,0);
 161   3                    tx_chrlcd(num_chr*2,0);
 162   3                    LCD_txt ((unsigned char *)"GRACIAS...",1); 
 163   3                    break;
 164   3              case NO_IN_PARK:
 165   3                    num_chr=strlen((unsigned char  *) "MENSUAL NO ESTA EN PARQUEADERO ");
 166   3                    tx_chrlcd(0x00,0);
 167   3                    tx_chrlcd(num_chr*2,0);
 168   3                    LCD_txt ((unsigned char *)"MENSUAL NO ESTA EN PARQUEADERO ",1); 
 169   3                    break;
 170   3              case EXPIRO:
 171   3                    num_chr=strlen((unsigned char  *) "MENSUALIDAD VENCIDA ");
 172   3                    tx_chrlcd(0x00,0);
 173   3                    tx_chrlcd(num_chr*2,0);
 174   3                    LCD_txt ((unsigned char *)"MENSUALIDAD VENCIDA ",1); 
 175   3                    break;
C51 COMPILER V9.59.0.0   PANTALLAS                                                         07/26/2021 14:55:01 PAGE 4   

 176   3               case EXCEDE_HORARIO:
 177   3                    num_chr=strlen((unsigned char  *) "MENSUALIDAD EXCEDE HORARIO ACERQUESE A CAJA ");
 178   3                    tx_chrlcd(0x00,0);
 179   3                    tx_chrlcd(num_chr*2,0);
 180   3                    LCD_txt ((unsigned char *)"MENSUALIDAD EXCEDE HORARIO ACERQUESE A CAJA ",1);            
 181   3                    break;
 182   3                         
 183   3               case NO_MENSUAL_NI_PREPAGO:
 184   3                    num_chr=strlen((unsigned char  *) "NO ES MENSUALIDAD NI PREPAGO");
 185   3                    tx_chrlcd(0x00,0);
 186   3                    tx_chrlcd(num_chr*2,0);
 187   3                    LCD_txt ((unsigned char *)"NO ES MENSUALIDAD NI PREPAGO",1);            
 188   3                    break;
 189   3                         
 190   3                case MENSUAL_NO_PAGO:
 191   3                    num_chr=strlen((unsigned char  *) "MENSUAL NO PAGO LOCACION HOY");
 192   3                    tx_chrlcd(0x00,0);
 193   3                    tx_chrlcd(num_chr*2,0);
 194   3                    LCD_txt ((unsigned char *)"MENSUAL NO PAGO LOCACION HOY",1);            
 195   3                    break;
 196   3                      
 197   3              
 198   3              /*mensajes informativos por lcd pto serie*/
 199   3              
 200   3                 case ERROR_LOOP:
 201   3                     
 202   3                    num_chr=strlen((unsigned char  *) "SIN PRESENCIA VEHICULAR ");
 203   3                    tx_chrlcd(0x00,0);
 204   3                    tx_chrlcd(num_chr*2,0);
 205   3                    LCD_txt ((unsigned char *)"SIN PRESENCIA VEHICULAR ",1); 
 206   3                    break;
 207   3                
 208   3                 case ERROR_COD_PARK:
 209   3                       
 210   3                    num_chr=strlen((unsigned char  *) "TARJETA NO ES DEL PARQUEADERO ");
 211   3                    tx_chrlcd(0x00,0);
 212   3                    tx_chrlcd(num_chr*2,0);
 213   3                    LCD_txt ((unsigned char *)"TARJETA NO ES DEL PARQUEADERO ",1); 
 214   3                    break;  
 215   3                 
 216   3                 case PULSE_BOTON:
 217   3                    num_chr=strlen((unsigned char *) "BIENVENIDO. PULSE EL BOTON ");
 218   3                    tx_chrlcd(0x00,0);
 219   3                    tx_chrlcd(num_chr*2,0);
 220   3                    LCD_txt((unsigned char *)        "BIENVENIDO. PULSE EL BOTON ",1);
 221   3                    break;
 222   3                 
 223   3                  case TARJETA_SIN_FORMATO:
 224   3                      
 225   3                    num_chr=strlen((unsigned char  *) "TARJETA SIN FORMATO ");
 226   3                    tx_chrlcd(0x00,0);
 227   3                    tx_chrlcd(num_chr*2,0);
 228   3                    LCD_txt ((unsigned char *)"TARJETA SIN FORMATO ",1); 
 229   3                    break;
 230   3                  
 231   3                   case   OFF_LINE:
 232   3                
 233   3                    num_chr=strlen((unsigned char *) "FUERA DE LINEA ");
 234   3                    tx_chrlcd(0x00,0);
 235   3                    tx_chrlcd(num_chr*2,0);
 236   3                    LCD_txt((unsigned char *)        "FUERA DE LINEA ",1);
 237   3                    break;
C51 COMPILER V9.59.0.0   PANTALLAS                                                         07/26/2021 14:55:01 PAGE 5   

 238   3                   
 239   3                 case UN_MOMENTO:
 240   3                    num_chr=strlen((unsigned char *) "UN MOMENTO POR FAVOR ");
 241   3                    tx_chrlcd(0x00,0);
 242   3                    tx_chrlcd(num_chr*2,0);
 243   3                    LCD_txt((unsigned char *)        "UN MOMENTO POR FAVOR ",1);
 244   3                    break;
 245   3                 
 246   3                 case NO_CARD_MENSUAL:
 247   3                    num_chr=strlen((unsigned char *) "NO ES TARJETA MENSUAL ");
 248   3                    tx_chrlcd(0x00,0);
 249   3                    tx_chrlcd(num_chr*2,0);
 250   3                    LCD_txt((unsigned char *)        "NO ES TARJETA MENSUAL ",1);
 251   3                    break;
 252   3                   
 253   3                 case TARJETA_INVALIDA:
 254   3                     
 255   3                    num_chr=strlen((unsigned char  *) "TARJETA INVALIDA ");
 256   3                    tx_chrlcd(0x00,0);
 257   3                    tx_chrlcd(num_chr*2,0);
 258   3                    LCD_txt ((unsigned char *)"TARJETA INVALIDA ",1); 
 259   3                    break;
 260   3                  
 261   3                 case SIN_SALIDA:
 262   3                    num_chr=strlen((unsigned char *) "TARJETA SIN SALIDA ");
 263   3                    tx_chrlcd(0x00,0);
 264   3                    tx_chrlcd(num_chr*2,0);
 265   3                    LCD_txt((unsigned char *)        "TARJETA SIN SALIDA ",1);
 266   3                    break;
 267   3                case REGISTRA_INGRESO:
 268   3                    num_chr=strlen((unsigned char *) "REGISTRA INGRESO EN PARQUEADERO ");
 269   3                    tx_chrlcd(0x00,0);
 270   3                    tx_chrlcd(num_chr*2,0);
 271   3                    LCD_txt((unsigned char *)        "REGISTRA INGRESO EN PARQUEADERO ",1);
 272   3                    break;
 273   3                case MENSUAL_FUERA_HORARIO:
 274   3                    num_chr=strlen((unsigned char *) "MENSUAL FUERA DE HORARIO ");
 275   3                    tx_chrlcd(0x00,0);
 276   3                    tx_chrlcd(num_chr*2,0);
 277   3                    LCD_txt((unsigned char *)        "MENSUAL FUERA DE HORARIO ",1);
 278   3                    break;
 279   3                case HORARIO_NO_PROG:
 280   3                    num_chr=strlen((unsigned char *) "HORARIO NO PROGRAMADO ");
 281   3                    tx_chrlcd(num_chr*2,0);
 282   3                    LCD_txt((unsigned char *)        "HORARIO NO PROGRAMADO ",1);
 283   3                    break;  
 284   3                
 285   3                
 286   3                  
 287   3                  case NO_CARD:
 288   3                    num_chr=strlen((unsigned char *) "SIN TARJETAS ");
 289   3                    tx_chrlcd(0x00,0);
 290   3                    tx_chrlcd(num_chr*2,0);
 291   3                    LCD_txt((unsigned char *)        "SIN TARJETAS ",1);
 292   3                    break;
 293   3                  case BIENVENIDO:
 294   3                    num_chr=strlen((unsigned char *) "BIENVENIDO ");
 295   3                    tx_chrlcd(0x00,0);
 296   3                    tx_chrlcd(num_chr*2,0);
 297   3                    LCD_txt((unsigned char *)        "BIENVENIDO ",1);
 298   3                    break;
 299   3                    case LOW_CARD:
C51 COMPILER V9.59.0.0   PANTALLAS                                                         07/26/2021 14:55:01 PAGE 6   

 300   3                    num_chr=strlen((unsigned char *) "NIVEL BAJO DE TARJETAS ");
 301   3                    tx_chrlcd(0x00,0);
 302   3                    tx_chrlcd(num_chr*2,0);
 303   3                    LCD_txt((unsigned char *)        "NIVEL BAJO DE TARJETAS ",1);
 304   3                    break;
 305   3                  
 306   3                  
 307   3                    
 308   3                    
 309   3                    
 310   3                    
 311   3                      
 312   3                  
 313   3                  default:
 314   3            
 315   3                  break;  
 316   3            }
 317   2              sel_com=1;  
 318   2        
 319   2          }
 320   1            else
 321   1            {
 322   2               sel_com=0;   
 323   2               switch (cod_msg)
 324   2               {
 325   3                    /*msj de entrada*/
 326   3                 
 327   3                  case INGRESE:
 328   3                    strcpy(msjpantalla,"a;85;INGRESE TARJETA\n\0");
 329   3                      Raspberry_data(msjpantalla);
 330   3                      //  Raspberry_data((unsigned char  *) "a;85;INGRESE TARJETA\n\r\0");                    /*cmd 31 es en proces
             -o de ejecucion del firtware*/
 331   3                        break;
 332   3                  case SIN_INGRESO:
 333   3                     
 334   3                        //Raspberry_data((unsigned char  *) "a;86;TARJETA SIN INGRESO \n\r\0");
 335   3                      strcpy(msjpantalla,"a;86;TARJETA SIN INGRESO\n\0");
 336   3                      Raspberry_data(msjpantalla);
 337   3                        break;
 338   3                  
 339   3                  case SIN_PAGO:
 340   3                    strcpy(msjpantalla,"a;87;TARJETA NO REGISTRA PAGO\n\0");
 341   3                        Raspberry_data (msjpantalla);
 342   3                        //Raspberry_data((unsigned char  *) "a;87;TARJETA NO REGISTRA PAGO\n\r\0");
 343   3                        break;
 344   3                  case EXCEDE_GRACIA:
 345   3                    strcpy(msjpantalla,"a;88;EXCEDE TIEMPO DE GRACIA\n\0");
 346   3                        Raspberry_data (msjpantalla);
 347   3                      //  Raspberry_data((unsigned char  *) "a;88;EXCEDE TIEMPO DE GRACIA \n\r\0");
 348   3                        break;  
 349   3                  case MENSUAL_NO_PARK:
 350   3                    strcpy(msjpantalla,"a;89;MENSUAL NO ESTA EN PARQUEADERO\n\0");
 351   3                        Raspberry_data (msjpantalla);
 352   3                        //Raspberry_data((unsigned char  *) "a;89;MENSUAL NO ESTA EN PARQUEADERO\n\r\0");                   /*cmd 
             -31 es en proceso de ejecucion del firtware*/
 353   3                        break;
 354   3                  case DIRIJASE_CAJA:
 355   3                    strcpy(msjpantalla,"a;90;DIRIJASE A CAJA\n\0");
 356   3                        Raspberry_data (msjpantalla);
 357   3                        //Raspberry_data((unsigned char  *) "a;90;DIRIJASE A CAJA\n\r\0");                    /*cmd 31 es en proces
             -o de ejecucion del firtware*/
 358   3                        break;
C51 COMPILER V9.59.0.0   PANTALLAS                                                         07/26/2021 14:55:01 PAGE 7   

 359   3                  case GRACIAS:
 360   3                    strcpy(msjpantalla,"a;91;GRACIAS... \n\0");
 361   3                        Raspberry_data (msjpantalla);
 362   3                        //Raspberry_data((unsigned char  *) "a;91;GRACIAS... \n\r\0");
 363   3                        break;
 364   3                  case NO_IN_PARK:
 365   3                    strcpy(msjpantalla,"a;93;MENSUAL NO ESTA EN PARQUEADERO\n\0");
 366   3                        Raspberry_data (msjpantalla);
 367   3                        //Raspberry_data((unsigned char  *) "a;93;MENSUAL NO ESTA EN PARQUEADERO\n\r\0");
 368   3                        break;
 369   3                  case IN_PARK:
 370   3                        strcpy(msjpantalla,"a;93;MENSUAL ESTA EN PARQUEADERO\n\0");
 371   3                        Raspberry_data (msjpantalla);
 372   3                        //Raspberry_data((unsigned char  *) "a;93;MENSUAL NO ESTA EN PARQUEADERO\n\r\0");
 373   3                        break;
 374   3                 case EXPIRO:
 375   3                   strcpy(msjpantalla,"a;94;MENSUALIDAD VENCIDA\n\0");
 376   3                        Raspberry_data(msjpantalla);
 377   3                        //Raspberry_data((unsigned char  *) "a;94;MENSUALIDAD VENCIDA\n\r\0");
 378   3                        break;
 379   3                       
 380   3                 case EXCEDE_HORARIO:
 381   3                   strcpy(msjpantalla,"a;95;MENSUALIDAD EXCEDE HORARIO ACERQUESE A CAJA\n\0");
 382   3                        Raspberry_data(msjpantalla);
 383   3                      //Raspberry_data((unsigned char  *) "a;95;MENSUALIDAD EXCEDE HORARIO ACERQUESE A CAJA\n\r\0");
 384   3                        break;
 385   3                         
 386   3                 case NO_MENSUAL_NI_PREPAGO:
 387   3                   strcpy(msjpantalla,"a;96;NO ES MENSUALIDAD NI PREPAGO\n\0");
 388   3                        Raspberry_data(msjpantalla);
 389   3                        //Raspberry_data((unsigned char  *) "a;96;NO ES MENSUALIDAD NI PREPAGO\n\r\0");
 390   3                        break;
 391   3                 
 392   3                  case MENSUAL_NO_PAGO:
 393   3                    strcpy(msjpantalla,"a;97;MENSUAL NO PAGO LOCACION HOY\n\0");
 394   3                        Raspberry_data(msjpantalla);
 395   3                        //Raspberry_data((unsigned char  *) "a;97;MENSUAL NO PAGO LOCACION HOY\n\r\0");
 396   3                        break;
 397   3                
 398   3                  /*msj informativos */
 399   3                  
 400   3                  case ERROR_LOOP:
 401   3                    strcpy(msjpantalla,"a;98;SIN PRESENCIA VEHICULAR\n\0");
 402   3                        Raspberry_data (msjpantalla);
 403   3                        //Raspberry_data((unsigned char  *) "a;98;SIN PRESENCIA VEHICULAR \n\r\0");
 404   3                        break;
 405   3                  
 406   3                 case ERROR_COD_PARK:
 407   3                   strcpy(msjpantalla,"a;98;TARJETA NO ES DEL PARQUEADERO\n\0");
 408   3                        Raspberry_data (msjpantalla);
 409   3                      //Raspberry_data((unsigned char  *) "a;98;TARJETA NO ES DEL PARQUEADERO \n\r\0");
 410   3                        break;  
 411   3                 
 412   3                 case PULSE_BOTON:
 413   3                  strcpy(msjpantalla,"a;00;BIENVENIDO. PULSE EL BOTON\n\0");
 414   3                  Raspberry_data(msjpantalla);
 415   3                
 416   3                 
 417   3                  break;
 418   3                  case TARJETA_SIN_FORMATO:
 419   3                    strcpy(msjpantalla,"a;98;TARJETA SIN FORMATO\n\0");
 420   3                        Raspberry_data (msjpantalla);
C51 COMPILER V9.59.0.0   PANTALLAS                                                         07/26/2021 14:55:01 PAGE 8   

 421   3                        //Raspberry_data((unsigned char  *) "a;98;TARJETA SIN FORMATO \n\r\0");
 422   3                        break;
 423   3                  case OFF_LINE:
 424   3                    strcpy(msjpantalla,"a;98;FUERA DE LINEA\n\0");
 425   3                        Raspberry_data (msjpantalla);
 426   3                        //Raspberry_data((unsigned char  *) "a;98;FUERA DE LINEA\n\r\0");
 427   3                        break;
 428   3                  case UN_MOMENTO:
 429   3                    strcpy(msjpantalla,"a;98;UN MOMENTO POR FAVOR\n\0");
 430   3                        Raspberry_data (msjpantalla);
 431   3                      //  Raspberry_data((unsigned char  *) "\n\ra;98;UN MOMENTO POR FAVOR\n\r\0");
 432   3                        break;
 433   3                  case NO_CARD_MENSUAL:
 434   3                    strcpy(msjpantalla,"a;08;NO ES TARJETA MENSUAL\n\0");
 435   3                    Raspberry_data (msjpantalla);
 436   3                    //Raspberry_data((unsigned char  *) "a;08;NO ES TARJETA MENSUAL\n\r\0");
 437   3                    break;
 438   3                  
 439   3                  case TARJETA_INVALIDA:
 440   3                    strcpy(msjpantalla,"a;98;TARJETA INVALIDA\n\0");
 441   3                    Raspberry_data (msjpantalla);
 442   3                        //Raspberry_data((unsigned char  *) "a;98;TARJETA INVALIDA\n\r\0");
 443   3                        break;
 444   3                  
 445   3                case SIN_SALIDA:
 446   3                  strcpy(msjpantalla,"a;98;TARJETA SIN SALIDA\n\0");
 447   3                      Raspberry_data (msjpantalla);
 448   3                    //Raspberry_data((unsigned char  *)  "a;98;TARJETA SIN SALIDA\n\r\0");
 449   3                     break;
 450   3                 case REGISTRA_INGRESO:
 451   3                   strcpy(msjpantalla,"a;98;REGISTRA INGRESO EN PARQUEADERO\n\0");
 452   3                     Raspberry_data (msjpantalla);
 453   3                     //Raspberry_data((unsigned char  *)  "a;98;REGISTRA INGRESO EN PARQUEADERO\n\r\0");
 454   3                     break;
 455   3                case TARJETA_VENCIDA:
 456   3                  strcpy(msjpantalla,"a;07;¡ MENSUALIDAD VENCIDA !\n\0");
 457   3                     Raspberry_data (msjpantalla);
 458   3                    //Raspberry_data((unsigned char  *)  "a;07;¡ MENSUALIDAD VENCIDA !\n\r\0");
 459   3                     break; 
 460   3                case MENSUAL_FUERA_HORARIO:
 461   3                  strcpy(msjpantalla,"a;06;MENSUAL FUERA DE HORARIO\n\0");
 462   3                     Raspberry_data (msjpantalla);
 463   3                     //Raspberry_data((unsigned char  *) "a;06;MENSUAL FUERA DE HORARIO\n\r\0");
 464   3                     break;
 465   3                
 466   3                case NO_CARD:
 467   3                  strcpy(msjpantalla,"a;98;SIN TARJETAS\n\0");
 468   3                     Raspberry_data (msjpantalla);
 469   3                     //Raspberry_data((unsigned char  *) "a;98;SIN TARJETAS\n\r\0");
 470   3                     break;
 471   3                case LOW_CARD:
 472   3                  strcpy(msjpantalla,"a;98;NIVEL BAJO DE TARJETAS\n\0");
 473   3                     Raspberry_data (msjpantalla);
 474   3                    // Raspberry_data((unsigned char  *) "a;98;NIVEL BAJO DE TARJETAS\n\r\0");
 475   3                     break;
 476   3                case HORARIO_NO_PROG:
 477   3                  strcpy(msjpantalla,"a;98;HORARIO NO PROGRAMADO\n\0");
 478   3                    Raspberry_data (msjpantalla);
 479   3                    //Raspberry_data((unsigned char  *)  "a;98;HORARIO NO PROGRAMADO\n\r\0"); 
 480   3                    break;    
 481   3                
 482   3                case NOREAD_CARD:
C51 COMPILER V9.59.0.0   PANTALLAS                                                         07/26/2021 14:55:01 PAGE 9   

 483   3                    strcpy(msjpantalla,"a;98;ACERQUE SU TARJETA DE NUEVO\n\0");
 484   3                    Raspberry_data (msjpantalla);
 485   3                  
 486   3                break;
 487   3              
 488   3                  
 489   3                case RETIRE_TARJETA:
 490   3                  strcpy(msjpantalla,"a;01;RETIRE SU TARJETA\n\0");
 491   3                    Raspberry_data (msjpantalla);
 492   3                   // Raspberry_data((unsigned char  *) "\n\ra;01;RETIRE SU TARJETA\n\r\0");
 493   3                    break;
 494   3                case BIENVENIDO:
 495   3                  strcpy(msjpantalla,"a;03;BIENVENIDO\n\0");
 496   3                    Raspberry_data (msjpantalla);
 497   3                    //Raspberry_data((unsigned char  *) "a;03;BIENVENIDO\n\r\0");
 498   3                    break;
 499   3                case LOTE_FULL:
 500   3                  strcpy(msjpantalla,"a;99;LOTE ASIGNADO ESTA LLENO\n\0");
 501   3                  Raspberry_data (msjpantalla);
 502   3                  break;
 503   3            
 504   3                case IN_HORARIO:
 505   3                  strcpy(msjpantalla,"a;06;MENSUAL FUERA DE HORARIO\n\0");
 506   3                  Raspberry_data (msjpantalla);
 507   3                  break;
 508   3                
 509   3               
 510   3                
 511   3            
 512   3                default:
 513   3                break;  
 514   3               }
 515   2              // free(msjpantalla);
 516   2               msjpantalla=0;
 517   2               sel_com=1;   
 518   2            }
 519   1            
 520   1           
 521   1      
 522   1      }
 523          void PantallaLCD_LINEA_2(unsigned char cod_msg, unsigned char * buffer)
 524          {
 525   1        
 526   1      unsigned char Ini_LCD_Line_one   []={0xaa,0x80,0x18,0x01,0x02,0x00} ;
 527   1      unsigned char num_chr;
 528   1      unsigned char msjpantalla [40]= {0};
 529   1      
 530   1        //init_mempool(malloc_memoria,40);
 531   1      //msjpantalla=malloc(40);
 532   1      
 533   1      
 534   1        
 535   1      sel_com=0;
 536   1        
 537   1          if (Raspberry == 0)
 538   1          {
 539   2          
 540   2            
 541   2            switch (cod_msg)
 542   2            {
 543   3          
 544   3              case  LECTURA_WIEGAND:
C51 COMPILER V9.59.0.0   PANTALLAS                                                         07/26/2021 14:55:01 PAGE 10  

 545   3                LCD_txt (Ini_LCD_Line_one,0);
 546   3                num_chr=strlen((unsigned char *) "WIEGAND ");
 547   3                num_chr=num_chr+strlen(buffer)+1;
 548   3                tx_chrlcd(0x00,0);
 549   3                tx_chrlcd(num_chr*2,0);
 550   3                LCD_txt((unsigned char *)        "WIEGAND ",1);                       /*funcion q trasmite el msj al LCD  y el 
             -(1) coloca los caracteres NULL*/
 551   3                LCD_txt(buffer,1);                                                    /*funcion q trasmite el msj al LCD  y el (1) coloca los 
             -caracteres NULL*/
 552   3                break;
 553   3              case GRACIAS:
 554   3                LCD_txt (Ini_LCD_Line_one,0);
 555   3                num_chr=strlen((unsigned char *) "GRACIAS ");
 556   3                num_chr=num_chr+strlen(buffer)+1;
 557   3                tx_chrlcd(0x00,0);
 558   3                tx_chrlcd(num_chr*2,0);
 559   3                LCD_txt((unsigned char *)        "GRACIAS ",1);                       /*funcion q trasmite el msj al LCD  y el 
             -(1) coloca los caracteres NULL*/
 560   3                LCD_txt(buffer,1);    
 561   3                break;  
 562   3              
 563   3              
 564   3              
 565   3            default:
 566   3            
 567   3              break;  
 568   3            
 569   3            }
 570   2              sel_com=1;  
 571   2          }
 572   1          else
 573   1          {
 574   2             sel_com=0;  
 575   2            
 576   2             switch (cod_msg)
 577   2             {
 578   3               case LECTURA_WIEGAND:
 579   3                  
 580   3                           
 581   3                  strcpy(msjpantalla,"a;92;WIEGAND ");
 582   3                       
 583   3                  strcat(msjpantalla,buffer);
 584   3                  
 585   3                  strcat(msjpantalla,"\n\0");
 586   3                  
 587   3               
 588   3                  Raspberry_data (msjpantalla);
 589   3                  
 590   3                
 591   3                  break;
 592   3               
 593   3                case GRACIAS:
 594   3                  strcpy(msjpantalla,"a;91;GRACIAS ");
 595   3                  num_chr=strlen(buffer);
 596   3                  *(buffer+(num_chr-1))=0;
 597   3                  strcat(msjpantalla,buffer);
 598   3                  strcat(msjpantalla,"\n\0");
 599   3                  Raspberry_data (msjpantalla);
 600   3                
 601   3                  break;
 602   3                 case BIENVENIDO:
 603   3                   
C51 COMPILER V9.59.0.0   PANTALLAS                                                         07/26/2021 14:55:01 PAGE 11  

 604   3                  strcpy(msjpantalla,"a;03;BIENVENIDO ");
 605   3                 Raspberry_data (msjpantalla);
 606   3                   if(MenSual !=  True)
 607   3                  {
 608   4                    /*tarjeta de rotacion*/
 609   4                  strcpy(msjpantalla, Lee_No_Ticket());
 610   4                  //strcat(msjpantalla,ticket);
 611   4                     Raspberry_data (msjpantalla);
 612   4                  }
 613   3                  else
 614   3                  {
 615   4                    /*mensual nombre del mensual*/
 616   4                    strcpy(msjpantalla, buffer);
 617   4                  //strcat(msjpantalla,buffer);
 618   4                     Raspberry_data (msjpantalla);
 619   4                    
 620   4                  }
 621   3                  if (placa_ready== True)
 622   3                    {
 623   4                    strcpy(msjpantalla, " PLACA");  
 624   4                    //strcat(msjpantalla," PLACA:");
 625   4                    strcat(msjpantalla,placa);  
 626   4                      
 627   4                      strcat(msjpantalla,"\n\0");
 628   4                    }
 629   3                    else
 630   3                    {
 631   4                      strcpy(msjpantalla, "\n");  
 632   4                      //strcat(msjpantalla,"\n\r\0");
 633   4                    } 
 634   3                    Raspberry_data (msjpantalla);
 635   3                  
 636   3                  
 637   3                  break;
 638   3                   case BIENVENIDO_WIEGAN:
 639   3                    strcpy(msjpantalla,"a;03;BIENVENIDO ");
 640   3                    strcat(msjpantalla,buffer);
 641   3                    strcat(msjpantalla,"\n\0");
 642   3                
 643   3                    Raspberry_data (msjpantalla);
 644   3                   
 645   3                     break;
 646   3                  case TARJETA_VENCIDA:
 647   3                  strcpy(msjpantalla,"a;07; ¡ MENSUALIDAD VENCIDA ! VENCIO 20");
 648   3                  num_chr=strlen(buffer);
 649   3                  *(buffer+(num_chr-1))=0;
 650   3                  strcat(msjpantalla,buffer);
 651   3                  strcat(msjpantalla,"\n\0");
 652   3                  Raspberry_data (msjpantalla);
 653   3                  
 654   3                  break;
 655   3                 case CUPOS:
 656   3                   strcpy(msjpantalla,"c;90;");
 657   3                   strcat(msjpantalla,buffer);
 658   3                   strcat(msjpantalla,"\n\0");
 659   3                   Raspberry_data (msjpantalla);
 660   3                   break;
 661   3              default:
 662   3            
 663   3                break;  
 664   3             }
 665   2            // free(msjpantalla);
C51 COMPILER V9.59.0.0   PANTALLAS                                                         07/26/2021 14:55:01 PAGE 12  

 666   2             msjpantalla [0]=0;
 667   2             sel_com=1; 
 668   2          }
 669   1        }
 670          /*------------------------------------------------------------------------------
 671          transmite el caracter pto serie
 672          data_com = al caracter a escribir
 673          enable_char_add = si esta en (1) envia un null (0) adicional, si es (0) no envia caracter adicional
 674          ------------------------------------------------------------------------------*/
 675          void tx_chrlcd (unsigned char data_com, unsigned char enable_char_add)
 676          {
 677   1        unsigned char d;
 678   1        d=putchar(data_com);
 679   1        if (enable_char_add != 0) d=putchar(0x00);
 680   1        
 681   1      }
 682          
 683          /*------------------------------------------------------------------------------
 684          envia un msj asta null(0)
 685          msg= apuntador del msj
 686          enable_char_add = si esta en (1) envia un null (0) adicional, si es (0) no envia caracter adicional
 687          ------------------------------------------------------------------------------*/
 688          void LCD_txt (unsigned char * msg,unsigned char enable_char_add )
 689          {
 690   1        unsigned char i;
 691   1         
 692   1        for (i=0; msg[i] != '\0'; i++)
 693   1        {
 694   2          tx_chrlcd(msg[i],enable_char_add);
 695   2        }
 696   1      }
 697          /*------------------------------------------------------------------------------
 698          Escribo el reloj en ascii en bloque 
 699          msg= apuntador del msj
 700          length_char longitud de la tram
 701          enable_char_add = si esta en (1) envia un null (0) adicional, si es (0) no envia caracter adicional
 702          ------------------------------------------------------------------------------*/
 703          void LCD_txt_num_char(unsigned char * msg,unsigned char length_char, unsigned char enable_char_add)
 704          {
 705   1        unsigned char i;
 706   1         
 707   1        for (i=0; i<length_char; i++)
 708   1        {
 709   2          tx_chrlcd(msg[i],enable_char_add);
 710   2        }
 711   1      }
 712          
 713          void Raspberry_data (unsigned char *msjpantalla)
 714          {
 715   1        
 716   1        unsigned char i;
 717   1        unsigned char lenth_cadena;
 718   1        unsigned char d;
 719   1        
 720   1        
 721   1        lenth_cadena=strlen(msjpantalla);
 722   1        
 723   1        for (i=0; i < lenth_cadena ; i++)
 724   1        {
 725   2            
 726   2          for (d=0; d<100; d++)
 727   2         {
C51 COMPILER V9.59.0.0   PANTALLAS                                                         07/26/2021 14:55:01 PAGE 13  

 728   3         }
 729   2          d=putchar(*(msjpantalla + i));
 730   2      
 731   2        }
 732   1        
 733   1          
 734   1          for (d=0; d<100; d++)
 735   1         {
 736   2          /*** DO NOTHING ***/
 737   2          }
 738   1        
 739   1      }
 740          
 741          /*------------------------------------------------------------------------------
 742          Escribo el reloj en ascii en bloque 
 743          AA 80 28 trama de inicio de configuracion de la pantalla
 744          07 numero de caracteres de la trama de reloj
 745          20 19 03 26 09 21 20  el dato del reloj
 746          ------------------------------------------------------------------------------*/
 747          void Reloj_Pantalla_Lcd()
 748          {
 749   1      
 750   1       unsigned char Ini_Clock_LCD   []={0xaa,0x80,0x28,0x07,0x20,0x00,0,0,0,0,20,0,0} ;
 751   1      
 752   1              if (Raspberry==0)
 753   1              { 
 754   2                sel_com=0;                                                                      /*switch del pto serie a la pantalla*/
 755   2                Block_read_Clock(Ini_Clock_LCD+5);                                              /*Leo el reloj programado*/
 756   2                //Debug_Dividir_texto();                                                          /*lineas de separacion del texto*/
 757   2                //DebugBufferMF(Ini_Clock_LCD,12,0);                                              /*muestra la trama por debug*/
 758   2                //Debug_Dividir_texto();                                                          /*linea de separacion de texto*/
 759   2                REN = 0;                                                                        /*inhabilita recepcion de datos*/
 760   2                LCD_txt_num_char(Ini_Clock_LCD,13,0);                                           /*cmd de inicializacion del reloj del lcd*
             -/
 761   2                                                            
 762   2                REN = 1;                                                                        /*habilita recepcion de datos*/
 763   2                sel_com=1;  
 764   2                  /*switch pto serie a verificador o expedidor */
 765   2              }
 766   1              else
 767   1              {
 768   2                  sel_com=0;
 769   2                  Ini_Clock_LCD [0]=0;
 770   2                  strcpy(Ini_Clock_LCD,"d;");
 771   2                
 772   2                  Block_read_clock_ascii_rasberry(Ini_Clock_LCD+2);
 773   2                  strcat(Ini_Clock_LCD,"\n\0");
 774   2                  Raspberry_data (Ini_Clock_LCD);
 775   2                    
 776   2            
 777   2                  sel_com=1;  
 778   2              }
 779   1      }
 780          
 781              
 782            


MODULE INFORMATION:   STATIC OVERLAYABLE
   CODE SIZE        =   2973    ----
   CONSTANT SIZE    =   1775    ----
   XDATA SIZE       =   ----      93
C51 COMPILER V9.59.0.0   PANTALLAS                                                         07/26/2021 14:55:01 PAGE 14  

   PDATA SIZE       =   ----    ----
   DATA SIZE        =   ----    ----
   IDATA SIZE       =   ----    ----
   BIT SIZE         =   ----    ----
END OF MODULE INFORMATION.


C51 COMPILATION COMPLETE.  0 WARNING(S),  0 ERROR(S)
