C51 COMPILER V9.59.0.0   TIBBO                                                             11/11/2020 12:18:31 PAGE 1   


C51 COMPILER V9.59.0.0, COMPILATION OF MODULE TIBBO
OBJECT MODULE PLACED IN .\Objects\tibbo.obj
COMPILER INVOKED BY: C:\Keil_v5\C51\BIN\C51.EXE tibbo.c LARGE OPTIMIZE(8,SPEED) BROWSE DEBUG OBJECTEXTEND PRINT(.\Listin
                    -gs\tibbo.lst) TABS(2) OBJECT(.\Objects\tibbo.obj)

line level    source

   1          #include <reg51.h>
   2          #include "tibbo.h" 
   3          
   4          /*funciones externas*/
   5          extern void Delay_20us(unsigned int cnt);
   6          extern void          _nop_     (void);
   7          extern unsigned char hex_bcd (unsigned char byte);
   8          
   9          /*variable externas*/
  10          extern unsigned char Debug_Tibbo;
  11          
  12          sbit rx_ip = P0^0;          //    
  13          sbit txd2 = P1^0;         //Transmision Aux Datos IP                *
  14          
  15          #define True                    0x01
  16          #define False                   0x00
  17          /*------------------------------------------------------------------------------
  18          ------------------------------------------------------------------------------*/
  19          void time_bit()
  20          {
  21   1        unsigned char j;
  22   1      
  23   1        for (j=0; j<=7; j++)        //18 para 19200  ...   41 Para 9600  //42 142us //7 a 9600 transmision
  24   1        {
  25   2          _nop_();
  26   2          _nop_();
  27   2          _nop_();
  28   2          _nop_();
  29   2          _nop_();
  30   2          _nop_();
  31   2          _nop_();
  32   2          _nop_();
  33   2          _nop_();
  34   2        //  _nop_();
  35   2      //    _nop_();
  36   2        //  _nop_();
  37   2        //  _nop_();
  38   2        }
  39   1      }
  40          /*------------------------------------------------------------------------------
  41          ------------------------------------------------------------------------------*/
  42          void time_mbit(void)
  43          {
  44   1        unsigned char j;
  45   1        for (j=0; j<=4; j++)
  46   1        {
  47   2          _nop_();
  48   2          _nop_();
  49   2          _nop_();
  50   2          _nop_();
  51   2          _nop_();
  52   2          _nop_();
  53   2          _nop_();
  54   2        }
C51 COMPILER V9.59.0.0   TIBBO                                                             11/11/2020 12:18:31 PAGE 2   

  55   1      
  56   1      }
  57          
  58          /*------------------------------------------------------------------------------
  59          Transmite un caracter  por tibbo a 9600 bd
  60          ------------------------------------------------------------------------------*/
  61          void tx_aux(unsigned char caracter)
  62          {
  63   1        unsigned char j, temporal, bitTX;
  64   1      
  65   1        EA=False;
  66   1        txd2=False;
  67   1        time_bit();
  68   1          _nop_();
  69   1          _nop_();
  70   1          temporal=caracter;
  71   1        bitTX=caracter&0x01;
  72   1        if (bitTX==0x00)
  73   1        {
  74   2          txd2=False;
  75   2        }
  76   1        else
  77   1        {
  78   2            txd2=True;
  79   2        }
  80   1        time_bit();
  81   1        for (j=1; j<=7; j++)
  82   1        {
  83   2          temporal>>=1;
  84   2          bitTX=temporal&(0x01);
  85   2          if (bitTX==0x00)
  86   2          {
  87   3            txd2=False;
  88   3          }
  89   2          else
  90   2          {
  91   3              txd2=True;
  92   3          }
  93   2          time_bit();
  94   2        }
  95   1        txd2=True;
  96   1        time_bit();
  97   1        time_bit(); 
  98   1      
  99   1        EA=True;
 100   1      }
 101          
 102          
 103          void Debug_HexDec(unsigned char xfc)
 104          {
 105   1        unsigned int valor;
 106   1        unsigned char centena, decena, unidad;
 107   1        valor=0;
 108   1      
 109   1        centena=0;
 110   1        decena=0;
 111   1        unidad=0;
 112   1        if (Debug_Tibbo==1)
 113   1        {  
 114   2          while (xfc>=0x064)        // resto 100
 115   2          {
 116   3            xfc=xfc-0x64;
C51 COMPILER V9.59.0.0   TIBBO                                                             11/11/2020 12:18:31 PAGE 3   

 117   3            centena=centena+1;
 118   3          }
 119   2          while (xfc>=0x0a)       // resto 10
 120   2          {
 121   3            xfc=xfc-0x0a;
 122   3            decena=decena+1;
 123   3          }
 124   2          unidad=xfc;
 125   2            tx_aux(centena|0x30);
 126   2          tx_aux(decena|0x30);
 127   2            tx_aux(unidad|0x30);
 128   2          
 129   2        }
 130   1      }
 131          
 132          /*------------------------------------------------------------------------------
 133          Transmito un caracter pasandolo a ascii 
 134          ------------------------------------------------------------------------------*/
 135          void Debug_chr_Tibbo(unsigned char Dat)
 136          {
 137   1        unsigned char temp;
 138   1        if (Debug_Tibbo==True)
 139   1        {
 140   2          temp=(Dat&0xf0)>>4;
 141   2          (temp>0x09)?(temp=temp+0x37):(temp=temp+0x30);
 142   2            
 143   2          tx_aux(temp);
 144   2                     
 145   2          temp=(Dat&0x0f);
 146   2          (temp>0x09)?(temp=temp+0x37):(temp=temp+0x30);
 147   2          tx_aux(temp);
 148   2          tx_aux(' ');
 149   2        
 150   2        }
 151   1      }
 152          
 153          /*------------------------------------------------------------------------------
 154          Transmito un Buffer x y lo pasa a ascii 
 155          io=0 datos enviados
 156          io=1 datos recibidos
 157          ------------------------------------------------------------------------------*/
 158          void DebugBufferMF(unsigned char *str,unsigned char num_char,char io)
 159          {
 160   1        unsigned char j;
 161   1       
 162   1        
 163   1        if (Debug_Tibbo==True)
 164   1        {
 165   2          if(io!=False)
 166   2          {
 167   3          Debug_txt_Tibbo((unsigned char *) "Datos Recibidos del Transporte: ");
 168   3          }else Debug_txt_Tibbo((unsigned char *) "Datos Enviados al Transporte: ");
 169   2          for (j=0; j<num_char; j++)
 170   2          {
 171   3          Debug_chr_Tibbo(*str);
 172   3          str++;
 173   3          }
 174   2          tx_aux('\r');
 175   2          tx_aux('\n');
 176   2        }
 177   1      
 178   1      }
C51 COMPILER V9.59.0.0   TIBBO                                                             11/11/2020 12:18:31 PAGE 4   

 179          
 180          /*------------------------------------------------------------------------------
 181          imprime la trama hasta el caracter null
 182          ------------------------------------------------------------------------------*/
 183          void Debug_txt_Tibbo(unsigned char * str)
 184          {
 185   1        unsigned char i;
 186   1        i=0;
 187   1        
 188   1        if (Debug_Tibbo==True)
 189   1        {
 190   2          for (i=0; str[i] != '\0'; i++)
 191   2          {
 192   3              tx_aux(str[i]);
 193   3          }
 194   2          
 195   2        }
 196   1      }
 197          
 198          void Debug_Dividir_texto()
 199          {
 200   1        Debug_txt_Tibbo((unsigned char *) "\n\r/*---------------------------------------*/\n\r");
 201   1      }
 202          
 203          /*------------------------------------------------------------------------------
 204          Recibe la trama del tibbo a 9600bd
 205          ------------------------------------------------------------------------------*/
 206          unsigned char rx_Data(void)
 207          {
 208   1        unsigned char temporal;
 209   1          
 210   1          temporal=0xff;
 211   1          time_mbit();
 212   1      //--------------------------------------------------------------------------------------------------
 213   1          time_bit();
 214   1      //--------------------------------------------------------------------------------------------------
 215   1          temporal=(rx_ip==0)?(temporal&0x7f):(temporal|0x80);
 216   1          temporal>>=1;
 217   1      //------------------------------------------------------------------------------------
 218   1          time_bit();
 219   1      //------------------------------------------------------------------------------------
 220   1          temporal=(rx_ip==0)?(temporal&0x7f):(temporal|0x80);
 221   1          temporal>>=1;
 222   1      //------------------------------------------------------------------------------------
 223   1          time_bit();
 224   1      //------------------------------------------------------------------------------------
 225   1          temporal=(rx_ip==0)?(temporal&0x7f):(temporal|0x80);
 226   1          temporal>>=1;
 227   1      //------------------------------------------------------------------------------------
 228   1          time_bit();
 229   1      //------------------------------------------------------------------------------------
 230   1          temporal=(rx_ip==0)?(temporal&0x7f):(temporal|0x80);
 231   1          temporal>>=1;
 232   1      //------------------------------------------------------------------------------------
 233   1          time_bit();
 234   1      //------------------------------------------------------------------------------------
 235   1          temporal=(rx_ip==0)?(temporal&0x7f):(temporal|0x80);
 236   1          temporal>>=1;
 237   1      //------------------------------------------------------------------------------------
 238   1          time_bit();
 239   1      //------------------------------------------------------------------------------------
 240   1          temporal=(rx_ip==0)?(temporal&0x7f):(temporal|0x80);
C51 COMPILER V9.59.0.0   TIBBO                                                             11/11/2020 12:18:31 PAGE 5   

 241   1          temporal>>=1;
 242   1      //------------------------------------------------------------------------------------
 243   1          time_bit();
 244   1      //------------------------------------------------------------------------------------
 245   1          temporal=(rx_ip==0)?(temporal&0x7f):(temporal|0x80);
 246   1          temporal>>=1;
 247   1      //------------------------------------------------------------------------------------
 248   1          time_bit();
 249   1          temporal=(rx_ip==0)?(temporal&0x7f):(temporal|0x80);
 250   1      //------------------------------------------------------------------------------------
 251   1          time_bit();
 252   1            while (rx_ip==0)
 253   1          {
 254   2          }
 255   1          
 256   1      //------------------------------------------------------------------------------------
 257   1        return temporal; 
 258   1      
 259   1      } 
 260          //void Debug_Fecha_actual(unsigned char *buffer)
 261          //{
 262          //  Debug_txt_Tibbo((unsigned char *) "Fecha Actual en Board: ");
 263          //      Debug_chr_Tibbo(hex_bcd(*buffer));                            /*año*/
 264          //      tx_aux('/');
 265          //      Debug_chr_Tibbo(hex_bcd(*(buffer+1)));                        /*mes*/
 266          //      tx_aux('/');
 267          //      Debug_chr_Tibbo(hex_bcd(*(buffer+2)));                        /*dia*/
 268          //      tx_aux(' ');
 269          //      Debug_chr_Tibbo(hex_bcd(*(buffer+3)));                        /*hora*/
 270          //      tx_aux(':');
 271          //      Debug_chr_Tibbo(hex_bcd(*(buffer+4)));                        /*minutos*/
 272          //      Debug_txt_Tibbo((unsigned char *) "\r\n\r\n");
 273          //}
 274          /*------------------------------------------------------------------------------
 275          Condiciones iniciales de los pines
 276          ------------------------------------------------------------------------------*/
 277          void cond_ini_tibbo(void)
 278          {
 279   1      
 280   1        txd2=True;
 281   1        rx_ip=True;
 282   1      }
 283          void Debug_pto_paralelo(unsigned char *buffer, unsigned char Length_trama )
 284          {
 285   1        Debug_Dividir_texto();                                              /*division del texto */
 286   1        Debug_txt_Tibbo((unsigned char *) "Recibe trama pto paral= ");          /*trama recibida pto paralelo */
 287   1        DebugBufferMF(buffer,Length_trama,1);                               /*imprimo la trama recibida*/
 288   1        Debug_txt_Tibbo((unsigned char *) "\n\r");
 289   1        Debug_txt_Tibbo((unsigned char *) "longitud de la trama: ");    /*msj longitud de la trama */
 290   1        Debug_chr_Tibbo(Length_trama);                                      /*numero de caracteres recibidos*/
 291   1        Debug_txt_Tibbo((unsigned char *) "\n\r");
 292   1        Debug_Dividir_texto();                                              /*divido el texto*/
 293   1            
 294   1      } 
 295          void Debug_monitor(unsigned char *buffer, unsigned char Length_trama )
 296          {
 297   1        Debug_Dividir_texto();                                              /*se divide el texto */     
 298   1        Debug_txt_Tibbo((unsigned char *) "Recibe trama Monitor= ");        
 299   1        Debug_txt_Tibbo(buffer);
 300   1        Debug_txt_Tibbo((unsigned char *) "\n\r");
 301   1        Debug_txt_Tibbo((unsigned char *) "longitud de la trama: ");    /*msj longitud de la trama */
 302   1        Debug_chr_Tibbo(Length_trama);                                      /*numero de caracteres recibidos*/
C51 COMPILER V9.59.0.0   TIBBO                                                             11/11/2020 12:18:31 PAGE 6   

 303   1        Debug_txt_Tibbo((unsigned char *) "\n\r");        
 304   1        Debug_Dividir_texto();  
 305   1      } 


MODULE INFORMATION:   STATIC OVERLAYABLE
   CODE SIZE        =    728    ----
   CONSTANT SIZE    =    186    ----
   XDATA SIZE       =   ----      20
   PDATA SIZE       =   ----    ----
   DATA SIZE        =   ----    ----
   IDATA SIZE       =   ----    ----
   BIT SIZE         =   ----    ----
END OF MODULE INFORMATION.


C51 COMPILATION COMPLETE.  0 WARNING(S),  0 ERROR(S)
