BL51 BANKED LINKER/LOCATER V6.22.2.0                                                    03/02/2020  11:21:44  PAGE 1


BL51 BANKED LINKER/LOCATER V6.22.2.0, INVOKED BY:
C:\KEIL_V5\C51\BIN\BL51.EXE .\Objects\main.obj, .\Objects\Accescan.obj, .\Objects\Clock.obj, .\Objects\delay.obj, .\Obje
>> cts\eeprom.obj, .\Objects\io_sensores.obj, .\Objects\pantallas.obj, .\Objects\prog.obj, .\Objects\pto_paralelo.obj, .
>> \Objects\tibbo.obj, .\Objects\uart.obj, .\Objects\verificador.obj TO .\Objects\verificador_v_01_raspberry PRINT (.\Li
>> stings\verificador_v_01_raspberry.m51) RAMSIZE (256)


MEMORY MODEL: LARGE WITH FLOATING POINT ARITHMETIC


INPUT MODULES INCLUDED:
  .\Objects\main.obj (MAIN)
  .\Objects\Accescan.obj (ACCESCAN)
  .\Objects\Clock.obj (CLOCK)
  .\Objects\delay.obj (DELAY)
  .\Objects\eeprom.obj (EEPROM)
  .\Objects\io_sensores.obj (IO_SENSORES)
  .\Objects\pantallas.obj (PANTALLAS)
  .\Objects\prog.obj (PROG)
  .\Objects\pto_paralelo.obj (PTO_PARALELO)
  .\Objects\tibbo.obj (TIBBO)
  .\Objects\uart.obj (UART)
  .\Objects\verificador.obj (VERIFICADOR)
  C:\KEIL_V5\C51\LIB\C51FPL.LIB (?C?FPADD)
  C:\KEIL_V5\C51\LIB\C51FPL.LIB (?C?FPMUL)
  C:\KEIL_V5\C51\LIB\C51FPL.LIB (?C?FCAST)
  C:\KEIL_V5\C51\LIB\C51FPL.LIB (?C?CASTF)
  C:\KEIL_V5\C51\LIB\C51FPL.LIB (PRINTF)
  C:\KEIL_V5\C51\LIB\C51FPL.LIB (POW)
  C:\KEIL_V5\C51\LIB\C51FPL.LIB (?C?FPGETOPN)
  C:\KEIL_V5\C51\LIB\C51FPL.LIB (?C?CHKFLOAT)
  C:\KEIL_V5\C51\LIB\C51FPL.LIB (?C?FPCMP)
  C:\KEIL_V5\C51\LIB\C51FPL.LIB (?C?FPNEG)
  C:\KEIL_V5\C51\LIB\C51FPL.LIB (?C?FPROUND)
  C:\KEIL_V5\C51\LIB\C51FPL.LIB (?C?FPCONVERT)
  C:\KEIL_V5\C51\LIB\C51FPL.LIB (EXP)
  C:\KEIL_V5\C51\LIB\C51FPL.LIB (LOG)
  C:\KEIL_V5\C51\LIB\C51FPL.LIB (?C?FPDIV)
  C:\KEIL_V5\C51\LIB\C51FPL.LIB (?C?FTNPWR)
  C:\KEIL_V5\C51\LIB\C51FPL.LIB (?C?FPSERIES)
  C:\KEIL_V5\C51\LIB\C51L.LIB (?C_STARTUP)
  C:\KEIL_V5\C51\LIB\C51L.LIB (?C?COPY)
  C:\KEIL_V5\C51\LIB\C51L.LIB (?C?CLDPTR)
  C:\KEIL_V5\C51\LIB\C51L.LIB (?C?CLDOPTR)
  C:\KEIL_V5\C51\LIB\C51L.LIB (?C?CSTPTR)
  C:\KEIL_V5\C51\LIB\C51L.LIB (?C?CSTOPTR)
  C:\KEIL_V5\C51\LIB\C51L.LIB (?C?UIDIV)
  C:\KEIL_V5\C51\LIB\C51L.LIB (?C?IILDX)
  C:\KEIL_V5\C51\LIB\C51L.LIB (?C?LNEG)
  C:\KEIL_V5\C51\LIB\C51L.LIB (?C?ULSHR)
  C:\KEIL_V5\C51\LIB\C51L.LIB (?C?LSHL)
  C:\KEIL_V5\C51\LIB\C51L.LIB (?C?LLDCODE)
  C:\KEIL_V5\C51\LIB\C51L.LIB (?C?LLDXDATA0)
  C:\KEIL_V5\C51\LIB\C51L.LIB (?C?LLDCODE0)
  C:\KEIL_V5\C51\LIB\C51L.LIB (?C?LSTXDATA)
  C:\KEIL_V5\C51\LIB\C51L.LIB (?C?LSTKXDATA)
  C:\KEIL_V5\C51\LIB\C51L.LIB (?C?PLDIXDATA)
  C:\KEIL_V5\C51\LIB\C51L.LIB (?C?PSTXDATA)
BL51 BANKED LINKER/LOCATER V6.22.2.0                                                  03/02/2020  11:21:44  PAGE 2


  C:\KEIL_V5\C51\LIB\C51L.LIB (?C?CCASE)
  C:\KEIL_V5\C51\LIB\C51L.LIB (STRCAT)
  C:\KEIL_V5\C51\LIB\C51L.LIB (?C?STRCMP)
  C:\KEIL_V5\C51\LIB\C51L.LIB (?C?STRCPY)
  C:\KEIL_V5\C51\LIB\C51L.LIB (STRLEN)
  C:\KEIL_V5\C51\LIB\C51L.LIB (STRTOK)
  C:\KEIL_V5\C51\LIB\C51L.LIB (ATOL)
  C:\KEIL_V5\C51\LIB\C51L.LIB (ATOI)
  C:\KEIL_V5\C51\LIB\C51L.LIB (?C_INIT)
  C:\KEIL_V5\C51\LIB\C51L.LIB (?C?IMUL)
  C:\KEIL_V5\C51\LIB\C51L.LIB (?C?ILDIX)
  C:\KEIL_V5\C51\LIB\C51L.LIB (?C?LMUL)
  C:\KEIL_V5\C51\LIB\C51L.LIB (ISDIGIT)
  C:\KEIL_V5\C51\LIB\C51L.LIB (ISSPACE)
  C:\KEIL_V5\C51\LIB\C51L.LIB (STRSPN)
  C:\KEIL_V5\C51\LIB\C51L.LIB (STRPBRK)


LINK MAP OF MODULE:  .\Objects\verificador_v_01_raspberry (MAIN)


            TYPE    BASE      LENGTH    RELOCATION   SEGMENT NAME
            -----------------------------------------------------

            * * * * * * *   D A T A   M E M O R Y   * * * * * * *
            REG     0000H     0008H     ABSOLUTE     "REG BANK 0"
            DATA    0008H     0005H     UNIT         _DATA_GROUP_
            DATA    000DH     0004H     UNIT         ?DT?UART
                    0011H     000FH                  *** GAP ***
            BIT     0020H.0   0001H.1   UNIT         _BIT_GROUP_
            BIT     0021H.1   0000H.1   UNIT         ?BI?MAIN
            BIT     0021H.2   0000H.1   UNIT         ?BI?EEPROM
            BIT     0021H.3   0000H.1   UNIT         ?BI?UART
                    0021H.4   0000H.4                *** GAP ***
            IDATA   0022H     0064H     UNIT         ?ID?MAIN
            IDATA   0086H     0001H     UNIT         ?STACK

            * * * * * * *  X D A T A   M E M O R Y  * * * * * * *
            XDATA   0000H     00C1H     UNIT         _XDATA_GROUP_
            XDATA   00C1H     0073H     UNIT         ?XD?MAIN
            XDATA   0134H     0035H     UNIT         ?XD?PROG
            XDATA   0169H     0035H     UNIT         ?XD?VERIFICADOR
            XDATA   019EH     001EH     UNIT         ?XD?PTO_PARALELO
            XDATA   01BCH     0003H     UNIT         ?XD?EEPROM
            XDATA   01BFH     0003H     UNIT         ?XD?STRTOK
            XDATA   01C2H     0002H     UNIT         ?XD?UART
            XDATA   01C4H     0001H     UNIT         ?XD?CLOCK
            XDATA   01C5H     0001H     UNIT         ?XD?IO_SENSORES
            XDATA   01C6H     0001H     UNIT         ?XD?PANTALLAS

            * * * * * * *   C O D E   M E M O R Y   * * * * * * *
            CODE    0000H     0003H     ABSOLUTE     
            CODE    0003H     0008H     UNIT         ?PR?P_CK?CLOCK
            CODE    000BH     0003H     ABSOLUTE     
            CODE    000EH     0015H     UNIT         ?PR?_STRLEN?STRLEN
            CODE    0023H     0003H     ABSOLUTE     
            CODE    0026H     0BB9H     UNIT         ?C?LIB_CODE
BL51 BANKED LINKER/LOCATER V6.22.2.0                                                  03/02/2020  11:21:44  PAGE 3


            CODE    0BDFH     0B09H     UNIT         ?PR?SECUENCIAEXPEDIDOR?VERIFICADOR
            CODE    16E8H     0732H     UNIT         ?CO?PROG
            CODE    1E1AH     062BH     UNIT         ?CO?VERIFICADOR
            CODE    2445H     0537H     UNIT         ?PR?_ANALIZA_TIEMPO?CLOCK
            CODE    297CH     0483H     UNIT         ?PR?PRINTF?PRINTF
            CODE    2DFFH     03D6H     UNIT         ?CO?PANTALLAS
            CODE    31D5H     02D0H     UNIT         ?PR?_TWO_BYTEHEX_DECIMAL?CLOCK
            CODE    34A5H     02C5H     UNIT         ?PR?_TRAMA_PTO_PARALELO_NEW?PTO_PARALELO
            CODE    376AH     02BAH     UNIT         ?PR?_PANTALLALCD?PANTALLAS
            CODE    3A24H     029EH     UNIT         ?PR?_VALIDA_TRAMA_PTO?ACCESCAN
            CODE    3CC2H     0292H     UNIT         ?PR?_CMD_LPR_SALIDA?ACCESCAN
            CODE    3F54H     01D8H     UNIT         ?PR?_BLOCK_READ_CLOCK_ASCII?CLOCK
            CODE    412CH     01C1H     UNIT         ?PR?_HASH_ID?PROG
            CODE    42EDH     01B0H     UNIT         ?PR?MENU?PROG
            CODE    449DH     01A5H     UNIT         ?PR?COM_ISR?UART
            CODE    4642H     0179H     UNIT         ?PR?_CHECK_FECHAOUT?CLOCK
            CODE    47BBH     0166H     UNIT         ?PR?_POW?POW
            CODE    4921H     015CH     UNIT         ?PR?_GRABA_SERIE?EEPROM
            CODE    4A7DH     0149H     UNIT         ?PR?_WR_MF?VERIFICADOR
            CODE    4BC6H     013EH     UNIT         ?PR?PROG_SIN_COBRO?PROG
            CODE    4D04H     013EH     UNIT         ?PR?SECUENCIA_INICIO_EXPEDIDOR?VERIFICADOR
            CODE    4E42H     0129H     UNIT         ?PR?LOG?LOG
            CODE    4F6BH     0115H     UNIT         ?PR?_VALIDAR_CLK?CLOCK
            CODE    5080H     0110H     UNIT         ?PR?LOAD_AND_SEND_ID_COD?PTO_PARALELO
            CODE    5190H     010CH     UNIT         ?PR?_ATOL?ATOL
            CODE    529CH     00FFH     UNIT         ?PR?_TRAMA_PTO_PARALELO_P?PTO_PARALELO
            CODE    539BH     00FCH     UNIT         ?PR?PROG_DEBUG?PROG
            CODE    5497H     00FCH     UNIT         ?PR?PROG_USE_LPR?PROG
            CODE    5593H     00FCH     UNIT         ?PR?PROG_COMPARACION_ACTIVA?PROG
            CODE    568FH     00FCH     UNIT         ?PR?TIPO_PANTALLA?PROG
            CODE    578BH     00EDH     UNIT         ?PR?LEE_NO_TICKET?EEPROM
            CODE    5878H     00EAH     UNIT         ?PR?_MOV_CARD?VERIFICADOR
            CODE    5962H     00E4H     UNIT         ?PR?_STRTOK?STRTOK
            CODE    5A46H     00DBH     UNIT         ?PR?_ATOI?ATOI
            CODE    5B21H     00D6H     UNIT         ?PR?_CMD_LPR_SALIDA_WIEGAND?ACCESCAN
            CODE    5BF7H     00C4H     UNIT         ?PR?_BLOCK_READ_CLOCK?CLOCK
            CODE    5CBBH     00C3H     UNIT         ?PR?_RD_MF?VERIFICADOR
            CODE    5D7EH     00BEH     UNIT         ?CO?TIBBO
            CODE    5E3CH     00BDH     UNIT         ?PR?PROG_COD_PARK?PROG
            CODE    5EF9H     00BDH     UNIT         ?PR?PROG_TIEMPO_GRACIA?PROG
            CODE    5FB6H     00B9H     UNIT         ?PR?MAIN?MAIN
            CODE    606FH     00B6H     UNIT         ?PR?PROG_ID_CLIENTE?PROG
            CODE    6125H     00B4H     UNIT         ?PR?_SEND_PORT?PTO_PARALELO
            CODE    61D9H     00A9H     UNIT         ?PR?DWLOAD_EEPROM?VERIFICADOR
            CODE    6282H     00A6H     UNIT         ?PR?_BLOCK_READ_CLOCK_HEX?CLOCK
            CODE    6328H     00A6H     UNIT         ?PR?_DEBUG_FECHA_ACTUAL?TIBBO
            CODE    63CEH     00A0H     UNIT         ?CO?IO_SENSORES
            CODE    646EH     009DH     UNIT         ?PR?_INICIALIZA?VERIFICADOR
            CODE    650BH     009AH     UNIT         ?PR?EXP?EXP
            CODE    65A5H     0099H     UNIT         ?PR?_RECIBE_PORT?PTO_PARALELO
            CODE    663EH     0095H     UNIT         ?PR?_RECIBE_CMD_MONITOR?ACCESCAN
            CODE    66D3H     0091H     UNIT         ?PR?_CARD_INSERCION?VERIFICADOR
            CODE    6764H     0091H     UNIT         ?PR?LOADVERIFY_EEPROM?VERIFICADOR
            CODE    67F5H     0090H     UNIT         ?PR?_LEE_CLK?CLOCK
            CODE    6885H     0090H     UNIT         ?PR?_GETOPTION?PROG
            CODE    6915H     008FH     UNIT         ?PR?_BLOCK_WRITE_CLOCK_ASCII?CLOCK
            CODE    69A4H     008CH     UNIT         ?C_C51STARTUP
BL51 BANKED LINKER/LOCATER V6.22.2.0                                                  03/02/2020  11:21:44  PAGE 4


            CODE    6A30H     0088H     UNIT         ?PR?_SEND_PORTERR?PTO_PARALELO
            CODE    6AB8H     0088H     UNIT         ?PR?RX_DATA?TIBBO
            CODE    6B40H     0084H     UNIT         ?C_INITSEG
            CODE    6BC4H     0084H     UNIT         ?PR?_STRSPN?STRSPN
            CODE    6C48H     0083H     UNIT         ?PR?_PANTALLALCD_LINEA_2?PANTALLAS
            CODE    6CCBH     0082H     UNIT         ?PR?VARIABLE_INICIO?MAIN
            CODE    6D4DH     0081H     UNIT         ?PR?_STRPBRK?STRPBRK
            CODE    6DCEH     0080H     UNIT         ?PR?MSJ_LCD_INFORMATIVO?IO_SENSORES
            CODE    6E4EH     0080H     UNIT         ?PR?_INGRESADATO?PROG
            CODE    6ECEH     0080H     UNIT         ?PR?AUT_CARD_CHECK_STATUS?VERIFICADOR
            CODE    6F4EH     007CH     UNIT         ?PR?_CHECK_STATUS?VERIFICADOR
            CODE    6FCAH     0073H     UNIT         ?PR?_DEBUGBUFFERMF?TIBBO
            CODE    703DH     0072H     UNIT         ?PR?_RASPBERRY_DATA?PANTALLAS
            CODE    70AFH     006FH     UNIT         ?PR?VALIDASENSORESPASO?IO_SENSORES
            CODE    711EH     006BH     UNIT         ?PR?_STRCAT?STRCAT
            CODE    7189H     0062H     UNIT         ?PR?_LISTACOMANDOS?PROG
            CODE    71EBH     005AH     UNIT         ?PR?SHOW?PROG
            CODE    7245H     0057H     UNIT         ?PR?RELOJ_PANTALLA_LCD?PANTALLAS
            CODE    729CH     0053H     UNIT         ?PR?_BYTEHEX_DECIMAL?CLOCK
            CODE    72EFH     004DH     UNIT         ?PR?L_D_M?EEPROM
            CODE    733CH     004BH     UNIT         ?PR?_TX_AUX?TIBBO
            CODE    7387H     0049H     UNIT         ?PR?_DEBUG_TXT_TIBBO?TIBBO
            CODE    73D0H     0047H     UNIT         ?PR?_DEBUG_CHR_TIBBO?TIBBO
            CODE    7417H     0046H     UNIT         ?PR?_ESCRIBIRCADENASOFT_BUFFER?MAIN
            CODE    745DH     0046H     UNIT         ?PR?_WR_EEPROM?EEPROM
            CODE    74A3H     0046H     UNIT         ?PR?_LCD_TXT_NUM_CHAR?PANTALLAS
            CODE    74E9H     0046H     UNIT         ?PR?_DEBUG_HEXDEC?TIBBO
            CODE    752FH     0045H     UNIT         ?PR?_VALIDARCLAVE?PROG
            CODE    7574H     0041H     UNIT         ?PR?_MONITOR_CHR?ACCESCAN
            CODE    75B5H     0041H     UNIT         ?PR?_TWO_ONE?CLOCK
            CODE    75F6H     0040H     UNIT         ?PR?_GETCMD?PROG
            CODE    7636H     003FH     UNIT         ?PR?_EB_CLK?CLOCK
            CODE    7675H     003EH     UNIT         ?PR?_PUTCHAR?MAIN
            CODE    76B3H     003DH     UNIT         ?PR?_RD_EEPROM?EEPROM
            CODE    76F0H     003CH     UNIT         ?PR?_LCD_TXT?PANTALLAS
            CODE    772CH     003BH     UNIT         ?PR?_DEBUG_PTO_PARALELO?TIBBO
            CODE    7767H     003BH     UNIT         ?PR?_COM_PUTCHAR?UART
            CODE    77A2H     0036H     UNIT         ?PR?CMD_LPR_INT?ACCESCAN
            CODE    77D8H     0033H     UNIT         ?PR?TRAMA_VALIDACION_P_N?VERIFICADOR
            CODE    780BH     0032H     UNIT         ?PR?_DEBUG_MONITOR?TIBBO
            CODE    783DH     002CH     UNIT         ?PR?LOAD_AND_SEND_INFO_RELOJ?PTO_PARALELO
            CODE    7869H     002AH     UNIT         ?PR?COM_INITIALIZE?UART
            CODE    7893H     0029H     UNIT         ?PR?TIMER0_INT?MAIN
            CODE    78BCH     0029H     UNIT         ?CO?EEPROM
            CODE    78E5H     0028H     UNIT         ?PR?_WR_CLK?CLOCK
            CODE    790DH     0028H     UNIT         ?PR?COM_BAUDRATE?UART
            CODE    7935H     0027H     UNIT         ?PR?_TX_CHRLCD?PANTALLAS
            CODE    795CH     0026H     UNIT         ?PR?COM_GETCHAR?UART
            CODE    7982H     0022H     UNIT         ?PR?_E_D_M?EEPROM
            CODE    79A4H     0021H     UNIT         ?PR?_HEX_BCD?CLOCK
            CODE    79C5H     0020H     UNIT         ?CO?MAIN
            CODE    79E5H     0020H     UNIT         ?PR?ACKD?EEPROM
            CODE    7A05H     0020H     UNIT         ?PR?ACK_LECT?EEPROM
            CODE    7A25H     001FH     UNIT         ?PR?VALIDASENSOR?IO_SENSORES
            CODE    7A44H     001FH     UNIT         ?PR?TIME_BIT?TIBBO
            CODE    7A63H     001EH     UNIT         ?PR?_BCD_HEX?CLOCK
            CODE    7A81H     001BH     UNIT         ?PR?_DELAY_1MS?DELAY
BL51 BANKED LINKER/LOCATER V6.22.2.0                                                  03/02/2020  11:21:44  PAGE 5


            CODE    7A9CH     0017H     UNIT         ?PR?DISPLAYCURSOR?PROG
            CODE    7AB3H     0017H     UNIT         ?PR?TIME_MBIT?TIBBO
            CODE    7ACAH     0014H     UNIT         ?PR?DEBUG_DIVIDIR_TEXTO?TIBBO
            CODE    7ADEH     0014H     UNIT         ?PR?_ISSPACE?ISSPACE
            CODE    7AF2H     0012H     UNIT         ?PR?_DELAY_20US?DELAY
            CODE    7B04H     0012H     UNIT         ?PR?START?EEPROM
            CODE    7B16H     0012H     UNIT         ?PR?DIR_BOARD?IO_SENSORES
            CODE    7B28H     0012H     UNIT         ?PR?PULSO_BUS?PTO_PARALELO
            CODE    7B3AH     0012H     UNIT         ?PR?COM_RBUFLEN?UART
            CODE    7B4CH     0012H     UNIT         ?PR?COM_TBUFLEN?UART
            CODE    7B5EH     0010H     UNIT         ?PR?INI_TIMER?MAIN
            CODE    7B6EH     0010H     UNIT         ?PR?INICIA_BOARD?MAIN
            CODE    7B7EH     000FH     UNIT         ?PR?_ISDIGIT?ISDIGIT
            CODE    7B8DH     000CH     UNIT         ?PR?_GETKEY?MAIN
            CODE    7B99H     000AH     UNIT         ?PR?COND_INI_PTO?PTO_PARALELO
            CODE    7BA3H     0009H     UNIT         ?PR?STOP?EEPROM
            CODE    7BACH     0007H     UNIT         ?PR?COND_INI_CLOCK?CLOCK
            CODE    7BB3H     0007H     UNIT         ?PR?SEL_FUNCION?IO_SENSORES
            CODE    7BBAH     0007H     UNIT         ?PR?SEL_AUTO?IO_SENSORES
            CODE    7BC1H     0007H     UNIT         ?PR?SEL_PULSA?IO_SENSORES
            CODE    7BC8H     0007H     UNIT         ?PR?SEL_SENSOR2?IO_SENSORES
            CODE    7BCFH     0007H     UNIT         ?PR?SEL_SENSOR1?IO_SENSORES
            CODE    7BD6H     0007H     UNIT         ?PR?SEL_DIR1?IO_SENSORES
            CODE    7BDDH     0007H     UNIT         ?PR?SEL_DIR2?IO_SENSORES
            CODE    7BE4H     0006H     UNIT         ?PR?P_ME?EEPROM
            CODE    7BEAH     0005H     UNIT         ?PR?ON_TIMER0_INTERRUP?MAIN
            CODE    7BEFH     0005H     UNIT         ?CO?ACCESCAN
            CODE    7BF4H     0005H     UNIT         ?PR?COND_INI_TIBBO?TIBBO
            CODE    7BF9H     0003H     UNIT         ?PR?OFF_TIMER0_INTERRUP?MAIN
            CODE    7BFCH     0003H     UNIT         ?CO?PTO_PARALELO
            CODE    7BFFH     0001H     UNIT         ?PR?DELAY?DELAY



OVERLAY MAP OF MODULE:   .\Objects\verificador_v_01_raspberry (MAIN)


SEGMENT                                             BIT_GROUP          DATA_GROUP          XDATA_GROUP
  +--> CALLED SEGMENT                            START    LENGTH     START    LENGTH     START    LENGTH
--------------------------------------------------------------------------------------------------------
?C_C51STARTUP                                    -----    -----      -----    -----      -----    -----
  +--> ?PR?MAIN?MAIN
  +--> ?C_INITSEG

?PR?MAIN?MAIN                                    -----    -----      -----    -----      0000H    0021H
  +--> ?CO?MAIN
  +--> ?PR?INI_TIMER?MAIN
  +--> ?PR?ON_TIMER0_INTERRUP?MAIN
  +--> ?PR?COM_INITIALIZE?UART
  +--> ?PR?COM_BAUDRATE?UART
  +--> ?PR?INICIA_BOARD?MAIN
  +--> ?PR?TIME_BIT?TIBBO
  +--> ?PR?_DELAY_20US?DELAY
  +--> ?PR?TIME_MBIT?TIBBO
  +--> ?PR?_TX_AUX?TIBBO
  +--> ?PR?SEL_FUNCION?IO_SENSORES
  +--> ?PR?MENU?PROG
BL51 BANKED LINKER/LOCATER V6.22.2.0                                                  03/02/2020  11:21:44  PAGE 6


  +--> ?PR?VARIABLE_INICIO?MAIN
  +--> ?PR?SECUENCIA_INICIO_EXPEDIDOR?VERIFI...
  +--> ?PR?SECUENCIAEXPEDIDOR?VERIFICADOR
  +--> ?PR?_RECIBE_CMD_MONITOR?ACCESCAN
  +--> ?PR?_DEBUG_MONITOR?TIBBO
  +--> ?PR?_RECIBE_PORT?PTO_PARALELO
  +--> ?PR?_DEBUG_PTO_PARALELO?TIBBO
  +--> ?PR?_VALIDA_TRAMA_PTO?ACCESCAN
  +--> ?PR?MSJ_LCD_INFORMATIVO?IO_SENSORES

?PR?COM_INITIALIZE?UART                          -----    -----      -----    -----      -----    -----
  +--> ?PR?COM_BAUDRATE?UART

?PR?INICIA_BOARD?MAIN                            -----    -----      -----    -----      -----    -----
  +--> ?PR?COND_INI_TIBBO?TIBBO
  +--> ?PR?COND_INI_CLOCK?CLOCK
  +--> ?PR?COND_INI_PTO?PTO_PARALELO

?PR?_TX_AUX?TIBBO                                -----    -----      -----    -----      -----    -----
  +--> ?PR?TIME_BIT?TIBBO

?PR?MENU?PROG                                    -----    -----      -----    -----      0021H    005CH
  +--> ?CO?PROG
  +--> ?PR?PRINTF?PRINTF
  +--> ?PR?_INGRESADATO?PROG
  +--> ?PR?_GETCMD?PROG
  +--> ?PR?_HASH_ID?PROG
  +--> ?PR?_VALIDARCLAVE?PROG
  +--> ?PR?DISPLAYCURSOR?PROG
  +--> ?PR?_STRLEN?STRLEN
  +--> ?PR?_GETOPTION?PROG
  +--> ?PR?_STRCAT?STRCAT
  +--> ?PR?_LISTACOMANDOS?PROG
  +--> ?PR?PROG_ID_CLIENTE?PROG
  +--> ?PR?PROG_COD_PARK?PROG
  +--> ?PR?PROG_TIEMPO_GRACIA?PROG
  +--> ?PR?PROG_SIN_COBRO?PROG
  +--> ?PR?PROG_DEBUG?PROG
  +--> ?PR?PROG_USE_LPR?PROG
  +--> ?PR?PROG_COMPARACION_ACTIVA?PROG
  +--> ?PR?TIPO_PANTALLA?PROG
  +--> ?PR?SHOW?PROG

?PR?PRINTF?PRINTF                                0020H.0  0001H.1    0008H    0005H      008DH    0030H
  +--> ?PR?_PUTCHAR?MAIN

?PR?_PUTCHAR?MAIN                                -----    -----      -----    -----      00BDH    0003H
  +--> ?PR?_COM_PUTCHAR?UART

?PR?_COM_PUTCHAR?UART                            -----    -----      -----    -----      00C0H    0001H
  +--> ?PR?COM_TBUFLEN?UART

?PR?_INGRESADATO?PROG                            -----    -----      -----    -----      0089H    0004H
  +--> ?PR?_GETKEY?MAIN
  +--> ?CO?PROG
  +--> ?PR?PRINTF?PRINTF
  +--> ?PR?_PUTCHAR?MAIN
BL51 BANKED LINKER/LOCATER V6.22.2.0                                                  03/02/2020  11:21:44  PAGE 7



?PR?_GETKEY?MAIN                                 -----    -----      -----    -----      -----    -----
  +--> ?PR?COM_GETCHAR?UART

?PR?COM_GETCHAR?UART                             -----    -----      -----    -----      -----    -----
  +--> ?PR?COM_RBUFLEN?UART

?PR?_GETCMD?PROG                                 -----    -----      -----    -----      007DH    0007H
  +--> ?CO?PROG
  +--> ?PR?_STRTOK?STRTOK

?PR?_STRTOK?STRTOK                               -----    -----      -----    -----      0088H    0006H
  +--> ?PR?_STRSPN?STRSPN
  +--> ?PR?_STRPBRK?STRPBRK

?PR?_STRSPN?STRSPN                               -----    -----      -----    -----      008EH    0008H

?PR?_STRPBRK?STRPBRK                             -----    -----      -----    -----      008EH    0009H

?PR?_HASH_ID?PROG                                -----    -----      -----    -----      007DH    0036H
  +--> ?CO?PROG
  +--> ?PR?_STRLEN?STRLEN

?PR?_VALIDARCLAVE?PROG                           -----    -----      -----    -----      007DH    000AH

?PR?DISPLAYCURSOR?PROG                           -----    -----      -----    -----      -----    -----
  +--> ?CO?PROG
  +--> ?PR?PRINTF?PRINTF

?PR?_GETOPTION?PROG                              -----    -----      -----    -----      007DH    000BH
  +--> ?CO?PROG
  +--> ?PR?_STRTOK?STRTOK

?PR?_STRCAT?STRCAT                               -----    -----      -----    -----      007DH    0009H

?PR?_LISTACOMANDOS?PROG                          -----    -----      -----    -----      007DH    0006H

?PR?PROG_ID_CLIENTE?PROG                         -----    -----      -----    -----      007DH    000CH
  +--> ?PR?_RD_EEPROM?EEPROM
  +--> ?CO?PROG
  +--> ?PR?PRINTF?PRINTF
  +--> ?PR?_INGRESADATO?PROG
  +--> ?PR?_ATOI?ATOI
  +--> ?PR?_WR_EEPROM?EEPROM

?PR?_RD_EEPROM?EEPROM                            -----    -----      -----    -----      -----    -----
  +--> ?PR?START?EEPROM
  +--> ?PR?ACK_LECT?EEPROM
  +--> ?PR?_E_D_M?EEPROM
  +--> ?PR?ACKD?EEPROM
  +--> ?PR?L_D_M?EEPROM
  +--> ?PR?STOP?EEPROM

?PR?ACK_LECT?EEPROM                              -----    -----      -----    -----      -----    -----
  +--> ?PR?_E_D_M?EEPROM

?PR?_E_D_M?EEPROM                                -----    -----      -----    -----      -----    -----
BL51 BANKED LINKER/LOCATER V6.22.2.0                                                  03/02/2020  11:21:44  PAGE 8


  +--> ?PR?P_ME?EEPROM

?PR?ACKD?EEPROM                                  -----    -----      -----    -----      -----    -----
  +--> ?PR?_E_D_M?EEPROM

?PR?_ATOI?ATOI                                   0020H.0  0000H.1    -----    -----      0089H    0005H
  +--> ?PR?_ISSPACE?ISSPACE
  +--> ?PR?_ISDIGIT?ISDIGIT

?PR?_WR_EEPROM?EEPROM                            -----    -----      -----    -----      -----    -----
  +--> ?PR?START?EEPROM
  +--> ?PR?ACKD?EEPROM
  +--> ?PR?_E_D_M?EEPROM
  +--> ?PR?STOP?EEPROM
  +--> ?PR?_DELAY_1MS?DELAY
  +--> ?PR?_DELAY_20US?DELAY

?PR?_DELAY_1MS?DELAY                             -----    -----      -----    -----      -----    -----
  +--> ?PR?_DELAY_20US?DELAY

?PR?PROG_COD_PARK?PROG                           -----    -----      -----    -----      007DH    000CH
  +--> ?PR?_RD_EEPROM?EEPROM
  +--> ?CO?PROG
  +--> ?PR?PRINTF?PRINTF
  +--> ?PR?_INGRESADATO?PROG
  +--> ?PR?_ATOI?ATOI
  +--> ?PR?_WR_EEPROM?EEPROM

?PR?PROG_TIEMPO_GRACIA?PROG                      -----    -----      -----    -----      007DH    000CH
  +--> ?PR?_RD_EEPROM?EEPROM
  +--> ?CO?PROG
  +--> ?PR?PRINTF?PRINTF
  +--> ?PR?_INGRESADATO?PROG
  +--> ?PR?_ATOI?ATOI
  +--> ?PR?_WR_EEPROM?EEPROM

?PR?PROG_SIN_COBRO?PROG                          -----    -----      -----    -----      007DH    000CH
  +--> ?PR?_RD_EEPROM?EEPROM
  +--> ?CO?PROG
  +--> ?PR?PRINTF?PRINTF
  +--> ?PR?_INGRESADATO?PROG
  +--> ?PR?_ATOI?ATOI
  +--> ?PR?_WR_EEPROM?EEPROM

?PR?PROG_DEBUG?PROG                              -----    -----      -----    -----      007DH    000CH
  +--> ?PR?_RD_EEPROM?EEPROM
  +--> ?CO?PROG
  +--> ?PR?PRINTF?PRINTF
  +--> ?PR?_INGRESADATO?PROG
  +--> ?PR?_ATOI?ATOI
  +--> ?PR?_WR_EEPROM?EEPROM

?PR?PROG_USE_LPR?PROG                            -----    -----      -----    -----      007DH    000CH
  +--> ?PR?_RD_EEPROM?EEPROM
  +--> ?CO?PROG
  +--> ?PR?PRINTF?PRINTF
  +--> ?PR?_INGRESADATO?PROG
BL51 BANKED LINKER/LOCATER V6.22.2.0                                                  03/02/2020  11:21:44  PAGE 9


  +--> ?PR?_ATOI?ATOI
  +--> ?PR?_WR_EEPROM?EEPROM

?PR?PROG_COMPARACION_ACTIVA?PROG                 -----    -----      -----    -----      007DH    000CH
  +--> ?PR?_RD_EEPROM?EEPROM
  +--> ?CO?PROG
  +--> ?PR?PRINTF?PRINTF
  +--> ?PR?_INGRESADATO?PROG
  +--> ?PR?_ATOI?ATOI
  +--> ?PR?_WR_EEPROM?EEPROM

?PR?TIPO_PANTALLA?PROG                           -----    -----      -----    -----      007DH    000CH
  +--> ?PR?_RD_EEPROM?EEPROM
  +--> ?CO?PROG
  +--> ?PR?PRINTF?PRINTF
  +--> ?PR?_INGRESADATO?PROG
  +--> ?PR?_ATOI?ATOI
  +--> ?PR?_WR_EEPROM?EEPROM

?PR?SHOW?PROG                                    -----    -----      -----    -----      -----    -----
  +--> ?CO?PROG
  +--> ?PR?PRINTF?PRINTF

?PR?VARIABLE_INICIO?MAIN                         -----    -----      -----    -----      -----    -----
  +--> ?PR?_RD_EEPROM?EEPROM

?PR?SECUENCIA_INICIO_EXPEDIDOR?VERIFI...         -----    -----      -----    -----      0021H    0001H
  +--> ?PR?_INICIALIZA?VERIFICADOR
  +--> ?PR?TRAMA_VALIDACION_P_N?VERIFICADOR
  +--> ?CO?VERIFICADOR
  +--> ?PR?_DEBUG_TXT_TIBBO?TIBBO
  +--> ?PR?_DEBUGBUFFERMF?TIBBO
  +--> ?PR?DWLOAD_EEPROM?VERIFICADOR

?PR?_INICIALIZA?VERIFICADOR                      -----    -----      -----    -----      0022H    000CH
  +--> ?CO?VERIFICADOR
  +--> ?PR?_DEBUG_TXT_TIBBO?TIBBO
  +--> ?PR?_DEBUGBUFFERMF?TIBBO
  +--> ?PR?_ESCRIBIRCADENASOFT_BUFFER?MAIN

?PR?_DEBUG_TXT_TIBBO?TIBBO                       -----    -----      -----    -----      0055H    0004H
  +--> ?PR?_DEBUG_CHR_TIBBO?TIBBO
  +--> ?CO?TIBBO
  +--> ?PR?_TX_AUX?TIBBO

?PR?_DEBUG_CHR_TIBBO?TIBBO                       -----    -----      -----    -----      -----    -----
  +--> ?PR?_TX_AUX?TIBBO

?PR?_DEBUGBUFFERMF?TIBBO                         -----    -----      -----    -----      004FH    0006H
  +--> ?CO?TIBBO
  +--> ?PR?_DEBUG_TXT_TIBBO?TIBBO
  +--> ?PR?_DEBUG_CHR_TIBBO?TIBBO
  +--> ?PR?_TX_AUX?TIBBO

?PR?_ESCRIBIRCADENASOFT_BUFFER?MAIN              -----    -----      -----    -----      004FH    0006H
  +--> ?PR?_PUTCHAR?MAIN

BL51 BANKED LINKER/LOCATER V6.22.2.0                                                  03/02/2020  11:21:44  PAGE 10


?PR?TRAMA_VALIDACION_P_N?VERIFICADOR             -----    -----      -----    -----      -----    -----
  +--> ?CO?VERIFICADOR
  +--> ?PR?_DEBUG_TXT_TIBBO?TIBBO

?PR?DWLOAD_EEPROM?VERIFICADOR                    -----    -----      -----    -----      0022H    0016H
  +--> ?CO?VERIFICADOR
  +--> ?PR?_DEBUG_TXT_TIBBO?TIBBO
  +--> ?PR?_DEBUGBUFFERMF?TIBBO
  +--> ?PR?_ESCRIBIRCADENASOFT_BUFFER?MAIN

?PR?SECUENCIAEXPEDIDOR?VERIFICADOR               -----    -----      -----    -----      0021H    0008H
  +--> ?PR?TRAMA_VALIDACION_P_N?VERIFICADOR
  +--> ?CO?VERIFICADOR
  +--> ?PR?_DEBUG_TXT_TIBBO?TIBBO
  +--> ?PR?_DEBUGBUFFERMF?TIBBO
  +--> ?PR?_SEND_PORTERR?PTO_PARALELO
  +--> ?PR?_PANTALLALCD?PANTALLAS
  +--> ?PR?VALIDASENSORESPASO?IO_SENSORES
  +--> ?PR?SEL_PULSA?IO_SENSORES
  +--> ?PR?_MOV_CARD?VERIFICADOR
  +--> ?PR?_CARD_INSERCION?VERIFICADOR
  +--> ?PR?CMD_LPR_INT?ACCESCAN
  +--> ?PR?_CHECK_STATUS?VERIFICADOR
  +--> ?PR?AUT_CARD_CHECK_STATUS?VERIFICADOR
  +--> ?PR?LOADVERIFY_EEPROM?VERIFICADOR
  +--> ?PR?_RD_MF?VERIFICADOR
  +--> ?PR?_DEBUG_HEXDEC?TIBBO
  +--> ?PR?_DEBUG_CHR_TIBBO?TIBBO
  +--> ?PR?_BLOCK_READ_CLOCK_HEX?CLOCK
  +--> ?PR?_ANALIZA_TIEMPO?CLOCK
  +--> ?PR?_CHECK_FECHAOUT?CLOCK
  +--> ?PR?_TRAMA_PTO_PARALELO_NEW?PTO_PARALELO
  +--> ?PR?_CMD_LPR_SALIDA?ACCESCAN
  +--> ?PR?_WR_MF?VERIFICADOR
  +--> ?PR?_TRAMA_PTO_PARALELO_P?PTO_PARALELO

?PR?_SEND_PORTERR?PTO_PARALELO                   -----    -----      -----    -----      0029H    0006H
  +--> ?PR?PULSO_BUS?PTO_PARALELO
  +--> ?PR?_DELAY_20US?DELAY

?PR?PULSO_BUS?PTO_PARALELO                       -----    -----      -----    -----      -----    -----
  +--> ?PR?_DELAY_20US?DELAY

?PR?_PANTALLALCD?PANTALLAS                       -----    -----      -----    -----      0030H    0008H
  +--> ?CO?PANTALLAS
  +--> ?PR?_LCD_TXT?PANTALLAS
  +--> ?PR?_STRLEN?STRLEN
  +--> ?PR?_TX_CHRLCD?PANTALLAS
  +--> ?PR?_RASPBERRY_DATA?PANTALLAS

?PR?_LCD_TXT?PANTALLAS                           -----    -----      -----    -----      003BH    0005H
  +--> ?PR?_TX_CHRLCD?PANTALLAS

?PR?_TX_CHRLCD?PANTALLAS                         -----    -----      -----    -----      0043H    0002H
  +--> ?PR?_PUTCHAR?MAIN

?PR?_RASPBERRY_DATA?PANTALLAS                    -----    -----      -----    -----      003DH    0005H
BL51 BANKED LINKER/LOCATER V6.22.2.0                                                  03/02/2020  11:21:44  PAGE 11


  +--> ?PR?_STRLEN?STRLEN
  +--> ?PR?_DEBUG_CHR_TIBBO?TIBBO
  +--> ?PR?DEBUG_DIVIDIR_TEXTO?TIBBO
  +--> ?PR?_DEBUG_TXT_TIBBO?TIBBO
  +--> ?PR?_PUTCHAR?MAIN

?PR?DEBUG_DIVIDIR_TEXTO?TIBBO                    -----    -----      -----    -----      -----    -----
  +--> ?CO?TIBBO
  +--> ?PR?_DEBUG_TXT_TIBBO?TIBBO

?PR?VALIDASENSORESPASO?IO_SENSORES               -----    -----      -----    -----      -----    -----
  +--> ?PR?SEL_SENSOR2?IO_SENSORES
  +--> ?PR?VALIDASENSOR?IO_SENSORES
  +--> ?PR?SEL_SENSOR1?IO_SENSORES
  +--> ?PR?SEL_AUTO?IO_SENSORES
  +--> ?CO?IO_SENSORES
  +--> ?PR?_DEBUG_TXT_TIBBO?TIBBO

?PR?_MOV_CARD?VERIFICADOR                        -----    -----      -----    -----      0029H    000CH
  +--> ?CO?VERIFICADOR
  +--> ?PR?_DEBUG_TXT_TIBBO?TIBBO
  +--> ?PR?_DEBUGBUFFERMF?TIBBO
  +--> ?PR?_ESCRIBIRCADENASOFT_BUFFER?MAIN

?PR?_CARD_INSERCION?VERIFICADOR                  -----    -----      -----    -----      0029H    000AH
  +--> ?CO?VERIFICADOR
  +--> ?PR?_DEBUG_TXT_TIBBO?TIBBO
  +--> ?PR?_DEBUGBUFFERMF?TIBBO
  +--> ?PR?_ESCRIBIRCADENASOFT_BUFFER?MAIN

?PR?CMD_LPR_INT?ACCESCAN                         -----    -----      -----    -----      0029H    001FH
  +--> ?PR?DIR_BOARD?IO_SENSORES
  +--> ?PR?LEE_NO_TICKET?EEPROM

?PR?DIR_BOARD?IO_SENSORES                        -----    -----      -----    -----      -----    -----
  +--> ?PR?SEL_DIR1?IO_SENSORES
  +--> ?PR?SEL_DIR2?IO_SENSORES

?PR?LEE_NO_TICKET?EEPROM                         -----    -----      -----    -----      0048H    0011H
  +--> ?PR?_RD_EEPROM?EEPROM
  +--> ?CO?EEPROM
  +--> ?PR?PRINTF?PRINTF

?PR?_CHECK_STATUS?VERIFICADOR                    -----    -----      -----    -----      0029H    000BH
  +--> ?CO?VERIFICADOR
  +--> ?PR?_DEBUG_TXT_TIBBO?TIBBO
  +--> ?PR?_DEBUGBUFFERMF?TIBBO
  +--> ?PR?_ESCRIBIRCADENASOFT_BUFFER?MAIN

?PR?AUT_CARD_CHECK_STATUS?VERIFICADOR            -----    -----      -----    -----      0029H    000BH
  +--> ?CO?VERIFICADOR
  +--> ?PR?_DEBUG_TXT_TIBBO?TIBBO
  +--> ?PR?_DEBUGBUFFERMF?TIBBO
  +--> ?PR?_ESCRIBIRCADENASOFT_BUFFER?MAIN

?PR?LOADVERIFY_EEPROM?VERIFICADOR                -----    -----      -----    -----      0029H    0010H
  +--> ?CO?VERIFICADOR
BL51 BANKED LINKER/LOCATER V6.22.2.0                                                  03/02/2020  11:21:44  PAGE 12


  +--> ?PR?_DEBUG_TXT_TIBBO?TIBBO
  +--> ?PR?_DEBUGBUFFERMF?TIBBO
  +--> ?PR?_ESCRIBIRCADENASOFT_BUFFER?MAIN

?PR?_RD_MF?VERIFICADOR                           -----    -----      -----    -----      0029H    0012H
  +--> ?CO?VERIFICADOR
  +--> ?PR?_DEBUG_TXT_TIBBO?TIBBO
  +--> ?PR?_DEBUG_CHR_TIBBO?TIBBO
  +--> ?PR?_DEBUGBUFFERMF?TIBBO
  +--> ?PR?_ESCRIBIRCADENASOFT_BUFFER?MAIN

?PR?_DEBUG_HEXDEC?TIBBO                          -----    -----      -----    -----      0029H    0002H
  +--> ?PR?_TX_AUX?TIBBO

?PR?_BLOCK_READ_CLOCK_HEX?CLOCK                  -----    -----      -----    -----      004FH    0003H
  +--> ?PR?_LEE_CLK?CLOCK
  +--> ?PR?_BCD_HEX?CLOCK

?PR?_LEE_CLK?CLOCK                               -----    -----      -----    -----      0055H    0003H
  +--> ?PR?_DELAY_20US?DELAY
  +--> ?PR?_EB_CLK?CLOCK
  +--> ?PR?P_CK?CLOCK

?PR?_EB_CLK?CLOCK                                -----    -----      -----    -----      0058H    0003H
  +--> ?PR?P_CK?CLOCK

?PR?P_CK?CLOCK                                   -----    -----      -----    -----      -----    -----
  +--> ?PR?DELAY?DELAY

?PR?_ANALIZA_TIEMPO?CLOCK                        0020H.0  0000H.2    -----    -----      0029H    000FH

?PR?_CHECK_FECHAOUT?CLOCK                        -----    -----      -----    -----      0029H    000AH
  +--> ?PR?_BLOCK_READ_CLOCK_HEX?CLOCK
  +--> ?PR?_DEBUG_FECHA_ACTUAL?TIBBO

?PR?_DEBUG_FECHA_ACTUAL?TIBBO                    -----    -----      -----    -----      0033H    0003H
  +--> ?CO?TIBBO
  +--> ?PR?_DEBUG_TXT_TIBBO?TIBBO
  +--> ?PR?_HEX_BCD?CLOCK
  +--> ?PR?_DEBUG_CHR_TIBBO?TIBBO
  +--> ?PR?_TX_AUX?TIBBO

?PR?_TRAMA_PTO_PARALELO_NEW?PTO_PARALELO         -----    -----      -----    -----      0029H    0026H
  +--> ?PR?_BLOCK_READ_CLOCK_HEX?CLOCK
  +--> ?PR?_SEND_PORT?PTO_PARALELO
  +--> ?PR?DEBUG_DIVIDIR_TEXTO?TIBBO
  +--> ?PR?_DEBUGBUFFERMF?TIBBO

?PR?_SEND_PORT?PTO_PARALELO                      -----    -----      -----    -----      004FH    000AH
  +--> ?PR?PULSO_BUS?PTO_PARALELO
  +--> ?PR?_DELAY_20US?DELAY

?PR?_CMD_LPR_SALIDA?ACCESCAN                     -----    -----      -----    -----      0029H    0025H
  +--> ?PR?DIR_BOARD?IO_SENSORES
  +--> ?PR?_HEX_BCD?CLOCK
  +--> ?PR?_MONITOR_CHR?ACCESCAN

BL51 BANKED LINKER/LOCATER V6.22.2.0                                                  03/02/2020  11:21:44  PAGE 13


?PR?_MONITOR_CHR?ACCESCAN                        -----    -----      -----    -----      0052H    0005H
  +--> ?PR?_TX_AUX?TIBBO

?PR?_WR_MF?VERIFICADOR                           -----    -----      -----    -----      0029H    0026H
  +--> ?CO?VERIFICADOR
  +--> ?PR?_DEBUG_TXT_TIBBO?TIBBO
  +--> ?PR?_DEBUG_CHR_TIBBO?TIBBO
  +--> ?PR?DIR_BOARD?IO_SENSORES
  +--> ?PR?_DEBUGBUFFERMF?TIBBO
  +--> ?PR?_ESCRIBIRCADENASOFT_BUFFER?MAIN

?PR?_TRAMA_PTO_PARALELO_P?PTO_PARALELO           -----    -----      -----    -----      0029H    0008H
  +--> ?PR?_SEND_PORT?PTO_PARALELO
  +--> ?PR?DEBUG_DIVIDIR_TEXTO?TIBBO
  +--> ?PR?_DEBUGBUFFERMF?TIBBO

?PR?_RECIBE_CMD_MONITOR?ACCESCAN                 -----    -----      -----    -----      0021H    0006H
  +--> ?PR?RX_DATA?TIBBO

?PR?RX_DATA?TIBBO                                -----    -----      -----    -----      -----    -----
  +--> ?PR?TIME_MBIT?TIBBO
  +--> ?PR?TIME_BIT?TIBBO

?PR?_DEBUG_MONITOR?TIBBO                         -----    -----      -----    -----      0021H    0004H
  +--> ?PR?DEBUG_DIVIDIR_TEXTO?TIBBO
  +--> ?CO?TIBBO
  +--> ?PR?_DEBUG_TXT_TIBBO?TIBBO

?PR?_RECIBE_PORT?PTO_PARALELO                    -----    -----      -----    -----      0021H    0008H
  +--> ?PR?OFF_TIMER0_INTERRUP?MAIN
  +--> ?PR?ON_TIMER0_INTERRUP?MAIN

?PR?_DEBUG_PTO_PARALELO?TIBBO                    -----    -----      -----    -----      0021H    0004H
  +--> ?PR?DEBUG_DIVIDIR_TEXTO?TIBBO
  +--> ?CO?TIBBO
  +--> ?PR?_DEBUG_TXT_TIBBO?TIBBO
  +--> ?PR?_DEBUGBUFFERMF?TIBBO

?PR?_VALIDA_TRAMA_PTO?ACCESCAN                   -----    -----      -----    -----      0021H    000FH
  +--> ?PR?_VALIDAR_CLK?CLOCK
  +--> ?PR?_BLOCK_WRITE_CLOCK_ASCII?CLOCK
  +--> ?PR?RELOJ_PANTALLA_LCD?PANTALLAS
  +--> ?PR?_PANTALLALCD?PANTALLAS
  +--> ?CO?ACCESCAN
  +--> ?PR?_DEBUG_TXT_TIBBO?TIBBO
  +--> ?PR?_BYTEHEX_DECIMAL?CLOCK
  +--> ?PR?_TWO_BYTEHEX_DECIMAL?CLOCK
  +--> ?PR?_PANTALLALCD_LINEA_2?PANTALLAS
  +--> ?PR?VALIDASENSORESPASO?IO_SENSORES
  +--> ?PR?_CMD_LPR_SALIDA_WIEGAND?ACCESCAN
  +--> ?PR?_GRABA_SERIE?EEPROM

?PR?_BLOCK_WRITE_CLOCK_ASCII?CLOCK               -----    -----      -----    -----      0030H    0003H
  +--> ?PR?_TWO_ONE?CLOCK
  +--> ?PR?_WR_CLK?CLOCK

?PR?_WR_CLK?CLOCK                                -----    -----      -----    -----      0033H    0002H
BL51 BANKED LINKER/LOCATER V6.22.2.0                                                  03/02/2020  11:21:44  PAGE 14


  +--> ?PR?_DELAY_20US?DELAY
  +--> ?PR?_EB_CLK?CLOCK

?PR?RELOJ_PANTALLA_LCD?PANTALLAS                 -----    -----      -----    -----      0030H    000DH
  +--> ?CO?PANTALLAS
  +--> ?PR?_BLOCK_READ_CLOCK?CLOCK
  +--> ?PR?_LCD_TXT_NUM_CHAR?PANTALLAS
  +--> ?PR?_RASPBERRY_DATA?PANTALLAS

?PR?_BLOCK_READ_CLOCK?CLOCK                      -----    -----      -----    -----      003DH    0003H
  +--> ?PR?_LEE_CLK?CLOCK

?PR?_LCD_TXT_NUM_CHAR?PANTALLAS                  -----    -----      -----    -----      003DH    0006H
  +--> ?PR?_TX_CHRLCD?PANTALLAS

?PR?_BYTEHEX_DECIMAL?CLOCK                       -----    -----      -----    -----      0030H    0001H

?PR?_TWO_BYTEHEX_DECIMAL?CLOCK                   -----    -----      -----    -----      0030H    000CH
  +--> ?PR?_POW?POW

?PR?_POW?POW                                     -----    -----      -----    -----      003CH    000AH
  +--> ?PR?LOG?LOG
  +--> ?PR?EXP?EXP

?PR?LOG?LOG                                      0020H.0  0000H.1    -----    -----      0046H    0004H

?PR?_PANTALLALCD_LINEA_2?PANTALLAS               -----    -----      -----    -----      0030H    000BH
  +--> ?CO?PANTALLAS
  +--> ?PR?_LCD_TXT?PANTALLAS
  +--> ?PR?_STRLEN?STRLEN
  +--> ?PR?_TX_CHRLCD?PANTALLAS

?PR?_CMD_LPR_SALIDA_WIEGAND?ACCESCAN             -----    -----      -----    -----      0030H    0022H
  +--> ?PR?DIR_BOARD?IO_SENSORES
  +--> ?PR?_BLOCK_READ_CLOCK_ASCII?CLOCK
  +--> ?PR?_MONITOR_CHR?ACCESCAN

?PR?_BLOCK_READ_CLOCK_ASCII?CLOCK                -----    -----      -----    -----      0052H    0003H
  +--> ?PR?_LEE_CLK?CLOCK

?PR?_GRABA_SERIE?EEPROM                          -----    -----      -----    -----      0030H    000CH
  +--> ?CO?EEPROM
  +--> ?PR?_DEBUG_TXT_TIBBO?TIBBO
  +--> ?PR?_ATOL?ATOL
  +--> ?PR?_WR_EEPROM?EEPROM

?PR?_ATOL?ATOL                                   0020H.0  0000H.1    -----    -----      003CH    0007H
  +--> ?PR?_ISSPACE?ISSPACE
  +--> ?PR?_ISDIGIT?ISDIGIT

?PR?MSJ_LCD_INFORMATIVO?IO_SENSORES              -----    -----      -----    -----      0021H    0001H
  +--> ?PR?SEL_FUNCION?IO_SENSORES
  +--> ?PR?LOAD_AND_SEND_INFO_RELOJ?PTO_PARA...
  +--> ?PR?LOAD_AND_SEND_ID_COD?PTO_PARALELO
  +--> ?PR?_RD_EEPROM?EEPROM
  +--> ?PR?_SEND_PORTERR?PTO_PARALELO

BL51 BANKED LINKER/LOCATER V6.22.2.0                                                  03/02/2020  11:21:44  PAGE 15


?PR?LOAD_AND_SEND_INFO_RELOJ?PTO_PARA...         -----    -----      -----    -----      0022H    000BH
  +--> ?PR?_BLOCK_READ_CLOCK?CLOCK
  +--> ?PR?_LEE_CLK?CLOCK
  +--> ?PR?_SEND_PORT?PTO_PARALELO

?PR?LOAD_AND_SEND_ID_COD?PTO_PARALELO            -----    -----      -----    -----      0022H    0011H
  +--> ?CO?PTO_PARALELO
  +--> ?PR?PRINTF?PRINTF
  +--> ?PR?_SEND_PORT?PTO_PARALELO



SYMBOL TABLE OF MODULE:  .\Objects\verificador_v_01_raspberry (MAIN)

  VALUE           TYPE          NAME
  ----------------------------------

  -------         MODULE        MAIN
  C:0000H         SYMBOL        _ICE_DUMMY_
  D:0080H         PUBLIC        P0
  D:0090H         PUBLIC        P1
  C:7893H         PUBLIC        timer0_int
  D:00B0H         PUBLIC        P3
  B:00A8H.7       PUBLIC        EA
  X:00E9H         PUBLIC        Tarjeta_on
  C:7BF9H         PUBLIC        off_Timer0_Interrup
  X:00EAH         PUBLIC        ValTimeOutCom
  X:00EBH         PUBLIC        Buffer_Rta_Lintech
  X:011DH         PUBLIC        Timer_wait
  X:011EH         PUBLIC        g_cContByteRx
  B:0080H.0       PUBLIC        rx_ip
  B:0080H.3       PUBLIC        Atascado
  C:5FB6H         PUBLIC        main
  X:011FH         PUBLIC        Timer_tivo
  X:0121H         PUBLIC        CardAutomatic
  C:6CCBH         PUBLIC        variable_inicio
  B:0090H.7       PUBLIC        lock
  I:0022H         PUBLIC        rbuf
  C:7BEAH         PUBLIC        on_Timer0_Interrup
  I:0054H         PUBLIC        tbuf
  B:0090H.1       PUBLIC        DataIn
  D:0089H         PUBLIC        TMOD
  X:0122H         PUBLIC        USE_LPR
  X:0123H         PUBLIC        Debug_Tibbo
  X:0124H         PUBLIC        Raspberry
  X:0125H         PUBLIC        SIN_COBRO
  C:79C5H         SYMBOL        _?ix1000
  X:0127H         PUBLIC        Tipo_Vehiculo
  C:79D5H         SYMBOL        _?ix1001
  B:00B0H.3       PUBLIC        busy
  C:7B5EH         PUBLIC        ini_timer
  B:00A8H.1       PUBLIC        ET0
  B:0088H.5       PUBLIC        TF0
  X:0128H         PUBLIC        COMPARACION_ACTIVA
  D:008CH         PUBLIC        TH0
  X:0129H         PUBLIC        ACK
  X:012AH         PUBLIC        g_cEstadoComSoft
BL51 BANKED LINKER/LOCATER V6.22.2.0                                                  03/02/2020  11:21:44  PAGE 16


  D:008AH         PUBLIC        TL0
  B:0088H.4       PUBLIC        TR0
  C:7B6EH         PUBLIC        inicia_board
  X:012BH         PUBLIC        T_GRACIA
  X:012DH         PUBLIC        COD_PARK
  B:0080H.7       PUBLIC        sel_com
  X:012FH         PUBLIC        STX_LINTECH
  C:7B8DH         PUBLIC        _getkey
  X:0130H         PUBLIC        g_cEstadoComSeqMF
  X:0131H         PUBLIC        ETX
  X:0132H         PUBLIC        ID_CLIENTE
  C:7417H         PUBLIC        _EscribirCadenaSoft_buffer
  B:0021H.1       PUBLIC        buffer_ready
  C:7675H         PUBLIC        _putchar
  -------         PROC          TIMER0_INT
  C:7893H         LINE#         12
  C:7899H         LINE#         15
  C:789FH         LINE#         16
  C:78A5H         LINE#         17
  C:78B3H         LINE#         18
  C:78B5H         LINE#         20
  -------         ENDPROC       TIMER0_INT
  -------         PROC          INI_TIMER
  C:7B5EH         LINE#         23
  C:7B5EH         LINE#         24
  C:7B5EH         LINE#         26
  C:7B66H         LINE#         28
  C:7B69H         LINE#         29
  C:7B6BH         LINE#         30
  C:7B6DH         LINE#         32
  -------         ENDPROC       INI_TIMER
  -------         PROC          ON_TIMER0_INTERRUP
  C:7BEAH         LINE#         35
  C:7BEAH         LINE#         36
  C:7BEAH         LINE#         37
  C:7BECH         LINE#         38
  C:7BEEH         LINE#         40
  -------         ENDPROC       ON_TIMER0_INTERRUP
  -------         PROC          OFF_TIMER0_INTERRUP
  C:7BF9H         LINE#         43
  C:7BF9H         LINE#         44
  C:7BF9H         LINE#         45
  C:7BFBH         LINE#         47
  -------         ENDPROC       OFF_TIMER0_INTERRUP
  -------         PROC          _GETKEY
  -------         DO            
  D:0006H         SYMBOL        k
  -------         ENDDO         
  C:7B8DH         LINE#         55
  C:7B8DH         LINE#         56
  C:7B8DH         LINE#         60
  C:7B8DH         LINE#         61
  C:7B90H         LINE#         62
  C:7B90H         LINE#         63
  C:7B98H         LINE#         65
  C:7B98H         LINE#         66
  -------         ENDPROC       _GETKEY
BL51 BANKED LINKER/LOCATER V6.22.2.0                                                  03/02/2020  11:21:44  PAGE 17


  -------         PROC          _PUTCHAR
  X:00BDH         SYMBOL        c
  -------         DO            
  X:00BEH         SYMBOL        i
  -------         ENDDO         
  C:7675H         LINE#         70
  C:767AH         LINE#         71
  C:767AH         LINE#         74
  C:7689H         LINE#         75
  C:7689H         LINE#         76
  C:769FH         LINE#         77
  C:769FH         LINE#         79
  C:76ADH         LINE#         80
  C:76ADH         LINE#         82
  C:76B2H         LINE#         83
  -------         ENDPROC       _PUTCHAR
  -------         PROC          _ESCRIBIRCADENASOFT_BUFFER
  X:004FH         SYMBOL        buffer
  X:0052H         SYMBOL        tamano_cadena
  -------         DO            
  X:0053H         SYMBOL        i
  X:0054H         SYMBOL        d
  -------         ENDDO         
  C:7417H         LINE#         87
  C:7425H         LINE#         88
  C:7425H         LINE#         90
  C:7433H         LINE#         91
  C:7433H         LINE#         92
  C:744AH         LINE#         93
  C:7454H         LINE#         94
  C:745CH         LINE#         95
  -------         ENDPROC       _ESCRIBIRCADENASOFT_BUFFER
  -------         PROC          INICIA_BOARD
  C:7B6EH         LINE#         132
  C:7B6EH         LINE#         133
  C:7B6EH         LINE#         134
  C:7B71H         LINE#         135
  C:7B74H         LINE#         136
  C:7B77H         LINE#         137
  C:7B79H         LINE#         138
  C:7B7BH         LINE#         139
  C:7B7DH         LINE#         141
  -------         ENDPROC       INICIA_BOARD
  -------         PROC          VARIABLE_INICIO
  C:6CCBH         LINE#         146
  C:6CCBH         LINE#         147
  C:6CCBH         LINE#         149
  C:6CDBH         LINE#         150
  C:6CECH         LINE#         151
  C:6CFDH         LINE#         152
  C:6D0EH         LINE#         153
  C:6D1CH         LINE#         154
  C:6D2AH         LINE#         155
  C:6D38H         LINE#         156
  C:6D46H         LINE#         157
  C:6D4CH         LINE#         158
  -------         ENDPROC       VARIABLE_INICIO
BL51 BANKED LINKER/LOCATER V6.22.2.0                                                  03/02/2020  11:21:44  PAGE 18


  -------         PROC          MAIN
  -------         DO            
  X:00C1H         SYMBOL        buffer
  X:0000H         SYMBOL        S1_B2
  X:0010H         SYMBOL        S1_B0
  X:0020H         SYMBOL        Length_trama
  -------         ENDDO         
  C:5FB6H         LINE#         166
  C:5FB6H         LINE#         167
  C:5FB6H         LINE#         171
  C:5FC9H         LINE#         172
  C:5FDCH         LINE#         175
  C:5FDFH         LINE#         176
  C:5FE2H         LINE#         177
  C:5FE5H         LINE#         178
  C:5FE8H         LINE#         179
  C:5FEBH         LINE#         180
  C:5FEDH         LINE#         182
  C:5FF0H         LINE#         183
  C:5FF7H         LINE#         184
  C:5FFAH         LINE#         185
  C:5FFFH         LINE#         187
  C:6002H         LINE#         189
  C:6005H         LINE#         190
  C:6005H         LINE#         191
  C:6008H         LINE#         192
  C:6008H         LINE#         193
  C:600BH         LINE#         194
  C:6011H         LINE#         195
  C:6016H         LINE#         197
  C:6016H         LINE#         198
  C:6016H         LINE#         200
  C:601EH         LINE#         201
  C:601EH         LINE#         202
  C:6021H         LINE#         203
  C:6023H         LINE#         205
  C:6023H         LINE#         206
  C:6026H         LINE#         207
  C:6026H         LINE#         209
  C:6035H         LINE#         210
  C:603EH         LINE#         211
  C:603EH         LINE#         215
  C:6041H         LINE#         220
  C:6044H         LINE#         221
  C:6044H         LINE#         223
  C:6053H         LINE#         225
  C:605CH         LINE#         227
  C:606AH         LINE#         229
  C:606AH         LINE#         230
  C:606DH         LINE#         233
  C:606DH         LINE#         234
  -------         ENDPROC       MAIN
  -------         ENDMOD        MAIN

  -------         MODULE        ACCESCAN
  C:0000H         SYMBOL        _ICE_DUMMY_
  D:0080H         PUBLIC        P0
BL51 BANKED LINKER/LOCATER V6.22.2.0                                                  03/02/2020  11:21:44  PAGE 19


  D:0090H         PUBLIC        P1
  B:0080H.2       PUBLIC        led_err_imp
  C:7574H         PUBLIC        _Monitor_chr
  C:3CC2H         PUBLIC        _Cmd_LPR_Salida
  B:0080H.3       PUBLIC        Atascado
  B:0080H.0       PUBLIC        rx_ip
  B:0090H.7       PUBLIC        lock
  C:77A2H         PUBLIC        Cmd_Lpr_Int
  C:3A24H         PUBLIC        _Valida_Trama_Pto
  C:663EH         PUBLIC        _recibe_cmd_Monitor
  C:5B21H         PUBLIC        _Cmd_LPR_Salida_wiegand
  -------         PROC          _VALIDA_TRAMA_PTO
  X:0021H         SYMBOL        buffer
  X:0024H         SYMBOL        length_trama
  -------         DO            
  X:0025H         SYMBOL        buff
  -------         ENDDO         
  C:3A24H         LINE#         62
  C:3A32H         LINE#         63
  C:3A32H         LINE#         66
  C:3A68H         LINE#         67
  C:3A68H         LINE#         68
  C:3A7DH         LINE#         69
  C:3A7DH         LINE#         70
  C:3A90H         LINE#         72
  C:3A93H         LINE#         74
  C:3A93H         LINE#         75
  C:3A93H         LINE#         77
  C:3AA5H         LINE#         78
  C:3AA5H         LINE#         79
  C:3AB5H         LINE#         80
  C:3AB5H         LINE#         81
  C:3ABAH         LINE#         82
  C:3ABCH         LINE#         83
  C:3AC1H         LINE#         84
  C:3AC3H         LINE#         85
  C:3AC5H         LINE#         86
  C:3AC5H         LINE#         87
  C:3AC6H         LINE#         89
  C:3AD8H         LINE#         90
  C:3AD8H         LINE#         92
  C:3AE5H         LINE#         93
  C:3AE5H         LINE#         94
  C:3AE7H         LINE#         95
  C:3AE9H         LINE#         96
  C:3AEBH         LINE#         97
  C:3AEDH         LINE#         98
  C:3AEDH         LINE#         100
  C:3B13H         LINE#         101
  C:3B13H         LINE#         102
  C:3B17H         LINE#         103
  C:3B1CH         LINE#         104
  C:3B25H         LINE#         105
  C:3B2AH         LINE#         106
  C:3B2AH         LINE#         109
  C:3B2BH         LINE#         112
  C:3B62H         LINE#         113
BL51 BANKED LINKER/LOCATER V6.22.2.0                                                  03/02/2020  11:21:44  PAGE 20


  C:3B62H         LINE#         114
  C:3B64H         LINE#         115
  C:3B66H         LINE#         116
  C:3B80H         LINE#         117
  C:3B80H         LINE#         118
  C:3B85H         LINE#         119
  C:3B85H         LINE#         121
  C:3BC8H         LINE#         122
  C:3BC8H         LINE#         123
  C:3BD0H         LINE#         124
  C:3BD0H         LINE#         126
  C:3BE5H         LINE#         127
  C:3BEBH         LINE#         128
  C:3C15H         LINE#         130
  C:3C20H         LINE#         134
  C:3C26H         LINE#         136
  C:3C2FH         LINE#         137
  C:3C2FH         LINE#         140
  C:3C2FH         LINE#         142
  C:3C4AH         LINE#         143
  C:3C50H         LINE#         144
  C:3C7AH         LINE#         145
  C:3C85H         LINE#         149
  C:3C85H         LINE#         150
  C:3C85H         LINE#         152
  C:3CB2H         LINE#         153
  C:3CB2H         LINE#         154
  C:3CC1H         LINE#         155
  C:3CC1H         LINE#         156
  -------         ENDPROC       _VALIDA_TRAMA_PTO
  -------         PROC          _RECIBE_CMD_MONITOR
  X:0021H         SYMBOL        buffer_cmd
  -------         DO            
  X:0024H         SYMBOL        j
  X:0025H         SYMBOL        NumDatos
  D:0005H         SYMBOL        time_out
  X:0026H         SYMBOL        MaxChrRx
  D:0006H         SYMBOL        contador
  -------         ENDDO         
  C:663EH         LINE#         162
  C:6649H         LINE#         163
  C:6649H         LINE#         167
  C:664EH         LINE#         168
  C:6652H         LINE#         170
  C:665AH         LINE#         171
  C:665AH         LINE#         172
  C:666BH         LINE#         173
  C:666BH         LINE#         174
  C:666EH         LINE#         175
  C:666FH         LINE#         176
  C:6675H         LINE#         177
  C:6675H         LINE#         178
  C:667AH         LINE#         179
  C:6683H         LINE#         180
  C:6683H         LINE#         181
  C:6685H         LINE#         182
  C:668DH         LINE#         183
BL51 BANKED LINKER/LOCATER V6.22.2.0                                                  03/02/2020  11:21:44  PAGE 21


  C:668DH         LINE#         184
  C:668FH         LINE#         185
  C:6694H         LINE#         186
  C:669AH         LINE#         187
  C:66ACH         LINE#         188
  C:66B6H         LINE#         189
  C:66BEH         LINE#         191
  C:66CDH         LINE#         194
  C:66CDH         LINE#         195
  C:66D2H         LINE#         196
  -------         ENDPROC       _RECIBE_CMD_MONITOR
  -------         PROC          _MONITOR_CHR
  X:0052H         SYMBOL        str
  X:0055H         SYMBOL        num_char
  -------         DO            
  X:0056H         SYMBOL        j
  -------         ENDDO         
  C:7574H         LINE#         226
  C:7582H         LINE#         227
  C:7582H         LINE#         229
  C:7590H         LINE#         230
  C:7590H         LINE#         231
  C:75A2H         LINE#         232
  C:75ACH         LINE#         233
  C:75B4H         LINE#         234
  -------         ENDPROC       _MONITOR_CHR
  -------         PROC          _CMD_LPR_SALIDA_WIEGAND
  X:0030H         SYMBOL        buffer
  -------         DO            
  X:0033H         SYMBOL        Buffer_Lpr
  X:0051H         SYMBOL        j
  -------         ENDDO         
  C:5B21H         LINE#         239
  C:5B2CH         LINE#         240
  C:5B2CH         LINE#         242
  C:5B32H         LINE#         243
  C:5B37H         LINE#         244
  C:5B3FH         LINE#         245
  C:5B43H         LINE#         246
  C:5B4CH         LINE#         247
  C:5B4CH         LINE#         248
  C:5B5DH         LINE#         249
  C:5B5FH         LINE#         251
  C:5B5FH         LINE#         252
  C:5B70H         LINE#         253
  C:5B70H         LINE#         257
  C:5B87H         LINE#         258
  C:5B87H         LINE#         259
  C:5B96H         LINE#         260
  C:5BA0H         LINE#         262
  C:5BA8H         LINE#         263
  C:5BBCH         LINE#         265
  C:5BCCH         LINE#         266
  C:5BDDH         LINE#         267
  C:5BEAH         LINE#         271
  -------         ENDPROC       _CMD_LPR_SALIDA_WIEGAND
  -------         PROC          _CMD_LPR_SALIDA
BL51 BANKED LINKER/LOCATER V6.22.2.0                                                  03/02/2020  11:21:44  PAGE 22


  X:0029H         SYMBOL        buffer_S1_B0
  X:002CH         SYMBOL        buffer_S1_B2
  -------         DO            
  X:002FH         SYMBOL        Buffer_Lpr
  D:0004H         SYMBOL        temp
  X:004DH         SYMBOL        j
  -------         ENDDO         
  C:3CC2H         LINE#         276
  C:3CCDH         LINE#         277
  C:3CCDH         LINE#         282
  C:3CD3H         LINE#         283
  C:3CD8H         LINE#         284
  C:3CE0H         LINE#         285
  C:3CE4H         LINE#         287
  C:3CFAH         LINE#         288
  C:3CFAH         LINE#         289
  C:3D0BH         LINE#         290
  C:3D0DH         LINE#         292
  C:3D0DH         LINE#         293
  C:3D1EH         LINE#         294
  C:3D1EH         LINE#         298
  C:3D1EH         LINE#         299
  C:3D40H         LINE#         300
  C:3D4AH         LINE#         301
  C:3D5AH         LINE#         307
  C:3D6EH         LINE#         309
  C:3D84H         LINE#         310
  C:3DA9H         LINE#         311
  C:3DC2H         LINE#         313
  C:3DDBH         LINE#         314
  C:3E00H         LINE#         315
  C:3E19H         LINE#         317
  C:3E32H         LINE#         318
  C:3E57H         LINE#         319
  C:3E70H         LINE#         321
  C:3E89H         LINE#         322
  C:3EAEH         LINE#         323
  C:3EC7H         LINE#         325
  C:3EE0H         LINE#         326
  C:3F05H         LINE#         327
  C:3F1EH         LINE#         331
  C:3F32H         LINE#         334
  C:3F46H         LINE#         336
  -------         ENDPROC       _CMD_LPR_SALIDA
  -------         PROC          CMD_LPR_INT
  -------         DO            
  X:0029H         SYMBOL        Buffer_Lpr
  X:0047H         SYMBOL        j
  D:0001H         SYMBOL        ticket
  -------         ENDDO         
  C:77A2H         LINE#         338
  C:77A2H         LINE#         339
  C:77A2H         LINE#         341
  C:77A8H         LINE#         343
  C:77ADH         LINE#         344
  C:77B5H         LINE#         345
  C:77B9H         LINE#         346
BL51 BANKED LINKER/LOCATER V6.22.2.0                                                  03/02/2020  11:21:44  PAGE 23


  C:77C2H         LINE#         347
  C:77C2H         LINE#         348
  C:77C4H         LINE#         349
  C:77C4H         LINE#         350
  C:77C6H         LINE#         352
  C:77C6H         LINE#         353
  C:77C9H         LINE#         354
  C:77CCH         LINE#         355
  C:77CCH         LINE#         357
  C:77CFH         LINE#         358
  -------         ENDPROC       CMD_LPR_INT
  -------         ENDMOD        ACCESCAN

  -------         MODULE        CLOCK
  C:0000H         SYMBOL        _ICE_DUMMY_
  C:75E9H         PUBLIC        _two_one
  D:0090H         PUBLIC        P1
  C:4F6BH         PUBLIC        _validar_clk
  C:78E5H         PUBLIC        _wr_clk
  C:4642H         PUBLIC        _check_fechaOut
  B:00D0H.7       PUBLIC        CY
  C:0003H         PUBLIC        p_ck
  X:01C4H         PUBLIC        data_clk
  C:7BACH         PUBLIC        cond_ini_clock
  C:5BF7H         PUBLIC        _Block_read_Clock
  B:0090H.4       PUBLIC        sck
  C:6282H         PUBLIC        _Block_read_Clock_Hex
  C:3F54H         PUBLIC        _Block_read_clock_ascii
  C:79A4H         PUBLIC        _hex_bcd
  C:7A63H         PUBLIC        _bcd_hex
  C:729CH         PUBLIC        _ByteHex_Decimal
  C:67FFH         PUBLIC        _lee_clk
  C:2445H         PUBLIC        _analiza_tiempo
  B:0090H.5       PUBLIC        io
  C:6915H         PUBLIC        _Block_write_clock_ascii
  B:0090H.6       PUBLIC        rst
  C:7636H         PUBLIC        _eb_clk
  C:31D5H         PUBLIC        _Two_ByteHex_Decimal
  -------         PROC          P_CK
  C:0003H         LINE#         37
  C:0003H         LINE#         38
  C:0003H         LINE#         39
  C:0005H         LINE#         40
  C:0008H         LINE#         41
  C:000AH         LINE#         42
  -------         ENDPROC       P_CK
  -------         PROC          _EB_CLK
  X:0058H         SYMBOL        dir_clk
  -------         DO            
  X:0059H         SYMBOL        nbits
  -------         ENDDO         
  C:7636H         LINE#         44
  C:763BH         LINE#         46
  C:7640H         LINE#         47
  C:7640H         LINE#         48
  C:7649H         LINE#         49
  C:764CH         LINE#         50
BL51 BANKED LINKER/LOCATER V6.22.2.0                                                  03/02/2020  11:21:44  PAGE 24


  C:764CH         LINE#         51
  C:764EH         LINE#         52
  C:7650H         LINE#         54
  C:7650H         LINE#         55
  C:7652H         LINE#         56
  C:7652H         LINE#         57
  C:7655H         LINE#         58
  C:7674H         LINE#         59
  -------         ENDPROC       _EB_CLK
  C:67F5H         SYMBOL        L?0173
  -------         PROC          L?0172
  -------         ENDPROC       L?0172
  C:67F5H         SYMBOL        L?0173
  -------         PROC          _LEE_CLK
  X:0055H         SYMBOL        dir_clk
  -------         DO            
  X:0056H         SYMBOL        nbits
  -------         ENDDO         
  C:67FFH         LINE#         61
  C:6804H         LINE#         63
  C:6806H         LINE#         64
  C:680DH         LINE#         65
  C:6815H         LINE#         66
  C:682EH         LINE#         67
  C:682EH         LINE#         68
  C:6831H         LINE#         69
  C:6831H         LINE#         70
  C:6838H         LINE#         71
  C:6842H         LINE#         72
  C:6847H         LINE#         73
  C:6847H         LINE#         74
  C:6847H         LINE#         75
  C:684AH         LINE#         76
  C:684AH         LINE#         77
  C:6851H         LINE#         78
  C:6862H         LINE#         79
  C:6862H         LINE#         80
  C:686AH         LINE#         81
  C:686AH         LINE#         82
  C:686AH         LINE#         83
  C:686DH         LINE#         84
  C:687DH         LINE#         85
  C:687FH         LINE#         86
  C:6884H         LINE#         87
  -------         ENDPROC       _LEE_CLK
  -------         PROC          _WR_CLK
  X:0033H         SYMBOL        dir_clk
  X:0034H         SYMBOL        byte
  C:78E5H         LINE#         89
  C:78EDH         LINE#         90
  C:78EFH         LINE#         91
  C:78F6H         LINE#         92
  C:78FEH         LINE#         93
  C:7907H         LINE#         94
  C:790AH         LINE#         95
  C:790CH         LINE#         97
  -------         ENDPROC       _WR_CLK
BL51 BANKED LINKER/LOCATER V6.22.2.0                                                  03/02/2020  11:21:44  PAGE 25


  C:75B5H         SYMBOL        L?0170
  C:75D3H         SYMBOL        L?0171
  -------         PROC          L?0169
  -------         ENDPROC       L?0169
  C:75B5H         SYMBOL        L?0170
  C:75D3H         SYMBOL        L?0171
  -------         PROC          _TWO_ONE
  D:0007H         SYMBOL        byte_h
  D:0005H         SYMBOL        byte_l
  -------         DO            
  D:0007H         SYMBOL        byte_out
  -------         ENDDO         
  C:75E9H         LINE#         99
  C:75E9H         LINE#         100
  C:75E9H         LINE#         102
  C:75ECH         LINE#         103
  C:75F0H         LINE#         104
  C:75F3H         LINE#         105
  C:75F5H         LINE#         106
  C:75F5H         LINE#         107
  -------         ENDPROC       _TWO_ONE
  -------         PROC          _VALIDAR_CLK
  D:0001H         SYMBOL        datos_clock
  -------         DO            
  D:0007H         SYMBOL        validador
  -------         ENDDO         
  C:4F6BH         LINE#         111
  C:4F6BH         LINE#         112
  C:4F6BH         LINE#         113
  C:4F6DH         LINE#         116
  C:4F82H         LINE#         117
  C:4F82H         LINE#         119
  C:4F9AH         LINE#         120
  C:4F9AH         LINE#         122
  C:4FB2H         LINE#         123
  C:4FB2H         LINE#         124
  C:4FCAH         LINE#         125
  C:4FCAH         LINE#         126
  C:4FE2H         LINE#         127
  C:4FE2H         LINE#         128
  C:4FF7H         LINE#         129
  C:4FF7H         LINE#         130
  C:5009H         LINE#         131
  C:5009H         LINE#         132
  C:501BH         LINE#         133
  C:501BH         LINE#         134
  C:502DH         LINE#         135
  C:502DH         LINE#         136
  C:503FH         LINE#         137
  C:503FH         LINE#         138
  C:5051H         LINE#         139
  C:5051H         LINE#         140
  C:5061H         LINE#         141
  C:5061H         LINE#         142
  C:5061H         LINE#         143
  C:5061H         LINE#         144
  C:5062H         LINE#         146
BL51 BANKED LINKER/LOCATER V6.22.2.0                                                  03/02/2020  11:21:44  PAGE 26


  C:5062H         LINE#         147
  C:5064H         LINE#         148
  C:5064H         LINE#         149
  C:5065H         LINE#         151
  C:5065H         LINE#         152
  C:5067H         LINE#         154
  C:5067H         LINE#         155
  C:5068H         LINE#         157
  C:5068H         LINE#         158
  C:506AH         LINE#         160
  C:506AH         LINE#         162
  C:506BH         LINE#         164
  C:506BH         LINE#         165
  C:506DH         LINE#         167
  C:506DH         LINE#         168
  C:506EH         LINE#         170
  C:506EH         LINE#         171
  C:5070H         LINE#         173
  C:5070H         LINE#         174
  C:5071H         LINE#         176
  C:5071H         LINE#         177
  C:5073H         LINE#         179
  C:5073H         LINE#         180
  C:5074H         LINE#         182
  C:5074H         LINE#         183
  C:5076H         LINE#         185
  C:5076H         LINE#         186
  C:5076H         LINE#         188
  C:5077H         LINE#         190
  C:5077H         LINE#         191
  C:5079H         LINE#         193
  C:5079H         LINE#         195
  C:507AH         LINE#         198
  C:507AH         LINE#         199
  C:507CH         LINE#         201
  C:507CH         LINE#         203
  C:507DH         LINE#         206
  C:507DH         LINE#         207
  C:507FH         LINE#         209
  C:507FH         LINE#         211
  C:507FH         LINE#         213
  -------         ENDPROC       _VALIDAR_CLK
  -------         PROC          _BLOCK_WRITE_CLOCK_ASCII
  X:0030H         SYMBOL        datos_clock
  C:6915H         LINE#         219
  C:6920H         LINE#         221
  C:6920H         LINE#         225
  C:692AH         LINE#         226
  C:692AH         LINE#         227
  C:692AH         LINE#         228
  C:692AH         LINE#         230
  C:6934H         LINE#         231
  C:693EH         LINE#         232
  C:6948H         LINE#         233
  C:6948H         LINE#         234
  C:6948H         LINE#         235
  C:6948H         LINE#         237
BL51 BANKED LINKER/LOCATER V6.22.2.0                                                  03/02/2020  11:21:44  PAGE 27


  C:6952H         LINE#         238
  C:6952H         LINE#         239
  C:6952H         LINE#         240
  C:6952H         LINE#         242
  C:695CH         LINE#         243
  C:695CH         LINE#         244
  C:695CH         LINE#         245
  C:695CH         LINE#         247
  C:6966H         LINE#         248
  C:6966H         LINE#         249
  C:6966H         LINE#         250
  C:6966H         LINE#         252
  C:6970H         LINE#         253
  C:697AH         LINE#         254
  C:6984H         LINE#         255
  C:698EH         LINE#         257
  -------         ENDPROC       _BLOCK_WRITE_CLOCK_ASCII
  -------         PROC          _BCD_HEX
  D:0007H         SYMBOL        l_data
  -------         DO            
  D:0006H         SYMBOL        temp
  D:0005H         SYMBOL        j
  -------         ENDDO         
  C:7A63H         LINE#         263
  C:7A63H         LINE#         264
  C:7A63H         LINE#         266
  C:7A65H         LINE#         267
  C:7A69H         LINE#         268
  C:7A6CH         LINE#         269
  C:7A6EH         LINE#         270
  C:7A6EH         LINE#         271
  C:7A72H         LINE#         272
  C:7A79H         LINE#         273
  C:7A79H         LINE#         274
  C:7A7DH         LINE#         275
  C:7A80H         LINE#         276
  C:7A80H         LINE#         277
  C:7A80H         LINE#         278
  -------         ENDPROC       _BCD_HEX
  -------         PROC          _HEX_BCD
  D:0007H         SYMBOL        byte
  -------         DO            
  D:0006H         SYMBOL        nibble_h
  D:0005H         SYMBOL        nibble_l
  D:0004H         SYMBOL        k
  D:0007H         SYMBOL        byte_out
  -------         ENDDO         
  C:79A4H         LINE#         282
  C:79A4H         LINE#         283
  C:79A4H         LINE#         288
  C:79A6H         LINE#         289
  C:79A7H         LINE#         291
  C:79ADH         LINE#         292
  C:79ADH         LINE#         293
  C:79AEH         LINE#         294
  C:79B3H         LINE#         295
  C:79B3H         LINE#         296
BL51 BANKED LINKER/LOCATER V6.22.2.0                                                  03/02/2020  11:21:44  PAGE 28


  C:79B4H         LINE#         297
  C:79B5H         LINE#         298
  C:79B5H         LINE#         299
  C:79B8H         LINE#         300
  C:79BCH         LINE#         301
  C:79BFH         LINE#         302
  C:79C2H         LINE#         303
  C:79C4H         LINE#         304
  C:79C4H         LINE#         306
  -------         ENDPROC       _HEX_BCD
  -------         PROC          _BYTEHEX_DECIMAL
  D:0001H         SYMBOL        buffer
  D:0005H         SYMBOL        valorhex
  -------         DO            
  X:0030H         SYMBOL        numero
  D:0007H         SYMBOL        centena
  D:0006H         SYMBOL        decena
  -------         ENDDO         
  C:729CH         LINE#         312
  C:729CH         LINE#         313
  C:729CH         LINE#         316
  C:729EH         LINE#         317
  C:729FH         LINE#         318
  C:72A4H         LINE#         320
  C:72B1H         LINE#         321
  C:72B1H         LINE#         322
  C:72B5H         LINE#         323
  C:72B6H         LINE#         324
  C:72B8H         LINE#         325
  C:72BEH         LINE#         326
  C:72C5H         LINE#         327
  C:72D2H         LINE#         328
  C:72D2H         LINE#         329
  C:72D6H         LINE#         330
  C:72D7H         LINE#         331
  C:72D9H         LINE#         332
  C:72DFH         LINE#         333
  C:72E6H         LINE#         334
  -------         ENDPROC       _BYTEHEX_DECIMAL
  -------         PROC          _TWO_BYTEHEX_DECIMAL
  X:0030H         SYMBOL        buffer
  X:0033H         SYMBOL        id_h
  X:0034H         SYMBOL        id_l
  -------         DO            
  X:0035H         SYMBOL        valor
  D:0006H         SYMBOL        numero
  X:0037H         SYMBOL        temp
  X:0038H         SYMBOL        dmil
  X:0039H         SYMBOL        mil
  X:003AH         SYMBOL        centena
  X:003BH         SYMBOL        decena
  -------         ENDDO         
  C:31D5H         LINE#         342
  C:31E3H         LINE#         343
  C:31E3H         LINE#         347
  C:31EAH         LINE#         348
  C:31EEH         LINE#         349
BL51 BANKED LINKER/LOCATER V6.22.2.0                                                  03/02/2020  11:21:44  PAGE 29


  C:31F0H         LINE#         350
  C:31F2H         LINE#         351
  C:31F4H         LINE#         354
  C:31F9H         LINE#         355
  C:31FCH         LINE#         356
  C:3202H         LINE#         358
  C:325DH         LINE#         359
  C:3265H         LINE#         360
  C:3268H         LINE#         361
  C:32C3H         LINE#         363
  C:32CBH         LINE#         364
  C:32CEH         LINE#         365
  C:32D4H         LINE#         366
  C:332FH         LINE#         367
  C:3337H         LINE#         368
  C:333AH         LINE#         369
  C:3395H         LINE#         370
  C:3395H         LINE#         372
  C:339EH         LINE#         373
  C:339EH         LINE#         374
  C:33A6H         LINE#         375
  C:33ACH         LINE#         376
  C:33AEH         LINE#         377
  C:33C4H         LINE#         378
  C:33CEH         LINE#         379
  C:33D7H         LINE#         380
  C:33D7H         LINE#         381
  C:33DFH         LINE#         382
  C:33E5H         LINE#         383
  C:33E7H         LINE#         384
  C:33FDH         LINE#         385
  C:3407H         LINE#         386
  C:3410H         LINE#         387
  C:3410H         LINE#         388
  C:3418H         LINE#         389
  C:341EH         LINE#         390
  C:3420H         LINE#         391
  C:3436H         LINE#         392
  C:3440H         LINE#         393
  C:3449H         LINE#         394
  C:3449H         LINE#         395
  C:3451H         LINE#         396
  C:3457H         LINE#         397
  C:3459H         LINE#         398
  C:346FH         LINE#         399
  C:3479H         LINE#         400
  C:348CH         LINE#         401
  C:3496H         LINE#         402
  -------         ENDPROC       _TWO_BYTEHEX_DECIMAL
  -------         PROC          _BLOCK_READ_CLOCK_ASCII
  X:0052H         SYMBOL        datos_clock
  -------         DO            
  D:0007H         SYMBOL        dato
  -------         ENDDO         
  C:3F54H         LINE#         408
  C:3F57H         LINE#         409
  C:3F57H         LINE#         415
BL51 BANKED LINKER/LOCATER V6.22.2.0                                                  03/02/2020  11:21:44  PAGE 30


  C:3F5AH         LINE#         416
  C:3F72H         LINE#         417
  C:3F7CH         LINE#         418
  C:3F91H         LINE#         419
  C:3F9BH         LINE#         422
  C:3FA0H         LINE#         423
  C:3FB8H         LINE#         424
  C:3FC2H         LINE#         425
  C:3FD7H         LINE#         426
  C:3FE1H         LINE#         429
  C:3FE6H         LINE#         430
  C:3FFEH         LINE#         431
  C:4008H         LINE#         432
  C:401DH         LINE#         433
  C:4027H         LINE#         437
  C:402CH         LINE#         438
  C:4044H         LINE#         439
  C:404EH         LINE#         440
  C:4063H         LINE#         441
  C:406DH         LINE#         444
  C:4072H         LINE#         445
  C:408AH         LINE#         446
  C:4094H         LINE#         447
  C:40A9H         LINE#         448
  C:40B3H         LINE#         451
  C:40B8H         LINE#         452
  C:40D0H         LINE#         453
  C:40DAH         LINE#         454
  C:40EFH         LINE#         455
  C:40F9H         LINE#         458
  C:40FEH         LINE#         459
  C:4113H         LINE#         460
  C:411DH         LINE#         461
  -------         ENDPROC       _BLOCK_READ_CLOCK_ASCII
  -------         PROC          _BLOCK_READ_CLOCK_HEX
  X:004FH         SYMBOL        datos_clock
  C:6282H         LINE#         464
  C:6285H         LINE#         465
  C:6285H         LINE#         468
  C:629AH         LINE#         469
  C:62A4H         LINE#         471
  C:62BBH         LINE#         472
  C:62C5H         LINE#         474
  C:62DCH         LINE#         475
  C:62E6H         LINE#         477
  C:62FDH         LINE#         478
  C:6307H         LINE#         480
  C:631EH         LINE#         481
  -------         ENDPROC       _BLOCK_READ_CLOCK_HEX
  -------         PROC          _BLOCK_READ_CLOCK
  X:003DH         SYMBOL        datos_clock
  C:5BF7H         LINE#         508
  C:5BFAH         LINE#         509
  C:5BFAH         LINE#         511
  C:5C0CH         LINE#         512
  C:5C16H         LINE#         514
  C:5C2AH         LINE#         515
BL51 BANKED LINKER/LOCATER V6.22.2.0                                                  03/02/2020  11:21:44  PAGE 31


  C:5C34H         LINE#         517
  C:5C48H         LINE#         518
  C:5C52H         LINE#         520
  C:5C66H         LINE#         521
  C:5C70H         LINE#         523
  C:5C84H         LINE#         524
  C:5C8EH         LINE#         526
  C:5CA2H         LINE#         527
  C:5CACH         LINE#         528
  -------         ENDPROC       _BLOCK_READ_CLOCK
  -------         PROC          COND_INI_CLOCK
  C:7BACH         LINE#         531
  C:7BACH         LINE#         532
  C:7BACH         LINE#         533
  C:7BAEH         LINE#         534
  C:7BB0H         LINE#         535
  C:7BB2H         LINE#         536
  -------         ENDPROC       COND_INI_CLOCK
  -------         PROC          _CHECK_FECHAOUT
  X:0029H         SYMBOL        buffer
  -------         DO            
  X:002CH         SYMBOL        temp
  X:002DH         SYMBOL        datos_clk
  -------         ENDDO         
  C:4642H         LINE#         546
  C:464DH         LINE#         547
  C:464DH         LINE#         548
  C:4651H         LINE#         554
  C:469AH         LINE#         555
  C:469AH         LINE#         557
  C:469FH         LINE#         559
  C:46A2H         LINE#         561
  C:46A2H         LINE#         563
  C:46ABH         LINE#         565
  C:46B3H         LINE#         566
  C:46B3H         LINE#         567
  C:46BCH         LINE#         569
  C:46BCH         LINE#         572
  C:46DFH         LINE#         573
  C:46DFH         LINE#         574
  C:46DFH         LINE#         575
  C:46E2H         LINE#         576
  C:46ECH         LINE#         577
  C:46ECH         LINE#         578
  C:4712H         LINE#         579
  C:4712H         LINE#         580
  C:4712H         LINE#         581
  C:4715H         LINE#         582
  C:471FH         LINE#         583
  C:471FH         LINE#         584
  C:4745H         LINE#         585
  C:4745H         LINE#         586
  C:4745H         LINE#         587
  C:4747H         LINE#         588
  C:474EH         LINE#         589
  C:474EH         LINE#         590
  C:4774H         LINE#         591
BL51 BANKED LINKER/LOCATER V6.22.2.0                                                  03/02/2020  11:21:44  PAGE 32


  C:4774H         LINE#         592
  C:4774H         LINE#         593
  C:4776H         LINE#         594
  C:477DH         LINE#         595
  C:477DH         LINE#         596
  C:47A2H         LINE#         597
  C:47A2H         LINE#         598
  C:47A7H         LINE#         599
  C:47A9H         LINE#         607
  C:47A9H         LINE#         608
  C:47A9H         LINE#         609
  C:47A9H         LINE#         610
  C:47ABH         LINE#         612
  C:47ABH         LINE#         613
  C:47ABH         LINE#         614
  C:47ABH         LINE#         615
  C:47ADH         LINE#         617
  C:47ADH         LINE#         618
  C:47ADH         LINE#         619
  C:47ADH         LINE#         620
  C:47AFH         LINE#         622
  C:47AFH         LINE#         623
  C:47B5H         LINE#         625
  C:47B5H         LINE#         627
  C:47B5H         LINE#         628
  C:47BAH         LINE#         629
  -------         ENDPROC       _CHECK_FECHAOUT
  -------         PROC          _ANALIZA_TIEMPO
  X:0029H         SYMBOL        buffer
  X:002CH         SYMBOL        Val_DctoMinutos
  -------         DO            
  X:002EH         SYMBOL        ano_inT
  B:0020H.0       SYMBOL        bisiesto
  X:0030H         SYMBOL        ano_out
  X:0031H         SYMBOL        mes_out
  X:0032H         SYMBOL        dia_out
  X:0033H         SYMBOL        hora_out
  X:0034H         SYMBOL        min_out
  X:0035H         SYMBOL        Horas_Dcto
  X:0036H         SYMBOL        Minutos_Dcto
  X:0037H         SYMBOL        Xtemp
  B:0020H.1       SYMBOL        Tiempo_Dcto
  -------         ENDDO         
  C:2445H         LINE#         632
  C:2458H         LINE#         633
  C:2458H         LINE#         637
  C:245AH         LINE#         642
  C:245CH         LINE#         644
  C:24B7H         LINE#         645
  C:24B7H         LINE#         650
  C:24C9H         LINE#         651
  C:24C9H         LINE#         652
  C:24D9H         LINE#         653
  C:24E3H         LINE#         655
  C:24E5H         LINE#         657
  C:24E5H         LINE#         658
  C:24EBH         LINE#         659
BL51 BANKED LINKER/LOCATER V6.22.2.0                                                  03/02/2020  11:21:44  PAGE 33


  C:24F0H         LINE#         660
  C:24F0H         LINE#         664
  C:24FAH         LINE#         665
  C:24FAH         LINE#         666
  C:2512H         LINE#         667
  C:251EH         LINE#         668
  C:251EH         LINE#         670
  C:2528H         LINE#         671
  C:2536H         LINE#         673
  C:2543H         LINE#         674
  C:254FH         LINE#         675
  C:254FH         LINE#         676
  C:2559H         LINE#         677
  C:2567H         LINE#         679
  C:2574H         LINE#         680
  C:25A9H         LINE#         681
  C:25A9H         LINE#         682
  C:25B6H         LINE#         683
  C:25B6H         LINE#         684
  C:25BAH         LINE#         685
  C:25D0H         LINE#         686
  C:25D9H         LINE#         687
  C:25D9H         LINE#         688
[...]
  C:10A6H         LINE#         1377
  C:10B6H         LINE#         1378
  C:10B6H         LINE#         1380
  C:10C8H         LINE#         1381
  C:10C8H         LINE#         1382
  C:10E1H         LINE#         1383
  C:10E9H         LINE#         1384
  C:111DH         LINE#         1385
  C:111DH         LINE#         1387
  C:1126H         LINE#         1388
  C:112EH         LINE#         1389
  C:1137H         LINE#         1391
BL51 BANKED LINKER/LOCATER V6.22.2.0                                                  03/02/2020  11:21:44  PAGE 89


  C:1140H         LINE#         1392
  C:1148H         LINE#         1393
  C:1151H         LINE#         1397
  C:1159H         LINE#         1398
  C:1159H         LINE#         1399
  C:1162H         LINE#         1400
  C:116AH         LINE#         1401
  C:1173H         LINE#         1403
  C:117AH         LINE#         1404
  C:117AH         LINE#         1406
  C:117CH         LINE#         1408
  C:117CH         LINE#         1409
  C:1181H         LINE#         1410
  C:1183H         LINE#         1411
  C:1183H         LINE#         1412
  C:1183H         LINE#         1413
  C:1186H         LINE#         1415
  C:1186H         LINE#         1416
  C:118BH         LINE#         1417
  C:118DH         LINE#         1418
  C:118DH         LINE#         1419
  C:118DH         LINE#         1420
  C:1190H         LINE#         1422
  C:1190H         LINE#         1423
  C:1195H         LINE#         1424
  C:1197H         LINE#         1425
  C:1197H         LINE#         1426
  C:1197H         LINE#         1428
  C:1197H         LINE#         1429
  C:119AH         LINE#         1434
  C:119AH         LINE#         1436
  C:11A4H         LINE#         1437
  C:11A4H         LINE#         1438
  C:11ACH         LINE#         1439
  C:11ACH         LINE#         1440
  C:11B2H         LINE#         1441
  C:11B3H         LINE#         1442
  C:11BBH         LINE#         1443
  C:11BBH         LINE#         1444
  C:11C2H         LINE#         1445
  C:11D6H         LINE#         1446
  C:11D6H         LINE#         1447
  C:11D8H         LINE#         1449
  C:11D8H         LINE#         1450
  C:11DFH         LINE#         1451
  C:11DFH         LINE#         1452
  C:11DFH         LINE#         1453
  C:11E2H         LINE#         1455
  C:11E2H         LINE#         1456
  C:11EBH         LINE#         1457
  C:11FFH         LINE#         1458
  C:1211H         LINE#         1459
  C:1211H         LINE#         1460
  C:122AH         LINE#         1461
  C:1232H         LINE#         1463
  C:123EH         LINE#         1464
  C:123EH         LINE#         1465
BL51 BANKED LINKER/LOCATER V6.22.2.0                                                  03/02/2020  11:21:44  PAGE 90


  C:1247H         LINE#         1466
  C:124CH         LINE#         1467
  C:1251H         LINE#         1468
  C:1253H         LINE#         1469
  C:1253H         LINE#         1470
  C:1256H         LINE#         1471
  C:1256H         LINE#         1473
  C:1261H         LINE#         1474
  C:1261H         LINE#         1475
  C:1267H         LINE#         1476
  C:1267H         LINE#         1477
  C:1267H         LINE#         1478
  C:1267H         LINE#         1479
  C:1267H         LINE#         1480
  C:1269H         LINE#         1481
  C:1269H         LINE#         1482
  C:1275H         LINE#         1483
  C:1275H         LINE#         1484
  C:127EH         LINE#         1487
  C:12A2H         LINE#         1488
  C:12A2H         LINE#         1489
  C:12A4H         LINE#         1490
  C:12A4H         LINE#         1491
  C:12A4H         LINE#         1492
  C:12A7H         LINE#         1493
  C:12A7H         LINE#         1495
  C:12A7H         LINE#         1496
  C:12B0H         LINE#         1497
  C:12B5H         LINE#         1498
  C:12B7H         LINE#         1499
  C:12B7H         LINE#         1500
  C:12BAH         LINE#         1501
  C:12BAH         LINE#         1504
  C:12BAH         LINE#         1505
  C:12BAH         LINE#         1508
  C:12C4H         LINE#         1509
  C:12C4H         LINE#         1510
  C:12CDH         LINE#         1511
  C:12D6H         LINE#         1512
  C:12DFH         LINE#         1513
  C:12F0H         LINE#         1515
  C:12F0H         LINE#         1517
  C:12FEH         LINE#         1518
  C:1302H         LINE#         1519
  C:1302H         LINE#         1520
  C:130BH         LINE#         1521
  C:1310H         LINE#         1522
  C:1315H         LINE#         1523
  C:131AH         LINE#         1524
  C:1321H         LINE#         1525
  C:1321H         LINE#         1527
  C:1324H         LINE#         1528
  C:132EH         LINE#         1529
  C:132EH         LINE#         1530
  C:1335H         LINE#         1531
  C:133AH         LINE#         1532
  C:133FH         LINE#         1533
BL51 BANKED LINKER/LOCATER V6.22.2.0                                                  03/02/2020  11:21:44  PAGE 91


  C:1344H         LINE#         1534
  C:1344H         LINE#         1535
  C:1347H         LINE#         1537
  C:1347H         LINE#         1538
  C:134EH         LINE#         1539
  C:1355H         LINE#         1540
  C:1355H         LINE#         1541
  C:1355H         LINE#         1543
  C:1355H         LINE#         1548
  C:1357H         LINE#         1555
  C:1357H         LINE#         1557
  C:1361H         LINE#         1558
  C:1361H         LINE#         1559
  C:1369H         LINE#         1560
  C:1369H         LINE#         1561
  C:136FH         LINE#         1562
  C:1370H         LINE#         1563
  C:1378H         LINE#         1564
  C:1378H         LINE#         1565
  C:137FH         LINE#         1566
  C:1393H         LINE#         1567
  C:1393H         LINE#         1568
  C:1395H         LINE#         1570
  C:1395H         LINE#         1571
  C:139CH         LINE#         1572
  C:139CH         LINE#         1573
  C:139CH         LINE#         1574
  C:139FH         LINE#         1576
  C:139FH         LINE#         1577
  C:13A8H         LINE#         1578
  C:13BCH         LINE#         1580
  C:13CFH         LINE#         1581
  C:13CFH         LINE#         1583
  C:13E8H         LINE#         1584
  C:13F5H         LINE#         1585
  C:13F5H         LINE#         1586
  C:13F5H         LINE#         1587
  C:13F5H         LINE#         1588
  C:13FDH         LINE#         1589
  C:1406H         LINE#         1590
  C:140FH         LINE#         1591
  C:1418H         LINE#         1593
  C:141AH         LINE#         1594
  C:141FH         LINE#         1595
  C:1423H         LINE#         1596
  C:143DH         LINE#         1597
  C:1443H         LINE#         1598
  C:1443H         LINE#         1599
  C:145AH         LINE#         1600
  C:145AH         LINE#         1602
  C:1467H         LINE#         1603
  C:1467H         LINE#         1604
  C:1467H         LINE#         1605
  C:1469H         LINE#         1607
  C:1469H         LINE#         1608
  C:1473H         LINE#         1609
  C:1473H         LINE#         1610
BL51 BANKED LINKER/LOCATER V6.22.2.0                                                  03/02/2020  11:21:44  PAGE 92


  C:147BH         LINE#         1611
  C:147BH         LINE#         1612
  C:1481H         LINE#         1613
  C:1482H         LINE#         1614
  C:148AH         LINE#         1615
  C:148AH         LINE#         1616
  C:1491H         LINE#         1617
  C:14A5H         LINE#         1618
  C:14A5H         LINE#         1619
  C:14A7H         LINE#         1621
  C:14A7H         LINE#         1622
  C:14AEH         LINE#         1623
  C:14AEH         LINE#         1624
  C:14AEH         LINE#         1625
  C:14B1H         LINE#         1627
  C:14B1H         LINE#         1628
  C:14BAH         LINE#         1629
  C:14CEH         LINE#         1630
  C:14DBH         LINE#         1631
  C:14DBH         LINE#         1632
  C:14DBH         LINE#         1633
  C:14DDH         LINE#         1635
  C:14DDH         LINE#         1637
  C:14E7H         LINE#         1638
  C:14E7H         LINE#         1639
  C:14EFH         LINE#         1640
  C:14EFH         LINE#         1641
  C:14F5H         LINE#         1642
  C:14F6H         LINE#         1643
  C:14FEH         LINE#         1644
  C:14FEH         LINE#         1645
  C:1505H         LINE#         1646
  C:1519H         LINE#         1647
  C:1519H         LINE#         1648
  C:151BH         LINE#         1650
  C:151BH         LINE#         1651
  C:1522H         LINE#         1652
  C:1522H         LINE#         1653
  C:1522H         LINE#         1654
  C:1525H         LINE#         1656
  C:1525H         LINE#         1657
  C:152AH         LINE#         1658
  C:1533H         LINE#         1659
  C:1547H         LINE#         1660
  C:154CH         LINE#         1661
  C:1551H         LINE#         1662
  C:1556H         LINE#         1664
  C:155FH         LINE#         1666
  C:1561H         LINE#         1668
  C:1561H         LINE#         1669
  C:1561H         LINE#         1670
  C:1563H         LINE#         1679
  C:1563H         LINE#         1681
  C:156DH         LINE#         1682
  C:156DH         LINE#         1683
  C:1575H         LINE#         1684
  C:1575H         LINE#         1686
BL51 BANKED LINKER/LOCATER V6.22.2.0                                                  03/02/2020  11:21:44  PAGE 93


  C:157BH         LINE#         1688
  C:157CH         LINE#         1689
  C:1584H         LINE#         1690
  C:1584H         LINE#         1691
  C:158BH         LINE#         1692
  C:159FH         LINE#         1693
  C:159FH         LINE#         1694
  C:15A1H         LINE#         1696
  C:15A1H         LINE#         1697
  C:15A8H         LINE#         1698
  C:15A8H         LINE#         1700
  C:15A8H         LINE#         1701
  C:15ABH         LINE#         1703
  C:15ABH         LINE#         1704
  C:15B4H         LINE#         1705
  C:15C8H         LINE#         1706
  C:15CEH         LINE#         1707
  C:15CEH         LINE#         1710
  C:15CFH         LINE#         1718
  C:15CFH         LINE#         1720
  C:15D9H         LINE#         1721
  C:15D9H         LINE#         1722
  C:15E1H         LINE#         1723
  C:15E1H         LINE#         1724
  C:15E7H         LINE#         1725
  C:15E8H         LINE#         1726
  C:15F0H         LINE#         1727
  C:15F0H         LINE#         1728
  C:15F7H         LINE#         1729
  C:160BH         LINE#         1730
  C:160BH         LINE#         1731
  C:160DH         LINE#         1733
  C:160DH         LINE#         1734
  C:1614H         LINE#         1735
  C:1614H         LINE#         1736
  C:1614H         LINE#         1737
  C:1617H         LINE#         1739
  C:1617H         LINE#         1740
  C:1620H         LINE#         1741
  C:1634H         LINE#         1743
  C:1647H         LINE#         1744
  C:1647H         LINE#         1746
  C:1660H         LINE#         1747
  C:166DH         LINE#         1748
  C:166DH         LINE#         1749
  C:166DH         LINE#         1750
  C:166DH         LINE#         1751
  C:1675H         LINE#         1752
  C:1690H         LINE#         1753
  C:1696H         LINE#         1754
  C:1696H         LINE#         1755
  C:1697H         LINE#         1761
  C:1697H         LINE#         1762
  C:169CH         LINE#         1763
  C:169CH         LINE#         1764
  C:169EH         LINE#         1767
  C:169EH         LINE#         1768
BL51 BANKED LINKER/LOCATER V6.22.2.0                                                  03/02/2020  11:21:44  PAGE 94


  C:16A8H         LINE#         1769
  C:16A8H         LINE#         1770
  C:16ADH         LINE#         1771
  C:16ADH         LINE#         1772
  C:16B3H         LINE#         1773
  C:16B4H         LINE#         1774
  C:16B4H         LINE#         1775
  C:16B6H         LINE#         1777
  C:16B6H         LINE#         1778
  C:16BCH         LINE#         1779
  C:16BCH         LINE#         1781
  C:16BDH         LINE#         1783
  C:16BDH         LINE#         1784
  C:16C2H         LINE#         1785
  C:16C8H         LINE#         1787
  C:16C8H         LINE#         1788
  C:16D2H         LINE#         1789
  C:16D2H         LINE#         1790
  C:16D7H         LINE#         1791
  C:16D7H         LINE#         1792
  C:16DDH         LINE#         1793
  C:16DEH         LINE#         1794
  C:16DEH         LINE#         1795
  C:16E0H         LINE#         1797
  C:16E0H         LINE#         1798
  C:16E0H         LINE#         1799
  C:16E0H         LINE#         1801
  C:16E2H         LINE#         1807
  C:16E2H         LINE#         1808
  C:16E7H         LINE#         1809
  C:16E7H         LINE#         1811
  C:16E7H         LINE#         1812
  -------         ENDPROC       SECUENCIAEXPEDIDOR
  -------         ENDMOD        VERIFICADOR

  -------         MODULE        ?C?FPADD
  C:002DH         PUBLIC        ?C?FPADD
  C:0029H         PUBLIC        ?C?FPSUB
  -------         ENDMOD        ?C?FPADD

  -------         MODULE        ?C?FPMUL
  C:011EH         PUBLIC        ?C?FPMUL
  -------         ENDMOD        ?C?FPMUL

  -------         MODULE        ?C?FCAST
  C:022EH         PUBLIC        ?C?FCASTC
  C:0229H         PUBLIC        ?C?FCASTI
  C:0224H         PUBLIC        ?C?FCASTL
  -------         ENDMOD        ?C?FCAST

  -------         MODULE        ?C?CASTF
  C:0262H         PUBLIC        ?C?CASTF
  -------         ENDMOD        ?C?CASTF

  -------         MODULE        PRINTF
  X:008DH         PUBLIC        ?_PRINTF?BYTE
  X:008DH         PUBLIC        ?_SPRINTF?BYTE
BL51 BANKED LINKER/LOCATER V6.22.2.0                                                  03/02/2020  11:21:44  PAGE 95


  C:29E7H         PUBLIC        _PRINTF
  C:29E1H         PUBLIC        _SPRINTF
  -------         ENDMOD        PRINTF

  -------         MODULE        POW
  X:003CH         PUBLIC        ?_pow?BYTE
  C:47BBH         PUBLIC        _pow
  -------         ENDMOD        POW

  -------         MODULE        ?C?CHKFLOAT
  C:02E3H         PUBLIC        ?C?CHKFLOAT
  -------         ENDMOD        ?C?CHKFLOAT

  -------         MODULE        ?C?FPCMP
  C:02FFH         PUBLIC        ?C?FPCMP
  C:02FDH         PUBLIC        ?C?FPCMP3
  -------         ENDMOD        ?C?FPCMP

  -------         MODULE        ?C?FPNEG
  C:0376H         PUBLIC        ?C?FPNEG
  -------         ENDMOD        ?C?FPNEG

  -------         MODULE        ?C?FPROUND
  C:0387H         PUBLIC        ?C?FPROUND
  -------         ENDMOD        ?C?FPROUND

  -------         MODULE        ?C?FPCONVERT
  C:03C4H         PUBLIC        ?C?FPCONVERT
  -------         ENDMOD        ?C?FPCONVERT

  -------         MODULE        EXP
  C:6543H         PUBLIC        _EXP
  -------         ENDMOD        EXP

  -------         MODULE        LOG
  C:4E76H         PUBLIC        _LOG
  C:4E72H         PUBLIC        _LOG10
  -------         ENDMOD        LOG

  -------         MODULE        ?C?FPDIV
  C:04CCH         PUBLIC        ?C?FPDIV
  -------         ENDMOD        ?C?FPDIV

  -------         MODULE        ?C?FTNPWR
  C:0599H         PUBLIC        ?C?FTNPWR
  -------         ENDMOD        ?C?FTNPWR

  -------         MODULE        ?C?COPY
  C:06F6H         PUBLIC        ?C?COPY
  -------         ENDMOD        ?C?COPY

  -------         MODULE        ?C?CLDPTR
  C:071CH         PUBLIC        ?C?CLDPTR
  -------         ENDMOD        ?C?CLDPTR

  -------         MODULE        ?C?CLDOPTR
  C:0735H         PUBLIC        ?C?CLDOPTR
BL51 BANKED LINKER/LOCATER V6.22.2.0                                                  03/02/2020  11:21:44  PAGE 96


  -------         ENDMOD        ?C?CLDOPTR

  -------         MODULE        ?C?CSTPTR
  C:0762H         PUBLIC        ?C?CSTPTR
  -------         ENDMOD        ?C?CSTPTR

  -------         MODULE        ?C?CSTOPTR
  C:0774H         PUBLIC        ?C?CSTOPTR
  -------         ENDMOD        ?C?CSTOPTR

  -------         MODULE        ?C?UIDIV
  C:0796H         PUBLIC        ?C?UIDIV
  -------         ENDMOD        ?C?UIDIV

  -------         MODULE        ?C?IILDX
  C:07EBH         PUBLIC        ?C?IILDX
  -------         ENDMOD        ?C?IILDX

  -------         MODULE        ?C?LNEG
  C:0801H         PUBLIC        ?C?LNEG
  -------         ENDMOD        ?C?LNEG

  -------         MODULE        ?C?ULSHR
  C:080FH         PUBLIC        ?C?ULSHR
  -------         ENDMOD        ?C?ULSHR

  -------         MODULE        ?C?LSHL
  C:0822H         PUBLIC        ?C?LSHL
  -------         ENDMOD        ?C?LSHL

  -------         MODULE        ?C?LLDCODE
  C:0835H         PUBLIC        ?C?LLDCODE
  -------         ENDMOD        ?C?LLDCODE

  -------         MODULE        ?C?LLDXDATA0
  C:0845H         PUBLIC        ?C?LLDXDATA0
  -------         ENDMOD        ?C?LLDXDATA0

  -------         MODULE        ?C?LLDCODE0
  C:0851H         PUBLIC        ?C?LLDCODE0
  -------         ENDMOD        ?C?LLDCODE0

  -------         MODULE        ?C?LSTXDATA
  C:0861H         PUBLIC        ?C?LSTXDATA
  -------         ENDMOD        ?C?LSTXDATA

  -------         MODULE        ?C?LSTKXDATA
  C:086DH         PUBLIC        ?C?LSTKXDATA
  -------         ENDMOD        ?C?LSTKXDATA

  -------         MODULE        ?C?PLDIXDATA
  C:089EH         PUBLIC        ?C?PLDIXDATA
  -------         ENDMOD        ?C?PLDIXDATA

  -------         MODULE        ?C?PSTXDATA
  C:08B5H         PUBLIC        ?C?PSTXDATA
  -------         ENDMOD        ?C?PSTXDATA
BL51 BANKED LINKER/LOCATER V6.22.2.0                                                  03/02/2020  11:21:44  PAGE 97



  -------         MODULE        ?C?CCASE
  C:08BEH         PUBLIC        ?C?CCASE
  -------         ENDMOD        ?C?CCASE

  -------         MODULE        STRCAT
  X:007DH         PUBLIC        ?_strcat?BYTE
  C:711EH         PUBLIC        _strcat
  -------         ENDMOD        STRCAT

  -------         MODULE        ?C?STRCMP
  C:0A62H         PUBLIC        ?C?STRCMP
  -------         ENDMOD        ?C?STRCMP

  -------         MODULE        ?C?STRCPY
  C:0B4BH         PUBLIC        ?C?STRCPY
  -------         ENDMOD        ?C?STRCPY

  -------         MODULE        STRLEN
  C:000EH         PUBLIC        _STRLEN
  -------         ENDMOD        STRLEN

  -------         MODULE        STRTOK
  X:0088H         PUBLIC        ?_strtok?BYTE
  C:5962H         PUBLIC        _strtok
  -------         ENDMOD        STRTOK

  -------         MODULE        ATOL
  C:5190H         PUBLIC        _atol
  -------         ENDMOD        ATOL

  -------         MODULE        ATOI
  C:5A46H         PUBLIC        _atoi
  -------         ENDMOD        ATOI

  -------         MODULE        ?C?IMUL
  C:0B68H         PUBLIC        ?C?IMUL
  -------         ENDMOD        ?C?IMUL

  -------         MODULE        ?C?ILDIX
  C:0B7AH         PUBLIC        ?C?ILDIX
  -------         ENDMOD        ?C?ILDIX

  -------         MODULE        ?C?LMUL
  C:0B90H         PUBLIC        ?C?LMUL
  -------         ENDMOD        ?C?LMUL

  -------         MODULE        ISDIGIT
  C:7B7EH         PUBLIC        _isdigit
  -------         ENDMOD        ISDIGIT

  -------         MODULE        ISSPACE
  C:7ADEH         PUBLIC        _isspace
  -------         ENDMOD        ISSPACE

  -------         MODULE        STRSPN
  X:008EH         PUBLIC        ?_strspn?BYTE
BL51 BANKED LINKER/LOCATER V6.22.2.0                                                  03/02/2020  11:21:44  PAGE 98


  C:6BC4H         PUBLIC        _strspn
  -------         ENDMOD        STRSPN

  -------         MODULE        STRPBRK
  X:008EH         PUBLIC        ?_strpbrk?BYTE
  C:6D4DH         PUBLIC        _strpbrk
  -------         ENDMOD        STRPBRK

Program Size: data=119.4 xdata=455 code=31744
LINK/LOCATE RUN COMPLETE.  0 WARNING(S),  0 ERROR(S)
